==== generated deck (sf_27c_2.97v) ====
* GENERATED by simenv.sh -- do not edit; edit /Users/rwalters/GitHub/gf180-pll/.loom/worktrees/issue-4/sim/devchar-delay/testbench/tb_delay_stage.sp instead
* tag=sf_T27_V2p97 libs=sf temp=27C
.include "/Users/rwalters/.volare/gf180mcuD/libs.tech/ngspice/design.ngspice"
.lib "/Users/rwalters/.volare/gf180mcuD/libs.tech/ngspice/sm141064.ngspice" sf
.temp 27
.param sim_temp=27
.param vsup=2.97
.include "/Users/rwalters/GitHub/gf180-pll/.loom/worktrees/issue-4/sim/devchar-delay/testbench/tb_delay_stage.sp"
.end

==== ngspice output ====

Note: Compatibility modes selected: hs a

Warning: m=xx on .subckt line will override multiplier m hierarchy!


Circuit: * generated by simenv.sh -- do not edit; edit /users/rwalters/github/gf180-pll/.loom/worktrees/issue-4/sim/devchar-delay/testbench/tb_delay_stage.sp instead

Doing analysis at TEMP = 27.000000 and TNOM = 27.000000

Using SPARSE 1.3 as Direct Linear Solver
Operating point simulation skipped by 'uic',
  now using transient initial conditions.

No. of Data Rows : 30108

  Measurements for Transient Analysis

r1_t0               =   5.13258e-10
r1_t1               =   4.39779e-09
r1_period           =  4.85566e-10
r1_fosc             =  2.05945e+09
r1_tstage           =  4.85566e-11
r1_iavg             =  -3.00756e-04 from=  1.50000e-08 to=  2.30005e-08
r4_t0               =   5.04201e-10
r4_t1               =   4.31845e-09
r4_period           =  4.76781e-10
r4_fosc             =  2.09740e+09
r4_tstage           =  4.76781e-11
r4_iavg             =  -1.20532e-03 from=  1.50000e-08 to=  2.30005e-08
ch_tphl             =  5.45764e-11 targ=  3.15133e-09 trig=  3.09675e-09
ch_tplh             =  4.26624e-11 targ=  1.31586e-08 trig=  1.31160e-08
ch_tpd              =  4.86194e-11
ch_tf               =  7.52115e-11 targ=  3.19692e-09 trig=  3.12170e-09
ch_tr               =  6.62321e-11 targ=  1.31994e-08 trig=  1.31331e-08
dc_idn              =  -3.94339e-04 from=  2.00000e-08 to=  2.30005e-08
dc_idp              =  5.74294e-04 from=  2.00000e-08 to=  2.30005e-08
cs_lo_t0            =   4.71508e-09
cs_lo_t1            =   5.99455e-08
cs_lo_fosc          =  7.24239e+07
cs_lo_tstage        =  1.38076e-09
cs_lo_iavg          =  -3.87329e-05 from=  1.20000e-07 to=  1.50000e-07
cs_md_t0            =   1.34402e-09
cs_md_t1            =   1.06717e-08
cs_md_fosc          =  4.28832e+08
cs_md_tstage        =  2.33192e-10
cs_md_iavg          =  -1.79346e-04 from=  1.20000e-07 to=  1.50000e-07
cs_hi_t0            =   4.17134e-10
cs_hi_t1            =   3.92004e-09
cs_hi_fosc          =  1.14191e+09
cs_hi_tstage        =  8.75727e-11
cs_hi_iavg          =  -6.67313e-04 from=  1.20000e-07 to=  1.50000e-07


Total analysis time (seconds) = 80.622

Total elapsed time (seconds) = 82.107 

Total DRAM available = 98304.000 MB.
DRAM currently available = 2352.375 MB.
Maximum ngspice program size =   22.109 MB.
Current ngspice program size =   22.109 MB.

