==== generated deck (ss_125c_3.63v) ====
* GENERATED by simenv.sh -- do not edit; edit /Users/rwalters/GitHub/gf180-pll/.loom/worktrees/issue-4/sim/devchar-delay/testbench/tb_delay_stage.sp instead
* tag=ss_T125_V3p63 libs=ss temp=125C
.include "/Users/rwalters/.volare/gf180mcuD/libs.tech/ngspice/design.ngspice"
.lib "/Users/rwalters/.volare/gf180mcuD/libs.tech/ngspice/sm141064.ngspice" ss
.temp 125
.param sim_temp=125
.param vsup=3.63
.include "/Users/rwalters/GitHub/gf180-pll/.loom/worktrees/issue-4/sim/devchar-delay/testbench/tb_delay_stage.sp"
.end

==== ngspice output ====

Note: Compatibility modes selected: hs a

Warning: m=xx on .subckt line will override multiplier m hierarchy!


Circuit: * generated by simenv.sh -- do not edit; edit /users/rwalters/github/gf180-pll/.loom/worktrees/issue-4/sim/devchar-delay/testbench/tb_delay_stage.sp instead

Doing analysis at TEMP = 125.000000 and TNOM = 27.000000

Using SPARSE 1.3 as Direct Linear Solver
Operating point simulation skipped by 'uic',
  now using transient initial conditions.

No. of Data Rows : 30109

  Measurements for Transient Analysis

r1_t0               =   6.20994e-10
r1_t1               =   5.30928e-09
r1_period           =  5.86035e-10
r1_fosc             =  1.70638e+09
r1_tstage           =  5.86035e-11
r1_iavg             =  -3.20574e-04 from=  1.50000e-08 to=  2.30005e-08
r4_t0               =   6.13831e-10
r4_t1               =   5.24602e-09
r4_period           =  5.79023e-10
r4_fosc             =  1.72705e+09
r4_tstage           =  5.79023e-11
r4_iavg             =  -1.28045e-03 from=  1.50000e-08 to=  2.30005e-08
ch_tphl             =  6.20450e-11 targ=  3.17699e-09 trig=  3.11494e-09
ch_tplh             =  5.53547e-11 targ=  1.31880e-08 trig=  1.31327e-08
ch_tpd              =  5.86999e-11
ch_tf               =  9.03145e-11 targ=  3.23212e-09 trig=  3.14180e-09
ch_tr               =  8.80921e-11 targ=  1.32435e-08 trig=  1.31554e-08
dc_idn              =  -4.36136e-04 from=  2.00000e-08 to=  2.30005e-08
dc_idp              =  5.53148e-04 from=  2.00000e-08 to=  2.30005e-08
cs_lo_t0            =   5.38851e-09
cs_lo_t1            =   8.00279e-08
cs_lo_fosc          =  5.35910e+07
cs_lo_tstage        =  1.86598e-09
cs_lo_iavg          =  -3.98183e-05 from=  1.20000e-07 to=  1.50000e-07
cs_md_t0            =   1.59434e-09
cs_md_t1            =   1.37468e-08
cs_md_fosc          =  3.29150e+08
cs_md_tstage        =  3.03812e-10
cs_md_iavg          =  -1.83416e-04 from=  1.20000e-07 to=  1.50000e-07
cs_hi_t0            =   5.21747e-10
cs_hi_t1            =   4.76709e-09
cs_hi_fosc          =  9.42209e+08
cs_hi_tstage        =  1.06134e-10
cs_hi_iavg          =  -6.78886e-04 from=  1.20000e-07 to=  1.50000e-07


Total analysis time (seconds) = 115.818

Total elapsed time (seconds) = 117.394 

Total DRAM available = 98304.000 MB.
DRAM currently available = 6788.891 MB.
Maximum ngspice program size =   22.125 MB.
Current ngspice program size =   22.125 MB.

