
Note: Compatibility modes selected: hs a


Circuit: * divider-ratio-dff @ ff_125c_2.97v -- generated by sim/harness, do not edit

Doing analysis at TEMP = 125.000000 and TNOM = 27.000000

Using SPARSE 1.3 as Direct Linear Solver

Initial Transient Solution
--------------------------

Node                                   Voltage
----                                   -------
vdd                                       2.97
ck                                           0
da0                                          0
da1                                          0
da2                                          0
da3                                          0
da4                                          0
da5                                          0
da6                                          0
da7                                          0
da8                                          0
da9                                          0
xa0.ckb                                   2.97
xa0.ckbb                           4.85698e-07
xa0.nm                             1.24728e-08
xa0.nma                                   2.97
xa0.nmb                            4.92004e-07
xa0.ns                                 1.46601
qa0                                    1.46602
na0                                    1.46601
xa1.ckb                                   2.97
xa1.ckbb                           4.85698e-07
xa1.nm                             1.24728e-08
xa1.nma                                   2.97
xa1.nmb                            4.92004e-07
xa1.ns                                 1.46601
qa1                                    1.46602
na1                                    1.46601
xa2.ckb                                   2.97
xa2.ckbb                           4.85698e-07
xa2.nm                             1.24728e-08
xa2.nma                                   2.97
xa2.nmb                            4.92004e-07
xa2.ns                                 1.46601
qa2                                    1.46602
na2                                    1.46601
xa3.ckb                                   2.97
xa3.ckbb                           4.85698e-07
xa3.nm                             1.24728e-08
xa3.nma                                   2.97
xa3.nmb                            4.92004e-07
xa3.ns                                 1.46601
qa3                                    1.46602
na3                                    1.46601
xa4.ckb                                   2.97
xa4.ckbb                           4.85698e-07
xa4.nm                             1.24728e-08
xa4.nma                                   2.97
xa4.nmb                            4.92004e-07
xa4.ns                                 1.46601
qa4                                    1.46602
na4                                    1.46601
xa5.ckb                                   2.97
xa5.ckbb                           4.85698e-07
xa5.nm                             1.24728e-08
xa5.nma                                   2.97
xa5.nmb                            4.92004e-07
xa5.ns                                 1.46601
qa5                                    1.46602
na5                                    1.46601
xa6.ckb                                   2.97
xa6.ckbb                           4.85698e-07
xa6.nm                             1.24728e-08
xa6.nma                                   2.97
xa6.nmb                            4.92004e-07
xa6.ns                                 1.46601
qa6                                    1.46602
na6                                    1.46601
xa7.ckb                                   2.97
xa7.ckbb                           4.85698e-07
xa7.nm                             1.24728e-08
xa7.nma                                   2.97
xa7.nmb                            4.92004e-07
xa7.ns                                 1.46601
qa7                                    1.46602
na7                                    1.46601
xa8.ckb                                   2.97
xa8.ckbb                           4.85698e-07
xa8.nm                             1.24728e-08
xa8.nma                                   2.97
xa8.nmb                            4.92004e-07
xa8.ns                                 1.46601
qa8                                    1.46602
na8                                    1.46601
xa9.ckb                                   2.97
xa9.ckbb                           4.85698e-07
xa9.nm                             1.24728e-08
xa9.nma                                   2.97
xa9.nmb                            4.92004e-07
xa9.ns                                 1.46601
qa9                                    1.46602
na9                                    1.46601
db0                                       2.97
db1                                       2.97
db2                                       2.97
db3                                       2.97
db4                                       2.97
db5                                       2.97
db6                                       2.97
db7                                       2.97
db8                                       2.97
db9                                       2.97
xb0.ckb                                   2.97
xb0.ckbb                           4.85698e-07
xb0.nm                                    2.97
xb0.nma                            3.65024e-06
xb0.nmb                                   2.97
xb0.ns                                 2.96999
qb0                                4.85765e-07
nb0                                    2.96999
xb1.ckb                                   2.97
xb1.ckbb                           4.85698e-07
xb1.nm                                    2.97
xb1.nma                            3.65024e-06
xb1.nmb                                   2.97
xb1.ns                                 2.96999
qb1                                4.85765e-07
nb1                                    2.96999
xb2.ckb                                   2.97
xb2.ckbb                           4.85698e-07
xb2.nm                                    2.97
xb2.nma                            3.65024e-06
xb2.nmb                                   2.97
xb2.ns                                 2.96999
qb2                                4.85765e-07
nb2                                    2.96999
xb3.ckb                                   2.97
xb3.ckbb                           4.85698e-07
xb3.nm                                    2.97
xb3.nma                            3.65024e-06
xb3.nmb                                   2.97
xb3.ns                                 2.96999
qb3                                4.85765e-07
nb3                                    2.96999
xb4.ckb                                   2.97
xb4.ckbb                           4.85698e-07
xb4.nm                                    2.97
xb4.nma                            3.65024e-06
xb4.nmb                                   2.97
xb4.ns                                 2.96999
qb4                                4.85765e-07
nb4                                    2.96999
xb5.ckb                                   2.97
xb5.ckbb                           4.85698e-07
xb5.nm                                    2.97
xb5.nma                            3.65024e-06
xb5.nmb                                   2.97
xb5.ns                                 2.96999
qb5                                4.85765e-07
nb5                                    2.96999
xb6.ckb                                   2.97
xb6.ckbb                           4.85698e-07
xb6.nm                                    2.97
xb6.nma                            3.65024e-06
xb6.nmb                                   2.97
xb6.ns                                 2.96999
qb6                                4.85765e-07
nb6                                    2.96999
xb7.ckb                                   2.97
xb7.ckbb                           4.85698e-07
xb7.nm                                    2.97
xb7.nma                            3.65024e-06
xb7.nmb                                   2.97
xb7.ns                                 2.96999
qb7                                4.85765e-07
nb7                                    2.96999
xb8.ckb                                   2.97
xb8.ckbb                           4.85698e-07
xb8.nm                                    2.97
xb8.nma                            3.65024e-06
xb8.nmb                                   2.97
xb8.ns                                 2.96999
qb8                                4.85765e-07
nb8                                    2.96999
xb9.ckb                                   2.97
xb9.ckbb                           4.85698e-07
xb9.nm                                    2.97
xb9.nma                            3.65024e-06
xb9.nmb                                   2.97
xb9.ns                                 2.96999
qb9                                4.85765e-07
nb9                                    2.96999
dc0                                          0
dc1                                          0
dc2                                          0
dc3                                          0
dc4                                          0
dc5                                          0
dc6                                          0
dc7                                          0
dc8                                          0
dc9                                          0
xc0.ckb                                   2.97
xc0.ckbb                           4.85698e-07
xc0.nm                             1.24728e-08
xc0.nma                                   2.97
xc0.nmb                            4.92004e-07
xc0.ns                                 1.46601
qc0                                    1.46602
nc0                                    1.46601
xc1.ckb                                   2.97
xc1.ckbb                           4.85698e-07
xc1.nm                             1.24728e-08
xc1.nma                                   2.97
xc1.nmb                            4.92004e-07
xc1.ns                                 1.46601
qc1                                    1.46602
nc1                                    1.46601
xc2.ckb                                   2.97
xc2.ckbb                           4.85698e-07
xc2.nm                             1.24728e-08
xc2.nma                                   2.97
xc2.nmb                            4.92004e-07
xc2.ns                                 1.46601
qc2                                    1.46602
nc2                                    1.46601
xc3.ckb                                   2.97
xc3.ckbb                           4.85698e-07
xc3.nm                             1.24728e-08
xc3.nma                                   2.97
xc3.nmb                            4.92004e-07
xc3.ns                                 1.46601
qc3                                    1.46602
nc3                                    1.46601
xc4.ckb                                   2.97
xc4.ckbb                           4.85698e-07
xc4.nm                             1.24728e-08
xc4.nma                                   2.97
xc4.nmb                            4.92004e-07
xc4.ns                                 1.46601
qc4                                    1.46602
nc4                                    1.46601
xc5.ckb                                   2.97
xc5.ckbb                           4.85698e-07
xc5.nm                             1.24728e-08
xc5.nma                                   2.97
xc5.nmb                            4.92004e-07
xc5.ns                                 1.46601
qc5                                    1.46602
nc5                                    1.46601
xc6.ckb                                   2.97
xc6.ckbb                           4.85698e-07
xc6.nm                             1.24728e-08
xc6.nma                                   2.97
xc6.nmb                            4.92004e-07
xc6.ns                                 1.46601
qc6                                    1.46602
nc6                                    1.46601
xc7.ckb                                   2.97
xc7.ckbb                           4.85698e-07
xc7.nm                             1.24728e-08
xc7.nma                                   2.97
xc7.nmb                            4.92004e-07
xc7.ns                                 1.46601
qc7                                    1.46602
nc7                                    1.46601
xc8.ckb                                   2.97
xc8.ckbb                           4.85698e-07
xc8.nm                             1.24728e-08
xc8.nma                                   2.97
xc8.nmb                            4.92004e-07
xc8.ns                                 1.46601
qc8                                    1.46602
nc8                                    1.46601
xc9.ckb                                   2.97
xc9.ckbb                           4.85698e-07
xc9.nm                             1.24728e-08
xc9.nma                                   2.97
xc9.nmb                            4.92004e-07
xc9.ns                                 1.46601
qc9                                    1.46602
nc9                                    1.46601
vc9#branch                         9.62632e-12
vc8#branch                         9.62632e-12
vc7#branch                         9.62632e-12
vc6#branch                         9.62632e-12
vc5#branch                         9.62632e-12
vc4#branch                         9.62632e-12
vc3#branch                         9.62632e-12
vc2#branch                         9.62632e-12
vc1#branch                         9.62632e-12
vc0#branch                         9.62632e-12
vb9#branch                         -9.1808e-12
vb8#branch                         -9.1808e-12
vb7#branch                         -9.1808e-12
vb6#branch                         -9.1808e-12
vb5#branch                        -9.18168e-12
vb4#branch                        -9.18168e-12
vb3#branch                        -9.18168e-12
vb2#branch                        -9.18118e-12
vb1#branch                        -9.18118e-12
vb0#branch                        -9.18118e-12
va9#branch                         9.62632e-12
va8#branch                         9.62632e-12
va7#branch                         9.62632e-12
va6#branch                         9.62632e-12
va5#branch                         9.62632e-12
va4#branch                         9.62632e-12
va3#branch                         9.62632e-12
va2#branch                         9.62632e-12
va1#branch                         9.62632e-12
va0#branch                         9.62632e-12
vck#branch                                   0
vdd#branch                         -0.00533287

 Reference value :  0.00000e+00
 Reference value :  3.72800e-10
 Reference value :  8.32800e-10
 Reference value :  1.27280e-09
 Reference value :  1.65280e-09
 Reference value :  2.10280e-09
 Reference value :  2.55280e-09
 Reference value :  2.98280e-09
 Reference value :  3.43280e-09
 Reference value :  3.87280e-09
 Reference value :  4.32280e-09
 Reference value :  4.78280e-09
 Reference value :  5.13500e-09
 Reference value :  5.47500e-09
 Reference value :  5.93500e-09
 Reference value :  6.38500e-09
 Reference value :  6.85500e-09
 Reference value :  7.32500e-09
 Reference value :  7.78500e-09
 Reference value :  8.23500e-09
 Reference value :  8.70500e-09
 Reference value :  9.15500e-09
 Reference value :  9.61500e-09
 Reference value :  1.00750e-08
 Reference value :  1.05350e-08
 Reference value :  1.09950e-08
 Reference value :  1.14650e-08
 Reference value :  1.19250e-08
 Reference value :  1.23850e-08
 Reference value :  1.28350e-08
 Reference value :  1.32850e-08
 Reference value :  1.37550e-08
 Reference value :  1.42050e-08
 Reference value :  1.46550e-08
 Reference value :  1.50030e-08
 Reference value :  1.53650e-08
 Reference value :  1.58450e-08
 Reference value :  1.62950e-08
 Reference value :  1.67450e-08
 Reference value :  1.71950e-08
 Reference value :  1.76350e-08
 Reference value :  1.81050e-08
 Reference value :  1.85550e-08
 Reference value :  1.89950e-08
 Reference value :  1.94550e-08
 Reference value :  1.99250e-08
 Reference value :  2.03850e-08
 Reference value :  2.08550e-08
 Reference value :  2.13050e-08
 Reference value :  2.17750e-08
 Reference value :  2.22350e-08
 Reference value :  2.26850e-08
 Reference value :  2.31550e-08
 Reference value :  2.37950e-08
 Reference value :  2.41950e-08
 Reference value :  2.44850e-08
 Reference value :  2.47250e-08
 Reference value :  2.49650e-08
 Reference value :  2.51230e-08
 Reference value :  2.53250e-08
 Reference value :  2.56350e-08
 Reference value :  2.60650e-08
 Reference value :  2.65150e-08
 Reference value :  2.69850e-08
 Reference value :  2.74250e-08
 Reference value :  2.78850e-08
 Reference value :  2.83350e-08
 Reference value :  2.87950e-08
 Reference value :  2.92550e-08
 Reference value :  2.97250e-08
 Reference value :  3.01850e-08
 Reference value :  3.06450e-08
 Reference value :  3.11050e-08
 Reference value :  3.15750e-08
 Reference value :  3.20350e-08
 Reference value :  3.24950e-08
 Reference value :  3.29650e-08
 Reference value :  3.34250e-08
 Reference value :  3.39050e-08
 Reference value :  3.42650e-08
 Reference value :  3.46150e-08
 Reference value :  3.49450e-08
No. of Data Rows : 3613

  Measurements for Transient Analysis

cqa0                =  2.48486e-10 targ=  2.52985e-08 trig=  2.50500e-08
cqa1                =  2.48659e-10 targ=  2.52987e-08 trig=  2.50500e-08
cqa2                =  2.49693e-10 targ=  2.52997e-08 trig=  2.50500e-08
cqa3                =  2.52266e-10 targ=  2.53023e-08 trig=  2.50500e-08
cqa4                =  2.60358e-10 targ=  2.53104e-08 trig=  2.50500e-08
cqa5                =  2.81388e-10 targ=  2.53314e-08 trig=  2.50500e-08
cqb0                =  2.14974e-10 targ=  2.52650e-08 trig=  2.50500e-08
cqb1                =  2.14771e-10 targ=  2.52648e-08 trig=  2.50500e-08
cqb2                =  2.15955e-10 targ=  2.52660e-08 trig=  2.50500e-08
cqb3                =  2.23056e-10 targ=  2.52731e-08 trig=  2.50500e-08
cqb4                =  2.46312e-10 targ=  2.52963e-08 trig=  2.50500e-08
hqc0                =  4.85701e-07 from=  2.70500e-08 to=  3.40550e-08
hqc1                =  4.85699e-07 from=  2.70500e-08 to=  3.40550e-08
hqc2                =  4.85699e-07 from=  2.70500e-08 to=  3.40550e-08
hqc3                =  2.97000e+00 from=  2.70500e-08 to=  3.40550e-08
hqc4                =  2.97000e+00 from=  2.70500e-08 to=  3.40550e-08
hqc5                =  2.97000e+00 from=  2.70500e-08 to=  3.40550e-08
hqc6                =  2.97000e+00 from=  2.70500e-08 to=  3.40550e-08
hqc7                =  2.97000e+00 from=  2.70500e-08 to=  3.40550e-08
hqc8                =  2.97000e+00 from=  2.70500e-08 to=  3.40550e-08
hqc9                =  2.97000e+00 from=  2.70500e-08 to=  3.40550e-08

Doing analysis at TEMP = 125.000000 and TNOM = 27.000000

Using SPARSE 1.3 as Direct Linear Solver

  Measurements for Transient Analysis

cqa0                =  2.48486e-10 targ=  2.52985e-08 trig=  2.50500e-08
cqa1                =  2.48659e-10 targ=  2.52987e-08 trig=  2.50500e-08
cqa2                =  2.49693e-10 targ=  2.52997e-08 trig=  2.50500e-08
cqa3                =  2.52266e-10 targ=  2.53023e-08 trig=  2.50500e-08
cqa4                =  2.60358e-10 targ=  2.53104e-08 trig=  2.50500e-08
cqa5                =  2.81388e-10 targ=  2.53314e-08 trig=  2.50500e-08
cqb0                =  2.14974e-10 targ=  2.52650e-08 trig=  2.50500e-08
cqb1                =  2.14771e-10 targ=  2.52648e-08 trig=  2.50500e-08
cqb2                =  2.15955e-10 targ=  2.52660e-08 trig=  2.50500e-08
cqb3                =  2.23056e-10 targ=  2.52731e-08 trig=  2.50500e-08
cqb4                =  2.46312e-10 targ=  2.52963e-08 trig=  2.50500e-08
hqc0                =  4.85701e-07 from=  2.70500e-08 to=  3.40550e-08
hqc1                =  4.85699e-07 from=  2.70500e-08 to=  3.40550e-08
hqc2                =  4.85699e-07 from=  2.70500e-08 to=  3.40550e-08
hqc3                =  2.97000e+00 from=  2.70500e-08 to=  3.40550e-08
hqc4                =  2.97000e+00 from=  2.70500e-08 to=  3.40550e-08
hqc5                =  2.97000e+00 from=  2.70500e-08 to=  3.40550e-08
hqc6                =  2.97000e+00 from=  2.70500e-08 to=  3.40550e-08
hqc7                =  2.97000e+00 from=  2.70500e-08 to=  3.40550e-08
hqc8                =  2.97000e+00 from=  2.70500e-08 to=  3.40550e-08
hqc9                =  2.97000e+00 from=  2.70500e-08 to=  3.40550e-08


Total analysis time (seconds) = 173.572

Total elapsed time (seconds) = 181.864 

Total DRAM available = 98304.000 MB.
DRAM currently available = 7982.219 MB.
Maximum ngspice program size =   34.812 MB.
Current ngspice program size =   34.812 MB.


Warning: m=xx on .subckt line will override multiplier m hierarchy!


Error: measure  cqa6  trig(TARG) : out of interval
 .measure tran cqa6 trig v(ck) val=    1.485000000000000e+00     rise=2 targ v(qa6) val=    1.485000000000000e+00     rise=1 td=20n failed!


Error: measure  cqa7  trig(TARG) : out of interval
 .measure tran cqa7 trig v(ck) val=    1.485000000000000e+00     rise=2 targ v(qa7) val=    1.485000000000000e+00     rise=1 td=20n failed!


Error: measure  cqa8  trig(TARG) : out of interval
 .measure tran cqa8 trig v(ck) val=    1.485000000000000e+00     rise=2 targ v(qa8) val=    1.485000000000000e+00     rise=1 td=20n failed!


Error: measure  cqa9  trig(TARG) : out of interval
 .measure tran cqa9 trig v(ck) val=    1.485000000000000e+00     rise=2 targ v(qa9) val=    1.485000000000000e+00     rise=1 td=20n failed!


Error: measure  cqb5  trig(TARG) : out of interval
 .measure tran cqb5 trig v(ck) val=    1.485000000000000e+00     rise=2 targ v(qb5) val=    1.485000000000000e+00     fall=1 td=20n failed!


Error: measure  cqb6  trig(TARG) : out of interval
 .measure tran cqb6 trig v(ck) val=    1.485000000000000e+00     rise=2 targ v(qb6) val=    1.485000000000000e+00     fall=1 td=20n failed!


Error: measure  cqb7  trig(TARG) : out of interval
 .measure tran cqb7 trig v(ck) val=    1.485000000000000e+00     rise=2 targ v(qb7) val=    1.485000000000000e+00     fall=1 td=20n failed!


Error: measure  cqb8  trig(TARG) : out of interval
 .measure tran cqb8 trig v(ck) val=    1.485000000000000e+00     rise=2 targ v(qb8) val=    1.485000000000000e+00     fall=1 td=20n failed!


Error: measure  cqb9  trig(TARG) : out of interval
 .measure tran cqb9 trig v(ck) val=    1.485000000000000e+00     rise=2 targ v(qb9) val=    1.485000000000000e+00     fall=1 td=20n failed!


Error: measure  cqa6  trig(TARG) : out of interval
 .measure tran cqa6 trig v(ck) val=    1.485000000000000e+00     rise=2 targ v(qa6) val=    1.485000000000000e+00     rise=1 td=20n failed!


Error: measure  cqa7  trig(TARG) : out of interval
 .measure tran cqa7 trig v(ck) val=    1.485000000000000e+00     rise=2 targ v(qa7) val=    1.485000000000000e+00     rise=1 td=20n failed!


Error: measure  cqa8  trig(TARG) : out of interval
 .measure tran cqa8 trig v(ck) val=    1.485000000000000e+00     rise=2 targ v(qa8) val=    1.485000000000000e+00     rise=1 td=20n failed!


Error: measure  cqa9  trig(TARG) : out of interval
 .measure tran cqa9 trig v(ck) val=    1.485000000000000e+00     rise=2 targ v(qa9) val=    1.485000000000000e+00     rise=1 td=20n failed!


Error: measure  cqb5  trig(TARG) : out of interval
 .measure tran cqb5 trig v(ck) val=    1.485000000000000e+00     rise=2 targ v(qb5) val=    1.485000000000000e+00     fall=1 td=20n failed!


Error: measure  cqb6  trig(TARG) : out of interval
 .measure tran cqb6 trig v(ck) val=    1.485000000000000e+00     rise=2 targ v(qb6) val=    1.485000000000000e+00     fall=1 td=20n failed!


Error: measure  cqb7  trig(TARG) : out of interval
 .measure tran cqb7 trig v(ck) val=    1.485000000000000e+00     rise=2 targ v(qb7) val=    1.485000000000000e+00     fall=1 td=20n failed!


Error: measure  cqb8  trig(TARG) : out of interval
 .measure tran cqb8 trig v(ck) val=    1.485000000000000e+00     rise=2 targ v(qb8) val=    1.485000000000000e+00     fall=1 td=20n failed!


Error: measure  cqb9  trig(TARG) : out of interval
 .measure tran cqb9 trig v(ck) val=    1.485000000000000e+00     rise=2 targ v(qb9) val=    1.485000000000000e+00     fall=1 td=20n failed!

