
Note: Compatibility modes selected: hs a


Circuit: * divider-ratio-dff @ typical_27c_2.97v -- generated by sim/harness, do not edit

Doing analysis at TEMP = 27.000000 and TNOM = 27.000000

Using SPARSE 1.3 as Direct Linear Solver

Initial Transient Solution
--------------------------

Node                                   Voltage
----                                   -------
vdd                                       2.97
ck                                           0
da0                                          0
da1                                          0
da2                                          0
da3                                          0
da4                                          0
da5                                          0
da6                                          0
da7                                          0
da8                                          0
da9                                          0
xa0.ckb                                   2.97
xa0.ckbb                           5.05976e-09
xa0.nm                             9.99661e-09
xa0.nma                                   2.97
xa0.nmb                            1.00902e-08
xa0.ns                             3.16432e-08
qa0                                       2.97
na0                                2.08345e-08
xa1.ckb                                   2.97
xa1.ckbb                           5.05976e-09
xa1.nm                             9.99661e-09
xa1.nma                                   2.97
xa1.nmb                            1.00902e-08
xa1.ns                             3.16432e-08
qa1                                       2.97
na1                                2.08345e-08
xa2.ckb                                   2.97
xa2.ckbb                           5.05976e-09
xa2.nm                             9.99661e-09
xa2.nma                                   2.97
xa2.nmb                            1.00902e-08
xa2.ns                             3.16432e-08
qa2                                       2.97
na2                                2.08345e-08
xa3.ckb                                   2.97
xa3.ckbb                           5.05976e-09
xa3.nm                             9.99661e-09
xa3.nma                                   2.97
xa3.nmb                            1.00902e-08
xa3.ns                             3.16432e-08
qa3                                       2.97
na3                                2.08345e-08
xa4.ckb                                   2.97
xa4.ckbb                           5.05976e-09
xa4.nm                             9.99661e-09
xa4.nma                                   2.97
xa4.nmb                            1.00902e-08
xa4.ns                             3.16432e-08
qa4                                       2.97
na4                                2.08345e-08
xa5.ckb                                   2.97
xa5.ckbb                           5.05976e-09
xa5.nm                             9.99661e-09
xa5.nma                                   2.97
xa5.nmb                            1.00902e-08
xa5.ns                             3.16432e-08
qa5                                       2.97
na5                                2.08345e-08
xa6.ckb                                   2.97
xa6.ckbb                           5.05976e-09
xa6.nm                             9.99661e-09
xa6.nma                                   2.97
xa6.nmb                            1.00902e-08
xa6.ns                             3.16432e-08
qa6                                       2.97
na6                                2.08345e-08
xa7.ckb                                   2.97
xa7.ckbb                           5.05976e-09
xa7.nm                             9.99661e-09
xa7.nma                                   2.97
xa7.nmb                            1.00902e-08
xa7.ns                             3.16432e-08
qa7                                       2.97
na7                                2.08345e-08
xa8.ckb                                   2.97
xa8.ckbb                           5.05976e-09
xa8.nm                             9.99661e-09
xa8.nma                                   2.97
xa8.nmb                            1.00902e-08
xa8.ns                             3.16432e-08
qa8                                       2.97
na8                                2.08345e-08
xa9.ckb                                   2.97
xa9.ckbb                           5.05976e-09
xa9.nm                             9.99661e-09
xa9.nma                                   2.97
xa9.nmb                            1.00902e-08
xa9.ns                             3.16432e-08
qa9                                       2.97
na9                                2.08345e-08
db0                                       2.97
db1                                       2.97
db2                                       2.97
db3                                       2.97
db4                                       2.97
db5                                       2.97
db6                                       2.97
db7                                       2.97
db8                                       2.97
db9                                       2.97
xb0.ckb                                   2.97
xb0.ckbb                           5.05976e-09
xb0.nm                                    2.97
xb0.nma                            1.00064e-08
xb0.nmb                                   2.97
xb0.ns                                    2.97
qb0                                5.05976e-09
nb0                                       2.97
xb1.ckb                                   2.97
xb1.ckbb                           5.05976e-09
xb1.nm                                    2.97
xb1.nma                            1.00064e-08
xb1.nmb                                   2.97
xb1.ns                                    2.97
qb1                                5.05976e-09
nb1                                       2.97
xb2.ckb                                   2.97
xb2.ckbb                           5.05976e-09
xb2.nm                                    2.97
xb2.nma                            1.00064e-08
xb2.nmb                                   2.97
xb2.ns                                    2.97
qb2                                5.05976e-09
nb2                                       2.97
xb3.ckb                                   2.97
xb3.ckbb                           5.05976e-09
xb3.nm                                    2.97
xb3.nma                            1.00064e-08
xb3.nmb                                   2.97
xb3.ns                                    2.97
qb3                                5.05976e-09
nb3                                       2.97
xb4.ckb                                   2.97
xb4.ckbb                           5.05976e-09
xb4.nm                                    2.97
xb4.nma                            1.00064e-08
xb4.nmb                                   2.97
xb4.ns                                    2.97
qb4                                5.05976e-09
nb4                                       2.97
xb5.ckb                                   2.97
xb5.ckbb                           5.05976e-09
xb5.nm                                    2.97
xb5.nma                            1.00064e-08
xb5.nmb                                   2.97
xb5.ns                                    2.97
qb5                                5.05976e-09
nb5                                       2.97
xb6.ckb                                   2.97
xb6.ckbb                           5.05976e-09
xb6.nm                                    2.97
xb6.nma                            1.00064e-08
xb6.nmb                                   2.97
xb6.ns                                    2.97
qb6                                5.05976e-09
nb6                                       2.97
xb7.ckb                                   2.97
xb7.ckbb                           5.05976e-09
xb7.nm                                    2.97
xb7.nma                            1.00064e-08
xb7.nmb                                   2.97
xb7.ns                                    2.97
qb7                                5.05976e-09
nb7                                       2.97
xb8.ckb                                   2.97
xb8.ckbb                           5.05976e-09
xb8.nm                                    2.97
xb8.nma                            1.00064e-08
xb8.nmb                                   2.97
xb8.ns                                    2.97
qb8                                5.05976e-09
nb8                                       2.97
xb9.ckb                                   2.97
xb9.ckbb                           5.05976e-09
xb9.nm                                    2.97
xb9.nma                            1.00064e-08
xb9.nmb                                   2.97
xb9.ns                                    2.97
qb9                                5.05976e-09
nb9                                       2.97
dc0                                          0
dc1                                          0
dc2                                          0
dc3                                          0
dc4                                          0
dc5                                          0
dc6                                          0
dc7                                          0
dc8                                          0
dc9                                          0
xc0.ckb                                   2.97
xc0.ckbb                           5.05976e-09
xc0.nm                             9.99661e-09
xc0.nma                                   2.97
xc0.nmb                            1.00902e-08
xc0.ns                             3.16432e-08
qc0                                       2.97
nc0                                2.08345e-08
xc1.ckb                                   2.97
xc1.ckbb                           5.05976e-09
xc1.nm                             9.99661e-09
xc1.nma                                   2.97
xc1.nmb                            1.00902e-08
xc1.ns                             3.16432e-08
qc1                                       2.97
nc1                                2.08345e-08
xc2.ckb                                   2.97
xc2.ckbb                           5.05976e-09
xc2.nm                             9.99661e-09
xc2.nma                                   2.97
xc2.nmb                            1.00902e-08
xc2.ns                             3.16432e-08
qc2                                       2.97
nc2                                2.08345e-08
xc3.ckb                                   2.97
xc3.ckbb                           5.05976e-09
xc3.nm                             9.99661e-09
xc3.nma                                   2.97
xc3.nmb                            1.00902e-08
xc3.ns                             3.16432e-08
qc3                                       2.97
nc3                                2.08345e-08
xc4.ckb                                   2.97
xc4.ckbb                           5.05976e-09
xc4.nm                             9.99661e-09
xc4.nma                                   2.97
xc4.nmb                            1.00902e-08
xc4.ns                             3.16432e-08
qc4                                       2.97
nc4                                2.08345e-08
xc5.ckb                                   2.97
xc5.ckbb                           5.05976e-09
xc5.nm                             9.99661e-09
xc5.nma                                   2.97
xc5.nmb                            1.00902e-08
xc5.ns                             3.16432e-08
qc5                                       2.97
nc5                                2.08345e-08
xc6.ckb                                   2.97
xc6.ckbb                           5.05976e-09
xc6.nm                             9.99661e-09
xc6.nma                                   2.97
xc6.nmb                            1.00902e-08
xc6.ns                             3.16432e-08
qc6                                       2.97
nc6                                2.08345e-08
xc7.ckb                                   2.97
xc7.ckbb                           5.05976e-09
xc7.nm                             9.99661e-09
xc7.nma                                   2.97
xc7.nmb                            1.00902e-08
xc7.ns                             3.16432e-08
qc7                                       2.97
nc7                                2.08345e-08
xc8.ckb                                   2.97
xc8.ckbb                           5.05976e-09
xc8.nm                             9.99661e-09
xc8.nma                                   2.97
xc8.nmb                            1.00902e-08
xc8.ns                             3.16432e-08
qc8                                       2.97
nc8                                2.08345e-08
xc9.ckb                                   2.97
xc9.ckbb                           5.05976e-09
xc9.nm                             9.99661e-09
xc9.nma                                   2.97
xc9.nmb                            1.00902e-08
xc9.ns                             3.16432e-08
qc9                                       2.97
nc9                                2.08345e-08
vc9#branch                         8.96232e-12
vc8#branch                         8.96232e-12
vc7#branch                         8.96232e-12
vc6#branch                         8.96232e-12
vc5#branch                         8.96232e-12
vc4#branch                         8.96232e-12
vc3#branch                         8.96232e-12
vc2#branch                         8.96232e-12
vc1#branch                         8.96232e-12
vc0#branch                         8.96232e-12
vb9#branch                        -8.90782e-12
vb8#branch                        -8.90782e-12
vb7#branch                         -8.9087e-12
vb6#branch                        -8.90958e-12
vb5#branch                         -8.9087e-12
vb4#branch                         -8.9087e-12
vb3#branch                         -8.9087e-12
vb2#branch                        -8.90727e-12
vb1#branch                        -8.90727e-12
vb0#branch                        -8.90727e-12
va9#branch                         8.96232e-12
va8#branch                         8.96232e-12
va7#branch                         8.96232e-12
va6#branch                         8.96232e-12
va5#branch                         8.96232e-12
va4#branch                         8.96232e-12
va3#branch                         8.96232e-12
va2#branch                         8.96232e-12
va1#branch                         8.96232e-12
va0#branch                         8.96232e-12
vck#branch                                   0
vdd#branch                        -1.22136e-09

 Reference value :  0.00000e+00
 Reference value :  3.62800e-10
 Reference value :  8.02800e-10
 Reference value :  1.24280e-09
 Reference value :  1.68280e-09
 Reference value :  2.13280e-09
 Reference value :  2.57280e-09
 Reference value :  3.04280e-09
 Reference value :  3.50280e-09
 Reference value :  3.95280e-09
 Reference value :  4.41280e-09
 Reference value :  4.84280e-09
 Reference value :  5.17500e-09
 Reference value :  5.52500e-09
 Reference value :  5.99500e-09
 Reference value :  6.45500e-09
 Reference value :  6.91500e-09
 Reference value :  7.36500e-09
 Reference value :  7.81500e-09
 Reference value :  8.25500e-09
 Reference value :  8.70500e-09
 Reference value :  9.14500e-09
 Reference value :  9.69500e-09
 Reference value :  1.02150e-08
 Reference value :  1.07550e-08
 Reference value :  1.12850e-08
 Reference value :  1.18350e-08
 Reference value :  1.23850e-08
 Reference value :  1.29750e-08
 Reference value :  1.35350e-08
 Reference value :  1.42250e-08
 Reference value :  1.49010e-08
 Reference value :  1.54550e-08
 Reference value :  1.60250e-08
 Reference value :  1.65650e-08
 Reference value :  1.71450e-08
 Reference value :  1.77050e-08
 Reference value :  1.82550e-08
 Reference value :  1.88150e-08
 Reference value :  1.93550e-08
 Reference value :  1.99250e-08
 Reference value :  2.04450e-08
 Reference value :  2.10050e-08
 Reference value :  2.15350e-08
 Reference value :  2.22950e-08
 Reference value :  2.31550e-08
 Reference value :  2.40010e-08
 Reference value :  2.45030e-08
 Reference value :  2.49350e-08
 Reference value :  2.52750e-08
 Reference value :  2.60550e-08
 Reference value :  2.69850e-08
 Reference value :  2.78350e-08
 Reference value :  2.87550e-08
 Reference value :  2.96750e-08
 Reference value :  3.04950e-08
 Reference value :  3.13550e-08
 Reference value :  3.21050e-08
 Reference value :  3.26950e-08
 Reference value :  3.32450e-08
 Reference value :  3.37950e-08
 Reference value :  3.42550e-08
 Reference value :  3.46030e-08
 Reference value :  3.49850e-08
No. of Data Rows : 3613

  Measurements for Transient Analysis

cqa0                =  2.57569e-10 targ=  2.53076e-08 trig=  2.50500e-08
cqa1                =  2.57836e-10 targ=  2.53078e-08 trig=  2.50500e-08
cqa2                =  2.58718e-10 targ=  2.53087e-08 trig=  2.50500e-08
cqa3                =  2.60309e-10 targ=  2.53103e-08 trig=  2.50500e-08
cqa4                =  2.66779e-10 targ=  2.53168e-08 trig=  2.50500e-08
cqa5                =  2.84398e-10 targ=  2.53344e-08 trig=  2.50500e-08
cqa6                =  6.08231e-10 targ=  2.56582e-08 trig=  2.50500e-08
cqb0                =  2.21871e-10 targ=  2.52719e-08 trig=  2.50500e-08
cqb1                =  2.21559e-10 targ=  2.52716e-08 trig=  2.50500e-08
cqb2                =  2.22564e-10 targ=  2.52726e-08 trig=  2.50500e-08
cqb3                =  2.29883e-10 targ=  2.52799e-08 trig=  2.50500e-08
cqb4                =  2.53241e-10 targ=  2.53032e-08 trig=  2.50500e-08
hqc0                =  5.74387e-09 from=  2.70500e-08 to=  3.40550e-08
hqc1                =  5.05976e-09 from=  2.70500e-08 to=  3.40550e-08
hqc2                =  5.05976e-09 from=  2.70500e-08 to=  3.40550e-08
hqc3                =  2.97000e+00 from=  2.70500e-08 to=  3.40550e-08
hqc4                =  2.97000e+00 from=  2.70500e-08 to=  3.40550e-08
hqc5                =  2.97000e+00 from=  2.70500e-08 to=  3.40550e-08
hqc6                =  2.97000e+00 from=  2.70500e-08 to=  3.40550e-08
hqc7                =  2.97000e+00 from=  2.70500e-08 to=  3.40550e-08
hqc8                =  2.97000e+00 from=  2.70500e-08 to=  3.40550e-08
hqc9                =  2.97000e+00 from=  2.70500e-08 to=  3.40550e-08

Doing analysis at TEMP = 27.000000 and TNOM = 27.000000

Using SPARSE 1.3 as Direct Linear Solver

  Measurements for Transient Analysis

cqa0                =  2.57569e-10 targ=  2.53076e-08 trig=  2.50500e-08
cqa1                =  2.57836e-10 targ=  2.53078e-08 trig=  2.50500e-08
cqa2                =  2.58718e-10 targ=  2.53087e-08 trig=  2.50500e-08
cqa3                =  2.60309e-10 targ=  2.53103e-08 trig=  2.50500e-08
cqa4                =  2.66779e-10 targ=  2.53168e-08 trig=  2.50500e-08
cqa5                =  2.84398e-10 targ=  2.53344e-08 trig=  2.50500e-08
cqa6                =  6.08231e-10 targ=  2.56582e-08 trig=  2.50500e-08
cqb0                =  2.21871e-10 targ=  2.52719e-08 trig=  2.50500e-08
cqb1                =  2.21559e-10 targ=  2.52716e-08 trig=  2.50500e-08
cqb2                =  2.22564e-10 targ=  2.52726e-08 trig=  2.50500e-08
cqb3                =  2.29883e-10 targ=  2.52799e-08 trig=  2.50500e-08
cqb4                =  2.53241e-10 targ=  2.53032e-08 trig=  2.50500e-08
hqc0                =  5.74387e-09 from=  2.70500e-08 to=  3.40550e-08
hqc1                =  5.05976e-09 from=  2.70500e-08 to=  3.40550e-08
hqc2                =  5.05976e-09 from=  2.70500e-08 to=  3.40550e-08
hqc3                =  2.97000e+00 from=  2.70500e-08 to=  3.40550e-08
hqc4                =  2.97000e+00 from=  2.70500e-08 to=  3.40550e-08
hqc5                =  2.97000e+00 from=  2.70500e-08 to=  3.40550e-08
hqc6                =  2.97000e+00 from=  2.70500e-08 to=  3.40550e-08
hqc7                =  2.97000e+00 from=  2.70500e-08 to=  3.40550e-08
hqc8                =  2.97000e+00 from=  2.70500e-08 to=  3.40550e-08
hqc9                =  2.97000e+00 from=  2.70500e-08 to=  3.40550e-08


Total analysis time (seconds) = 139.315

Total elapsed time (seconds) = 148.114 

Total DRAM available = 98304.000 MB.
DRAM currently available =   91.672 MB.
Maximum ngspice program size =   34.828 MB.
Current ngspice program size =   34.719 MB.


Warning: m=xx on .subckt line will override multiplier m hierarchy!


Error: measure  cqa7  trig(TARG) : out of interval
 .measure tran cqa7 trig v(ck) val=    1.485000000000000e+00     rise=2 targ v(qa7) val=    1.485000000000000e+00     rise=1 td=20n failed!


Error: measure  cqa8  trig(TARG) : out of interval
 .measure tran cqa8 trig v(ck) val=    1.485000000000000e+00     rise=2 targ v(qa8) val=    1.485000000000000e+00     rise=1 td=20n failed!


Error: measure  cqa9  trig(TARG) : out of interval
 .measure tran cqa9 trig v(ck) val=    1.485000000000000e+00     rise=2 targ v(qa9) val=    1.485000000000000e+00     rise=1 td=20n failed!


Error: measure  cqb5  trig(TARG) : out of interval
 .measure tran cqb5 trig v(ck) val=    1.485000000000000e+00     rise=2 targ v(qb5) val=    1.485000000000000e+00     fall=1 td=20n failed!


Error: measure  cqb6  trig(TARG) : out of interval
 .measure tran cqb6 trig v(ck) val=    1.485000000000000e+00     rise=2 targ v(qb6) val=    1.485000000000000e+00     fall=1 td=20n failed!


Error: measure  cqb7  trig(TARG) : out of interval
 .measure tran cqb7 trig v(ck) val=    1.485000000000000e+00     rise=2 targ v(qb7) val=    1.485000000000000e+00     fall=1 td=20n failed!


Error: measure  cqb8  trig(TARG) : out of interval
 .measure tran cqb8 trig v(ck) val=    1.485000000000000e+00     rise=2 targ v(qb8) val=    1.485000000000000e+00     fall=1 td=20n failed!


Error: measure  cqb9  trig(TARG) : out of interval
 .measure tran cqb9 trig v(ck) val=    1.485000000000000e+00     rise=2 targ v(qb9) val=    1.485000000000000e+00     fall=1 td=20n failed!


Error: measure  cqa7  trig(TARG) : out of interval
 .measure tran cqa7 trig v(ck) val=    1.485000000000000e+00     rise=2 targ v(qa7) val=    1.485000000000000e+00     rise=1 td=20n failed!


Error: measure  cqa8  trig(TARG) : out of interval
 .measure tran cqa8 trig v(ck) val=    1.485000000000000e+00     rise=2 targ v(qa8) val=    1.485000000000000e+00     rise=1 td=20n failed!


Error: measure  cqa9  trig(TARG) : out of interval
 .measure tran cqa9 trig v(ck) val=    1.485000000000000e+00     rise=2 targ v(qa9) val=    1.485000000000000e+00     rise=1 td=20n failed!


Error: measure  cqb5  trig(TARG) : out of interval
 .measure tran cqb5 trig v(ck) val=    1.485000000000000e+00     rise=2 targ v(qb5) val=    1.485000000000000e+00     fall=1 td=20n failed!


Error: measure  cqb6  trig(TARG) : out of interval
 .measure tran cqb6 trig v(ck) val=    1.485000000000000e+00     rise=2 targ v(qb6) val=    1.485000000000000e+00     fall=1 td=20n failed!


Error: measure  cqb7  trig(TARG) : out of interval
 .measure tran cqb7 trig v(ck) val=    1.485000000000000e+00     rise=2 targ v(qb7) val=    1.485000000000000e+00     fall=1 td=20n failed!


Error: measure  cqb8  trig(TARG) : out of interval
 .measure tran cqb8 trig v(ck) val=    1.485000000000000e+00     rise=2 targ v(qb8) val=    1.485000000000000e+00     fall=1 td=20n failed!


Error: measure  cqb9  trig(TARG) : out of interval
 .measure tran cqb9 trig v(ck) val=    1.485000000000000e+00     rise=2 targ v(qb9) val=    1.485000000000000e+00     fall=1 td=20n failed!

