
Note: No compatibility mode selected!


Circuit: * cp-compliance (switching) @ fs_-40c_3.63v_x1.65 -- generated by sim/harness, do not edit

Doing analysis at TEMP = -40.000000 and TNOM = 27.000000


Initial Transient Solution
--------------------------

Node                                   Voltage
----                                   -------
vdd                                       3.63
vss                                          0
hi                                        3.63
lo                                           0
b0                                           0
b1                                        3.63
ctl                                          0
ibn_u                                 0.699443
icn_u                                 0.790698
ibp_u                                  2.62257
icp_u                                  2.51958
xcpu.b0b                                  3.63
xcpu.b1b                            9.1987e-09
xcpu.upb                                  3.63
xcpu.dnb                                  3.63
xcpu.xn_base.bg                       0.699443
xcpu.xn_base.mid                     0.0731545
xcpu.dnt                               1.64897
xcpu.xn_t0.bg                      5.15301e-13
xcpu.xn_t0.mid                        0.384057
xcpu.xn_t1a.bg                        0.699443
xcpu.xn_t1a.mid                      0.0731545
xcpu.xn_t1b.bg                        0.699443
xcpu.xn_t1b.mid                      0.0731545
xcpu.xp_base.bg                        2.62257
xcpu.xp_base.mid                       3.55364
xcpu.upt                                1.6726
xcpu.xp_t0.bg                             3.63
xcpu.xp_t0.mid                         1.45451
xcpu.xp_t1a.bg                         2.62257
xcpu.xp_t1a.mid                        3.55364
xcpu.xp_t1b.bg                         2.62257
xcpu.xp_t1b.mid                        3.55364
outu                                      1.65
xcpu.vdump                             1.65058
xcpu.xbuf.nsrc                        0.749168
xcpu.xbuf.nda                          2.62118
xcpu.xbuf.psrc                         2.62115
xcpu.xbuf.pda                         0.667091
ibn_d                                 0.699443
icn_d                                 0.790698
ibp_d                                  2.62257
icp_d                                  2.51958
xcpd.b0b                                  3.63
xcpd.b1b                            9.1987e-09
xcpd.upb                                  3.63
xcpd.dnb                                  3.63
xcpd.xn_base.bg                       0.699443
xcpd.xn_base.mid                     0.0731545
xcpd.dnt                               1.64897
xcpd.xn_t0.bg                      5.15301e-13
xcpd.xn_t0.mid                        0.384057
xcpd.xn_t1a.bg                        0.699443
xcpd.xn_t1a.mid                      0.0731545
xcpd.xn_t1b.bg                        0.699443
xcpd.xn_t1b.mid                      0.0731545
xcpd.xp_base.bg                        2.62257
xcpd.xp_base.mid                       3.55364
xcpd.upt                                1.6726
xcpd.xp_t0.bg                             3.63
xcpd.xp_t0.mid                         1.45451
xcpd.xp_t1a.bg                         2.62257
xcpd.xp_t1a.mid                        3.55364
xcpd.xp_t1b.bg                         2.62257
xcpd.xp_t1b.mid                        3.55364
outd                                      1.65
xcpd.vdump                             1.65058
xcpd.xbuf.nsrc                        0.749168
xcpd.xbuf.nda                          2.62118
xcpd.xbuf.psrc                         2.62115
xcpd.xbuf.pda                         0.667091
vod#branch                        -1.05596e-11
vou#branch                        -1.05596e-11
vctl#branch                                  0
vb1#branch                           -3.63e-12
vb0#branch                                   0
vlo#branch                                   0
vhi#branch                           -3.63e-12
vss#branch                         7.48571e-05
vdd#branch                        -0.000106858

 Reference value :  6.64000e-11
 Reference value :  7.20250e-11
 Reference value :  1.80775e-10
 Reference value :  3.20775e-10
 Reference value :  3.60775e-10
 Reference value :  4.00775e-10
 Reference value :  4.75775e-10
 Reference value :  5.35775e-10
 Reference value :  6.50775e-10
 Reference value :  7.60775e-10
 Reference value :  8.90775e-10
 Reference value :  9.95775e-10
 Reference value :  1.02077e-09
 Reference value :  1.12578e-09
 Reference value :  1.23078e-09
 Reference value :  1.38078e-09
 Reference value :  1.45078e-09
 Reference value :  1.56140e-09
 Reference value :  1.70015e-09
 Reference value :  1.73015e-09
 Reference value :  1.86515e-09
 Reference value :  1.89015e-09
 Reference value :  1.90515e-09
 Reference value :  1.97078e-09
 Reference value :  2.05953e-09
 Reference value :  2.17453e-09
 Reference value :  2.19015e-09
 Reference value :  2.33390e-09
 Reference value :  2.42953e-09
 Reference value :  2.50827e-09
 Reference value :  2.64327e-09
 Reference value :  2.68265e-09
 Reference value :  2.72827e-09
 Reference value :  2.73765e-09
 Reference value :  2.77140e-09
 Reference value :  2.83077e-09
 Reference value :  2.89577e-09
 Reference value :  3.01577e-09
 Reference value :  3.09077e-09
 Reference value :  3.12077e-09
 Reference value :  3.12765e-09
 Reference value :  3.18015e-09
 Reference value :  3.19015e-09
 Reference value :  3.23015e-09
 Reference value :  3.26015e-09
 Reference value :  3.27515e-09
 Reference value :  3.30890e-09
 Reference value :  3.33327e-09
 Reference value :  3.35827e-09
 Reference value :  3.36327e-09
 Reference value :  3.36827e-09
 Reference value :  3.39327e-09
 Reference value :  3.40765e-09
 Reference value :  3.44265e-09
 Reference value :  3.46202e-09
 Reference value :  3.51202e-09
 Reference value :  3.58202e-09
 Reference value :  3.59202e-09
 Reference value :  3.64640e-09
 Reference value :  3.69640e-09
 Reference value :  3.71702e-09
 Reference value :  3.74640e-09
 Reference value :  3.79515e-09
 Reference value :  3.83077e-09
 Reference value :  3.87452e-09
 Reference value :  3.88015e-09
 Reference value :  3.88952e-09
 Reference value :  3.89890e-09
 Reference value :  3.91984e-09
 Reference value :  3.93546e-09
 Reference value :  3.95921e-09
 Reference value :  3.98796e-09
 Reference value :  4.02796e-09
 Reference value :  4.09734e-09
 Reference value :  4.11609e-09
 Reference value :  4.13109e-09
 Reference value :  4.16671e-09
 Reference value :  4.19046e-09
 Reference value :  4.21734e-09
 Reference value :  4.25484e-09
 Reference value :  4.27484e-09
 Reference value :  4.30046e-09
 Reference value :  4.30484e-09
 Reference value :  4.32359e-09
 Reference value :  4.32921e-09
 Reference value :  4.33796e-09
 Reference value :  4.37796e-09
 Reference value :  4.38796e-09
 Reference value :  4.40296e-09
 Reference value :  4.42296e-09
 Reference value :  4.43296e-09
 Reference value :  4.43859e-09
 Reference value :  4.46234e-09
 Reference value :  4.49796e-09
 Reference value :  4.53234e-09
 Reference value :  4.56609e-09
 Reference value :  4.58609e-09
 Reference value :  4.61609e-09
 Reference value :  4.63609e-09
 Reference value :  4.65171e-09
 Reference value :  4.67546e-09
 Reference value :  4.71109e-09
 Reference value :  4.72484e-09
 Reference value :  4.74046e-09
 Reference value :  4.77359e-09
 Reference value :  4.80359e-09
 Reference value :  4.80921e-09
 Reference value :  4.83296e-09
 Reference value :  4.84296e-09
 Reference value :  4.84359e-09
 Reference value :  4.84921e-09
 Reference value :  4.87671e-09
 Reference value :  4.89234e-09
 Reference value :  4.92671e-09
 Reference value :  4.94484e-09
 Reference value :  4.94546e-09
 Reference value :  4.96921e-09
 Reference value :  4.97421e-09
 Reference value :  4.99484e-09
 Reference value :  5.02421e-09
 Reference value :  5.03359e-09
 Reference value :  5.04296e-09
 Reference value :  5.06171e-09
 Reference value :  5.07734e-09
 Reference value :  5.09609e-09
 Reference value :  5.09671e-09
 Reference value :  5.12046e-09
 Reference value :  5.16921e-09
 Reference value :  5.17859e-09
 Reference value :  5.19859e-09
 Reference value :  5.22296e-09
 Reference value :  5.23234e-09
 Reference value :  5.24171e-09
 Reference value :  5.27546e-09
 Reference value :  5.28109e-09
 Reference value :  5.29984e-09
 Reference value :  5.30546e-09
 Reference value :  5.32484e-09
 Reference value :  5.34359e-09
 Reference value :  5.35359e-09
 Reference value :  5.36859e-09
 Reference value :  5.38859e-09
 Reference value :  5.39859e-09
 Reference value :  5.40421e-09
 Reference value :  5.43296e-09
 Reference value :  5.44359e-09
 Reference value :  5.45296e-09
 Reference value :  5.46734e-09
 Reference value :  5.46749e-09
 Reference value :  5.47781e-09
 Reference value :  5.50218e-09
 Reference value :  5.53156e-09
 Reference value :  5.54531e-09
 Reference value :  5.57093e-09
 Reference value :  5.58031e-09
 Reference value :  5.59406e-09
 Reference value :  5.59468e-09
 Reference value :  5.60843e-09
 Reference value :  5.61031e-09
 Reference value :  5.62343e-09
 Reference value :  5.63781e-09
 Reference value :  5.65656e-09
 Reference value :  5.67656e-09
 Reference value :  5.67718e-09
 Reference value :  5.70593e-09
 Reference value :  5.71156e-09
 Reference value :  5.72031e-09
 Reference value :  5.78531e-09
 Reference value :  5.79593e-09
 Reference value :  5.83468e-09
 Reference value :  5.84031e-09
 Reference value :  5.84187e-09
 Reference value :  5.87124e-09
 Reference value :  5.88624e-09
 Reference value :  5.88687e-09
 Reference value :  5.90624e-09
 Reference value :  5.95499e-09
 Reference value :  5.96562e-09
 Reference value :  5.98999e-09
 Reference value :  6.00437e-09
 Reference value :  6.01812e-09
 Reference value :  6.04812e-09
 Reference value :  6.14812e-09
 Reference value :  6.23562e-09
 Reference value :  6.26062e-09
 Reference value :  6.28062e-09
 Reference value :  6.29062e-09
 Reference value :  6.32062e-09
 Reference value :  6.32562e-09
 Reference value :  6.36499e-09
 Reference value :  6.41499e-09
 Reference value :  6.44062e-09
 Reference value :  6.45999e-09
 Reference value :  6.49937e-09
 Reference value :  6.50812e-09
 Reference value :  6.54749e-09
 Reference value :  6.57187e-09
 Reference value :  6.62187e-09
 Reference value :  6.67499e-09
 Reference value :  6.74937e-09
 Reference value :  6.76999e-09
 Reference value :  6.77374e-09
 Reference value :  6.79374e-09
 Reference value :  6.79874e-09
 Reference value :  6.82874e-09
 Reference value :  6.85874e-09
 Reference value :  6.87874e-09
 Reference value :  6.87937e-09
 Reference value :  6.88312e-09
 Reference value :  6.92812e-09
 Reference value :  6.95312e-09
 Reference value :  6.97374e-09
 Reference value :  6.99812e-09
 Reference value :  7.01687e-09
 Reference value :  7.03249e-09
 Reference value :  7.04687e-09
 Reference value :  7.06062e-09
 Reference value :  7.06624e-09
 Reference value :  7.08062e-09
 Reference value :  7.12437e-09
 Reference value :  7.12499e-09
 Reference value :  7.14937e-09
 Reference value :  7.17874e-09
 Reference value :  7.19249e-09
 Reference value :  7.19812e-09
 Reference value :  7.20687e-09
 Reference value :  7.21749e-09
 Reference value :  7.23124e-09
 Reference value :  7.26624e-09
 Reference value :  7.27687e-09
 Reference value :  7.32562e-09
 Reference value :  7.33562e-09
 Reference value :  7.35124e-09
 Reference value :  7.36999e-09
 Reference value :  7.38562e-09
 Reference value :  7.40437e-09
 Reference value :  7.41937e-09
 Reference value :  7.42499e-09
 Reference value :  7.43937e-09
 Reference value :  7.45812e-09
 Reference value :  7.46312e-09
 Reference value :  7.46874e-09
 Reference value :  7.50812e-09
 Reference value :  7.58124e-09
 Reference value :  7.60124e-09
 Reference value :  7.60187e-09
 Reference value :  7.61562e-09
 Reference value :  7.62562e-09
 Reference value :  7.62624e-09
 Reference value :  7.66562e-09
 Reference value :  7.67499e-09
 Reference value :  7.71874e-09
 Reference value :  7.71937e-09
 Reference value :  7.72812e-09
 Reference value :  7.72874e-09
 Reference value :  7.72999e-09
 Reference value :  7.75749e-09
 Reference value :  7.78249e-09
 Reference value :  7.87249e-09
 Reference value :  7.92624e-09
 Reference value :  7.94124e-09
 Reference value :  7.98124e-09
 Reference value :  7.99124e-09
 Reference value :  8.00624e-09
 Reference value :  8.03062e-09
 Reference value :  8.05562e-09
 Reference value :  8.06562e-09
 Reference value :  8.06624e-09
 Reference value :  8.10062e-09
 Reference value :  8.11437e-09
 Reference value :  8.12437e-09
 Reference value :  8.14499e-09
 Reference value :  8.18874e-09
 Reference value :  8.21874e-09
 Reference value :  8.22374e-09
 Reference value :  8.23374e-09
 Reference value :  8.25374e-09
 Reference value :  8.25874e-09
 Reference value :  8.25937e-09
 Reference value :  8.29312e-09
 Reference value :  8.29812e-09
 Reference value :  8.32749e-09
 Reference value :  8.33312e-09
 Reference value :  8.38749e-09
 Reference value :  8.41624e-09
 Reference value :  8.42124e-09
 Reference value :  8.42624e-09
 Reference value :  8.44124e-09
 Reference value :  8.44187e-09
 Reference value :  8.47124e-09
 Reference value :  8.50562e-09
 Reference value :  8.53437e-09
 Reference value :  8.53499e-09
 Reference value :  8.55937e-09
 Reference value :  8.61312e-09
 Reference value :  8.63312e-09
 Reference value :  8.63812e-09
 Reference value :  8.65812e-09
 Reference value :  8.69374e-09
 Reference value :  8.72249e-09
 Reference value :  8.72812e-09
 Reference value :  8.75687e-09
 Reference value :  8.75749e-09
 Reference value :  8.78124e-09
 Reference value :  8.79687e-09
 Reference value :  8.81062e-09
 Reference value :  8.81124e-09
 Reference value :  8.83499e-09
 Reference value :  8.84499e-09
 Reference value :  8.85562e-09
 Reference value :  8.87437e-09
 Reference value :  8.89999e-09
 Reference value :  8.92374e-09
 Reference value :  8.95374e-09
 Reference value :  8.97374e-09
 Reference value :  8.98374e-09
 Reference value :  8.98437e-09
 Reference value :  9.02374e-09
 Reference value :  9.05312e-09
 Reference value :  9.06749e-09
 Reference value :  9.14624e-09
 Reference value :  9.16624e-09
 Reference value :  9.21124e-09
 Reference value :  9.25624e-09
 Reference value :  9.27124e-09
 Reference value :  9.31124e-09
 Reference value :  9.40499e-09
 Reference value :  9.43999e-09
 Reference value :  9.46062e-09
 Reference value :  9.49937e-09
 Reference value :  9.50937e-09
 Reference value :  9.51499e-09
 Reference value :  9.54374e-09
 Reference value :  9.58874e-09
 Reference value :  9.63874e-09
 Reference value :  9.69874e-09
 Reference value :  9.72374e-09
 Reference value :  9.73812e-09
 Reference value :  9.78312e-09
 Reference value :  9.79812e-09
 Reference value :  9.82812e-09
 Reference value :  9.83312e-09
 Reference value :  9.84374e-09
 Reference value :  9.88749e-09
 Reference value :  9.94249e-09
 Reference value :  9.99249e-09
 Reference value :  1.01075e-08
 Reference value :  1.04725e-08
 Reference value :  1.08475e-08
 Reference value :  1.11225e-08
 Reference value :  1.15625e-08
 Reference value :  1.17775e-08
 Reference value :  1.22025e-08
 Reference value :  1.24725e-08
 Reference value :  1.26975e-08
 Reference value :  1.30575e-08
 Reference value :  1.32575e-08
 Reference value :  1.33725e-08
 Reference value :  1.37975e-08
 Reference value :  1.39875e-08
 Reference value :  1.43725e-08
 Reference value :  1.45925e-08
 Reference value :  1.50575e-08
 Reference value :  1.54775e-08
 Reference value :  1.58875e-08
 Reference value :  1.60625e-08
 Reference value :  1.63975e-08
 Reference value :  1.65075e-08
 Reference value :  1.68025e-08
 Reference value :  1.69875e-08
 Reference value :  1.74125e-08
 Reference value :  1.77075e-08
 Reference value :  1.79825e-08
 Reference value :  1.83725e-08
 Reference value :  1.86725e-08
 Reference value :  1.90875e-08
 Reference value :  1.93025e-08
 Reference value :  1.94275e-08
 Reference value :  1.95375e-08
 Reference value :  1.98775e-08
 Reference value :  2.00000e-08
No. of Data Rows : 4366
iup_ss              =  5.161549e-06 from=  1.400000e-08 to=  1.500250e-08
idn_ss              =  -5.036835e-06 from=  1.400000e-08 to=  1.500250e-08
qup                 =  2.21798e-14 from=  9.50000e-09 to=  1.50000e-08
qdn                 =  -2.25804e-14 from=  9.50000e-09 to=  1.50000e-08
ton_up              =  -9.998987e-11 targ=  1.000001e-08 trig=  1.010000e-08
ton_dn              =  -2.094718e-11 targ=  1.007905e-08 trig=  1.010000e-08
toff_up             =  -9.994772e-11 targ=  1.520005e-08 trig=  1.530000e-08
toff_dn             =  2.393430e-11 targ=  1.532393e-08 trig=  1.530000e-08
m_iup_ss = 5.1615490000e-06
m_idn_ss = -5.036835000e-06
m_qup = 2.2179770000e-14
m_qdn = -2.258045000e-14
m_wup = 4.2971150715e-09
m_wdn = 4.4830632729e-09
m_wskew = -1.859482014e-10
m_ton_up = -9.998987000e-11
m_ton_dn = -2.094718000e-11
m_toff_up = -9.994772000e-11
m_toff_dn = 2.3934300000e-11
Note: Simulation executed from .control section 

Using SPARSE 1.3 as Direct Linear Solver
