
Note: No compatibility mode selected!


Circuit: * cp-compliance (switching) @ sf_-40c_2.97v_x0.9 -- generated by sim/harness, do not edit

Doing analysis at TEMP = -40.000000 and TNOM = 27.000000


Initial Transient Solution
--------------------------

Node                                   Voltage
----                                   -------
vdd                                       2.97
vss                                          0
hi                                        2.97
lo                                           0
b0                                           0
b1                                        2.97
ctl                                          0
ibn_u                                 0.860509
icn_u                                 0.954995
ibp_u                                  2.14351
icp_u                                   2.0455
xcpu.b0b                                  2.97
xcpu.b1b                           8.88664e-09
xcpu.upb                                  2.97
xcpu.dnb                                  2.97
xcpu.xn_base.bg                       0.860509
xcpu.xn_base.mid                     0.0731611
xcpu.dnt                               0.90179
xcpu.xn_t0.bg                      3.83756e-15
xcpu.xn_t0.mid                        0.384395
xcpu.xn_t1a.bg                        0.860509
xcpu.xn_t1a.mid                      0.0731611
xcpu.xn_t1b.bg                        0.860509
xcpu.xn_t1b.mid                      0.0731611
xcpu.xp_base.bg                        2.14351
xcpu.xp_base.mid                       2.89601
xcpu.upt                               1.20047
xcpu.xp_t0.bg                             2.97
xcpu.xp_t0.mid                         1.18967
xcpu.xp_t1a.bg                         2.14351
xcpu.xp_t1a.mid                        2.89601
xcpu.xp_t1b.bg                         2.14351
xcpu.xp_t1b.mid                        2.89601
outu                                       0.9
xcpu.vdump                            0.903509
xcpu.xbuf.nsrc                       0.0618069
xcpu.xbuf.nda                          2.15349
xcpu.xbuf.psrc                         1.69399
xcpu.xbuf.pda                         0.828767
ibn_d                                 0.860509
icn_d                                 0.954995
ibp_d                                  2.14351
icp_d                                   2.0455
xcpd.b0b                                  2.97
xcpd.b1b                           8.88664e-09
xcpd.upb                                  2.97
xcpd.dnb                                  2.97
xcpd.xn_base.bg                       0.860509
xcpd.xn_base.mid                     0.0731611
xcpd.dnt                               0.90179
xcpd.xn_t0.bg                      3.83756e-15
xcpd.xn_t0.mid                        0.384395
xcpd.xn_t1a.bg                        0.860509
xcpd.xn_t1a.mid                      0.0731611
xcpd.xn_t1b.bg                        0.860509
xcpd.xn_t1b.mid                      0.0731611
xcpd.xp_base.bg                        2.14351
xcpd.xp_base.mid                       2.89601
xcpd.upt                               1.20047
xcpd.xp_t0.bg                             2.97
xcpd.xp_t0.mid                         1.18967
xcpd.xp_t1a.bg                         2.14351
xcpd.xp_t1a.mid                        2.89601
xcpd.xp_t1b.bg                         2.14351
xcpd.xp_t1b.mid                        2.89601
outd                                       0.9
xcpd.vdump                            0.903509
xcpd.xbuf.nsrc                       0.0618069
xcpd.xbuf.nda                          2.15349
xcpd.xbuf.psrc                         1.69399
xcpd.xbuf.pda                         0.828767
vod#branch                        -2.78177e-12
vou#branch                        -2.78177e-12
vctl#branch                                  0
vb1#branch                           -2.97e-12
vb0#branch                                   0
vlo#branch                                   0
vhi#branch                           -2.97e-12
vss#branch                         7.19619e-05
vdd#branch                        -0.000103962

 Reference value :  0.00000e+00
 Reference value :  1.26400e-10
 Reference value :  1.66400e-10
 Reference value :  2.06400e-10
 Reference value :  2.96400e-10
 Reference value :  3.46400e-10
 Reference value :  3.96400e-10
 Reference value :  4.51400e-10
 Reference value :  4.66400e-10
 Reference value :  5.36400e-10
 Reference value :  5.91400e-10
 Reference value :  6.71400e-10
 Reference value :  7.82025e-10
 Reference value :  8.95775e-10
 Reference value :  1.10578e-09
 Reference value :  1.14640e-09
 Reference value :  1.18515e-09
 Reference value :  1.23515e-09
 Reference value :  1.25578e-09
 Reference value :  1.32453e-09
 Reference value :  1.33515e-09
 Reference value :  1.38390e-09
 Reference value :  1.43890e-09
 Reference value :  1.44390e-09
 Reference value :  1.44890e-09
 Reference value :  1.49390e-09
 Reference value :  1.59390e-09
 Reference value :  1.65890e-09
 Reference value :  1.73390e-09
 Reference value :  1.78453e-09
 Reference value :  1.82828e-09
 Reference value :  1.90328e-09
 Reference value :  1.93890e-09
 Reference value :  2.00265e-09
 Reference value :  2.13265e-09
 Reference value :  2.17765e-09
 Reference value :  2.20265e-09
 Reference value :  2.26265e-09
 Reference value :  2.31765e-09
 Reference value :  2.36765e-09
 Reference value :  2.41765e-09
 Reference value :  2.46265e-09
 Reference value :  2.59765e-09
 Reference value :  2.63827e-09
 Reference value :  2.68202e-09
 Reference value :  2.68265e-09
 Reference value :  2.73202e-09
 Reference value :  2.79140e-09
 Reference value :  2.86015e-09
 Reference value :  2.88077e-09
 Reference value :  2.97015e-09
 Reference value :  2.99390e-09
 Reference value :  3.03390e-09
 Reference value :  3.08890e-09
 Reference value :  3.19890e-09
 Reference value :  3.21390e-09
 Reference value :  3.32890e-09
 Reference value :  3.36898e-09
 Reference value :  3.42382e-09
 Reference value :  3.44445e-09
 Reference value :  3.46882e-09
 Reference value :  3.46898e-09
 Reference value :  3.52429e-09
 Reference value :  3.53867e-09
 Reference value :  3.54304e-09
 Reference value :  3.67679e-09
 Reference value :  3.69679e-09
 Reference value :  3.71679e-09
 Reference value :  3.73742e-09
 Reference value :  3.76617e-09
 Reference value :  3.77679e-09
 Reference value :  3.78617e-09
 Reference value :  3.87492e-09
 Reference value :  3.88054e-09
 Reference value :  3.97429e-09
 Reference value :  4.06429e-09
 Reference value :  4.08929e-09
 Reference value :  4.13429e-09
 Reference value :  4.19929e-09
 Reference value :  4.21992e-09
 Reference value :  4.26867e-09
 Reference value :  4.32367e-09
 Reference value :  4.32867e-09
 Reference value :  4.33367e-09
 Reference value :  4.42867e-09
 Reference value :  4.46867e-09
 Reference value :  4.46929e-09
 Reference value :  4.48304e-09
 Reference value :  4.51867e-09
 Reference value :  4.53742e-09
 Reference value :  4.60242e-09
 Reference value :  4.62742e-09
 Reference value :  4.62804e-09
 Reference value :  4.64679e-09
 Reference value :  4.64742e-09
 Reference value :  4.66617e-09
 Reference value :  4.72117e-09
 Reference value :  4.76617e-09
 Reference value :  4.78617e-09
 Reference value :  4.79617e-09
 Reference value :  4.84179e-09
 Reference value :  4.98554e-09
 Reference value :  4.98617e-09
 Reference value :  5.14992e-09
 Reference value :  5.16554e-09
 Reference value :  5.20929e-09
 Reference value :  5.28429e-09
 Reference value :  5.29429e-09
 Reference value :  5.34492e-09
 Reference value :  5.35929e-09
 Reference value :  5.37367e-09
 Reference value :  5.43242e-09
 Reference value :  5.48242e-09
 Reference value :  5.52742e-09
 Reference value :  5.54304e-09
 Reference value :  5.62179e-09
 Reference value :  5.67679e-09
 Reference value :  5.69242e-09
 Reference value :  5.73179e-09
 Reference value :  5.74554e-09
 Reference value :  5.81554e-09
 Reference value :  5.86054e-09
 Reference value :  5.92054e-09
 Reference value :  5.93554e-09
 Reference value :  5.96617e-09
 Reference value :  6.01992e-09
 Reference value :  6.09992e-09
 Reference value :  6.12992e-09
 Reference value :  6.21492e-09
 Reference value :  6.31492e-09
 Reference value :  6.42992e-09
 Reference value :  6.46492e-09
 Reference value :  6.48492e-09
 Reference value :  6.50554e-09
 Reference value :  6.54929e-09
 Reference value :  6.67429e-09
 Reference value :  6.68992e-09
 Reference value :  6.79429e-09
 Reference value :  6.86367e-09
 Reference value :  6.91742e-09
 Reference value :  6.93742e-09
 Reference value :  7.01304e-09
 Reference value :  7.03679e-09
 Reference value :  7.06242e-09
 Reference value :  7.07679e-09
 Reference value :  7.12554e-09
 Reference value :  7.17054e-09
 Reference value :  7.18054e-09
 Reference value :  7.19117e-09
 Reference value :  7.38992e-09
 Reference value :  7.43054e-09
 Reference value :  7.48992e-09
 Reference value :  7.52367e-09
 Reference value :  7.52929e-09
 Reference value :  7.54367e-09
 Reference value :  7.56742e-09
 Reference value :  7.57304e-09
 Reference value :  7.58242e-09
 Reference value :  7.59179e-09
 Reference value :  7.59195e-09
 Reference value :  7.62163e-09
 Reference value :  7.78663e-09
 Reference value :  7.85663e-09
 Reference value :  7.90163e-09
 Reference value :  7.93671e-09
 Reference value :  7.97656e-09
 Reference value :  8.08156e-09
 Reference value :  8.22656e-09
 Reference value :  8.24656e-09
 Reference value :  8.25156e-09
 Reference value :  8.29156e-09
 Reference value :  8.30156e-09
 Reference value :  8.45593e-09
 Reference value :  8.48593e-09
 Reference value :  8.55656e-09
 Reference value :  8.58593e-09
 Reference value :  8.60468e-09
 Reference value :  8.64468e-09
 Reference value :  8.68031e-09
 Reference value :  8.71406e-09
 Reference value :  8.76906e-09
 Reference value :  8.88468e-09
 Reference value :  8.95343e-09
 Reference value :  8.98343e-09
 Reference value :  9.07843e-09
 Reference value :  9.17843e-09
 Reference value :  9.21343e-09
 Reference value :  9.26906e-09
 Reference value :  9.37781e-09
 Reference value :  9.49343e-09
 Reference value :  9.54218e-09
 Reference value :  9.58218e-09
 Reference value :  9.61718e-09
 Reference value :  9.65218e-09
 Reference value :  9.66781e-09
 Reference value :  9.66796e-09
 Reference value :  9.74765e-09
 Reference value :  9.76765e-09
 Reference value :  9.79765e-09
 Reference value :  9.90265e-09
 Reference value :  9.94828e-09
 Reference value :  1.01425e-08
 Reference value :  1.04125e-08
 Reference value :  1.07275e-08
 Reference value :  1.08975e-08
 Reference value :  1.10075e-08
 Reference value :  1.12375e-08
 Reference value :  1.14975e-08
 Reference value :  1.16775e-08
 Reference value :  1.18525e-08
 Reference value :  1.20025e-08
 Reference value :  1.22475e-08
 Reference value :  1.25025e-08
 Reference value :  1.29325e-08
 Reference value :  1.34825e-08
 Reference value :  1.37625e-08
 Reference value :  1.40625e-08
 Reference value :  1.42175e-08
 Reference value :  1.43425e-08
 Reference value :  1.44875e-08
 Reference value :  1.46475e-08
 Reference value :  1.47525e-08
 Reference value :  1.49875e-08
 Reference value :  1.51825e-08
 Reference value :  1.55275e-08
 Reference value :  1.57525e-08
 Reference value :  1.63275e-08
 Reference value :  1.65175e-08
 Reference value :  1.67725e-08
 Reference value :  1.68775e-08
 Reference value :  1.71925e-08
 Reference value :  1.72975e-08
 Reference value :  1.76225e-08
 Reference value :  1.85475e-08
 Reference value :  1.92975e-08
 Reference value :  1.95125e-08
 Reference value :  1.96175e-08
 Reference value :  1.98675e-08
No. of Data Rows : 4166
iup_ss              =  5.057041e-06 from=  1.400000e-08 to=  1.500250e-08
idn_ss              =  -5.098149e-06 from=  1.400000e-08 to=  1.500250e-08
qup                 =  2.16305e-14 from=  9.50000e-09 to=  1.50000e-08
qdn                 =  -2.35922e-14 from=  9.50000e-09 to=  1.50000e-08
ton_up              =  -9.996847e-11 targ=  1.000003e-08 trig=  1.010000e-08
ton_dn              =  9.949355e-11 targ=  1.019949e-08 trig=  1.010000e-08
toff_up             =  -9.992798e-11 targ=  1.520007e-08 trig=  1.530000e-08
toff_dn             =  2.143775e-11 targ=  1.532144e-08 trig=  1.530000e-08
m_iup_ss = 5.0570410000e-06
m_idn_ss = -5.098149000e-06
m_qup = 2.1630500000e-14
m_qdn = -2.359223000e-14
m_wup = 4.2773036643e-09
m_wdn = 4.6276070001e-09
m_wskew = -3.503033358e-10
m_ton_up = -9.996847000e-11
m_ton_dn = 9.9493550000e-11
m_toff_up = -9.992798000e-11
m_toff_dn = 2.1437750000e-11
Note: Simulation executed from .control section 

Using SPARSE 1.3 as Direct Linear Solver
