
Note: No compatibility mode selected!


Circuit: * cp-compliance (switching) @ typical_125c_3.63v_x1.65 -- generated by sim/harness, do not edit

Doing analysis at TEMP = 125.000000 and TNOM = 27.000000


Initial Transient Solution
--------------------------

Node                                   Voltage
----                                   -------
vdd                                       3.63
vss                                          0
hi                                        3.63
lo                                           0
b0                                           0
b1                                        3.63
ctl                                          0
ibn_u                                 0.633148
icn_u                                 0.757915
ibp_u                                  2.87935
icp_u                                  2.73601
xcpu.b0b                                  3.63
xcpu.b1b                             5.341e-08
xcpu.upb                                  3.63
xcpu.dnb                                  3.63
xcpu.xn_base.bg                       0.633148
xcpu.xn_base.mid                     0.0998945
xcpu.dnt                               1.64602
xcpu.xn_t0.bg                      4.30527e-08
xcpu.xn_t0.mid                        0.536747
xcpu.xn_t1a.bg                        0.633148
xcpu.xn_t1a.mid                      0.0998945
xcpu.xn_t1b.bg                        0.633148
xcpu.xn_t1b.mid                      0.0998945
xcpu.xp_base.bg                        2.87935
xcpu.xp_base.mid                       3.52437
xcpu.upt                               1.66813
xcpu.xp_t0.bg                             3.63
xcpu.xp_t0.mid                         2.23724
xcpu.xp_t1a.bg                         2.87935
xcpu.xp_t1a.mid                        3.52437
xcpu.xp_t1b.bg                         2.87935
xcpu.xp_t1b.mid                        3.52437
outu                                      1.65
xcpu.vdump                             1.64937
xcpu.xbuf.nsrc                        0.802754
xcpu.xbuf.nda                          2.87648
xcpu.xbuf.psrc                         2.34685
xcpu.xbuf.pda                         0.586837
ibn_d                                 0.633148
icn_d                                 0.757915
ibp_d                                  2.87935
icp_d                                  2.73601
xcpd.b0b                                  3.63
xcpd.b1b                             5.341e-08
xcpd.upb                                  3.63
xcpd.dnb                                  3.63
xcpd.xn_base.bg                       0.633148
xcpd.xn_base.mid                     0.0998945
xcpd.dnt                               1.64602
xcpd.xn_t0.bg                      4.30527e-08
xcpd.xn_t0.mid                        0.536748
xcpd.xn_t1a.bg                        0.633148
xcpd.xn_t1a.mid                      0.0998945
xcpd.xn_t1b.bg                        0.633148
xcpd.xn_t1b.mid                      0.0998945
xcpd.xp_base.bg                        2.87935
xcpd.xp_base.mid                       3.52437
xcpd.upt                               1.66813
xcpd.xp_t0.bg                             3.63
xcpd.xp_t0.mid                         2.23724
xcpd.xp_t1a.bg                         2.87935
xcpd.xp_t1a.mid                        3.52437
xcpd.xp_t1b.bg                         2.87935
xcpd.xp_t1b.mid                        3.52437
outd                                      1.65
xcpd.vdump                             1.64937
xcpd.xbuf.nsrc                        0.802754
xcpd.xbuf.nda                          2.87648
xcpd.xbuf.psrc                         2.34685
xcpd.xbuf.pda                         0.586837
vod#branch                         -1.0477e-11
vou#branch                         -1.0477e-11
vctl#branch                                  0
vb1#branch                           -3.63e-12
vb0#branch                                   0
vlo#branch                                   0
vhi#branch                           -3.63e-12
vss#branch                         7.56356e-05
vdd#branch                        -0.000107636

 Reference value :  4.00000e-13
 Reference value :  1.64000e-11
 Reference value :  1.00150e-10
 Reference value :  1.24525e-10
 Reference value :  1.24603e-10
 Reference value :  1.39447e-10
 Reference value :  1.78822e-10
 Reference value :  1.93822e-10
 Reference value :  2.09447e-10
 Reference value :  2.47572e-10
 Reference value :  3.21947e-10
 Reference value :  4.46947e-10
 Reference value :  4.91947e-10
 Reference value :  5.61947e-10
 Reference value :  6.06947e-10
 Reference value :  6.55697e-10
 Reference value :  6.80072e-10
 Reference value :  7.39447e-10
 Reference value :  8.38197e-10
 Reference value :  8.53353e-10
 Reference value :  8.73666e-10
 Reference value :  1.00242e-09
 Reference value :  1.22804e-09
 Reference value :  1.26867e-09
 Reference value :  1.28679e-09
 Reference value :  1.31554e-09
 Reference value :  1.33117e-09
 Reference value :  1.35554e-09
 Reference value :  1.43429e-09
 Reference value :  1.44429e-09
 Reference value :  1.52429e-09
 Reference value :  1.53929e-09
 Reference value :  1.57929e-09
 Reference value :  1.59429e-09
 Reference value :  1.61492e-09
 Reference value :  1.64867e-09
 Reference value :  1.65429e-09
 Reference value :  1.67367e-09
 Reference value :  1.68804e-09
 Reference value :  1.70242e-09
 Reference value :  1.73117e-09
 Reference value :  1.73679e-09
 Reference value :  1.73804e-09
 Reference value :  1.75617e-09
 Reference value :  1.76492e-09
 Reference value :  1.81492e-09
 Reference value :  1.82492e-09
 Reference value :  1.85992e-09
 Reference value :  1.86054e-09
 Reference value :  1.87492e-09
 Reference value :  1.95367e-09
 Reference value :  1.99867e-09
 Reference value :  2.05429e-09
 Reference value :  2.06867e-09
 Reference value :  2.09742e-09
 Reference value :  2.09804e-09
 Reference value :  2.11179e-09
 Reference value :  2.11742e-09
 Reference value :  2.15117e-09
 Reference value :  2.17617e-09
 Reference value :  2.23617e-09
 Reference value :  2.29617e-09
 Reference value :  2.30117e-09
 Reference value :  2.30617e-09
 Reference value :  2.31117e-09
 Reference value :  2.31617e-09
 Reference value :  2.32179e-09
 Reference value :  2.33054e-09
 Reference value :  2.34492e-09
 Reference value :  2.34992e-09
 Reference value :  2.35554e-09
 Reference value :  2.40429e-09
 Reference value :  2.42429e-09
 Reference value :  2.47429e-09
 Reference value :  2.55929e-09
 Reference value :  2.57492e-09
 Reference value :  2.58867e-09
 Reference value :  2.60367e-09
 Reference value :  2.64367e-09
 Reference value :  2.71867e-09
 Reference value :  2.76367e-09
 Reference value :  2.76429e-09
 Reference value :  2.84242e-09
 Reference value :  2.85242e-09
 Reference value :  2.87742e-09
 Reference value :  2.90179e-09
 Reference value :  2.92742e-09
 Reference value :  2.93617e-09
 Reference value :  2.94679e-09
 Reference value :  2.99054e-09
 Reference value :  3.00554e-09
 Reference value :  3.01929e-09
 Reference value :  3.01992e-09
 Reference value :  3.06867e-09
 Reference value :  3.06929e-09
 Reference value :  3.08304e-09
 Reference value :  3.09804e-09
 Reference value :  3.10742e-09
 Reference value :  3.11679e-09
 Reference value :  3.12742e-09
 Reference value :  3.16617e-09
 Reference value :  3.18617e-09
 Reference value :  3.19867e-09
 Reference value :  3.20867e-09
 Reference value :  3.22429e-09
 Reference value :  3.23367e-09
 Reference value :  3.23492e-09
 Reference value :  3.25304e-09
 Reference value :  3.26679e-09
 Reference value :  3.28742e-09
 Reference value :  3.33117e-09
 Reference value :  3.33179e-09
 Reference value :  3.35054e-09
 Reference value :  3.38554e-09
 Reference value :  3.41054e-09
 Reference value :  3.42117e-09
 Reference value :  3.42273e-09
 Reference value :  3.43273e-09
 Reference value :  3.43710e-09
 Reference value :  3.47648e-09
 Reference value :  3.49023e-09
 Reference value :  3.50523e-09
 Reference value :  3.51085e-09
 Reference value :  3.52523e-09
 Reference value :  3.53085e-09
 Reference value :  3.59835e-09
 Reference value :  3.62398e-09
 Reference value :  3.63273e-09
 Reference value :  3.63835e-09
 Reference value :  3.64273e-09
 Reference value :  3.64398e-09
 Reference value :  3.64710e-09
 Reference value :  3.66148e-09
 Reference value :  3.66523e-09
 Reference value :  3.67585e-09
 Reference value :  3.68023e-09
 Reference value :  3.71398e-09
 Reference value :  3.71460e-09
 Reference value :  3.78835e-09
 Reference value :  3.81898e-09
 Reference value :  3.85273e-09
 Reference value :  3.85710e-09
 Reference value :  3.86773e-09
 Reference value :  3.88148e-09
 Reference value :  3.88210e-09
 Reference value :  3.90085e-09
 Reference value :  3.93398e-09
 Reference value :  3.94460e-09
 Reference value :  3.95335e-09
 Reference value :  3.95398e-09
 Reference value :  3.99710e-09
 Reference value :  4.07273e-09
 Reference value :  4.12085e-09
 Reference value :  4.13460e-09
 Reference value :  4.15460e-09
 Reference value :  4.19960e-09
 Reference value :  4.25960e-09
 Reference value :  4.30460e-09
 Reference value :  4.33023e-09
 Reference value :  4.33398e-09
 Reference value :  4.37898e-09
 Reference value :  4.39398e-09
 Reference value :  4.39898e-09
 Reference value :  4.42898e-09
 Reference value :  4.50960e-09
 Reference value :  4.51835e-09
 Reference value :  4.52398e-09
 Reference value :  4.56273e-09
 Reference value :  4.57335e-09
 Reference value :  4.60210e-09
 Reference value :  4.65710e-09
 Reference value :  4.68210e-09
 Reference value :  4.69710e-09
 Reference value :  4.70210e-09
 Reference value :  4.73210e-09
 Reference value :  4.76710e-09
 Reference value :  4.80210e-09
 Reference value :  4.85710e-09
 Reference value :  4.87210e-09
 Reference value :  4.93210e-09
 Reference value :  4.97773e-09
 Reference value :  4.98648e-09
 Reference value :  4.99710e-09
 Reference value :  5.02085e-09
 Reference value :  5.04585e-09
 Reference value :  5.08023e-09
 Reference value :  5.08523e-09
 Reference value :  5.11023e-09
 Reference value :  5.13023e-09
 Reference value :  5.32023e-09
 Reference value :  5.36523e-09
 Reference value :  5.37023e-09
 Reference value :  5.40023e-09
 Reference value :  5.41585e-09
 Reference value :  5.45460e-09
 Reference value :  5.46023e-09
 Reference value :  5.46460e-09
 Reference value :  5.47835e-09
 Reference value :  5.51398e-09
 Reference value :  5.54835e-09
 Reference value :  5.55648e-09
 Reference value :  5.55710e-09
 Reference value :  5.56773e-09
 Reference value :  5.60585e-09
 Reference value :  5.61523e-09
 Reference value :  5.66460e-09
 Reference value :  5.70398e-09
 Reference value :  5.71335e-09
 Reference value :  5.75148e-09
 Reference value :  5.81960e-09
 Reference value :  5.86960e-09
 Reference value :  5.89460e-09
 Reference value :  5.92460e-09
 Reference value :  5.93460e-09
 Reference value :  5.96460e-09
 Reference value :  6.00460e-09
 Reference value :  6.03460e-09
 Reference value :  6.06460e-09
 Reference value :  6.07960e-09
 Reference value :  6.09960e-09
 Reference value :  6.11960e-09
 Reference value :  6.13460e-09
 Reference value :  6.13960e-09
 Reference value :  6.17960e-09
 Reference value :  6.18960e-09
 Reference value :  6.20460e-09
 Reference value :  6.22460e-09
 Reference value :  6.24960e-09
 Reference value :  6.25460e-09
 Reference value :  6.27460e-09
 Reference value :  6.30460e-09
 Reference value :  6.32023e-09
 Reference value :  6.32960e-09
 Reference value :  6.36335e-09
 Reference value :  6.36835e-09
 Reference value :  6.38335e-09
 Reference value :  6.39335e-09
 Reference value :  6.42773e-09
 Reference value :  6.42960e-09
 Reference value :  6.45210e-09
 Reference value :  6.54273e-09
 Reference value :  6.59148e-09
 Reference value :  6.59710e-09
 Reference value :  6.62648e-09
 Reference value :  6.65523e-09
 Reference value :  6.67523e-09
 Reference value :  6.68023e-09
 Reference value :  6.72023e-09
 Reference value :  6.73023e-09
 Reference value :  6.76023e-09
 Reference value :  6.78023e-09
 Reference value :  6.82523e-09
 Reference value :  6.85023e-09
 Reference value :  6.85585e-09
 Reference value :  6.88960e-09
 Reference value :  6.90960e-09
 Reference value :  6.92460e-09
 Reference value :  6.94960e-09
 Reference value :  6.95148e-09
 Reference value :  6.96898e-09
 Reference value :  6.99898e-09
 Reference value :  7.04335e-09
 Reference value :  7.06210e-09
 Reference value :  7.07773e-09
 Reference value :  7.08710e-09
 Reference value :  7.12648e-09
 Reference value :  7.15023e-09
 Reference value :  7.17531e-09
 Reference value :  7.18515e-09
 Reference value :  7.22015e-09
 Reference value :  7.22577e-09
 Reference value :  7.24015e-09
 Reference value :  7.29890e-09
 Reference value :  7.31390e-09
 Reference value :  7.33390e-09
 Reference value :  7.36890e-09
 Reference value :  7.39890e-09
 Reference value :  7.40452e-09
 Reference value :  7.41827e-09
 Reference value :  7.41890e-09
 Reference value :  7.44827e-09
 Reference value :  7.49202e-09
 Reference value :  7.53202e-09
 Reference value :  7.55202e-09
 Reference value :  7.57202e-09
 Reference value :  7.62202e-09
 Reference value :  7.66202e-09
 Reference value :  7.67890e-09
 Reference value :  7.71202e-09
 Reference value :  7.75577e-09
 Reference value :  7.76077e-09
 Reference value :  7.77577e-09
 Reference value :  7.80077e-09
 Reference value :  7.82077e-09
 Reference value :  7.87077e-09
 Reference value :  7.91077e-09
 Reference value :  7.95640e-09
 Reference value :  7.97952e-09
 Reference value :  7.99515e-09
 Reference value :  7.99531e-09
 Reference value :  7.99624e-09
 Reference value :  8.02999e-09
 Reference value :  8.07187e-09
 Reference value :  8.08937e-09
 Reference value :  8.10999e-09
 Reference value :  8.15374e-09
 Reference value :  8.23687e-09
 Reference value :  8.26062e-09
 Reference value :  8.26624e-09
 Reference value :  8.27999e-09
 Reference value :  8.28062e-09
 Reference value :  8.30937e-09
 Reference value :  8.34937e-09
 Reference value :  8.36374e-09
 Reference value :  8.36437e-09
 Reference value :  8.36874e-09
 Reference value :  8.37312e-09
 Reference value :  8.38687e-09
 Reference value :  8.41187e-09
 Reference value :  8.45687e-09
 Reference value :  8.46187e-09
 Reference value :  8.47187e-09
 Reference value :  8.49187e-09
 Reference value :  8.50187e-09
 Reference value :  8.51687e-09
 Reference value :  8.52249e-09
 Reference value :  8.54624e-09
 Reference value :  8.56124e-09
 Reference value :  8.58124e-09
 Reference value :  8.59187e-09
 Reference value :  8.60624e-09
 Reference value :  8.60749e-09
 Reference value :  8.60999e-09
 Reference value :  8.64499e-09
 Reference value :  8.65562e-09
 Reference value :  8.66937e-09
 Reference value :  8.70437e-09
 Reference value :  8.72312e-09
 Reference value :  8.76312e-09
 Reference value :  8.81312e-09
 Reference value :  8.82749e-09
 Reference value :  8.83937e-09
 Reference value :  8.85749e-09
 Reference value :  8.85765e-09
 Reference value :  8.86796e-09
 Reference value :  8.90171e-09
 Reference value :  8.95171e-09
 Reference value :  8.96171e-09
 Reference value :  8.96234e-09
 Reference value :  8.99609e-09
 Reference value :  9.05109e-09
 Reference value :  9.08609e-09
 Reference value :  9.09117e-09
 Reference value :  9.10101e-09
 Reference value :  9.11101e-09
 Reference value :  9.14601e-09
 Reference value :  9.15163e-09
 Reference value :  9.16538e-09
 Reference value :  9.18038e-09
 Reference value :  9.19101e-09
 Reference value :  9.20538e-09
 Reference value :  9.24913e-09
 Reference value :  9.25976e-09
 Reference value :  9.28351e-09
 Reference value :  9.28913e-09
 Reference value :  9.31788e-09
 Reference value :  9.38288e-09
 Reference value :  9.41788e-09
 Reference value :  9.47788e-09
 Reference value :  9.49788e-09
 Reference value :  9.51288e-09
 Reference value :  9.52288e-09
 Reference value :  9.53788e-09
 Reference value :  9.55851e-09
 Reference value :  9.56726e-09
 Reference value :  9.57788e-09
 Reference value :  9.59663e-09
 Reference value :  9.62163e-09
 Reference value :  9.65663e-09
 Reference value :  9.66226e-09
 Reference value :  9.66351e-09
 Reference value :  9.67163e-09
 Reference value :  9.75038e-09
 Reference value :  9.80038e-09
 Reference value :  9.80538e-09
 Reference value :  9.85038e-09
 Reference value :  9.87038e-09
 Reference value :  9.89976e-09
 Reference value :  9.91976e-09
 Reference value :  9.95476e-09
 Reference value :  9.97476e-09
 Reference value :  9.97538e-09
 Reference value :  9.98413e-09
 Reference value :  1.00317e-08
 Reference value :  1.02425e-08
 Reference value :  1.04125e-08
 Reference value :  1.06675e-08
 Reference value :  1.10025e-08
 Reference value :  1.15575e-08
 Reference value :  1.21625e-08
 Reference value :  1.23675e-08
 Reference value :  1.26775e-08
 Reference value :  1.27975e-08
 Reference value :  1.44075e-08
 Reference value :  1.58275e-08
 Reference value :  1.67675e-08
 Reference value :  1.71975e-08
 Reference value :  1.79875e-08
No. of Data Rows : 4412
iup_ss              =  4.825682e-06 from=  1.400000e-08 to=  1.500250e-08
idn_ss              =  -5.060719e-06 from=  1.400000e-08 to=  1.500250e-08
qup                 =  2.17724e-14 from=  9.50000e-09 to=  1.50000e-08
qdn                 =  -2.47417e-14 from=  9.50000e-09 to=  1.50000e-08
ton_up              =  -9.999127e-11 targ=  1.000001e-08 trig=  1.010000e-08
ton_dn              =  1.000162e-10 targ=  1.020002e-08 trig=  1.010000e-08
toff_up             =  -9.994868e-11 targ=  1.520005e-08 trig=  1.530000e-08
toff_dn             =  2.282902e-11 targ=  1.532283e-08 trig=  1.530000e-08
m_iup_ss = 4.8256820000e-06
m_idn_ss = -5.060719000e-06
m_qup = 2.1772400000e-14
m_qdn = -2.474171000e-14
m_wup = 4.5117767810e-09
m_wdn = 4.8889713102e-09
m_wskew = -3.771945292e-10
m_ton_up = -9.999127000e-11
m_ton_dn = 1.0001620000e-10
m_toff_up = -9.994868000e-11
m_toff_dn = 2.2829020000e-11
Note: Simulation executed from .control section 

Using SPARSE 1.3 as Direct Linear Solver
