
Note: No compatibility mode selected!


Circuit: * cp-compliance (switching) @ typical_-40c_3.63v_x2.4 -- generated by sim/harness, do not edit

Doing analysis at TEMP = -40.000000 and TNOM = 27.000000


Initial Transient Solution
--------------------------

Node                                   Voltage
----                                   -------
vdd                                       3.63
vss                                          0
hi                                        3.63
lo                                           0
b0                                           0
b1                                        3.63
ctl                                          0
ibn_u                                  0.77993
icn_u                                  0.87275
ibp_u                                   2.7131
icp_u                                  2.61262
xcpu.b0b                                  3.63
xcpu.b1b                           9.84519e-09
xcpu.upb                                  3.63
xcpu.dnb                                  3.63
xcpu.xn_base.bg                        0.77993
xcpu.xn_base.mid                     0.0751357
xcpu.dnt                               2.39047
xcpu.xn_t0.bg                       4.2094e-14
xcpu.xn_t0.mid                        0.386226
xcpu.xn_t1a.bg                         0.77993
xcpu.xn_t1a.mid                      0.0751357
xcpu.xn_t1b.bg                         0.77993
xcpu.xn_t1b.mid                      0.0751357
xcpu.xp_base.bg                         2.7131
xcpu.xp_base.mid                       3.55526
xcpu.upt                               2.40362
xcpu.xp_t0.bg                             3.63
xcpu.xp_t0.mid                         1.45459
xcpu.xp_t1a.bg                          2.7131
xcpu.xp_t1a.mid                        3.55526
xcpu.xp_t1b.bg                          2.7131
xcpu.xp_t1b.mid                        3.55526
outu                                       2.4
xcpu.vdump                             2.39806
xcpu.xbuf.nsrc                          1.2735
xcpu.xbuf.nda                          2.70994
xcpu.xbuf.psrc                         3.27875
xcpu.xbuf.pda                         0.745319
ibn_d                                  0.77993
icn_d                                  0.87275
ibp_d                                   2.7131
icp_d                                  2.61262
xcpd.b0b                                  3.63
xcpd.b1b                           9.84519e-09
xcpd.upb                                  3.63
xcpd.dnb                                  3.63
xcpd.xn_base.bg                        0.77993
xcpd.xn_base.mid                     0.0751357
xcpd.dnt                               2.39047
xcpd.xn_t0.bg                       4.2094e-14
xcpd.xn_t0.mid                        0.386226
xcpd.xn_t1a.bg                         0.77993
xcpd.xn_t1a.mid                      0.0751357
xcpd.xn_t1b.bg                         0.77993
xcpd.xn_t1b.mid                      0.0751357
xcpd.xp_base.bg                         2.7131
xcpd.xp_base.mid                       3.55526
xcpd.upt                               2.40362
xcpd.xp_t0.bg                             3.63
xcpd.xp_t0.mid                         1.45459
xcpd.xp_t1a.bg                          2.7131
xcpd.xp_t1a.mid                        3.55526
xcpd.xp_t1b.bg                          2.7131
xcpd.xp_t1b.mid                        3.55526
outd                                       2.4
xcpd.vdump                             2.39806
xcpd.xbuf.nsrc                          1.2735
xcpd.xbuf.nda                          2.70994
xcpd.xbuf.psrc                         3.27875
xcpd.xbuf.pda                         0.745319
vod#branch                         -2.0302e-11
vou#branch                         -2.0302e-11
vctl#branch                                  0
vb1#branch                           -3.63e-12
vb0#branch                                   0
vlo#branch                                   0
vhi#branch                           -3.63e-12
vss#branch                         7.49461e-05
vdd#branch                        -0.000106947

 Reference value :  2.00000e-13
 Reference value :  2.64000e-11
 Reference value :  8.64000e-11
 Reference value :  1.07025e-10
 Reference value :  1.55775e-10
 Reference value :  1.71400e-10
 Reference value :  2.05775e-10
 Reference value :  2.76400e-10
 Reference value :  3.58900e-10
 Reference value :  3.78900e-10
 Reference value :  3.98900e-10
 Reference value :  4.13900e-10
 Reference value :  4.89525e-10
 Reference value :  5.12650e-10
 Reference value :  5.33275e-10
 Reference value :  5.61400e-10
 Reference value :  6.21400e-10
 Reference value :  6.27025e-10
 Reference value :  6.52650e-10
 Reference value :  7.05775e-10
 Reference value :  7.49525e-10
 Reference value :  7.66400e-10
 Reference value :  8.03900e-10
 Reference value :  8.38275e-10
 Reference value :  8.83275e-10
 Reference value :  9.02650e-10
 Reference value :  9.33275e-10
 Reference value :  9.47025e-10
 Reference value :  1.02702e-09
 Reference value :  1.04640e-09
 Reference value :  1.08578e-09
 Reference value :  1.11078e-09
 Reference value :  1.17578e-09
 Reference value :  1.21578e-09
 Reference value :  1.29078e-09
 Reference value :  1.34078e-09
 Reference value :  1.37890e-09
 Reference value :  1.41890e-09
 Reference value :  1.48765e-09
 Reference value :  1.50265e-09
 Reference value :  1.51265e-09
 Reference value :  1.54578e-09
 Reference value :  1.55640e-09
 Reference value :  1.58015e-09
 Reference value :  1.59078e-09
 Reference value :  1.59203e-09
 Reference value :  1.60515e-09
 Reference value :  1.64890e-09
 Reference value :  1.72765e-09
 Reference value :  1.74265e-09
 Reference value :  1.76140e-09
 Reference value :  1.76703e-09
 Reference value :  1.81578e-09
 Reference value :  1.88578e-09
 Reference value :  1.97578e-09
 Reference value :  1.99015e-09
 Reference value :  2.00515e-09
 Reference value :  2.07453e-09
 Reference value :  2.10390e-09
 Reference value :  2.10578e-09
 Reference value :  2.15328e-09
 Reference value :  2.23828e-09
 Reference value :  2.36828e-09
 Reference value :  2.48327e-09
 Reference value :  2.61327e-09
 Reference value :  2.66265e-09
 Reference value :  2.69265e-09
 Reference value :  2.70640e-09
 Reference value :  2.77077e-09
 Reference value :  2.78577e-09
 Reference value :  2.84952e-09
 Reference value :  2.88015e-09
 Reference value :  2.92327e-09
 Reference value :  2.94827e-09
 Reference value :  2.99640e-09
 Reference value :  3.01702e-09
 Reference value :  3.06077e-09
 Reference value :  3.09015e-09
 Reference value :  3.12952e-09
 Reference value :  3.16390e-09
 Reference value :  3.19890e-09
 Reference value :  3.24202e-09
 Reference value :  3.30765e-09
 Reference value :  3.41140e-09
 Reference value :  3.47640e-09
 Reference value :  3.57140e-09
 Reference value :  3.57202e-09
 Reference value :  3.60515e-09
 Reference value :  3.62515e-09
 Reference value :  3.64077e-09
 Reference value :  3.67390e-09
 Reference value :  3.73890e-09
 Reference value :  3.78452e-09
 Reference value :  3.82015e-09
 Reference value :  3.88265e-09
 Reference value :  3.90827e-09
 Reference value :  3.98140e-09
 Reference value :  4.00702e-09
 Reference value :  4.04077e-09
 Reference value :  4.06890e-09
 Reference value :  4.11327e-09
 Reference value :  4.19265e-09
 Reference value :  4.22765e-09
 Reference value :  4.28140e-09
 Reference value :  4.36952e-09
 Reference value :  4.38515e-09
 Reference value :  4.39890e-09
 Reference value :  4.40077e-09
 Reference value :  4.43327e-09
 Reference value :  4.46140e-09
 Reference value :  4.47577e-09
 Reference value :  4.52015e-09
 Reference value :  4.61015e-09
 Reference value :  4.64952e-09
 Reference value :  4.68702e-09
 Reference value :  4.73265e-09
 Reference value :  4.77015e-09
 Reference value :  4.80015e-09
 Reference value :  4.82702e-09
 Reference value :  4.89140e-09
 Reference value :  4.96702e-09
 Reference value :  5.03077e-09
 Reference value :  5.07827e-09
 Reference value :  5.12437e-09
 Reference value :  5.14749e-09
 Reference value :  5.21749e-09
 Reference value :  5.25187e-09
 Reference value :  5.32437e-09
 Reference value :  5.40374e-09
 Reference value :  5.52374e-09
 Reference value :  5.58749e-09
 Reference value :  5.70749e-09
 Reference value :  5.83187e-09
 Reference value :  5.84702e-09
 Reference value :  5.90109e-09
 Reference value :  5.93609e-09
 Reference value :  5.95609e-09
 Reference value :  5.97609e-09
 Reference value :  6.04546e-09
 Reference value :  6.09046e-09
 Reference value :  6.09984e-09
 Reference value :  6.10046e-09
 Reference value :  6.10984e-09
 Reference value :  6.11859e-09
 Reference value :  6.12421e-09
 Reference value :  6.14296e-09
 Reference value :  6.14359e-09
 Reference value :  6.15421e-09
 Reference value :  6.16734e-09
 Reference value :  6.19171e-09
 Reference value :  6.21046e-09
 Reference value :  6.21609e-09
 Reference value :  6.23046e-09
 Reference value :  6.25421e-09
 Reference value :  6.26859e-09
 Reference value :  6.28359e-09
 Reference value :  6.29359e-09
 Reference value :  6.29421e-09
 Reference value :  6.32796e-09
 Reference value :  6.33359e-09
 Reference value :  6.33796e-09
 Reference value :  6.34671e-09
 Reference value :  6.35609e-09
 Reference value :  6.39109e-09
 Reference value :  6.42546e-09
 Reference value :  6.42734e-09
 Reference value :  6.44046e-09
 Reference value :  6.46921e-09
 Reference value :  6.46984e-09
 Reference value :  6.49359e-09
 Reference value :  6.52359e-09
 Reference value :  6.53421e-09
 Reference value :  6.54359e-09
 Reference value :  6.57296e-09
 Reference value :  6.59671e-09
 Reference value :  6.60671e-09
 Reference value :  6.63171e-09
 Reference value :  6.64234e-09
 Reference value :  6.65671e-09
 Reference value :  6.66609e-09
 Reference value :  6.67984e-09
 Reference value :  6.69421e-09
 Reference value :  6.69484e-09
 Reference value :  6.70921e-09
 Reference value :  6.72796e-09
 Reference value :  6.73859e-09
 Reference value :  6.75796e-09
 Reference value :  6.77234e-09
 Reference value :  6.80109e-09
 Reference value :  6.80671e-09
 Reference value :  6.82609e-09
 Reference value :  6.83546e-09
 Reference value :  6.86484e-09
 Reference value :  6.88421e-09
 Reference value :  6.89359e-09
 Reference value :  6.90921e-09
 Reference value :  6.93234e-09
 Reference value :  6.94671e-09
 Reference value :  6.95546e-09
 Reference value :  6.95609e-09
 Reference value :  6.95952e-09
 Reference value :  7.03202e-09
 Reference value :  7.04202e-09
 Reference value :  7.06077e-09
 Reference value :  7.07140e-09
 Reference value :  7.08015e-09
 Reference value :  7.12015e-09
 Reference value :  7.12515e-09
 Reference value :  7.12577e-09
 Reference value :  7.14515e-09
 Reference value :  7.15952e-09
 Reference value :  7.16109e-09
 Reference value :  7.17546e-09
 Reference value :  7.20046e-09
 Reference value :  7.22046e-09
 Reference value :  7.23609e-09
 Reference value :  7.24546e-09
 Reference value :  7.25421e-09
 Reference value :  7.26421e-09
 Reference value :  7.29796e-09
 Reference value :  7.29859e-09
 Reference value :  7.31671e-09
 Reference value :  7.31734e-09
 Reference value :  7.34171e-09
 Reference value :  7.34984e-09
 Reference value :  7.35046e-09
 Reference value :  7.35921e-09
 Reference value :  7.36796e-09
 Reference value :  7.38859e-09
 Reference value :  7.39796e-09
 Reference value :  7.45171e-09
 Reference value :  7.46234e-09
 Reference value :  7.47171e-09
 Reference value :  7.47187e-09
 Reference value :  7.49093e-09
 Reference value :  7.51156e-09
 Reference value :  7.51593e-09
 Reference value :  7.53031e-09
 Reference value :  7.54968e-09
 Reference value :  7.57843e-09
 Reference value :  7.58843e-09
 Reference value :  7.59406e-09
 Reference value :  7.59531e-09
 Reference value :  7.62781e-09
 Reference value :  7.63343e-09
 Reference value :  7.66218e-09
 Reference value :  7.67718e-09
 Reference value :  7.68281e-09
 Reference value :  7.69593e-09
 Reference value :  7.71156e-09
 Reference value :  7.72031e-09
 Reference value :  7.73531e-09
 Reference value :  7.73593e-09
 Reference value :  7.74968e-09
 Reference value :  7.76468e-09
 Reference value :  7.77031e-09
 Reference value :  7.78406e-09
 Reference value :  7.78906e-09
 Reference value :  7.79843e-09
 Reference value :  7.80406e-09
 Reference value :  7.82343e-09
 Reference value :  7.83781e-09
 Reference value :  7.86156e-09
 Reference value :  7.86593e-09
 Reference value :  7.89968e-09
 Reference value :  7.91031e-09
 Reference value :  7.95406e-09
 Reference value :  7.95968e-09
 Reference value :  7.97343e-09
 Reference value :  7.99343e-09
 Reference value :  8.00843e-09
 Reference value :  8.03843e-09
 Reference value :  8.05843e-09
 Reference value :  8.07781e-09
 Reference value :  8.07843e-09
 Reference value :  8.08718e-09
 Reference value :  8.10218e-09
 Reference value :  8.10781e-09
 Reference value :  8.12156e-09
 Reference value :  8.12218e-09
 Reference value :  8.16593e-09
 Reference value :  8.17593e-09
 Reference value :  8.18156e-09
 Reference value :  8.19031e-09
 Reference value :  8.20593e-09
 Reference value :  8.21031e-09
 Reference value :  8.21468e-09
 Reference value :  8.22843e-09
 Reference value :  8.24406e-09
 Reference value :  8.25343e-09
 Reference value :  8.26218e-09
 Reference value :  8.27718e-09
 Reference value :  8.28781e-09
 Reference value :  8.33718e-09
 Reference value :  8.33734e-09
 Reference value :  8.35140e-09
 Reference value :  8.37078e-09
 Reference value :  8.42640e-09
 Reference value :  8.43515e-09
 Reference value :  8.46015e-09
 Reference value :  8.48515e-09
 Reference value :  8.49070e-09
 Reference value :  8.52632e-09
 Reference value :  8.55257e-09
 Reference value :  8.58632e-09
 Reference value :  8.59695e-09
 Reference value :  8.60132e-09
 Reference value :  8.61007e-09
 Reference value :  8.61070e-09
 Reference value :  8.62945e-09
 Reference value :  8.63945e-09
 Reference value :  8.67945e-09
 Reference value :  8.69382e-09
 Reference value :  8.69820e-09
 Reference value :  8.69929e-09
 Reference value :  8.70804e-09
 Reference value :  8.70867e-09
 Reference value :  8.72242e-09
 Reference value :  8.75804e-09
 Reference value :  8.76742e-09
 Reference value :  8.77679e-09
 Reference value :  8.79492e-09
 Reference value :  8.82054e-09
 Reference value :  8.84929e-09
 Reference value :  8.85929e-09
 Reference value :  8.87929e-09
 Reference value :  8.89492e-09
 Reference value :  8.90929e-09
 Reference value :  8.91804e-09
 Reference value :  8.92867e-09
 Reference value :  8.93242e-09
 Reference value :  8.94242e-09
 Reference value :  8.95742e-09
 Reference value :  8.95804e-09
 Reference value :  8.96742e-09
 Reference value :  8.99617e-09
 Reference value :  9.00054e-09
 Reference value :  9.00492e-09
 Reference value :  9.01867e-09
 Reference value :  9.02929e-09
 Reference value :  9.06367e-09
 Reference value :  9.08804e-09
 Reference value :  9.09742e-09
 Reference value :  9.11617e-09
 Reference value :  9.11679e-09
 Reference value :  9.13117e-09
 Reference value :  9.14054e-09
 Reference value :  9.16929e-09
 Reference value :  9.18429e-09
 Reference value :  9.18492e-09
 Reference value :  9.20429e-09
 Reference value :  9.22867e-09
 Reference value :  9.24242e-09
 Reference value :  9.24304e-09
 Reference value :  9.25242e-09
 Reference value :  9.26117e-09
 Reference value :  9.27179e-09
 Reference value :  9.28554e-09
 Reference value :  9.29117e-09
 Reference value :  9.30492e-09
 Reference value :  9.30554e-09
 Reference value :  9.31929e-09
 Reference value :  9.32429e-09
 Reference value :  9.32992e-09
 Reference value :  9.34367e-09
 Reference value :  9.35304e-09
 Reference value :  9.36242e-09
 Reference value :  9.37679e-09
 Reference value :  9.39054e-09
 Reference value :  9.40117e-09
 Reference value :  9.41054e-09
 Reference value :  9.42867e-09
 Reference value :  9.42929e-09
 Reference value :  9.43867e-09
 Reference value :  9.45304e-09
 Reference value :  9.46617e-09
 Reference value :  9.49617e-09
 Reference value :  9.50179e-09
 Reference value :  9.51117e-09
 Reference value :  9.52992e-09
 Reference value :  9.53492e-09
 Reference value :  9.53992e-09
 Reference value :  9.55992e-09
 Reference value :  9.58492e-09
 Reference value :  9.58679e-09
 Reference value :  9.60929e-09
 Reference value :  9.61492e-09
 Reference value :  9.62429e-09
 Reference value :  9.62804e-09
 Reference value :  9.63304e-09
 Reference value :  9.63367e-09
 Reference value :  9.64242e-09
 Reference value :  9.66242e-09
 Reference value :  9.67179e-09
 Reference value :  9.68242e-09
 Reference value :  9.71117e-09
 Reference value :  9.72617e-09
 Reference value :  9.73679e-09
 Reference value :  9.74117e-09
 Reference value :  9.74492e-09
 Reference value :  9.74554e-09
 Reference value :  9.74992e-09
 Reference value :  9.76867e-09
 Reference value :  9.77429e-09
 Reference value :  9.78804e-09
 Reference value :  9.78867e-09
 Reference value :  9.80242e-09
 Reference value :  9.80304e-09
 Reference value :  9.82242e-09
 Reference value :  9.84679e-09
 Reference value :  9.87554e-09
 Reference value :  9.89554e-09
 Reference value :  9.89617e-09
 Reference value :  9.90492e-09
 Reference value :  9.91054e-09
 Reference value :  9.92492e-09
 Reference value :  9.92867e-09
 Reference value :  9.93429e-09
 Reference value :  9.96867e-09
 Reference value :  9.99242e-09
 Reference value :  9.99304e-09
 Reference value :  1.02325e-08
 Reference value :  1.07875e-08
 Reference value :  1.13475e-08
 Reference value :  1.18925e-08
 Reference value :  1.22975e-08
 Reference value :  1.26975e-08
 Reference value :  1.28725e-08
 Reference value :  1.29775e-08
 Reference value :  1.31625e-08
 Reference value :  1.34075e-08
 Reference value :  1.38075e-08
 Reference value :  1.44125e-08
 Reference value :  1.47875e-08
 Reference value :  1.51625e-08
 Reference value :  1.54525e-08
 Reference value :  1.56275e-08
 Reference value :  1.62625e-08
 Reference value :  1.63675e-08
 Reference value :  1.64725e-08
 Reference value :  1.67775e-08
 Reference value :  1.74575e-08
 Reference value :  1.77475e-08
 Reference value :  1.80475e-08
 Reference value :  1.81525e-08
 Reference value :  1.82575e-08
 Reference value :  1.84175e-08
 Reference value :  1.87825e-08
 Reference value :  1.94725e-08
No. of Data Rows : 4671
iup_ss              =  5.084753e-06 from=  1.400000e-08 to=  1.500250e-08
idn_ss              =  -5.070982e-06 from=  1.400000e-08 to=  1.500250e-08
qup                 =  2.06265e-14 from=  9.50000e-09 to=  1.50000e-08
qdn                 =  -2.26204e-14 from=  9.50000e-09 to=  1.50000e-08
ton_up              =  -9.999023e-11 targ=  1.000001e-08 trig=  1.010000e-08
ton_dn              =  -1.370907e-11 targ=  1.008629e-08 trig=  1.010000e-08
toff_up             =  -9.995201e-11 targ=  1.520005e-08 trig=  1.530000e-08
toff_dn             =  1.391156e-11 targ=  1.531391e-08 trig=  1.530000e-08
m_iup_ss = 5.0847530000e-06
m_idn_ss = -5.070982000e-06
m_qup = 2.0626490000e-14
m_qdn = -2.262036000e-14
m_wup = 4.0565372595e-09
m_wdn = 4.4607454730e-09
m_wskew = -4.042082134e-10
m_ton_up = -9.999023000e-11
m_ton_dn = -1.370907000e-11
m_toff_up = -9.995201000e-11
m_toff_dn = 1.3911560000e-11
Note: Simulation executed from .control section 

Using SPARSE 1.3 as Direct Linear Solver
Note: Starting dynamic gmin stepping
Note: Dynamic gmin stepping completed
