==== generated deck (dc_ff_-40c_3.30v_code01) ====
* GENERATED by simenv.sh -- do not edit; edit /Users/rwalters/GitHub/gf180-pll/.loom/worktrees/issue-9/sim/cp-compliance/testbench/tb_cp_dc.sp instead
* tag=dc_ff_Tm40_V3p30_C01 libs=ff temp=-40C
.include "/Users/rwalters/.volare/gf180mcuD/libs.tech/ngspice/design.ngspice"
.lib "/Users/rwalters/.volare/gf180mcuD/libs.tech/ngspice/sm141064.ngspice" ff
.temp -40
.param sim_temp=-40
.param vsup=3.30
.param b0_code=1
.param b1_code=0
.include "/Users/rwalters/GitHub/gf180-pll/.loom/worktrees/issue-9/sim/cp-compliance/testbench/tb_cp_dc.sp"
.end

==== ngspice output ====

Note: Compatibility modes selected: hs a

Warning: m=xx on .subckt line will override multiplier m hierarchy!


Circuit: * generated by simenv.sh -- do not edit; edit /users/rwalters/github/gf180-pll/.loom/worktrees/issue-9/sim/cp-compliance/testbench/tb_cp_dc.sp instead

Doing analysis at TEMP = -40.000000 and TNOM = 27.000000

Using SPARSE 1.3 as Direct Linear Solver

No. of Data Rows : 182
Doing analysis at TEMP = -40.000000 and TNOM = 27.000000

Using SPARSE 1.3 as Direct Linear Solver

No. of Data Rows : 1
SATLO nbot_vds 0.0713147 nbot_vdsat 0.0732749 ncasc_vds 0.827845 ncasc_vdsat 0.0704659 ptop_vds 0.0736046 ptop_vdsat 0.0806835 pcasc_vds 2.0441 pcasc_vdsat 0.0761726
Doing analysis at TEMP = -40.000000 and TNOM = 27.000000

Using SPARSE 1.3 as Direct Linear Solver

No. of Data Rows : 1
SATHI nbot_vds 0.0740242 nbot_vdsat 0.0732749 ncasc_vds 2.28826 ncasc_vdsat 0.068752 ptop_vds 0.0727597 ptop_vdsat 0.0806835 pcasc_vds 0.824282 pcasc_vdsat 0.0768433
Note: Simulation executed from .control section 
