==== generated deck (dc_sf_-40c_2.97v_code01) ====
* GENERATED by simenv.sh -- do not edit; edit /Users/rwalters/GitHub/gf180-pll/.loom/worktrees/issue-9/sim/cp-compliance/testbench/tb_cp_dc.sp instead
* tag=dc_sf_Tm40_V2p97_C01 libs=sf temp=-40C
.include "/Users/rwalters/.volare/gf180mcuD/libs.tech/ngspice/design.ngspice"
.lib "/Users/rwalters/.volare/gf180mcuD/libs.tech/ngspice/sm141064.ngspice" sf
.temp -40
.param sim_temp=-40
.param vsup=2.97
.param b0_code=1
.param b1_code=0
.include "/Users/rwalters/GitHub/gf180-pll/.loom/worktrees/issue-9/sim/cp-compliance/testbench/tb_cp_dc.sp"
.end

==== ngspice output ====

Note: Compatibility modes selected: hs a

Warning: m=xx on .subckt line will override multiplier m hierarchy!


Circuit: * generated by simenv.sh -- do not edit; edit /users/rwalters/github/gf180-pll/.loom/worktrees/issue-9/sim/cp-compliance/testbench/tb_cp_dc.sp instead

Doing analysis at TEMP = -40.000000 and TNOM = 27.000000

Using SPARSE 1.3 as Direct Linear Solver

No. of Data Rows : 182
Doing analysis at TEMP = -40.000000 and TNOM = 27.000000

Using SPARSE 1.3 as Direct Linear Solver

No. of Data Rows : 1
SATLO nbot_vds 0.0731542 nbot_vdsat 0.0756139 ncasc_vds 0.825701 ncasc_vdsat 0.0727172 ptop_vds 0.0740013 ptop_vdsat 0.0813292 pcasc_vds 1.71463 pcasc_vdsat 0.0769522
Doing analysis at TEMP = -40.000000 and TNOM = 27.000000

Using SPARSE 1.3 as Direct Linear Solver

No. of Data Rows : 1
SATHI nbot_vds 0.0750184 nbot_vdsat 0.0756139 ncasc_vds 1.83263 ncasc_vdsat 0.0714822 ptop_vds 0.072987 ptop_vdsat 0.0813292 pcasc_vds 0.494068 pcasc_vdsat 0.0777661
Note: Simulation executed from .control section 
