==== generated deck (dc_typical_-40c_3.30v_code10) ====
* GENERATED by simenv.sh -- do not edit; edit /Users/rwalters/GitHub/gf180-pll/.loom/worktrees/issue-9/sim/cp-compliance/testbench/tb_cp_dc.sp instead
* tag=dc_typical_Tm40_V3p30_C10 libs=typical temp=-40C
.include "/Users/rwalters/.volare/gf180mcuD/libs.tech/ngspice/design.ngspice"
.lib "/Users/rwalters/.volare/gf180mcuD/libs.tech/ngspice/sm141064.ngspice" typical
.temp -40
.param sim_temp=-40
.param vsup=3.30
.param b0_code=0
.param b1_code=1
.include "/Users/rwalters/GitHub/gf180-pll/.loom/worktrees/issue-9/sim/cp-compliance/testbench/tb_cp_dc.sp"
.end

==== ngspice output ====

Note: Compatibility modes selected: hs a

Warning: m=xx on .subckt line will override multiplier m hierarchy!


Circuit: * generated by simenv.sh -- do not edit; edit /users/rwalters/github/gf180-pll/.loom/worktrees/issue-9/sim/cp-compliance/testbench/tb_cp_dc.sp instead

Doing analysis at TEMP = -40.000000 and TNOM = 27.000000

Using SPARSE 1.3 as Direct Linear Solver
Note: Starting dynamic gmin stepping
Note: Dynamic gmin stepping completed
Note: Starting dynamic gmin stepping
Note: Dynamic gmin stepping completed
Note: Starting dynamic gmin stepping
Note: Dynamic gmin stepping completed

No. of Data Rows : 182
Doing analysis at TEMP = -40.000000 and TNOM = 27.000000

Using SPARSE 1.3 as Direct Linear Solver

No. of Data Rows : 1
SATLO nbot_vds 0.0724102 nbot_vdsat 0.0747493 ncasc_vds 0.826204 ncasc_vdsat 0.0718774 ptop_vds 0.0752285 ptop_vdsat 0.0825435 pcasc_vds 1.88769 pcasc_vdsat 0.0780661
Doing analysis at TEMP = -40.000000 and TNOM = 27.000000

Using SPARSE 1.3 as Direct Linear Solver

No. of Data Rows : 1
SATHI nbot_vds 0.0749006 nbot_vdsat 0.0747493 ncasc_vds 2.18111 ncasc_vdsat 0.0702558 ptop_vds 0.0744627 ptop_vdsat 0.0825435 pcasc_vds 0.820292 pcasc_vdsat 0.0786865
Note: Simulation executed from .control section 
