==== generated deck (sw_ff_27c_3.63v_vctrl2.4) ====
* GENERATED by simenv.sh -- do not edit; edit /Users/rwalters/GitHub/gf180-pll/.loom/worktrees/issue-9/sim/cp-compliance/testbench/tb_cp_switch.sp instead
* tag=sw_ff_T27_V3p63_X2p4 libs=ff temp=27C
.include "/Users/rwalters/.volare/gf180mcuD/libs.tech/ngspice/design.ngspice"
.lib "/Users/rwalters/.volare/gf180mcuD/libs.tech/ngspice/sm141064.ngspice" ff
.temp 27
.param sim_temp=27
.param vsup=3.63
.param vctrl=2.4
.param b0_code=0
.param b1_code=1
.include "/Users/rwalters/GitHub/gf180-pll/.loom/worktrees/issue-9/sim/cp-compliance/testbench/tb_cp_switch.sp"
.end

==== ngspice output ====

Note: Compatibility modes selected: hs a

Warning: m=xx on .subckt line will override multiplier m hierarchy!


Circuit: * generated by simenv.sh -- do not edit; edit /users/rwalters/github/gf180-pll/.loom/worktrees/issue-9/sim/cp-compliance/testbench/tb_cp_switch.sp instead

Doing analysis at TEMP = 27.000000 and TNOM = 27.000000

Using SPARSE 1.3 as Direct Linear Solver

Initial Transient Solution
--------------------------

Node                                   Voltage
----                                   -------
vdd                                       3.63
vss                                          0
hi                                        3.63
lo                                           0
b0                                           0
b1                                        3.63
ctl                                          0
ibn_u                                 0.607671
icn_u                                 0.710712
ibp_u                                  2.90487
icp_u                                  2.79112
xcpu.b0b                                  3.63
xcpu.b1b                           1.18155e-08
xcpu.upb                                  3.63
xcpu.dnb                                  3.63
xcpu.xn_base.bg                       0.607671
xcpu.xn_base.mid                     0.0832534
xcpu.dnt                               1.63981
xcpu.xn_t0.bg                      8.97944e-10
xcpu.xn_t0.mid                        0.464207
xcpu.xn_t1a.bg                        0.607671
xcpu.xn_t1a.mid                      0.0832534
xcpu.xn_t1b.bg                        0.607671
xcpu.xn_t1b.mid                      0.0832534
xcpu.xp_base.bg                        2.90487
xcpu.xp_base.mid                        3.5439
xcpu.upt                               1.65376
xcpu.xp_t0.bg                             3.63
xcpu.xp_t0.mid                         1.46087
xcpu.xp_t1a.bg                         2.90487
xcpu.xp_t1a.mid                         3.5439
xcpu.xp_t1b.bg                         2.90487
xcpu.xp_t1b.mid                         3.5439
outu                                       2.4
xcpu.vdump                             1.64186
xcpu.nclp                             0.710719
xcpu.pclp                              2.79137
ibn_d                                 0.607671
icn_d                                 0.710712
ibp_d                                  2.90487
icp_d                                  2.79112
xcpd.b0b                                  3.63
xcpd.b1b                           1.18155e-08
xcpd.upb                                  3.63
xcpd.dnb                                  3.63
xcpd.xn_base.bg                       0.607671
xcpd.xn_base.mid                     0.0832534
xcpd.dnt                               1.63981
xcpd.xn_t0.bg                      8.97944e-10
xcpd.xn_t0.mid                        0.464207
xcpd.xn_t1a.bg                        0.607671
xcpd.xn_t1a.mid                      0.0832534
xcpd.xn_t1b.bg                        0.607671
xcpd.xn_t1b.mid                      0.0832534
xcpd.xp_base.bg                        2.90487
xcpd.xp_base.mid                        3.5439
xcpd.upt                               1.65376
xcpd.xp_t0.bg                             3.63
xcpd.xp_t0.mid                         1.46087
xcpd.xp_t1a.bg                         2.90487
xcpd.xp_t1a.mid                         3.5439
xcpd.xp_t1b.bg                         2.90487
xcpd.xp_t1b.mid                         3.5439
outd                                       2.4
xcpd.vdump                             1.64186
xcpd.nclp                             0.710719
xcpd.pclp                              2.79137
vod#branch                        -2.03066e-11
vou#branch                        -2.03066e-11
vctl#branch                                  0
vb1#branch                           -3.63e-12
vb0#branch                                   0
vlo#branch                                   0
vhi#branch                           -3.63e-12
vss#branch                         5.84705e-05
vdd#branch                         -9.0471e-05


No. of Data Rows : 4020
iup_ss              =  5.28412e-06 from=  1.40000e-08 to=  1.50025e-08
idn_ss              =  -5.26149e-06 from=  1.40000e-08 to=  1.50025e-08
qup                 =  -1.28903e-14 from=  9.50000e-09 to=  1.50000e-08
qdn                 =  -4.84066e-14 from=  9.50000e-09 to=  1.50000e-08
ton_up              =  -9.99854e-11 targ=  1.00000e-08 trig=  1.01000e-08
ton_dn              =  -1.82688e-11 targ=  1.00817e-08 trig=  1.01000e-08
toff_up             =  -9.99281e-11 targ=  1.52001e-08 trig=  1.53000e-08
toff_dn             =  1.50904e-11 targ=  1.53151e-08 trig=  1.53000e-08
CPSW iup_ss=5.28412E-06 idn_ss=-5.26149E-06 qup=-1.28903E-14 qdn=-4.84066E-14 wup=-2.43944E-09 wdn=9.20017E-09 wskew=-1.16396E-08 ton_up=-9.99854E-11 ton_dn=-1.82688E-11 toff_up=-9.99281E-11 toff_dn=1.50904E-11
Note: Simulation executed from .control section 
