
Note: Compatibility modes selected: hs a


Circuit: * divider-ratio-chain @ ff_-40c_3.63v_f200n24 -- generated by sim/harness, do not edit

Doing analysis at TEMP = -40.000000 and TNOM = 27.000000

Using SPARSE 1.3 as Direct Linear Solver

Initial Transient Solution
--------------------------

Node                                   Voltage
----                                   -------
vdd_div                                   3.63
vco                                          0
sel0                                         0
sel1                                         0
sel2                                         0
sel3                                      3.63
sel4                                         0
sel5                                         0
pb0                                          0
pb1                                          0
pb2                                          0
pb3                                       3.63
pb4                                          0
pb5                                          0
xchain.xd0.sb                             3.63
xchain.mi0                         5.14279e-09
xchain.mo0                         5.14279e-09
xchain.xd0.xn3.nm1                   0.0273923
xchain.xd0.xn3.nm2                 0.000745814
xchain.xd0.dqn                     1.03593e-08
xchain.xd0.qb                             3.63
xchain.xd0.xn2q.nmid               5.17967e-09
xchain.xd0.dq                             3.63
xchain.xd0.xfq.ckb                        3.63
xchain.xd0.xfq.ckbb                5.14279e-09
xchain.xd0.xfq.nm                         3.63
xchain.xd0.xfq.nma                 1.03466e-08
xchain.xd0.xfq.nmb                        3.63
xchain.xd0.xfq.ns                         3.63
xchain.xd0.q                       5.14279e-09
xchain.ck1                         3.04276e-09
xchain.xd0.nmo                            3.63
xchain.xd0.xn2m.nmid                 0.0215424
xchain.xd0.dmo                     1.87807e-08
xchain.xd0.xfmo.ckb                       3.63
xchain.xd0.xfmo.ckbb               5.14279e-09
xchain.xd0.xfmo.nm                 2.81707e-08
xchain.xd0.xfmo.nma                       3.63
xchain.xd0.xfmo.nmb                1.02851e-08
xchain.xd0.xfmo.ns                        3.63
xchain.xd0.mob                            3.63
xchain.xd1.sb                             3.63
xchain.mi1                                3.63
xchain.mo1                         5.14279e-09
xchain.xd1.xn3.nm1                     3.09024
xchain.xd1.xn3.nm2                   0.0204242
xchain.xd1.dqn                            3.63
xchain.xd1.qb                      1.88421e-08
xchain.xd1.xn2q.nmid               7.00357e-11
xchain.xd1.dq                      1.87807e-08
xchain.xd1.xfq.ckb                        3.63
xchain.xd1.xfq.ckbb                5.14279e-09
xchain.xd1.xfq.nm                  2.81707e-08
xchain.xd1.xfq.nma                        3.63
xchain.xd1.xfq.nmb                 1.02851e-08
xchain.xd1.xfq.ns                  2.82937e-08
xchain.xd1.q                              3.63
xchain.ck2                                3.63
xchain.xd1.nmo                     1.03593e-08
xchain.xd1.xn2m.nmid               5.17967e-09
xchain.xd1.dmo                            3.63
xchain.xd1.xfmo.ckb                       3.63
xchain.xd1.xfmo.ckbb               5.14279e-09
xchain.xd1.xfmo.nm                        3.63
xchain.xd1.xfmo.nma                1.03466e-08
xchain.xd1.xfmo.nmb                       3.63
xchain.xd1.xfmo.ns                        3.63
xchain.xd1.mob                            3.63
xchain.xd2.sb                             3.63
xchain.mi2                                3.63
xchain.mo2                                3.63
xchain.xd2.xn3.nm1                     3.09001
xchain.xd2.xn3.nm2                 4.27788e-11
xchain.xd2.dqn                     1.03593e-08
xchain.xd2.qb                             3.63
xchain.xd2.xn2q.nmid               5.17967e-09
xchain.xd2.dq                             3.63
xchain.xd2.xfq.ckb                 5.14279e-09
xchain.xd2.xfq.ckbb                       3.63
xchain.xd2.xfq.nm                  2.82937e-08
xchain.xd2.xfq.nma                        3.63
xchain.xd2.xfq.nmb                 1.88421e-08
xchain.xd2.xfq.ns                         3.63
xchain.xd2.q                       5.14279e-09
xchain.ck3                         3.04276e-09
xchain.xd2.nmo                            3.63
xchain.xd2.xn2m.nmid                   3.08003
xchain.xd2.dmo                     1.03466e-08
xchain.xd2.xfmo.ckb                5.14279e-09
xchain.xd2.xfmo.ckbb                      3.63
xchain.xd2.xfmo.nm                        3.63
xchain.xd2.xfmo.nma                1.87807e-08
xchain.xd2.xfmo.nmb                       3.63
xchain.xd2.xfmo.ns                 2.81707e-08
xchain.xd2.mob                     1.02851e-08
xchain.xd3.sb                      1.55347e-08
xchain.mi3                                3.63
xchain.mo3                                3.63
xchain.xd3.xn3.nm1                 1.03565e-08
xchain.xd3.xn3.nm2                 5.17823e-09
xchain.xd3.dqn                            3.63
xchain.xd3.qb                      1.88421e-08
xchain.xd3.xn2q.nmid                 0.0215433
xchain.xd3.dq                      1.87807e-08
xchain.xd3.xfq.ckb                        3.63
xchain.xd3.xfq.ckbb                5.14279e-09
xchain.xd3.xfq.nm                  2.81707e-08
xchain.xd3.xfq.nma                        3.63
xchain.xd3.xfq.nmb                 1.02851e-08
xchain.xd3.xfq.ns                  2.82937e-08
xchain.xd3.q                              3.63
xchain.ck4                                3.63
xchain.xd3.nmo                     1.03593e-08
xchain.xd3.xn2m.nmid               5.17967e-09
xchain.xd3.dmo                            3.63
xchain.xd3.xfmo.ckb                       3.63
xchain.xd3.xfmo.ckbb               5.14279e-09
xchain.xd3.xfmo.nm                        3.63
xchain.xd3.xfmo.nma                1.02851e-08
xchain.xd3.xfmo.nmb                       3.63
xchain.xd3.xfmo.ns                 2.81707e-08
xchain.xd3.mob                     1.87807e-08
xchain.xd4.sb                             3.63
xchain.mi4                         5.14279e-09
xchain.mo4                         5.14279e-09
xchain.xd4.xn3.nm1                   0.0273932
xchain.xd4.xn3.nm2                 0.000745841
xchain.xd4.dqn                            3.63
xchain.xd4.qb                      1.02851e-08
xchain.xd4.xn2q.nmid               7.00357e-11
xchain.xd4.dq                      1.03466e-08
xchain.xd4.xfq.ckb                 5.14279e-09
xchain.xd4.xfq.ckbb                       3.63
xchain.xd4.xfq.nm                         3.63
xchain.xd4.xfq.nma                 1.87807e-08
xchain.xd4.xfq.nmb                        3.63
xchain.xd4.xfq.ns                  2.81707e-08
xchain.xd4.q                              3.63
xchain.ck5                                3.63
xchain.xd4.nmo                            3.63
xchain.xd4.xn2m.nmid               7.00359e-11
xchain.xd4.dmo                     1.02851e-08
xchain.xd4.xfmo.ckb                5.14279e-09
xchain.xd4.xfmo.ckbb                      3.63
xchain.xd4.xfmo.nm                 2.81707e-08
xchain.xd4.xfmo.nma                       3.63
xchain.xd4.xfmo.nmb                1.87807e-08
xchain.xd4.xfmo.ns                        3.63
xchain.xd4.mob                            3.63
xchain.xd5.sb                             3.63
xchain.mo5                         5.14279e-09
xchain.xd5.xn3.nm1                   0.0273923
xchain.xd5.xn3.nm2                 0.000745826
xchain.xd5.dqn                     1.03593e-08
xchain.xd5.qb                             3.63
xchain.xd5.xn2q.nmid               5.17967e-09
xchain.xd5.dq                             3.63
xchain.xd5.xfq.ckb                 5.14279e-09
xchain.xd5.xfq.ckbb                       3.63
xchain.xd5.xfq.nm                  2.82937e-08
xchain.xd5.xfq.nma                        3.63
xchain.xd5.xfq.nmb                 1.88421e-08
xchain.xd5.xfq.ns                         3.63
xchain.xd5.q                       5.14279e-09
xchain.ck6                         3.04276e-09
xchain.xd5.nmo                            3.63
xchain.xd5.xn2m.nmid                 0.0215417
xchain.xd5.dmo                     1.02851e-08
xchain.xd5.xfmo.ckb                5.14279e-09
xchain.xd5.xfmo.ckbb                      3.63
xchain.xd5.xfmo.nm                 2.81707e-08
xchain.xd5.xfmo.nma                       3.63
xchain.xd5.xfmo.nmb                1.87807e-08
xchain.xd5.xfmo.ns                        3.63
xchain.xd5.mob                            3.63
xchain.xnr0.pmid                          3.63
xchain.nmi0                               3.63
xchain.xnr1.pmid                      0.808613
xchain.nmi1                        1.09441e-08
xchain.xnr2.pmid                      0.808614
xchain.nmi2                        1.09442e-08
xchain.xnr3.pmid                          3.63
xchain.nmi3                        6.04221e-09
xchain.xnr4.pmid                          3.63
xchain.nmi4                               3.63
xchain.t0                                 3.63
xchain.xm0.nmid                      0.0215416
xchain.t1                                 3.63
xchain.xm1.nmid                        3.08003
xchain.t2                                 3.63
xchain.xm2.nmid                      0.0215416
xchain.t3                          1.03593e-08
xchain.xm3.nmid                    5.17967e-09
xchain.t4                                 3.63
xchain.xm4.nmid                        3.08003
xchain.t5                                 3.63
xchain.xm5.nmid                      0.0215417
xchain.ma                          1.55347e-08
xchain.xma.nm1                     1.03565e-08
xchain.xma.nm2                     5.17823e-09
xchain.mb                                 3.63
xchain.xmb.nm1                     1.57111e-10
xchain.xmb.nm2                     7.85555e-11
xchain.xmno.pmid                          3.63
xchain.divoutb                     6.04221e-09
divout                                    3.63
xchain.xfrt.ckb                           3.63
xchain.xfrt.ckbb                   5.14279e-09
xchain.xfrt.nm                            3.63
xchain.xfrt.nma                    1.02851e-08
xchain.xfrt.nmb                           3.63
xchain.xfrt.ns                     2.81707e-08
fb                                        3.63
xchain.fbb                         1.87807e-08
vq5#branch                                   0
vq4#branch                                   0
vq3#branch                                   0
vq2#branch                                   0
vq1#branch                                   0
vq0#branch                                   0
vs5#branch                                   0
vs4#branch                                   0
vs3#branch                                   0
vs2#branch                                   0
vs1#branch                                   0
vs0#branch                                   0
vvco#branch                                  0
vdiv#branch                       -1.03236e-09

 Reference value :  0.00000e+00
 Reference value :  5.36929e-09
 Reference value :  8.47156e-09
 Reference value :  1.25300e-08
 Reference value :  1.55693e-08
 Reference value :  1.83618e-08
 Reference value :  2.21699e-08
 Reference value :  2.54699e-08
 Reference value :  2.87719e-08
 Reference value :  3.25650e-08
 Reference value :  3.57699e-08
 Reference value :  3.95719e-08
 Reference value :  4.28719e-08
 Reference value :  4.63699e-08
 Reference value :  5.00300e-08
 Reference value :  5.30720e-08
 Reference value :  5.62700e-08
 Reference value :  5.99360e-08
 Reference value :  6.28719e-08
 Reference value :  6.66699e-08
 Reference value :  7.01070e-08
 Reference value :  7.36719e-08
 Reference value :  7.68699e-08
 Reference value :  8.01490e-08
 Reference value :  8.37719e-08
 Reference value :  8.72699e-08
 Reference value :  9.01490e-08
 Reference value :  9.37719e-08
 Reference value :  9.65699e-08
 Reference value :  9.99360e-08
 Reference value :  1.02705e-07
 Reference value :  1.05869e-07
 Reference value :  1.09372e-07
 Reference value :  1.12607e-07
 Reference value :  1.15969e-07
 Reference value :  1.19372e-07
 Reference value :  1.22607e-07
 Reference value :  1.25869e-07
 Reference value :  1.29672e-07
 Reference value :  1.32705e-07
 Reference value :  1.36069e-07
 Reference value :  1.39162e-07
 Reference value :  1.42510e-07
 Reference value :  1.45470e-07
 Reference value :  1.48572e-07
 Reference value :  1.52435e-07
 Reference value :  1.55370e-07
 Reference value :  1.58072e-07
 Reference value :  1.61570e-07
 Reference value :  1.65121e-07
 Reference value :  1.67972e-07
 Reference value :  1.71270e-07
 Reference value :  1.75000e-07
 Reference value :  1.77370e-07
 Reference value :  1.80370e-07
 Reference value :  1.84072e-07
 Reference value :  1.87270e-07
 Reference value :  1.90370e-07
 Reference value :  1.93972e-07
 Reference value :  1.97270e-07
 Reference value :  2.00470e-07
 Reference value :  2.04272e-07
 Reference value :  2.07565e-07
 Reference value :  2.10770e-07
 Reference value :  2.14672e-07
 Reference value :  2.17070e-07
 Reference value :  2.20107e-07
 Reference value :  2.23472e-07
 Reference value :  2.26969e-07
 Reference value :  2.30149e-07
 Reference value :  2.33372e-07
 Reference value :  2.36369e-07
 Reference value :  2.39936e-07
 Reference value :  2.42772e-07
 Reference value :  2.46169e-07
 Reference value :  2.50030e-07
 Reference value :  2.53172e-07
 Reference value :  2.56369e-07
 Reference value :  2.59762e-07
 Reference value :  2.62872e-07
 Reference value :  2.66170e-07
 Reference value :  2.70000e-07
 Reference value :  2.73272e-07
 Reference value :  2.76570e-07
 Reference value :  2.80121e-07
 Reference value :  2.83972e-07
 Reference value :  2.87435e-07
 Reference value :  2.90470e-07
 Reference value :  2.94572e-07
 Reference value :  2.97170e-07
 Reference value :  3.00470e-07
 Reference value :  3.04372e-07
 Reference value :  3.07565e-07
 Reference value :  3.10970e-07
 Reference value :  3.15100e-07
 Reference value :  3.17872e-07
 Reference value :  3.21670e-07
 Reference value :  3.25149e-07
 Reference value :  3.28372e-07
 Reference value :  3.32370e-07
 Reference value :  3.35570e-07
 Reference value :  3.38172e-07
 Reference value :  3.41770e-07
 Reference value :  3.45269e-07
 Reference value :  3.48472e-07
 Reference value :  3.52510e-07
 Reference value :  3.55669e-07
 Reference value :  3.59072e-07
 Reference value :  3.62607e-07
 Reference value :  3.65769e-07
 Reference value :  3.69472e-07
 Reference value :  3.72621e-07
 Reference value :  3.75869e-07
 Reference value :  3.78762e-07
 Reference value :  3.82435e-07
 Reference value :  3.85670e-07
 Reference value :  3.89272e-07
 Reference value :  3.92705e-07
 Reference value :  3.96170e-07
 Reference value :  3.99672e-07
 Reference value :  4.02649e-07
 Reference value :  4.05770e-07
 Reference value :  4.09172e-07
 Reference value :  4.12510e-07
 Reference value :  4.15470e-07
 Reference value :  4.18172e-07
 Reference value :  4.21870e-07
 Reference value :  4.25205e-07
 Reference value :  4.28172e-07
 Reference value :  4.31770e-07
 Reference value :  4.35121e-07
 Reference value :  4.37972e-07
 Reference value :  4.41570e-07
 Reference value :  4.45100e-07
 Reference value :  4.48072e-07
 Reference value :  4.51770e-07
 Reference value :  4.55205e-07
 Reference value :  4.57649e-07
No. of Data Rows : 5882

  Measurements for Transient Analysis

tfb1                =   2.20231e-07
tfb2                =   3.40231e-07
n_fb                =  2.40000e+01
tdo1                =   2.16607e-07
tdo2                =   3.36607e-07
ndo                 =  2.40000e+01
t_arr               =  1.55690e-09
t_rtcq              =  1.80602e-10
ffb2                =   2.60195e-07
fbpw                =  -8.00358e-08
iavg                =  -2.62384e-04 from=  1.25000e-07 to=  4.60000e-07

ngspice-46 done

Warning: m=xx on .subckt line will override multiplier m hierarchy!

