
Note: Compatibility modes selected: hs a


Circuit: * divider-ratio-chain @ ff_-40c_3.63v_f200n20 -- generated by sim/harness, do not edit

Doing analysis at TEMP = -40.000000 and TNOM = 27.000000

Using SPARSE 1.3 as Direct Linear Solver

Initial Transient Solution
--------------------------

Node                                   Voltage
----                                   -------
vdd_div                                   3.63
vco                                          0
sel0                                         0
sel1                                         0
sel2                                         0
sel3                                      3.63
sel4                                         0
sel5                                         0
pb0                                          0
pb1                                          0
pb2                                       3.63
pb3                                          0
pb4                                          0
pb5                                          0
xchain.xd0.sb                             3.63
xchain.mi0                                3.63
xchain.mo0                         5.14279e-09
xchain.xd0.xn3.nm1                     3.09024
xchain.xd0.xn3.nm2                    0.020424
xchain.xd0.dqn                     1.03593e-08
xchain.xd0.qb                             3.63
xchain.xd0.xn2q.nmid               5.17967e-09
xchain.xd0.dq                             3.63
xchain.xd0.xfq.ckb                        3.63
xchain.xd0.xfq.ckbb                5.14279e-09
xchain.xd0.xfq.nm                         3.63
xchain.xd0.xfq.nma                 1.03466e-08
xchain.xd0.xfq.nmb                        3.63
xchain.xd0.xfq.ns                         3.63
xchain.xd0.q                       5.14279e-09
xchain.ck1                         3.04276e-09
xchain.xd0.nmo                            3.63
xchain.xd0.xn2m.nmid                   3.08003
xchain.xd0.dmo                     1.87807e-08
xchain.xd0.xfmo.ckb                       3.63
xchain.xd0.xfmo.ckbb               5.14279e-09
xchain.xd0.xfmo.nm                 2.81707e-08
xchain.xd0.xfmo.nma                       3.63
xchain.xd0.xfmo.nmb                1.02851e-08
xchain.xd0.xfmo.ns                        3.63
xchain.xd0.mob                            3.63
xchain.xd1.sb                             3.63
xchain.mi1                                3.63
xchain.mo1                                3.63
xchain.xd1.xn3.nm1                     3.09001
xchain.xd1.xn3.nm2                 4.27787e-11
xchain.xd1.dqn                            3.63
xchain.xd1.qb                      1.88421e-08
xchain.xd1.xn2q.nmid               7.00357e-11
xchain.xd1.dq                      1.87807e-08
xchain.xd1.xfq.ckb                        3.63
xchain.xd1.xfq.ckbb                5.14279e-09
xchain.xd1.xfq.nm                  2.81707e-08
xchain.xd1.xfq.nma                        3.63
xchain.xd1.xfq.nmb                 1.02851e-08
xchain.xd1.xfq.ns                  2.82937e-08
xchain.xd1.q                              3.63
xchain.ck2                                3.63
xchain.xd1.nmo                     1.03593e-08
xchain.xd1.xn2m.nmid               5.17967e-09
xchain.xd1.dmo                            3.63
xchain.xd1.xfmo.ckb                       3.63
xchain.xd1.xfmo.ckbb               5.14279e-09
xchain.xd1.xfmo.nm                        3.63
xchain.xd1.xfmo.nma                1.02851e-08
xchain.xd1.xfmo.nmb                       3.63
xchain.xd1.xfmo.ns                 2.81707e-08
xchain.xd1.mob                     1.87807e-08
xchain.xd2.sb                      1.55347e-08
xchain.mi2                                3.63
xchain.mo2                                3.63
xchain.xd2.xn3.nm1                 1.03565e-08
xchain.xd2.xn3.nm2                 5.17823e-09
xchain.xd2.dqn                            3.63
xchain.xd2.qb                             3.63
xchain.xd2.xn2q.nmid                   3.08003
xchain.xd2.dq                      1.02851e-08
xchain.xd2.xfq.ckb                 5.14279e-09
xchain.xd2.xfq.ckbb                       3.63
xchain.xd2.xfq.nm                  2.81707e-08
xchain.xd2.xfq.nma                        3.63
xchain.xd2.xfq.nmb                 1.87807e-08
xchain.xd2.xfq.ns                         3.63
xchain.xd2.q                       5.14279e-09
xchain.ck3                         3.04276e-09
xchain.xd2.nmo                            3.63
xchain.xd2.xn2m.nmid                   3.08003
xchain.xd2.dmo                     1.03466e-08
xchain.xd2.xfmo.ckb                5.14279e-09
xchain.xd2.xfmo.ckbb                      3.63
xchain.xd2.xfmo.nm                        3.63
xchain.xd2.xfmo.nma                1.87807e-08
xchain.xd2.xfmo.nmb                       3.63
xchain.xd2.xfmo.ns                 2.81707e-08
xchain.xd2.mob                     1.02851e-08
xchain.xd3.sb                             3.63
xchain.mi3                                3.63
xchain.mo3                                3.63
xchain.xd3.xn3.nm1                     3.09001
xchain.xd3.xn3.nm2                 4.27788e-11
xchain.xd3.dqn                     1.03593e-08
xchain.xd3.qb                             3.63
xchain.xd3.xn2q.nmid               5.17967e-09
xchain.xd3.dq                             3.63
xchain.xd3.xfq.ckb                        3.63
xchain.xd3.xfq.ckbb                5.14279e-09
xchain.xd3.xfq.nm                         3.63
xchain.xd3.xfq.nma                 1.03466e-08
xchain.xd3.xfq.nmb                        3.63
xchain.xd3.xfq.ns                         3.63
xchain.xd3.q                       5.14279e-09
xchain.ck4                         3.04276e-09
xchain.xd3.nmo                            3.63
xchain.xd3.xn2m.nmid                      3.08
xchain.xd3.dmo                     1.87807e-08
xchain.xd3.xfmo.ckb                       3.63
xchain.xd3.xfmo.ckbb               5.14279e-09
xchain.xd3.xfmo.nm                 2.81707e-08
xchain.xd3.xfmo.nma                       3.63
xchain.xd3.xfmo.nmb                1.02851e-08
xchain.xd3.xfmo.ns                 2.82937e-08
xchain.xd3.mob                     1.88421e-08
xchain.xd4.sb                             3.63
xchain.mi4                         5.14279e-09
xchain.mo4                                3.63
xchain.xd4.xn3.nm1                   0.0273704
xchain.xd4.xn3.nm2                 6.42298e-13
xchain.xd4.dqn                            3.63
xchain.xd4.qb                      1.88421e-08
xchain.xd4.xn2q.nmid               7.00357e-11
xchain.xd4.dq                      1.87807e-08
xchain.xd4.xfq.ckb                        3.63
xchain.xd4.xfq.ckbb                5.14279e-09
xchain.xd4.xfq.nm                  2.81707e-08
xchain.xd4.xfq.nma                        3.63
xchain.xd4.xfq.nmb                 1.02851e-08
xchain.xd4.xfq.ns                  2.82937e-08
xchain.xd4.q                              3.63
xchain.ck5                                3.63
xchain.xd4.nmo                            3.63
xchain.xd4.xn2m.nmid               7.00357e-11
xchain.xd4.dmo                     1.87807e-08
xchain.xd4.xfmo.ckb                       3.63
xchain.xd4.xfmo.ckbb               5.14279e-09
xchain.xd4.xfmo.nm                 2.81707e-08
xchain.xd4.xfmo.nma                       3.63
xchain.xd4.xfmo.nmb                1.02851e-08
xchain.xd4.xfmo.ns                 2.82937e-08
xchain.xd4.mob                     1.88421e-08
xchain.xd5.sb                             3.63
xchain.mo5                         5.14279e-09
xchain.xd5.xn3.nm1                   0.0273923
xchain.xd5.xn3.nm2                 0.000745826
xchain.xd5.dqn                            3.63
xchain.xd5.qb                      1.02851e-08
xchain.xd5.xn2q.nmid               7.00357e-11
xchain.xd5.dq                      1.03466e-08
xchain.xd5.xfq.ckb                 5.14279e-09
xchain.xd5.xfq.ckbb                       3.63
xchain.xd5.xfq.nm                         3.63
xchain.xd5.xfq.nma                 1.87807e-08
xchain.xd5.xfq.nmb                        3.63
xchain.xd5.xfq.ns                  2.81707e-08
xchain.xd5.q                              3.63
xchain.ck6                                3.63
xchain.xd5.nmo                            3.63
xchain.xd5.xn2m.nmid               7.00356e-11
xchain.xd5.dmo                     1.02851e-08
xchain.xd5.xfmo.ckb                5.14279e-09
xchain.xd5.xfmo.ckbb                      3.63
xchain.xd5.xfmo.nm                 2.81707e-08
xchain.xd5.xfmo.nma                       3.63
xchain.xd5.xfmo.nmb                1.87807e-08
xchain.xd5.xfmo.ns                        3.63
xchain.xd5.mob                            3.63
xchain.xnr0.pmid                      0.808614
xchain.nmi0                        1.09443e-08
xchain.xnr1.pmid                      0.808614
xchain.nmi1                        1.09444e-08
xchain.xnr2.pmid                      0.808614
xchain.nmi2                        1.09443e-08
xchain.xnr3.pmid                       3.63082
xchain.nmi3                        3.02112e-09
xchain.xnr4.pmid                          3.63
xchain.nmi4                               3.63
xchain.t0                                 3.63
xchain.xm0.nmid                      0.0215416
xchain.t1                                 3.63
xchain.xm1.nmid                        3.08003
xchain.t2                                 3.63
xchain.xm2.nmid                      0.0215416
xchain.t3                                 3.63
xchain.xm3.nmid                    7.00357e-11
xchain.t4                                 3.63
xchain.xm4.nmid                        3.08003
xchain.t5                                 3.63
xchain.xm5.nmid                        3.08003
xchain.ma                          1.55347e-08
xchain.xma.nm1                     1.03565e-08
xchain.xma.nm2                     5.17823e-09
xchain.mb                          1.55347e-08
xchain.xmb.nm1                     1.03565e-08
xchain.xmb.nm2                     5.17823e-09
xchain.xmno.pmid                          3.63
xchain.divoutb                            3.63
divout                             9.91059e-09
xchain.xfrt.ckb                           3.63
xchain.xfrt.ckbb                   5.14279e-09
xchain.xfrt.nm                     1.93007e-08
xchain.xfrt.nma                           3.63
xchain.xfrt.nmb                    1.02851e-08
xchain.xfrt.ns                     2.82937e-08
fb                                        3.63
xchain.fbb                         1.88421e-08
vq5#branch                                   0
vq4#branch                                   0
vq3#branch                                   0
vq2#branch                                   0
vq1#branch                                   0
vq0#branch                                   0
vs5#branch                                   0
vs4#branch                                   0
vs3#branch                                   0
vs2#branch                                   0
vs1#branch                                   0
vs0#branch                                   0
vvco#branch                                  0
vdiv#branch                       -1.06768e-09

 Reference value :  0.00000e+00
 Reference value :  5.36990e-09
 Reference value :  8.87201e-09
 Reference value :  1.26490e-08
 Reference value :  1.57700e-08
 Reference value :  1.92719e-08
 Reference value :  2.27050e-08
 Reference value :  2.59699e-08
 Reference value :  3.00000e-08
 Reference value :  3.31719e-08
 Reference value :  3.63699e-08
 Reference value :  3.96719e-08
 Reference value :  4.29715e-08
 Reference value :  4.63693e-08
 Reference value :  5.02050e-08
 Reference value :  5.45715e-08
 Reference value :  5.76490e-08
 Reference value :  6.11693e-08
 Reference value :  6.54693e-08
 Reference value :  6.98716e-08
 Reference value :  7.33715e-08
 Reference value :  7.67693e-08
 Reference value :  8.02050e-08
 Reference value :  8.41719e-08
 Reference value :  8.75100e-08
 Reference value :  9.09699e-08
 Reference value :  9.50300e-08
 Reference value :  9.77719e-08
 Reference value :  1.01870e-07
 Reference value :  1.05270e-07
 Reference value :  1.08372e-07
 Reference value :  1.12370e-07
 Reference value :  1.15270e-07
 Reference value :  1.18072e-07
 Reference value :  1.21870e-07
 Reference value :  1.25470e-07
 Reference value :  1.29172e-07
 Reference value :  1.32649e-07
 Reference value :  1.36070e-07
 Reference value :  1.38872e-07
 Reference value :  1.42600e-07
 Reference value :  1.46069e-07
 Reference value :  1.49872e-07
 Reference value :  1.52972e-07
 Reference value :  1.56569e-07
 Reference value :  1.60065e-07
 Reference value :  1.63372e-07
 Reference value :  1.66769e-07
 Reference value :  1.70121e-07
 Reference value :  1.73772e-07
 Reference value :  1.77069e-07
 Reference value :  1.80270e-07
 Reference value :  1.83872e-07
 Reference value :  1.87270e-07
 Reference value :  1.90470e-07
 Reference value :  1.94472e-07
 Reference value :  1.97435e-07
 Reference value :  2.00570e-07
 Reference value :  2.04772e-07
 Reference value :  2.07607e-07
 Reference value :  2.10970e-07
 Reference value :  2.14872e-07
 Reference value :  2.17500e-07
 Reference value :  2.20570e-07
 Reference value :  2.24772e-07
 Reference value :  2.27772e-07
 Reference value :  2.31370e-07
 Reference value :  2.35100e-07
 Reference value :  2.37705e-07
 Reference value :  2.41270e-07
 Reference value :  2.45030e-07
 Reference value :  2.47705e-07
 Reference value :  2.51069e-07
 Reference value :  2.55010e-07
 Reference value :  2.57621e-07
 Reference value :  2.60769e-07
 Reference value :  2.64772e-07
 Reference value :  2.67705e-07
 Reference value :  2.71169e-07
 Reference value :  2.75010e-07
 Reference value :  2.77530e-07
 Reference value :  2.80470e-07
 Reference value :  2.84072e-07
 Reference value :  2.87370e-07
 Reference value :  2.90370e-07
 Reference value :  2.94072e-07
 Reference value :  2.96970e-07
 Reference value :  3.00149e-07
 Reference value :  3.03372e-07
 Reference value :  3.06570e-07
 Reference value :  3.10065e-07
 Reference value :  3.12972e-07
 Reference value :  3.15970e-07
 Reference value :  3.19772e-07
 Reference value :  3.22872e-07
 Reference value :  3.26370e-07
 Reference value :  3.30010e-07
 Reference value :  3.33472e-07
 Reference value :  3.36570e-07
 Reference value :  3.39872e-07
 Reference value :  3.42972e-07
 Reference value :  3.46569e-07
 Reference value :  3.50100e-07
 Reference value :  3.53572e-07
 Reference value :  3.56869e-07
 Reference value :  3.60205e-07
 Reference value :  3.64072e-07
 Reference value :  3.67565e-07
 Reference value :  3.70869e-07
 Reference value :  3.75010e-07
 Reference value :  3.77530e-07
 Reference value :  3.80970e-07
 Reference value :  3.85010e-07
 Reference value :  3.87972e-07
 Reference value :  3.92270e-07
 Reference value :  3.95570e-07
 Reference value :  3.98972e-07
No. of Data Rows : 5114

  Measurements for Transient Analysis

tfb1                =   1.40231e-07
tfb2                =   2.40231e-07
n_fb                =  2.00000e+01
tdo1                =   1.36610e-07
tdo2                =   2.36610e-07
ndo                 =  2.00000e+01
t_arr               =  1.55994e-09
t_rtcq              =  1.80602e-10
ffb2                =   2.80195e-07
fbpw                =  3.99642e-08
iavg                =  -2.64809e-04 from=  1.05000e-07 to=  4.00000e-07

ngspice-46 done

Warning: m=xx on .subckt line will override multiplier m hierarchy!

