
Note: Compatibility modes selected: hs a


Circuit: * divider-ratio-chain @ ff_-40c_3.63v_f200n48 -- generated by sim/harness, do not edit

Doing analysis at TEMP = -40.000000 and TNOM = 27.000000

Using SPARSE 1.3 as Direct Linear Solver

Initial Transient Solution
--------------------------

Node                                   Voltage
----                                   -------
vdd_div                                   3.63
vco                                          0
sel0                                         0
sel1                                         0
sel2                                         0
sel3                                         0
sel4                                      3.63
sel5                                         0
pb0                                          0
pb1                                          0
pb2                                          0
pb3                                          0
pb4                                       3.63
pb5                                          0
xchain.xd0.sb                             3.63
xchain.mi0                         5.14279e-09
xchain.mo0                         5.14279e-09
xchain.xd0.xn3.nm1                   0.0273923
xchain.xd0.xn3.nm2                 0.000745814
xchain.xd0.dqn                     1.03593e-08
xchain.xd0.qb                             3.63
xchain.xd0.xn2q.nmid               5.17967e-09
xchain.xd0.dq                             3.63
xchain.xd0.xfq.ckb                        3.63
xchain.xd0.xfq.ckbb                5.14279e-09
xchain.xd0.xfq.nm                         3.63
xchain.xd0.xfq.nma                 1.03466e-08
xchain.xd0.xfq.nmb                        3.63
xchain.xd0.xfq.ns                         3.63
xchain.xd0.q                       5.14279e-09
xchain.ck1                         3.04276e-09
xchain.xd0.nmo                            3.63
xchain.xd0.xn2m.nmid                 0.0215416
xchain.xd0.dmo                     1.87807e-08
xchain.xd0.xfmo.ckb                       3.63
xchain.xd0.xfmo.ckbb               5.14279e-09
xchain.xd0.xfmo.nm                 2.81707e-08
xchain.xd0.xfmo.nma                       3.63
xchain.xd0.xfmo.nmb                1.02851e-08
xchain.xd0.xfmo.ns                        3.63
xchain.xd0.mob                            3.63
xchain.xd1.sb                             3.63
xchain.mi1                         5.14279e-09
xchain.mo1                         5.14279e-09
xchain.xd1.xn3.nm1                   0.0273923
xchain.xd1.xn3.nm2                 0.000745827
xchain.xd1.dqn                            3.63
xchain.xd1.qb                      1.88421e-08
xchain.xd1.xn2q.nmid               7.00357e-11
xchain.xd1.dq                      1.87807e-08
xchain.xd1.xfq.ckb                        3.63
xchain.xd1.xfq.ckbb                5.14279e-09
xchain.xd1.xfq.nm                  2.81707e-08
xchain.xd1.xfq.nma                        3.63
xchain.xd1.xfq.nmb                 1.02851e-08
xchain.xd1.xfq.ns                  2.82937e-08
xchain.xd1.q                              3.63
xchain.ck2                                3.63
xchain.xd1.nmo                            3.63
xchain.xd1.xn2m.nmid               7.00359e-11
xchain.xd1.dmo                     1.87807e-08
xchain.xd1.xfmo.ckb                       3.63
xchain.xd1.xfmo.ckbb               5.14279e-09
xchain.xd1.xfmo.nm                 2.81707e-08
xchain.xd1.xfmo.nma                       3.63
xchain.xd1.xfmo.nmb                1.02851e-08
xchain.xd1.xfmo.ns                        3.63
xchain.xd1.mob                            3.63
xchain.xd2.sb                             3.63
xchain.mi2                                3.63
xchain.mo2                         5.14279e-09
xchain.xd2.xn3.nm1                     3.09024
xchain.xd2.xn3.nm2                   0.0204255
xchain.xd2.dqn                     1.03593e-08
xchain.xd2.qb                             3.63
xchain.xd2.xn2q.nmid               5.17967e-09
xchain.xd2.dq                             3.63
xchain.xd2.xfq.ckb                 5.14279e-09
xchain.xd2.xfq.ckbb                       3.63
xchain.xd2.xfq.nm                  2.82937e-08
xchain.xd2.xfq.nma                        3.63
xchain.xd2.xfq.nmb                 1.88421e-08
xchain.xd2.xfq.ns                         3.63
xchain.xd2.q                       5.14279e-09
xchain.ck3                         3.04276e-09
xchain.xd2.nmo                            3.63
xchain.xd2.xn2m.nmid                   3.08003
xchain.xd2.dmo                     1.02851e-08
xchain.xd2.xfmo.ckb                5.14279e-09
xchain.xd2.xfmo.ckbb                      3.63
xchain.xd2.xfmo.nm                 2.81707e-08
xchain.xd2.xfmo.nma                       3.63
xchain.xd2.xfmo.nmb                1.87807e-08
xchain.xd2.xfmo.ns                        3.63
xchain.xd2.mob                            3.63
xchain.xd3.sb                             3.63
xchain.mi3                         0.000134799
xchain.mo3                                3.63
xchain.xd3.xn3.nm1                    0.027431
xchain.xd3.xn3.nm2                 6.43143e-13
xchain.xd3.dqn                            3.63
xchain.xd3.qb                      1.88421e-08
xchain.xd3.xn2q.nmid               7.00357e-11
xchain.xd3.dq                      1.87807e-08
xchain.xd3.xfq.ckb                        3.63
xchain.xd3.xfq.ckbb                5.14279e-09
xchain.xd3.xfq.nm                  2.81707e-08
xchain.xd3.xfq.nma                        3.63
xchain.xd3.xfq.nmb                 1.02851e-08
xchain.xd3.xfq.ns                  2.82937e-08
xchain.xd3.q                              3.63
xchain.ck4                                3.63
xchain.xd3.nmo                            3.63
xchain.xd3.xn2m.nmid               7.03803e-11
xchain.xd3.dmo                     1.87807e-08
xchain.xd3.xfmo.ckb                       3.63
xchain.xd3.xfmo.ckbb               5.14279e-09
xchain.xd3.xfmo.nm                 2.81707e-08
xchain.xd3.xfmo.nma                       3.63
xchain.xd3.xfmo.nmb                1.02851e-08
xchain.xd3.xfmo.ns                 2.82937e-08
xchain.xd3.mob                     1.88421e-08
xchain.xd4.sb                          0.40638
xchain.mi4                                3.63
xchain.mo4                             1.79421
xchain.xd4.xn3.nm1                    0.289613
xchain.xd4.xn3.nm2                    0.174935
xchain.xd4.dqn                            3.63
xchain.xd4.qb                      1.02851e-08
xchain.xd4.xn2q.nmid               9.59525e-07
xchain.xd4.dq                      1.03466e-08
xchain.xd4.xfq.ckb                 5.14279e-09
xchain.xd4.xfq.ckbb                       3.63
xchain.xd4.xfq.nm                         3.63
xchain.xd4.xfq.nma                 1.87807e-08
xchain.xd4.xfq.nmb                        3.63
xchain.xd4.xfq.ns                  2.81707e-08
xchain.xd4.q                              3.63
xchain.ck5                                3.63
xchain.xd4.nmo                     1.03593e-08
xchain.xd4.xn2m.nmid               5.17967e-09
xchain.xd4.dmo                            3.63
xchain.xd4.xfmo.ckb                5.14279e-09
xchain.xd4.xfmo.ckbb                      3.63
xchain.xd4.xfmo.nm                     1.79421
xchain.xd4.xfmo.nma                    1.79421
xchain.xd4.xfmo.nmb                    1.79421
xchain.xd4.xfmo.ns                     1.79421
xchain.xd4.mob                         1.79421
xchain.xd5.sb                             3.63
xchain.mo5                         5.14279e-09
xchain.xd5.xn3.nm1                   0.0273923
xchain.xd5.xn3.nm2                 0.000745826
xchain.xd5.dqn                     1.03593e-08
xchain.xd5.qb                             3.63
xchain.xd5.xn2q.nmid               5.17967e-09
xchain.xd5.dq                             3.63
xchain.xd5.xfq.ckb                 5.14279e-09
xchain.xd5.xfq.ckbb                       3.63
xchain.xd5.xfq.nm                  2.82937e-08
xchain.xd5.xfq.nma                        3.63
xchain.xd5.xfq.nmb                 1.88421e-08
xchain.xd5.xfq.ns                         3.63
xchain.xd5.q                       5.14279e-09
xchain.ck6                         3.04276e-09
xchain.xd5.nmo                            3.63
xchain.xd5.xn2m.nmid                 0.0215417
xchain.xd5.dmo                     1.02851e-08
xchain.xd5.xfmo.ckb                5.14279e-09
xchain.xd5.xfmo.ckbb                      3.63
xchain.xd5.xfmo.nm                 2.81707e-08
xchain.xd5.xfmo.nma                       3.63
xchain.xd5.xfmo.nmb                1.87807e-08
xchain.xd5.xfmo.ns                        3.63
xchain.xd5.mob                            3.63
xchain.xnr0.pmid                          3.63
xchain.nmi0                               3.63
xchain.xnr1.pmid                          3.63
xchain.nmi1                               3.63
xchain.xnr2.pmid                      0.808615
xchain.nmi2                        1.09445e-08
xchain.xnr3.pmid                       3.26776
xchain.nmi3                            3.06561
xchain.xnr4.pmid                          3.63
xchain.nmi4                        6.04221e-09
xchain.t0                                 3.63
xchain.xm0.nmid                      0.0215416
xchain.t1                                 3.63
xchain.xm1.nmid                        3.08003
xchain.t2                                 3.63
xchain.xm2.nmid                      0.0215416
xchain.t3                                 3.63
xchain.xm3.nmid                        3.08003
xchain.t4                          1.03593e-08
xchain.xm4.nmid                    5.17967e-09
xchain.t5                                 3.63
xchain.xm5.nmid                      0.0215416
xchain.ma                          1.55347e-08
xchain.xma.nm1                     1.03565e-08
xchain.xma.nm2                     5.17823e-09
xchain.mb                                 3.63
xchain.xmb.nm1                         3.08996
xchain.xmb.nm2                     4.27767e-11
xchain.xmno.pmid                          3.63
xchain.divoutb                     6.04221e-09
divout                                    3.63
xchain.xfrt.ckb                           3.63
xchain.xfrt.ckbb                   5.14279e-09
xchain.xfrt.nm                            3.63
xchain.xfrt.nma                    1.02851e-08
xchain.xfrt.nmb                           3.63
xchain.xfrt.ns                     2.81707e-08
fb                                        3.63
xchain.fbb                         1.87807e-08
vq5#branch                                   0
vq4#branch                                   0
vq3#branch                                   0
vq2#branch                                   0
vq1#branch                                   0
vq0#branch                                   0
vs5#branch                                   0
vs4#branch                                   0
vs3#branch                                   0
vs2#branch                                   0
vs1#branch                                   0
vs0#branch                                   0
vvco#branch                                  0
vdiv#branch                        -0.00154326

 Reference value :  0.00000e+00
 Reference value :  1.22800e-09
 Reference value :  5.20500e-09
 Reference value :  7.97156e-09
 Reference value :  1.15693e-08
 Reference value :  1.50650e-08
 Reference value :  1.73693e-08
 Reference value :  2.01210e-08
 Reference value :  2.30715e-08
 Reference value :  2.61693e-08
 Reference value :  2.93716e-08
 Reference value :  3.26070e-08
 Reference value :  3.54693e-08
 Reference value :  3.79716e-08
 Reference value :  4.10693e-08
 Reference value :  4.45715e-08
 Reference value :  4.75100e-08
 Reference value :  5.02050e-08
 Reference value :  5.34715e-08
 Reference value :  5.61693e-08
 Reference value :  5.83618e-08
 Reference value :  6.13699e-08
 Reference value :  6.50000e-08
 Reference value :  6.75300e-08
 Reference value :  7.02699e-08
 Reference value :  7.33719e-08
 Reference value :  7.62699e-08
 Reference value :  7.94719e-08
 Reference value :  8.25650e-08
 Reference value :  8.53699e-08
 Reference value :  8.84719e-08
 Reference value :  9.17699e-08
 Reference value :  9.51000e-08
 Reference value :  9.75100e-08
 Reference value :  1.00205e-07
 Reference value :  1.03072e-07
 Reference value :  1.06070e-07
 Reference value :  1.09172e-07
 Reference value :  1.12435e-07
 Reference value :  1.15149e-07
 Reference value :  1.17621e-07
 Reference value :  1.20370e-07
 Reference value :  1.23372e-07
 Reference value :  1.26170e-07
 Reference value :  1.29472e-07
 Reference value :  1.32500e-07
 Reference value :  1.35205e-07
 Reference value :  1.37510e-07
 Reference value :  1.40205e-07
 Reference value :  1.43172e-07
 Reference value :  1.46370e-07
 Reference value :  1.49672e-07
 Reference value :  1.52600e-07
 Reference value :  1.55570e-07
 Reference value :  1.58272e-07
 Reference value :  1.61370e-07
 Reference value :  1.64936e-07
 Reference value :  1.67600e-07
 Reference value :  1.70470e-07
 Reference value :  1.74172e-07
 Reference value :  1.76570e-07
 Reference value :  1.79672e-07
 Reference value :  1.82530e-07
 Reference value :  1.85370e-07
 Reference value :  1.88272e-07
 Reference value :  1.91970e-07
 Reference value :  1.95100e-07
 Reference value :  1.97600e-07
 Reference value :  2.00370e-07
 Reference value :  2.03772e-07
 Reference value :  2.06670e-07
 Reference value :  2.10030e-07
 Reference value :  2.12705e-07
 Reference value :  2.15770e-07
 Reference value :  2.17872e-07
 Reference value :  2.21070e-07
 Reference value :  2.24772e-07
 Reference value :  2.27530e-07
 Reference value :  2.30369e-07
 Reference value :  2.33672e-07
 Reference value :  2.36269e-07
 Reference value :  2.39272e-07
 Reference value :  2.42510e-07
 Reference value :  2.45369e-07
 Reference value :  2.48372e-07
 Reference value :  2.51769e-07
 Reference value :  2.55100e-07
 Reference value :  2.57435e-07
 Reference value :  2.60149e-07
 Reference value :  2.63172e-07
 Reference value :  2.66069e-07
 Reference value :  2.69172e-07
 Reference value :  2.72435e-07
 Reference value :  2.75205e-07
 Reference value :  2.77705e-07
 Reference value :  2.80969e-07
 Reference value :  2.84272e-07
 Reference value :  2.87369e-07
 Reference value :  2.90205e-07
 Reference value :  2.93372e-07
 Reference value :  2.96169e-07
 Reference value :  2.98562e-07
 Reference value :  3.01670e-07
 Reference value :  3.05010e-07
 Reference value :  3.07600e-07
 Reference value :  3.10470e-07
 Reference value :  3.13672e-07
 Reference value :  3.16470e-07
 Reference value :  3.19772e-07
 Reference value :  3.22600e-07
 Reference value :  3.25570e-07
 Reference value :  3.28472e-07
 Reference value :  3.31670e-07
 Reference value :  3.35030e-07
 Reference value :  3.37370e-07
 Reference value :  3.40149e-07
 Reference value :  3.43072e-07
 Reference value :  3.45870e-07
 Reference value :  3.48972e-07
 Reference value :  3.52170e-07
 Reference value :  3.55121e-07
 Reference value :  3.57607e-07
 Reference value :  3.60370e-07
 Reference value :  3.63472e-07
 Reference value :  3.66170e-07
 Reference value :  3.69572e-07
 Reference value :  3.72510e-07
 Reference value :  3.75270e-07
 Reference value :  3.77565e-07
 Reference value :  3.80370e-07
 Reference value :  3.83572e-07
 Reference value :  3.86370e-07
 Reference value :  3.89772e-07
 Reference value :  3.92600e-07
 Reference value :  3.95470e-07
 Reference value :  3.97972e-07
 Reference value :  4.00970e-07
 Reference value :  4.04272e-07
 Reference value :  4.07270e-07
 Reference value :  4.10121e-07
 Reference value :  4.13072e-07
 Reference value :  4.16070e-07
 Reference value :  4.19072e-07
 Reference value :  4.22070e-07
 Reference value :  4.25100e-07
 Reference value :  4.27649e-07
 Reference value :  4.30670e-07
 Reference value :  4.34172e-07
 Reference value :  4.36670e-07
 Reference value :  4.40000e-07
 Reference value :  4.42649e-07
 Reference value :  4.45670e-07
 Reference value :  4.48772e-07
 Reference value :  4.52435e-07
 Reference value :  4.55149e-07
 Reference value :  4.57435e-07
 Reference value :  4.60149e-07
 Reference value :  4.62972e-07
 Reference value :  4.66069e-07
 Reference value :  4.69372e-07
 Reference value :  4.72565e-07
 Reference value :  4.75369e-07
 Reference value :  4.77772e-07
 Reference value :  4.80769e-07
 Reference value :  4.83972e-07
 Reference value :  4.86869e-07
 Reference value :  4.90065e-07
 Reference value :  4.92972e-07
 Reference value :  4.95869e-07
 Reference value :  4.98372e-07
 Reference value :  5.01769e-07
 Reference value :  5.05030e-07
 Reference value :  5.07621e-07
 Reference value :  5.10569e-07
 Reference value :  5.14072e-07
 Reference value :  5.16969e-07
 Reference value :  5.20065e-07
 Reference value :  5.22872e-07
 Reference value :  5.26069e-07
 Reference value :  5.29372e-07
 Reference value :  5.32510e-07
 Reference value :  5.35369e-07
 Reference value :  5.37600e-07
 Reference value :  5.40370e-07
 Reference value :  5.43672e-07
 Reference value :  5.46570e-07
 Reference value :  5.49872e-07
 Reference value :  5.52600e-07
 Reference value :  5.55470e-07
 Reference value :  5.57972e-07
 Reference value :  5.60970e-07
 Reference value :  5.64572e-07
 Reference value :  5.67500e-07
 Reference value :  5.70149e-07
 Reference value :  5.73072e-07
 Reference value :  5.76170e-07
 Reference value :  5.78972e-07
 Reference value :  5.82170e-07
 Reference value :  5.85107e-07
 Reference value :  5.88672e-07
 Reference value :  5.92270e-07
 Reference value :  5.95205e-07
 Reference value :  5.97705e-07
 Reference value :  6.00770e-07
 Reference value :  6.04172e-07
 Reference value :  6.06770e-07
 Reference value :  6.10000e-07
 Reference value :  6.12607e-07
 Reference value :  6.15270e-07
 Reference value :  6.17565e-07
 Reference value :  6.20270e-07
 Reference value :  6.23172e-07
 Reference value :  6.26070e-07
 Reference value :  6.29372e-07
 Reference value :  6.32435e-07
 Reference value :  6.35205e-07
 Reference value :  6.37705e-07
 Reference value :  6.40670e-07
 Reference value :  6.43972e-07
 Reference value :  6.46870e-07
 Reference value :  6.50065e-07
 Reference value :  6.52772e-07
 Reference value :  6.55770e-07
 Reference value :  6.58272e-07
 Reference value :  6.61370e-07
 Reference value :  6.64772e-07
 Reference value :  6.67500e-07
 Reference value :  6.70205e-07
 Reference value :  6.73272e-07
 Reference value :  6.76270e-07
 Reference value :  6.79472e-07
 Reference value :  6.82530e-07
 Reference value :  6.85370e-07
 Reference value :  6.88172e-07
 Reference value :  6.91270e-07
 Reference value :  6.94772e-07
 Reference value :  6.96870e-07
 Reference value :  7.00000e-07
 Reference value :  7.02621e-07
 Reference value :  7.05469e-07
 Reference value :  7.08472e-07
 Reference value :  7.12069e-07
 Reference value :  7.15121e-07
 Reference value :  7.17621e-07
 Reference value :  7.20669e-07
 Reference value :  7.23972e-07
 Reference value :  7.26969e-07
 Reference value :  7.30100e-07
 Reference value :  7.33072e-07
 Reference value :  7.35969e-07
 Reference value :  7.38472e-07
 Reference value :  7.41869e-07
 Reference value :  7.45065e-07
 Reference value :  7.47621e-07
 Reference value :  7.50569e-07
 Reference value :  7.53872e-07
 Reference value :  7.56469e-07
 Reference value :  7.59772e-07
 Reference value :  7.62607e-07
 Reference value :  7.65469e-07
 Reference value :  7.68372e-07
 Reference value :  7.71769e-07
 Reference value :  7.75065e-07
 Reference value :  7.77369e-07
 Reference value :  7.80107e-07
 Reference value :  7.82872e-07
 Reference value :  7.85870e-07
 Reference value :  7.88972e-07
 Reference value :  7.92370e-07
 Reference value :  7.95149e-07
 Reference value :  7.97649e-07
 Reference value :  8.00570e-07
 Reference value :  8.03772e-07
 Reference value :  8.06670e-07
 Reference value :  8.10000e-07
 Reference value :  8.12705e-07
 Reference value :  8.15670e-07
 Reference value :  8.17972e-07
No. of Data Rows : 10490

  Measurements for Transient Analysis

tfb1                =   4.60231e-07
tfb2                =   7.00231e-07
n_fb                =  4.80000e+01
tdo1                =   4.56935e-07
tdo2                =   6.96935e-07
ndo                 =  4.80000e+01
t_arr               =  1.88518e-09
t_rtcq              =  1.80602e-10
ffb2                =   5.40195e-07
fbpw                =  -1.60036e-07
iavg                =  -2.50355e-04 from=  2.45000e-07 to=  8.20000e-07

ngspice-46 done

Warning: m=xx on .subckt line will override multiplier m hierarchy!

