
Note: Compatibility modes selected: hs a


Circuit: * divider-ratio-chain @ ff_-40c_3.63v_f200n27 -- generated by sim/harness, do not edit

Doing analysis at TEMP = -40.000000 and TNOM = 27.000000

Using SPARSE 1.3 as Direct Linear Solver

Initial Transient Solution
--------------------------

Node                                   Voltage
----                                   -------
vdd_div                                   3.63
vco                                          0
sel0                                         0
sel1                                         0
sel2                                         0
sel3                                      3.63
sel4                                         0
sel5                                         0
pb0                                       3.63
pb1                                       3.63
pb2                                          0
pb3                                       3.63
pb4                                          0
pb5                                          0
xchain.xd0.sb                             3.63
xchain.mi0                         5.14279e-09
xchain.mo0                         5.14279e-09
xchain.xd0.xn3.nm1                   0.0197445
xchain.xd0.xn3.nm2                   0.0197445
xchain.xd0.dqn                     1.03593e-08
xchain.xd0.qb                             3.63
xchain.xd0.xn2q.nmid               5.17967e-09
xchain.xd0.dq                             3.63
xchain.xd0.xfq.ckb                        3.63
xchain.xd0.xfq.ckbb                5.14279e-09
xchain.xd0.xfq.nm                         3.63
xchain.xd0.xfq.nma                 1.03466e-08
xchain.xd0.xfq.nmb                        3.63
xchain.xd0.xfq.ns                         3.63
xchain.xd0.q                       5.14279e-09
xchain.ck1                         3.04276e-09
xchain.xd0.nmo                            3.63
xchain.xd0.xn2m.nmid                 0.0215432
xchain.xd0.dmo                     1.87807e-08
xchain.xd0.xfmo.ckb                       3.63
xchain.xd0.xfmo.ckbb               5.14279e-09
xchain.xd0.xfmo.nm                 2.81707e-08
xchain.xd0.xfmo.nma                       3.63
xchain.xd0.xfmo.nmb                1.02851e-08
xchain.xd0.xfmo.ns                        3.63
xchain.xd0.mob                            3.63
xchain.xd1.sb                             3.63
xchain.mi1                                3.63
xchain.mo1                         5.14279e-09
xchain.xd1.xn3.nm1                     3.07551
xchain.xd1.xn3.nm2                     3.04885
xchain.xd1.dqn                            3.63
xchain.xd1.qb                      1.88421e-08
xchain.xd1.xn2q.nmid               7.00357e-11
xchain.xd1.dq                      1.87807e-08
xchain.xd1.xfq.ckb                        3.63
xchain.xd1.xfq.ckbb                5.14279e-09
xchain.xd1.xfq.nm                  2.81707e-08
xchain.xd1.xfq.nma                        3.63
xchain.xd1.xfq.nmb                 1.02851e-08
xchain.xd1.xfq.ns                  2.82937e-08
xchain.xd1.q                              3.63
xchain.ck2                                3.63
xchain.xd1.nmo                     1.03593e-08
xchain.xd1.xn2m.nmid               5.17967e-09
xchain.xd1.dmo                            3.63
xchain.xd1.xfmo.ckb                       3.63
xchain.xd1.xfmo.ckbb               5.14279e-09
xchain.xd1.xfmo.nm                        3.63
xchain.xd1.xfmo.nma                1.03466e-08
xchain.xd1.xfmo.nmb                       3.63
xchain.xd1.xfmo.ns                        3.63
xchain.xd1.mob                            3.63
xchain.xd2.sb                             3.63
xchain.mi2                                3.63
xchain.mo2                                3.63
xchain.xd2.xn3.nm1                     3.09001
xchain.xd2.xn3.nm2                 4.27787e-11
xchain.xd2.dqn                     1.03593e-08
xchain.xd2.qb                             3.63
xchain.xd2.xn2q.nmid               5.17967e-09
xchain.xd2.dq                             3.63
xchain.xd2.xfq.ckb                 5.14279e-09
xchain.xd2.xfq.ckbb                       3.63
xchain.xd2.xfq.nm                  2.82937e-08
xchain.xd2.xfq.nma                        3.63
xchain.xd2.xfq.nmb                 1.88421e-08
xchain.xd2.xfq.ns                         3.63
xchain.xd2.q                       5.14279e-09
xchain.ck3                         3.04276e-09
xchain.xd2.nmo                            3.63
xchain.xd2.xn2m.nmid                   3.08003
xchain.xd2.dmo                     1.03466e-08
xchain.xd2.xfmo.ckb                5.14279e-09
xchain.xd2.xfmo.ckbb                      3.63
xchain.xd2.xfmo.nm                        3.63
xchain.xd2.xfmo.nma                1.87807e-08
xchain.xd2.xfmo.nmb                       3.63
xchain.xd2.xfmo.ns                 2.81707e-08
xchain.xd2.mob                     1.02851e-08
xchain.xd3.sb                      1.55347e-08
xchain.mi3                                3.63
xchain.mo3                                3.63
xchain.xd3.xn3.nm1                 1.03565e-08
xchain.xd3.xn3.nm2                 5.17823e-09
xchain.xd3.dqn                            3.63
xchain.xd3.qb                      1.88421e-08
xchain.xd3.xn2q.nmid                 0.0215417
xchain.xd3.dq                      1.87807e-08
xchain.xd3.xfq.ckb                        3.63
xchain.xd3.xfq.ckbb                5.14279e-09
xchain.xd3.xfq.nm                  2.81707e-08
xchain.xd3.xfq.nma                        3.63
xchain.xd3.xfq.nmb                 1.02851e-08
xchain.xd3.xfq.ns                  2.82937e-08
xchain.xd3.q                              3.63
xchain.ck4                                3.63
xchain.xd3.nmo                     1.03593e-08
xchain.xd3.xn2m.nmid               5.17967e-09
xchain.xd3.dmo                            3.63
xchain.xd3.xfmo.ckb                       3.63
xchain.xd3.xfmo.ckbb               5.14279e-09
xchain.xd3.xfmo.nm                        3.63
xchain.xd3.xfmo.nma                1.02851e-08
xchain.xd3.xfmo.nmb                       3.63
xchain.xd3.xfmo.ns                 2.81707e-08
xchain.xd3.mob                     1.87807e-08
xchain.xd4.sb                             3.63
xchain.mi4                         5.14279e-09
xchain.mo4                         5.14279e-09
xchain.xd4.xn3.nm1                   0.0273923
xchain.xd4.xn3.nm2                 0.000745826
xchain.xd4.dqn                            3.63
xchain.xd4.qb                      1.02851e-08
xchain.xd4.xn2q.nmid               7.00357e-11
xchain.xd4.dq                      1.03466e-08
xchain.xd4.xfq.ckb                 5.14279e-09
xchain.xd4.xfq.ckbb                       3.63
xchain.xd4.xfq.nm                         3.63
xchain.xd4.xfq.nma                 1.87807e-08
xchain.xd4.xfq.nmb                        3.63
xchain.xd4.xfq.ns                  2.81707e-08
xchain.xd4.q                              3.63
xchain.ck5                                3.63
xchain.xd4.nmo                            3.63
xchain.xd4.xn2m.nmid               7.00357e-11
xchain.xd4.dmo                     1.02851e-08
xchain.xd4.xfmo.ckb                5.14279e-09
xchain.xd4.xfmo.ckbb                      3.63
xchain.xd4.xfmo.nm                 2.81707e-08
xchain.xd4.xfmo.nma                       3.63
xchain.xd4.xfmo.nmb                1.87807e-08
xchain.xd4.xfmo.ns                        3.63
xchain.xd4.mob                            3.63
xchain.xd5.sb                             3.63
xchain.mo5                         5.14279e-09
xchain.xd5.xn3.nm1                   0.0273923
xchain.xd5.xn3.nm2                 0.000745826
xchain.xd5.dqn                     1.03593e-08
xchain.xd5.qb                             3.63
xchain.xd5.xn2q.nmid               5.17967e-09
xchain.xd5.dq                             3.63
xchain.xd5.xfq.ckb                 5.14279e-09
xchain.xd5.xfq.ckbb                       3.63
xchain.xd5.xfq.nm                  2.82937e-08
xchain.xd5.xfq.nma                        3.63
xchain.xd5.xfq.nmb                 1.88421e-08
xchain.xd5.xfq.ns                         3.63
xchain.xd5.q                       5.14279e-09
xchain.ck6                         3.04276e-09
xchain.xd5.nmo                            3.63
xchain.xd5.xn2m.nmid                 0.0215417
xchain.xd5.dmo                     1.02851e-08
xchain.xd5.xfmo.ckb                5.14279e-09
xchain.xd5.xfmo.ckbb                      3.63
xchain.xd5.xfmo.nm                 2.81707e-08
xchain.xd5.xfmo.nma                       3.63
xchain.xd5.xfmo.nmb                1.87807e-08
xchain.xd5.xfmo.ns                        3.63
xchain.xd5.mob                            3.63
xchain.xnr0.pmid                          3.63
xchain.nmi0                               3.63
xchain.xnr1.pmid                      0.808614
xchain.nmi1                        1.09444e-08
xchain.xnr2.pmid                      0.808614
xchain.nmi2                        1.09443e-08
xchain.xnr3.pmid                          3.63
xchain.nmi3                        6.04221e-09
xchain.xnr4.pmid                          3.63
xchain.nmi4                               3.63
xchain.t0                                 3.63
xchain.xm0.nmid                      0.0215416
xchain.t1                                 3.63
xchain.xm1.nmid                        3.08003
xchain.t2                                 3.63
xchain.xm2.nmid                      0.0215416
xchain.t3                          1.03593e-08
xchain.xm3.nmid                    5.17967e-09
xchain.t4                                 3.63
xchain.xm4.nmid                        3.08003
xchain.t5                                 3.63
xchain.xm5.nmid                      0.0215416
xchain.ma                          1.55347e-08
xchain.xma.nm1                     1.03565e-08
xchain.xma.nm2                     5.17823e-09
xchain.mb                                 3.63
xchain.xmb.nm1                      1.5711e-10
xchain.xmb.nm2                     7.85552e-11
xchain.xmno.pmid                          3.63
xchain.divoutb                     6.04221e-09
divout                                    3.63
xchain.xfrt.ckb                           3.63
xchain.xfrt.ckbb                   5.14279e-09
xchain.xfrt.nm                            3.63
xchain.xfrt.nma                    1.02851e-08
xchain.xfrt.nmb                           3.63
xchain.xfrt.ns                     2.81707e-08
fb                                        3.63
xchain.fbb                         1.87807e-08
vq5#branch                                   0
vq4#branch                                   0
vq3#branch                                   0
vq2#branch                                   0
vq1#branch                                   0
vq0#branch                                   0
vs5#branch                                   0
vs4#branch                                   0
vs3#branch                                   0
vs2#branch                                   0
vs1#branch                                   0
vs0#branch                                   0
vvco#branch                                  0
vdiv#branch                       -1.03824e-09

 Reference value :  0.00000e+00
 Reference value :  5.36929e-09
 Reference value :  8.37156e-09
 Reference value :  1.18693e-08
 Reference value :  1.51490e-08
 Reference value :  1.89715e-08
 Reference value :  2.24346e-08
 Reference value :  2.53693e-08
 Reference value :  2.91715e-08
 Reference value :  3.20693e-08
 Reference value :  3.52050e-08
 Reference value :  3.85719e-08
 Reference value :  4.21699e-08
 Reference value :  4.54699e-08
 Reference value :  4.93719e-08
 Reference value :  5.25100e-08
 Reference value :  5.55699e-08
 Reference value :  5.92719e-08
 Reference value :  6.25300e-08
 Reference value :  6.55700e-08
 Reference value :  6.93716e-08
 Reference value :  7.27050e-08
 Reference value :  7.60699e-08
 Reference value :  7.99360e-08
 Reference value :  8.27719e-08
 Reference value :  8.61699e-08
 Reference value :  8.92719e-08
 Reference value :  9.26490e-08
 Reference value :  9.60699e-08
 Reference value :  9.99360e-08
 Reference value :  1.02872e-07
 Reference value :  1.06370e-07
 Reference value :  1.10100e-07
 Reference value :  1.13372e-07
 Reference value :  1.17435e-07
 Reference value :  1.20470e-07
 Reference value :  1.25000e-07
 Reference value :  1.27649e-07
 Reference value :  1.31170e-07
 Reference value :  1.35149e-07
 Reference value :  1.38372e-07
 Reference value :  1.42369e-07
 Reference value :  1.45769e-07
 Reference value :  1.49172e-07
 Reference value :  1.52621e-07
 Reference value :  1.56369e-07
 Reference value :  1.60205e-07
 Reference value :  1.64372e-07
 Reference value :  1.67369e-07
 Reference value :  1.70570e-07
 Reference value :  1.74372e-07
 Reference value :  1.77621e-07
 Reference value :  1.81070e-07
 Reference value :  1.85065e-07
 Reference value :  1.87649e-07
 Reference value :  1.91170e-07
 Reference value :  1.95270e-07
 Reference value :  1.98372e-07
 Reference value :  2.02070e-07
 Reference value :  2.05370e-07
 Reference value :  2.09936e-07
 Reference value :  2.12772e-07
 Reference value :  2.16270e-07
 Reference value :  2.20065e-07
 Reference value :  2.22530e-07
 Reference value :  2.25570e-07
 Reference value :  2.29172e-07
 Reference value :  2.32565e-07
 Reference value :  2.35970e-07
 Reference value :  2.40149e-07
 Reference value :  2.42972e-07
 Reference value :  2.46470e-07
 Reference value :  2.50121e-07
 Reference value :  2.53072e-07
 Reference value :  2.56770e-07
 Reference value :  2.60205e-07
 Reference value :  2.62772e-07
 Reference value :  2.66470e-07
 Reference value :  2.70149e-07
 Reference value :  2.73272e-07
 Reference value :  2.76869e-07
 Reference value :  2.80269e-07
 Reference value :  2.83072e-07
 Reference value :  2.86669e-07
 Reference value :  2.90205e-07
 Reference value :  2.93372e-07
 Reference value :  2.97369e-07
 Reference value :  3.00569e-07
 Reference value :  3.03262e-07
 Reference value :  3.06870e-07
 Reference value :  3.10270e-07
 Reference value :  3.13372e-07
 Reference value :  3.17170e-07
 Reference value :  3.20370e-07
 Reference value :  3.23172e-07
 Reference value :  3.26770e-07
 Reference value :  3.30270e-07
 Reference value :  3.33072e-07
 Reference value :  3.36570e-07
 Reference value :  3.40100e-07
 Reference value :  3.43772e-07
 Reference value :  3.47370e-07
 Reference value :  3.50270e-07
 Reference value :  3.53972e-07
 Reference value :  3.56770e-07
 Reference value :  3.60121e-07
 Reference value :  3.63572e-07
 Reference value :  3.67270e-07
 Reference value :  3.70205e-07
 Reference value :  3.73672e-07
 Reference value :  3.76970e-07
 Reference value :  3.80107e-07
 Reference value :  3.83272e-07
 Reference value :  3.87070e-07
 Reference value :  3.90149e-07
 Reference value :  3.93672e-07
 Reference value :  3.96570e-07
 Reference value :  3.99872e-07
 Reference value :  4.02705e-07
 Reference value :  4.06169e-07
 Reference value :  4.10000e-07
 Reference value :  4.12872e-07
 Reference value :  4.16269e-07
 Reference value :  4.19872e-07
 Reference value :  4.22772e-07
 Reference value :  4.26569e-07
 Reference value :  4.30065e-07
 Reference value :  4.33172e-07
 Reference value :  4.36469e-07
 Reference value :  4.40010e-07
 Reference value :  4.42972e-07
 Reference value :  4.46370e-07
 Reference value :  4.50010e-07
 Reference value :  4.53172e-07
 Reference value :  4.56670e-07
 Reference value :  4.60065e-07
 Reference value :  4.63072e-07
 Reference value :  4.66570e-07
 Reference value :  4.70100e-07
 Reference value :  4.73272e-07
 Reference value :  4.77435e-07
 Reference value :  4.80670e-07
 Reference value :  4.84172e-07
 Reference value :  4.87600e-07
 Reference value :  4.90870e-07
 Reference value :  4.93872e-07
 Reference value :  4.97500e-07
 Reference value :  5.00570e-07
 Reference value :  5.03972e-07
No. of Data Rows : 6458

  Measurements for Transient Analysis

tfb1                =   2.65231e-07
tfb2                =   4.00231e-07
n_fb                =  2.70000e+01
tdo1                =   2.61607e-07
tdo2                =   3.96607e-07
ndo                 =  2.70000e+01
t_arr               =  1.55691e-09
t_rtcq              =  1.80602e-10
ffb2                =   3.05195e-07
fbpw                =  -9.50358e-08
iavg                =  -2.45577e-04 from=  1.40000e-07 to=  5.05000e-07

ngspice-46 done

Warning: m=xx on .subckt line will override multiplier m hierarchy!

