
Note: Compatibility modes selected: hs a


Circuit: * divider-ratio-chain @ ff_-40c_3.63v_f200n38 -- generated by sim/harness, do not edit

Doing analysis at TEMP = -40.000000 and TNOM = 27.000000

Using SPARSE 1.3 as Direct Linear Solver

Initial Transient Solution
--------------------------

Node                                   Voltage
----                                   -------
vdd_div                                   3.63
vco                                          0
sel0                                         0
sel1                                         0
sel2                                         0
sel3                                         0
sel4                                      3.63
sel5                                         0
pb0                                          0
pb1                                       3.63
pb2                                       3.63
pb3                                          0
pb4                                          0
pb5                                          0
xchain.xd0.sb                             3.63
xchain.mi0                         5.14279e-09
xchain.mo0                         5.14279e-09
xchain.xd0.xn3.nm1                   0.0273923
xchain.xd0.xn3.nm2                 0.000745814
xchain.xd0.dqn                     1.03593e-08
xchain.xd0.qb                             3.63
xchain.xd0.xn2q.nmid               5.17967e-09
xchain.xd0.dq                             3.63
xchain.xd0.xfq.ckb                        3.63
xchain.xd0.xfq.ckbb                5.14279e-09
xchain.xd0.xfq.nm                         3.63
xchain.xd0.xfq.nma                 1.03466e-08
xchain.xd0.xfq.nmb                        3.63
xchain.xd0.xfq.ns                         3.63
xchain.xd0.q                       5.14279e-09
xchain.ck1                         3.04276e-09
xchain.xd0.nmo                            3.63
xchain.xd0.xn2m.nmid                 0.0215416
xchain.xd0.dmo                     1.87807e-08
xchain.xd0.xfmo.ckb                       3.63
xchain.xd0.xfmo.ckbb               5.14279e-09
xchain.xd0.xfmo.nm                 2.81707e-08
xchain.xd0.xfmo.nma                       3.63
xchain.xd0.xfmo.nmb                1.02851e-08
xchain.xd0.xfmo.ns                        3.63
xchain.xd0.mob                            3.63
xchain.xd1.sb                             3.63
xchain.mi1                         5.14279e-09
xchain.mo1                         5.14279e-09
xchain.xd1.xn3.nm1                   0.0197458
xchain.xd1.xn3.nm2                   0.0197458
xchain.xd1.dqn                     1.03593e-08
xchain.xd1.qb                             3.63
xchain.xd1.xn2q.nmid               5.17967e-09
xchain.xd1.dq                             3.63
xchain.xd1.xfq.ckb                        3.63
xchain.xd1.xfq.ckbb                5.14279e-09
xchain.xd1.xfq.nm                         3.63
xchain.xd1.xfq.nma                 1.03466e-08
xchain.xd1.xfq.nmb                        3.63
xchain.xd1.xfq.ns                         3.63
xchain.xd1.q                       5.14279e-09
xchain.ck2                         3.04276e-09
xchain.xd1.nmo                            3.63
xchain.xd1.xn2m.nmid                 0.0215416
xchain.xd1.dmo                     1.87807e-08
xchain.xd1.xfmo.ckb                       3.63
xchain.xd1.xfmo.ckbb               5.14279e-09
xchain.xd1.xfmo.nm                 2.81707e-08
xchain.xd1.xfmo.nma                       3.63
xchain.xd1.xfmo.nmb                1.02851e-08
xchain.xd1.xfmo.ns                        3.63
xchain.xd1.mob                            3.63
xchain.xd2.sb                             3.63
xchain.mi2                                3.63
xchain.mo2                         5.14279e-09
xchain.xd2.xn3.nm1                     3.07551
xchain.xd2.xn3.nm2                     3.04876
xchain.xd2.dqn                     1.03593e-08
xchain.xd2.qb                             3.63
xchain.xd2.xn2q.nmid               5.17967e-09
xchain.xd2.dq                             3.63
xchain.xd2.xfq.ckb                        3.63
xchain.xd2.xfq.ckbb                5.14279e-09
xchain.xd2.xfq.nm                         3.63
xchain.xd2.xfq.nma                 1.03466e-08
xchain.xd2.xfq.nmb                        3.63
xchain.xd2.xfq.ns                         3.63
xchain.xd2.q                       5.14279e-09
xchain.ck3                         3.04276e-09
xchain.xd2.nmo                            3.63
xchain.xd2.xn2m.nmid                   3.08003
xchain.xd2.dmo                     1.87807e-08
xchain.xd2.xfmo.ckb                       3.63
xchain.xd2.xfmo.ckbb               5.14279e-09
xchain.xd2.xfmo.nm                 2.81707e-08
xchain.xd2.xfmo.nma                       3.63
xchain.xd2.xfmo.nmb                1.02851e-08
xchain.xd2.xfmo.ns                        3.63
xchain.xd2.mob                            3.63
xchain.xd3.sb                             3.63
xchain.mi3                         5.14279e-09
xchain.mo3                                3.63
xchain.xd3.xn3.nm1                   0.0273705
xchain.xd3.xn3.nm2                 6.42299e-13
xchain.xd3.dqn                            3.63
xchain.xd3.qb                      1.88421e-08
xchain.xd3.xn2q.nmid               7.00357e-11
xchain.xd3.dq                      1.87807e-08
xchain.xd3.xfq.ckb                        3.63
xchain.xd3.xfq.ckbb                5.14279e-09
xchain.xd3.xfq.nm                  2.81707e-08
xchain.xd3.xfq.nma                        3.63
xchain.xd3.xfq.nmb                 1.02851e-08
xchain.xd3.xfq.ns                  2.82937e-08
xchain.xd3.q                              3.63
xchain.ck4                                3.63
xchain.xd3.nmo                            3.63
xchain.xd3.xn2m.nmid               7.00357e-11
xchain.xd3.dmo                     1.87807e-08
xchain.xd3.xfmo.ckb                       3.63
xchain.xd3.xfmo.ckbb               5.14279e-09
xchain.xd3.xfmo.nm                 2.81707e-08
xchain.xd3.xfmo.nma                       3.63
xchain.xd3.xfmo.nmb                1.02851e-08
xchain.xd3.xfmo.ns                 2.82937e-08
xchain.xd3.mob                     1.88421e-08
xchain.xd4.sb                             3.63
xchain.mi4                                3.63
xchain.mo4                         5.14279e-09
xchain.xd4.xn3.nm1                     3.09024
xchain.xd4.xn3.nm2                   0.0204241
xchain.xd4.dqn                     1.03593e-08
xchain.xd4.qb                             3.63
xchain.xd4.xn2q.nmid               5.17967e-09
xchain.xd4.dq                             3.63
xchain.xd4.xfq.ckb                 5.14279e-09
xchain.xd4.xfq.ckbb                       3.63
xchain.xd4.xfq.nm                  2.82937e-08
xchain.xd4.xfq.nma                        3.63
xchain.xd4.xfq.nmb                 1.88421e-08
xchain.xd4.xfq.ns                         3.63
xchain.xd4.q                       5.14279e-09
xchain.ck5                         3.04276e-09
xchain.xd4.nmo                            3.63
xchain.xd4.xn2m.nmid                   3.08003
xchain.xd4.dmo                     1.02851e-08
xchain.xd4.xfmo.ckb                5.14279e-09
xchain.xd4.xfmo.ckbb                      3.63
xchain.xd4.xfmo.nm                 2.81707e-08
xchain.xd4.xfmo.nma                       3.63
xchain.xd4.xfmo.nmb                1.87807e-08
xchain.xd4.xfmo.ns                        3.63
xchain.xd4.mob                            3.63
xchain.xd5.sb                             3.63
xchain.mo5                         5.14279e-09
xchain.xd5.xn3.nm1                   0.0273923
xchain.xd5.xn3.nm2                 0.000745826
xchain.xd5.dqn                     1.03593e-08
xchain.xd5.qb                             3.63
xchain.xd5.xn2q.nmid               5.17967e-09
xchain.xd5.dq                             3.63
xchain.xd5.xfq.ckb                        3.63
xchain.xd5.xfq.ckbb                5.14279e-09
xchain.xd5.xfq.nm                         3.63
xchain.xd5.xfq.nma                 1.03466e-08
xchain.xd5.xfq.nmb                        3.63
xchain.xd5.xfq.ns                         3.63
xchain.xd5.q                       5.14279e-09
xchain.ck6                         3.04276e-09
xchain.xd5.nmo                            3.63
xchain.xd5.xn2m.nmid                 0.0215432
xchain.xd5.dmo                     1.87807e-08
xchain.xd5.xfmo.ckb                       3.63
xchain.xd5.xfmo.ckbb               5.14279e-09
xchain.xd5.xfmo.nm                 2.81707e-08
xchain.xd5.xfmo.nma                       3.63
xchain.xd5.xfmo.nmb                1.02851e-08
xchain.xd5.xfmo.ns                        3.63
xchain.xd5.mob                            3.63
xchain.xnr0.pmid                          3.63
xchain.nmi0                               3.63
xchain.xnr1.pmid                          3.63
xchain.nmi1                               3.63
xchain.xnr2.pmid                      0.808614
xchain.nmi2                        1.09443e-08
xchain.xnr3.pmid                          3.63
xchain.nmi3                               3.63
xchain.xnr4.pmid                          3.63
xchain.nmi4                        6.04221e-09
xchain.t0                                 3.63
xchain.xm0.nmid                      0.0215416
xchain.t1                                 3.63
xchain.xm1.nmid                      0.0215416
xchain.t2                                 3.63
xchain.xm2.nmid                      0.0215416
xchain.t3                                 3.63
xchain.xm3.nmid                        3.08003
xchain.t4                                 3.63
xchain.xm4.nmid                    7.00357e-11
xchain.t5                                 3.63
xchain.xm5.nmid                      0.0215416
xchain.ma                          1.55347e-08
xchain.xma.nm1                     1.03565e-08
xchain.xma.nm2                     5.17823e-09
xchain.mb                          1.55347e-08
xchain.xmb.nm1                     1.03565e-08
xchain.xmb.nm2                     5.17823e-09
xchain.xmno.pmid                          3.63
xchain.divoutb                            3.63
divout                             9.91059e-09
xchain.xfrt.ckb                           3.63
xchain.xfrt.ckbb                   5.14279e-09
xchain.xfrt.nm                     1.93007e-08
xchain.xfrt.nma                           3.63
xchain.xfrt.nmb                    1.02851e-08
xchain.xfrt.ns                     2.82937e-08
fb                                        3.63
xchain.fbb                         1.88421e-08
vq5#branch                                   0
vq4#branch                                   0
vq3#branch                                   0
vq2#branch                                   0
vq1#branch                                   0
vq0#branch                                   0
vs5#branch                                   0
vs4#branch                                   0
vs3#branch                                   0
vs2#branch                                   0
vs1#branch                                   0
vs0#branch                                   0
vvco#branch                                  0
vdiv#branch                       -1.03656e-09

 Reference value :  0.00000e+00
 Reference value :  5.26990e-09
 Reference value :  7.87194e-09
 Reference value :  1.14699e-08
 Reference value :  1.50300e-08
 Reference value :  1.77719e-08
 Reference value :  2.14699e-08
 Reference value :  2.50650e-08
 Reference value :  2.77719e-08
 Reference value :  3.10699e-08
 Reference value :  3.50650e-08
 Reference value :  3.80719e-08
 Reference value :  4.17699e-08
 Reference value :  4.51070e-08
 Reference value :  4.76000e-08
 Reference value :  5.06699e-08
 Reference value :  5.49358e-08
 Reference value :  5.76490e-08
 Reference value :  6.10693e-08
 Reference value :  6.50100e-08
 Reference value :  6.76210e-08
 Reference value :  7.09693e-08
 Reference value :  7.50100e-08
 Reference value :  7.77716e-08
 Reference value :  8.14693e-08
 Reference value :  8.51000e-08
 Reference value :  8.76490e-08
 Reference value :  9.09693e-08
 Reference value :  9.50000e-08
 Reference value :  9.77716e-08
 Reference value :  1.01269e-07
 Reference value :  1.05065e-07
 Reference value :  1.07772e-07
 Reference value :  1.11269e-07
 Reference value :  1.15030e-07
 Reference value :  1.17872e-07
 Reference value :  1.21569e-07
 Reference value :  1.25107e-07
 Reference value :  1.27621e-07
 Reference value :  1.30870e-07
 Reference value :  1.34772e-07
 Reference value :  1.37600e-07
 Reference value :  1.40870e-07
 Reference value :  1.44872e-07
 Reference value :  1.47530e-07
 Reference value :  1.50470e-07
 Reference value :  1.54072e-07
 Reference value :  1.57435e-07
 Reference value :  1.60370e-07
 Reference value :  1.64072e-07
 Reference value :  1.66870e-07
 Reference value :  1.70107e-07
 Reference value :  1.73372e-07
 Reference value :  1.76670e-07
 Reference value :  1.80107e-07
 Reference value :  1.83472e-07
 Reference value :  1.86470e-07
 Reference value :  1.90100e-07
 Reference value :  1.93372e-07
 Reference value :  1.96670e-07
 Reference value :  2.00100e-07
 Reference value :  2.03172e-07
 Reference value :  2.06970e-07
 Reference value :  2.10121e-07
 Reference value :  2.13572e-07
 Reference value :  2.16770e-07
 Reference value :  2.20149e-07
 Reference value :  2.23472e-07
 Reference value :  2.26870e-07
 Reference value :  2.30149e-07
 Reference value :  2.33572e-07
 Reference value :  2.36470e-07
 Reference value :  2.39572e-07
 Reference value :  2.42621e-07
 Reference value :  2.45769e-07
 Reference value :  2.49272e-07
 Reference value :  2.52600e-07
 Reference value :  2.55769e-07
 Reference value :  2.58772e-07
 Reference value :  2.62500e-07
 Reference value :  2.65469e-07
 Reference value :  2.68872e-07
 Reference value :  2.72607e-07
 Reference value :  2.75769e-07
 Reference value :  2.78672e-07
 Reference value :  2.82565e-07
 Reference value :  2.85769e-07
 Reference value :  2.89172e-07
 Reference value :  2.92600e-07
 Reference value :  2.95869e-07
 Reference value :  2.99172e-07
 Reference value :  3.02565e-07
 Reference value :  3.05669e-07
 Reference value :  3.09272e-07
 Reference value :  3.12607e-07
 Reference value :  3.15769e-07
 Reference value :  3.18262e-07
 Reference value :  3.21870e-07
 Reference value :  3.25149e-07
 Reference value :  3.28372e-07
 Reference value :  3.32070e-07
 Reference value :  3.35205e-07
 Reference value :  3.37972e-07
 Reference value :  3.41570e-07
 Reference value :  3.45107e-07
 Reference value :  3.48172e-07
 Reference value :  3.52170e-07
 Reference value :  3.55370e-07
 Reference value :  3.58072e-07
 Reference value :  3.61970e-07
 Reference value :  3.65149e-07
 Reference value :  3.68172e-07
 Reference value :  3.71870e-07
 Reference value :  3.75205e-07
 Reference value :  3.77972e-07
 Reference value :  3.81570e-07
 Reference value :  3.85107e-07
 Reference value :  3.88772e-07
 Reference value :  3.92500e-07
 Reference value :  3.95370e-07
 Reference value :  3.98572e-07
 Reference value :  4.02370e-07
 Reference value :  4.05370e-07
 Reference value :  4.08172e-07
 Reference value :  4.11970e-07
 Reference value :  4.15870e-07
 Reference value :  4.19872e-07
 Reference value :  4.23072e-07
 Reference value :  4.26370e-07
 Reference value :  4.29672e-07
 Reference value :  4.32705e-07
 Reference value :  4.36069e-07
 Reference value :  4.39672e-07
 Reference value :  4.42705e-07
 Reference value :  4.45969e-07
 Reference value :  4.49272e-07
 Reference value :  4.52772e-07
 Reference value :  4.56069e-07
 Reference value :  4.60000e-07
 Reference value :  4.62972e-07
 Reference value :  4.66169e-07
 Reference value :  4.69472e-07
 Reference value :  4.72772e-07
 Reference value :  4.76169e-07
 Reference value :  4.80010e-07
 Reference value :  4.83272e-07
 Reference value :  4.86469e-07
 Reference value :  4.90030e-07
 Reference value :  4.92972e-07
 Reference value :  4.96369e-07
 Reference value :  5.00010e-07
 Reference value :  5.02972e-07
 Reference value :  5.06169e-07
 Reference value :  5.09462e-07
 Reference value :  5.12649e-07
 Reference value :  5.15870e-07
 Reference value :  5.19472e-07
 Reference value :  5.22649e-07
 Reference value :  5.25970e-07
 Reference value :  5.29172e-07
 Reference value :  5.32600e-07
 Reference value :  5.35670e-07
 Reference value :  5.39172e-07
 Reference value :  5.42600e-07
 Reference value :  5.45870e-07
 Reference value :  5.48672e-07
 Reference value :  5.52370e-07
 Reference value :  5.55370e-07
 Reference value :  5.58472e-07
 Reference value :  5.62270e-07
 Reference value :  5.65270e-07
 Reference value :  5.68072e-07
 Reference value :  5.71670e-07
 Reference value :  5.75107e-07
 Reference value :  5.77872e-07
 Reference value :  5.81370e-07
 Reference value :  5.85000e-07
 Reference value :  5.87705e-07
 Reference value :  5.91070e-07
 Reference value :  5.95030e-07
 Reference value :  5.97649e-07
 Reference value :  6.00970e-07
 Reference value :  6.05010e-07
 Reference value :  6.07772e-07
 Reference value :  6.11470e-07
 Reference value :  6.15065e-07
 Reference value :  6.17435e-07
 Reference value :  6.20370e-07
 Reference value :  6.23872e-07
 Reference value :  6.27269e-07
 Reference value :  6.30269e-07
 Reference value :  6.33972e-07
 Reference value :  6.36869e-07
 Reference value :  6.40121e-07
 Reference value :  6.43672e-07
 Reference value :  6.47069e-07
 Reference value :  6.50205e-07
 Reference value :  6.53572e-07
 Reference value :  6.56669e-07
 Reference value :  6.60030e-07
 Reference value :  6.63072e-07
 Reference value :  6.66369e-07
No. of Data Rows : 8570

  Measurements for Transient Analysis

tfb1                =   2.40231e-07
tfb2                =   4.30231e-07
n_fb                =  3.80000e+01
tdo1                =   2.36936e-07
tdo2                =   4.26936e-07
ndo                 =  3.80000e+01
t_arr               =  1.88595e-09
t_rtcq              =  1.80602e-10
ffb2                =   5.10195e-07
fbpw                =  7.99642e-08
iavg                =  -2.50328e-04 from=  1.95000e-07 to=  6.70000e-07

ngspice-46 done

Warning: m=xx on .subckt line will override multiplier m hierarchy!

