
Note: Compatibility modes selected: hs a


Circuit: * divider-ratio-chain @ ff_27c_2.97v_f200n64 -- generated by sim/harness, do not edit

Doing analysis at TEMP = 27.000000 and TNOM = 27.000000

Using SPARSE 1.3 as Direct Linear Solver

Initial Transient Solution
--------------------------

Node                                   Voltage
----                                   -------
vdd_div                                   2.97
vco                                          0
sel0                                         0
sel1                                         0
sel2                                         0
sel3                                         0
sel4                                         0
sel5                                      2.97
pb0                                          0
pb1                                          0
pb2                                          0
pb3                                          0
pb4                                          0
pb5                                          0
xchain.xd0.sb                             2.97
xchain.mi0                         5.29133e-09
xchain.mo0                         5.29133e-09
xchain.xd0.xn3.nm1                    0.095333
xchain.xd0.xn3.nm2                   0.0192054
xchain.xd0.dqn                        0.462727
xchain.xd0.qb                          1.44381
xchain.xd0.xn2q.nmid                   0.12475
xchain.xd0.dq                          2.96728
xchain.xd0.xfq.ckb                        2.97
xchain.xd0.xfq.ckbb                5.29133e-09
xchain.xd0.xfq.nm                      2.96728
xchain.xd0.xfq.nma                 1.33003e-08
xchain.xd0.xfq.nmb                        2.97
xchain.xd0.xfq.ns                      1.44381
xchain.xd0.q                           1.44381
xchain.ck1                             1.44719
xchain.xd0.nmo                            2.97
xchain.xd0.xn2m.nmid                2.6113e-08
xchain.xd0.dmo                     1.89478e-08
xchain.xd0.xfmo.ckb                       2.97
xchain.xd0.xfmo.ckbb               5.29133e-09
xchain.xd0.xfmo.nm                 2.80889e-08
xchain.xd0.xfmo.nma                       2.97
xchain.xd0.xfmo.nmb                9.91724e-09
xchain.xd0.xfmo.ns                        2.97
xchain.xd0.mob                            2.97
xchain.xd1.sb                             2.97
xchain.mi1                         5.29133e-09
xchain.mo1                         5.29133e-09
xchain.xd1.xn3.nm1                   0.0953328
xchain.xd1.xn3.nm2                   0.0192053
xchain.xd1.dqn                            2.97
xchain.xd1.qb                        0.0247884
xchain.xd1.xn2q.nmid               3.08651e-08
xchain.xd1.dq                          0.15686
xchain.xd1.xfq.ckb                     1.38745
xchain.xd1.xfq.ckbb                    2.18288
xchain.xd1.xfq.nm                      1.85715
xchain.xd1.xfq.nma                    0.104169
xchain.xd1.xfq.nmb                     2.79198
xchain.xd1.xfq.ns                    0.0731378
xchain.xd1.q                              2.97
xchain.ck2                                2.97
xchain.xd1.nmo                            2.97
xchain.xd1.xn2m.nmid               1.53278e-08
xchain.xd1.dmo                     1.37612e-08
xchain.xd1.xfmo.ckb                    1.38745
xchain.xd1.xfmo.ckbb                   2.18288
xchain.xd1.xfmo.nm                  2.0984e-08
xchain.xd1.xfmo.nma                       2.97
xchain.xd1.xfmo.nmb                 1.4885e-08
xchain.xd1.xfmo.ns                        2.97
xchain.xd1.mob                            2.97
xchain.xd2.sb                             2.97
xchain.mi2                         5.29133e-09
xchain.mo2                         5.29133e-09
xchain.xd2.xn3.nm1                   0.0953326
xchain.xd2.xn3.nm2                   0.0192053
xchain.xd2.dqn                            2.97
xchain.xd2.qb                      9.91724e-09
xchain.xd2.xn2q.nmid               1.53278e-08
xchain.xd2.dq                      2.42102e-08
xchain.xd2.xfq.ckb                 5.29133e-09
xchain.xd2.xfq.ckbb                       2.97
xchain.xd2.xfq.nm                         2.97
xchain.xd2.xfq.nma                 1.89478e-08
xchain.xd2.xfq.nmb                        2.97
xchain.xd2.xfq.ns                  2.80889e-08
xchain.xd2.q                              2.97
xchain.ck3                                2.97
xchain.xd2.nmo                            2.97
xchain.xd2.xn2m.nmid               1.53278e-08
xchain.xd2.dmo                     9.91724e-09
xchain.xd2.xfmo.ckb                5.29133e-09
xchain.xd2.xfmo.ckbb                      2.97
xchain.xd2.xfmo.nm                 2.80889e-08
xchain.xd2.xfmo.nma                       2.97
xchain.xd2.xfmo.nmb                1.89478e-08
xchain.xd2.xfmo.ns                        2.97
xchain.xd2.mob                            2.97
xchain.xd3.sb                             2.97
xchain.mi3                                2.97
xchain.mo3                         5.29133e-09
xchain.xd3.xn3.nm1                     2.59164
xchain.xd3.xn3.nm2                   0.0705159
xchain.xd3.dqn                            2.97
xchain.xd3.qb                      9.91724e-09
xchain.xd3.xn2q.nmid               1.53278e-08
xchain.xd3.dq                      2.42102e-08
xchain.xd3.xfq.ckb                 5.29133e-09
xchain.xd3.xfq.ckbb                       2.97
xchain.xd3.xfq.nm                         2.97
xchain.xd3.xfq.nma                 1.89478e-08
xchain.xd3.xfq.nmb                        2.97
xchain.xd3.xfq.ns                  2.80889e-08
xchain.xd3.q                              2.97
xchain.ck4                                2.97
xchain.xd3.nmo                     1.05884e-08
xchain.xd3.xn2m.nmid               5.29421e-09
xchain.xd3.dmo                            2.97
xchain.xd3.xfmo.ckb                5.29133e-09
xchain.xd3.xfmo.ckbb                      2.97
xchain.xd3.xfmo.nm                 5.66748e-08
xchain.xd3.xfmo.nma                       2.97
xchain.xd3.xfmo.nmb                3.32407e-08
xchain.xd3.xfmo.ns                        2.97
xchain.xd3.mob                            2.97
xchain.xd4.sb                             2.97
xchain.mi4                                2.97
xchain.mo4                                2.97
xchain.xd4.xn3.nm1                     2.55356
xchain.xd4.xn3.nm2                 1.15638e-08
xchain.xd4.dqn                            2.97
xchain.xd4.qb                      9.91724e-09
xchain.xd4.xn2q.nmid               1.53278e-08
xchain.xd4.dq                      2.42102e-08
xchain.xd4.xfq.ckb                 5.29133e-09
xchain.xd4.xfq.ckbb                       2.97
xchain.xd4.xfq.nm                         2.97
xchain.xd4.xfq.nma                 1.89478e-08
xchain.xd4.xfq.nmb                        2.97
xchain.xd4.xfq.ns                  2.80889e-08
xchain.xd4.q                              2.97
xchain.ck5                                2.97
xchain.xd4.nmo                     1.05884e-08
xchain.xd4.xn2m.nmid               5.29421e-09
xchain.xd4.dmo                            2.97
xchain.xd4.xfmo.ckb                5.29133e-09
xchain.xd4.xfmo.ckbb                      2.97
xchain.xd4.xfmo.nm                        2.97
xchain.xd4.xfmo.nma                1.89478e-08
xchain.xd4.xfmo.nmb                       2.97
xchain.xd4.xfmo.ns                 2.80889e-08
xchain.xd4.mob                     9.91724e-09
xchain.xd5.sb                             2.97
xchain.mo5                                2.97
xchain.xd5.xn3.nm1                     2.55356
xchain.xd5.xn3.nm2                 1.15638e-08
xchain.xd5.dqn                     1.05884e-08
xchain.xd5.qb                             2.97
xchain.xd5.xn2q.nmid               5.29421e-09
xchain.xd5.dq                             2.97
xchain.xd5.xfq.ckb                 5.29133e-09
xchain.xd5.xfq.ckbb                       2.97
xchain.xd5.xfq.nm                  5.66748e-08
xchain.xd5.xfq.nma                        2.97
xchain.xd5.xfq.nmb                 3.32407e-08
xchain.xd5.xfq.ns                         2.97
xchain.xd5.q                       5.29133e-09
xchain.ck6                         2.94569e-09
xchain.xd5.nmo                            2.97
xchain.xd5.xn2m.nmid                   2.55102
xchain.xd5.dmo                     2.42102e-08
xchain.xd5.xfmo.ckb                5.29133e-09
xchain.xd5.xfmo.ckbb                      2.97
xchain.xd5.xfmo.nm                        2.97
xchain.xd5.xfmo.nma                1.89478e-08
xchain.xd5.xfmo.nmb                       2.97
xchain.xd5.xfmo.ns                 2.80889e-08
xchain.xd5.mob                     9.91724e-09
xchain.xnr0.pmid                          2.97
xchain.nmi0                               2.97
xchain.xnr1.pmid                          2.97
xchain.nmi1                               2.97
xchain.xnr2.pmid                          2.97
xchain.nmi2                               2.97
xchain.xnr3.pmid                      0.594458
xchain.nmi3                        1.26352e-08
xchain.xnr4.pmid                      0.594458
xchain.nmi4                         1.2635e-08
xchain.t0                                 2.97
xchain.xm0.nmid                        1.24189
xchain.t1                                 2.97
xchain.xm1.nmid                        2.55101
xchain.t2                                 2.97
xchain.xm2.nmid                        2.55102
xchain.t3                                 2.97
xchain.xm3.nmid                        2.55102
xchain.t4                                 2.97
xchain.xm4.nmid                        2.55102
xchain.t5                                 2.97
xchain.xm5.nmid                    1.53278e-08
xchain.ma                           1.5831e-08
xchain.xma.nm1                      1.0554e-08
xchain.xma.nm2                       5.277e-09
xchain.mb                           1.5831e-08
xchain.xmb.nm1                      1.0554e-08
xchain.xmb.nm2                       5.277e-09
xchain.xmno.pmid                          2.97
xchain.divoutb                            2.97
divout                             9.77762e-09
xchain.xfrt.ckb                           2.97
xchain.xfrt.ckbb                   5.29133e-09
xchain.xfrt.nm                     1.89188e-08
xchain.xfrt.nma                           2.97
xchain.xfrt.nmb                    9.91724e-09
xchain.xfrt.ns                     5.66748e-08
fb                                        2.97
xchain.fbb                         3.32407e-08
vq5#branch                                   0
vq4#branch                                   0
vq3#branch                                   0
vq2#branch                                   0
vq1#branch                                   0
vq0#branch                                   0
vs5#branch                                   0
vs4#branch                                   0
vs3#branch                                   0
vs2#branch                                   0
vs1#branch                                   0
vs0#branch                                   0
vvco#branch                                  0
vdiv#branch                         -0.0014605

 Reference value :  0.00000e+00
 Reference value :  2.96400e-09
 Reference value :  5.62500e-09
 Reference value :  7.92500e-09
 Reference value :  1.04750e-08
 Reference value :  1.25675e-08
 Reference value :  1.51050e-08
 Reference value :  1.73750e-08
 Reference value :  2.00675e-08
 Reference value :  2.17750e-08
 Reference value :  2.44250e-08
 Reference value :  2.65250e-08
 Reference value :  2.90750e-08
 Reference value :  3.11250e-08
 Reference value :  3.32750e-08
 Reference value :  3.57750e-08
 Reference value :  3.80250e-08
 Reference value :  4.05750e-08
 Reference value :  4.24625e-08
 Reference value :  4.50050e-08
 Reference value :  4.69250e-08
 Reference value :  4.95750e-08
 Reference value :  5.15250e-08
 Reference value :  5.39250e-08
 Reference value :  5.61750e-08
 Reference value :  5.85250e-08
 Reference value :  6.09250e-08
 Reference value :  6.27250e-08
 Reference value :  6.53250e-08
 Reference value :  6.76000e-08
 Reference value :  7.01150e-08
 Reference value :  7.21750e-08
 Reference value :  7.48250e-08
 Reference value :  7.68250e-08
 Reference value :  7.94250e-08
 Reference value :  8.11750e-08
 Reference value :  8.28250e-08
 Reference value :  8.55250e-08
 Reference value :  8.77250e-08
 Reference value :  9.02750e-08
 Reference value :  9.23750e-08
 Reference value :  9.49625e-08
 Reference value :  9.69750e-08
 Reference value :  9.96750e-08
 Reference value :  1.01425e-07
 Reference value :  1.03475e-07
 Reference value :  1.05825e-07
 Reference value :  1.08175e-07
 Reference value :  1.10775e-07
 Reference value :  1.12825e-07
 Reference value :  1.15375e-07
 Reference value :  1.17615e-07
 Reference value :  1.20175e-07
 Reference value :  1.21925e-07
 Reference value :  1.24525e-07
 Reference value :  1.26575e-07
 Reference value :  1.29175e-07
 Reference value :  1.31325e-07
 Reference value :  1.33625e-07
 Reference value :  1.35975e-07
 Reference value :  1.38525e-07
 Reference value :  1.40875e-07
 Reference value :  1.42725e-07
 Reference value :  1.45275e-07
 Reference value :  1.47568e-07
 Reference value :  1.50100e-07
 Reference value :  1.52025e-07
 Reference value :  1.54625e-07
 Reference value :  1.56675e-07
 Reference value :  1.59425e-07
 Reference value :  1.61175e-07
 Reference value :  1.62725e-07
 Reference value :  1.65225e-07
 Reference value :  1.67535e-07
 Reference value :  1.70100e-07
 Reference value :  1.72025e-07
 Reference value :  1.74675e-07
 Reference value :  1.76675e-07
 Reference value :  1.79275e-07
 Reference value :  1.81175e-07
 Reference value :  1.83075e-07
 Reference value :  1.85625e-07
 Reference value :  1.87875e-07
 Reference value :  1.90475e-07
 Reference value :  1.92600e-07
 Reference value :  1.95115e-07
 Reference value :  1.97500e-07
 Reference value :  2.00035e-07
 Reference value :  2.01675e-07
 Reference value :  2.03775e-07
 Reference value :  2.06075e-07
 Reference value :  2.08475e-07
 Reference value :  2.10875e-07
 Reference value :  2.12875e-07
 Reference value :  2.15425e-07
 Reference value :  2.17675e-07
 Reference value :  2.20275e-07
 Reference value :  2.22225e-07
 Reference value :  2.24725e-07
 Reference value :  2.26675e-07
 Reference value :  2.29275e-07
 Reference value :  2.31325e-07
 Reference value :  2.33675e-07
 Reference value :  2.36075e-07
 Reference value :  2.38425e-07
 Reference value :  2.40875e-07
 Reference value :  2.42605e-07
 Reference value :  2.45175e-07
 Reference value :  2.47505e-07
 Reference value :  2.50015e-07
 Reference value :  2.51825e-07
 Reference value :  2.54475e-07
 Reference value :  2.56525e-07
 Reference value :  2.59125e-07
 Reference value :  2.61175e-07
 Reference value :  2.63025e-07
 Reference value :  2.65525e-07
 Reference value :  2.67725e-07
 Reference value :  2.70225e-07
 Reference value :  2.72375e-07
 Reference value :  2.75005e-07
 Reference value :  2.77125e-07
 Reference value :  2.79725e-07
 Reference value :  2.81475e-07
 Reference value :  2.83575e-07
 Reference value :  2.85975e-07
 Reference value :  2.88225e-07
 Reference value :  2.90675e-07
 Reference value :  2.92725e-07
 Reference value :  2.95375e-07
 Reference value :  2.97635e-07
 Reference value :  3.00225e-07
 Reference value :  3.02175e-07
 Reference value :  3.04725e-07
 Reference value :  3.06675e-07
 Reference value :  3.09225e-07
 Reference value :  3.11275e-07
 Reference value :  3.13475e-07
 Reference value :  3.15875e-07
 Reference value :  3.18125e-07
 Reference value :  3.20625e-07
 Reference value :  3.22463e-07
 Reference value :  3.25005e-07
 Reference value :  3.27075e-07
 Reference value :  3.29875e-07
 Reference value :  3.32175e-07
 Reference value :  3.35000e-07
 Reference value :  3.37025e-07
 Reference value :  3.39875e-07
 Reference value :  3.41675e-07
 Reference value :  3.44075e-07
 Reference value :  3.46275e-07
 Reference value :  3.48675e-07
 Reference value :  3.50975e-07
 Reference value :  3.53075e-07
 Reference value :  3.55575e-07
 Reference value :  3.57825e-07
 Reference value :  3.60375e-07
 Reference value :  3.62175e-07
 Reference value :  3.64675e-07
 Reference value :  3.66675e-07
 Reference value :  3.69375e-07
 Reference value :  3.71325e-07
 Reference value :  3.73725e-07
 Reference value :  3.76025e-07
 Reference value :  3.78475e-07
 Reference value :  3.80875e-07
 Reference value :  3.82725e-07
 Reference value :  3.85275e-07
 Reference value :  3.87600e-07
 Reference value :  3.90135e-07
 Reference value :  3.92225e-07
 Reference value :  3.94825e-07
 Reference value :  3.96975e-07
 Reference value :  3.99725e-07
 Reference value :  4.01425e-07
 Reference value :  4.03125e-07
 Reference value :  4.05725e-07
 Reference value :  4.07975e-07
 Reference value :  4.10525e-07
 Reference value :  4.12605e-07
 Reference value :  4.15135e-07
 Reference value :  4.17505e-07
 Reference value :  4.20067e-07
 Reference value :  4.21825e-07
 Reference value :  4.24175e-07
 Reference value :  4.26275e-07
 Reference value :  4.28625e-07
 Reference value :  4.30875e-07
 Reference value :  4.32975e-07
 Reference value :  4.35525e-07
 Reference value :  4.37825e-07
 Reference value :  4.40425e-07
 Reference value :  4.42275e-07
 Reference value :  4.44725e-07
 Reference value :  4.46725e-07
 Reference value :  4.49375e-07
 Reference value :  4.51375e-07
 Reference value :  4.53725e-07
 Reference value :  4.56075e-07
 Reference value :  4.58425e-07
 Reference value :  4.60775e-07
 Reference value :  4.62605e-07
 Reference value :  4.65135e-07
 Reference value :  4.67500e-07
 Reference value :  4.70067e-07
 Reference value :  4.71875e-07
 Reference value :  4.74375e-07
 Reference value :  4.76425e-07
 Reference value :  4.79025e-07
 Reference value :  4.81125e-07
 Reference value :  4.82725e-07
 Reference value :  4.85325e-07
 Reference value :  4.87600e-07
 Reference value :  4.90135e-07
 Reference value :  4.92462e-07
 Reference value :  4.95015e-07
 Reference value :  4.97275e-07
 Reference value :  5.00000e-07
 Reference value :  5.01775e-07
 Reference value :  5.04075e-07
 Reference value :  5.06225e-07
 Reference value :  5.08725e-07
 Reference value :  5.10925e-07
 Reference value :  5.13125e-07
 Reference value :  5.15675e-07
 Reference value :  5.18075e-07
 Reference value :  5.20625e-07
 Reference value :  5.22505e-07
 Reference value :  5.25067e-07
 Reference value :  5.27275e-07
 Reference value :  5.29925e-07
 Reference value :  5.31825e-07
 Reference value :  5.34525e-07
 Reference value :  5.36675e-07
 Reference value :  5.39725e-07
 Reference value :  5.41525e-07
 Reference value :  5.43925e-07
 Reference value :  5.46075e-07
 Reference value :  5.48625e-07
 Reference value :  5.50975e-07
 Reference value :  5.53125e-07
 Reference value :  5.55725e-07
 Reference value :  5.58075e-07
 Reference value :  5.60725e-07
 Reference value :  5.62535e-07
 Reference value :  5.65105e-07
 Reference value :  5.67462e-07
 Reference value :  5.70035e-07
 Reference value :  5.72275e-07
 Reference value :  5.75000e-07
 Reference value :  5.76925e-07
 Reference value :  5.79575e-07
 Reference value :  5.81425e-07
 Reference value :  5.83575e-07
 Reference value :  5.85975e-07
 Reference value :  5.88325e-07
 Reference value :  5.90875e-07
 Reference value :  5.93125e-07
 Reference value :  5.95675e-07
 Reference value :  5.98125e-07
 Reference value :  6.00775e-07
 Reference value :  6.02635e-07
 Reference value :  6.05275e-07
 Reference value :  6.07605e-07
 Reference value :  6.10225e-07
 Reference value :  6.12425e-07
 Reference value :  6.15005e-07
 Reference value :  6.17225e-07
 Reference value :  6.19875e-07
 Reference value :  6.21575e-07
 Reference value :  6.24125e-07
 Reference value :  6.26325e-07
 Reference value :  6.28925e-07
 Reference value :  6.31175e-07
 Reference value :  6.33325e-07
 Reference value :  6.35775e-07
 Reference value :  6.38125e-07
 Reference value :  6.40625e-07
 Reference value :  6.42425e-07
 Reference value :  6.45005e-07
 Reference value :  6.47075e-07
 Reference value :  6.49962e-07
 Reference value :  6.51875e-07
 Reference value :  6.54675e-07
 Reference value :  6.56725e-07
 Reference value :  6.59625e-07
 Reference value :  6.61625e-07
 Reference value :  6.64125e-07
 Reference value :  6.66375e-07
 Reference value :  6.68925e-07
 Reference value :  6.71175e-07
 Reference value :  6.73475e-07
 Reference value :  6.75925e-07
 Reference value :  6.78275e-07
 Reference value :  6.80775e-07
 Reference value :  6.82615e-07
 Reference value :  6.85175e-07
 Reference value :  6.87600e-07
 Reference value :  6.90175e-07
 Reference value :  6.92425e-07
 Reference value :  6.95005e-07
 Reference value :  6.97275e-07
 Reference value :  6.99925e-07
 Reference value :  7.01725e-07
 Reference value :  7.04075e-07
 Reference value :  7.06425e-07
 Reference value :  7.09025e-07
 Reference value :  7.11275e-07
 Reference value :  7.13625e-07
 Reference value :  7.15975e-07
 Reference value :  7.18425e-07
 Reference value :  7.20925e-07
 Reference value :  7.22635e-07
 Reference value :  7.25325e-07
 Reference value :  7.27615e-07
 Reference value :  7.30275e-07
 Reference value :  7.32567e-07
 Reference value :  7.35115e-07
 Reference value :  7.37505e-07
 Reference value :  7.40105e-07
 Reference value :  7.41975e-07
 Reference value :  7.44925e-07
 Reference value :  7.47125e-07
 Reference value :  7.50005e-07
 Reference value :  7.52125e-07
 Reference value :  7.54825e-07
 Reference value :  7.56775e-07
 Reference value :  7.59475e-07
 Reference value :  7.61325e-07
 Reference value :  7.63225e-07
 Reference value :  7.65975e-07
 Reference value :  7.68325e-07
 Reference value :  7.70925e-07
 Reference value :  7.73325e-07
 Reference value :  7.75825e-07
 Reference value :  7.78325e-07
 Reference value :  7.80775e-07
 Reference value :  7.82675e-07
 Reference value :  7.85475e-07
 Reference value :  7.87725e-07
 Reference value :  7.90425e-07
 Reference value :  7.92535e-07
 Reference value :  7.95135e-07
 Reference value :  7.97515e-07
 Reference value :  8.00100e-07
 Reference value :  8.01725e-07
 Reference value :  8.03425e-07
 Reference value :  8.05825e-07
 Reference value :  8.08125e-07
 Reference value :  8.10575e-07
 Reference value :  8.12635e-07
 Reference value :  8.15225e-07
 Reference value :  8.17605e-07
 Reference value :  8.20135e-07
 Reference value :  8.22125e-07
 Reference value :  8.24725e-07
 Reference value :  8.26825e-07
 Reference value :  8.30005e-07
 Reference value :  8.32125e-07
 Reference value :  8.34875e-07
 Reference value :  8.36925e-07
 Reference value :  8.39675e-07
 Reference value :  8.41525e-07
 Reference value :  8.43725e-07
 Reference value :  8.46125e-07
 Reference value :  8.48725e-07
 Reference value :  8.51025e-07
 Reference value :  8.53375e-07
 Reference value :  8.55875e-07
 Reference value :  8.58175e-07
 Reference value :  8.60775e-07
 Reference value :  8.62875e-07
 Reference value :  8.65475e-07
 Reference value :  8.67775e-07
 Reference value :  8.70425e-07
 Reference value :  8.72675e-07
 Reference value :  8.75375e-07
 Reference value :  8.77635e-07
 Reference value :  8.80225e-07
 Reference value :  8.81975e-07
 Reference value :  8.84125e-07
 Reference value :  8.86425e-07
 Reference value :  8.88925e-07
 Reference value :  8.91075e-07
 Reference value :  8.93325e-07
 Reference value :  8.95825e-07
 Reference value :  8.98125e-07
 Reference value :  9.00625e-07
 Reference value :  9.02615e-07
 Reference value :  9.05275e-07
 Reference value :  9.07605e-07
 Reference value :  9.10175e-07
 Reference value :  9.12500e-07
 Reference value :  9.15067e-07
 Reference value :  9.17325e-07
 Reference value :  9.20067e-07
 Reference value :  9.21975e-07
 Reference value :  9.24625e-07
 Reference value :  9.26675e-07
 Reference value :  9.29425e-07
 Reference value :  9.31425e-07
 Reference value :  9.33825e-07
 Reference value :  9.36175e-07
 Reference value :  9.38575e-07
 Reference value :  9.40975e-07
 Reference value :  9.42925e-07
 Reference value :  9.45525e-07
 Reference value :  9.47875e-07
 Reference value :  9.50575e-07
 Reference value :  9.52615e-07
 Reference value :  9.55225e-07
 Reference value :  9.57535e-07
 Reference value :  9.60115e-07
 Reference value :  9.61925e-07
 Reference value :  9.63975e-07
 Reference value :  9.66275e-07
 Reference value :  9.68775e-07
 Reference value :  9.71025e-07
 Reference value :  9.73175e-07
 Reference value :  9.75875e-07
 Reference value :  9.78325e-07
 Reference value :  9.80925e-07
 Reference value :  9.82875e-07
 Reference value :  9.85625e-07
 Reference value :  9.87975e-07
 Reference value :  9.90575e-07
 Reference value :  9.92775e-07
 Reference value :  9.95425e-07
 Reference value :  9.97675e-07
 Reference value :  1.00047e-06
 Reference value :  1.00242e-06
 Reference value :  1.00510e-06
 Reference value :  1.00750e-06
 Reference value :  1.01010e-06
 Reference value :  1.01217e-06
 Reference value :  1.01482e-06
 Reference value :  1.01682e-06
 Reference value :  1.01952e-06
 Reference value :  1.02147e-06
 Reference value :  1.02377e-06
 Reference value :  1.02607e-06
 Reference value :  1.02847e-06
 Reference value :  1.03102e-06
 Reference value :  1.03322e-06
 Reference value :  1.03577e-06
 Reference value :  1.03812e-06
 Reference value :  1.04072e-06
 Reference value :  1.04253e-06
 Reference value :  1.04513e-06
 Reference value :  1.04751e-06
 Reference value :  1.05010e-06
 Reference value :  1.05212e-06
 Reference value :  1.05500e-06
 Reference value :  1.05722e-06
 Reference value :  1.05992e-06
No. of Data Rows : 23740

  Measurements for Transient Analysis

tfb1                =   4.85270e-07
tfb2                =   8.05270e-07
n_fb                =  6.40000e+01
tdo1                =   4.82734e-07
tdo2                =   8.02734e-07
ndo                 =  6.40000e+01
t_arr               =  2.68359e-09
t_rtcq              =  2.20482e-10
ffb2                =   6.45239e-07
fbpw                =  -1.60031e-07
iavg                =  -1.79195e-04 from=  3.25000e-07 to=  1.06000e-06

ngspice-46 done

Warning: m=xx on .subckt line will override multiplier m hierarchy!

