
Note: Compatibility modes selected: hs a


Circuit: * divider-ratio-chain @ ss_125c_2.97v_f200n64 -- generated by sim/harness, do not edit

Doing analysis at TEMP = 125.000000 and TNOM = 27.000000

Using SPARSE 1.3 as Direct Linear Solver

Initial Transient Solution
--------------------------

Node                                   Voltage
----                                   -------
vdd_div                                   2.97
vco                                          0
sel0                                         0
sel1                                         0
sel2                                         0
sel3                                         0
sel4                                         0
sel5                                      2.97
pb0                                          0
pb1                                          0
pb2                                          0
pb3                                          0
pb4                                          0
pb5                                          0
xchain.xd0.sb                             2.97
xchain.mi0                         1.21794e-08
xchain.mo0                                2.97
xchain.xd0.xn3.nm1                   0.0696629
xchain.xd0.xn3.nm2                 6.09689e-09
xchain.xd0.dqn                        0.413218
xchain.xd0.qb                          1.43813
xchain.xd0.xn2q.nmid                 0.0956821
xchain.xd0.dq                           2.9698
xchain.xd0.xfq.ckb                        2.97
xchain.xd0.xfq.ckbb                1.21794e-08
xchain.xd0.xfq.nm                       2.9698
xchain.xd0.xfq.nma                 3.51441e-08
xchain.xd0.xfq.nmb                        2.97
xchain.xd0.xfq.ns                      1.43813
xchain.xd0.q                           1.43813
xchain.ck1                             1.42237
xchain.xd0.nmo                            2.97
xchain.xd0.xn2m.nmid               8.69361e-08
xchain.xd0.dmo                     3.51714e-08
xchain.xd0.xfmo.ckb                       2.97
xchain.xd0.xfmo.ckbb               1.21794e-08
xchain.xd0.xfmo.nm                 5.05158e-08
xchain.xd0.xfmo.nma                       2.97
xchain.xd0.xfmo.nmb                1.98761e-08
xchain.xd0.xfmo.ns                 1.35106e-07
xchain.xd0.mob                     7.74668e-08
xchain.xd1.sb                             2.97
xchain.mi1                                2.97
xchain.mo1                         1.21794e-08
xchain.xd1.xn3.nm1                     2.55082
xchain.xd1.xn3.nm2                   0.0623485
xchain.xd1.dqn                     3.20758e-08
xchain.xd1.qb                           2.9195
xchain.xd1.xn2q.nmid               1.59433e-08
xchain.xd1.dq                             2.97
xchain.xd1.xfq.ckb                      1.7658
xchain.xd1.xfq.ckbb                   0.144405
xchain.xd1.xfq.nm                         2.97
xchain.xd1.xfq.nma                   0.0462101
xchain.xd1.xfq.nmb                        2.97
xchain.xd1.xfq.ns                      2.86519
xchain.xd1.q                       4.51558e-08
xchain.ck2                         1.49886e-08
xchain.xd1.nmo                            2.97
xchain.xd1.xn2m.nmid                   2.50149
xchain.xd1.dmo                     3.51223e-08
xchain.xd1.xfmo.ckb                     1.7658
xchain.xd1.xfmo.ckbb                  0.144405
xchain.xd1.xfmo.nm                 5.98303e-08
xchain.xd1.xfmo.nma                       2.97
xchain.xd1.xfmo.nmb                1.98272e-08
xchain.xd1.xfmo.ns                        2.97
xchain.xd1.mob                            2.97
xchain.xd2.sb                             2.97
xchain.mi2                         1.21794e-08
xchain.mo2                                2.97
xchain.xd2.xn3.nm1                   0.0696631
xchain.xd2.xn3.nm2                  6.0969e-09
xchain.xd2.dqn                     2.41556e-08
xchain.xd2.qb                             2.97
xchain.xd2.xn2q.nmid               1.20778e-08
xchain.xd2.dq                             2.97
xchain.xd2.xfq.ckb                        2.97
xchain.xd2.xfq.ckbb                1.21794e-08
xchain.xd2.xfq.nm                         2.97
xchain.xd2.xfq.nma                 6.21715e-08
xchain.xd2.xfq.nmb                        2.97
xchain.xd2.xfq.ns                         2.97
xchain.xd2.q                       1.21794e-08
xchain.ck3                         8.01989e-09
xchain.xd2.nmo                            2.97
xchain.xd2.xn2m.nmid                 0.0693287
xchain.xd2.dmo                     3.51714e-08
xchain.xd2.xfmo.ckb                       2.97
xchain.xd2.xfmo.ckbb               1.21794e-08
xchain.xd2.xfmo.nm                 5.05158e-08
xchain.xd2.xfmo.nma                       2.97
xchain.xd2.xfmo.nmb                1.98761e-08
xchain.xd2.xfmo.ns                 1.35106e-07
xchain.xd2.mob                     7.74668e-08
xchain.xd3.sb                             2.97
xchain.mi3                         1.21794e-08
xchain.mo3                         1.21794e-08
xchain.xd3.xn3.nm1                   0.0897581
xchain.xd3.xn3.nm2                   0.0222667
xchain.xd3.dqn                            2.97
xchain.xd3.qb                      7.74668e-08
xchain.xd3.xn2q.nmid                4.1656e-08
xchain.xd3.dq                      3.51714e-08
xchain.xd3.xfq.ckb                        2.97
xchain.xd3.xfq.ckbb                1.21794e-08
xchain.xd3.xfq.nm                  5.05158e-08
xchain.xd3.xfq.nma                        2.97
xchain.xd3.xfq.nmb                 1.98761e-08
xchain.xd3.xfq.ns                  1.35106e-07
xchain.xd3.q                              2.97
xchain.ck4                                2.97
xchain.xd3.nmo                            2.97
xchain.xd3.xn2m.nmid               4.16559e-08
xchain.xd3.dmo                     3.51714e-08
xchain.xd3.xfmo.ckb                       2.97
xchain.xd3.xfmo.ckbb               1.21794e-08
xchain.xd3.xfmo.nm                 5.05158e-08
xchain.xd3.xfmo.nma                       2.97
xchain.xd3.xfmo.nmb                1.98761e-08
xchain.xd3.xfmo.ns                        2.97
xchain.xd3.mob                            2.97
xchain.xd4.sb                             2.97
xchain.mi4                         1.21794e-08
xchain.mo4                         1.21794e-08
xchain.xd4.xn3.nm1                   0.0897579
xchain.xd4.xn3.nm2                   0.0222667
xchain.xd4.dqn                     2.41556e-08
xchain.xd4.qb                             2.97
xchain.xd4.xn2q.nmid               1.20778e-08
xchain.xd4.dq                             2.97
xchain.xd4.xfq.ckb                 1.21794e-08
xchain.xd4.xfq.ckbb                       2.97
xchain.xd4.xfq.nm                  1.35107e-07
xchain.xd4.xfq.nma                        2.97
xchain.xd4.xfq.nmb                 7.74668e-08
xchain.xd4.xfq.ns                         2.97
xchain.xd4.q                       1.21794e-08
xchain.ck5                         8.01988e-09
xchain.xd4.nmo                            2.97
xchain.xd4.xn2m.nmid                 0.0693288
xchain.xd4.dmo                     1.98761e-08
xchain.xd4.xfmo.ckb                1.21794e-08
xchain.xd4.xfmo.ckbb                      2.97
xchain.xd4.xfmo.nm                 5.05158e-08
xchain.xd4.xfmo.nma                       2.97
xchain.xd4.xfmo.nmb                3.51714e-08
xchain.xd4.xfmo.ns                        2.97
xchain.xd4.mob                            2.97
xchain.xd5.sb                             2.97
xchain.mo5                         1.21794e-08
xchain.xd5.xn3.nm1                     2.55082
xchain.xd5.xn3.nm2                   0.0623484
xchain.xd5.dqn                     2.41556e-08
xchain.xd5.qb                             2.97
xchain.xd5.xn2q.nmid               1.20778e-08
xchain.xd5.dq                             2.97
xchain.xd5.xfq.ckb                        2.97
xchain.xd5.xfq.ckbb                1.21794e-08
xchain.xd5.xfq.nm                         2.97
xchain.xd5.xfq.nma                 6.21715e-08
xchain.xd5.xfq.nmb                        2.97
xchain.xd5.xfq.ns                         2.97
xchain.xd5.q                       1.21794e-08
xchain.ck6                         8.01989e-09
xchain.xd5.nmo                            2.97
xchain.xd5.xn2m.nmid                   2.50149
xchain.xd5.dmo                     3.51714e-08
xchain.xd5.xfmo.ckb                       2.97
xchain.xd5.xfmo.ckbb               1.21794e-08
xchain.xd5.xfmo.nm                 5.05158e-08
xchain.xd5.xfmo.nma                       2.97
xchain.xd5.xfmo.nmb                1.98761e-08
xchain.xd5.xfmo.ns                        2.97
xchain.xd5.mob                            2.97
xchain.xnr0.pmid                          2.97
xchain.nmi0                               2.97
xchain.xnr1.pmid                      0.659531
xchain.nmi1                        2.76567e-08
xchain.xnr2.pmid                          2.97
xchain.nmi2                               2.97
xchain.xnr3.pmid                          2.97
xchain.nmi3                               2.97
xchain.xnr4.pmid                          2.97
xchain.nmi4                               2.97
xchain.t0                                 2.97
xchain.xm0.nmid                        1.18744
xchain.t1                                 2.97
xchain.xm1.nmid                      0.0693288
xchain.t2                                 2.97
xchain.xm2.nmid                      0.0693288
xchain.t3                                 2.97
xchain.xm3.nmid                        2.50149
xchain.t4                                 2.97
xchain.xm4.nmid                      0.0693287
xchain.t5                                 2.97
xchain.xm5.nmid                    4.16559e-08
xchain.ma                          3.59963e-08
xchain.xma.nm1                     2.39975e-08
xchain.xma.nm2                     1.19988e-08
xchain.mb                          3.59963e-08
xchain.xmb.nm1                     2.39975e-08
xchain.xmb.nm2                     1.19988e-08
xchain.xmno.pmid                          2.97
xchain.divoutb                            2.97
divout                               1.942e-08
xchain.xfrt.ckb                           2.97
xchain.xfrt.ckbb                   1.21794e-08
xchain.xfrt.nm                     3.47644e-08
xchain.xfrt.nma                           2.97
xchain.xfrt.nmb                    1.98761e-08
xchain.xfrt.ns                     1.35106e-07
fb                                        2.97
xchain.fbb                         7.74668e-08
vq5#branch                                   0
vq4#branch                                   0
vq3#branch                                   0
vq2#branch                                   0
vq1#branch                                   0
vq0#branch                                   0
vs5#branch                                   0
vs4#branch                                   0
vs3#branch                                   0
vs2#branch                                   0
vs1#branch                                   0
vs0#branch                                   0
vvco#branch                                  0
vdiv#branch                       -0.000589467

 Reference value :  0.00000e+00
 Reference value :  3.06400e-09
 Reference value :  5.01500e-09
 Reference value :  7.37500e-09
 Reference value :  9.96250e-09
 Reference value :  1.18750e-08
 Reference value :  1.42250e-08
 Reference value :  1.64250e-08
 Reference value :  1.89750e-08
 Reference value :  2.15250e-08
 Reference value :  2.35250e-08
 Reference value :  2.60250e-08
 Reference value :  2.84250e-08
 Reference value :  3.12750e-08
 Reference value :  3.33250e-08
 Reference value :  3.58750e-08
 Reference value :  3.82250e-08
 Reference value :  4.08250e-08
 Reference value :  4.27250e-08
 Reference value :  4.47250e-08
 Reference value :  4.65750e-08
 Reference value :  4.93250e-08
 Reference value :  5.15250e-08
 Reference value :  5.37750e-08
 Reference value :  5.62250e-08
 Reference value :  5.86750e-08
 Reference value :  6.11750e-08
 Reference value :  6.29750e-08
 Reference value :  6.56250e-08
 Reference value :  6.80250e-08
 Reference value :  7.05750e-08
 Reference value :  7.26350e-08
 Reference value :  7.51750e-08
 Reference value :  7.76000e-08
 Reference value :  8.01750e-08
 Reference value :  8.23250e-08
 Reference value :  8.47250e-08
 Reference value :  8.69750e-08
 Reference value :  8.97250e-08
 Reference value :  9.16750e-08
 Reference value :  9.40250e-08
 Reference value :  9.63250e-08
 Reference value :  9.88750e-08
 Reference value :  1.01325e-07
 Reference value :  1.03225e-07
 Reference value :  1.05825e-07
 Reference value :  1.08125e-07
 Reference value :  1.10825e-07
 Reference value :  1.12775e-07
 Reference value :  1.15575e-07
 Reference value :  1.17975e-07
 Reference value :  1.20575e-07
 Reference value :  1.22600e-07
 Reference value :  1.24675e-07
 Reference value :  1.27125e-07
 Reference value :  1.29775e-07
 Reference value :  1.31775e-07
 Reference value :  1.34175e-07
 Reference value :  1.36475e-07
 Reference value :  1.39125e-07
 Reference value :  1.41525e-07
 Reference value :  1.43375e-07
 Reference value :  1.45925e-07
 Reference value :  1.48525e-07
 Reference value :  1.51025e-07
 Reference value :  1.53125e-07
 Reference value :  1.55925e-07
 Reference value :  1.58275e-07
 Reference value :  1.60875e-07
 Reference value :  1.62925e-07
 Reference value :  1.65475e-07
 Reference value :  1.67825e-07
 Reference value :  1.70425e-07
 Reference value :  1.72600e-07
 Reference value :  1.75105e-07
 Reference value :  1.77600e-07
 Reference value :  1.80115e-07
 Reference value :  1.82275e-07
 Reference value :  1.84825e-07
 Reference value :  1.87125e-07
 Reference value :  1.89825e-07
 Reference value :  1.91875e-07
 Reference value :  1.94575e-07
 Reference value :  1.96975e-07
 Reference value :  1.99625e-07
 Reference value :  2.01775e-07
 Reference value :  2.03725e-07
 Reference value :  2.05625e-07
 Reference value :  2.07925e-07
 Reference value :  2.10525e-07
 Reference value :  2.12675e-07
 Reference value :  2.15325e-07
 Reference value :  2.17675e-07
 Reference value :  2.20325e-07
 Reference value :  2.22463e-07
 Reference value :  2.25005e-07
 Reference value :  2.27325e-07
 Reference value :  2.29925e-07
 Reference value :  2.31925e-07
 Reference value :  2.34375e-07
 Reference value :  2.36725e-07
 Reference value :  2.39325e-07
 Reference value :  2.41575e-07
 Reference value :  2.43325e-07
 Reference value :  2.45875e-07
 Reference value :  2.48175e-07
 Reference value :  2.50825e-07
 Reference value :  2.52825e-07
 Reference value :  2.55475e-07
 Reference value :  2.57825e-07
 Reference value :  2.60475e-07
 Reference value :  2.62600e-07
 Reference value :  2.65175e-07
 Reference value :  2.67635e-07
 Reference value :  2.70375e-07
 Reference value :  2.72515e-07
 Reference value :  2.75115e-07
 Reference value :  2.77605e-07
 Reference value :  2.80175e-07
 Reference value :  2.82463e-07
 Reference value :  2.84275e-07
 Reference value :  2.86475e-07
 Reference value :  2.88975e-07
 Reference value :  2.91325e-07
 Reference value :  2.93475e-07
 Reference value :  2.96025e-07
 Reference value :  2.98625e-07
 Reference value :  3.01125e-07
 Reference value :  3.03025e-07
 Reference value :  3.05675e-07
 Reference value :  3.08075e-07
 Reference value :  3.10725e-07
 Reference value :  3.12775e-07
 Reference value :  3.15375e-07
 Reference value :  3.17875e-07
 Reference value :  3.20425e-07
 Reference value :  3.22515e-07
 Reference value :  3.24963e-07
 Reference value :  3.27125e-07
 Reference value :  3.29775e-07
 Reference value :  3.31725e-07
 Reference value :  3.34025e-07
 Reference value :  3.36375e-07
 Reference value :  3.38925e-07
 Reference value :  3.41325e-07
 Reference value :  3.43125e-07
 Reference value :  3.45725e-07
 Reference value :  3.48025e-07
 Reference value :  3.50575e-07
 Reference value :  3.52605e-07
 Reference value :  3.55135e-07
 Reference value :  3.57615e-07
 Reference value :  3.60225e-07
 Reference value :  3.62125e-07
 Reference value :  3.63975e-07
 Reference value :  3.65775e-07
 Reference value :  3.68075e-07
 Reference value :  3.70675e-07
 Reference value :  3.72725e-07
 Reference value :  3.75475e-07
 Reference value :  3.77825e-07
 Reference value :  3.80425e-07
 Reference value :  3.82505e-07
 Reference value :  3.85067e-07
 Reference value :  3.87500e-07
 Reference value :  3.90035e-07
 Reference value :  3.92075e-07
 Reference value :  3.94675e-07
 Reference value :  3.97175e-07
 Reference value :  3.99825e-07
 Reference value :  4.01975e-07
 Reference value :  4.04125e-07
 Reference value :  4.06575e-07
 Reference value :  4.09375e-07
 Reference value :  4.11575e-07
 Reference value :  4.13925e-07
 Reference value :  4.16425e-07
 Reference value :  4.19125e-07
 Reference value :  4.21525e-07
 Reference value :  4.23475e-07
 Reference value :  4.26075e-07
 Reference value :  4.28575e-07
 Reference value :  4.31125e-07
 Reference value :  4.33175e-07
 Reference value :  4.35875e-07
 Reference value :  4.38275e-07
 Reference value :  4.40925e-07
 Reference value :  4.42825e-07
 Reference value :  4.45067e-07
 Reference value :  4.47505e-07
 Reference value :  4.50067e-07
 Reference value :  4.52125e-07
 Reference value :  4.54725e-07
 Reference value :  4.56875e-07
 Reference value :  4.59625e-07
 Reference value :  4.61725e-07
 Reference value :  4.63875e-07
 Reference value :  4.67500e-07
 Reference value :  4.71425e-07
 Reference value :  4.74325e-07
 Reference value :  4.76675e-07
 Reference value :  4.79375e-07
 Reference value :  4.81675e-07
 Reference value :  4.83625e-07
 Reference value :  4.86275e-07
 Reference value :  4.88925e-07
 Reference value :  4.91275e-07
 Reference value :  4.93325e-07
 Reference value :  4.96075e-07
 Reference value :  4.98775e-07
 Reference value :  5.01275e-07
 Reference value :  5.03175e-07
 Reference value :  5.05825e-07
 Reference value :  5.08125e-07
 Reference value :  5.10775e-07
 Reference value :  5.12825e-07
 Reference value :  5.15425e-07
 Reference value :  5.17825e-07
 Reference value :  5.20375e-07
 Reference value :  5.22505e-07
 Reference value :  5.24325e-07
 Reference value :  5.26225e-07
 Reference value :  5.28775e-07
 Reference value :  5.31225e-07
 Reference value :  5.33275e-07
 Reference value :  5.35875e-07
 Reference value :  5.38225e-07
 Reference value :  5.40875e-07
 Reference value :  5.43025e-07
 Reference value :  5.45725e-07
 Reference value :  5.48125e-07
 Reference value :  5.50825e-07
 Reference value :  5.52875e-07
 Reference value :  5.55475e-07
 Reference value :  5.58025e-07
 Reference value :  5.60675e-07
 Reference value :  5.62605e-07
 Reference value :  5.65100e-07
 Reference value :  5.67567e-07
 Reference value :  5.70135e-07
 Reference value :  5.72615e-07
 Reference value :  5.75275e-07
 Reference value :  5.77775e-07
 Reference value :  5.80575e-07
 Reference value :  5.82567e-07
 Reference value :  5.85135e-07
 Reference value :  5.87675e-07
 Reference value :  5.90225e-07
 Reference value :  5.92500e-07
 Reference value :  5.95015e-07
 Reference value :  5.97505e-07
 Reference value :  6.00105e-07
 Reference value :  6.02325e-07
 Reference value :  6.04475e-07
 Reference value :  6.06725e-07
 Reference value :  6.09425e-07
 Reference value :  6.11675e-07
 Reference value :  6.14175e-07
 Reference value :  6.16475e-07
 Reference value :  6.19775e-07
 Reference value :  6.22175e-07
 Reference value :  6.24725e-07
 Reference value :  6.27325e-07
 Reference value :  6.30035e-07
 Reference value :  6.32375e-07
 Reference value :  6.35105e-07
 Reference value :  6.37635e-07
 Reference value :  6.40325e-07
 Reference value :  6.42600e-07
 Reference value :  6.45325e-07
 Reference value :  6.47775e-07
 Reference value :  6.50425e-07
 Reference value :  6.52675e-07
 Reference value :  6.55575e-07
 Reference value :  6.58575e-07
 Reference value :  6.61375e-07
 Reference value :  6.63425e-07
 Reference value :  6.66275e-07
 Reference value :  6.69175e-07
 Reference value :  6.71575e-07
 Reference value :  6.73775e-07
 Reference value :  6.76275e-07
 Reference value :  6.79275e-07
 Reference value :  6.81525e-07
 Reference value :  6.83325e-07
 Reference value :  6.85325e-07
 Reference value :  6.87725e-07
 Reference value :  6.90475e-07
 Reference value :  6.92615e-07
 Reference value :  6.95275e-07
 Reference value :  6.97875e-07
 Reference value :  7.00925e-07
 Reference value :  7.03125e-07
 Reference value :  7.05875e-07
 Reference value :  7.09225e-07
 Reference value :  7.12175e-07
 Reference value :  7.15275e-07
 Reference value :  7.18325e-07
 Reference value :  7.21125e-07
 Reference value :  7.23225e-07
 Reference value :  7.25925e-07
 Reference value :  7.28375e-07
 Reference value :  7.31325e-07
 Reference value :  7.33525e-07
 Reference value :  7.36175e-07
 Reference value :  7.38875e-07
 Reference value :  7.41575e-07
 Reference value :  7.43775e-07
 Reference value :  7.46525e-07
 Reference value :  7.49375e-07
 Reference value :  7.51675e-07
 Reference value :  7.54325e-07
 Reference value :  7.56875e-07
 Reference value :  7.59825e-07
 Reference value :  7.62275e-07
 Reference value :  7.64325e-07
 Reference value :  7.66825e-07
 Reference value :  7.69675e-07
 Reference value :  7.71825e-07
 Reference value :  7.74675e-07
 Reference value :  7.77225e-07
 Reference value :  7.80000e-07
 Reference value :  7.82125e-07
 Reference value :  7.84625e-07
 Reference value :  7.87125e-07
 Reference value :  7.89962e-07
 Reference value :  7.92225e-07
 Reference value :  7.95005e-07
 Reference value :  7.97600e-07
 Reference value :  8.00425e-07
 Reference value :  8.02567e-07
 Reference value :  8.05115e-07
 Reference value :  8.07635e-07
 Reference value :  8.10375e-07
 Reference value :  8.12615e-07
 Reference value :  8.15325e-07
 Reference value :  8.17775e-07
 Reference value :  8.20475e-07
 Reference value :  8.22725e-07
 Reference value :  8.25525e-07
 Reference value :  8.28275e-07
 Reference value :  8.31325e-07
 Reference value :  8.33575e-07
 Reference value :  8.36225e-07
 Reference value :  8.39575e-07
 Reference value :  8.41925e-07
 Reference value :  8.44175e-07
 Reference value :  8.46325e-07
 Reference value :  8.49225e-07
 Reference value :  8.51675e-07
 Reference value :  8.54225e-07
 Reference value :  8.56825e-07
 Reference value :  8.59925e-07
 Reference value :  8.62325e-07
 Reference value :  8.65000e-07
 Reference value :  8.67505e-07
 Reference value :  8.70067e-07
 Reference value :  8.72425e-07
 Reference value :  8.75100e-07
 Reference value :  8.77567e-07
 Reference value :  8.80135e-07
 Reference value :  8.82500e-07
 Reference value :  8.85015e-07
 Reference value :  8.87535e-07
 Reference value :  8.90225e-07
 Reference value :  8.92505e-07
 Reference value :  8.95105e-07
 Reference value :  8.97635e-07
 Reference value :  9.00375e-07
 Reference value :  9.02515e-07
 Reference value :  9.05325e-07
 Reference value :  9.07925e-07
 Reference value :  9.10725e-07
 Reference value :  9.12825e-07
 Reference value :  9.15525e-07
 Reference value :  9.17975e-07
 Reference value :  9.20625e-07
 Reference value :  9.22875e-07
 Reference value :  9.25115e-07
 Reference value :  9.27600e-07
 Reference value :  9.30275e-07
 Reference value :  9.32535e-07
 Reference value :  9.35175e-07
 Reference value :  9.37725e-07
 Reference value :  9.40575e-07
 Reference value :  9.42675e-07
 Reference value :  9.45375e-07
 Reference value :  9.47875e-07
 Reference value :  9.50775e-07
 Reference value :  9.52775e-07
 Reference value :  9.55525e-07
 Reference value :  9.58075e-07
 Reference value :  9.60875e-07
 Reference value :  9.62875e-07
 Reference value :  9.65425e-07
 Reference value :  9.68075e-07
 Reference value :  9.70825e-07
 Reference value :  9.72825e-07
 Reference value :  9.75425e-07
 Reference value :  9.77825e-07
 Reference value :  9.80425e-07
 Reference value :  9.82505e-07
 Reference value :  9.85035e-07
 Reference value :  9.87375e-07
 Reference value :  9.90115e-07
 Reference value :  9.92175e-07
 Reference value :  9.94675e-07
 Reference value :  9.96725e-07
 Reference value :  9.99325e-07
 Reference value :  1.00137e-06
 Reference value :  1.00302e-06
 Reference value :  1.00500e-06
 Reference value :  1.00717e-06
 Reference value :  1.00992e-06
 Reference value :  1.01187e-06
 Reference value :  1.01437e-06
 Reference value :  1.01667e-06
 Reference value :  1.01922e-06
 Reference value :  1.02167e-06
 Reference value :  1.02377e-06
 Reference value :  1.02632e-06
 Reference value :  1.02917e-06
 Reference value :  1.03147e-06
 Reference value :  1.03377e-06
 Reference value :  1.03632e-06
 Reference value :  1.03922e-06
 Reference value :  1.04167e-06
 Reference value :  1.04392e-06
 Reference value :  1.04642e-06
 Reference value :  1.04947e-06
 Reference value :  1.05182e-06
 Reference value :  1.05467e-06
 Reference value :  1.05727e-06
No. of Data Rows : 23740

  Measurements for Transient Analysis

tfb1                =   3.65425e-07
tfb2                =   6.85425e-07
n_fb                =  6.40000e+01
tdo1                =   3.64697e-07
tdo2                =   6.84697e-07
ndo                 =  6.40000e+01
t_arr               =  4.64717e-09
t_rtcq              =  3.75281e-10
ffb2                =   8.45371e-07
fbpw                =  1.59946e-07
iavg                =  -1.80980e-04 from=  3.25000e-07 to=  1.06000e-06

ngspice-46 done

Warning: m=xx on .subckt line will override multiplier m hierarchy!

