
Note: Compatibility modes selected: hs a


Circuit: * divider-ratio-chain @ ss_125c_2.97v_f200n51 -- generated by sim/harness, do not edit

Doing analysis at TEMP = 125.000000 and TNOM = 27.000000

Using SPARSE 1.3 as Direct Linear Solver

Initial Transient Solution
--------------------------

Node                                   Voltage
----                                   -------
vdd_div                                   2.97
vco                                          0
sel0                                         0
sel1                                         0
sel2                                         0
sel3                                         0
sel4                                      2.97
sel5                                         0
pb0                                       2.97
pb1                                       2.97
pb2                                          0
pb3                                          0
pb4                                       2.97
pb5                                          0
xchain.xd0.sb                      3.59963e-08
xchain.mi0                                2.97
xchain.mo0                                2.97
xchain.xd0.xn3.nm1                 2.39975e-08
xchain.xd0.xn3.nm2                 1.19988e-08
xchain.xd0.dqn                            2.97
xchain.xd0.qb                          1.43813
xchain.xd0.xn2q.nmid                   1.20051
xchain.xd0.dq                      3.51714e-08
xchain.xd0.xfq.ckb                        2.97
xchain.xd0.xfq.ckbb                1.21794e-08
xchain.xd0.xfq.nm                  5.05158e-08
xchain.xd0.xfq.nma                        2.97
xchain.xd0.xfq.nmb                 1.98761e-08
xchain.xd0.xfq.ns                      1.43813
xchain.xd0.q                           1.43813
xchain.ck1                             1.42237
xchain.xd0.nmo                         0.35246
xchain.xd0.xn2m.nmid                  0.246517
xchain.xd0.dmo                         2.96994
xchain.xd0.xfmo.ckb                       2.97
xchain.xd0.xfmo.ckbb               1.21794e-08
xchain.xd0.xfmo.nm                     2.96994
xchain.xd0.xfmo.nma                 1.9882e-08
xchain.xd0.xfmo.nmb                       2.97
xchain.xd0.xfmo.ns                 5.05158e-08
xchain.xd0.mob                     3.51714e-08
xchain.xd1.sb                             2.97
xchain.mi1                         1.27834e-05
xchain.mo1                                2.97
xchain.xd1.xn3.nm1                 8.91067e-08
xchain.xd1.xn3.nm2                 4.45534e-08
xchain.xd1.dqn                     3.20764e-08
xchain.xd1.qb                          2.91949
xchain.xd1.xn2q.nmid               1.59436e-08
xchain.xd1.dq                             2.97
xchain.xd1.xfq.ckb                     1.76579
xchain.xd1.xfq.ckbb                   0.144416
xchain.xd1.xfq.nm                         2.97
xchain.xd1.xfq.nma                   0.0462121
xchain.xd1.xfq.nmb                        2.97
xchain.xd1.xfq.ns                      2.86519
xchain.xd1.q                       4.51594e-08
xchain.ck2                         1.50701e-08
xchain.xd1.nmo                            2.97
xchain.xd1.xn2m.nmid                 0.0693369
xchain.xd1.dmo                     3.51223e-08
xchain.xd1.xfmo.ckb                    1.76579
xchain.xd1.xfmo.ckbb                  0.144416
xchain.xd1.xfmo.nm                 5.98307e-08
xchain.xd1.xfmo.nma                    2.90588
xchain.xd1.xfmo.nmb                3.19608e-08
xchain.xd1.xfmo.ns                     0.16508
xchain.xd1.mob                       0.0587729
xchain.xd2.sb                             2.97
xchain.mi2                         1.21794e-08
xchain.mo2                             1.43813
xchain.xd2.xn3.nm1                    0.069663
xchain.xd2.xn3.nm2                 1.26535e-08
xchain.xd2.dqn                     2.41556e-08
xchain.xd2.qb                             2.97
xchain.xd2.xn2q.nmid               1.20778e-08
xchain.xd2.dq                             2.97
xchain.xd2.xfq.ckb                        2.97
xchain.xd2.xfq.ckbb                1.21794e-08
xchain.xd2.xfq.nm                         2.97
xchain.xd2.xfq.nma                 6.21715e-08
xchain.xd2.xfq.nmb                        2.97
xchain.xd2.xfq.ns                         2.97
xchain.xd2.q                       1.21794e-08
xchain.ck3                         8.01989e-09
xchain.xd2.nmo                            2.97
xchain.xd2.xn2m.nmid                 0.0693288
xchain.xd2.dmo                     3.51714e-08
xchain.xd2.xfmo.ckb                       2.97
xchain.xd2.xfmo.ckbb               1.21794e-08
xchain.xd2.xfmo.nm                 5.05158e-08
xchain.xd2.xfmo.nma                       2.97
xchain.xd2.xfmo.nmb                1.98761e-08
xchain.xd2.xfmo.ns                     1.43813
xchain.xd2.mob                         1.43813
xchain.xd3.sb                             2.97
xchain.mi3                                2.97
xchain.mo3                         1.21794e-08
xchain.xd3.xn3.nm1                     2.55082
xchain.xd3.xn3.nm2                   0.0623486
xchain.xd3.dqn                     2.41556e-08
xchain.xd3.qb                             2.97
xchain.xd3.xn2q.nmid               1.20778e-08
xchain.xd3.dq                             2.97
xchain.xd3.xfq.ckb                        2.97
xchain.xd3.xfq.ckbb                1.21794e-08
xchain.xd3.xfq.nm                         2.97
xchain.xd3.xfq.nma                 6.21715e-08
xchain.xd3.xfq.nmb                        2.97
xchain.xd3.xfq.ns                         2.97
xchain.xd3.q                       1.21794e-08
xchain.ck4                         8.01989e-09
xchain.xd3.nmo                            2.97
xchain.xd3.xn2m.nmid                   2.50149
xchain.xd3.dmo                     3.51714e-08
xchain.xd3.xfmo.ckb                       2.97
xchain.xd3.xfmo.ckbb               1.21794e-08
xchain.xd3.xfmo.nm                 5.05158e-08
xchain.xd3.xfmo.nma                       2.97
xchain.xd3.xfmo.nmb                1.98761e-08
xchain.xd3.xfmo.ns                        2.97
xchain.xd3.mob                            2.97
xchain.xd4.sb                      3.59963e-08
xchain.mi4                                2.97
xchain.mo4                                2.97
xchain.xd4.xn3.nm1                 2.39975e-08
xchain.xd4.xn3.nm2                 1.19988e-08
xchain.xd4.dqn                            2.97
xchain.xd4.qb                          1.43813
xchain.xd4.xn2q.nmid                   1.20051
xchain.xd4.dq                      3.51714e-08
xchain.xd4.xfq.ckb                        2.97
xchain.xd4.xfq.ckbb                1.21794e-08
xchain.xd4.xfq.nm                  5.05158e-08
xchain.xd4.xfq.nma                        2.97
xchain.xd4.xfq.nmb                 1.98761e-08
xchain.xd4.xfq.ns                      1.43813
xchain.xd4.q                           1.43813
xchain.ck5                             1.42237
xchain.xd4.nmo                         0.35246
xchain.xd4.xn2m.nmid                  0.246517
xchain.xd4.dmo                         2.96994
xchain.xd4.xfmo.ckb                       2.97
xchain.xd4.xfmo.ckbb               1.21794e-08
xchain.xd4.xfmo.nm                     2.96994
xchain.xd4.xfmo.nma                 1.9882e-08
xchain.xd4.xfmo.nmb                       2.97
xchain.xd4.xfmo.ns                 5.05158e-08
xchain.xd4.mob                     3.51714e-08
xchain.xd5.sb                             2.97
xchain.mo5                         1.21794e-08
xchain.xd5.xn3.nm1                   0.0897579
xchain.xd5.xn3.nm2                   0.0222667
xchain.xd5.dqn                            2.97
xchain.xd5.qb                        0.0587729
xchain.xd5.xn2q.nmid                 1.408e-07
xchain.xd5.dq                      3.51223e-08
xchain.xd5.xfq.ckb                     1.76579
xchain.xd5.xfq.ckbb                   0.144416
xchain.xd5.xfq.nm                  5.98307e-08
xchain.xd5.xfq.nma                     2.90588
xchain.xd5.xfq.nmb                 3.19608e-08
xchain.xd5.xfq.ns                      0.16508
xchain.xd5.q                              2.97
xchain.ck6                                2.97
xchain.xd5.nmo                            2.97
xchain.xd5.xn2m.nmid               4.16559e-08
xchain.xd5.dmo                     3.51223e-08
xchain.xd5.xfmo.ckb                    1.76579
xchain.xd5.xfmo.ckbb                  0.144416
xchain.xd5.xfmo.nm                 5.98306e-08
xchain.xd5.xfmo.nma                       2.97
xchain.xd5.xfmo.nmb                1.98272e-08
xchain.xd5.xfmo.ns                        2.97
xchain.xd5.mob                            2.97
xchain.xnr0.pmid                      0.659532
xchain.nmi0                        2.76571e-08
xchain.xnr1.pmid                       2.69468
xchain.nmi1                            2.57271
xchain.xnr2.pmid                          2.97
xchain.nmi2                               2.97
xchain.xnr3.pmid                      0.659531
xchain.nmi3                        2.76568e-08
xchain.xnr4.pmid                          2.97
xchain.nmi4                        1.61747e-08
xchain.t0                                 2.97
xchain.xm0.nmid                        1.18744
xchain.t1                                 2.97
xchain.xm1.nmid                      0.0693288
xchain.t2                                 2.97
xchain.xm2.nmid                      0.0693287
xchain.t3                                 2.97
xchain.xm3.nmid                      0.0693288
xchain.t4                             0.452871
xchain.xm4.nmid                      0.0986366
xchain.t5                                 2.97
xchain.xm5.nmid                        2.50149
xchain.ma                          3.59963e-08
xchain.xma.nm1                     2.39975e-08
xchain.xma.nm2                     1.19988e-08
xchain.mb                              2.96904
xchain.xmb.nm1                         2.16368
xchain.xmb.nm2                     0.000245303
xchain.xmno.pmid                          2.97
xchain.divoutb                     1.63318e-08
divout                                    2.97
xchain.xfrt.ckb                           2.97
xchain.xfrt.ckbb                   1.21794e-08
xchain.xfrt.nm                            2.97
xchain.xfrt.nma                    6.21715e-08
xchain.xfrt.nmb                           2.97
xchain.xfrt.ns                            2.97
fb                                 1.21794e-08
xchain.fbb                                2.97
vq5#branch                                   0
vq4#branch                                   0
vq3#branch                                   0
vq2#branch                                   0
vq1#branch                                   0
vq0#branch                                   0
vs5#branch                                   0
vs4#branch                                   0
vs3#branch                                   0
vs2#branch                                   0
vs1#branch                                   0
vs0#branch                                   0
vvco#branch                                  0
vdiv#branch                        -0.00150739

 Reference value :  0.00000e+00
 Reference value :  6.30500e-09
 Reference value :  1.08050e-08
 Reference value :  1.45050e-08
 Reference value :  1.76210e-08
 Reference value :  2.14050e-08
 Reference value :  2.51490e-08
 Reference value :  3.00650e-08
 Reference value :  3.35050e-08
 Reference value :  3.81050e-08
 Reference value :  4.23050e-08
 Reference value :  4.58050e-08
 Reference value :  5.01000e-08
 Reference value :  5.30050e-08
 Reference value :  5.69050e-08
 Reference value :  6.07050e-08
 Reference value :  6.41050e-08
 Reference value :  6.77050e-08
 Reference value :  7.17050e-08
 Reference value :  7.51490e-08
 Reference value :  7.86050e-08
 Reference value :  8.22050e-08
 Reference value :  8.56050e-08
 Reference value :  8.94050e-08
 Reference value :  9.29050e-08
 Reference value :  9.68050e-08
 Reference value :  1.00505e-07
 Reference value :  1.04405e-07
 Reference value :  1.07600e-07
 Reference value :  1.10705e-07
 Reference value :  1.15000e-07
 Reference value :  1.17705e-07
 Reference value :  1.21405e-07
 Reference value :  1.25305e-07
 Reference value :  1.28505e-07
 Reference value :  1.32405e-07
 Reference value :  1.36005e-07
 Reference value :  1.39605e-07
 Reference value :  1.42905e-07
 Reference value :  1.47105e-07
 Reference value :  1.51105e-07
 Reference value :  1.55121e-07
 Reference value :  1.58305e-07
 Reference value :  1.62530e-07
 Reference value :  1.66405e-07
 Reference value :  1.70121e-07
 Reference value :  1.74005e-07
 Reference value :  1.77607e-07
 Reference value :  1.81305e-07
 Reference value :  1.85405e-07
 Reference value :  1.88605e-07
 Reference value :  1.92405e-07
 Reference value :  1.96405e-07
 Reference value :  2.00121e-07
 Reference value :  2.03505e-07
 Reference value :  2.07305e-07
 Reference value :  2.10705e-07
 Reference value :  2.15010e-07
 Reference value :  2.17905e-07
 Reference value :  2.21705e-07
 Reference value :  2.26105e-07
 Reference value :  2.29305e-07
 Reference value :  2.32649e-07
 Reference value :  2.36605e-07
 Reference value :  2.40305e-07
 Reference value :  2.44105e-07
 Reference value :  2.47530e-07
 Reference value :  2.51205e-07
 Reference value :  2.55405e-07
 Reference value :  2.59005e-07
 Reference value :  2.62905e-07
 Reference value :  2.66905e-07
 Reference value :  2.70010e-07
 Reference value :  2.73205e-07
 Reference value :  2.77305e-07
 Reference value :  2.80905e-07
 Reference value :  2.85100e-07
 Reference value :  2.88005e-07
 Reference value :  2.92005e-07
 Reference value :  2.96105e-07
 Reference value :  3.00010e-07
 Reference value :  3.03805e-07
 Reference value :  3.07530e-07
 Reference value :  3.11005e-07
 Reference value :  3.15305e-07
 Reference value :  3.18905e-07
 Reference value :  3.22649e-07
 Reference value :  3.26805e-07
 Reference value :  3.30405e-07
 Reference value :  3.34905e-07
 Reference value :  3.37905e-07
 Reference value :  3.41905e-07
 Reference value :  3.45905e-07
 Reference value :  3.50405e-07
 Reference value :  3.54605e-07
 Reference value :  3.58405e-07
 Reference value :  3.62305e-07
 Reference value :  3.65405e-07
 Reference value :  3.70065e-07
 Reference value :  3.73105e-07
 Reference value :  3.77405e-07
 Reference value :  3.81605e-07
 Reference value :  3.85205e-07
 Reference value :  3.89805e-07
 Reference value :  3.93005e-07
 Reference value :  3.96905e-07
 Reference value :  4.00805e-07
 Reference value :  4.04105e-07
 Reference value :  4.07600e-07
 Reference value :  4.11705e-07
 Reference value :  4.15505e-07
 Reference value :  4.19905e-07
 Reference value :  4.22805e-07
 Reference value :  4.26905e-07
 Reference value :  4.30805e-07
 Reference value :  4.34405e-07
 Reference value :  4.37705e-07
 Reference value :  4.41705e-07
 Reference value :  4.45010e-07
 Reference value :  4.48205e-07
 Reference value :  4.52205e-07
 Reference value :  4.55705e-07
 Reference value :  4.59905e-07
 Reference value :  4.62705e-07
 Reference value :  4.66505e-07
 Reference value :  4.70405e-07
 Reference value :  4.73705e-07
 Reference value :  4.77565e-07
 Reference value :  4.81405e-07
 Reference value :  4.84705e-07
 Reference value :  4.88005e-07
 Reference value :  4.92005e-07
 Reference value :  4.95505e-07
 Reference value :  4.99805e-07
 Reference value :  5.02649e-07
 Reference value :  5.06505e-07
 Reference value :  5.10405e-07
 Reference value :  5.13705e-07
 Reference value :  5.17510e-07
 Reference value :  5.21305e-07
 Reference value :  5.24205e-07
 Reference value :  5.27600e-07
 Reference value :  5.31505e-07
 Reference value :  5.35205e-07
 Reference value :  5.39005e-07
 Reference value :  5.42510e-07
 Reference value :  5.46105e-07
 Reference value :  5.50205e-07
 Reference value :  5.53305e-07
 Reference value :  5.57405e-07
 Reference value :  5.61005e-07
 Reference value :  5.64305e-07
 Reference value :  5.67649e-07
 Reference value :  5.71605e-07
 Reference value :  5.75149e-07
 Reference value :  5.78605e-07
 Reference value :  5.82405e-07
 Reference value :  5.85805e-07
 Reference value :  5.90010e-07
 Reference value :  5.92705e-07
 Reference value :  5.96605e-07
 Reference value :  6.00305e-07
 Reference value :  6.04905e-07
 Reference value :  6.07905e-07
 Reference value :  6.11905e-07
 Reference value :  6.15905e-07
 Reference value :  6.18705e-07
 Reference value :  6.22500e-07
 Reference value :  6.26305e-07
 Reference value :  6.30065e-07
 Reference value :  6.33205e-07
 Reference value :  6.37205e-07
 Reference value :  6.40805e-07
 Reference value :  6.45030e-07
 Reference value :  6.48105e-07
 Reference value :  6.52500e-07
 Reference value :  6.56205e-07
 Reference value :  6.59705e-07
 Reference value :  6.62905e-07
 Reference value :  6.67205e-07
 Reference value :  6.70805e-07
 Reference value :  6.75030e-07
 Reference value :  6.77805e-07
 Reference value :  6.81905e-07
 Reference value :  6.86005e-07
 Reference value :  6.89805e-07
 Reference value :  6.93005e-07
 Reference value :  6.96905e-07
 Reference value :  6.99905e-07
 Reference value :  7.02905e-07
 Reference value :  7.06905e-07
 Reference value :  7.10405e-07
 Reference value :  7.14305e-07
 Reference value :  7.17600e-07
 Reference value :  7.21205e-07
 Reference value :  7.25205e-07
 Reference value :  7.28405e-07
 Reference value :  7.32405e-07
 Reference value :  7.36105e-07
 Reference value :  7.39305e-07
 Reference value :  7.42705e-07
 Reference value :  7.47510e-07
 Reference value :  7.51205e-07
 Reference value :  7.55149e-07
 Reference value :  7.58105e-07
 Reference value :  7.62205e-07
 Reference value :  7.66105e-07
 Reference value :  7.70065e-07
 Reference value :  7.75305e-07
 Reference value :  7.79405e-07
 Reference value :  7.83505e-07
 Reference value :  7.88105e-07
 Reference value :  7.92805e-07
 Reference value :  7.97530e-07
 Reference value :  8.02105e-07
 Reference value :  8.06305e-07
 Reference value :  8.10405e-07
 Reference value :  8.15100e-07
 Reference value :  8.18205e-07
 Reference value :  8.22600e-07
 Reference value :  8.26505e-07
 Reference value :  8.30149e-07
 Reference value :  8.34805e-07
 Reference value :  8.38105e-07
 Reference value :  8.42600e-07
 Reference value :  8.46805e-07
 Reference value :  8.50505e-07
 Reference value :  8.54105e-07
 Reference value :  8.57805e-07
 Reference value :  8.61905e-07
No. of Data Rows : 10722

  Measurements for Transient Analysis

tfb1                =   4.45437e-07
tfb2                =   7.00437e-07
n_fb                =  5.10000e+01
tdo1                =   4.44116e-07
tdo2                =   6.99116e-07
ndo                 =  5.10000e+01
t_arr               =  4.06619e-09
t_rtcq              =  3.86729e-10
ffb2                =   5.25379e-07
fbpw                =  -1.75058e-07
iavg                =  -1.79945e-04 from=  2.60000e-07 to=  8.65000e-07

ngspice-46 done

Warning: m=xx on .subckt line will override multiplier m hierarchy!

