==== generated deck (dc_fs_-40c_2.97v_code00) ====
* GENERATED by simenv.sh -- do not edit; edit /Users/rwalters/GitHub/gf180-pll/.loom/worktrees/issue-9/sim/cp-compliance/testbench/tb_cp_dc.sp instead
* tag=dc_fs_Tm40_V2p97_C00 libs=fs temp=-40C
.include "/Users/rwalters/.volare/gf180mcuD/libs.tech/ngspice/design.ngspice"
.lib "/Users/rwalters/.volare/gf180mcuD/libs.tech/ngspice/sm141064.ngspice" fs
.temp -40
.param sim_temp=-40
.param vsup=2.97
.param b0_code=0
.param b1_code=0
.include "/Users/rwalters/GitHub/gf180-pll/.loom/worktrees/issue-9/sim/cp-compliance/testbench/tb_cp_dc.sp"
.end

==== ngspice output ====

Note: Compatibility modes selected: hs a

Warning: m=xx on .subckt line will override multiplier m hierarchy!


Circuit: * generated by simenv.sh -- do not edit; edit /users/rwalters/github/gf180-pll/.loom/worktrees/issue-9/sim/cp-compliance/testbench/tb_cp_dc.sp instead

Doing analysis at TEMP = -40.000000 and TNOM = 27.000000

Using SPARSE 1.3 as Direct Linear Solver
Note: Starting dynamic gmin stepping
Warning: Dynamic gmin stepping failed
Note: Starting true gmin stepping
Warning: True gmin stepping failed
Note: Starting source stepping
Note: Source stepping completed

No. of Data Rows : 182
Doing analysis at TEMP = -40.000000 and TNOM = 27.000000

Using SPARSE 1.3 as Direct Linear Solver

No. of Data Rows : 1
SATLO nbot_vds 0.0717328 nbot_vdsat 0.0738956 ncasc_vds 0.827783 ncasc_vdsat 0.0710501 ptop_vds 0.0761647 ptop_vdsat 0.0837306 pcasc_vds 1.55961 pcasc_vdsat 0.0793941
Doing analysis at TEMP = -40.000000 and TNOM = 27.000000

Using SPARSE 1.3 as Direct Linear Solver

No. of Data Rows : 1
SATHI nbot_vds 0.073933 nbot_vdsat 0.0738956 ncasc_vds 2.00913 ncasc_vdsat 0.0696373 ptop_vds 0.0752324 ptop_vdsat 0.0837306 pcasc_vds 0.492925 pcasc_vdsat 0.0801594
Note: Simulation executed from .control section 
