==== generated deck (sw_typical_125c_2.97v_vctrl1.65) ====
* GENERATED by simenv.sh -- do not edit; edit /Users/rwalters/GitHub/gf180-pll/.loom/worktrees/issue-9/sim/cp-compliance/testbench/tb_cp_switch.sp instead
* tag=sw_typical_T125_V2p97_X1p65 libs=typical temp=125C
.include "/Users/rwalters/.volare/gf180mcuD/libs.tech/ngspice/design.ngspice"
.lib "/Users/rwalters/.volare/gf180mcuD/libs.tech/ngspice/sm141064.ngspice" typical
.temp 125
.param sim_temp=125
.param vsup=2.97
.param vctrl=1.65
.param b0_code=0
.param b1_code=1
.include "/Users/rwalters/GitHub/gf180-pll/.loom/worktrees/issue-9/sim/cp-compliance/testbench/tb_cp_switch.sp"
.end

==== ngspice output ====

Note: Compatibility modes selected: hs a

Warning: m=xx on .subckt line will override multiplier m hierarchy!


Circuit: * generated by simenv.sh -- do not edit; edit /users/rwalters/github/gf180-pll/.loom/worktrees/issue-9/sim/cp-compliance/testbench/tb_cp_switch.sp instead

Doing analysis at TEMP = 125.000000 and TNOM = 27.000000

Using SPARSE 1.3 as Direct Linear Solver

Initial Transient Solution
--------------------------

Node                                   Voltage
----                                   -------
vdd                                       2.97
vss                                          0
hi                                        2.97
lo                                           0
b0                                           0
b1                                        2.97
ctl                                          0
ibn_u                                 0.633148
icn_u                                 0.757915
ibp_u                                  2.21935
icp_u                                  2.07601
xcpu.b0b                                  2.97
xcpu.b1b                           5.00277e-08
xcpu.upb                                  2.97
xcpu.dnb                                  2.97
xcpu.xn_base.bg                       0.633148
xcpu.xn_base.mid                     0.0993667
xcpu.dnt                               1.32043
xcpu.xn_t0.bg                      4.86014e-08
xcpu.xn_t0.mid                        0.536058
xcpu.xn_t1a.bg                        0.633148
xcpu.xn_t1a.mid                      0.0993667
xcpu.xn_t1b.bg                        0.633148
xcpu.xn_t1b.mid                      0.0993667
xcpu.xp_base.bg                        2.21935
xcpu.xp_base.mid                       2.86464
xcpu.upt                               1.35726
xcpu.xp_t0.bg                             2.97
xcpu.xp_t0.mid                         1.96791
xcpu.xp_t1a.bg                         2.21935
xcpu.xp_t1a.mid                        2.86464
xcpu.xp_t1b.bg                         2.21935
xcpu.xp_t1b.mid                        2.86464
outu                                      1.65
xcpu.vdump                             1.32459
xcpu.nclp                             0.565882
xcpu.pclp                              2.28671
ibn_d                                 0.633148
icn_d                                 0.757915
ibp_d                                  2.21935
icp_d                                  2.07601
xcpd.b0b                                  2.97
xcpd.b1b                           5.00277e-08
xcpd.upb                                  2.97
xcpd.dnb                                  2.97
xcpd.xn_base.bg                       0.633148
xcpd.xn_base.mid                     0.0993667
xcpd.dnt                               1.32043
xcpd.xn_t0.bg                      4.86014e-08
xcpd.xn_t0.mid                        0.536057
xcpd.xn_t1a.bg                        0.633148
xcpd.xn_t1a.mid                      0.0993667
xcpd.xn_t1b.bg                        0.633148
xcpd.xn_t1b.mid                      0.0993667
xcpd.xp_base.bg                        2.21935
xcpd.xp_base.mid                       2.86464
xcpd.upt                               1.35726
xcpd.xp_t0.bg                             2.97
xcpd.xp_t0.mid                         1.96791
xcpd.xp_t1a.bg                         2.21935
xcpd.xp_t1a.mid                        2.86464
xcpd.xp_t1b.bg                         2.21935
xcpd.xp_t1b.mid                        2.86464
outd                                      1.65
xcpd.vdump                             1.32459
xcpd.nclp                             0.565882
xcpd.pclp                              2.28671
vod#branch                        -1.24617e-11
vou#branch                        -1.24617e-11
vctl#branch                                  0
vb1#branch                           -2.97e-12
vb0#branch                                   0
vlo#branch                                   0
vhi#branch                           -2.97e-12
vss#branch                         4.43305e-05
vdd#branch                        -7.63309e-05


No. of Data Rows : 4020
iup_ss              =  5.33089e-06 from=  1.40000e-08 to=  1.50025e-08
idn_ss              =  -5.41149e-06 from=  1.40000e-08 to=  1.50025e-08
qup                 =  9.54281e-15 from=  9.50000e-09 to=  1.50000e-08
qdn                 =  -3.90246e-14 from=  9.50000e-09 to=  1.50000e-08
ton_up              =  -9.99819e-11 targ=  1.00000e-08 trig=  1.01000e-08
ton_dn              =  4.79596e-11 targ=  1.01480e-08 trig=  1.01000e-08
toff_up             =  -9.99166e-11 targ=  1.52001e-08 trig=  1.53000e-08
toff_dn             =  3.76312e-11 targ=  1.53376e-08 trig=  1.53000e-08
CPSW iup_ss=5.33089E-06 idn_ss=-5.41149E-06 qup=9.54281E-15 qdn=-3.90246E-14 wup=1.7901E-09 wdn=7.21143E-09 wskew=-5.42134E-09 ton_up=-9.99819E-11 ton_dn=4.79596E-11 toff_up=-9.99166E-11 toff_dn=3.76312E-11
Note: Simulation executed from .control section 
