==== generated deck (sw_typical_27c_3.63v_vctrl1.65) ====
* GENERATED by simenv.sh -- do not edit; edit /Users/rwalters/GitHub/gf180-pll/.loom/worktrees/issue-9/sim/cp-compliance/testbench/tb_cp_switch.sp instead
* tag=sw_typical_T27_V3p63_X1p65 libs=typical temp=27C
.include "/Users/rwalters/.volare/gf180mcuD/libs.tech/ngspice/design.ngspice"
.lib "/Users/rwalters/.volare/gf180mcuD/libs.tech/ngspice/sm141064.ngspice" typical
.temp 27
.param sim_temp=27
.param vsup=3.63
.param vctrl=1.65
.param b0_code=0
.param b1_code=1
.include "/Users/rwalters/GitHub/gf180-pll/.loom/worktrees/issue-9/sim/cp-compliance/testbench/tb_cp_switch.sp"
.end

==== ngspice output ====

Note: Compatibility modes selected: hs a

Warning: m=xx on .subckt line will override multiplier m hierarchy!


Circuit: * generated by simenv.sh -- do not edit; edit /users/rwalters/github/gf180-pll/.loom/worktrees/issue-9/sim/cp-compliance/testbench/tb_cp_switch.sp instead

Doing analysis at TEMP = 27.000000 and TNOM = 27.000000

Using SPARSE 1.3 as Direct Linear Solver

Initial Transient Solution
--------------------------

Node                                   Voltage
----                                   -------
vdd                                       3.63
vss                                          0
hi                                        3.63
lo                                           0
b0                                           0
b1                                        3.63
ctl                                          0
ibn_u                                 0.718977
icn_u                                 0.825422
ibp_u                                  2.77912
icp_u                                  2.66081
xcpu.b0b                                  3.63
xcpu.b1b                           1.18198e-08
xcpu.upb                                  3.63
xcpu.dnb                                  3.63
xcpu.xn_base.bg                       0.718977
xcpu.xn_base.mid                     0.0847014
xcpu.dnt                               1.63736
xcpu.xn_t0.bg                      6.88696e-11
xcpu.xn_t0.mid                        0.468611
xcpu.xn_t1a.bg                        0.718977
xcpu.xn_t1a.mid                      0.0847014
xcpu.xn_t1b.bg                        0.718977
xcpu.xn_t1b.mid                      0.0847014
xcpu.xp_base.bg                        2.77912
xcpu.xp_base.mid                       3.54202
xcpu.upt                               1.65712
xcpu.xp_t0.bg                             3.63
xcpu.xp_t0.mid                         1.45575
xcpu.xp_t1a.bg                         2.77912
xcpu.xp_t1a.mid                        3.54202
xcpu.xp_t1b.bg                         2.77912
xcpu.xp_t1b.mid                        3.54202
outu                                      1.65
xcpu.vdump                             1.63973
xcpu.nclp                             0.704421
xcpu.pclp                              2.79812
ibn_d                                 0.718977
icn_d                                 0.825422
ibp_d                                  2.77912
icp_d                                  2.66081
xcpd.b0b                                  3.63
xcpd.b1b                           1.18198e-08
xcpd.upb                                  3.63
xcpd.dnb                                  3.63
xcpd.xn_base.bg                       0.718977
xcpd.xn_base.mid                     0.0847014
xcpd.dnt                               1.63736
xcpd.xn_t0.bg                      6.88696e-11
xcpd.xn_t0.mid                         0.46861
xcpd.xn_t1a.bg                        0.718977
xcpd.xn_t1a.mid                      0.0847014
xcpd.xn_t1b.bg                        0.718977
xcpd.xn_t1b.mid                      0.0847014
xcpd.xp_base.bg                        2.77912
xcpd.xp_base.mid                       3.54202
xcpd.upt                               1.65712
xcpd.xp_t0.bg                             3.63
xcpd.xp_t0.mid                         1.45575
xcpd.xp_t1a.bg                         2.77912
xcpd.xp_t1a.mid                        3.54202
xcpd.xp_t1b.bg                         2.77912
xcpd.xp_t1b.mid                        3.54202
outd                                      1.65
xcpd.vdump                             1.63973
xcpd.nclp                             0.704421
xcpd.pclp                              2.79812
vod#branch                        -1.05526e-11
vou#branch                        -1.05526e-11
vctl#branch                                  0
vb1#branch                           -3.63e-12
vb0#branch                                   0
vlo#branch                                   0
vhi#branch                           -3.63e-12
vss#branch                          4.5473e-05
vdd#branch                        -7.74734e-05


No. of Data Rows : 4020
iup_ss              =  5.24647e-06 from=  1.40000e-08 to=  1.50025e-08
idn_ss              =  -5.19922e-06 from=  1.40000e-08 to=  1.50025e-08
qup                 =  2.56022e-14 from=  9.50000e-09 to=  1.50000e-08
qdn                 =  -2.78912e-14 from=  9.50000e-09 to=  1.50000e-08
ton_up              =  -9.99855e-11 targ=  1.00000e-08 trig=  1.01000e-08
ton_dn              =  1.90390e-11 targ=  1.01190e-08 trig=  1.01000e-08
toff_up             =  -9.99291e-11 targ=  1.52001e-08 trig=  1.53000e-08
toff_dn             =  2.86884e-11 targ=  1.53287e-08 trig=  1.53000e-08
CPSW iup_ss=5.24647E-06 idn_ss=-5.19922E-06 qup=2.56022E-14 qdn=-2.78912E-14 wup=4.8799E-09 wdn=5.36451E-09 wskew=-4.84608E-10 ton_up=-9.99854E-11 ton_dn=1.9039E-11 toff_up=-9.9929E-11 toff_dn=2.86884E-11
Note: Simulation executed from .control section 
