
Note: Compatibility modes selected: hs a


Circuit: * pfd-deadzone (operating point) @ ff_125c_3.30v_v1p65_d0 -- generated by sim/harness, do not edit

Doing analysis at TEMP = 125.000000 and TNOM = 27.000000

Using SPARSE 1.3 as Direct Linear Solver

Initial Transient Solution
--------------------------

Node                                   Voltage
----                                   -------
vdd                                        3.3
vss                                          0
ref                                          0
fb                                           0
b0                                           0
b1                                         3.3
ibn                                   0.520852
icn                                   0.641316
ibp                                    2.67655
icp                                    2.53841
xdut.xpfd.xed_ref.d1                       3.3
xdut.xpfd.xed_ref.d2               3.98517e-07
xdut.xpfd.xed_ref.d3                       3.3
xdut.xpfd.xed_ref.d4               3.98517e-07
xdut.xpfd.xed_ref.d5                       3.3
xdut.xpfd.xed_ref.nn                       3.3
xdut.xpfd.xed_ref.xnd.ni           1.65218e-06
xdut.xpfd.pr                       3.98525e-07
xdut.xpfd.xed_fb.d1                        3.3
xdut.xpfd.xed_fb.d2                3.98517e-07
xdut.xpfd.xed_fb.d3                        3.3
xdut.xpfd.xed_fb.d4                3.98517e-07
xdut.xpfd.xed_fb.d5                        3.3
xdut.xpfd.xed_fb.nn                        3.3
xdut.xpfd.xed_fb.xnd.ni            1.65218e-06
xdut.xpfd.pf                       3.98525e-07
xdut.xpfd.sbr                              3.3
xdut.xpfd.sbf                              3.3
up                                 8.45959e-07
xdut.xpfd.upb                              3.3
xdut.xpfd.xlat_ref.xn1.ni           4.2298e-07
xdut.xpfd.rb                               3.3
xdut.xpfd.xlat_ref.xn2.ni              2.82421
dn                                 8.45959e-07
xdut.xpfd.dnb                              3.3
xdut.xpfd.xlat_fb.xn1.ni            4.2298e-07
xdut.xpfd.xlat_fb.xn2.ni               2.82421
xdut.xpfd.nrst                             3.3
xdut.xpfd.xnand_rst.ni               0.0764949
xdut.xpfd.rst_raw                  3.98502e-07
xdut.xpfd.rd1                              3.3
xdut.xpfd.rd2                      3.98517e-07
xdut.xpfd.rd3                              3.3
xdut.xpfd.rd4                      3.98517e-07
xdut.xpfd.rd5                              3.3
xdut.xpfd.rd6                      3.98517e-07
xdut.xpfd.rd7                              3.3
xdut.xpfd.rd8                      3.98517e-07
xdut.xpfd.rd9                              3.3
xdut.xpfd.rd10                     3.98517e-07
xdut.xpfd.rd11                             3.3
xdut.xpfd.rd12                     3.98517e-07
xdut.xpfd.rd13                             3.3
xdut.xpfd.rd14                     3.98517e-07
xdut.xpfd.rd15                             3.3
xdut.xpfd.rd16                     3.98517e-07
xdut.xpfd.rd17                             3.3
xdut.xpfd.rd18                     3.98517e-07
xdut.xpfd.rd19                             3.3
xdut.xpfd.rd20                     3.98517e-07
xdut.xpfd.rd21                             3.3
xdut.xpfd.rd22                     3.98517e-07
xdut.xpfd.rd23                             3.3
xdut.xpfd.rst_dly                  3.98517e-07
xdut.xcp.b0b                               3.3
xdut.xcp.b1b                         3.985e-07
xdut.xcp.upb                               3.3
xdut.xcp.dnb                               3.3
xdut.xcp.xn_base.bg                   0.520851
xdut.xcp.xn_base.mid                 0.0979335
xdut.xcp.dnt                           1.64495
xdut.xcp.xn_t0.bg                  3.16455e-07
xdut.xcp.xn_t0.mid                    0.468757
xdut.xcp.xn_t1a.bg                    0.520851
xdut.xcp.xn_t1a.mid                  0.0979335
xdut.xcp.xn_t1b.bg                    0.520851
xdut.xcp.xn_t1b.mid                  0.0979335
xdut.xcp.xp_base.bg                    2.67655
xdut.xcp.xp_base.mid                   3.19671
xdut.xcp.upt                            1.6611
xdut.xcp.xp_t0.bg                          3.3
xdut.xcp.xp_t0.mid                      2.7658
xdut.xcp.xp_t1a.bg                     2.67655
xdut.xcp.xp_t1a.mid                    3.19671
xdut.xcp.xp_t1b.bg                     2.67655
xdut.xcp.xp_t1b.mid                    3.19671
vout                                      1.65
xdut.xcp.vdump                         1.64853
xdut.xcp.xbuf.nsrc                    0.899793
xdut.xcp.xbuf.nda                      2.67278
xdut.xcp.xbuf.psrc                     2.22052
xdut.xcp.xbuf.pda                     0.475357
vctrl_src                                 1.65
vctrl#branch                      -1.31194e-11
vam#branch                        -1.14694e-11
vb1#branch                            -3.3e-12
vb0#branch                                   0
vfb#branch                                   0
vref#branch                                  0
vss#branch                         3.79437e-05
vdd#branch                        -5.39444e-05

 Reference value :  0.00000e+00
 Reference value :  1.48560e-09
 Reference value :  3.08560e-09
 Reference value :  3.60560e-09
 Reference value :  6.36560e-09
 Reference value :  8.06560e-09
 Reference value :  8.88560e-09
 Reference value :  1.03456e-08
 Reference value :  1.25856e-08
 Reference value :  1.53256e-08
 Reference value :  1.81456e-08
 Reference value :  2.14056e-08
 Reference value :  2.48856e-08
 Reference value :  2.83856e-08
 Reference value :  3.14656e-08
 Reference value :  3.43856e-08
 Reference value :  3.71456e-08
 Reference value :  3.99256e-08
 Reference value :  4.19382e-08
 Reference value :  4.44040e-08
 Reference value :  4.80040e-08
 Reference value :  5.17240e-08
 Reference value :  5.54440e-08
 Reference value :  5.93840e-08
 Reference value :  6.36440e-08
 Reference value :  6.75440e-08
 Reference value :  7.15840e-08
 Reference value :  7.54440e-08
 Reference value :  7.91040e-08
 Reference value :  8.29754e-08
 Reference value :  8.71954e-08
 Reference value :  9.13754e-08
 Reference value :  9.54954e-08
 Reference value :  9.95754e-08
 Reference value :  1.03675e-07
 Reference value :  1.07835e-07
 Reference value :  1.10855e-07
 Reference value :  1.13255e-07
 Reference value :  1.16795e-07
 Reference value :  1.20416e-07
 Reference value :  1.22316e-07
 Reference value :  1.24603e-07
 Reference value :  1.28083e-07
 Reference value :  1.31503e-07
 Reference value :  1.35103e-07
 Reference value :  1.38543e-07
 Reference value :  1.42183e-07
 Reference value :  1.45483e-07
 Reference value :  1.48923e-07
 Reference value :  1.52403e-07
 Reference value :  1.55683e-07
 Reference value :  1.59123e-07
 Reference value :  1.62455e-07
 Reference value :  1.66515e-07
 Reference value :  1.70775e-07
 Reference value :  1.74775e-07
 Reference value :  1.79035e-07
 Reference value :  1.83575e-07
 Reference value :  1.87275e-07
 Reference value :  1.90635e-07
 Reference value :  1.92835e-07
 Reference value :  1.96535e-07
 Reference value :  2.00185e-07
 Reference value :  2.01938e-07
 Reference value :  2.03663e-07
 Reference value :  2.07083e-07
 Reference value :  2.10423e-07
 Reference value :  2.14143e-07
 Reference value :  2.17843e-07
 Reference value :  2.21223e-07
 Reference value :  2.24903e-07
 Reference value :  2.28783e-07
 Reference value :  2.33403e-07
 Reference value :  2.37523e-07
 Reference value :  2.40619e-07
 Reference value :  2.44215e-07
 Reference value :  2.48315e-07
 Reference value :  2.52375e-07
 Reference value :  2.56175e-07
 Reference value :  2.60215e-07
 Reference value :  2.64075e-07
 Reference value :  2.68315e-07
 Reference value :  2.71455e-07
 Reference value :  2.73915e-07
 Reference value :  2.77895e-07
No. of Data Rows : 14182

  Measurements for Transient Analysis

qnet2               =   -4.21611e-15 from=  1.20000e-07 to=  2.80000e-07
qnet                =  -2.10805e-15
width_up            =  1.61662e-09 targ=  2.02039e-07 trig=  2.00422e-07
width_dn            =  1.65376e-09 targ=  2.02042e-07 trig=  2.00389e-07

ngspice-46 done

Warning: m=xx on .subckt line will override multiplier m hierarchy!

Note: Starting dynamic gmin stepping
Warning: Dynamic gmin stepping failed
Note: Starting true gmin stepping
Note: True gmin stepping completed
