
Note: Compatibility modes selected: hs a


Circuit: * pfd-deadzone (operating point) @ ff_125c_2.97v_v1p65_d1n -- generated by sim/harness, do not edit

Doing analysis at TEMP = 125.000000 and TNOM = 27.000000

Using SPARSE 1.3 as Direct Linear Solver

Initial Transient Solution
--------------------------

Node                                   Voltage
----                                   -------
vdd                                       2.97
vss                                          0
ref                                          0
fb                                           0
b0                                           0
b1                                        2.97
ibn                                   0.520852
icn                                   0.641316
ibp                                    2.34655
icp                                    2.20841
xdut.xpfd.xed_ref.d1                      2.97
xdut.xpfd.xed_ref.d2               3.87542e-07
xdut.xpfd.xed_ref.d3                      2.97
xdut.xpfd.xed_ref.d4               3.87542e-07
xdut.xpfd.xed_ref.d5                      2.97
xdut.xpfd.xed_ref.nn                      2.97
xdut.xpfd.xed_ref.xnd.ni           1.45547e-06
xdut.xpfd.pr                       3.87549e-07
xdut.xpfd.xed_fb.d1                       2.97
xdut.xpfd.xed_fb.d2                3.87542e-07
xdut.xpfd.xed_fb.d3                       2.97
xdut.xpfd.xed_fb.d4                3.87542e-07
xdut.xpfd.xed_fb.d5                       2.97
xdut.xpfd.xed_fb.nn                       2.97
xdut.xpfd.xed_fb.xnd.ni            1.45547e-06
xdut.xpfd.pf                       3.87549e-07
xdut.xpfd.sbr                             2.97
xdut.xpfd.sbf                             2.97
up                                 8.16005e-07
xdut.xpfd.upb                             2.97
xdut.xpfd.xlat_ref.xn1.ni          4.08002e-07
xdut.xpfd.rb                              2.97
xdut.xpfd.xlat_ref.xn2.ni              2.52577
dn                                 8.16005e-07
xdut.xpfd.dnb                             2.97
xdut.xpfd.xlat_fb.xn1.ni           4.08002e-07
xdut.xpfd.xlat_fb.xn2.ni               2.52577
xdut.xpfd.nrst                            2.97
xdut.xpfd.xnand_rst.ni               0.0705544
xdut.xpfd.rst_raw                  3.87529e-07
xdut.xpfd.rd1                             2.97
xdut.xpfd.rd2                      3.87542e-07
xdut.xpfd.rd3                             2.97
xdut.xpfd.rd4                      3.87542e-07
xdut.xpfd.rd5                             2.97
xdut.xpfd.rd6                      3.87542e-07
xdut.xpfd.rd7                             2.97
xdut.xpfd.rd8                      3.87542e-07
xdut.xpfd.rd9                             2.97
xdut.xpfd.rd10                     3.87542e-07
xdut.xpfd.rd11                            2.97
xdut.xpfd.rd12                     3.87542e-07
xdut.xpfd.rd13                            2.97
xdut.xpfd.rd14                     3.87542e-07
xdut.xpfd.rd15                            2.97
xdut.xpfd.rd16                     3.87542e-07
xdut.xpfd.rd17                            2.97
xdut.xpfd.rd18                     3.87542e-07
xdut.xpfd.rd19                            2.97
xdut.xpfd.rd20                     3.87542e-07
xdut.xpfd.rd21                            2.97
xdut.xpfd.rd22                     3.87542e-07
xdut.xpfd.rd23                            2.97
xdut.xpfd.rst_dly                  3.87542e-07
xdut.xcp.b0b                              2.97
xdut.xcp.b1b                       3.87527e-07
xdut.xcp.upb                              2.97
xdut.xcp.dnb                              2.97
xdut.xcp.xn_base.bg                   0.520851
xdut.xcp.xn_base.mid                 0.0979301
xdut.xcp.dnt                           1.64283
xdut.xcp.xn_t0.bg                  3.35796e-07
xdut.xcp.xn_t0.mid                    0.468753
xdut.xcp.xn_t1a.bg                    0.520851
xdut.xcp.xn_t1a.mid                  0.0979301
xdut.xcp.xn_t1b.bg                    0.520851
xdut.xcp.xn_t1b.mid                  0.0979301
xdut.xcp.xp_base.bg                    2.34655
xdut.xcp.xp_base.mid                     2.867
xdut.xcp.upt                           1.65954
xdut.xcp.xp_t0.bg                         2.97
xdut.xcp.xp_t0.mid                     2.43801
xdut.xcp.xp_t1a.bg                     2.34655
xdut.xcp.xp_t1a.mid                      2.867
xdut.xcp.xp_t1b.bg                     2.34655
xdut.xcp.xp_t1b.mid                      2.867
vout                                      1.65
xdut.xcp.vdump                         1.64791
xdut.xcp.xbuf.nsrc                    0.899254
xdut.xcp.xbuf.nda                      2.34286
xdut.xcp.xbuf.psrc                     2.21967
xdut.xcp.xbuf.pda                     0.474596
vctrl_src                                 1.65
vctrl#branch                       -1.4109e-11
vam#branch                         -1.2459e-11
vb1#branch                           -2.97e-12
vb0#branch                                   0
vfb#branch                                   0
vref#branch                                  0
vss#branch                         3.78405e-05
vdd#branch                        -5.38412e-05

 Reference value :  0.00000e+00
 Reference value :  1.48560e-09
 Reference value :  2.86560e-09
 Reference value :  5.22560e-09
 Reference value :  6.36560e-09
 Reference value :  7.30560e-09
 Reference value :  9.48560e-09
 Reference value :  1.07656e-08
 Reference value :  1.25656e-08
 Reference value :  1.30656e-08
 Reference value :  1.43456e-08
 Reference value :  1.56856e-08
 Reference value :  1.68256e-08
 Reference value :  1.78856e-08
 Reference value :  1.88431e-08
 Reference value :  1.96031e-08
 Reference value :  2.06831e-08
 Reference value :  2.21231e-08
 Reference value :  2.34431e-08
 Reference value :  2.45031e-08
 Reference value :  2.59031e-08
 Reference value :  2.72431e-08
 Reference value :  2.85831e-08
 Reference value :  2.97231e-08
 Reference value :  3.13431e-08
 Reference value :  3.27231e-08
 Reference value :  3.41631e-08
 Reference value :  3.59031e-08
 Reference value :  3.75031e-08
 Reference value :  3.97031e-08
 Reference value :  4.33252e-08
 Reference value :  4.67005e-08
 Reference value :  5.14805e-08
 Reference value :  5.67805e-08
 Reference value :  6.12405e-08
 Reference value :  6.50005e-08
 Reference value :  7.01805e-08
 Reference value :  7.54605e-08
 Reference value :  8.04991e-08
 Reference value :  8.48619e-08
 Reference value :  8.95819e-08
 Reference value :  9.44419e-08
 Reference value :  9.90619e-08
 Reference value :  1.03042e-07
 Reference value :  1.06802e-07
 Reference value :  1.09479e-07
 Reference value :  1.10957e-07
 Reference value :  1.13137e-07
 Reference value :  1.15479e-07
 Reference value :  1.15889e-07
 Reference value :  1.16564e-07
 Reference value :  1.17904e-07
 Reference value :  1.19424e-07
 Reference value :  1.21002e-07
 Reference value :  1.23945e-07
 Reference value :  1.27841e-07
 Reference value :  1.32561e-07
 Reference value :  1.37201e-07
 Reference value :  1.41381e-07
 Reference value :  1.45821e-07
 Reference value :  1.49521e-07
 Reference value :  1.53821e-07
 Reference value :  1.57501e-07
 Reference value :  1.61270e-07
 Reference value :  1.65202e-07
 Reference value :  1.69982e-07
 Reference value :  1.74322e-07
 Reference value :  1.78942e-07
 Reference value :  1.83222e-07
 Reference value :  1.86462e-07
 Reference value :  1.89362e-07
 Reference value :  1.91302e-07
 Reference value :  1.93182e-07
 Reference value :  1.94142e-07
 Reference value :  1.96442e-07
 Reference value :  1.97842e-07
 Reference value :  2.01090e-07
 Reference value :  2.03199e-07
 Reference value :  2.06181e-07
 Reference value :  2.10341e-07
 Reference value :  2.14241e-07
 Reference value :  2.18401e-07
 Reference value :  2.22101e-07
 Reference value :  2.25941e-07
 Reference value :  2.29781e-07
 Reference value :  2.33461e-07
 Reference value :  2.37081e-07
 Reference value :  2.40448e-07
 Reference value :  2.43262e-07
 Reference value :  2.46882e-07
 Reference value :  2.50522e-07
 Reference value :  2.54102e-07
 Reference value :  2.57442e-07
 Reference value :  2.60762e-07
 Reference value :  2.63542e-07
 Reference value :  2.66382e-07
 Reference value :  2.68982e-07
 Reference value :  2.70782e-07
 Reference value :  2.71922e-07
 Reference value :  2.73559e-07
 Reference value :  2.74022e-07
 Reference value :  2.74194e-07
 Reference value :  2.74654e-07
 Reference value :  2.75794e-07
 Reference value :  2.77534e-07
 Reference value :  2.78814e-07
 Reference value :  2.79014e-07
 Reference value :  2.79129e-07
 Reference value :  2.79224e-07
 Reference value :  2.79347e-07
 Reference value :  2.79584e-07
 Reference value :  2.79739e-07
No. of Data Rows : 14205

  Measurements for Transient Analysis

qnet2               =   8.03970e-15 from=  1.20000e-07 to=  2.80000e-07
qnet                =  4.01985e-15
width_up            =  2.68914e-09 targ=  2.03139e-07 trig=  2.00450e-07
width_dn            =  1.72577e-09 targ=  2.03137e-07 trig=  2.01411e-07

ngspice-46 done

Warning: m=xx on .subckt line will override multiplier m hierarchy!

Note: Starting dynamic gmin stepping
Warning: Dynamic gmin stepping failed
Note: Starting true gmin stepping
Note: True gmin stepping completed
