
Note: Compatibility modes selected: hs a


Circuit: * pfd-deadzone (operating point) @ ff_125c_3.63v_v2p40_d1n -- generated by sim/harness, do not edit

Doing analysis at TEMP = 125.000000 and TNOM = 27.000000

Using SPARSE 1.3 as Direct Linear Solver

Initial Transient Solution
--------------------------

Node                                   Voltage
----                                   -------
vdd                                       3.63
vss                                          0
ref                                          0
fb                                           0
b0                                           0
b1                                        3.63
ibn                                   0.520852
icn                                   0.641316
ibp                                    3.00655
icp                                    2.86841
xdut.xpfd.xed_ref.d1                      3.63
xdut.xpfd.xed_ref.d2               4.17246e-07
xdut.xpfd.xed_ref.d3                      3.63
xdut.xpfd.xed_ref.d4               4.17246e-07
xdut.xpfd.xed_ref.d5                      3.63
xdut.xpfd.xed_ref.nn                      3.63
xdut.xpfd.xed_ref.xnd.ni           1.90904e-06
xdut.xpfd.pr                       4.17254e-07
xdut.xpfd.xed_fb.d1                       3.63
xdut.xpfd.xed_fb.d2                4.17246e-07
xdut.xpfd.xed_fb.d3                       3.63
xdut.xpfd.xed_fb.d4                4.17246e-07
xdut.xpfd.xed_fb.d5                       3.63
xdut.xpfd.xed_fb.nn                       3.63
xdut.xpfd.xed_fb.xnd.ni            1.90904e-06
xdut.xpfd.pf                       4.17254e-07
xdut.xpfd.sbr                             3.63
xdut.xpfd.sbf                             3.63
up                                 8.93093e-07
xdut.xpfd.upb                             3.63
xdut.xpfd.xlat_ref.xn1.ni          4.46546e-07
xdut.xpfd.rb                              3.63
xdut.xpfd.xlat_ref.xn2.ni              3.12437
dn                                 8.93093e-07
xdut.xpfd.dnb                             3.63
xdut.xpfd.xlat_fb.xn1.ni           4.46546e-07
xdut.xpfd.xlat_fb.xn2.ni               3.12437
xdut.xpfd.nrst                            3.63
xdut.xpfd.xnand_rst.ni               0.0827909
xdut.xpfd.rst_raw                  4.17226e-07
xdut.xpfd.rd1                             3.63
xdut.xpfd.rd2                      4.17246e-07
xdut.xpfd.rd3                             3.63
xdut.xpfd.rd4                      4.17246e-07
xdut.xpfd.rd5                             3.63
xdut.xpfd.rd6                      4.17246e-07
xdut.xpfd.rd7                             3.63
xdut.xpfd.rd8                      4.17246e-07
xdut.xpfd.rd9                             3.63
xdut.xpfd.rd10                     4.17246e-07
xdut.xpfd.rd11                            3.63
xdut.xpfd.rd12                     4.17246e-07
xdut.xpfd.rd13                            3.63
xdut.xpfd.rd14                     4.17246e-07
xdut.xpfd.rd15                            3.63
xdut.xpfd.rd16                     4.17246e-07
xdut.xpfd.rd17                            3.63
xdut.xpfd.rd18                     4.17246e-07
xdut.xpfd.rd19                            3.63
xdut.xpfd.rd20                     4.17246e-07
xdut.xpfd.rd21                            3.63
xdut.xpfd.rd22                     4.17246e-07
xdut.xpfd.rd23                            3.63
xdut.xpfd.rst_dly                  4.17246e-07
xdut.xcp.b0b                              3.63
xdut.xcp.b1b                       4.17224e-07
xdut.xcp.upb                              3.63
xdut.xcp.dnb                              3.63
xdut.xcp.xn_base.bg                   0.520851
xdut.xcp.xn_base.mid                 0.0990891
xdut.xcp.dnt                           2.38914
xdut.xcp.xn_t0.bg                   3.0128e-07
xdut.xcp.xn_t0.mid                    0.470251
xdut.xcp.xn_t1a.bg                    0.520851
xdut.xcp.xn_t1a.mid                  0.0990891
xdut.xcp.xn_t1b.bg                    0.520851
xdut.xcp.xn_t1b.mid                  0.0990891
xdut.xcp.xp_base.bg                    3.00655
xdut.xcp.xp_base.mid                   3.52708
xdut.xcp.upt                           2.40292
xdut.xcp.xp_t0.bg                         3.63
xdut.xcp.xp_t0.mid                     3.09417
xdut.xcp.xp_t1a.bg                     3.00655
xdut.xcp.xp_t1a.mid                    3.52708
xdut.xcp.xp_t1b.bg                     3.00655
xdut.xcp.xp_t1b.mid                    3.52708
vout                                       2.4
xdut.xcp.vdump                         2.39599
xdut.xcp.xbuf.nsrc                     1.50012
xdut.xcp.xbuf.nda                      3.00007
xdut.xcp.xbuf.psrc                     2.96812
xdut.xcp.xbuf.pda                     0.473959
vctrl_src                                  2.4
vctrl#branch                      -2.26243e-11
vam#branch                        -2.02243e-11
vb1#branch                           -3.63e-12
vb0#branch                                   0
vfb#branch                                   0
vref#branch                                  0
vss#branch                         3.81123e-05
vdd#branch                        -5.41131e-05

 Reference value :  0.00000e+00
 Reference value :  1.40560e-09
 Reference value :  2.38310e-09
 Reference value :  3.48310e-09
 Reference value :  4.00310e-09
 Reference value :  4.14310e-09
 Reference value :  4.38560e-09
 Reference value :  5.24060e-09
 Reference value :  6.92060e-09
 Reference value :  8.88060e-09
 Reference value :  1.10806e-08
 Reference value :  1.30806e-08
 Reference value :  1.36006e-08
 Reference value :  1.47406e-08
 Reference value :  1.59406e-08
 Reference value :  1.63806e-08
 Reference value :  1.76206e-08
 Reference value :  1.91206e-08
 Reference value :  2.05206e-08
 Reference value :  2.20006e-08
 Reference value :  2.27606e-08
 Reference value :  2.38806e-08
 Reference value :  2.41206e-08
 Reference value :  2.43181e-08
 Reference value :  2.55756e-08
 Reference value :  2.61756e-08
 Reference value :  2.67156e-08
 Reference value :  2.72156e-08
 Reference value :  2.81956e-08
 Reference value :  2.85131e-08
 Reference value :  2.88906e-08
 Reference value :  2.99106e-08
 Reference value :  3.02881e-08
 Reference value :  3.09081e-08
 Reference value :  3.10406e-08
 Reference value :  3.19131e-08
 Reference value :  3.24931e-08
 Reference value :  3.28731e-08
 Reference value :  3.33081e-08
 Reference value :  3.37081e-08
 Reference value :  3.46031e-08
 Reference value :  3.70431e-08
 Reference value :  3.76406e-08
 Reference value :  3.79606e-08
 Reference value :  3.82606e-08
 Reference value :  3.83431e-08
 Reference value :  3.90581e-08
 Reference value :  3.95806e-08
 Reference value :  4.12992e-08
 Reference value :  4.31423e-08
 Reference value :  4.55103e-08
 Reference value :  4.90903e-08
 Reference value :  5.31503e-08
 Reference value :  5.68903e-08
 Reference value :  6.04303e-08
 Reference value :  6.44903e-08
 Reference value :  6.82503e-08
 Reference value :  7.18303e-08
 Reference value :  7.59103e-08
 Reference value :  7.99103e-08
 Reference value :  8.24838e-08
 Reference value :  8.57238e-08
 Reference value :  8.88838e-08
 Reference value :  9.24238e-08
 Reference value :  9.56838e-08
 Reference value :  9.91238e-08
 Reference value :  1.02684e-07
 Reference value :  1.05744e-07
 Reference value :  1.07944e-07
 Reference value :  1.09944e-07
 Reference value :  1.11346e-07
 Reference value :  1.12204e-07
 Reference value :  1.12359e-07
 Reference value :  1.12839e-07
 Reference value :  1.14839e-07
 Reference value :  1.16136e-07
 Reference value :  1.17076e-07
 Reference value :  1.19076e-07
 Reference value :  1.20720e-07
 Reference value :  1.22799e-07
 Reference value :  1.25450e-07
 Reference value :  1.29770e-07
 Reference value :  1.33930e-07
 Reference value :  1.38150e-07
 Reference value :  1.41930e-07
 Reference value :  1.46070e-07
 Reference value :  1.50170e-07
 Reference value :  1.54350e-07
 Reference value :  1.58210e-07
 Reference value :  1.61462e-07
 Reference value :  1.65184e-07
 Reference value :  1.69184e-07
 Reference value :  1.73404e-07
 Reference value :  1.77064e-07
 Reference value :  1.80704e-07
 Reference value :  1.84344e-07
 Reference value :  1.87324e-07
 Reference value :  1.89204e-07
 Reference value :  1.91124e-07
 Reference value :  1.91784e-07
 Reference value :  1.93624e-07
 Reference value :  1.94861e-07
 Reference value :  1.95261e-07
 Reference value :  1.96661e-07
 Reference value :  1.97401e-07
 Reference value :  1.99041e-07
 Reference value :  2.01202e-07
 Reference value :  2.02856e-07
 Reference value :  2.04930e-07
 Reference value :  2.08610e-07
 Reference value :  2.12510e-07
 Reference value :  2.16630e-07
 Reference value :  2.20650e-07
 Reference value :  2.25050e-07
 Reference value :  2.29470e-07
 Reference value :  2.33330e-07
 Reference value :  2.37450e-07
 Reference value :  2.41290e-07
 Reference value :  2.45064e-07
 Reference value :  2.48904e-07
 Reference value :  2.52864e-07
 Reference value :  2.56944e-07
 Reference value :  2.61244e-07
 Reference value :  2.64944e-07
 Reference value :  2.67244e-07
 Reference value :  2.69484e-07
 Reference value :  2.71324e-07
 Reference value :  2.73404e-07
 Reference value :  2.75044e-07
 Reference value :  2.77684e-07
No. of Data Rows : 14360

  Measurements for Transient Analysis

qnet2               =   6.17745e-15 from=  1.20000e-07 to=  2.80000e-07
qnet                =  3.08873e-15
width_up            =  2.45280e-09 targ=  2.02869e-07 trig=  2.00416e-07
width_dn            =  1.48883e-09 targ=  2.02859e-07 trig=  2.01371e-07

ngspice-46 done

Warning: m=xx on .subckt line will override multiplier m hierarchy!

Note: Starting dynamic gmin stepping
Warning: Dynamic gmin stepping failed
Note: Starting true gmin stepping
Note: True gmin stepping completed
