
Note: Compatibility modes selected: hs a


Circuit: * pfd-deadzone (operating point) @ ff_125c_3.30v_v2p40_d-1n -- generated by sim/harness, do not edit

Doing analysis at TEMP = 125.000000 and TNOM = 27.000000

Using SPARSE 1.3 as Direct Linear Solver

Initial Transient Solution
--------------------------

Node                                   Voltage
----                                   -------
vdd                                        3.3
vss                                          0
ref                                          0
fb                                           0
b0                                           0
b1                                         3.3
ibn                                   0.520852
icn                                   0.641316
ibp                                    2.67655
icp                                    2.53841
xdut.xpfd.xed_ref.d1                       3.3
xdut.xpfd.xed_ref.d2               3.98517e-07
xdut.xpfd.xed_ref.d3                       3.3
xdut.xpfd.xed_ref.d4               3.98517e-07
xdut.xpfd.xed_ref.d5                       3.3
xdut.xpfd.xed_ref.nn                       3.3
xdut.xpfd.xed_ref.xnd.ni           1.65218e-06
xdut.xpfd.pr                       3.98525e-07
xdut.xpfd.xed_fb.d1                        3.3
xdut.xpfd.xed_fb.d2                3.98517e-07
xdut.xpfd.xed_fb.d3                        3.3
xdut.xpfd.xed_fb.d4                3.98517e-07
xdut.xpfd.xed_fb.d5                        3.3
xdut.xpfd.xed_fb.nn                        3.3
xdut.xpfd.xed_fb.xnd.ni            1.65218e-06
xdut.xpfd.pf                       3.98525e-07
xdut.xpfd.sbr                              3.3
xdut.xpfd.sbf                              3.3
up                                 8.45959e-07
xdut.xpfd.upb                              3.3
xdut.xpfd.xlat_ref.xn1.ni           4.2298e-07
xdut.xpfd.rb                               3.3
xdut.xpfd.xlat_ref.xn2.ni              2.82421
dn                                 8.45959e-07
xdut.xpfd.dnb                              3.3
xdut.xpfd.xlat_fb.xn1.ni            4.2298e-07
xdut.xpfd.xlat_fb.xn2.ni               2.82421
xdut.xpfd.nrst                             3.3
xdut.xpfd.xnand_rst.ni               0.0764949
xdut.xpfd.rst_raw                  3.98502e-07
xdut.xpfd.rd1                              3.3
xdut.xpfd.rd2                      3.98517e-07
xdut.xpfd.rd3                              3.3
xdut.xpfd.rd4                      3.98517e-07
xdut.xpfd.rd5                              3.3
xdut.xpfd.rd6                      3.98517e-07
xdut.xpfd.rd7                              3.3
xdut.xpfd.rd8                      3.98517e-07
xdut.xpfd.rd9                              3.3
xdut.xpfd.rd10                     3.98517e-07
xdut.xpfd.rd11                             3.3
xdut.xpfd.rd12                     3.98517e-07
xdut.xpfd.rd13                             3.3
xdut.xpfd.rd14                     3.98517e-07
xdut.xpfd.rd15                             3.3
xdut.xpfd.rd16                     3.98517e-07
xdut.xpfd.rd17                             3.3
xdut.xpfd.rd18                     3.98517e-07
xdut.xpfd.rd19                             3.3
xdut.xpfd.rd20                     3.98517e-07
xdut.xpfd.rd21                             3.3
xdut.xpfd.rd22                     3.98517e-07
xdut.xpfd.rd23                             3.3
xdut.xpfd.rst_dly                  3.98517e-07
xdut.xcp.b0b                               3.3
xdut.xcp.b1b                         3.985e-07
xdut.xcp.upb                               3.3
xdut.xcp.dnb                               3.3
xdut.xcp.xn_base.bg                   0.520851
xdut.xcp.xn_base.mid                 0.0990655
xdut.xcp.dnt                           2.37365
xdut.xcp.xn_t0.bg                  3.16455e-07
xdut.xcp.xn_t0.mid                    0.470221
xdut.xcp.xn_t1a.bg                    0.520851
xdut.xcp.xn_t1a.mid                  0.0990655
xdut.xcp.xn_t1b.bg                    0.520851
xdut.xcp.xn_t1b.mid                  0.0990655
xdut.xcp.xp_base.bg                    2.67655
xdut.xcp.xp_base.mid                   3.19743
xdut.xcp.upt                           2.40199
xdut.xcp.xp_t0.bg                          3.3
xdut.xcp.xp_t0.mid                     2.76662
xdut.xcp.xp_t1a.bg                     2.67655
xdut.xcp.xp_t1a.mid                    3.19743
xdut.xcp.xp_t1b.bg                     2.67655
xdut.xcp.xp_t1b.mid                    3.19743
vout                                       2.4
xdut.xcp.vdump                         2.39537
xdut.xcp.xbuf.nsrc                     1.49959
xdut.xcp.xbuf.nda                      2.67011
xdut.xcp.xbuf.psrc                     2.96694
xdut.xcp.xbuf.pda                     0.472905
vctrl_src                                  2.4
vctrl#branch                      -2.36133e-11
vam#branch                        -2.12133e-11
vb1#branch                            -3.3e-12
vb0#branch                                   0
vfb#branch                                   0
vref#branch                                  0
vss#branch                         3.79702e-05
vdd#branch                         -5.3971e-05

 Reference value :  0.00000e+00
 Reference value :  9.85600e-10
 Reference value :  2.38560e-09
 Reference value :  3.24560e-09
 Reference value :  3.64560e-09
 Reference value :  4.10560e-09
 Reference value :  4.62060e-09
 Reference value :  4.96060e-09
 Reference value :  5.38060e-09
 Reference value :  5.71810e-09
 Reference value :  6.13810e-09
 Reference value :  6.36560e-09
 Reference value :  7.71560e-09
 Reference value :  8.49560e-09
 Reference value :  9.01810e-09
 Reference value :  9.63310e-09
 Reference value :  1.03906e-08
 Reference value :  1.06081e-08
 Reference value :  1.08106e-08
 Reference value :  1.10431e-08
 Reference value :  1.14031e-08
 Reference value :  1.17431e-08
 Reference value :  1.20631e-08
 Reference value :  1.23031e-08
 Reference value :  1.25781e-08
 Reference value :  1.30581e-08
 Reference value :  1.33981e-08
 Reference value :  1.36981e-08
 Reference value :  1.38331e-08
 Reference value :  1.41106e-08
 Reference value :  1.44306e-08
 Reference value :  1.48106e-08
 Reference value :  1.50106e-08
 Reference value :  1.52706e-08
 Reference value :  1.55906e-08
 Reference value :  1.57881e-08
 Reference value :  1.62056e-08
 Reference value :  1.64856e-08
 Reference value :  1.68656e-08
 Reference value :  1.72056e-08
 Reference value :  1.74231e-08
 Reference value :  1.78831e-08
 Reference value :  1.83031e-08
 Reference value :  1.86206e-08
 Reference value :  1.89206e-08
 Reference value :  1.93406e-08
 Reference value :  1.95581e-08
 Reference value :  1.97606e-08
 Reference value :  2.01556e-08
 Reference value :  2.02956e-08
 Reference value :  2.06131e-08
 Reference value :  2.08731e-08
 Reference value :  2.12081e-08
 Reference value :  2.15281e-08
 Reference value :  2.19106e-08
 Reference value :  2.26256e-08
 Reference value :  2.28806e-08
 Reference value :  2.32406e-08
 Reference value :  2.36631e-08
 Reference value :  2.40006e-08
 Reference value :  2.43356e-08
 Reference value :  2.45156e-08
 Reference value :  2.49331e-08
 Reference value :  2.51131e-08
 Reference value :  2.53331e-08
 Reference value :  2.55106e-08
 Reference value :  2.58931e-08
 Reference value :  2.65681e-08
 Reference value :  2.69856e-08
 Reference value :  2.74456e-08
 Reference value :  2.76656e-08
 Reference value :  2.80031e-08
 Reference value :  2.84231e-08
 Reference value :  2.90606e-08
 Reference value :  2.94606e-08
 Reference value :  3.00206e-08
 Reference value :  3.04781e-08
 Reference value :  3.06981e-08
 Reference value :  3.08756e-08
 Reference value :  3.10981e-08
 Reference value :  3.15731e-08
 Reference value :  3.19706e-08
 Reference value :  3.23481e-08
 Reference value :  3.29081e-08
 Reference value :  3.31481e-08
 Reference value :  3.34681e-08
 Reference value :  3.37231e-08
 Reference value :  3.40431e-08
 Reference value :  3.43431e-08
 Reference value :  3.46006e-08
 Reference value :  3.48831e-08
 Reference value :  3.55156e-08
 Reference value :  3.57331e-08
 Reference value :  3.61081e-08
 Reference value :  3.64656e-08
 Reference value :  3.68481e-08
 Reference value :  3.73006e-08
 Reference value :  3.76781e-08
 Reference value :  3.79556e-08
 Reference value :  3.82581e-08
 Reference value :  3.85931e-08
 Reference value :  3.99588e-08
 Reference value :  4.18933e-08
 Reference value :  4.43160e-08
 Reference value :  4.81160e-08
 Reference value :  5.19160e-08
 Reference value :  5.58160e-08
 Reference value :  5.93760e-08
 Reference value :  6.29960e-08
 Reference value :  6.64160e-08
 Reference value :  7.00560e-08
 Reference value :  7.36760e-08
 Reference value :  7.76160e-08
 Reference value :  8.05927e-08
 Reference value :  8.52754e-08
 Reference value :  8.99554e-08
 Reference value :  9.49754e-08
 Reference value :  9.98154e-08
 Reference value :  1.04535e-07
 Reference value :  1.08595e-07
 Reference value :  1.10795e-07
 Reference value :  1.12975e-07
 Reference value :  1.16875e-07
 Reference value :  1.20416e-07
 Reference value :  1.22536e-07
 Reference value :  1.25836e-07
 Reference value :  1.29716e-07
 Reference value :  1.33936e-07
 Reference value :  1.37496e-07
 Reference value :  1.41436e-07
 Reference value :  1.45496e-07
 Reference value :  1.49516e-07
 Reference value :  1.53336e-07
 Reference value :  1.57116e-07
 Reference value :  1.60402e-07
 Reference value :  1.64555e-07
 Reference value :  1.68835e-07
 Reference value :  1.73015e-07
 Reference value :  1.77295e-07
 Reference value :  1.81875e-07
 Reference value :  1.86095e-07
 Reference value :  1.89495e-07
 Reference value :  1.91635e-07
 Reference value :  1.94255e-07
 Reference value :  1.98415e-07
 Reference value :  2.01009e-07
 Reference value :  2.02875e-07
 Reference value :  2.06576e-07
 Reference value :  2.10736e-07
 Reference value :  2.15016e-07
 Reference value :  2.18856e-07
 Reference value :  2.23136e-07
 Reference value :  2.27336e-07
 Reference value :  2.31896e-07
 Reference value :  2.35916e-07
 Reference value :  2.39502e-07
 Reference value :  2.43395e-07
 Reference value :  2.48255e-07
 Reference value :  2.52915e-07
 Reference value :  2.57555e-07
 Reference value :  2.62255e-07
 Reference value :  2.67795e-07
 Reference value :  2.70715e-07
 Reference value :  2.72995e-07
 Reference value :  2.76975e-07
No. of Data Rows : 14368

  Measurements for Transient Analysis

qnet2               =   -1.49097e-14 from=  1.20000e-07 to=  2.80000e-07
qnet                =  -7.45484e-15
width_up            =  1.60830e-09 targ=  2.02051e-07 trig=  2.00443e-07
width_dn            =  2.64261e-09 targ=  2.02031e-07 trig=  1.99388e-07

ngspice-46 done

Warning: m=xx on .subckt line will override multiplier m hierarchy!

Note: Starting dynamic gmin stepping
Warning: Dynamic gmin stepping failed
Note: Starting true gmin stepping
Note: True gmin stepping completed
