
Note: Compatibility modes selected: hs a


Circuit: * pfd-deadzone (operating point) @ ff_27c_2.97v_v0p90_d0 -- generated by sim/harness, do not edit

Doing analysis at TEMP = 27.000000 and TNOM = 27.000000

Using SPARSE 1.3 as Direct Linear Solver

Initial Transient Solution
--------------------------

Node                                   Voltage
----                                   -------
vdd                                       2.97
vss                                          0
ref                                          0
fb                                           0
b0                                           0
b1                                        2.97
ibn                                   0.607671
icn                                   0.710712
ibp                                    2.24487
icp                                    2.13112
xdut.xpfd.xed_ref.d1                      2.97
xdut.xpfd.xed_ref.d2               9.66793e-09
xdut.xpfd.xed_ref.d3                      2.97
xdut.xpfd.xed_ref.d4               9.66793e-09
xdut.xpfd.xed_ref.d5                      2.97
xdut.xpfd.xed_ref.nn                      2.97
xdut.xpfd.xed_ref.xnd.ni           5.92882e-09
xdut.xpfd.pr                       9.66793e-09
xdut.xpfd.xed_fb.d1                       2.97
xdut.xpfd.xed_fb.d2                9.66793e-09
xdut.xpfd.xed_fb.d3                       2.97
xdut.xpfd.xed_fb.d4                9.66793e-09
xdut.xpfd.xed_fb.d5                       2.97
xdut.xpfd.xed_fb.nn                       2.97
xdut.xpfd.xed_fb.xnd.ni            5.92882e-09
xdut.xpfd.pf                       9.66793e-09
xdut.xpfd.sbr                             2.97
xdut.xpfd.sbf                             2.97
up                                 2.01938e-08
xdut.xpfd.upb                             2.97
xdut.xpfd.xlat_ref.xn1.ni          1.00969e-08
xdut.xpfd.rb                              2.97
xdut.xpfd.xlat_ref.xn2.ni               2.4865
dn                                 2.01938e-08
xdut.xpfd.dnb                             2.97
xdut.xpfd.xlat_fb.xn1.ni           1.00969e-08
xdut.xpfd.xlat_fb.xn2.ni                2.4865
xdut.xpfd.nrst                            2.97
xdut.xpfd.xnand_rst.ni                0.051537
xdut.xpfd.rst_raw                  9.66793e-09
xdut.xpfd.rd1                             2.97
xdut.xpfd.rd2                      9.66793e-09
xdut.xpfd.rd3                             2.97
xdut.xpfd.rd4                      9.66793e-09
xdut.xpfd.rd5                             2.97
xdut.xpfd.rd6                      9.66793e-09
xdut.xpfd.rd7                             2.97
xdut.xpfd.rd8                      9.66793e-09
xdut.xpfd.rd9                             2.97
xdut.xpfd.rd10                     9.66793e-09
xdut.xpfd.rd11                            2.97
xdut.xpfd.rd12                     9.66793e-09
xdut.xpfd.rd13                            2.97
xdut.xpfd.rd14                     9.66793e-09
xdut.xpfd.rd15                            2.97
xdut.xpfd.rd16                     9.66793e-09
xdut.xpfd.rd17                            2.97
xdut.xpfd.rd18                     9.66793e-09
xdut.xpfd.rd19                            2.97
xdut.xpfd.rd20                     9.66793e-09
xdut.xpfd.rd21                            2.97
xdut.xpfd.rd22                     9.66793e-09
xdut.xpfd.rd23                            2.97
xdut.xpfd.rst_dly                  9.66793e-09
xdut.xcp.b0b                              2.97
xdut.xcp.b1b                       9.66793e-09
xdut.xcp.upb                              2.97
xdut.xcp.dnb                              2.97
xdut.xcp.xn_base.bg                   0.607671
xdut.xcp.xn_base.mid                 0.0819336
xdut.xcp.dnt                          0.900271
xdut.xcp.xn_t0.bg                  9.82105e-10
xdut.xcp.xn_t0.mid                    0.462677
xdut.xcp.xn_t1a.bg                    0.607671
xdut.xcp.xn_t1a.mid                  0.0819336
xdut.xcp.xn_t1b.bg                    0.607671
xdut.xcp.xn_t1b.mid                  0.0819336
xdut.xcp.xp_base.bg                    2.24487
xdut.xcp.xp_base.mid                   2.88397
xdut.xcp.upt                           1.10689
xdut.xcp.xp_t0.bg                         2.97
xdut.xcp.xp_t0.mid                     1.19491
xdut.xcp.xp_t1a.bg                     2.24487
xdut.xcp.xp_t1a.mid                    2.88397
xdut.xcp.xp_t1b.bg                     2.24487
xdut.xcp.xp_t1b.mid                    2.88397
vout                                       0.9
xdut.xcp.vdump                         0.90212
xdut.xcp.xbuf.nsrc                    0.249446
xdut.xcp.xbuf.nda                      2.24542
xdut.xcp.xbuf.psrc                     1.58521
xdut.xcp.xbuf.pda                     0.571533
vctrl_src                                  0.9
vctrl#branch                      -3.68067e-12
vam#branch                        -2.78067e-12
vb1#branch                           -2.97e-12
vb0#branch                                   0
vfb#branch                                   0
vref#branch                                  0
vss#branch                         3.74288e-05
vdd#branch                        -5.34294e-05

 Reference value :  0.00000e+00
 Reference value :  1.20560e-09
 Reference value :  1.88310e-09
 Reference value :  2.28310e-09
 Reference value :  2.96560e-09
 Reference value :  3.56060e-09
 Reference value :  4.20310e-09
 Reference value :  4.73810e-09
 Reference value :  5.49060e-09
 Reference value :  6.51060e-09
 Reference value :  7.79060e-09
 Reference value :  8.75060e-09
 Reference value :  9.99060e-09
 Reference value :  1.09706e-08
 Reference value :  1.18906e-08
 Reference value :  1.24906e-08
 Reference value :  1.27931e-08
 Reference value :  1.32881e-08
 Reference value :  1.39281e-08
 Reference value :  1.43256e-08
 Reference value :  1.49431e-08
 Reference value :  1.55431e-08
 Reference value :  1.59056e-08
 Reference value :  1.67606e-08
 Reference value :  1.76006e-08
 Reference value :  1.80981e-08
 Reference value :  1.88406e-08
 Reference value :  1.96131e-08
 Reference value :  2.05906e-08
 Reference value :  2.14306e-08
 Reference value :  2.19906e-08
 Reference value :  2.28306e-08
 Reference value :  2.37506e-08
 Reference value :  2.45706e-08
 Reference value :  2.51506e-08
 Reference value :  2.64106e-08
 Reference value :  2.72506e-08
 Reference value :  2.82706e-08
 Reference value :  2.90131e-08
 Reference value :  2.95481e-08
 Reference value :  3.06481e-08
 Reference value :  3.16681e-08
 Reference value :  3.23256e-08
 Reference value :  3.32456e-08
 Reference value :  3.38431e-08
 Reference value :  3.49431e-08
 Reference value :  3.60031e-08
 Reference value :  3.67831e-08
 Reference value :  3.77231e-08
 Reference value :  3.83006e-08
 Reference value :  3.90581e-08
 Reference value :  3.98981e-08
 Reference value :  4.10120e-08
 Reference value :  4.25604e-08
 Reference value :  4.52360e-08
 Reference value :  4.87760e-08
 Reference value :  5.24960e-08
 Reference value :  5.61560e-08
 Reference value :  5.99760e-08
 Reference value :  6.35360e-08
 Reference value :  6.72960e-08
 Reference value :  7.06360e-08
 Reference value :  7.41360e-08
 Reference value :  7.77960e-08
 Reference value :  8.08594e-08
 Reference value :  8.44594e-08
 Reference value :  8.77394e-08
 Reference value :  9.10994e-08
 Reference value :  9.44794e-08
 Reference value :  9.81594e-08
 Reference value :  1.01779e-07
 Reference value :  1.05019e-07
 Reference value :  1.09279e-07
 Reference value :  1.13399e-07
 Reference value :  1.18139e-07
 Reference value :  1.21289e-07
 Reference value :  1.22810e-07
 Reference value :  1.25836e-07
 Reference value :  1.29116e-07
 Reference value :  1.32676e-07
 Reference value :  1.36496e-07
 Reference value :  1.40096e-07
 Reference value :  1.43576e-07
 Reference value :  1.46876e-07
 Reference value :  1.50256e-07
 Reference value :  1.53916e-07
 Reference value :  1.57396e-07
 Reference value :  1.60465e-07
 Reference value :  1.63819e-07
 Reference value :  1.67259e-07
 Reference value :  1.70659e-07
 Reference value :  1.74199e-07
 Reference value :  1.77619e-07
 Reference value :  1.81219e-07
 Reference value :  1.84759e-07
 Reference value :  1.88299e-07
 Reference value :  1.91579e-07
 Reference value :  1.93537e-07
 Reference value :  1.93777e-07
 Reference value :  1.94472e-07
 Reference value :  1.95154e-07
 Reference value :  1.95749e-07
 Reference value :  1.95967e-07
 Reference value :  1.96324e-07
 Reference value :  1.96462e-07
 Reference value :  1.96982e-07
 Reference value :  1.97219e-07
 Reference value :  1.97659e-07
 Reference value :  1.98194e-07
 Reference value :  1.98714e-07
 Reference value :  1.99132e-07
 Reference value :  1.99707e-07
 Reference value :  2.00723e-07
 Reference value :  2.02298e-07
 Reference value :  2.04476e-07
 Reference value :  2.07596e-07
 Reference value :  2.11216e-07
 Reference value :  2.14696e-07
 Reference value :  2.18396e-07
 Reference value :  2.22076e-07
 Reference value :  2.25576e-07
 Reference value :  2.29116e-07
 Reference value :  2.32896e-07
 Reference value :  2.36416e-07
 Reference value :  2.40036e-07
 Reference value :  2.43259e-07
 Reference value :  2.46859e-07
 Reference value :  2.50579e-07
 Reference value :  2.54059e-07
 Reference value :  2.57499e-07
 Reference value :  2.61219e-07
 Reference value :  2.64659e-07
 Reference value :  2.67979e-07
 Reference value :  2.71439e-07
 Reference value :  2.73479e-07
 Reference value :  2.76659e-07
No. of Data Rows : 14292

  Measurements for Transient Analysis

qnet2               =   -9.90700e-15 from=  1.20000e-07 to=  2.80000e-07
qnet                =  -4.95350e-15
width_up            =  1.47489e-09 targ=  2.01853e-07 trig=  2.00379e-07
width_dn            =  1.49881e-09 targ=  2.01866e-07 trig=  2.00368e-07

ngspice-46 done

Warning: m=xx on .subckt line will override multiplier m hierarchy!

