
Note: Compatibility modes selected: hs a


Circuit: * pfd-deadzone (operating point) @ fs_125c_3.30v_v1p65_d1n -- generated by sim/harness, do not edit

Doing analysis at TEMP = 125.000000 and TNOM = 27.000000

Using SPARSE 1.3 as Direct Linear Solver

Initial Transient Solution
--------------------------

Node                                   Voltage
----                                   -------
vdd                                        3.3
vss                                          0
ref                                          0
fb                                           0
b0                                           0
b1                                         3.3
ibn                                   0.551726
icn                                   0.674056
ibp                                    2.45757
icp                                    2.31105
xdut.xpfd.xed_ref.d1                       3.3
xdut.xpfd.xed_ref.d2               1.88877e-08
xdut.xpfd.xed_ref.d3                       3.3
xdut.xpfd.xed_ref.d4               1.88877e-08
xdut.xpfd.xed_ref.d5                       3.3
xdut.xpfd.xed_ref.nn                       3.3
xdut.xpfd.xed_ref.xnd.ni           9.79825e-07
xdut.xpfd.pr                       1.88878e-08
xdut.xpfd.xed_fb.d1                        3.3
xdut.xpfd.xed_fb.d2                1.88877e-08
xdut.xpfd.xed_fb.d3                        3.3
xdut.xpfd.xed_fb.d4                1.88877e-08
xdut.xpfd.xed_fb.d5                        3.3
xdut.xpfd.xed_fb.nn                        3.3
xdut.xpfd.xed_fb.xnd.ni            9.79825e-07
xdut.xpfd.pf                       1.88878e-08
xdut.xpfd.sbr                              3.3
xdut.xpfd.sbf                              3.3
up                                 3.98403e-08
xdut.xpfd.upb                              3.3
xdut.xpfd.xlat_ref.xn1.ni          1.99202e-08
xdut.xpfd.rb                               3.3
xdut.xpfd.xlat_ref.xn2.ni              2.81288
dn                                 3.98403e-08
xdut.xpfd.dnb                              3.3
xdut.xpfd.xlat_fb.xn1.ni           1.99202e-08
xdut.xpfd.xlat_fb.xn2.ni               2.81288
xdut.xpfd.nrst                             3.3
xdut.xpfd.xnand_rst.ni               0.0750672
xdut.xpfd.rst_raw                  1.88876e-08
xdut.xpfd.rd1                              3.3
xdut.xpfd.rd2                      1.88877e-08
xdut.xpfd.rd3                              3.3
xdut.xpfd.rd4                      1.88877e-08
xdut.xpfd.rd5                              3.3
xdut.xpfd.rd6                      1.88877e-08
xdut.xpfd.rd7                              3.3
xdut.xpfd.rd8                      1.88877e-08
xdut.xpfd.rd9                              3.3
xdut.xpfd.rd10                     1.88877e-08
xdut.xpfd.rd11                             3.3
xdut.xpfd.rd12                     1.88877e-08
xdut.xpfd.rd13                             3.3
xdut.xpfd.rd14                     1.88877e-08
xdut.xpfd.rd15                             3.3
xdut.xpfd.rd16                     1.88877e-08
xdut.xpfd.rd17                             3.3
xdut.xpfd.rd18                     1.88877e-08
xdut.xpfd.rd19                             3.3
xdut.xpfd.rd20                     1.88877e-08
xdut.xpfd.rd21                             3.3
xdut.xpfd.rd22                     1.88877e-08
xdut.xpfd.rd23                             3.3
xdut.xpfd.rst_dly                  1.88877e-08
xdut.xcp.b0b                               3.3
xdut.xcp.b1b                       1.88876e-08
xdut.xcp.upb                               3.3
xdut.xcp.dnb                               3.3
xdut.xcp.xn_base.bg                   0.551725
xdut.xcp.xn_base.mid                 0.0987165
xdut.xcp.dnt                           1.64435
xdut.xcp.xn_t0.bg                  1.97574e-07
xdut.xcp.xn_t0.mid                    0.488022
xdut.xcp.xn_t1a.bg                    0.551725
xdut.xcp.xn_t1a.mid                  0.0987165
xdut.xcp.xn_t1b.bg                    0.551725
xdut.xcp.xn_t1b.mid                  0.0987165
xdut.xcp.xp_base.bg                    2.45757
xdut.xcp.xp_base.mid                   3.19318
xdut.xcp.upt                           1.66962
xdut.xcp.xp_t0.bg                          3.3
xdut.xcp.xp_t0.mid                     1.76314
xdut.xcp.xp_t1a.bg                     2.45757
xdut.xcp.xp_t1a.mid                    3.19318
xdut.xcp.xp_t1b.bg                     2.45757
xdut.xcp.xp_t1b.mid                    3.19318
vout                                      1.65
xdut.xcp.vdump                         1.64815
xdut.xcp.xbuf.nsrc                    0.870111
xdut.xcp.xbuf.nda                      2.45392
xdut.xcp.xbuf.psrc                     2.43636
xdut.xcp.xbuf.pda                     0.504809
vctrl_src                                 1.65
vctrl#branch                      -1.31174e-11
vam#branch                        -1.14674e-11
vb1#branch                            -3.3e-12
vb0#branch                                   0
vfb#branch                                   0
vref#branch                                  0
vss#branch                         3.77659e-05
vdd#branch                        -5.37666e-05

 Reference value :  0.00000e+00
 Reference value :  1.26560e-09
 Reference value :  1.88560e-09
 Reference value :  3.06560e-09
 Reference value :  3.56560e-09
 Reference value :  3.58591e-09
 Reference value :  4.90529e-09
 Reference value :  5.76279e-09
 Reference value :  5.88279e-09
 Reference value :  6.27529e-09
 Reference value :  7.09529e-09
 Reference value :  7.17529e-09
 Reference value :  8.39029e-09
 Reference value :  9.67029e-09
 Reference value :  1.06503e-08
 Reference value :  1.20503e-08
 Reference value :  1.29903e-08
 Reference value :  1.38503e-08
 Reference value :  1.54503e-08
 Reference value :  1.72103e-08
 Reference value :  1.83103e-08
 Reference value :  1.85903e-08
 Reference value :  1.89928e-08
 Reference value :  1.92878e-08
 Reference value :  2.01428e-08
 Reference value :  2.07203e-08
 Reference value :  2.19403e-08
 Reference value :  2.28603e-08
 Reference value :  2.37203e-08
 Reference value :  2.43378e-08
 Reference value :  2.49003e-08
 Reference value :  2.52978e-08
 Reference value :  2.56103e-08
 Reference value :  2.74903e-08
 Reference value :  2.76703e-08
 Reference value :  2.78700e-08
 Reference value :  2.87700e-08
 Reference value :  3.05500e-08
 Reference value :  3.19100e-08
 Reference value :  3.31300e-08
 Reference value :  3.46500e-08
 Reference value :  3.58900e-08
 Reference value :  3.72100e-08
 Reference value :  3.80700e-08
 Reference value :  3.93100e-08
 Reference value :  4.14093e-08
 Reference value :  4.35258e-08
 Reference value :  4.60985e-08
 Reference value :  4.94985e-08
 Reference value :  5.28785e-08
 Reference value :  5.61185e-08
 Reference value :  5.93785e-08
 Reference value :  6.27785e-08
 Reference value :  6.63585e-08
 Reference value :  6.96785e-08
 Reference value :  7.29785e-08
 Reference value :  7.65185e-08
 Reference value :  7.97585e-08
 Reference value :  8.18919e-08
 Reference value :  8.51719e-08
 Reference value :  8.80519e-08
 Reference value :  9.07719e-08
 Reference value :  9.32719e-08
 Reference value :  9.58919e-08
 Reference value :  9.84919e-08
 Reference value :  1.01012e-07
 Reference value :  1.03352e-07
 Reference value :  1.05332e-07
 Reference value :  1.07052e-07
 Reference value :  1.08972e-07
 Reference value :  1.10452e-07
 Reference value :  1.11952e-07
 Reference value :  1.12712e-07
 Reference value :  1.13594e-07
 Reference value :  1.14387e-07
 Reference value :  1.15004e-07
 Reference value :  1.16204e-07
 Reference value :  1.16647e-07
 Reference value :  1.17362e-07
 Reference value :  1.18202e-07
 Reference value :  1.19562e-07
 Reference value :  1.22122e-07
 Reference value :  1.24004e-07
 Reference value :  1.26319e-07
 Reference value :  1.29079e-07
 Reference value :  1.31959e-07
 Reference value :  1.34799e-07
 Reference value :  1.37719e-07
 Reference value :  1.40579e-07
 Reference value :  1.43399e-07
 Reference value :  1.46199e-07
 Reference value :  1.49119e-07
 Reference value :  1.52059e-07
 Reference value :  1.54939e-07
 Reference value :  1.57839e-07
 Reference value :  1.60504e-07
 Reference value :  1.62672e-07
 Reference value :  1.65312e-07
 Reference value :  1.67892e-07
 Reference value :  1.70392e-07
 Reference value :  1.72852e-07
 Reference value :  1.74852e-07
 Reference value :  1.77092e-07
 Reference value :  1.79092e-07
 Reference value :  1.81372e-07
 Reference value :  1.83612e-07
 Reference value :  1.86872e-07
 Reference value :  1.88712e-07
 Reference value :  1.90072e-07
 Reference value :  1.91034e-07
 Reference value :  1.91527e-07
 Reference value :  1.92389e-07
 Reference value :  1.92922e-07
 Reference value :  1.94102e-07
 Reference value :  1.94659e-07
 Reference value :  1.95202e-07
 Reference value :  1.95577e-07
 Reference value :  1.95679e-07
 Reference value :  1.95872e-07
 Reference value :  1.96012e-07
 Reference value :  1.96124e-07
 Reference value :  1.96384e-07
 Reference value :  1.96477e-07
 Reference value :  1.96734e-07
 Reference value :  1.96812e-07
 Reference value :  1.96954e-07
 Reference value :  1.97109e-07
 Reference value :  1.98347e-07
 Reference value :  1.98659e-07
 Reference value :  1.99059e-07
 Reference value :  1.99199e-07
 Reference value :  1.99482e-07
 Reference value :  1.99699e-07
 Reference value :  2.00429e-07
 Reference value :  2.02537e-07
 Reference value :  2.04469e-07
 Reference value :  2.07019e-07
 Reference value :  2.09859e-07
 Reference value :  2.12659e-07
 Reference value :  2.15819e-07
 Reference value :  2.18719e-07
 Reference value :  2.21459e-07
 Reference value :  2.24199e-07
 Reference value :  2.27019e-07
 Reference value :  2.29939e-07
 Reference value :  2.32759e-07
 Reference value :  2.35639e-07
 Reference value :  2.38579e-07
 Reference value :  2.41214e-07
 Reference value :  2.43652e-07
 Reference value :  2.46272e-07
 Reference value :  2.48672e-07
 Reference value :  2.51272e-07
 Reference value :  2.53732e-07
 Reference value :  2.56212e-07
 Reference value :  2.58532e-07
 Reference value :  2.60612e-07
 Reference value :  2.62632e-07
 Reference value :  2.64592e-07
 Reference value :  2.66632e-07
 Reference value :  2.68432e-07
 Reference value :  2.69032e-07
 Reference value :  2.70412e-07
 Reference value :  2.71792e-07
 Reference value :  2.73072e-07
 Reference value :  2.74192e-07
 Reference value :  2.74772e-07
 Reference value :  2.76132e-07
 Reference value :  2.77252e-07
 Reference value :  2.78812e-07
 Reference value :  2.79512e-07
No. of Data Rows : 14249

  Measurements for Transient Analysis

qnet2               =   6.15225e-15 from=  1.20000e-07 to=  2.80000e-07
qnet                =  3.07613e-15
width_up            =  2.83949e-09 targ=  2.03319e-07 trig=  2.00480e-07
width_dn            =  1.87385e-09 targ=  2.03319e-07 trig=  2.01445e-07

ngspice-46 done

Warning: m=xx on .subckt line will override multiplier m hierarchy!

Note: Starting dynamic gmin stepping
Warning: Dynamic gmin stepping failed
Note: Starting true gmin stepping
Note: True gmin stepping completed
