
Note: Compatibility modes selected: hs a


Circuit: * pfd-deadzone (operating point) @ sf_-40c_2.97v_v2p40_d-1n -- generated by sim/harness, do not edit

Doing analysis at TEMP = -40.000000 and TNOM = 27.000000

Using SPARSE 1.3 as Direct Linear Solver

Initial Transient Solution
--------------------------

Node                                   Voltage
----                                   -------
vdd                                       2.97
vss                                          0
ref                                          0
fb                                           0
b0                                           0
b1                                        2.97
ibn                                   0.860509
icn                                   0.954995
ibp                                    2.14351
icp                                     2.0455
xdut.xpfd.xed_ref.d1                      2.97
xdut.xpfd.xed_ref.d2               8.88664e-09
xdut.xpfd.xed_ref.d3                      2.97
xdut.xpfd.xed_ref.d4               8.88664e-09
xdut.xpfd.xed_ref.d5                      2.97
xdut.xpfd.xed_ref.nn                      2.97
xdut.xpfd.xed_ref.xnd.ni           2.07152e-14
xdut.xpfd.pr                       8.88664e-09
xdut.xpfd.xed_fb.d1                       2.97
xdut.xpfd.xed_fb.d2                8.88664e-09
xdut.xpfd.xed_fb.d3                       2.97
xdut.xpfd.xed_fb.d4                8.88664e-09
xdut.xpfd.xed_fb.d5                       2.97
xdut.xpfd.xed_fb.nn                       2.97
xdut.xpfd.xed_fb.xnd.ni            2.04839e-14
xdut.xpfd.pf                       8.88664e-09
xdut.xpfd.sbr                             2.97
xdut.xpfd.sbf                             2.97
up                                 1.81577e-08
xdut.xpfd.upb                             2.97
xdut.xpfd.xlat_ref.xn1.ni          9.07884e-09
xdut.xpfd.rb                              2.97
xdut.xpfd.xlat_ref.xn2.ni              2.19502
dn                                 1.81577e-08
xdut.xpfd.dnb                             2.97
xdut.xpfd.xlat_fb.xn1.ni           9.07884e-09
xdut.xpfd.xlat_fb.xn2.ni               2.19502
xdut.xpfd.nrst                            2.97
xdut.xpfd.xnand_rst.ni             2.71949e-06
xdut.xpfd.rst_raw                  8.88664e-09
xdut.xpfd.rd1                             2.97
xdut.xpfd.rd2                      8.88664e-09
xdut.xpfd.rd3                             2.97
xdut.xpfd.rd4                      8.88664e-09
xdut.xpfd.rd5                             2.97
xdut.xpfd.rd6                      8.88664e-09
xdut.xpfd.rd7                             2.97
xdut.xpfd.rd8                      8.88664e-09
xdut.xpfd.rd9                             2.97
xdut.xpfd.rd10                     8.88664e-09
xdut.xpfd.rd11                            2.97
xdut.xpfd.rd12                     8.88664e-09
xdut.xpfd.rd13                            2.97
xdut.xpfd.rd14                     8.88664e-09
xdut.xpfd.rd15                            2.97
xdut.xpfd.rd16                     8.88664e-09
xdut.xpfd.rd17                            2.97
xdut.xpfd.rd18                     8.88664e-09
xdut.xpfd.rd19                            2.97
xdut.xpfd.rd20                     8.88664e-09
xdut.xpfd.rd21                            2.97
xdut.xpfd.rd22                     8.88664e-09
xdut.xpfd.rd23                            2.97
xdut.xpfd.rst_dly                  8.88664e-09
xdut.xcp.b0b                              2.97
xdut.xcp.b1b                       8.88664e-09
xdut.xcp.upb                              2.97
xdut.xcp.dnb                              2.97
xdut.xcp.xn_base.bg                   0.860509
xdut.xcp.xn_base.mid                 0.0749902
xdut.xcp.dnt                           1.89106
xdut.xcp.xn_t0.bg                  3.83756e-15
xdut.xcp.xn_t0.mid                    0.386316
xdut.xcp.xn_t1a.bg                    0.860509
xdut.xcp.xn_t1a.mid                  0.0749902
xdut.xcp.xn_t1b.bg                    0.860509
xdut.xcp.xn_t1b.mid                  0.0749902
xdut.xcp.xp_base.bg                    2.14351
xdut.xcp.xp_base.mid                   2.89702
xdut.xcp.upt                           2.40535
xdut.xcp.xp_t0.bg                         2.97
xdut.xcp.xp_t0.mid                     1.18964
xdut.xcp.xp_t1a.bg                     2.14351
xdut.xcp.xp_t1a.mid                    2.89702
xdut.xcp.xp_t1b.bg                     2.14351
xdut.xcp.xp_t1b.mid                    2.89702
vout                                       2.4
xdut.xcp.vdump                         2.40094
xdut.xcp.xbuf.nsrc                      1.2025
xdut.xcp.xbuf.nda                      2.14346
xdut.xcp.xbuf.psrc                     2.96993
xdut.xcp.xbuf.pda                     0.609478
vctrl_src                                  2.4
vctrl#branch                      -2.46919e-11
vam#branch                        -2.22919e-11
vb1#branch                           -2.97e-12
vb0#branch                                   0
vfb#branch                                   0
vref#branch                                  0
vss#branch                         2.91223e-05
vdd#branch                         -4.5123e-05

 Reference value :  0.00000e+00
 Reference value :  2.22560e-09
 Reference value :  4.86560e-09
 Reference value :  7.36560e-09
 Reference value :  9.48560e-09
 Reference value :  1.19456e-08
 Reference value :  1.43056e-08
 Reference value :  1.63456e-08
 Reference value :  1.86056e-08
 Reference value :  2.07856e-08
 Reference value :  2.30256e-08
 Reference value :  2.53056e-08
 Reference value :  2.76256e-08
 Reference value :  2.96856e-08
 Reference value :  3.17656e-08
 Reference value :  3.41656e-08
 Reference value :  3.65856e-08
 Reference value :  3.87256e-08
 Reference value :  4.05210e-08
 Reference value :  4.17695e-08
 Reference value :  4.31675e-08
 Reference value :  4.59854e-08
 Reference value :  4.89454e-08
 Reference value :  5.18054e-08
 Reference value :  5.47054e-08
 Reference value :  5.76054e-08
 Reference value :  6.04854e-08
 Reference value :  6.34054e-08
 Reference value :  6.62054e-08
 Reference value :  6.90654e-08
 Reference value :  7.20254e-08
 Reference value :  7.48454e-08
 Reference value :  7.78654e-08
 Reference value :  8.03500e-08
 Reference value :  8.29329e-08
 Reference value :  8.58729e-08
 Reference value :  8.88129e-08
 Reference value :  9.17129e-08
 Reference value :  9.52129e-08
 Reference value :  9.81529e-08
 Reference value :  1.01493e-07
 Reference value :  1.04193e-07
 Reference value :  1.07213e-07
 Reference value :  1.09873e-07
 Reference value :  1.12473e-07
 Reference value :  1.15073e-07
 Reference value :  1.17253e-07
 Reference value :  1.19070e-07
 Reference value :  1.20743e-07
 Reference value :  1.22120e-07
 Reference value :  1.23385e-07
 Reference value :  1.26265e-07
 Reference value :  1.29225e-07
 Reference value :  1.32145e-07
 Reference value :  1.35045e-07
 Reference value :  1.37885e-07
 Reference value :  1.40745e-07
 Reference value :  1.43665e-07
 Reference value :  1.46625e-07
 Reference value :  1.49485e-07
 Reference value :  1.52445e-07
 Reference value :  1.55405e-07
 Reference value :  1.58345e-07
 Reference value :  1.60554e-07
 Reference value :  1.63293e-07
 Reference value :  1.66253e-07
 Reference value :  1.69053e-07
 Reference value :  1.71513e-07
 Reference value :  1.73953e-07
 Reference value :  1.76433e-07
 Reference value :  1.78933e-07
 Reference value :  1.81353e-07
 Reference value :  1.83753e-07
 Reference value :  1.86053e-07
 Reference value :  1.88273e-07
 Reference value :  1.90473e-07
 Reference value :  1.92613e-07
 Reference value :  1.94693e-07
 Reference value :  1.96493e-07
 Reference value :  1.98173e-07
 Reference value :  1.99699e-07
 Reference value :  2.01040e-07
 Reference value :  2.02297e-07
 Reference value :  2.03385e-07
 Reference value :  2.05985e-07
 Reference value :  2.08925e-07
 Reference value :  2.11805e-07
 Reference value :  2.14725e-07
 Reference value :  2.19365e-07
 Reference value :  2.23825e-07
 Reference value :  2.26745e-07
 Reference value :  2.29985e-07
 Reference value :  2.33005e-07
 Reference value :  2.35965e-07
 Reference value :  2.38845e-07
 Reference value :  2.40813e-07
 Reference value :  2.43633e-07
 Reference value :  2.46553e-07
 Reference value :  2.49373e-07
 Reference value :  2.52253e-07
 Reference value :  2.55093e-07
 Reference value :  2.57953e-07
 Reference value :  2.60773e-07
 Reference value :  2.63473e-07
 Reference value :  2.66153e-07
 Reference value :  2.68653e-07
 Reference value :  2.71093e-07
 Reference value :  2.73333e-07
 Reference value :  2.75533e-07
 Reference value :  2.77353e-07
 Reference value :  2.79276e-07
No. of Data Rows : 14327

  Measurements for Transient Analysis

qnet2               =   -1.22875e-14 from=  1.20000e-07 to=  2.80000e-07
qnet                =  -6.14375e-15
width_up            =  1.57048e-09 targ=  2.01995e-07 trig=  2.00425e-07
width_dn            =  2.59379e-09 targ=  2.01973e-07 trig=  1.99380e-07

ngspice-46 done

Warning: m=xx on .subckt line will override multiplier m hierarchy!

Note: Starting dynamic gmin stepping
Warning: Dynamic gmin stepping failed
Note: Starting true gmin stepping
Note: True gmin stepping completed
