
Note: Compatibility modes selected: hs a


Circuit: * pfd-deadzone (operating point) @ sf_125c_3.30v_v0p90_d1n -- generated by sim/harness, do not edit

Doing analysis at TEMP = 125.000000 and TNOM = 27.000000

Using SPARSE 1.3 as Direct Linear Solver

Initial Transient Solution
--------------------------

Node                                   Voltage
----                                   -------
vdd                                        3.3
vss                                          0
ref                                          0
fb                                           0
b0                                           0
b1                                         3.3
ibn                                   0.714647
icn                                    0.84197
ibp                                     2.6412
icp                                    2.50092
xdut.xpfd.xed_ref.d1                       3.3
xdut.xpfd.xed_ref.d2                2.6556e-07
xdut.xpfd.xed_ref.d3                       3.3
xdut.xpfd.xed_ref.d4                2.6556e-07
xdut.xpfd.xed_ref.d5                       3.3
xdut.xpfd.xed_ref.nn                       3.3
xdut.xpfd.xed_ref.xnd.ni           3.87141e-08
xdut.xpfd.pr                       2.65561e-07
xdut.xpfd.xed_fb.d1                        3.3
xdut.xpfd.xed_fb.d2                 2.6556e-07
xdut.xpfd.xed_fb.d3                        3.3
xdut.xpfd.xed_fb.d4                 2.6556e-07
xdut.xpfd.xed_fb.d5                        3.3
xdut.xpfd.xed_fb.nn                        3.3
xdut.xpfd.xed_fb.xnd.ni            3.87141e-08
xdut.xpfd.pf                       2.65561e-07
xdut.xpfd.sbr                              3.3
xdut.xpfd.sbf                              3.3
up                                 5.55387e-07
xdut.xpfd.upb                              3.3
xdut.xpfd.xlat_ref.xn1.ni          2.77693e-07
xdut.xpfd.rb                               3.3
xdut.xpfd.xlat_ref.xn2.ni              2.75956
dn                                 5.55387e-07
xdut.xpfd.dnb                              3.3
xdut.xpfd.xlat_fb.xn1.ni           2.77693e-07
xdut.xpfd.xlat_fb.xn2.ni               2.75956
xdut.xpfd.nrst                             3.3
xdut.xpfd.xnand_rst.ni               0.0615959
xdut.xpfd.rst_raw                   2.6556e-07
xdut.xpfd.rd1                              3.3
xdut.xpfd.rd2                       2.6556e-07
xdut.xpfd.rd3                              3.3
xdut.xpfd.rd4                       2.6556e-07
xdut.xpfd.rd5                              3.3
xdut.xpfd.rd6                       2.6556e-07
xdut.xpfd.rd7                              3.3
xdut.xpfd.rd8                       2.6556e-07
xdut.xpfd.rd9                              3.3
xdut.xpfd.rd10                      2.6556e-07
xdut.xpfd.rd11                             3.3
xdut.xpfd.rd12                      2.6556e-07
xdut.xpfd.rd13                             3.3
xdut.xpfd.rd14                      2.6556e-07
xdut.xpfd.rd15                             3.3
xdut.xpfd.rd16                      2.6556e-07
xdut.xpfd.rd17                             3.3
xdut.xpfd.rd18                      2.6556e-07
xdut.xpfd.rd19                             3.3
xdut.xpfd.rd20                      2.6556e-07
xdut.xpfd.rd21                             3.3
xdut.xpfd.rd22                      2.6556e-07
xdut.xpfd.rd23                             3.3
xdut.xpfd.rst_dly                   2.6556e-07
xdut.xcp.b0b                               3.3
xdut.xcp.b1b                        2.6556e-07
xdut.xcp.upb                               3.3
xdut.xcp.dnb                               3.3
xdut.xcp.xn_base.bg                   0.714647
xdut.xcp.xn_base.mid                 0.0998829
xdut.xcp.dnt                          0.900056
xdut.xcp.xn_t0.bg                   1.0613e-08
xdut.xcp.xn_t0.mid                    0.567619
xdut.xcp.xn_t1a.bg                    0.714647
xdut.xcp.xn_t1a.mid                  0.0998829
xdut.xcp.xn_t1b.bg                    0.714647
xdut.xcp.xn_t1b.mid                  0.0998829
xdut.xcp.xp_base.bg                     2.6412
xdut.xcp.xp_base.mid                   3.19556
xdut.xcp.upt                           1.10916
xdut.xcp.xp_t0.bg                          3.3
xdut.xcp.xp_t0.mid                     2.73446
xdut.xcp.xp_t1a.bg                      2.6412
xdut.xcp.xp_t1a.mid                    3.19556
xdut.xcp.xp_t1b.bg                      2.6412
xdut.xcp.xp_t1b.mid                    3.19556
vout                                       0.9
xdut.xcp.vdump                        0.902822
xdut.xcp.xbuf.nsrc                    0.173934
xdut.xcp.xbuf.nda                      2.64307
xdut.xcp.xbuf.psrc                     1.50892
xdut.xcp.xbuf.pda                     0.669477
vctrl_src                                  0.9
vctrl#branch                      -2.60834e-12
vam#branch                        -1.70834e-12
vb1#branch                            -3.3e-12
vb0#branch                                   0
vfb#branch                                   0
vref#branch                                  0
vss#branch                          3.7495e-05
vdd#branch                        -5.34957e-05

 Reference value :  0.00000e+00
 Reference value :  1.30560e-09
 Reference value :  1.80560e-09
 Reference value :  2.42310e-09
 Reference value :  3.38310e-09
 Reference value :  4.66310e-09
 Reference value :  5.30060e-09
 Reference value :  6.30060e-09
 Reference value :  7.12060e-09
 Reference value :  7.84310e-09
 Reference value :  8.63810e-09
 Reference value :  9.65810e-09
 Reference value :  1.03356e-08
 Reference value :  1.11356e-08
 Reference value :  1.25356e-08
 Reference value :  1.35156e-08
 Reference value :  1.43356e-08
 Reference value :  1.57756e-08
 Reference value :  1.69156e-08
 Reference value :  1.78556e-08
 Reference value :  1.94356e-08
 Reference value :  2.04556e-08
 Reference value :  2.14956e-08
 Reference value :  2.26556e-08
 Reference value :  2.37556e-08
 Reference value :  2.42756e-08
 Reference value :  2.45731e-08
 Reference value :  2.53731e-08
 Reference value :  2.71931e-08
 Reference value :  2.92131e-08
 Reference value :  3.01131e-08
 Reference value :  3.14131e-08
 Reference value :  3.26931e-08
 Reference value :  3.32931e-08
 Reference value :  3.49531e-08
 Reference value :  3.60331e-08
 Reference value :  3.76731e-08
 Reference value :  3.87356e-08
 Reference value :  4.03688e-08
 Reference value :  4.26893e-08
 Reference value :  4.60304e-08
 Reference value :  4.87904e-08
 Reference value :  5.16304e-08
 Reference value :  5.44504e-08
 Reference value :  5.73304e-08
 Reference value :  6.02104e-08
 Reference value :  6.29904e-08
 Reference value :  6.58104e-08
 Reference value :  6.86704e-08
 Reference value :  7.14904e-08
 Reference value :  7.59104e-08
 Reference value :  7.90304e-08
 Reference value :  8.21121e-08
 Reference value :  8.52321e-08
 Reference value :  8.83721e-08
 Reference value :  9.11721e-08
 Reference value :  9.39121e-08
 Reference value :  9.67521e-08
 Reference value :  9.96921e-08
 Reference value :  1.02612e-07
 Reference value :  1.05392e-07
 Reference value :  1.08172e-07
 Reference value :  1.10512e-07
 Reference value :  1.11610e-07
 Reference value :  1.12410e-07
 Reference value :  1.12712e-07
 Reference value :  1.13547e-07
 Reference value :  1.14207e-07
 Reference value :  1.15222e-07
 Reference value :  1.16040e-07
 Reference value :  1.16297e-07
 Reference value :  1.17437e-07
 Reference value :  1.17755e-07
 Reference value :  1.17895e-07
 Reference value :  1.18050e-07
 Reference value :  1.18925e-07
 Reference value :  1.19822e-07
 Reference value :  1.19930e-07
 Reference value :  1.22007e-07
 Reference value :  1.24129e-07
 Reference value :  1.26770e-07
 Reference value :  1.29670e-07
 Reference value :  1.32530e-07
 Reference value :  1.35350e-07
 Reference value :  1.38190e-07
 Reference value :  1.41090e-07
 Reference value :  1.43910e-07
 Reference value :  1.46730e-07
 Reference value :  1.49550e-07
 Reference value :  1.52350e-07
 Reference value :  1.55150e-07
 Reference value :  1.57990e-07
 Reference value :  1.60616e-07
 Reference value :  1.62832e-07
 Reference value :  1.65692e-07
 Reference value :  1.68512e-07
 Reference value :  1.71352e-07
 Reference value :  1.74132e-07
 Reference value :  1.77032e-07
 Reference value :  1.79832e-07
 Reference value :  1.82672e-07
 Reference value :  1.85452e-07
 Reference value :  1.88052e-07
 Reference value :  1.90212e-07
 Reference value :  1.92372e-07
 Reference value :  1.94832e-07
 Reference value :  1.97372e-07
 Reference value :  1.99972e-07
 Reference value :  2.02065e-07
 Reference value :  2.04296e-07
 Reference value :  2.06870e-07
 Reference value :  2.09730e-07
 Reference value :  2.12650e-07
 Reference value :  2.15410e-07
 Reference value :  2.18290e-07
 Reference value :  2.21210e-07
 Reference value :  2.24050e-07
 Reference value :  2.27090e-07
 Reference value :  2.29950e-07
 Reference value :  2.32710e-07
 Reference value :  2.35550e-07
 Reference value :  2.38390e-07
 Reference value :  2.40872e-07
 Reference value :  2.43312e-07
 Reference value :  2.46212e-07
 Reference value :  2.49072e-07
 Reference value :  2.51952e-07
 Reference value :  2.54732e-07
 Reference value :  2.57612e-07
 Reference value :  2.60492e-07
 Reference value :  2.63352e-07
 Reference value :  2.66212e-07
 Reference value :  2.68972e-07
 Reference value :  2.71072e-07
 Reference value :  2.72812e-07
 Reference value :  2.75192e-07
 Reference value :  2.77912e-07
No. of Data Rows : 14187

  Measurements for Transient Analysis

qnet2               =   -6.99658e-15 from=  1.20000e-07 to=  2.80000e-07
qnet                =  -3.49829e-15
width_up            =  2.96035e-09 targ=  2.03414e-07 trig=  2.00454e-07
width_dn            =  1.98967e-09 targ=  2.03438e-07 trig=  2.01448e-07

ngspice-46 done

Warning: m=xx on .subckt line will override multiplier m hierarchy!

Note: Starting dynamic gmin stepping
Warning: Dynamic gmin stepping failed
Note: Starting true gmin stepping
Note: True gmin stepping completed
