
Note: Compatibility modes selected: hs a


Circuit: * pfd-deadzone (operating point) @ sf_27c_3.63v_v0p90_d0 -- generated by sim/harness, do not edit

Doing analysis at TEMP = 27.000000 and TNOM = 27.000000

Using SPARSE 1.3 as Direct Linear Solver

Initial Transient Solution
--------------------------

Node                                   Voltage
----                                   -------
vdd                                       3.63
vss                                          0
ref                                          0
fb                                           0
b0                                           0
b1                                        3.63
ibn                                   0.799915
icn                                   0.908402
ibp                                    2.87007
icp                                    2.75449
xdut.xpfd.xed_ref.d1                      3.63
xdut.xpfd.xed_ref.d2               1.30656e-08
xdut.xpfd.xed_ref.d3                      3.63
xdut.xpfd.xed_ref.d4               1.30656e-08
xdut.xpfd.xed_ref.d5                      3.63
xdut.xpfd.xed_ref.nn                      3.63
xdut.xpfd.xed_ref.xnd.ni           5.96694e-11
xdut.xpfd.pr                       1.30656e-08
xdut.xpfd.xed_fb.d1                       3.63
xdut.xpfd.xed_fb.d2                1.30656e-08
xdut.xpfd.xed_fb.d3                       3.63
xdut.xpfd.xed_fb.d4                1.30656e-08
xdut.xpfd.xed_fb.d5                       3.63
xdut.xpfd.xed_fb.nn                       3.63
xdut.xpfd.xed_fb.xnd.ni            5.96694e-11
xdut.xpfd.pf                       1.30656e-08
xdut.xpfd.sbr                             3.63
xdut.xpfd.sbf                             3.63
up                                  2.7251e-08
xdut.xpfd.upb                             3.63
xdut.xpfd.xlat_ref.xn1.ni          1.36255e-08
xdut.xpfd.rb                              3.63
xdut.xpfd.xlat_ref.xn2.ni              2.91689
dn                                  2.7251e-08
xdut.xpfd.dnb                             3.63
xdut.xpfd.xlat_fb.xn1.ni           1.36255e-08
xdut.xpfd.xlat_fb.xn2.ni               2.91689
xdut.xpfd.nrst                            3.63
xdut.xpfd.xnand_rst.ni              0.00567805
xdut.xpfd.rst_raw                  1.30656e-08
xdut.xpfd.rd1                             3.63
xdut.xpfd.rd2                      1.30656e-08
xdut.xpfd.rd3                             3.63
xdut.xpfd.rd4                      1.30656e-08
xdut.xpfd.rd5                             3.63
xdut.xpfd.rd6                      1.30656e-08
xdut.xpfd.rd7                             3.63
xdut.xpfd.rd8                      1.30656e-08
xdut.xpfd.rd9                             3.63
xdut.xpfd.rd10                     1.30656e-08
xdut.xpfd.rd11                            3.63
xdut.xpfd.rd12                     1.30656e-08
xdut.xpfd.rd13                            3.63
xdut.xpfd.rd14                     1.30656e-08
xdut.xpfd.rd15                            3.63
xdut.xpfd.rd16                     1.30656e-08
xdut.xpfd.rd17                            3.63
xdut.xpfd.rd18                     1.30656e-08
xdut.xpfd.rd19                            3.63
xdut.xpfd.rd20                     1.30656e-08
xdut.xpfd.rd21                            3.63
xdut.xpfd.rd22                     1.30656e-08
xdut.xpfd.rd23                            3.63
xdut.xpfd.rst_dly                  1.30656e-08
xdut.xcp.b0b                              3.63
xdut.xcp.b1b                       1.30656e-08
xdut.xcp.upb                              3.63
xdut.xcp.dnb                              3.63
xdut.xcp.xn_base.bg                   0.799915
xdut.xcp.xn_base.mid                 0.0843553
xdut.xcp.dnt                          0.902335
xdut.xcp.xn_t0.bg                   9.9976e-12
xdut.xcp.xn_t0.mid                    0.468439
xdut.xcp.xn_t1a.bg                    0.799915
xdut.xcp.xn_t1a.mid                  0.0843553
xdut.xcp.xn_t1b.bg                    0.799915
xdut.xcp.xn_t1b.mid                  0.0843553
xdut.xcp.xp_base.bg                    2.87007
xdut.xcp.xp_base.mid                   3.54299
xdut.xcp.upt                           1.22868
xdut.xcp.xp_t0.bg                         3.63
xdut.xcp.xp_t0.mid                     1.45791
xdut.xcp.xp_t1a.bg                     2.87007
xdut.xcp.xp_t1a.mid                    3.54299
xdut.xcp.xp_t1b.bg                     2.87007
xdut.xcp.xp_t1b.mid                    3.54299
vout                                       0.9
xdut.xcp.vdump                        0.904118
xdut.xcp.xbuf.nsrc                     0.10754
xdut.xcp.xbuf.nda                      2.87408
xdut.xcp.xbuf.psrc                      1.6212
xdut.xcp.xbuf.pda                      0.76369
vctrl_src                                  0.9
vctrl#branch                      -1.65414e-12
vam#branch                        -7.54144e-13
vb1#branch                           -3.63e-12
vb0#branch                                   0
vfb#branch                                   0
vref#branch                                  0
vss#branch                          3.7134e-05
vdd#branch                        -5.31348e-05

 Reference value :  0.00000e+00
 Reference value :  2.80560e-09
 Reference value :  4.56560e-09
 Reference value :  6.10810e-09
 Reference value :  7.18310e-09
 Reference value :  9.32310e-09
 Reference value :  1.03006e-08
 Reference value :  1.07381e-08
 Reference value :  1.11581e-08
 Reference value :  1.31381e-08
 Reference value :  1.36156e-08
 Reference value :  1.58156e-08
 Reference value :  1.68531e-08
 Reference value :  1.81531e-08
 Reference value :  1.87906e-08
 Reference value :  1.94306e-08
 Reference value :  2.02306e-08
 Reference value :  2.12706e-08
 Reference value :  2.19306e-08
 Reference value :  2.25706e-08
 Reference value :  2.32031e-08
 Reference value :  2.40456e-08
 Reference value :  2.47206e-08
 Reference value :  2.51631e-08
 Reference value :  2.54406e-08
 Reference value :  2.62381e-08
 Reference value :  2.72556e-08
 Reference value :  2.82706e-08
 Reference value :  2.88706e-08
 Reference value :  2.93881e-08
 Reference value :  3.01706e-08
 Reference value :  3.07656e-08
 Reference value :  3.13881e-08
 Reference value :  3.19806e-08
 Reference value :  3.31206e-08
 Reference value :  3.34981e-08
 Reference value :  3.46781e-08
 Reference value :  3.52606e-08
 Reference value :  3.63156e-08
 Reference value :  3.73156e-08
 Reference value :  3.77556e-08
 Reference value :  3.89956e-08
 Reference value :  3.99756e-08
 Reference value :  4.13718e-08
 Reference value :  4.30228e-08
 Reference value :  4.60316e-08
 Reference value :  4.89516e-08
 Reference value :  5.27516e-08
 Reference value :  5.56316e-08
 Reference value :  5.91716e-08
 Reference value :  6.23516e-08
 Reference value :  6.58716e-08
 Reference value :  6.88116e-08
 Reference value :  7.24316e-08
 Reference value :  7.53316e-08
 Reference value :  7.82316e-08
 Reference value :  8.13464e-08
 Reference value :  8.44264e-08
 Reference value :  8.81664e-08
 Reference value :  9.10264e-08
 Reference value :  9.46464e-08
 Reference value :  9.75864e-08
 Reference value :  1.00526e-07
 Reference value :  1.03386e-07
 Reference value :  1.06366e-07
 Reference value :  1.09226e-07
 Reference value :  1.13286e-07
 Reference value :  1.17506e-07
 Reference value :  1.20200e-07
 Reference value :  1.21408e-07
 Reference value :  1.22752e-07
 Reference value :  1.24972e-07
 Reference value :  1.27692e-07
 Reference value :  1.31532e-07
 Reference value :  1.35992e-07
 Reference value :  1.38932e-07
 Reference value :  1.41752e-07
 Reference value :  1.44632e-07
 Reference value :  1.47532e-07
 Reference value :  1.50412e-07
 Reference value :  1.53232e-07
 Reference value :  1.56052e-07
 Reference value :  1.58852e-07
 Reference value :  1.61186e-07
 Reference value :  1.64006e-07
 Reference value :  1.66966e-07
 Reference value :  1.69986e-07
 Reference value :  1.72806e-07
 Reference value :  1.75726e-07
 Reference value :  1.78546e-07
 Reference value :  1.81526e-07
 Reference value :  1.84346e-07
 Reference value :  1.87226e-07
 Reference value :  1.90226e-07
 Reference value :  1.93026e-07
 Reference value :  1.95406e-07
 Reference value :  1.98146e-07
 Reference value :  2.00892e-07
 Reference value :  2.02658e-07
 Reference value :  2.05192e-07
 Reference value :  2.08152e-07
 Reference value :  2.11232e-07
 Reference value :  2.14132e-07
 Reference value :  2.17132e-07
 Reference value :  2.19992e-07
 Reference value :  2.22892e-07
 Reference value :  2.26152e-07
 Reference value :  2.29852e-07
 Reference value :  2.33172e-07
 Reference value :  2.36932e-07
 Reference value :  2.40152e-07
 Reference value :  2.42466e-07
 Reference value :  2.45346e-07
 Reference value :  2.48426e-07
 Reference value :  2.51446e-07
 Reference value :  2.54346e-07
 Reference value :  2.57246e-07
 Reference value :  2.60266e-07
 Reference value :  2.63166e-07
 Reference value :  2.66706e-07
 Reference value :  2.70526e-07
 Reference value :  2.73426e-07
 Reference value :  2.76706e-07
 Reference value :  2.79886e-07
No. of Data Rows : 14298

  Measurements for Transient Analysis

qnet2               =   -1.49670e-14 from=  1.20000e-07 to=  2.80000e-07
qnet                =  -7.48351e-15
width_up            =  1.55874e-09 targ=  2.01942e-07 trig=  2.00383e-07
width_dn            =  1.58293e-09 targ=  2.01962e-07 trig=  2.00379e-07

ngspice-46 done

Warning: m=xx on .subckt line will override multiplier m hierarchy!

