
Note: Compatibility modes selected: hs a


Circuit: * pfd-deadzone (operating point) @ ss_-40c_3.63v_v0p90_d0 -- generated by sim/harness, do not edit

Doing analysis at TEMP = -40.000000 and TNOM = 27.000000

Using SPARSE 1.3 as Direct Linear Solver

Initial Transient Solution
--------------------------

Node                                   Voltage
----                                   -------
vdd                                       3.63
vss                                          0
ref                                          0
fb                                           0
b0                                           0
b1                                        3.63
ibn                                   0.890678
icn                                   0.986412
ibp                                    2.58811
icp                                    2.48346
xdut.xpfd.xed_ref.d1                      3.63
xdut.xpfd.xed_ref.d2               1.04111e-08
xdut.xpfd.xed_ref.d3                      3.63
xdut.xpfd.xed_ref.d4               1.04111e-08
xdut.xpfd.xed_ref.d5                      3.63
xdut.xpfd.xed_ref.nn                      3.63
xdut.xpfd.xed_ref.xnd.ni            1.3898e-14
xdut.xpfd.pr                       1.04111e-08
xdut.xpfd.xed_fb.d1                       3.63
xdut.xpfd.xed_fb.d2                1.04111e-08
xdut.xpfd.xed_fb.d3                       3.63
xdut.xpfd.xed_fb.d4                1.04111e-08
xdut.xpfd.xed_fb.d5                       3.63
xdut.xpfd.xed_fb.nn                       3.63
xdut.xpfd.xed_fb.xnd.ni             1.3898e-14
xdut.xpfd.pf                       1.04111e-08
xdut.xpfd.sbr                             3.63
xdut.xpfd.sbf                             3.63
up                                 2.13646e-08
xdut.xpfd.upb                             3.63
xdut.xpfd.xlat_ref.xn1.ni          1.06823e-08
xdut.xpfd.rb                              3.63
xdut.xpfd.xlat_ref.xn2.ni              2.76947
dn                                 2.13646e-08
xdut.xpfd.dnb                             3.63
xdut.xpfd.xlat_fb.xn1.ni           1.06823e-08
xdut.xpfd.xlat_fb.xn2.ni               2.76947
xdut.xpfd.nrst                            3.63
xdut.xpfd.xnand_rst.ni             1.96527e-06
xdut.xpfd.rst_raw                  1.04111e-08
xdut.xpfd.rd1                             3.63
xdut.xpfd.rd2                      1.04111e-08
xdut.xpfd.rd3                             3.63
xdut.xpfd.rd4                      1.04111e-08
xdut.xpfd.rd5                             3.63
xdut.xpfd.rd6                      1.04111e-08
xdut.xpfd.rd7                             3.63
xdut.xpfd.rd8                      1.04111e-08
xdut.xpfd.rd9                             3.63
xdut.xpfd.rd10                     1.04111e-08
xdut.xpfd.rd11                            3.63
xdut.xpfd.rd12                     1.04111e-08
xdut.xpfd.rd13                            3.63
xdut.xpfd.rd14                     1.04111e-08
xdut.xpfd.rd15                            3.63
xdut.xpfd.rd16                     1.04111e-08
xdut.xpfd.rd17                            3.63
xdut.xpfd.rd18                     1.04111e-08
xdut.xpfd.rd19                            3.63
xdut.xpfd.rd20                     1.04111e-08
xdut.xpfd.rd21                            3.63
xdut.xpfd.rd22                     1.04111e-08
xdut.xpfd.rd23                            3.63
xdut.xpfd.rst_dly                  1.04111e-08
xdut.xcp.b0b                              3.63
xdut.xcp.b1b                       1.04111e-08
xdut.xcp.upb                              3.63
xdut.xcp.dnb                              3.63
xdut.xcp.xn_base.bg                   0.890678
xdut.xcp.xn_base.mid                  0.073613
xdut.xcp.dnt                          0.902918
xdut.xcp.xn_t0.bg                  1.69066e-15
xdut.xcp.xn_t0.mid                    0.384909
xdut.xcp.xn_t1a.bg                    0.890678
xdut.xcp.xn_t1a.mid                   0.073613
xdut.xcp.xn_t1b.bg                    0.890678
xdut.xcp.xn_t1b.mid                   0.073613
xdut.xcp.xp_base.bg                    2.58811
xdut.xcp.xp_base.mid                   3.55296
xdut.xcp.upt                           1.51579
xdut.xcp.xp_t0.bg                         3.63
xdut.xcp.xp_t0.mid                      1.4542
xdut.xcp.xp_t1a.bg                     2.58811
xdut.xcp.xp_t1a.mid                    3.55296
xdut.xcp.xp_t1b.bg                     2.58811
xdut.xcp.xp_t1b.mid                    3.55296
vout                                       0.9
xdut.xcp.vdump                        0.904308
xdut.xcp.xbuf.nsrc                   0.0456061
xdut.xcp.xbuf.nda                      2.60644
xdut.xcp.xbuf.psrc                      1.9082
xdut.xcp.xbuf.pda                     0.859037
vctrl_src                                  0.9
vctrl#branch                      -1.68288e-12
vam#branch                        -7.82883e-13
vb1#branch                           -3.63e-12
vb0#branch                                   0
vfb#branch                                   0
vref#branch                                  0
vss#branch                         3.50998e-05
vdd#branch                        -5.11006e-05

 Reference value :  0.00000e+00
 Reference value :  1.92310e-09
 Reference value :  3.48310e-09
 Reference value :  4.88560e-09
 Reference value :  7.94060e-09
 Reference value :  1.05606e-08
 Reference value :  1.37206e-08
 Reference value :  1.65606e-08
 Reference value :  1.93006e-08
 Reference value :  2.28206e-08
 Reference value :  2.61606e-08
 Reference value :  2.89406e-08
 Reference value :  3.18806e-08
 Reference value :  3.41006e-08
 Reference value :  3.74206e-08
 Reference value :  4.03033e-08
 Reference value :  4.19111e-08
 Reference value :  4.43475e-08
 Reference value :  4.85475e-08
 Reference value :  5.34275e-08
 Reference value :  5.73275e-08
 Reference value :  6.11275e-08
 Reference value :  6.52875e-08
 Reference value :  6.95275e-08
 Reference value :  7.34075e-08
 Reference value :  7.77075e-08
 Reference value :  8.11450e-08
 Reference value :  8.55250e-08
 Reference value :  8.98850e-08
 Reference value :  9.38250e-08
 Reference value :  9.77850e-08
 Reference value :  1.01885e-07
 Reference value :  1.06045e-07
 Reference value :  1.09865e-07
 Reference value :  1.13385e-07
 Reference value :  1.15723e-07
 Reference value :  1.18743e-07
 Reference value :  1.20987e-07
 Reference value :  1.22642e-07
 Reference value :  1.25606e-07
 Reference value :  1.29426e-07
 Reference value :  1.33486e-07
 Reference value :  1.37506e-07
 Reference value :  1.41186e-07
 Reference value :  1.45186e-07
 Reference value :  1.49566e-07
 Reference value :  1.54046e-07
 Reference value :  1.58386e-07
 Reference value :  1.61845e-07
 Reference value :  1.65685e-07
 Reference value :  1.69785e-07
 Reference value :  1.73505e-07
 Reference value :  1.78065e-07
 Reference value :  1.82145e-07
 Reference value :  1.86125e-07
 Reference value :  1.89965e-07
 Reference value :  1.93745e-07
 Reference value :  1.97445e-07
 Reference value :  2.00639e-07
 Reference value :  2.02503e-07
 Reference value :  2.04866e-07
 Reference value :  2.08626e-07
 Reference value :  2.12946e-07
 Reference value :  2.17066e-07
 Reference value :  2.21126e-07
 Reference value :  2.25346e-07
 Reference value :  2.29186e-07
 Reference value :  2.33206e-07
 Reference value :  2.37106e-07
 Reference value :  2.40547e-07
 Reference value :  2.44245e-07
 Reference value :  2.48765e-07
 Reference value :  2.52405e-07
 Reference value :  2.56625e-07
 Reference value :  2.60825e-07
 Reference value :  2.65105e-07
 Reference value :  2.68885e-07
 Reference value :  2.72805e-07
 Reference value :  2.76505e-07
No. of Data Rows : 14282

  Measurements for Transient Analysis

qnet2               =   -1.37361e-14 from=  1.20000e-07 to=  2.80000e-07
qnet                =  -6.86807e-15
width_up            =  1.58365e-09 targ=  2.01979e-07 trig=  2.00396e-07
width_dn            =  1.60661e-09 targ=  2.01994e-07 trig=  2.00388e-07

ngspice-46 done

Warning: m=xx on .subckt line will override multiplier m hierarchy!

Note: Starting dynamic gmin stepping
Warning: Dynamic gmin stepping failed
Note: Starting true gmin stepping
Note: True gmin stepping completed
