
Note: Compatibility modes selected: hs a


Circuit: * pfd-deadzone (operating point) @ typical_-40c_2.97v_v0p90_d1n -- generated by sim/harness, do not edit

Doing analysis at TEMP = -40.000000 and TNOM = 27.000000

Using SPARSE 1.3 as Direct Linear Solver

Initial Transient Solution
--------------------------

Node                                   Voltage
----                                   -------
vdd                                       2.97
vss                                          0
ref                                          0
fb                                           0
b0                                           0
b1                                        2.97
ibn                                    0.77993
icn                                    0.87275
ibp                                     2.0531
icp                                    1.95262
xdut.xpfd.xed_ref.d1                      2.97
xdut.xpfd.xed_ref.d2               8.32564e-09
xdut.xpfd.xed_ref.d3                      2.97
xdut.xpfd.xed_ref.d4               8.32564e-09
xdut.xpfd.xed_ref.d5                      2.97
xdut.xpfd.xed_ref.nn                      2.97
xdut.xpfd.xed_ref.xnd.ni           2.96321e-13
xdut.xpfd.pr                       8.32564e-09
xdut.xpfd.xed_fb.d1                       2.97
xdut.xpfd.xed_fb.d2                8.32564e-09
xdut.xpfd.xed_fb.d3                       2.97
xdut.xpfd.xed_fb.d4                8.32564e-09
xdut.xpfd.xed_fb.d5                       2.97
xdut.xpfd.xed_fb.nn                       2.97
xdut.xpfd.xed_fb.xnd.ni            2.96321e-13
xdut.xpfd.pf                       8.32564e-09
xdut.xpfd.sbr                             2.97
xdut.xpfd.sbf                             2.97
up                                  1.7085e-08
xdut.xpfd.upb                             2.97
xdut.xpfd.xlat_ref.xn1.ni          8.54249e-09
xdut.xpfd.rb                              2.97
xdut.xpfd.xlat_ref.xn2.ni              2.26896
dn                                  1.7085e-08
xdut.xpfd.dnb                             2.97
xdut.xpfd.xlat_fb.xn1.ni           8.54249e-09
xdut.xpfd.xlat_fb.xn2.ni               2.26896
xdut.xpfd.nrst                            2.97
xdut.xpfd.xnand_rst.ni             4.14868e-05
xdut.xpfd.rst_raw                  8.32564e-09
xdut.xpfd.rd1                             2.97
xdut.xpfd.rd2                      8.32564e-09
xdut.xpfd.rd3                             2.97
xdut.xpfd.rd4                      8.32564e-09
xdut.xpfd.rd5                             2.97
xdut.xpfd.rd6                      8.32564e-09
xdut.xpfd.rd7                             2.97
xdut.xpfd.rd8                      8.32564e-09
xdut.xpfd.rd9                             2.97
xdut.xpfd.rd10                     8.32564e-09
xdut.xpfd.rd11                            2.97
xdut.xpfd.rd12                     8.32564e-09
xdut.xpfd.rd13                            2.97
xdut.xpfd.rd14                     8.32564e-09
xdut.xpfd.rd15                            2.97
xdut.xpfd.rd16                     8.32564e-09
xdut.xpfd.rd17                            2.97
xdut.xpfd.rd18                     8.32564e-09
xdut.xpfd.rd19                            2.97
xdut.xpfd.rd20                     8.32564e-09
xdut.xpfd.rd21                            2.97
xdut.xpfd.rd22                     8.32564e-09
xdut.xpfd.rd23                            2.97
xdut.xpfd.rst_dly                  8.32564e-09
xdut.xcp.b0b                              2.97
xdut.xcp.b1b                       8.32564e-09
xdut.xcp.upb                              2.97
xdut.xcp.dnb                              2.97
xdut.xcp.xn_base.bg                    0.77993
xdut.xcp.xn_base.mid                 0.0724169
xdut.xcp.dnt                           0.90149
xdut.xcp.xn_t0.bg                  4.57795e-14
xdut.xcp.xn_t0.mid                    0.383431
xdut.xcp.xn_t1a.bg                     0.77993
xdut.xcp.xn_t1a.mid                  0.0724169
xdut.xcp.xn_t1b.bg                     0.77993
xdut.xcp.xn_t1b.mid                  0.0724169
xdut.xcp.xp_base.bg                     2.0531
xdut.xcp.xp_base.mid                   2.89495
xdut.xcp.upt                           1.29223
xdut.xcp.xp_t0.bg                         2.97
xdut.xcp.xp_t0.mid                     1.18958
xdut.xcp.xp_t1a.bg                      2.0531
xdut.xcp.xp_t1a.mid                    2.89495
xdut.xcp.xp_t1b.bg                      2.0531
xdut.xcp.xp_t1b.mid                    2.89495
vout                                       0.9
xdut.xcp.vdump                        0.903064
xdut.xcp.xbuf.nsrc                    0.116522
xdut.xcp.xbuf.nda                      2.05634
xdut.xcp.xbuf.psrc                     1.78327
xdut.xcp.xbuf.pda                      0.74822
vctrl_src                                  0.9
vctrl#branch                      -3.68279e-12
vam#branch                        -2.78279e-12
vb1#branch                           -2.97e-12
vb0#branch                                   0
vfb#branch                                   0
vref#branch                                  0
vss#branch                         3.68463e-05
vdd#branch                        -5.28469e-05

 Reference value :  0.00000e+00
 Reference value :  2.70560e-09
 Reference value :  4.30310e-09
 Reference value :  6.38310e-09
 Reference value :  8.80310e-09
 Reference value :  1.15231e-08
 Reference value :  1.38431e-08
 Reference value :  1.54856e-08
 Reference value :  1.81006e-08
 Reference value :  1.93781e-08
 Reference value :  2.21581e-08
 Reference value :  2.34556e-08
 Reference value :  2.53581e-08
 Reference value :  2.76931e-08
 Reference value :  2.90506e-08
 Reference value :  3.20706e-08
 Reference value :  3.49106e-08
 Reference value :  3.75906e-08
 Reference value :  3.91106e-08
 Reference value :  4.13213e-08
 Reference value :  4.27547e-08
 Reference value :  4.40448e-08
 Reference value :  4.70505e-08
 Reference value :  5.00105e-08
 Reference value :  5.30705e-08
 Reference value :  5.61905e-08
 Reference value :  5.94905e-08
 Reference value :  6.24305e-08
 Reference value :  6.55305e-08
 Reference value :  6.86905e-08
 Reference value :  7.17105e-08
 Reference value :  7.48105e-08
 Reference value :  7.78305e-08
 Reference value :  8.05933e-08
 Reference value :  8.32173e-08
 Reference value :  8.62773e-08
 Reference value :  8.94373e-08
 Reference value :  9.28973e-08
 Reference value :  9.61973e-08
 Reference value :  9.95773e-08
 Reference value :  1.03117e-07
 Reference value :  1.05897e-07
 Reference value :  1.08557e-07
 Reference value :  1.11237e-07
 Reference value :  1.12397e-07
 Reference value :  1.13835e-07
 Reference value :  1.16395e-07
 Reference value :  1.16955e-07
 Reference value :  1.17795e-07
 Reference value :  1.18692e-07
 Reference value :  1.19652e-07
 Reference value :  1.19912e-07
 Reference value :  1.21030e-07
 Reference value :  1.22377e-07
 Reference value :  1.23718e-07
 Reference value :  1.26071e-07
 Reference value :  1.29051e-07
 Reference value :  1.31971e-07
 Reference value :  1.34871e-07
 Reference value :  1.37691e-07
 Reference value :  1.40631e-07
 Reference value :  1.43771e-07
 Reference value :  1.46831e-07
 Reference value :  1.49751e-07
 Reference value :  1.52751e-07
 Reference value :  1.55731e-07
 Reference value :  1.58571e-07
 Reference value :  1.61177e-07
 Reference value :  1.64357e-07
 Reference value :  1.68117e-07
 Reference value :  1.71097e-07
 Reference value :  1.74317e-07
 Reference value :  1.77837e-07
 Reference value :  1.81077e-07
 Reference value :  1.83877e-07
 Reference value :  1.86877e-07
 Reference value :  1.89297e-07
 Reference value :  1.91877e-07
 Reference value :  1.94257e-07
 Reference value :  1.96337e-07
 Reference value :  1.97777e-07
 Reference value :  1.99637e-07
 Reference value :  2.01382e-07
 Reference value :  2.03016e-07
 Reference value :  2.04491e-07
 Reference value :  2.07571e-07
 Reference value :  2.10651e-07
 Reference value :  2.13851e-07
 Reference value :  2.17071e-07
 Reference value :  2.20771e-07
 Reference value :  2.24071e-07
 Reference value :  2.27391e-07
 Reference value :  2.30471e-07
 Reference value :  2.33651e-07
 Reference value :  2.36811e-07
 Reference value :  2.39951e-07
 Reference value :  2.42017e-07
 Reference value :  2.45357e-07
 Reference value :  2.48937e-07
 Reference value :  2.52077e-07
 Reference value :  2.55497e-07
 Reference value :  2.58957e-07
 Reference value :  2.62217e-07
 Reference value :  2.64437e-07
 Reference value :  2.67617e-07
 Reference value :  2.70020e-07
 Reference value :  2.73195e-07
 Reference value :  2.74572e-07
 Reference value :  2.75395e-07
 Reference value :  2.76530e-07
 Reference value :  2.77367e-07
 Reference value :  2.78407e-07
 Reference value :  2.78925e-07
 Reference value :  2.79025e-07
No. of Data Rows : 14337

  Measurements for Transient Analysis

qnet2               =   -1.45800e-15 from=  1.20000e-07 to=  2.80000e-07
qnet                =  -7.28998e-16
width_up            =  2.51189e-09 targ=  2.02903e-07 trig=  2.00391e-07
width_dn            =  1.53235e-09 targ=  2.02913e-07 trig=  2.01380e-07

ngspice-46 done

Warning: m=xx on .subckt line will override multiplier m hierarchy!

Note: Starting dynamic gmin stepping
Warning: Dynamic gmin stepping failed
Note: Starting true gmin stepping
Note: True gmin stepping completed
