
Note: Compatibility modes selected: hs a


Circuit: * pfd-deadzone (operating point) @ typical_125c_3.63v_v2p40_d1n -- generated by sim/harness, do not edit

Doing analysis at TEMP = 125.000000 and TNOM = 27.000000

Using SPARSE 1.3 as Direct Linear Solver

Initial Transient Solution
--------------------------

Node                                   Voltage
----                                   -------
vdd                                       3.63
vss                                          0
ref                                          0
fb                                           0
b0                                           0
b1                                        3.63
ibn                                   0.633148
icn                                   0.757915
ibp                                    2.87935
icp                                    2.73601
xdut.xpfd.xed_ref.d1                      3.63
xdut.xpfd.xed_ref.d2               5.34103e-08
xdut.xpfd.xed_ref.d3                      3.63
xdut.xpfd.xed_ref.d4               5.34103e-08
xdut.xpfd.xed_ref.d5                      3.63
xdut.xpfd.xed_ref.nn                      3.63
xdut.xpfd.xed_ref.xnd.ni           2.16234e-07
xdut.xpfd.pr                       5.34104e-08
xdut.xpfd.xed_fb.d1                       3.63
xdut.xpfd.xed_fb.d2                5.34103e-08
xdut.xpfd.xed_fb.d3                       3.63
xdut.xpfd.xed_fb.d4                5.34103e-08
xdut.xpfd.xed_fb.d5                       3.63
xdut.xpfd.xed_fb.nn                       3.63
xdut.xpfd.xed_fb.xnd.ni            2.16234e-07
xdut.xpfd.pf                       5.34104e-08
xdut.xpfd.sbr                             3.63
xdut.xpfd.sbf                             3.63
up                                 1.13106e-07
xdut.xpfd.upb                             3.63
xdut.xpfd.xlat_ref.xn1.ni          5.65532e-08
xdut.xpfd.rb                              3.63
xdut.xpfd.xlat_ref.xn2.ni              3.09296
dn                                 1.13106e-07
xdut.xpfd.dnb                             3.63
xdut.xpfd.xlat_fb.xn1.ni           5.65532e-08
xdut.xpfd.xlat_fb.xn2.ni               3.09296
xdut.xpfd.nrst                            3.63
xdut.xpfd.xnand_rst.ni               0.0747704
xdut.xpfd.rst_raw                    5.341e-08
xdut.xpfd.rd1                             3.63
xdut.xpfd.rd2                      5.34103e-08
xdut.xpfd.rd3                             3.63
xdut.xpfd.rd4                      5.34103e-08
xdut.xpfd.rd5                             3.63
xdut.xpfd.rd6                      5.34103e-08
xdut.xpfd.rd7                             3.63
xdut.xpfd.rd8                      5.34103e-08
xdut.xpfd.rd9                             3.63
xdut.xpfd.rd10                     5.34103e-08
xdut.xpfd.rd11                            3.63
xdut.xpfd.rd12                     5.34103e-08
xdut.xpfd.rd13                            3.63
xdut.xpfd.rd14                     5.34103e-08
xdut.xpfd.rd15                            3.63
xdut.xpfd.rd16                     5.34103e-08
xdut.xpfd.rd17                            3.63
xdut.xpfd.rd18                     5.34103e-08
xdut.xpfd.rd19                            3.63
xdut.xpfd.rd20                     5.34103e-08
xdut.xpfd.rd21                            3.63
xdut.xpfd.rd22                     5.34103e-08
xdut.xpfd.rd23                            3.63
xdut.xpfd.rst_dly                  5.34103e-08
xdut.xcp.b0b                              3.63
xdut.xcp.b1b                         5.341e-08
xdut.xcp.upb                              3.63
xdut.xcp.dnb                              3.63
xdut.xcp.xn_base.bg                   0.633148
xdut.xcp.xn_base.mid                  0.101035
xdut.xcp.dnt                           2.38618
xdut.xcp.xn_t0.bg                  4.30527e-08
xdut.xcp.xn_t0.mid                    0.538204
xdut.xcp.xn_t1a.bg                    0.633148
xdut.xcp.xn_t1a.mid                   0.101035
xdut.xcp.xn_t1b.bg                    0.633148
xdut.xcp.xn_t1b.mid                   0.101035
xdut.xcp.xp_base.bg                    2.87935
xdut.xcp.xp_base.mid                   3.52499
xdut.xcp.upt                           2.40445
xdut.xcp.xp_t0.bg                         3.63
xdut.xcp.xp_t0.mid                     2.23733
xdut.xcp.xp_t1a.bg                     2.87935
xdut.xcp.xp_t1a.mid                    3.52499
xdut.xcp.xp_t1b.bg                     2.87935
xdut.xcp.xp_t1b.mid                    3.52499
vout                                       2.4
xdut.xcp.vdump                         2.39623
xdut.xcp.xbuf.nsrc                     1.39357
xdut.xcp.xbuf.nda                      2.87384
xdut.xcp.xbuf.psrc                     3.09356
xdut.xcp.xbuf.pda                     0.584666
vctrl_src                                  2.4
vctrl#branch                      -2.26297e-11
vam#branch                        -2.02297e-11
vb1#branch                           -3.63e-12
vb0#branch                                   0
vfb#branch                                   0
vref#branch                                  0
vss#branch                         3.78806e-05
vdd#branch                        -5.38814e-05

 Reference value :  0.00000e+00
 Reference value :  9.85600e-10
 Reference value :  1.22560e-09
 Reference value :  1.60560e-09
 Reference value :  1.96560e-09
 Reference value :  2.56560e-09
 Reference value :  3.46560e-09
 Reference value :  4.46560e-09
 Reference value :  5.44560e-09
 Reference value :  6.62560e-09
 Reference value :  7.88560e-09
 Reference value :  9.12560e-09
 Reference value :  1.04056e-08
 Reference value :  1.14256e-08
 Reference value :  1.23256e-08
 Reference value :  1.37056e-08
 Reference value :  1.45456e-08
 Reference value :  1.58456e-08
 Reference value :  1.69856e-08
 Reference value :  1.80256e-08
 Reference value :  1.95056e-08
 Reference value :  2.04256e-08
 Reference value :  2.15656e-08
 Reference value :  2.23656e-08
 Reference value :  2.34056e-08
 Reference value :  2.44856e-08
 Reference value :  2.55856e-08
 Reference value :  2.65656e-08
 Reference value :  2.75256e-08
 Reference value :  2.88256e-08
 Reference value :  2.98256e-08
 Reference value :  3.05256e-08
 Reference value :  3.18456e-08
 Reference value :  3.31256e-08
 Reference value :  3.40056e-08
 Reference value :  3.51456e-08
 Reference value :  3.65656e-08
 Reference value :  3.78456e-08
 Reference value :  3.89456e-08
 Reference value :  3.97656e-08
 Reference value :  4.13834e-08
 Reference value :  4.30138e-08
 Reference value :  4.46924e-08
 Reference value :  4.77924e-08
 Reference value :  5.07724e-08
 Reference value :  5.37524e-08
 Reference value :  5.67524e-08
 Reference value :  5.97124e-08
 Reference value :  6.26724e-08
 Reference value :  6.56924e-08
 Reference value :  6.86124e-08
 Reference value :  7.17124e-08
 Reference value :  7.46524e-08
 Reference value :  7.76724e-08
 Reference value :  8.04951e-08
 Reference value :  8.25572e-08
 Reference value :  8.55772e-08
 Reference value :  8.86572e-08
 Reference value :  9.16172e-08
 Reference value :  9.44572e-08
 Reference value :  9.81572e-08
 Reference value :  1.01037e-07
 Reference value :  1.03797e-07
 Reference value :  1.06417e-07
 Reference value :  1.08757e-07
 Reference value :  1.10537e-07
 Reference value :  1.11497e-07
 Reference value :  1.13317e-07
 Reference value :  1.16317e-07
 Reference value :  1.18817e-07
 Reference value :  1.21961e-07
 Reference value :  1.24028e-07
 Reference value :  1.26632e-07
 Reference value :  1.30112e-07
 Reference value :  1.33192e-07
 Reference value :  1.36712e-07
 Reference value :  1.39732e-07
 Reference value :  1.42952e-07
 Reference value :  1.46252e-07
 Reference value :  1.49672e-07
 Reference value :  1.52752e-07
 Reference value :  1.56252e-07
 Reference value :  1.59532e-07
 Reference value :  1.61629e-07
 Reference value :  1.64677e-07
 Reference value :  1.67697e-07
 Reference value :  1.70877e-07
 Reference value :  1.74217e-07
 Reference value :  1.77317e-07
 Reference value :  1.80417e-07
 Reference value :  1.82917e-07
 Reference value :  1.85457e-07
 Reference value :  1.87977e-07
 Reference value :  1.89817e-07
 Reference value :  1.91617e-07
 Reference value :  1.92897e-07
 Reference value :  1.95017e-07
 Reference value :  1.97377e-07
 Reference value :  1.99377e-07
 Reference value :  2.01339e-07
 Reference value :  2.02915e-07
 Reference value :  2.04633e-07
 Reference value :  2.07752e-07
 Reference value :  2.10552e-07
 Reference value :  2.13472e-07
 Reference value :  2.16392e-07
 Reference value :  2.19232e-07
 Reference value :  2.22092e-07
 Reference value :  2.25172e-07
 Reference value :  2.27992e-07
 Reference value :  2.30832e-07
 Reference value :  2.33712e-07
 Reference value :  2.36692e-07
 Reference value :  2.39592e-07
 Reference value :  2.41697e-07
 Reference value :  2.44497e-07
 Reference value :  2.47257e-07
 Reference value :  2.50077e-07
 Reference value :  2.52977e-07
 Reference value :  2.55877e-07
 Reference value :  2.58637e-07
 Reference value :  2.61497e-07
 Reference value :  2.64217e-07
 Reference value :  2.66637e-07
 Reference value :  2.68897e-07
 Reference value :  2.70737e-07
 Reference value :  2.72597e-07
 Reference value :  2.74477e-07
 Reference value :  2.76797e-07
 Reference value :  2.78517e-07
No. of Data Rows : 14218

  Measurements for Transient Analysis

qnet2               =   7.02751e-15 from=  1.20000e-07 to=  2.80000e-07
qnet                =  3.51375e-15
width_up            =  2.72573e-09 targ=  2.03193e-07 trig=  2.00467e-07
width_dn            =  1.76239e-09 targ=  2.03180e-07 trig=  2.01418e-07

ngspice-46 done

Warning: m=xx on .subckt line will override multiplier m hierarchy!

Note: Starting dynamic gmin stepping
Warning: Dynamic gmin stepping failed
Note: Starting true gmin stepping
Note: True gmin stepping completed
