
Note: Compatibility modes selected: hs a


Circuit: * pfd-deadzone (operating point) @ typical_125c_3.63v_v0p90_d1n -- generated by sim/harness, do not edit

Doing analysis at TEMP = 125.000000 and TNOM = 27.000000

Using SPARSE 1.3 as Direct Linear Solver

Initial Transient Solution
--------------------------

Node                                   Voltage
----                                   -------
vdd                                       3.63
vss                                          0
ref                                          0
fb                                           0
b0                                           0
b1                                        3.63
ibn                                   0.633148
icn                                   0.757915
ibp                                    2.87935
icp                                    2.73601
xdut.xpfd.xed_ref.d1                      3.63
xdut.xpfd.xed_ref.d2               5.34103e-08
xdut.xpfd.xed_ref.d3                      3.63
xdut.xpfd.xed_ref.d4               5.34103e-08
xdut.xpfd.xed_ref.d5                      3.63
xdut.xpfd.xed_ref.nn                      3.63
xdut.xpfd.xed_ref.xnd.ni           2.16234e-07
xdut.xpfd.pr                       5.34104e-08
xdut.xpfd.xed_fb.d1                       3.63
xdut.xpfd.xed_fb.d2                5.34103e-08
xdut.xpfd.xed_fb.d3                       3.63
xdut.xpfd.xed_fb.d4                5.34103e-08
xdut.xpfd.xed_fb.d5                       3.63
xdut.xpfd.xed_fb.nn                       3.63
xdut.xpfd.xed_fb.xnd.ni            2.16234e-07
xdut.xpfd.pf                       5.34104e-08
xdut.xpfd.sbr                             3.63
xdut.xpfd.sbf                             3.63
up                                 1.13106e-07
xdut.xpfd.upb                             3.63
xdut.xpfd.xlat_ref.xn1.ni          5.65532e-08
xdut.xpfd.rb                              3.63
xdut.xpfd.xlat_ref.xn2.ni              3.09296
dn                                 1.13106e-07
xdut.xpfd.dnb                             3.63
xdut.xpfd.xlat_fb.xn1.ni           5.65532e-08
xdut.xpfd.xlat_fb.xn2.ni               3.09296
xdut.xpfd.nrst                            3.63
xdut.xpfd.xnand_rst.ni               0.0747704
xdut.xpfd.rst_raw                    5.341e-08
xdut.xpfd.rd1                             3.63
xdut.xpfd.rd2                      5.34103e-08
xdut.xpfd.rd3                             3.63
xdut.xpfd.rd4                      5.34103e-08
xdut.xpfd.rd5                             3.63
xdut.xpfd.rd6                      5.34103e-08
xdut.xpfd.rd7                             3.63
xdut.xpfd.rd8                      5.34103e-08
xdut.xpfd.rd9                             3.63
xdut.xpfd.rd10                     5.34103e-08
xdut.xpfd.rd11                            3.63
xdut.xpfd.rd12                     5.34103e-08
xdut.xpfd.rd13                            3.63
xdut.xpfd.rd14                     5.34103e-08
xdut.xpfd.rd15                            3.63
xdut.xpfd.rd16                     5.34103e-08
xdut.xpfd.rd17                            3.63
xdut.xpfd.rd18                     5.34103e-08
xdut.xpfd.rd19                            3.63
xdut.xpfd.rd20                     5.34103e-08
xdut.xpfd.rd21                            3.63
xdut.xpfd.rd22                     5.34103e-08
xdut.xpfd.rd23                            3.63
xdut.xpfd.rst_dly                  5.34103e-08
xdut.xcp.b0b                              3.63
xdut.xcp.b1b                         5.341e-08
xdut.xcp.upb                              3.63
xdut.xcp.dnb                              3.63
xdut.xcp.xn_base.bg                   0.633148
xdut.xcp.xn_base.mid                 0.0986377
xdut.xcp.dnt                          0.900532
xdut.xcp.xn_t0.bg                  4.30527e-08
xdut.xcp.xn_t0.mid                    0.535055
xdut.xcp.xn_t1a.bg                    0.633148
xdut.xcp.xn_t1a.mid                  0.0986377
xdut.xcp.xn_t1b.bg                    0.633148
xdut.xcp.xn_t1b.mid                  0.0986377
xdut.xcp.xp_base.bg                    2.87935
xdut.xcp.xp_base.mid                   3.52407
xdut.xcp.upt                           1.24619
xdut.xcp.xp_t0.bg                         3.63
xdut.xcp.xp_t0.mid                     2.23733
xdut.xcp.xp_t1a.bg                     2.87935
xdut.xcp.xp_t1a.mid                    3.52407
xdut.xcp.xp_t1b.bg                     2.87935
xdut.xcp.xp_t1b.mid                    3.52407
vout                                       0.9
xdut.xcp.vdump                        0.902825
xdut.xcp.xbuf.nsrc                    0.234526
xdut.xcp.xbuf.nda                      2.87955
xdut.xcp.xbuf.psrc                     1.59997
xdut.xcp.xbuf.pda                     0.588677
vctrl_src                                  0.9
vctrl#branch                       -1.5873e-12
vam#branch                        -6.87298e-13
vb1#branch                           -3.63e-12
vb0#branch                                   0
vfb#branch                                   0
vref#branch                                  0
vss#branch                         3.76645e-05
vdd#branch                        -5.36653e-05

 Reference value :  0.00000e+00
 Reference value :  9.05600e-10
 Reference value :  1.74810e-09
 Reference value :  2.38310e-09
 Reference value :  3.23810e-09
 Reference value :  4.33810e-09
 Reference value :  5.01810e-09
 Reference value :  5.81810e-09
 Reference value :  6.27560e-09
 Reference value :  7.43310e-09
 Reference value :  8.91060e-09
 Reference value :  9.75060e-09
 Reference value :  1.01681e-08
 Reference value :  1.11281e-08
 Reference value :  1.23281e-08
 Reference value :  1.35281e-08
 Reference value :  1.45656e-08
 Reference value :  1.52456e-08
 Reference value :  1.66056e-08
 Reference value :  1.72856e-08
 Reference value :  1.73831e-08
 Reference value :  1.89981e-08
 Reference value :  2.05781e-08
 Reference value :  2.13381e-08
 Reference value :  2.15406e-08
 Reference value :  2.20131e-08
 Reference value :  2.24131e-08
 Reference value :  2.29731e-08
 Reference value :  2.33531e-08
 Reference value :  2.47731e-08
 Reference value :  2.55731e-08
 Reference value :  2.62731e-08
 Reference value :  2.66481e-08
 Reference value :  2.73081e-08
 Reference value :  2.80281e-08
 Reference value :  2.89681e-08
 Reference value :  2.97281e-08
 Reference value :  3.07081e-08
 Reference value :  3.11456e-08
 Reference value :  3.20656e-08
 Reference value :  3.28256e-08
 Reference value :  3.40456e-08
 Reference value :  3.45056e-08
 Reference value :  3.49856e-08
 Reference value :  3.53231e-08
 Reference value :  3.58231e-08
 Reference value :  3.63606e-08
 Reference value :  3.66781e-08
 Reference value :  3.71556e-08
 Reference value :  3.82356e-08
 Reference value :  3.88756e-08
 Reference value :  3.94756e-08
 Reference value :  4.05805e-08
 Reference value :  4.24334e-08
 Reference value :  4.41196e-08
 Reference value :  4.65347e-08
 Reference value :  4.94547e-08
 Reference value :  5.23547e-08
 Reference value :  5.53347e-08
 Reference value :  5.82947e-08
 Reference value :  6.13347e-08
 Reference value :  6.42747e-08
 Reference value :  6.71747e-08
 Reference value :  7.02147e-08
 Reference value :  7.32347e-08
 Reference value :  7.65347e-08
 Reference value :  7.94947e-08
 Reference value :  8.17572e-08
 Reference value :  8.46972e-08
 Reference value :  8.74972e-08
 Reference value :  9.04372e-08
 Reference value :  9.35372e-08
 Reference value :  9.64972e-08
 Reference value :  9.94772e-08
 Reference value :  1.03217e-07
 Reference value :  1.06157e-07
 Reference value :  1.08877e-07
 Reference value :  1.10095e-07
 Reference value :  1.10795e-07
 Reference value :  1.11575e-07
 Reference value :  1.12155e-07
 Reference value :  1.12610e-07
 Reference value :  1.14110e-07
 Reference value :  1.15410e-07
 Reference value :  1.15767e-07
 Reference value :  1.16927e-07
 Reference value :  1.17525e-07
 Reference value :  1.17945e-07
 Reference value :  1.18747e-07
 Reference value :  1.19322e-07
 Reference value :  1.19600e-07
 Reference value :  1.21944e-07
 Reference value :  1.23759e-07
 Reference value :  1.25994e-07
 Reference value :  1.29674e-07
 Reference value :  1.32914e-07
 Reference value :  1.35934e-07
 Reference value :  1.39074e-07
 Reference value :  1.42134e-07
 Reference value :  1.45274e-07
 Reference value :  1.48554e-07
 Reference value :  1.51814e-07
 Reference value :  1.54994e-07
 Reference value :  1.57854e-07
 Reference value :  1.60511e-07
 Reference value :  1.62977e-07
 Reference value :  1.66177e-07
 Reference value :  1.69237e-07
 Reference value :  1.72257e-07
 Reference value :  1.75337e-07
 Reference value :  1.78157e-07
 Reference value :  1.81017e-07
 Reference value :  1.83857e-07
 Reference value :  1.86697e-07
 Reference value :  1.89417e-07
 Reference value :  1.91537e-07
 Reference value :  1.92877e-07
 Reference value :  1.95657e-07
 Reference value :  1.98757e-07
 Reference value :  2.01241e-07
 Reference value :  2.02818e-07
 Reference value :  2.04491e-07
 Reference value :  2.07134e-07
 Reference value :  2.09994e-07
 Reference value :  2.12894e-07
 Reference value :  2.15814e-07
 Reference value :  2.18674e-07
 Reference value :  2.21554e-07
 Reference value :  2.24454e-07
 Reference value :  2.27294e-07
 Reference value :  2.30414e-07
 Reference value :  2.33374e-07
 Reference value :  2.36274e-07
 Reference value :  2.39174e-07
 Reference value :  2.41543e-07
 Reference value :  2.44357e-07
 Reference value :  2.47397e-07
 Reference value :  2.50637e-07
 Reference value :  2.53797e-07
 Reference value :  2.56997e-07
 Reference value :  2.60097e-07
 Reference value :  2.63277e-07
 Reference value :  2.66477e-07
 Reference value :  2.68317e-07
 Reference value :  2.70617e-07
 Reference value :  2.72877e-07
 Reference value :  2.76077e-07
 Reference value :  2.79557e-07
No. of Data Rows : 14280

  Measurements for Transient Analysis

qnet2               =   -1.12909e-14 from=  1.20000e-07 to=  2.80000e-07
qnet                =  -5.64543e-15
width_up            =  2.77248e-09 targ=  2.03202e-07 trig=  2.00430e-07
width_dn            =  1.79541e-09 targ=  2.03222e-07 trig=  2.01426e-07

ngspice-46 done

Warning: m=xx on .subckt line will override multiplier m hierarchy!

Note: Starting dynamic gmin stepping
Warning: Dynamic gmin stepping failed
Note: Starting true gmin stepping
Note: True gmin stepping completed
