
Note: Compatibility modes selected: hs a


Circuit: * period-jitter @ ff_-40c_2.97v_vs1p812 -- generated by sim/harness, do not edit

Doing analysis at TEMP = -40.000000 and TNOM = 27.000000

Using SPARSE 1.3 as Direct Linear Solver

Initial Transient Solution
--------------------------

Node                                   Voltage
----                                   -------
vdd                                       2.97
vdd_vco                                   2.97
vdd_div                                   2.97
gnd_vco                                      0
vss                                          0
ref                                          0
b0                                           0
b1                                        2.97
b2                                        2.97
cpb0                                         0
cpb1                                         0
p0                                           0
p1                                        2.97
p2                                           0
p3                                           0
p4                                           0
p5                                           0
sel0                                         0
sel1                                      2.97
sel2                                         0
sel3                                         0
sel4                                         0
sel5                                         0
ibn                                   0.669269
icn                                   0.759349
ibp                                    2.17795
icp                                    2.08157
xdut.xpfd.xpfd.xed_ref.d1                 2.97
xdut.xpfd.xpfd.xed_ref.d2          7.62442e-09
xdut.xpfd.xpfd.xed_ref.d3                 2.97
xdut.xpfd.xpfd.xed_ref.d4          7.62442e-09
xdut.xpfd.xpfd.xed_ref.d5                 2.97
xdut.xpfd.xpfd.xed_ref.nn                 2.97
xdut.xpfd.xpfd.xed_ref.xnd.ni      1.05633e-11
xdut.xpfd.xpfd.pr                  7.62442e-09
xdut.xpfd.xpfd.xed_fb.d1               1.94037
fb                                     1.43577
xdut.xpfd.xpfd.xed_fb.d2             0.0751475
xdut.xpfd.xpfd.xed_fb.d3                  2.97
xdut.xpfd.xpfd.xed_fb.d4           7.62442e-09
xdut.xpfd.xpfd.xed_fb.d5                  2.97
xdut.xpfd.xpfd.xed_fb.nn              0.529603
xdut.xpfd.xpfd.xed_fb.xnd.ni          0.123142
xdut.xpfd.xpfd.pf                       2.9685
xdut.xpfd.xpfd.sbr                        2.97
xdut.xpfd.xpfd.sbf                  7.6256e-09
xdut.up                            1.58045e-08
xdut.xpfd.xpfd.upb                        2.97
xdut.xpfd.xpfd.xlat_ref.xn1.ni     7.90225e-09
xdut.xpfd.xpfd.rb                         2.97
xdut.xpfd.xpfd.xlat_ref.xn2.ni         2.37307
xdut.dn                                   2.97
xdut.xpfd.xpfd.dnb                 1.58045e-08
xdut.xpfd.xpfd.xlat_fb.xn1.ni       0.00149757
xdut.xpfd.xpfd.xlat_fb.xn2.ni      7.90225e-09
xdut.xpfd.xpfd.nrst                       2.97
xdut.xpfd.xpfd.xnand_rst.ni        1.05633e-11
xdut.xpfd.xpfd.rst_raw             7.62442e-09
xdut.xpfd.xpfd.rd1                        2.97
xdut.xpfd.xpfd.rd2                 7.62442e-09
xdut.xpfd.xpfd.rd3                        2.97
xdut.xpfd.xpfd.rd4                 7.62442e-09
xdut.xpfd.xpfd.rd5                        2.97
xdut.xpfd.xpfd.rd6                 7.62442e-09
xdut.xpfd.xpfd.rd7                        2.97
xdut.xpfd.xpfd.rd8                 7.62442e-09
xdut.xpfd.xpfd.rd9                        2.97
xdut.xpfd.xpfd.rd10                7.62442e-09
xdut.xpfd.xpfd.rd11                       2.97
xdut.xpfd.xpfd.rd12                7.62442e-09
xdut.xpfd.xpfd.rd13                       2.97
xdut.xpfd.xpfd.rd14                7.62442e-09
xdut.xpfd.xpfd.rd15                       2.97
xdut.xpfd.xpfd.rd16                7.62442e-09
xdut.xpfd.xpfd.rd17                       2.97
xdut.xpfd.xpfd.rd18                7.62442e-09
xdut.xpfd.xpfd.rd19                       2.97
xdut.xpfd.xpfd.rd20                7.62442e-09
xdut.xpfd.xpfd.rd21                       2.97
xdut.xpfd.xpfd.rd22                7.62442e-09
xdut.xpfd.xpfd.rd23                       2.97
xdut.xpfd.xpfd.rst_dly             7.62442e-09
xdut.xpfd.xcp.b0b                         2.97
xdut.xpfd.xcp.b1b                         2.97
xdut.xpfd.xcp.upb                         2.97
xdut.xpfd.xcp.dnb                  7.62442e-09
xdut.xpfd.xcp.xn_base.bg              0.669269
xdut.xpfd.xcp.xn_base.mid            0.0730399
xdut.xpfd.xcp.dnt                      1.81049
xdut.xpfd.xcp.xn_t0.bg             1.21221e-12
xdut.xpfd.xcp.xn_t0.mid                0.38388
xdut.xpfd.xcp.xn_t1a.bg            1.21221e-12
xdut.xpfd.xcp.xn_t1a.mid              0.383879
xdut.xpfd.xcp.xn_t1b.bg            1.21221e-12
xdut.xpfd.xcp.xn_t1b.mid              0.383879
xdut.xpfd.xcp.xp_base.bg               2.17795
xdut.xpfd.xcp.xp_base.mid              2.89703
xdut.xpfd.xcp.upt                      1.82196
xdut.xpfd.xcp.xp_t0.bg                    2.97
xdut.xpfd.xcp.xp_t0.mid                1.18968
xdut.xpfd.xcp.xp_t1a.bg                   2.97
xdut.xpfd.xcp.xp_t1a.mid               1.18968
xdut.xpfd.xcp.xp_t1b.bg                   2.97
xdut.xpfd.xcp.xp_t1b.mid               1.18968
vctrl                                    1.812
xdut.xpfd.xcp.vdump                    1.81971
xdut.xpfd.xcp.xbuf.nsrc               0.908279
xdut.xpfd.xcp.xbuf.nda                 2.18146
xdut.xpfd.xcp.xbuf.psrc                2.57212
xdut.xpfd.xcp.xbuf.pda                0.640027
xdut.xlf.nr1                             1.812
xdut.xlf.xrf1.11                         1.812
xdut.xlf.xrf1.21                         1.812
xdut.xlf.nr2                             1.812
xdut.xlf.xrf2.11                         1.812
xdut.xlf.xrf2.21                         1.812
xdut.xlf.nr3                             1.812
xdut.xlf.xrf3.11                         1.812
xdut.xlf.xrf3.21                         1.812
xdut.xlf.nz                              1.812
xdut.xlf.xrf4.11                         1.812
xdut.xlf.xrf4.21                         1.812
xdut.xlf.xcf1.c_moscap_int1             -1.812
xdut.xlf.xcf2.c_moscap_int1             -1.812
xdut.xlf.xcf3.c_moscap_int1             -1.812
xdut.xlf.xcf4.c_moscap_int1             -1.812
xdut.xvco.xbias.na                    0.817073
xdut.xvco.xbias.vbpc                   2.11489
xdut.xvco.xbias.nc                   0.0918252
xdut.xvco.xbias.xrcg.11              0.0916254
xdut.xvco.xbias.xrcg.21            0.000199763
xdut.xvco.xbias.nsu                  0.0151044
xdut.xvco.xbias.vfix                   1.58243
xdut.xvco.xbias.nmd                   0.685137
xdut.xvco.xbias.vbp0                   2.16211
xdut.xvco.xbias.noff                  0.691686
xdut.xvco.xbias.xroff.11              0.691423
xdut.xvco.xbias.xroff.21           0.000263314
xdut.xvco.xbias.nvi                   0.863474
xdut.xvco.xbias.xrdeg.11              0.863145
xdut.xvco.xbias.xrdeg.21            0.00032871
xdut.xvco.xbias.b0b                       2.97
xdut.xvco.xbias.b1b                3.80466e-09
xdut.xvco.xbias.b2b                3.80466e-09
xdut.xvco.xbias.vbn1                  0.679081
xdut.xvco.xbias.ga                        2.97
xdut.xvco.xbias.vbp2                   2.11706
xdut.xvco.xbias.gb                    0.679081
xdut.xvco.vbn                         0.860973
xdut.xvco.xbias.gc                     2.11706
xdut.xvco.vbp                          1.95913
xdut.xvco.xs1.nh                       1.28063
xdut.xvco.y1                                 0
xdut.xvco.y5                                 0
xdut.xvco.xs1.nt                             0
xdut.xvco.xs2.nh                          2.97
xdut.xvco.y2                              2.97
xdut.xvco.xs2.nt                   1.56226e-10
xdut.xvco.xs3.nh                          2.97
xdut.xvco.y3                                 0
xdut.xvco.xs3.nt                             0
xdut.xvco.xs4.nh                          2.97
xdut.xvco.y4                              2.97
xdut.xvco.xs4.nt                   1.56226e-10
xdut.xvco.xs5.nh                          2.97
xdut.xvco.xs5.nt                             0
xdut.xvco.nb1                             2.97
xdut.xvco.nb2                      2.58531e-09
clk                                       2.97
xdut.xvco.xcdec1.c_moscap_int1           -2.97
xdut.xvco.xcdec2.c_moscap_int1           -2.97
xdut.xdiv.xd0.sb                          2.97
xdut.xdiv.mi0                      3.82377e-09
xdut.xdiv.mo0                          1.43577
xdut.xdiv.xd0.xn3.nm1                0.0111824
xdut.xdiv.xd0.xn3.nm2              5.77734e-13
xdut.xdiv.xd0.dqn                     0.402422
xdut.xdiv.xd0.qb                       1.43576
xdut.xdiv.xd0.xn2q.nmid               0.111263
xdut.xdiv.xd0.dq                       2.96993
xdut.xdiv.xd0.xfq.ckb              3.82377e-09
xdut.xdiv.xd0.xfq.ckbb                    2.97
xdut.xdiv.xd0.xfq.nm                   1.43577
xdut.xdiv.xd0.xfq.nma                  1.43577
xdut.xdiv.xd0.xfq.nmb                  1.43577
xdut.xdiv.xd0.xfq.ns                   1.43577
xdut.xdiv.xd0.q                        1.43577
xdut.xdiv.ck1                          1.42703
xdut.xdiv.xd0.nmo                         2.97
xdut.xdiv.xd0.xn2m.nmid            5.88718e-11
xdut.xdiv.xd0.dmo                  7.65255e-09
xdut.xdiv.xd0.xfmo.ckb             3.82377e-09
xdut.xdiv.xd0.xfmo.ckbb                   2.97
xdut.xdiv.xd0.xfmo.nm                  1.43577
xdut.xdiv.xd0.xfmo.nma                 1.43577
xdut.xdiv.xd0.xfmo.nmb                 1.43577
xdut.xdiv.xd0.xfmo.ns                  1.43577
xdut.xdiv.xd0.mob                      1.43576
xdut.xdiv.xd1.sb                          2.97
xdut.xdiv.mi1                             2.97
xdut.xdiv.mo1                       4.2741e-09
xdut.xdiv.xd1.xn3.nm1                    2.435
xdut.xdiv.xd1.xn3.nm2                    2.411
xdut.xdiv.xd1.dqn                         2.97
xdut.xdiv.xd1.qb                      0.109209
xdut.xdiv.xd1.xn2q.nmid            1.88462e-09
xdut.xdiv.xd1.dq                   1.50194e-08
xdut.xdiv.xd1.xfq.ckb                     1.59
xdut.xdiv.xd1.xfq.ckbb                0.331537
xdut.xdiv.xd1.xfq.nm               2.63997e-08
xdut.xdiv.xd1.xfq.nma                  2.84635
xdut.xdiv.xd1.xfq.nmb              7.68582e-09
xdut.xdiv.xd1.xfq.ns                  0.330827
xdut.xdiv.xd1.q                        2.96999
xdut.xdiv.ck2                             2.97
xdut.xdiv.xd1.nmo                  7.62828e-09
xdut.xdiv.xd1.xn2m.nmid            3.81414e-09
xdut.xdiv.xd1.dmo                         2.97
xdut.xdiv.xd1.xfmo.ckb                    1.59
xdut.xdiv.xd1.xfmo.ckbb               0.331537
xdut.xdiv.xd1.xfmo.nm                     2.97
xdut.xdiv.xd1.xfmo.nma               0.0810937
xdut.xdiv.xd1.xfmo.nmb                    2.97
xdut.xdiv.xd1.xfmo.ns                  2.77249
xdut.xdiv.xd1.mob                      2.87787
xdut.xdiv.xd2.sb                          2.97
xdut.xdiv.mi2                             2.97
xdut.xdiv.mo2                      3.82377e-09
xdut.xdiv.xd2.xn3.nm1                  2.44971
xdut.xdiv.xd2.xn3.nm2               0.00743624
xdut.xdiv.xd2.dqn                  7.62828e-09
xdut.xdiv.xd2.qb                          2.97
xdut.xdiv.xd2.xn2q.nmid            3.81414e-09
xdut.xdiv.xd2.dq                          2.97
xdut.xdiv.xd2.xfq.ckb              3.82377e-09
xdut.xdiv.xd2.xfq.ckbb                    2.97
xdut.xdiv.xd2.xfq.nm               2.27295e-08
xdut.xdiv.xd2.xfq.nma                     2.97
xdut.xdiv.xd2.xfq.nmb              1.51426e-08
xdut.xdiv.xd2.xfq.ns                      2.97
xdut.xdiv.xd2.q                    3.82377e-09
xdut.xdiv.ck3                      1.95473e-09
xdut.xdiv.xd2.nmo                         2.97
xdut.xdiv.xd2.xn2m.nmid                2.43934
xdut.xdiv.xd2.dmo                  7.64718e-09
xdut.xdiv.xd2.xfmo.ckb             3.82377e-09
xdut.xdiv.xd2.xfmo.ckbb                   2.97
xdut.xdiv.xd2.xfmo.nm              2.26663e-08
xdut.xdiv.xd2.xfmo.nma                    2.97
xdut.xdiv.xd2.xfmo.nmb              1.5111e-08
xdut.xdiv.xd2.xfmo.ns                     2.97
xdut.xdiv.xd2.mob                         2.97
xdut.xdiv.xd3.sb                          2.97
xdut.xdiv.mi3                      3.82377e-09
xdut.xdiv.mo3                             2.97
xdut.xdiv.xd3.xn3.nm1                0.0111824
xdut.xdiv.xd3.xn3.nm2              3.52726e-13
xdut.xdiv.xd3.dqn                         2.97
xdut.xdiv.xd3.qb                   1.51426e-08
xdut.xdiv.xd3.xn2q.nmid            3.55193e-11
xdut.xdiv.xd3.dq                    1.5111e-08
xdut.xdiv.xd3.xfq.ckb                     2.97
xdut.xdiv.xd3.xfq.ckbb             3.82377e-09
xdut.xdiv.xd3.xfq.nm               2.26663e-08
xdut.xdiv.xd3.xfq.nma                     2.97
xdut.xdiv.xd3.xfq.nmb              7.64718e-09
xdut.xdiv.xd3.xfq.ns               2.27295e-08
xdut.xdiv.xd3.q                           2.97
xdut.xdiv.ck4                             2.97
xdut.xdiv.xd3.nmo                         2.97
xdut.xdiv.xd3.xn2m.nmid            3.55193e-11
xdut.xdiv.xd3.dmo                   1.5111e-08
xdut.xdiv.xd3.xfmo.ckb                    2.97
xdut.xdiv.xd3.xfmo.ckbb            3.82377e-09
xdut.xdiv.xd3.xfmo.nm              2.26663e-08
xdut.xdiv.xd3.xfmo.nma                    2.97
xdut.xdiv.xd3.xfmo.nmb             7.64718e-09
xdut.xdiv.xd3.xfmo.ns              2.27295e-08
xdut.xdiv.xd3.mob                  1.51426e-08
xdut.xdiv.xd4.sb                          2.97
xdut.xdiv.mi4                             2.97
xdut.xdiv.mo4                      3.82377e-09
xdut.xdiv.xd4.xn3.nm1                  2.44971
xdut.xdiv.xd4.xn3.nm2               0.00743625
xdut.xdiv.xd4.dqn                  7.62828e-09
xdut.xdiv.xd4.qb                          2.97
xdut.xdiv.xd4.xn2q.nmid            3.81414e-09
xdut.xdiv.xd4.dq                          2.97
xdut.xdiv.xd4.xfq.ckb              3.82377e-09
xdut.xdiv.xd4.xfq.ckbb                    2.97
xdut.xdiv.xd4.xfq.nm               2.27295e-08
xdut.xdiv.xd4.xfq.nma                     2.97
xdut.xdiv.xd4.xfq.nmb              1.51426e-08
xdut.xdiv.xd4.xfq.ns                      2.97
xdut.xdiv.xd4.q                    3.82377e-09
xdut.xdiv.ck5                      1.95473e-09
xdut.xdiv.xd4.nmo                         2.97
xdut.xdiv.xd4.xn2m.nmid                2.43934
xdut.xdiv.xd4.dmo                  7.64718e-09
xdut.xdiv.xd4.xfmo.ckb             3.82377e-09
xdut.xdiv.xd4.xfmo.ckbb                   2.97
xdut.xdiv.xd4.xfmo.nm              2.26663e-08
xdut.xdiv.xd4.xfmo.nma                    2.97
xdut.xdiv.xd4.xfmo.nmb              1.5111e-08
xdut.xdiv.xd4.xfmo.ns                     2.97
xdut.xdiv.xd4.mob                         2.97
xdut.xdiv.xd5.sb                          2.97
xdut.xdiv.mo5                             2.97
xdut.xdiv.xd5.xn3.nm1                0.0111824
xdut.xdiv.xd5.xn3.nm2              3.52726e-13
xdut.xdiv.xd5.dqn                         2.97
xdut.xdiv.xd5.qb                   1.51426e-08
xdut.xdiv.xd5.xn2q.nmid            3.55193e-11
xdut.xdiv.xd5.dq                    1.5111e-08
xdut.xdiv.xd5.xfq.ckb                     2.97
xdut.xdiv.xd5.xfq.ckbb             3.82377e-09
xdut.xdiv.xd5.xfq.nm               2.26663e-08
xdut.xdiv.xd5.xfq.nma                     2.97
xdut.xdiv.xd5.xfq.nmb              7.64718e-09
xdut.xdiv.xd5.xfq.ns               2.27295e-08
xdut.xdiv.xd5.q                           2.97
xdut.xdiv.ck6                             2.97
xdut.xdiv.xd5.nmo                         2.97
xdut.xdiv.xd5.xn2m.nmid            3.55193e-11
xdut.xdiv.xd5.dmo                   1.5111e-08
xdut.xdiv.xd5.xfmo.ckb                    2.97
xdut.xdiv.xd5.xfmo.ckbb            3.82377e-09
xdut.xdiv.xd5.xfmo.nm              2.26663e-08
xdut.xdiv.xd5.xfmo.nma                    2.97
xdut.xdiv.xd5.xfmo.nmb             7.64718e-09
xdut.xdiv.xd5.xfmo.ns              2.27295e-08
xdut.xdiv.xd5.mob                  1.51426e-08
xdut.xdiv.xnr0.pmid                       2.97
xdut.xdiv.nmi0                            2.97
xdut.xdiv.xnr1.pmid                       2.97
xdut.xdiv.nmi1                     3.91934e-09
xdut.xdiv.xnr2.pmid                   0.725149
xdut.xdiv.nmi2                     6.65103e-09
xdut.xdiv.xnr3.pmid                       2.97
xdut.xdiv.nmi3                            2.97
xdut.xdiv.xnr4.pmid                   0.725151
xdut.xdiv.nmi4                     6.65124e-09
xdut.xdiv.t0                              2.97
xdut.xdiv.xm0.nmid                     1.09373
xdut.xdiv.t1                       7.62828e-09
xdut.xdiv.xm1.nmid                 3.81414e-09
xdut.xdiv.t2                              2.97
xdut.xdiv.xm2.nmid                  0.00781399
xdut.xdiv.t3                              2.97
xdut.xdiv.xm3.nmid                     2.43934
xdut.xdiv.t4                              2.97
xdut.xdiv.xm4.nmid                  0.00781399
xdut.xdiv.t5                              2.97
xdut.xdiv.xm5.nmid                     2.43934
xdut.xdiv.ma                              2.97
xdut.xdiv.xma.nm1                      2.44968
xdut.xdiv.xma.nm2                  2.22399e-11
xdut.xdiv.mb                        1.1395e-08
xdut.xdiv.xmb.nm1                   7.5967e-09
xdut.xdiv.xmb.nm2                  3.79835e-09
xdut.xdiv.xmno.pmid                   0.725147
xdut.xdiv.divoutb                  6.65077e-09
divout                                    2.97
xdut.xdiv.xfrt.ckb                 3.82377e-09
xdut.xdiv.xfrt.ckbb                       2.97
xdut.xdiv.xfrt.nm                      1.43577
xdut.xdiv.xfrt.nma                     1.43577
xdut.xdiv.xfrt.nmb                     1.43577
xdut.xdiv.xfrt.ns                      1.43577
xdut.xdiv.fbb                          1.43576
xdut.xld.xerr.n1                          2.97
xdut.xld.xerr.xg1.nmid             3.55193e-11
xdut.xld.xerr.n2                          2.97
xdut.xld.xerr.xg2.nmid             3.55193e-11
xdut.xld.xerr.n3                   7.62828e-09
xdut.xld.xerr.xg3.nmid             3.81414e-09
xdut.xld.err                              2.97
xdut.xld.xerr.xg4.nmid                 2.43934
xdut.xld.xdly.d1                   3.82377e-09
xdut.xld.xdly.d2                          2.97
xdut.xld.xdly.d3                   3.82377e-09
xdut.xld.errd                             2.97
xdut.xld.wideb                     7.62828e-09
xdut.xld.xnw.nmid                  3.81414e-09
xdut.xld.wide                             2.97
xdut.vwin                           0.00101895
xdut.xld.xsch.p1                          2.97
xdut.xld.lockb                            2.97
xdut.xld.xsch.n1                       2.41396
lock                               3.82377e-09
e.xdut.xvco.xcdec2.ec_moscap#branch        2.97e-12
e.xdut.xvco.xcdec1.ec_moscap#branch        2.97e-12
e.xdut.xlf.xcf4.ec_moscap#branch       1.812e-12
e.xdut.xlf.xcf3.ec_moscap#branch       1.812e-12
e.xdut.xlf.xcf2.ec_moscap#branch       1.812e-12
e.xdut.xlf.xcf1.ec_moscap#branch       1.812e-12
vs5#branch                                   0
vs4#branch                                   0
vs3#branch                                   0
vs2#branch                                   0
vs1#branch                           -2.97e-12
vs0#branch                                   0
vp5#branch                                   0
vp4#branch                                   0
vp3#branch                                   0
vp2#branch                                   0
vp1#branch                           -2.97e-12
vp0#branch                                   0
vcpb1#branch                                 0
vcpb0#branch                                 0
vb2#branch                           -2.97e-12
vb1#branch                           -2.97e-12
vb0#branch                                   0
vref#branch                                  0
vvss#branch                         0.00327015
vgndvco#branch                     0.000123001
vvdddiv#branch                     -0.00304531
vvddvco#branch                     -0.00016734
vvdd#branch                       -0.000239172

 Reference value :  3.50000e-06
 Reference value :  3.50139e-06
 Reference value :  3.50246e-06
 Reference value :  3.50335e-06
 Reference value :  3.50436e-06
 Reference value :  3.50526e-06
 Reference value :  3.50775e-06
 Reference value :  3.50922e-06
 Reference value :  3.51123e-06
 Reference value :  3.51320e-06
 Reference value :  3.51562e-06
 Reference value :  3.51816e-06
 Reference value :  3.52020e-06
 Reference value :  3.52215e-06
 Reference value :  3.52295e-06
 Reference value :  3.52553e-06
 Reference value :  3.52881e-06
 Reference value :  3.53086e-06
 Reference value :  3.53316e-06
 Reference value :  3.53582e-06
 Reference value :  3.53664e-06
 Reference value :  3.53880e-06
 Reference value :  3.54051e-06
 Reference value :  3.54213e-06
 Reference value :  3.54291e-06
 Reference value :  3.54386e-06
 Reference value :  3.54470e-06
 Reference value :  3.54560e-06
 Reference value :  3.54879e-06
 Reference value :  3.54959e-06
 Reference value :  3.55206e-06
 Reference value :  3.55499e-06
 Reference value :  3.55622e-06
 Reference value :  3.55881e-06
 Reference value :  3.56065e-06
 Reference value :  3.56252e-06
 Reference value :  3.56449e-06
 Reference value :  3.56674e-06
 Reference value :  3.56914e-06
 Reference value :  3.57203e-06
 Reference value :  3.57506e-06
 Reference value :  3.57630e-06
 Reference value :  3.57730e-06
 Reference value :  3.57954e-06
 Reference value :  3.58103e-06
 Reference value :  3.58234e-06
 Reference value :  3.58329e-06
 Reference value :  3.58438e-06
 Reference value :  3.58525e-06
 Reference value :  3.58757e-06
 Reference value :  3.58920e-06
 Reference value :  3.59089e-06
 Reference value :  3.59295e-06
 Reference value :  3.59560e-06
 Reference value :  3.59809e-06
 Reference value :  3.60011e-06
 Reference value :  3.60215e-06
 Reference value :  3.60295e-06
 Reference value :  3.60541e-06
 Reference value :  3.60847e-06
 Reference value :  3.60966e-06
 Reference value :  3.61221e-06
 Reference value :  3.61545e-06
 Reference value :  3.61629e-06
 Reference value :  3.61861e-06
 Reference value :  3.62033e-06
 Reference value :  3.62198e-06
 Reference value :  3.62280e-06
 Reference value :  3.62360e-06
 Reference value :  3.62455e-06
 Reference value :  3.62541e-06
 Reference value :  3.62854e-06
 Reference value :  3.62937e-06
 Reference value :  3.63164e-06
 Reference value :  3.63382e-06
 Reference value :  3.63576e-06
 Reference value :  3.63831e-06
 Reference value :  3.64040e-06
 Reference value :  3.64224e-06
 Reference value :  3.64381e-06
 Reference value :  3.64626e-06
 Reference value :  3.64888e-06
 Reference value :  3.65073e-06
 Reference value :  3.65284e-06
 Reference value :  3.65558e-06
 Reference value :  3.65650e-06
 Reference value :  3.65744e-06
 Reference value :  3.65918e-06
 Reference value :  3.66073e-06
 Reference value :  3.66227e-06
 Reference value :  3.66312e-06
 Reference value :  3.66410e-06
 Reference value :  3.66501e-06
 Reference value :  3.66673e-06
 Reference value :  3.66898e-06
 Reference value :  3.67005e-06
 Reference value :  3.67234e-06
 Reference value :  3.67549e-06
 Reference value :  3.67716e-06
 Reference value :  3.67931e-06
 Reference value :  3.68168e-06
 Reference value :  3.68287e-06
 Reference value :  3.68539e-06
 Reference value :  3.68854e-06
 Reference value :  3.68945e-06
 Reference value :  3.69210e-06
 Reference value :  3.69516e-06
 Reference value :  3.69614e-06
 Reference value :  3.69790e-06
 Reference value :  3.70007e-06
 Reference value :  3.70148e-06
 Reference value :  3.70269e-06
 Reference value :  3.70342e-06
 Reference value :  3.70433e-06
 Reference value :  3.70527e-06
 Reference value :  3.70822e-06
 Reference value :  3.70939e-06
 Reference value :  3.71181e-06
 Reference value :  3.71413e-06
 Reference value :  3.71605e-06
 Reference value :  3.71877e-06
 Reference value :  3.72060e-06
 Reference value :  3.72255e-06
 Reference value :  3.72472e-06
 Reference value :  3.72690e-06
 Reference value :  3.72909e-06
 Reference value :  3.73187e-06
 Reference value :  3.73407e-06
 Reference value :  3.73582e-06
 Reference value :  3.73679e-06
 Reference value :  3.73882e-06
 Reference value :  3.74046e-06
 Reference value :  3.74207e-06
 Reference value :  3.74287e-06
 Reference value :  3.74369e-06
 Reference value :  3.74458e-06
 Reference value :  3.74534e-06
 Reference value :  3.74820e-06
 Reference value :  3.74935e-06
 Reference value :  3.75174e-06
 Reference value :  3.75394e-06
 Reference value :  3.75590e-06
 Reference value :  3.75863e-06
 Reference value :  3.76056e-06
 Reference value :  3.76249e-06
 Reference value :  3.76438e-06
 Reference value :  3.76670e-06
 Reference value :  3.76899e-06
 Reference value :  3.77120e-06
 Reference value :  3.77328e-06
 Reference value :  3.77567e-06
 Reference value :  3.77646e-06
 Reference value :  3.77872e-06
 Reference value :  3.78057e-06
 Reference value :  3.78210e-06
 Reference value :  3.78299e-06
 Reference value :  3.78394e-06
 Reference value :  3.78496e-06
 Reference value :  3.78671e-06
 Reference value :  3.78902e-06
 Reference value :  3.79111e-06
 Reference value :  3.79441e-06
 Reference value :  3.79627e-06
 Reference value :  3.79880e-06
 Reference value :  3.80078e-06
 Reference value :  3.80262e-06
 Reference value :  3.80496e-06
 Reference value :  3.80731e-06
 Reference value :  3.80923e-06
 Reference value :  3.81201e-06
 Reference value :  3.81488e-06
 Reference value :  3.81602e-06
 Reference value :  3.81685e-06
 Reference value :  3.81865e-06
 Reference value :  3.82033e-06
 Reference value :  3.82197e-06
 Reference value :  3.82271e-06
 Reference value :  3.82355e-06
 Reference value :  3.82447e-06
 Reference value :  3.82526e-06
 Reference value :  3.82790e-06
 Reference value :  3.82925e-06
 Reference value :  3.83132e-06
 Reference value :  3.83354e-06
 Reference value :  3.83573e-06
 Reference value :  3.83853e-06
 Reference value :  3.84041e-06
 Reference value :  3.84233e-06
 Reference value :  3.84387e-06
 Reference value :  3.84607e-06
 Reference value :  3.84878e-06
 Reference value :  3.85077e-06
 Reference value :  3.85279e-06
 Reference value :  3.85545e-06
 Reference value :  3.85627e-06
 Reference value :  3.85833e-06
 Reference value :  3.86013e-06
 Reference value :  3.86157e-06
 Reference value :  3.86247e-06
 Reference value :  3.86328e-06
 Reference value :  3.86417e-06
 Reference value :  3.86511e-06
 Reference value :  3.86779e-06
 Reference value :  3.86916e-06
 Reference value :  3.87089e-06
 Reference value :  3.87315e-06
 Reference value :  3.87557e-06
 Reference value :  3.87831e-06
 Reference value :  3.88020e-06
 Reference value :  3.88210e-06
 Reference value :  3.88323e-06
 Reference value :  3.88563e-06
 Reference value :  3.88879e-06
 Reference value :  3.89098e-06
 Reference value :  3.89306e-06
 Reference value :  3.89573e-06
 Reference value :  3.89659e-06
 Reference value :  3.89852e-06
 Reference value :  3.90026e-06
 Reference value :  3.90170e-06
 Reference value :  3.90264e-06
 Reference value :  3.90359e-06
 Reference value :  3.90463e-06
 Reference value :  3.90548e-06
 Reference value :  3.90866e-06
 Reference value :  3.90940e-06
 Reference value :  3.91188e-06
 Reference value :  3.91450e-06
 Reference value :  3.91588e-06
 Reference value :  3.91862e-06
 Reference value :  3.92051e-06
 Reference value :  3.92235e-06
 Reference value :  3.92394e-06
 Reference value :  3.92640e-06
 Reference value :  3.92900e-06
 Reference value :  3.93170e-06
 Reference value :  3.93395e-06
 Reference value :  3.93595e-06
 Reference value :  3.93742e-06
 Reference value :  3.94020e-06
 Reference value :  3.94176e-06
 Reference value :  3.94270e-06
 Reference value :  3.94347e-06
 Reference value :  3.94451e-06
 Reference value :  3.94557e-06
 Reference value :  3.94872e-06
 Reference value :  3.94960e-06
 Reference value :  3.95201e-06
 Reference value :  3.95521e-06
 Reference value :  3.95637e-06
 Reference value :  3.95880e-06
 Reference value :  3.96088e-06
 Reference value :  3.96254e-06
 Reference value :  3.96480e-06
 Reference value :  3.96726e-06
 Reference value :  3.96909e-06
 Reference value :  3.97192e-06
 Reference value :  3.97477e-06
 Reference value :  3.97616e-06
 Reference value :  3.97709e-06
 Reference value :  3.97861e-06
 Reference value :  3.98033e-06
 Reference value :  3.98196e-06
 Reference value :  3.98279e-06
 Reference value :  3.98361e-06
 Reference value :  3.98454e-06
 Reference value :  3.98539e-06
 Reference value :  3.98856e-06
 Reference value :  3.98935e-06
 Reference value :  3.99179e-06
 Reference value :  3.99410e-06
 Reference value :  3.99575e-06
 Reference value :  3.99851e-06
 Reference value :  4.00042e-06
 Reference value :  4.00217e-06
 Reference value :  4.00339e-06
 Reference value :  4.00576e-06
 Reference value :  4.00873e-06
 Reference value :  4.01057e-06
 Reference value :  4.01317e-06
 Reference value :  4.01566e-06
 Reference value :  4.01643e-06
 Reference value :  4.01863e-06
 Reference value :  4.02033e-06
 Reference value :  4.02189e-06
 Reference value :  4.02275e-06
 Reference value :  4.02356e-06
 Reference value :  4.02452e-06
 Reference value :  4.02537e-06
 Reference value :  4.02854e-06
 Reference value :  4.02940e-06
 Reference value :  4.03189e-06
 Reference value :  4.03451e-06
 Reference value :  4.03604e-06
 Reference value :  4.03875e-06
 Reference value :  4.04071e-06
 Reference value :  4.04244e-06
 Reference value :  4.04430e-06
 Reference value :  4.04654e-06
 Reference value :  4.04892e-06
 Reference value :  4.05116e-06
 Reference value :  4.05313e-06
 Reference value :  4.05570e-06
 Reference value :  4.05662e-06
 Reference value :  4.05870e-06
 Reference value :  4.06046e-06
 Reference value :  4.06205e-06
 Reference value :  4.06288e-06
 Reference value :  4.06371e-06
 Reference value :  4.06464e-06
 Reference value :  4.06552e-06
 Reference value :  4.06871e-06
 Reference value :  4.06960e-06
 Reference value :  4.07203e-06
 Reference value :  4.07522e-06
 Reference value :  4.07695e-06
 Reference value :  4.08011e-06
 Reference value :  4.08218e-06
 Reference value :  4.08330e-06
 Reference value :  4.08583e-06
 Reference value :  4.08881e-06
 Reference value :  4.09087e-06
 Reference value :  4.09282e-06
 Reference value :  4.09558e-06
 Reference value :  4.09635e-06
 Reference value :  4.09874e-06
 Reference value :  4.10051e-06
 Reference value :  4.10205e-06
 Reference value :  4.10290e-06
 Reference value :  4.10375e-06
 Reference value :  4.10476e-06
 Reference value :  4.10584e-06
 Reference value :  4.10876e-06
 Reference value :  4.10962e-06
 Reference value :  4.11212e-06
 Reference value :  4.11534e-06
 Reference value :  4.11692e-06
 Reference value :  4.11919e-06
 Reference value :  4.12148e-06
 Reference value :  4.12340e-06
 Reference value :  4.12685e-06
 Reference value :  4.13005e-06
 Reference value :  4.13469e-06
 Reference value :  4.13643e-06
 Reference value :  4.13877e-06
 Reference value :  4.14176e-06
 Reference value :  4.14317e-06
 Reference value :  4.14480e-06
 Reference value :  4.14862e-06
 Reference value :  4.15126e-06
 Reference value :  4.15544e-06
 Reference value :  4.15782e-06
 Reference value :  4.15983e-06
 Reference value :  4.16205e-06
 Reference value :  4.16330e-06
 Reference value :  4.16556e-06
 Reference value :  4.16868e-06
 Reference value :  4.17026e-06
 Reference value :  4.17215e-06
 Reference value :  4.17542e-06
 Reference value :  4.17633e-06
 Reference value :  4.17845e-06
 Reference value :  4.18026e-06
 Reference value :  4.18176e-06
 Reference value :  4.18265e-06
 Reference value :  4.18347e-06
 Reference value :  4.18445e-06
 Reference value :  4.18523e-06
 Reference value :  4.18794e-06
 Reference value :  4.18928e-06
 Reference value :  4.19176e-06
 Reference value :  4.19411e-06
 Reference value :  4.19577e-06
 Reference value :  4.19848e-06
 Reference value :  4.20045e-06
 Reference value :  4.20220e-06
 Reference value :  4.20338e-06
 Reference value :  4.20574e-06
 Reference value :  4.20874e-06
 Reference value :  4.21084e-06
 Reference value :  4.21312e-06
 Reference value :  4.21567e-06
 Reference value :  4.21650e-06
 Reference value :  4.21837e-06
 Reference value :  4.22020e-06
 Reference value :  4.22164e-06
 Reference value :  4.22251e-06
 Reference value :  4.22347e-06
 Reference value :  4.22440e-06
 Reference value :  4.22516e-06
 Reference value :  4.22832e-06
 Reference value :  4.22940e-06
 Reference value :  4.23181e-06
 Reference value :  4.23430e-06
 Reference value :  4.23580e-06
 Reference value :  4.23853e-06
 Reference value :  4.24048e-06
 Reference value :  4.24235e-06
 Reference value :  4.24408e-06
 Reference value :  4.24630e-06
 Reference value :  4.24884e-06
 Reference value :  4.25121e-06
 Reference value :  4.25328e-06
 Reference value :  4.25564e-06
 Reference value :  4.25651e-06
 Reference value :  4.25873e-06
 Reference value :  4.26057e-06
 Reference value :  4.26206e-06
 Reference value :  4.26286e-06
 Reference value :  4.26367e-06
 Reference value :  4.26458e-06
 Reference value :  4.26542e-06
 Reference value :  4.26851e-06
 Reference value :  4.26935e-06
 Reference value :  4.27175e-06
 Reference value :  4.27401e-06
 Reference value :  4.27580e-06
 Reference value :  4.27851e-06
 Reference value :  4.28056e-06
 Reference value :  4.28239e-06
 Reference value :  4.28438e-06
 Reference value :  4.28670e-06
 Reference value :  4.28895e-06
 Reference value :  4.29171e-06
 Reference value :  4.29405e-06
 Reference value :  4.29582e-06
 Reference value :  4.29668e-06
 Reference value :  4.29761e-06
 Reference value :  4.29984e-06
 Reference value :  4.30119e-06
 Reference value :  4.30238e-06
 Reference value :  4.30324e-06
 Reference value :  4.30421e-06
 Reference value :  4.30501e-06
 Reference value :  4.30720e-06
 Reference value :  4.30905e-06
 Reference value :  4.31101e-06
 Reference value :  4.31348e-06
 Reference value :  4.31564e-06
 Reference value :  4.31833e-06
 Reference value :  4.32041e-06
 Reference value :  4.32223e-06
 Reference value :  4.32377e-06
 Reference value :  4.32597e-06
 Reference value :  4.32868e-06
 Reference value :  4.33058e-06
 Reference value :  4.33267e-06
 Reference value :  4.33547e-06
 Reference value :  4.33633e-06
 Reference value :  4.33848e-06
 Reference value :  4.34033e-06
 Reference value :  4.34189e-06
 Reference value :  4.34270e-06
 Reference value :  4.34346e-06
 Reference value :  4.34439e-06
 Reference value :  4.34523e-06
 Reference value :  4.34813e-06
 Reference value :  4.34935e-06
 Reference value :  4.35173e-06
 Reference value :  4.35415e-06
 Reference value :  4.35575e-06
 Reference value :  4.35850e-06
 Reference value :  4.36048e-06
 Reference value :  4.36231e-06
 Reference value :  4.36432e-06
 Reference value :  4.36652e-06
 Reference value :  4.36900e-06
 Reference value :  4.37173e-06
 Reference value :  4.37408e-06
 Reference value :  4.37588e-06
 Reference value :  4.37677e-06
 Reference value :  4.37874e-06
 Reference value :  4.38046e-06
 Reference value :  4.38200e-06
 Reference value :  4.38276e-06
 Reference value :  4.38359e-06
 Reference value :  4.38457e-06
 Reference value :  4.38545e-06
 Reference value :  4.38870e-06
 Reference value :  4.38954e-06
 Reference value :  4.39193e-06
 Reference value :  4.39515e-06
 Reference value :  4.39670e-06
 Reference value :  4.39903e-06
 Reference value :  4.40138e-06
 Reference value :  4.40258e-06
 Reference value :  4.40520e-06
 Reference value :  4.40838e-06
 Reference value :  4.40995e-06
 Reference value :  4.41223e-06
 Reference value :  4.41538e-06
 Reference value :  4.41624e-06
 Reference value :  4.41855e-06
 Reference value :  4.42041e-06
 Reference value :  4.42194e-06
 Reference value :  4.42272e-06
 Reference value :  4.42348e-06
 Reference value :  4.42445e-06
 Reference value :  4.42531e-06
 Reference value :  4.42864e-06
 Reference value :  4.42947e-06
 Reference value :  4.43198e-06
 Reference value :  4.43525e-06
 Reference value :  4.43683e-06
 Reference value :  4.43896e-06
 Reference value :  4.44128e-06
 Reference value :  4.44249e-06
 Reference value :  4.44480e-06
 Reference value :  4.44715e-06
 Reference value :  4.44904e-06
 Reference value :  4.45194e-06
 Reference value :  4.45513e-06
 Reference value :  4.45601e-06
 Reference value :  4.45694e-06
 Reference value :  4.45882e-06
 Reference value :  4.46062e-06
 Reference value :  4.46202e-06
 Reference value :  4.46285e-06
 Reference value :  4.46378e-06
 Reference value :  4.46457e-06
 Reference value :  4.46543e-06
 Reference value :  4.46863e-06
 Reference value :  4.46946e-06
 Reference value :  4.47191e-06
 Reference value :  4.47513e-06
 Reference value :  4.47656e-06
 Reference value :  4.47906e-06
 Reference value :  4.48148e-06
 Reference value :  4.48256e-06
 Reference value :  4.48526e-06
 Reference value :  4.48841e-06
 Reference value :  4.48924e-06
 Reference value :  4.49187e-06
 Reference value :  4.49485e-06
 Reference value :  4.49604e-06
 Reference value :  4.49812e-06
 Reference value :  4.50007e-06
 Reference value :  4.50157e-06
 Reference value :  4.50246e-06
 Reference value :  4.50332e-06
 Reference value :  4.50431e-06
 Reference value :  4.50524e-06
 Reference value :  4.50837e-06
 Reference value :  4.50921e-06
 Reference value :  4.51146e-06
 Reference value :  4.51371e-06
 Reference value :  4.51558e-06
 Reference value :  4.51816e-06
 Reference value :  4.52027e-06
 Reference value :  4.52204e-06
 Reference value :  4.52309e-06
 Reference value :  4.52559e-06
 Reference value :  4.52871e-06
 Reference value :  4.53090e-06
 Reference value :  4.53333e-06
 Reference value :  4.53559e-06
 Reference value :  4.53650e-06
 Reference value :  4.53837e-06
 Reference value :  4.54026e-06
 Reference value :  4.54176e-06
 Reference value :  4.54247e-06
 Reference value :  4.54326e-06
 Reference value :  4.54420e-06
 Reference value :  4.54502e-06
 Reference value :  4.54746e-06
 Reference value :  4.54913e-06
 Reference value :  4.55109e-06
 Reference value :  4.55338e-06
 Reference value :  4.55554e-06
 Reference value :  4.55816e-06
 Reference value :  4.56027e-06
 Reference value :  4.56204e-06
 Reference value :  4.56310e-06
 Reference value :  4.56563e-06
 Reference value :  4.56866e-06
 Reference value :  4.57045e-06
 Reference value :  4.57232e-06
 Reference value :  4.57544e-06
 Reference value :  4.57626e-06
 Reference value :  4.57858e-06
 Reference value :  4.58051e-06
 Reference value :  4.58199e-06
 Reference value :  4.58280e-06
 Reference value :  4.58375e-06
 Reference value :  4.58472e-06
 Reference value :  4.58675e-06
 Reference value :  4.58885e-06
 Reference value :  4.58994e-06
 Reference value :  4.59251e-06
 Reference value :  4.59533e-06
 Reference value :  4.59755e-06
 Reference value :  4.59987e-06
 Reference value :  4.60188e-06
 Reference value :  4.60274e-06
 Reference value :  4.60526e-06
 Reference value :  4.60849e-06
 Reference value :  4.60999e-06
 Reference value :  4.61229e-06
 Reference value :  4.61527e-06
 Reference value :  4.61614e-06
 Reference value :  4.61704e-06
 Reference value :  4.61863e-06
 Reference value :  4.62051e-06
 Reference value :  4.62198e-06
 Reference value :  4.62275e-06
 Reference value :  4.62360e-06
 Reference value :  4.62458e-06
 Reference value :  4.62556e-06
 Reference value :  4.62869e-06
 Reference value :  4.62970e-06
 Reference value :  4.63217e-06
 Reference value :  4.63527e-06
 Reference value :  4.63755e-06
 Reference value :  4.64006e-06
 Reference value :  4.64195e-06
 Reference value :  4.64312e-06
 Reference value :  4.64559e-06
 Reference value :  4.64860e-06
 Reference value :  4.65086e-06
 Reference value :  4.65335e-06
 Reference value :  4.65572e-06
 Reference value :  4.65658e-06
 Reference value :  4.65910e-06
 Reference value :  4.66073e-06
 Reference value :  4.66213e-06
 Reference value :  4.66306e-06
 Reference value :  4.66418e-06
 Reference value :  4.66516e-06
 Reference value :  4.66860e-06
 Reference value :  4.67003e-06
 Reference value :  4.67306e-06
 Reference value :  4.67564e-06
 Reference value :  4.67874e-06
 Reference value :  4.68206e-06
 Reference value :  4.68432e-06
 Reference value :  4.68830e-06
 Reference value :  4.68936e-06
 Reference value :  4.69193e-06
 Reference value :  4.69502e-06
 Reference value :  4.69624e-06
 Reference value :  4.69829e-06
 Reference value :  4.70051e-06
 Reference value :  4.70235e-06
 Reference value :  4.70357e-06
 Reference value :  4.70480e-06
 Reference value :  4.70854e-06
 Reference value :  4.71025e-06
 Reference value :  4.71370e-06
 Reference value :  4.71559e-06
 Reference value :  4.71839e-06
 Reference value :  4.72041e-06
 Reference value :  4.72246e-06
 Reference value :  4.72574e-06
 Reference value :  4.72954e-06
 Reference value :  4.73272e-06
 Reference value :  4.73571e-06
 Reference value :  4.73838e-06
 Reference value :  4.74073e-06
 Reference value :  4.74250e-06
 Reference value :  4.74336e-06
 Reference value :  4.74440e-06
 Reference value :  4.74528e-06
 Reference value :  4.74858e-06
 Reference value :  4.75072e-06
 Reference value :  4.75505e-06
 Reference value :  4.75835e-06
 Reference value :  4.76071e-06
 Reference value :  4.76274e-06
 Reference value :  4.76621e-06
 Reference value :  4.76900e-06
 Reference value :  4.77193e-06
 Reference value :  4.77515e-06
 Reference value :  4.77607e-06
 Reference value :  4.77695e-06
 Reference value :  4.78013e-06
 Reference value :  4.78204e-06
 Reference value :  4.78363e-06
 Reference value :  4.78476e-06
 Reference value :  4.78714e-06
 Reference value :  4.78938e-06
 Reference value :  4.79267e-06
 Reference value :  4.79572e-06
 Reference value :  4.79878e-06
 Reference value :  4.80178e-06
 Reference value :  4.80261e-06
 Reference value :  4.80514e-06
 Reference value :  4.80849e-06
 Reference value :  4.81041e-06
 Reference value :  4.81524e-06
 Reference value :  4.81650e-06
 Reference value :  4.82001e-06
 Reference value :  4.82170e-06
 Reference value :  4.82270e-06
 Reference value :  4.82378e-06
 Reference value :  4.82490e-06
 Reference value :  4.82840e-06
 Reference value :  4.82930e-06
 Reference value :  4.83182e-06
 Reference value :  4.83491e-06
 Reference value :  4.83665e-06
 Reference value :  4.83987e-06
 Reference value :  4.84225e-06
 Reference value :  4.84526e-06
 Reference value :  4.84905e-06
 Reference value :  4.85267e-06
 Reference value :  4.85560e-06
 Reference value :  4.85675e-06
 Reference value :  4.86003e-06
 Reference value :  4.86170e-06
 Reference value :  4.86270e-06
 Reference value :  4.86360e-06
 Reference value :  4.86499e-06
 Reference value :  4.86868e-06
 Reference value :  4.87186e-06
 Reference value :  4.87540e-06
 Reference value :  4.87835e-06
 Reference value :  4.88190e-06
 Reference value :  4.88509e-06
 Reference value :  4.88918e-06
 Reference value :  4.89238e-06
 Reference value :  4.89541e-06
 Reference value :  4.89689e-06
 Reference value :  4.90013e-06
 Reference value :  4.90191e-06
 Reference value :  4.90335e-06
 Reference value :  4.90496e-06
 Reference value :  4.90885e-06
 Reference value :  4.91181e-06
 Reference value :  4.91517e-06
 Reference value :  4.91738e-06
 Reference value :  4.91964e-06
 Reference value :  4.92186e-06
 Reference value :  4.92377e-06
 Reference value :  4.92849e-06
 Reference value :  4.93161e-06
 Reference value :  4.93529e-06
 Reference value :  4.93638e-06
 Reference value :  4.93759e-06
 Reference value :  4.94013e-06
 Reference value :  4.94185e-06
 Reference value :  4.94281e-06
 Reference value :  4.94375e-06
 Reference value :  4.94453e-06
 Reference value :  4.94698e-06
 Reference value :  4.94920e-06
 Reference value :  4.95265e-06
 Reference value :  4.95593e-06
 Reference value :  4.95952e-06
 Reference value :  4.96190e-06
 Reference value :  4.96390e-06
 Reference value :  4.96849e-06
 Reference value :  4.97118e-06
 Reference value :  4.97477e-06
 Reference value :  4.97590e-06
 Reference value :  4.97762e-06
 Reference value :  4.98023e-06
 Reference value :  4.98194e-06
 Reference value :  4.98326e-06
 Reference value :  4.98462e-06
 Reference value :  4.98727e-06
 Reference value :  4.98932e-06
 Reference value :  4.99238e-06
 Reference value :  4.99545e-06
 Reference value :  4.99842e-06
 Reference value :  5.00048e-06
 Reference value :  5.00221e-06
 Reference value :  5.00430e-06
 Reference value :  5.00675e-06
 Reference value :  5.00913e-06
 Reference value :  5.01236e-06
 Reference value :  5.01574e-06
 Reference value :  5.01738e-06
 Reference value :  5.02013e-06
 Reference value :  5.02181e-06
 Reference value :  5.02281e-06
 Reference value :  5.02393e-06
 Reference value :  5.02482e-06
 Reference value :  5.02799e-06
 Reference value :  5.02924e-06
 Reference value :  5.03190e-06
 Reference value :  5.03533e-06
 Reference value :  5.03885e-06
 Reference value :  5.04205e-06
 Reference value :  5.04459e-06
 Reference value :  5.04855e-06
 Reference value :  5.05248e-06
 Reference value :  5.05585e-06
 Reference value :  5.05905e-06
 Reference value :  5.06088e-06
 Reference value :  5.06236e-06
 Reference value :  5.06382e-06
 Reference value :  5.06497e-06
 Reference value :  5.06857e-06
 Reference value :  5.07098e-06
 Reference value :  5.07419e-06
 Reference value :  5.07652e-06
 Reference value :  5.07941e-06
 Reference value :  5.08194e-06
 Reference value :  5.08450e-06
 Reference value :  5.08876e-06
 Reference value :  5.09252e-06
 Reference value :  5.09570e-06
 Reference value :  5.09709e-06
 Reference value :  5.10026e-06
 Reference value :  5.10186e-06
 Reference value :  5.10297e-06
 Reference value :  5.10391e-06
 Reference value :  5.10495e-06
 Reference value :  5.10856e-06
 Reference value :  5.11118e-06
 Reference value :  5.11524e-06
 Reference value :  5.11844e-06
 Reference value :  5.12194e-06
 Reference value :  5.12501e-06
 Reference value :  5.12848e-06
 Reference value :  5.12985e-06
 Reference value :  5.13270e-06
 Reference value :  5.13587e-06
 Reference value :  5.13881e-06
 Reference value :  5.14129e-06
 Reference value :  5.14254e-06
 Reference value :  5.14391e-06
 Reference value :  5.14512e-06
 Reference value :  5.14879e-06
 Reference value :  5.15178e-06
 Reference value :  5.15512e-06
 Reference value :  5.15778e-06
 Reference value :  5.16060e-06
 Reference value :  5.16400e-06
 Reference value :  5.16851e-06
 Reference value :  5.17171e-06
 Reference value :  5.17534e-06
 Reference value :  5.17679e-06
 Reference value :  5.18030e-06
 Reference value :  5.18185e-06
 Reference value :  5.18268e-06
 Reference value :  5.18358e-06
 Reference value :  5.18496e-06
 Reference value :  5.18867e-06
 Reference value :  5.19166e-06
 Reference value :  5.19540e-06
 Reference value :  5.19853e-06
 Reference value :  5.20185e-06
 Reference value :  5.20342e-06
 Reference value :  5.20620e-06
 Reference value :  5.20895e-06
 Reference value :  5.21168e-06
 Reference value :  5.21433e-06
 Reference value :  5.21581e-06
 Reference value :  5.21860e-06
 Reference value :  5.22148e-06
 Reference value :  5.22273e-06
 Reference value :  5.22428e-06
 Reference value :  5.22703e-06
 Reference value :  5.23032e-06
 Reference value :  5.23361e-06
 Reference value :  5.23729e-06
 Reference value :  5.23950e-06
 Reference value :  5.24177e-06
 Reference value :  5.24259e-06
 Reference value :  5.24583e-06
 Reference value :  5.24982e-06
 Reference value :  5.25423e-06
 Reference value :  5.25611e-06
 Reference value :  5.25828e-06
 Reference value :  5.26057e-06
 Reference value :  5.26249e-06
 Reference value :  5.26380e-06
 Reference value :  5.26496e-06
 Reference value :  5.26745e-06
 Reference value :  5.26905e-06
 Reference value :  5.27164e-06
 Reference value :  5.27546e-06
 Reference value :  5.27989e-06
 Reference value :  5.28244e-06
 Reference value :  5.28570e-06
 Reference value :  5.28921e-06
 Reference value :  5.29451e-06
 Reference value :  5.29614e-06
 Reference value :  5.29893e-06
 Reference value :  5.30088e-06
 Reference value :  5.30268e-06
 Reference value :  5.30450e-06
 Reference value :  5.30829e-06
 Reference value :  5.31101e-06
 Reference value :  5.31526e-06
 Reference value :  5.31857e-06
 Reference value :  5.32168e-06
 Reference value :  5.32317e-06
 Reference value :  5.32570e-06
 Reference value :  5.32893e-06
 Reference value :  5.33307e-06
 Reference value :  5.33602e-06
 Reference value :  5.33845e-06
 Reference value :  5.34170e-06
 Reference value :  5.34320e-06
 Reference value :  5.34480e-06
 Reference value :  5.34719e-06
 Reference value :  5.34900e-06
 Reference value :  5.35165e-06
 Reference value :  5.35516e-06
 Reference value :  5.35856e-06
 Reference value :  5.36203e-06
 Reference value :  5.36488e-06
 Reference value :  5.36868e-06
 Reference value :  5.37198e-06
 Reference value :  5.37514e-06
 Reference value :  5.37644e-06
 Reference value :  5.38003e-06
 Reference value :  5.38175e-06
 Reference value :  5.38302e-06
 Reference value :  5.38419e-06
 Reference value :  5.38531e-06
 Reference value :  5.38879e-06
 Reference value :  5.39178e-06
 Reference value :  5.39503e-06
 Reference value :  5.39649e-06
 Reference value :  5.39955e-06
 Reference value :  5.40209e-06
 Reference value :  5.40529e-06
 Reference value :  5.40939e-06
 Reference value :  5.41346e-06
 Reference value :  5.41579e-06
 Reference value :  5.41702e-06
 Reference value :  5.42026e-06
 Reference value :  5.42183e-06
 Reference value :  5.42302e-06
 Reference value :  5.42455e-06
 Reference value :  5.42836e-06
 Reference value :  5.43113e-06
 Reference value :  5.43519e-06
 Reference value :  5.43844e-06
 Reference value :  5.44168e-06
 Reference value :  5.44327e-06
 Reference value :  5.44570e-06
 Reference value :  5.44852e-06
 Reference value :  5.45140e-06
 Reference value :  5.45422e-06
 Reference value :  5.45594e-06
 Reference value :  5.45824e-06
 Reference value :  5.46046e-06
 Reference value :  5.46241e-06
 Reference value :  5.46412e-06
 Reference value :  5.46776e-06
 Reference value :  5.46946e-06
 Reference value :  5.47190e-06
 Reference value :  5.47535e-06
 Reference value :  5.47848e-06
 Reference value :  5.48168e-06
 Reference value :  5.48256e-06
 Reference value :  5.48565e-06
 Reference value :  5.48859e-06
 Reference value :  5.49138e-06
 Reference value :  5.49486e-06
 Reference value :  5.49606e-06
 Reference value :  5.49742e-06
 Reference value :  5.49950e-06
 Reference value :  5.50139e-06
 Reference value :  5.50288e-06
 Reference value :  5.50420e-06
 Reference value :  5.50683e-06
 Reference value :  5.50908e-06
 Reference value :  5.51190e-06
 Reference value :  5.51514e-06
 Reference value :  5.51819e-06
 Reference value :  5.52175e-06
 Reference value :  5.52501e-06
 Reference value :  5.52866e-06
 Reference value :  5.53156e-06
 Reference value :  5.53426e-06
 Reference value :  5.53612e-06
 Reference value :  5.53988e-06
 Reference value :  5.54207e-06
 Reference value :  5.54317e-06
 Reference value :  5.54453e-06
 Reference value :  5.54835e-06
 Reference value :  5.55007e-06
 Reference value :  5.55286e-06
 Reference value :  5.55559e-06
 Reference value :  5.56023e-06
 Reference value :  5.56236e-06
 Reference value :  5.56512e-06
 Reference value :  5.56838e-06
 Reference value :  5.56969e-06
 Reference value :  5.57236e-06
 Reference value :  5.57572e-06
 Reference value :  5.57689e-06
 Reference value :  5.58021e-06
 Reference value :  5.58199e-06
 Reference value :  5.58308e-06
 Reference value :  5.58428e-06
 Reference value :  5.58704e-06
 Reference value :  5.59055e-06
 Reference value :  5.59289e-06
 Reference value :  5.59531e-06
 Reference value :  5.59798e-06
 Reference value :  5.60042e-06
 Reference value :  5.60255e-06
 Reference value :  5.60805e-06
 Reference value :  5.61158e-06
 Reference value :  5.61528e-06
 Reference value :  5.61650e-06
 Reference value :  5.62026e-06
 Reference value :  5.62218e-06
 Reference value :  5.62347e-06
 Reference value :  5.62443e-06
 Reference value :  5.62574e-06
 Reference value :  5.62843e-06
 Reference value :  5.62995e-06
 Reference value :  5.63315e-06
 Reference value :  5.63630e-06
 Reference value :  5.64060e-06
 Reference value :  5.64345e-06
 Reference value :  5.64714e-06
 Reference value :  5.65085e-06
 Reference value :  5.65436e-06
 Reference value :  5.65604e-06
 Reference value :  5.65825e-06
 Reference value :  5.66033e-06
 Reference value :  5.66172e-06
 Reference value :  5.66250e-06
 Reference value :  5.66385e-06
 Reference value :  5.66510e-06
 Reference value :  5.66869e-06
 Reference value :  5.67152e-06
 Reference value :  5.67519e-06
 Reference value :  5.67853e-06
 Reference value :  5.68205e-06
 Reference value :  5.68498e-06
 Reference value :  5.68874e-06
 Reference value :  5.69192e-06
 Reference value :  5.69514e-06
 Reference value :  5.69610e-06
 Reference value :  5.69840e-06
No. of Data Rows : 30750

  Measurements for Transient Analysis

phi_a               =  2.14680e-09 targ=  3.50225e-06 trig=  3.50010e-06
phi_b               =  2.14655e-09 targ=  3.62225e-06 trig=  3.62010e-06
ferr                =  2.54998e-07
tclk20              =  1.33340e-07 targ=  3.63537e-06 trig=  3.50203e-06
fout                =  1.49992e+08
tfb5                =  2.00012e-07 targ=  3.70226e-06 trig=  3.50225e-06
ffb                 =  2.49985e+07
nmeas               =  6.00003e+00
lock_lvl            =  3.77240e-09 from=  2.60000e-06 to=  3.60001e-06
up_lvl              =  3.12797e-01 from=  2.60000e-06 to=  3.60001e-06
dn_lvl              =  1.23712e-01 from=  2.60000e-06 to=  3.60001e-06

ngspice-46 done

Warning: m=xx on .subckt line will override multiplier m hierarchy!

Note: Starting dynamic gmin stepping
Warning: Dynamic gmin stepping failed
Note: Starting true gmin stepping
Note: True gmin stepping completed
