Note: Starting dynamic gmin stepping
Warning: Dynamic gmin stepping failed
Note: Starting true gmin stepping
Note: True gmin stepping completed

Note: No compatibility mode selected!


Circuit: * reference-input-contract @ typical_-40c_2.97v_wedge_p0 -- generated by sim/harness, do not edit

Doing analysis at TEMP = -40.000000 and TNOM = 27.000000

Using SPARSE 1.3 as Direct Linear Solver

Initial Transient Solution
--------------------------

Node                                   Voltage
----                                   -------
vdd                                       2.97
vss                                          0
ref                                          0
fb                                           0
b0                                           0
b1                                        2.97
ibn                                    0.77993
icn                                    0.87275
ibp                                     2.0531
icp                                    1.95262
xdut.xpfd.xed_ref.d1                      2.97
xdut.xpfd.xed_ref.d2               8.32564e-09
xdut.xpfd.xed_ref.d3                      2.97
xdut.xpfd.xed_ref.d4               8.32564e-09
xdut.xpfd.xed_ref.d5                      2.97
xdut.xpfd.xed_ref.nn                      2.97
xdut.xpfd.xed_ref.xnd.ni           2.96546e-13
xdut.xpfd.pr                       8.32564e-09
xdut.xpfd.xed_fb.d1                       2.97
xdut.xpfd.xed_fb.d2                8.32564e-09
xdut.xpfd.xed_fb.d3                       2.97
xdut.xpfd.xed_fb.d4                8.32564e-09
xdut.xpfd.xed_fb.d5                       2.97
xdut.xpfd.xed_fb.nn                       2.97
xdut.xpfd.xed_fb.xnd.ni            2.96315e-13
xdut.xpfd.pf                       8.32564e-09
xdut.xpfd.sbr                             2.97
xdut.xpfd.sbf                             2.97
up                                  1.7085e-08
xdut.xpfd.upb                             2.97
xdut.xpfd.xlat_ref.xn1.ni          8.54249e-09
xdut.xpfd.rb                              2.97
xdut.xpfd.xlat_ref.xn2.ni              2.26896
dn                                  1.7085e-08
xdut.xpfd.dnb                             2.97
xdut.xpfd.xlat_fb.xn1.ni           8.54249e-09
xdut.xpfd.xlat_fb.xn2.ni               2.26896
xdut.xpfd.nrst                            2.97
xdut.xpfd.xnand_rst.ni             4.14868e-05
xdut.xpfd.rst_raw                  8.32564e-09
xdut.xpfd.rd1                             2.97
xdut.xpfd.rd2                      8.32564e-09
xdut.xpfd.rd3                             2.97
xdut.xpfd.rd4                      8.32564e-09
xdut.xpfd.rd5                             2.97
xdut.xpfd.rd6                      8.32564e-09
xdut.xpfd.rd7                             2.97
xdut.xpfd.rd8                      8.32564e-09
xdut.xpfd.rd9                             2.97
xdut.xpfd.rd10                     8.32564e-09
xdut.xpfd.rd11                            2.97
xdut.xpfd.rd12                     8.32564e-09
xdut.xpfd.rd13                            2.97
xdut.xpfd.rd14                     8.32564e-09
xdut.xpfd.rd15                            2.97
xdut.xpfd.rd16                     8.32564e-09
xdut.xpfd.rd17                            2.97
xdut.xpfd.rd18                     8.32564e-09
xdut.xpfd.rd19                            2.97
xdut.xpfd.rd20                     8.32564e-09
xdut.xpfd.rd21                            2.97
xdut.xpfd.rd22                     8.32564e-09
xdut.xpfd.rd23                            2.97
xdut.xpfd.rst_dly                  8.32564e-09
xdut.xcp.b0b                              2.97
xdut.xcp.b1b                       8.32564e-09
xdut.xcp.upb                              2.97
xdut.xcp.dnb                              2.97
xdut.xcp.xn_base.bg                    0.77993
xdut.xcp.xn_base.mid                 0.0738186
xdut.xcp.dnt                           1.64579
xdut.xcp.xn_t0.bg                  4.60045e-14
xdut.xcp.xn_t0.mid                    0.384907
xdut.xcp.xn_t1a.bg                     0.77993
xdut.xcp.xn_t1a.mid                  0.0738186
xdut.xcp.xn_t1b.bg                     0.77993
xdut.xcp.xn_t1b.mid                  0.0738186
xdut.xcp.xp_base.bg                     2.0531
xdut.xcp.xp_base.mid                    2.8952
xdut.xcp.upt                           1.66171
xdut.xcp.xp_t0.bg                         2.97
xdut.xcp.xp_t0.mid                     1.18963
xdut.xcp.xp_t1a.bg                      2.0531
xdut.xcp.xp_t1a.mid                     2.8952
xdut.xcp.xp_t1b.bg                      2.0531
xdut.xcp.xp_t1b.mid                     2.8952
vout                                      1.65
xdut.xcp.vdump                         1.64987
xdut.xcp.xbuf.nsrc                    0.681342
xdut.xcp.xbuf.nda                      2.05271
xdut.xcp.xbuf.psrc                      2.5302
xdut.xcp.xbuf.pda                     0.746063
vctrl_src                                 1.65
vctrl#branch                      -1.41831e-11
vam#branch                        -1.25331e-11
vb1#branch                           -2.97e-12
vb0#branch                                   0
vfb#branch                                   0
vref#branch                                  0
vss#branch                         3.71129e-05
vdd#branch                        -5.31135e-05

 Reference value :  0.00000e+00
 Reference value :  8.65600e-10
 Reference value :  2.06560e-09
 Reference value :  2.76310e-09
 Reference value :  4.42310e-09
 Reference value :  4.66310e-09
 Reference value :  5.37810e-09
 Reference value :  5.83810e-09
 Reference value :  6.53810e-09
 Reference value :  7.25810e-09
 Reference value :  7.43810e-09
 Reference value :  7.69810e-09
 Reference value :  7.87560e-09
 Reference value :  8.39560e-09
 Reference value :  8.91560e-09
 Reference value :  9.41560e-09
 Reference value :  1.02156e-08
 Reference value :  1.08156e-08
 Reference value :  1.14156e-08
 Reference value :  1.18931e-08
 Reference value :  1.25331e-08
 Reference value :  1.29931e-08
 Reference value :  1.36131e-08
 Reference value :  1.40956e-08
 Reference value :  1.47706e-08
 Reference value :  1.54106e-08
 Reference value :  1.61906e-08
 Reference value :  1.69306e-08
 Reference value :  1.79250e-08
 Reference value :  1.93450e-08
 Reference value :  2.08084e-08
 Reference value :  2.20499e-08
 Reference value :  2.31617e-08
 Reference value :  2.64914e-08
 Reference value :  2.95514e-08
 Reference value :  3.25914e-08
 Reference value :  3.56714e-08
 Reference value :  3.89450e-08
 Reference value :  4.10583e-08
 Reference value :  4.35150e-08
 Reference value :  4.57150e-08
 Reference value :  4.78950e-08
 Reference value :  4.99150e-08
 Reference value :  5.20950e-08
 Reference value :  5.44350e-08
 Reference value :  5.65950e-08
 Reference value :  5.79250e-08
 Reference value :  5.98450e-08
 Reference value :  6.11796e-08
 Reference value :  6.24063e-08
 Reference value :  6.41313e-08
 Reference value :  6.75313e-08
 Reference value :  7.06113e-08
 Reference value :  7.36713e-08
 Reference value :  7.67713e-08
 Reference value :  8.00900e-08
 Reference value :  8.20583e-08
 Reference value :  8.45150e-08
 Reference value :  8.64150e-08
 Reference value :  8.86550e-08
 Reference value :  9.11550e-08
 Reference value :  9.28150e-08
 Reference value :  9.49350e-08
 Reference value :  9.69750e-08
 Reference value :  9.83275e-08
 Reference value :  9.99425e-08
 Reference value :  1.01232e-07
 Reference value :  1.02462e-07
 Reference value :  1.04291e-07
 Reference value :  1.07671e-07
 Reference value :  1.10751e-07
 Reference value :  1.13771e-07
 Reference value :  1.16791e-07
 Reference value :  1.20090e-07
 Reference value :  1.21958e-07
 Reference value :  1.24275e-07
 Reference value :  1.25635e-07
 Reference value :  1.27695e-07
 Reference value :  1.29895e-07
 Reference value :  1.32035e-07
 Reference value :  1.34155e-07
 Reference value :  1.36215e-07
 Reference value :  1.37905e-07
 Reference value :  1.38907e-07
No. of Data Rows : 7309

  Measurements for Transient Analysis

d_ref               =  2.85958e-10 targ=  1.00386e-07 trig=  1.00100e-07
d_fb                =  2.78294e-10 targ=  1.00378e-07 trig=  1.00100e-07
slew_ref            =  5.00000e-09 targ=  1.02600e-07 trig=  9.76000e-08
thigh_ref           =  2.00000e-08 targ=  1.20100e-07 trig=  1.00100e-07
qnet2               =   1.91440e-16 from=  6.00000e-08 to=  1.40000e-07
qnet                =  9.57199e-17
width_up            =  1.53983e-09 targ=  1.01926e-07 trig=  1.00386e-07
width_dn            =  1.53988e-09 targ=  1.01918e-07 trig=  1.00378e-07

ngspice-46 done
