
Note: No compatibility mode selected!


Circuit: * devchar-passives-res @ res_ss_125c_3.30v -- generated by sim/harness, do not edit

Doing analysis at TEMP = 125.000000 and TNOM = 27.000000


No. of Data Rows : 41

  Measurements for DC Analysis

pu_i10_1v0          =  2.209583e-04
pu_i50_1v0          =  4.505889e-05
pu_i50_0v1          =  4.505889e-06
pu_r10              =  4.52574e+03
pu_r50              =  2.21932e+04
pu_r50_lo           =  2.21932e+04
pu_rsh              =  4.41686e+02
pu_rhead            =  1.08880e+02
pu_vcoef            =  3.26025e-12
pu2_i10_1v0         =  4.537912e-04
pu2_i50_1v0         =  9.253928e-05
pu2_i50_0v1         =  9.253928e-06
pu2_r10             =  2.20366e+03
pu2_r50             =  1.08062e+04
pu2_r50_lo          =  1.08062e+04
pu2_rsh             =  4.30128e+02
pu2_rhead           =  5.30155e+01
pu2_vcoef           =  -3.08601e-12
p1k_i10_1v0         =  8.600935e-05
p1k_i50_1v0         =  1.733473e-05
p1k_i50_0v1         =  1.733473e-06
p1k_r10             =  1.16266e+04
p1k_r50             =  5.76876e+04
p1k_r50_lo          =  5.76876e+04
p1k_rsh             =  1.15153e+03
p1k_rhead           =  1.11391e+02
p1k_vcoef           =  -2.73275e-12
p2k_i10_1v0         =  4.477102e-05
p2k_i50_1v0         =  9.103519e-06
p2k_i50_0v1         =  9.103519e-07
p2k_r10             =  2.23359e+04
p2k_r50             =  1.09848e+05
p2k_r50_lo          =  1.09848e+05
p2k_rsh             =  2.18779e+03
p2k_rhead           =  4.57935e+02
p2k_vcoef           =  8.47684e-11
p3k_i10_1v0         =  2.867663e-05
p3k_i50_1v0         =  5.827209e-06
p3k_i50_0v1         =  5.827209e-07
p3k_r10             =  3.48716e+04
p3k_r50             =  1.71609e+05
p3k_r50_lo          =  1.71609e+05
p3k_rsh             =  3.41843e+03
p3k_rhead           =  6.87326e+02
p3k_vcoef           =  0.00000e+00
nu_i10_1v0          =  2.838640e-04
nu_i50_1v0          =  5.778017e-05
nu_i50_0v1          =  5.778017e-06
nu_r10              =  3.52281e+03
nu_r50              =  1.73070e+04
nu_r50_lo           =  1.73070e+04
nu_rsh              =  3.44604e+02
nu_rhead            =  7.67737e+01
nu_vcoef            =  1.72834e-12
ps_i10_1v0          =  4.680758e-03
ps_i50_1v0          =  9.778655e-04
ps_i50_0v1          =  9.778655e-05
ps_r10              =  2.13641e+02
ps_r50              =  1.02264e+03
ps_r50_lo           =  1.02264e+03
ps_rsh              =  2.02249e+01
ps_rhead            =  1.13919e+01
ps_vcoef            =  -7.65841e-13

Doing analysis at TEMP = 125.000000 and TNOM = 27.000000


  Measurements for DC Analysis

pu_i10_1v0          =  2.209583e-04
pu_i50_1v0          =  4.505889e-05
pu_i50_0v1          =  4.505889e-06
pu_r10              =   failed
pu_r50              =   failed
pu_r50_lo           =   failed
pu_rsh              =   failed
pu_rhead            =   failed
pu_vcoef            =   failed
pu2_i10_1v0         =  4.537912e-04
pu2_i50_1v0         =  9.253928e-05
pu2_i50_0v1         =  9.253928e-06
pu2_r10             =   failed
pu2_r50             =   failed
pu2_r50_lo          =   failed
pu2_rsh             =   failed
pu2_rhead           =   failed
pu2_vcoef           =   failed
p1k_i10_1v0         =  8.600935e-05
p1k_i50_1v0         =  1.733473e-05
p1k_i50_0v1         =  1.733473e-06
p1k_r10             =   failed
p1k_r50             =   failed
p1k_r50_lo          =   failed
p1k_rsh             =   failed
p1k_rhead           =   failed
p1k_vcoef           =   failed
p2k_i10_1v0         =  4.477102e-05
p2k_i50_1v0         =  9.103519e-06
p2k_i50_0v1         =  9.103519e-07
p2k_r10             =   failed
p2k_r50             =   failed
p2k_r50_lo          =   failed
p2k_rsh             =   failed
p2k_rhead           =   failed
p2k_vcoef           =   failed
p3k_i10_1v0         =  2.867663e-05
p3k_i50_1v0         =  5.827209e-06
p3k_i50_0v1         =  5.827209e-07
p3k_r10             =   failed
p3k_r50             =   failed
p3k_r50_lo          =   failed
p3k_rsh             =   failed
p3k_rhead           =   failed
p3k_vcoef           =   failed
nu_i10_1v0          =  2.838640e-04
nu_i50_1v0          =  5.778017e-05
nu_i50_0v1          =  5.778017e-06
nu_r10              =   failed
nu_r50              =   failed
nu_r50_lo           =   failed
nu_rsh              =   failed
nu_rhead            =   failed
nu_vcoef            =   failed
ps_i10_1v0          =  4.680758e-03
ps_i50_1v0          =  9.778655e-04
ps_i50_0v1          =  9.778655e-05
ps_r10              =   failed
ps_r50              =   failed
ps_r50_lo           =   failed
ps_rsh              =   failed
ps_rhead            =   failed
ps_vcoef            =   failed


Total analysis time (seconds) = 0.03

Total elapsed time (seconds) = 0.362 

Total DRAM available = 15700.230 MB.
DRAM currently available = 1511.172 MB.
Maximum ngspice program size =   27.223 MB.
Current ngspice program size =   18.777 MB.

Shared ngspice pages =   10.941 MB.
Text (code) pages =    6.156 MB.
Stack = 0 bytes.
Library pages =    7.980 MB.


Using SPARSE 1.3 as Direct Linear Solver
Using SPARSE 1.3 as Direct Linear Solver
Netlist line no. 28:
insertnumber: fails.
  s = ".measure dc pu_r10 param=    4.525739972181260e+03   " u="  4.525739972181260e+03  " id=0
Netlist line no. 29:
insertnumber: fails.
  s = ".measure dc pu_r50 param=    2.219317938208754e+04   " u="  2.219317938208754e+04  " id=0
Netlist line no. 30:
insertnumber: fails.
  s = ".measure dc pu_r50_lo param=    2.219317938208689e+04   " u="  2.219317938208689e+04  " id=0
Netlist line no. 31:
insertnumber: fails.
  s = ".measure dc pu_rsh param=    4.416859852476570e+02   " u="  4.416859852476570e+02  " id=0
Netlist line no. 32:
insertnumber: fails.
  s = ".measure dc pu_rhead param=    1.088801197046896e+02   " u="  1.088801197046896e+02  " id=0
Netlist line no. 33:
insertnumber: fails.
  s = ".measure dc pu_vcoef param=    3.260251946270523e-12   " u="  3.260251946270523e-12  " id=0
Netlist line no. 37:
insertnumber: fails.
  s = ".measure dc pu2_r10 param=    2.203656866906093e+03   " u="  2.203656866906093e+03  " id=0
Netlist line no. 38:
insertnumber: fails.
  s = ".measure dc pu2_r50 param=    1.080622228506869e+04   " u="  1.080622228506869e+04  " id=0
Netlist line no. 39:
insertnumber: fails.
  s = ".measure dc pu2_r50_lo param=    1.080622228506899e+04   " u="  1.080622228506899e+04  " id=0
Netlist line no. 40:
insertnumber: fails.
  s = ".measure dc pu2_rsh param=    4.301282709081298e+02   " u="  4.301282709081298e+02  " id=0
Netlist line no. 41:
insertnumber: fails.
  s = ".measure dc pu2_rhead param=    5.301551236544401e+01   " u="  5.301551236544401e+01  " id=0
Netlist line no. 42:
insertnumber: fails.
  s = ".measure dc pu2_vcoef param=   -3.086012686513460e-12   " u=" -3.086012686513460e-12  " id=0
Netlist line no. 46:
insertnumber: fails.
  s = ".measure dc p1k_r10 param=    1.162664226826014e+04   " u="  1.162664226826014e+04  " id=0
Netlist line no. 47:
insertnumber: fails.
  s = ".measure dc p1k_r50 param=    5.768764803907362e+04   " u="  5.768764803907362e+04  " id=0
Netlist line no. 48:
insertnumber: fails.
  s = ".measure dc p1k_r50_lo param=    5.768764803907504e+04   " u="  5.768764803907504e+04  " id=0
Netlist line no. 49:
insertnumber: fails.
  s = ".measure dc p1k_rsh param=    1.151525144270337e+03   " u="  1.151525144270337e+03  " id=0
Netlist line no. 50:
insertnumber: fails.
  s = ".measure dc p1k_rhead param=    1.113908255567676e+02   " u="  1.113908255567676e+02  " id=0
Netlist line no. 51:
insertnumber: fails.
  s = ".measure dc p1k_vcoef param=   -2.732747020653804e-12   " u=" -2.732747020653804e-12  " id=0
Netlist line no. 55:
insertnumber: fails.
  s = ".measure dc p2k_r10 param=    2.233587532193406e+04   " u="  2.233587532193406e+04  " id=0
Netlist line no. 56:
insertnumber: fails.
  s = ".measure dc p2k_r50 param=    1.098476347053444e+05   " u="  1.098476347053444e+05  " id=0
Netlist line no. 57:
insertnumber: fails.
  s = ".measure dc p2k_r50_lo param=    1.098476347052606e+05   " u="  1.098476347052606e+05  " id=0
Netlist line no. 58:
insertnumber: fails.
  s = ".measure dc p2k_rsh param=    2.187793984585259e+03   " u="  2.187793984585259e+03  " id=0
Netlist line no. 59:
insertnumber: fails.
  s = ".measure dc p2k_rhead param=    4.579354760814676e+02   " u="  4.579354760814676e+02  " id=0
Netlist line no. 60:
insertnumber: fails.
  s = ".measure dc p2k_vcoef param=    8.476840572552659e-11   " u="  8.476840572552659e-11  " id=0
Netlist line no. 64:
insertnumber: fails.
  s = ".measure dc p3k_r10 param=    3.487160668450739e+04   " u="  3.487160668450739e+04  " id=0
Netlist line no. 65:
insertnumber: fails.
  s = ".measure dc p3k_r50 param=    1.716087307210984e+05   " u="  1.716087307210984e+05  " id=0
Netlist line no. 66:
insertnumber: fails.
  s = ".measure dc p3k_r50_lo param=    1.716087307210984e+05   " u="  1.716087307210984e+05  " id=0
Netlist line no. 67:
insertnumber: fails.
  s = ".measure dc p3k_rsh param=    3.418428100914775e+03   " u="  3.418428100914775e+03  " id=0
Netlist line no. 68:
insertnumber: fails.
  s = ".measure dc p3k_rhead param=    6.873256753596361e+02   " u="  6.873256753596361e+02  " id=0
Netlist line no. 69:
insertnumber: fails.
  s = ".measure dc p3k_vcoef param=    0.000000000000000e+00   " u="  0.000000000000000e+00  " id=0
Netlist line no. 73:
insertnumber: fails.
  s = ".measure dc nu_r10 param=    3.522813783248128e+03   " u="  3.522813783248128e+03  " id=0
Netlist line no. 74:
insertnumber: fails.
  s = ".measure dc nu_r50 param=    1.730697429011211e+04   " u="  1.730697429011211e+04  " id=0
Netlist line no. 75:
insertnumber: fails.
  s = ".measure dc nu_r50_lo param=    1.730697429011184e+04   " u="  1.730697429011184e+04  " id=0
Netlist line no. 76:
insertnumber: fails.
  s = ".measure dc nu_rsh param=    3.446040126715995e+02   " u="  3.446040126715995e+02  " id=0
Netlist line no. 77:
insertnumber: fails.
  s = ".measure dc nu_rhead param=    7.677365653213292e+01   " u="  7.677365653213292e+01  " id=0
Netlist line no. 78:
insertnumber: fails.
  s = ".measure dc nu_vcoef param=    1.728336200784272e-12   " u="  1.728336200784272e-12  " id=0
Netlist line no. 82:
insertnumber: fails.
  s = ".measure dc ps_r10 param=    2.136406330456871e+02   " u="  2.136406330456871e+02  " id=0
Netlist line no. 83:
insertnumber: fails.
  s = ".measure dc ps_r50 param=    1.022635556903570e+03   " u="  1.022635556903570e+03  " id=0
Netlist line no. 84:
insertnumber: fails.
  s = ".measure dc ps_r50_lo param=    1.022635556903577e+03   " u="  1.022635556903577e+03  " id=0
Netlist line no. 85:
insertnumber: fails.
  s = ".measure dc ps_rsh param=    2.022487309644707e+01   " u="  2.022487309644707e+01  " id=0
Netlist line no. 86:
insertnumber: fails.
  s = ".measure dc ps_rhead param=    1.139190208121641e+01   " u="  1.139190208121641e+01  " id=0
Netlist line no. 87:
insertnumber: fails.
  s = ".measure dc ps_vcoef param=   -7.658407610671409e-13   " u=" -7.658407610671409e-13  " id=0
