2026-09-21 10:57:04 +0000: Memory Usage (365888K) : Starting running GF180MCU Klayout LVS runset on /home/ubuntu/GitHub/gf180-pll/.loom/worktrees/issue-440/layout/evidence/lock-detector-layout/lock_detector.gds
2026-09-21 10:57:04 +0000: Memory Usage (365888K) : Ruby Version for klayout: 3.2.3
2026-09-21 10:57:04 +0000: Memory Usage (366972K) : Loading database to memory is complete.
2026-09-21 10:57:04 +0000: Memory Usage (366972K) : GF180MCU Klayout LVS runset output at: /tmp/lockdet_lvs_committed/lock_detector.lvsdb
2026-09-21 10:57:04 +0000: Memory Usage (366972K) : Evaluate switches.
2026-09-21 10:57:04 +0000: Memory Usage (366972K) : Substrate name used: VSS
2026-09-21 10:57:04 +0000: Memory Usage (366972K) : Extracted netlist with net names: true
2026-09-21 10:57:04 +0000: Memory Usage (366972K) : Extracted netlist with comments in details: false
2026-09-21 10:57:04 +0000: Memory Usage (366972K) : LVS extracted netlist at: /tmp/lockdet_lvs_committed/lock_detector.cir
2026-09-21 10:57:04 +0000: Memory Usage (366972K) : LVS device_scaling option: false
2026-09-21 10:57:04 +0000: Memory Usage (366972K) : Selected SCH_SIMPLE option: false
2026-09-21 10:57:04 +0000: Memory Usage (366972K) : Selected NET_ONLY option: false
2026-09-21 10:57:04 +0000: Memory Usage (366972K) : Selected TOP_LVL_PINS option: false
2026-09-21 10:57:04 +0000: Memory Usage (366972K) : Selected COMBINE option: false
2026-09-21 10:57:04 +0000: Memory Usage (366972K) : Selected PURGE option: false
2026-09-21 10:57:04 +0000: Memory Usage (366972K) : Selected PURGE_NETS option: false
2026-09-21 10:57:04 +0000: Memory Usage (366972K) : Selected SIMPLIFY option: true
2026-09-21 10:57:04 +0000: Memory Usage (366972K) : Verbose mode: false
2026-09-21 10:57:04 +0000: Memory Usage (366972K) : deep  mode is enabled.
2026-09-21 10:57:04 +0000: Memory Usage (366972K) : METAL_TOP Selected is 11K
2026-09-21 10:57:04 +0000: Memory Usage (366972K) : METAL_STACK Selected is 5LM
2026-09-21 10:57:04 +0000: Memory Usage (366972K) : POLY_RES Selected is 3k
2026-09-21 10:57:04 +0000: Memory Usage (366972K) : MIM Option selected: B
2026-09-21 10:57:04 +0000: Memory Usage (366972K) : MIM CAP selected: 2
2026-09-21 10:57:04 +0000: Memory Usage (367304K) : Netlist file: /tmp/lock_detector_ref.spice
2026-09-21 10:57:04 +0000: Memory Usage (367304K) : Read in polygons from layers.
2026-09-21 10:57:04 +0000: Memory Usage (368412K) : comp has 75 polygons
2026-09-21 10:57:04 +0000: Memory Usage (368456K) : dnwell has 0 polygons
2026-09-21 10:57:04 +0000: Memory Usage (368524K) : nwell has 1 polygons
2026-09-21 10:57:04 +0000: Memory Usage (368580K) : lvpwell has 0 polygons
2026-09-21 10:57:04 +0000: Memory Usage (368640K) : dualgate has 0 polygons
2026-09-21 10:57:04 +0000: Memory Usage (368684K) : poly2 has 90 polygons
2026-09-21 10:57:04 +0000: Memory Usage (368708K) : nplus has 38 polygons
2026-09-21 10:57:04 +0000: Memory Usage (368708K) : pplus has 33 polygons
2026-09-21 10:57:04 +0000: Memory Usage (368708K) : sab has 0 polygons
2026-09-21 10:57:04 +0000: Memory Usage (368708K) : esd has 0 polygons
2026-09-21 10:57:04 +0000: Memory Usage (368708K) : resistor has 0 polygons
2026-09-21 10:57:04 +0000: Memory Usage (368708K) : fhres has 0 polygons
2026-09-21 10:57:04 +0000: Memory Usage (368708K) : fusetop has 0 polygons
2026-09-21 10:57:04 +0000: Memory Usage (368708K) : fusewindow_d has 0 polygons
2026-09-21 10:57:04 +0000: Memory Usage (368708K) : polyfuse has 0 polygons
2026-09-21 10:57:04 +0000: Memory Usage (368708K) : mvsd has 0 polygons
2026-09-21 10:57:04 +0000: Memory Usage (368708K) : mvpsd has 0 polygons
2026-09-21 10:57:04 +0000: Memory Usage (368708K) : nat has 0 polygons
2026-09-21 10:57:04 +0000: Memory Usage (368708K) : comp_dummy has 0 polygons
2026-09-21 10:57:04 +0000: Memory Usage (368708K) : poly2_dummy has 0 polygons
2026-09-21 10:57:05 +0000: Memory Usage (368708K) : schottky_diode has 0 polygons
2026-09-21 10:57:05 +0000: Memory Usage (368708K) : zener has 0 polygons
2026-09-21 10:57:05 +0000: Memory Usage (368708K) : res_mk has 0 polygons
2026-09-21 10:57:05 +0000: Memory Usage (368708K) : opc_drc has 0 polygons
2026-09-21 10:57:05 +0000: Memory Usage (368708K) : ndmy has 0 polygons
2026-09-21 10:57:05 +0000: Memory Usage (368708K) : pmndmy has 0 polygons
2026-09-21 10:57:05 +0000: Memory Usage (368708K) : v5_xtor has 0 polygons
2026-09-21 10:57:05 +0000: Memory Usage (368708K) : cap_mk has 0 polygons
2026-09-21 10:57:05 +0000: Memory Usage (368708K) : mos_cap_mk has 0 polygons
2026-09-21 10:57:05 +0000: Memory Usage (368708K) : ind_mk has 0 polygons
2026-09-21 10:57:05 +0000: Memory Usage (368708K) : diode_mk has 0 polygons
2026-09-21 10:57:05 +0000: Memory Usage (368708K) : drc_bjt has 0 polygons
2026-09-21 10:57:05 +0000: Memory Usage (368708K) : lvs_bjt has 0 polygons
2026-09-21 10:57:05 +0000: Memory Usage (368708K) : mim_l_mk has 0 polygons
2026-09-21 10:57:05 +0000: Memory Usage (368708K) : latchup_mk has 0 polygons
2026-09-21 10:57:05 +0000: Memory Usage (368708K) : guard_ring_mk has 0 polygons
2026-09-21 10:57:05 +0000: Memory Usage (368708K) : otp_mk has 0 polygons
2026-09-21 10:57:05 +0000: Memory Usage (368708K) : mtpmark has 0 polygons
2026-09-21 10:57:05 +0000: Memory Usage (368708K) : neo_ee_mk has 0 polygons
2026-09-21 10:57:05 +0000: Memory Usage (368940K) : sramcore has 0 polygons
2026-09-21 10:57:05 +0000: Memory Usage (368940K) : lvs_rf has 0 polygons
2026-09-21 10:57:05 +0000: Memory Usage (368940K) : lvs_drain has 0 polygons
2026-09-21 10:57:05 +0000: Memory Usage (368960K) : ind_mk has 0 polygons
2026-09-21 10:57:05 +0000: Memory Usage (368980K) : hvpolyrs has 0 polygons
2026-09-21 10:57:05 +0000: Memory Usage (369020K) : lvs_io has 0 polygons
2026-09-21 10:57:05 +0000: Memory Usage (369080K) : probe_mk has 0 polygons
2026-09-21 10:57:05 +0000: Memory Usage (369136K) : esd_mk has 0 polygons
2026-09-21 10:57:05 +0000: Memory Usage (369192K) : lvs_source has 0 polygons
2026-09-21 10:57:05 +0000: Memory Usage (369244K) : well_diode_mk has 0 polygons
2026-09-21 10:57:05 +0000: Memory Usage (369300K) : ldmos_xtor has 0 polygons
2026-09-21 10:57:05 +0000: Memory Usage (369360K) : plfuse has 0 polygons
2026-09-21 10:57:05 +0000: Memory Usage (369412K) : efuse_mk has 0 polygons
2026-09-21 10:57:05 +0000: Memory Usage (369468K) : mcell_feol_mk has 0 polygons
2026-09-21 10:57:05 +0000: Memory Usage (369520K) : ymtp_mk has 0 polygons
2026-09-21 10:57:05 +0000: Memory Usage (369576K) : dev_wf_mk has 0 polygons
2026-09-21 10:57:05 +0000: Memory Usage (369576K) : comp_label has 0 polygons
2026-09-21 10:57:05 +0000: Memory Usage (369576K) : poly2_label has 0 polygons
2026-09-21 10:57:05 +0000: Memory Usage (369576K) : mdiode has 0 polygons
2026-09-21 10:57:05 +0000: Memory Usage (369640K) : contact has 627 polygons
2026-09-21 10:57:05 +0000: Memory Usage (369640K) : metal1_drawn has 282 polygons
2026-09-21 10:57:05 +0000: Memory Usage (369640K) : metal1_dummy has 0 polygons
2026-09-21 10:57:05 +0000: Memory Usage (369680K) : metal1_label has 0 polygons
2026-09-21 10:57:05 +0000: Memory Usage (369680K) : metal1_slot has 0 polygons
2026-09-21 10:57:05 +0000: Memory Usage (369680K) : metal1_blk has 0 polygons
2026-09-21 10:57:05 +0000: Memory Usage (369680K) : metal1_res has 0 polygons
2026-09-21 10:57:05 +0000: Memory Usage (369680K) : via1 has 121 polygons
2026-09-21 10:57:05 +0000: Memory Usage (369680K) : metal2_drawn has 265 polygons
2026-09-21 10:57:05 +0000: Memory Usage (369680K) : metal2_dummy has 0 polygons
2026-09-21 10:57:05 +0000: Memory Usage (369680K) : metal2_label has 0 polygons
2026-09-21 10:57:05 +0000: Memory Usage (369680K) : metal2_slot has 0 polygons
2026-09-21 10:57:05 +0000: Memory Usage (369680K) : metal2_blk has 0 polygons
2026-09-21 10:57:05 +0000: Memory Usage (369680K) : metal2_res has 0 polygons
2026-09-21 10:57:05 +0000: Memory Usage (369680K) : via2 has 242 polygons
2026-09-21 10:57:05 +0000: Memory Usage (369680K) : metal3_drawn has 363 polygons
2026-09-21 10:57:05 +0000: Memory Usage (369680K) : metal3_dummy has 0 polygons
2026-09-21 10:57:05 +0000: Memory Usage (369680K) : metal3_label has 0 polygons
2026-09-21 10:57:05 +0000: Memory Usage (369680K) : metal3_slot has 0 polygons
2026-09-21 10:57:05 +0000: Memory Usage (369680K) : metal3_blk has 0 polygons
2026-09-21 10:57:05 +0000: Memory Usage (369680K) : metal3_res has 0 polygons
2026-09-21 10:57:05 +0000: Memory Usage (369680K) : via3 has 0 polygons
2026-09-21 10:57:05 +0000: Memory Usage (369680K) : metal4_drawn has 0 polygons
2026-09-21 10:57:05 +0000: Memory Usage (369680K) : metal4_dummy has 0 polygons
2026-09-21 10:57:05 +0000: Memory Usage (369680K) : metal4_label has 0 polygons
2026-09-21 10:57:05 +0000: Memory Usage (369680K) : metal4_slot has 0 polygons
2026-09-21 10:57:05 +0000: Memory Usage (369680K) : metal4_blk has 0 polygons
2026-09-21 10:57:05 +0000: Memory Usage (369680K) : metal4_res has 0 polygons
2026-09-21 10:57:05 +0000: Memory Usage (369680K) : via4 has 0 polygons
2026-09-21 10:57:05 +0000: Memory Usage (369736K) : metal5_drawn has 0 polygons
2026-09-21 10:57:05 +0000: Memory Usage (369736K) : metal5_dummy has 0 polygons
2026-09-21 10:57:05 +0000: Memory Usage (369736K) : metal5_label has 0 polygons
2026-09-21 10:57:05 +0000: Memory Usage (369776K) : metal5_slot has 0 polygons
2026-09-21 10:57:05 +0000: Memory Usage (369776K) : metal5_blk has 0 polygons
2026-09-21 10:57:05 +0000: Memory Usage (369832K) : metal5_res has 0 polygons
2026-09-21 10:57:05 +0000: Memory Usage (369948K) : pad has 0 polygons
2026-09-21 10:57:05 +0000: Memory Usage (370004K) : ubmpperi has 0 polygons
2026-09-21 10:57:05 +0000: Memory Usage (370004K) : ubmparray has 0 polygons
2026-09-21 10:57:05 +0000: Memory Usage (370004K) : ubmeplate has 0 polygons
2026-09-21 10:57:06 +0000: Memory Usage (370004K) : pr_bndry has 0 polygons
2026-09-21 10:57:06 +0000: Memory Usage (370004K) : border has 0 polygons
2026-09-21 10:57:06 +0000: Memory Usage (370004K) : Total no. of polygons in the design is 2137
2026-09-21 10:57:06 +0000: Memory Usage (370004K) : Starting deriving base layers.
2026-09-21 10:57:06 +0000: Memory Usage (370004K) : Starting GF180MCU LVS runset
2026-09-21 10:57:06 +0000: Memory Usage (370004K) : Starting base layers derivations
2026-09-21 10:57:06 +0000: Memory Usage (373372K) : Starting MOSFET DERIVATIONS
2026-09-21 10:57:06 +0000: Memory Usage (373944K) : Starting PMOS layers DERIVATIONS
2026-09-21 10:57:06 +0000: Memory Usage (375664K) : Starting NMOS layers DERIVATIONS
2026-09-21 10:57:06 +0000: Memory Usage (377848K) : Starting BJT DERIVATIONS
2026-09-21 10:57:06 +0000: Memory Usage (377848K) : Starting vnpn layers DERIVATIONS
2026-09-21 10:57:06 +0000: Memory Usage (382764K) : Starting vpnp layers DERIVATIONS
2026-09-21 10:57:06 +0000: Memory Usage (385236K) : Starting DIODE DERIVATIONS
2026-09-21 10:57:06 +0000: Memory Usage (387188K) : Starting RESISTOR DERIVATIONS
2026-09-21 10:57:06 +0000: Memory Usage (381448K) : Starting MIMCAP DERIVATIONS
2026-09-21 10:57:06 +0000: Memory Usage (381448K) : Starting MOSCAP DERIVATIONS
2026-09-21 10:57:06 +0000: Memory Usage (381448K) : Starting MOS SAB DERIVATIONS
2026-09-21 10:57:06 +0000: Memory Usage (381448K) : Starting PMOS SAB DERIVATIONS
2026-09-21 10:57:06 +0000: Memory Usage (381448K) : Starting NMOS SAB DERIVATIONS
2026-09-21 10:57:06 +0000: Memory Usage (381448K) : Starting NMOS EFUSE DERIVATIONS
2026-09-21 10:57:06 +0000: Memory Usage (381448K) : Starting GF180 LVS connectivity setup
2026-09-21 10:57:06 +0000: Memory Usage (381448K) : Starting GF180 LVS connectivity setup (Inter-layer)
2026-09-21 10:57:06 +0000: Memory Usage (381448K) : Starting GF180 LVS connectivity setup (Global)
2026-09-21 10:57:06 +0000: Memory Usage (381448K) : Starting GF180 LVS connectivity setup (Multifinger Devices)
2026-09-21 10:57:06 +0000: Memory Usage (381448K) : Starting LVS MOSFET CONNECTIONS
2026-09-21 10:57:06 +0000: Memory Usage (381448K) : Starting LVS BJT CONNECTIONS
2026-09-21 10:57:06 +0000: Memory Usage (381448K) : Starting LVS DIODE CONNECTIONS
2026-09-21 10:57:06 +0000: Memory Usage (381448K) : Starting LVS MIMCAP CONNECTIONS
2026-09-21 10:57:06 +0000: Memory Usage (381448K) : Starting LVS RESISTOR CONNECTIONS
2026-09-21 10:57:06 +0000: Memory Usage (381448K) : Starting LVS EFUSE CONNECTIONS
2026-09-21 10:57:06 +0000: Memory Usage (381448K) : Starting GF180 LVS DEVICES EXTRACTION
2026-09-21 10:57:06 +0000: Memory Usage (381448K) : Starting MOSFET EXTRACTION
2026-09-21 10:57:06 +0000: Memory Usage (381448K) : Starting PMOS EXTRACTION
2026-09-21 10:57:06 +0000: Memory Usage (381448K) : Extracting 3.3V PMOS transistor outside DNWEL
2026-09-21 10:57:06 +0000: Memory Usage (381852K) : Extracting 5V PMOS transistor outside DNWELL
2026-09-21 10:57:06 +0000: Memory Usage (381852K) : Extracting 6V PMOS transistor outside DNWELL
2026-09-21 10:57:06 +0000: Memory Usage (381852K) : Extracting 3.3V PMOS transistor inside DNWELL
2026-09-21 10:57:06 +0000: Memory Usage (381852K) : Extracting 5V PMOS transistor inside DNWELL
2026-09-21 10:57:06 +0000: Memory Usage (381852K) : Extracting 6V PMOS transistor inside DNWELL
2026-09-21 10:57:06 +0000: Memory Usage (381852K) : Extracting LDPMOS transistor
2026-09-21 10:57:06 +0000: Memory Usage (381852K) : Starting NMOS EXTRACTION
2026-09-21 10:57:06 +0000: Memory Usage (381852K) : 3.3V NMOS transistor outside DNWELL
2026-09-21 10:57:06 +0000: Memory Usage (381852K) : 5V NMOS transistor outside DNWELL
2026-09-21 10:57:06 +0000: Memory Usage (381852K) : 6V NMOS transistor outside DNWELL
2026-09-21 10:57:06 +0000: Memory Usage (381852K) : 3.3V NMOS transistor inside DNWELL
2026-09-21 10:57:06 +0000: Memory Usage (381852K) : 5V NMOS transistor inside DNWELL
2026-09-21 10:57:06 +0000: Memory Usage (381852K) : 6V NMOS transistor inside DNWELL
2026-09-21 10:57:06 +0000: Memory Usage (381852K) : Native Vt NMOS transistor
2026-09-21 10:57:07 +0000: Memory Usage (381852K) : Extracting LDNMOS transistor
2026-09-21 10:57:07 +0000: Memory Usage (381852K) : Starting BJT EXTRACTION
2026-09-21 10:57:07 +0000: Memory Usage (381852K) : Starting vnpn BJT EXTRACTION
2026-09-21 10:57:07 +0000: Memory Usage (381852K) : Extracting npn_10p00x10p00 BJT
2026-09-21 10:57:07 +0000: Memory Usage (381852K) : Extracting npn_05p00x05p00 BJT
2026-09-21 10:57:07 +0000: Memory Usage (381852K) : Extracting npn_00p54x16p00 BJT
2026-09-21 10:57:07 +0000: Memory Usage (381852K) : Extracting npn_00p54x08p00 BJT
2026-09-21 10:57:07 +0000: Memory Usage (381852K) : Extracting npn_00p54x04p00 BJT
2026-09-21 10:57:07 +0000: Memory Usage (381852K) : Extracting npn_00p54x02p00 BJT
2026-09-21 10:57:07 +0000: Memory Usage (381852K) : Starting vpnp BJT EXTRACTION
2026-09-21 10:57:07 +0000: Memory Usage (381852K) : Extracting pnp_10p00x10p00 BJT
2026-09-21 10:57:07 +0000: Memory Usage (381852K) : Extracting pnp_05p00x05p00 BJT
2026-09-21 10:57:07 +0000: Memory Usage (381852K) : Extracting pnp_10p00x00p42 BJT
2026-09-21 10:57:07 +0000: Memory Usage (381852K) : Extracting pnp_05p00x00p42 BJT
2026-09-21 10:57:07 +0000: Memory Usage (381852K) : Starting DIODE EXTRACTION
2026-09-21 10:57:07 +0000: Memory Usage (381852K) : Extracting diode_nd2ps_03v3 diode
2026-09-21 10:57:07 +0000: Memory Usage (381852K) : Extracting diode_nd2ps_03v3_dn diode
2026-09-21 10:57:07 +0000: Memory Usage (381852K) : Extracting diode_nd2ps_06v0 diode
2026-09-21 10:57:07 +0000: Memory Usage (381852K) : Extracting diode_nd2ps_06v0_dn diode
2026-09-21 10:57:07 +0000: Memory Usage (381852K) : Extracting diode_pd2nw_03v3 diode
2026-09-21 10:57:07 +0000: Memory Usage (381852K) : Extractingdiode_pd2nw_03v3_dn diode
2026-09-21 10:57:07 +0000: Memory Usage (381852K) : Extracting diode_pd2nw_06v0 diode
2026-09-21 10:57:07 +0000: Memory Usage (381852K) : Extracting diode_pd2nw_06v0_dn diode
2026-09-21 10:57:07 +0000: Memory Usage (381852K) : Extracting diode_nw2ps_03v3 diode
2026-09-21 10:57:07 +0000: Memory Usage (381852K) : Extracting diode_nw2ps_06v0 diode
2026-09-21 10:57:07 +0000: Memory Usage (381852K) : Extracting diode_pw2dw_03v3 diode
2026-09-21 10:57:07 +0000: Memory Usage (381852K) : Extracting diode_pw2dw_06v0 diode
2026-09-21 10:57:07 +0000: Memory Usage (381852K) : Extracting diode_dw2ps_03v3 diode
2026-09-21 10:57:07 +0000: Memory Usage (381852K) : Extracting diode_dw2ps_06v0 diode
2026-09-21 10:57:07 +0000: Memory Usage (381852K) : Extracting sc_diode diode
2026-09-21 10:57:07 +0000: Memory Usage (381852K) : Starting RESISTOR EXTRACTION
2026-09-21 10:57:07 +0000: Memory Usage (381852K) : Extracting NPLUS_U device
2026-09-21 10:57:07 +0000: Memory Usage (381852K) : Extracting NPLUS_U_DW device
2026-09-21 10:57:07 +0000: Memory Usage (381852K) : Extracting PPLUS_U device
2026-09-21 10:57:07 +0000: Memory Usage (381852K) : Extracting PPLUS_U_DW device
2026-09-21 10:57:07 +0000: Memory Usage (381852K) : Extracting NPLUS_S device
2026-09-21 10:57:07 +0000: Memory Usage (381852K) : Extracting NPLUS_S_DW device
2026-09-21 10:57:07 +0000: Memory Usage (381852K) : Extracting PPLUS_S device
2026-09-21 10:57:07 +0000: Memory Usage (381852K) : Extracting PPLUS_S_DW device
2026-09-21 10:57:07 +0000: Memory Usage (381852K) : Extracting NWELL device
2026-09-21 10:57:07 +0000: Memory Usage (381852K) : Extracting PWELL device
2026-09-21 10:57:07 +0000: Memory Usage (381852K) : Extracting NPOLYF_U device
2026-09-21 10:57:07 +0000: Memory Usage (381852K) : Extracting NPOLYF_U_DW device
2026-09-21 10:57:07 +0000: Memory Usage (381852K) : Extracting PPOLYF_U device
2026-09-21 10:57:07 +0000: Memory Usage (381852K) : Extracting PPOLYF_U_DW device
2026-09-21 10:57:07 +0000: Memory Usage (381852K) : Extracting NPOLYF_S device
2026-09-21 10:57:07 +0000: Memory Usage (381852K) : Extracting NPOLYF_S_DW device
2026-09-21 10:57:07 +0000: Memory Usage (381852K) : Extracting PPOLYF_S device
2026-09-21 10:57:07 +0000: Memory Usage (381852K) : Extracting PPOLYF_S_DW device
2026-09-21 10:57:07 +0000: Memory Usage (381852K) : Extracting PPOLYF_U_3K device
2026-09-21 10:57:07 +0000: Memory Usage (381852K) : Extracting PPOLYF_U_DW_3K device
2026-09-21 10:57:07 +0000: Memory Usage (381852K) : Extracting PPOLYF_U_3K_6p0 device
2026-09-21 10:57:07 +0000: Memory Usage (381852K) : Extracting PPOLYF_U_DW_3K_6p0 device
2026-09-21 10:57:07 +0000: Memory Usage (381852K) : Extracting RM1 device
2026-09-21 10:57:07 +0000: Memory Usage (381852K) : Extracting RM2 device
2026-09-21 10:57:07 +0000: Memory Usage (381852K) : Extracting RM3 device
2026-09-21 10:57:07 +0000: Memory Usage (381852K) : Extracting TM11K device
2026-09-21 10:57:07 +0000: Memory Usage (381852K) : Starting MIMCAP EXTRACTION
2026-09-21 10:57:07 +0000: Memory Usage (381852K) : Extracting cap_mim2f0 device
2026-09-21 10:57:07 +0000: Memory Usage (381852K) : Starting MOSCAP EXTRACTION
2026-09-21 10:57:07 +0000: Memory Usage (381852K) : Extracting cap_nmos_03v3 device
2026-09-21 10:57:07 +0000: Memory Usage (381852K) : Extracting cap_nmos_03v3_dn device
2026-09-21 10:57:07 +0000: Memory Usage (381852K) : Extracting cap_pmos_03v3 device
2026-09-21 10:57:07 +0000: Memory Usage (381852K) : Extracting cap_pmos_03v3_dn device
2026-09-21 10:57:07 +0000: Memory Usage (381852K) : Extracting cap_nmos_06v0 device
2026-09-21 10:57:07 +0000: Memory Usage (381852K) : Extracting cap_nmos_06v0_dn device
2026-09-21 10:57:07 +0000: Memory Usage (381852K) : Extracting cap_pmos_06v0 device
2026-09-21 10:57:07 +0000: Memory Usage (381852K) : Extracting cap_pmos_06v0 device
2026-09-21 10:57:07 +0000: Memory Usage (381852K) : Extracting cap_pmos_03v3_b device
2026-09-21 10:57:07 +0000: Memory Usage (381852K) : Extracting cap_nmos_06v0_b device
2026-09-21 10:57:07 +0000: Memory Usage (381852K) : Extracting cap_pmos_06v0_b device
2026-09-21 10:57:07 +0000: Memory Usage (381852K) : Starting MOS SAB EXTRACTION
2026-09-21 10:57:07 +0000: Memory Usage (381852K) : Starting PMOS SAB EXTRACTION
2026-09-21 10:57:07 +0000: Memory Usage (381852K) : Extracting 3.3V ESD PMOS transistor outside DNWELL device
2026-09-21 10:57:08 +0000: Memory Usage (381852K) : Extracting 5V ESD PMOS transistor outside DNWELL device
2026-09-21 10:57:08 +0000: Memory Usage (381852K) : Extracting 6V ESD PMOS transistor outside DNWELL device
2026-09-21 10:57:08 +0000: Memory Usage (381852K) : Extracting 3.3V ESD PMOS transistor inside DNWELL device
2026-09-21 10:57:08 +0000: Memory Usage (381852K) : Extracting 5V ESD PMOS transistor inside DNWELL device
2026-09-21 10:57:08 +0000: Memory Usage (381852K) : Extracting 6V ESD PMOS transistor inside DNWELL device
2026-09-21 10:57:08 +0000: Memory Usage (381852K) : Starting NMOS SAB EXTRACTION
2026-09-21 10:57:08 +0000: Memory Usage (381852K) : Extracting 3.3V ESD NMOS transistor outside DNWELL device
2026-09-21 10:57:08 +0000: Memory Usage (381852K) : Extracting 5V ESD NMOS transistor outside DNWELL device
2026-09-21 10:57:08 +0000: Memory Usage (381852K) : Extracting 6V ESD NMOS transistor outside DNWELL device
2026-09-21 10:57:08 +0000: Memory Usage (381852K) : Extracting 3.3V ESD NMOS transistor inside DNWELL device
2026-09-21 10:57:08 +0000: Memory Usage (381852K) : Extracting 5V ESD NMOS transistor inside DNWELL device
2026-09-21 10:57:08 +0000: Memory Usage (381852K) : Extracting 6V ESD NMOS transistor inside DNWELL device
2026-09-21 10:57:08 +0000: Memory Usage (381852K) : Starting EFUSE EXTRACTION
2026-09-21 10:57:08 +0000: Memory Usage (381852K) : Starting GF180 LVS comparison section
2026-09-21 10:57:08 +0000: Memory Usage (381852K) : LVS Total Run time 3.915044 seconds
2026-09-21 10:57:08 +0000: Memory Usage (381852K) : xxxxxxxxxxxxxxxxxxxxxxxxxxxxxxxxxxxxxxxxxx
2026-09-21 10:57:08 +0000: Memory Usage (381852K) : ERROR : Netlists don't match
2026-09-21 10:57:08 +0000: Memory Usage (381852K) : xxxxxxxxxxxxxxxxxxxxxxxxxxxxxxxxxxxxxxxxxx
21-Sep-2026 10:57:03 | INFO    | poly_res switch overridden to 3k (see /home/ubuntu/GitHub/gf180-pll/.loom/worktrees/issue-440/layout/harness/_pdk_lvs_poly_res.py)
21-Sep-2026 10:57:03 | INFO    | Your Klayout version is: KLayout 0.28.16
21-Sep-2026 10:57:03 | INFO    | Running Global Foundries 180nm MCU /home/ubuntu/.volare/gf180mcuD/libs.tech/klayout/lvs/gf180mcu.lvs checks on design /home/ubuntu/GitHub/gf180-pll/.loom/worktrees/issue-440/layout/evidence/lock-detector-layout/lock_detector.gds on cell lock_detector
