
Note: Compatibility modes selected: hs a


Circuit: * lock-window-sizing @ all-slow_27c_2.97v_w10 -- generated by sim/harness, do not edit

Doing analysis at TEMP = 27.000000 and TNOM = 27.000000

Using SPARSE 1.3 as Direct Linear Solver

Initial Transient Solution
--------------------------

Node                                   Voltage
----                                   -------
vdd                                       2.97
step                                         0
xctl.d1                                   2.97
xctl.d2                            5.51741e-09
xctl.d3                                   2.97
octl                               5.51741e-09
v1                                        2.97
v2                                 5.51741e-09
v3                                        2.97
ovar                               5.51741e-09
vstep#branch                                 0
vdd#branch                        -2.39778e-11

 Reference value :  6.78250e-09
 Reference value :  2.10375e-08
 Reference value :  3.54275e-08
No. of Data Rows : 8020

  Measurements for Transient Analysis

twin_r              =  1.74001e-09 targ=  3.79001e-09 trig=  2.05000e-09
twin_f              =  1.74914e-09 targ=  2.38991e-08 trig=  2.21500e-08
ctl_r               =  1.43411e-09 targ=  3.48411e-09 trig=  2.05000e-09
ctl_f               =  1.44185e-09 targ=  2.35918e-08 trig=  2.21500e-08

ngspice-46 done

Warning: m=xx on .subckt line will override multiplier m hierarchy!

