
Note: Compatibility modes selected: hs a


Circuit: * pfd-deadzone @ ff_27c_3.63v_1n -- generated by sim/harness, do not edit

Doing analysis at TEMP = 27.000000 and TNOM = 27.000000

Using SPARSE 1.3 as Direct Linear Solver

Initial Transient Solution
--------------------------

Node                                   Voltage
----                                   -------
vdd                                       3.63
vss                                          0
ref                                          0
fb                                           0
b0                                           0
b1                                        3.63
ibn                                   0.607671
icn                                   0.710712
ibp                                    2.90487
icp                                    2.79112
xdut.xpfd.xed_ref.d1                      3.63
xdut.xpfd.xed_ref.d2               1.18155e-08
xdut.xpfd.xed_ref.d3                      3.63
xdut.xpfd.xed_ref.d4               1.18155e-08
xdut.xpfd.xed_ref.d5                      3.63
xdut.xpfd.xed_ref.nn                      3.63
xdut.xpfd.xed_ref.xnd.ni           8.75765e-09
xdut.xpfd.pr                       1.18155e-08
xdut.xpfd.xed_fb.d1                       3.63
xdut.xpfd.xed_fb.d2                1.18155e-08
xdut.xpfd.xed_fb.d3                       3.63
xdut.xpfd.xed_fb.d4                1.18155e-08
xdut.xpfd.xed_fb.d5                       3.63
xdut.xpfd.xed_fb.nn                       3.63
xdut.xpfd.xed_fb.xnd.ni            8.75765e-09
xdut.xpfd.pf                       1.18155e-08
xdut.xpfd.sbr                             3.63
xdut.xpfd.sbf                             3.63
up                                 2.50052e-08
xdut.xpfd.upb                             3.63
xdut.xpfd.xlat_ref.xn1.ni          1.25026e-08
xdut.xpfd.rb                              3.63
xdut.xpfd.xlat_ref.xn2.ni              3.09392
dn                                 2.50052e-08
xdut.xpfd.dnb                             3.63
xdut.xpfd.xlat_fb.xn1.ni           1.25026e-08
xdut.xpfd.xlat_fb.xn2.ni               3.09392
xdut.xpfd.nrst                            3.63
xdut.xpfd.xnand_rst.ni               0.0615731
xdut.xpfd.rst_raw                  1.18155e-08
xdut.xpfd.rd1                             3.63
xdut.xpfd.rd2                      1.18155e-08
xdut.xpfd.rd3                             3.63
xdut.xpfd.rd4                      1.18155e-08
xdut.xpfd.rd5                             3.63
xdut.xpfd.rd6                      1.18155e-08
xdut.xpfd.rd7                             3.63
xdut.xpfd.rd8                      1.18155e-08
xdut.xpfd.rd9                             3.63
xdut.xpfd.rd10                     1.18155e-08
xdut.xpfd.rd11                            3.63
xdut.xpfd.rd12                     1.18155e-08
xdut.xpfd.rd13                            3.63
xdut.xpfd.rd14                     1.18155e-08
xdut.xpfd.rd15                            3.63
xdut.xpfd.rd16                     1.18155e-08
xdut.xpfd.rd17                            3.63
xdut.xpfd.rd18                     1.18155e-08
xdut.xpfd.rd19                            3.63
xdut.xpfd.rd20                     1.18155e-08
xdut.xpfd.rd21                            3.63
xdut.xpfd.rd22                     1.18155e-08
xdut.xpfd.rd23                            3.63
xdut.xpfd.rst_dly                  1.18155e-08
xdut.xcp.b0b                              3.63
xdut.xcp.b1b                       1.18155e-08
xdut.xcp.upb                              3.63
xdut.xcp.dnb                              3.63
xdut.xcp.xn_base.bg                   0.607671
xdut.xcp.xn_base.mid                 0.0832674
xdut.xcp.dnt                           1.64799
xdut.xcp.xn_t0.bg                  8.97944e-10
xdut.xcp.xn_t0.mid                    0.464224
xdut.xcp.xn_t1a.bg                    0.607671
xdut.xcp.xn_t1a.mid                  0.0832674
xdut.xcp.xn_t1b.bg                    0.607671
xdut.xcp.xn_t1b.mid                  0.0832674
xdut.xcp.xp_base.bg                    2.90487
xdut.xcp.xp_base.mid                    3.5439
xdut.xcp.upt                           1.66179
xdut.xcp.xp_t0.bg                         3.63
xdut.xcp.xp_t0.mid                     1.46087
xdut.xcp.xp_t1a.bg                     2.90487
xdut.xcp.xp_t1a.mid                     3.5439
xdut.xcp.xp_t1b.bg                     2.90487
xdut.xcp.xp_t1b.mid                     3.5439
vout                                      1.65
xdut.xcp.vdump                         1.65005
xdut.xcp.xbuf.nsrc                    0.828773
xdut.xcp.xbuf.nda                      2.90229
xdut.xcp.xbuf.psrc                     2.33362
xdut.xcp.xbuf.pda                     0.570917
vctrl_src                                 1.65
vctrl#branch                      -1.21988e-11
vam#branch                        -1.05488e-11
vb1#branch                           -3.63e-12
vb0#branch                                   0
vfb#branch                                   0
vref#branch                                  0
vss#branch                         3.78032e-05
vdd#branch                         -5.3804e-05

 Reference value :  0.00000e+00
 Reference value :  2.65600e-10
 Reference value :  5.23100e-10
 Reference value :  1.02310e-09
 Reference value :  2.00310e-09
 Reference value :  2.60310e-09
 Reference value :  2.97060e-09
 Reference value :  3.35810e-09
 Reference value :  4.13810e-09
 Reference value :  4.87810e-09
 Reference value :  5.39810e-09
 Reference value :  6.19810e-09
 Reference value :  6.75810e-09
 Reference value :  7.51810e-09
 Reference value :  8.29810e-09
 Reference value :  8.77810e-09
 Reference value :  9.77810e-09
 Reference value :  1.02781e-08
 Reference value :  1.08381e-08
 Reference value :  1.13781e-08
 Reference value :  1.19581e-08
 Reference value :  1.23781e-08
 Reference value :  1.28556e-08
 Reference value :  1.35756e-08
 Reference value :  1.42356e-08
 Reference value :  1.50156e-08
 Reference value :  1.57356e-08
 Reference value :  1.62156e-08
 Reference value :  1.70156e-08
 Reference value :  1.75781e-08
 Reference value :  1.81531e-08
 Reference value :  1.91531e-08
 Reference value :  1.96531e-08
 Reference value :  2.07677e-08
 Reference value :  2.20550e-08
 Reference value :  2.31088e-08
 Reference value :  2.49491e-08
 Reference value :  2.77891e-08
 Reference value :  3.05891e-08
 Reference value :  3.34691e-08
 Reference value :  3.64091e-08
 Reference value :  3.94291e-08
 Reference value :  4.14877e-08
 Reference value :  4.38519e-08
 Reference value :  4.61319e-08
 Reference value :  4.84319e-08
 Reference value :  5.04319e-08
 Reference value :  5.18319e-08
 Reference value :  5.40919e-08
 Reference value :  5.57144e-08
 Reference value :  5.76894e-08
 Reference value :  5.98894e-08
 Reference value :  6.13803e-08
 Reference value :  6.23303e-08
 Reference value :  6.33430e-08
 Reference value :  6.54690e-08
 Reference value :  6.81490e-08
 Reference value :  7.08290e-08
 Reference value :  7.35290e-08
 Reference value :  7.64090e-08
 Reference value :  7.95490e-08
 Reference value :  8.15007e-08
 Reference value :  8.41319e-08
 Reference value :  8.54919e-08
 Reference value :  8.78519e-08
 Reference value :  9.00919e-08
 Reference value :  9.25319e-08
 Reference value :  9.41119e-08
 Reference value :  9.61519e-08
 Reference value :  9.82519e-08
 Reference value :  9.91719e-08
 Reference value :  1.01110e-07
 Reference value :  1.02425e-07
 Reference value :  1.03519e-07
 Reference value :  1.06469e-07
 Reference value :  1.09429e-07
 Reference value :  1.12589e-07
 Reference value :  1.15529e-07
 Reference value :  1.18429e-07
 Reference value :  1.20972e-07
 Reference value :  1.23312e-07
 Reference value :  1.25452e-07
 Reference value :  1.27572e-07
 Reference value :  1.29512e-07
 Reference value :  1.31572e-07
 Reference value :  1.33672e-07
 Reference value :  1.35432e-07
 Reference value :  1.37192e-07
 Reference value :  1.38612e-07
No. of Data Rows : 7420

  Measurements for Transient Analysis

qnet2               =   1.76393e-15 from=  6.00000e-08 to=  1.40000e-07
qnet                =  8.81963e-16
width_up            =  2.24389e-09 targ=  1.02598e-07 trig=  1.00354e-07
width_dn            =  1.27003e-09 targ=  1.02603e-07 trig=  1.01333e-07

Doing analysis at TEMP = 27.000000 and TNOM = 27.000000

Using SPARSE 1.3 as Direct Linear Solver

  Measurements for Transient Analysis

qnet2               =   1.76393e-15 from=  6.00000e-08 to=  1.40000e-07
qnet                =   failed
width_up            =  2.24389e-09 targ=  1.02598e-07 trig=  1.00354e-07
width_dn            =  1.27003e-09 targ=  1.02603e-07 trig=  1.01333e-07


Total analysis time (seconds) = 215.157

Total elapsed time (seconds) = 218.966 

Total DRAM available = 98304.000 MB.
DRAM currently available = 12404.109 MB.
Maximum ngspice program size =   26.594 MB.
Current ngspice program size =   26.594 MB.


Warning: m=xx on .subckt line will override multiplier m hierarchy!

Error in netlist line no. 1414, new internal line no. 35:

insertnumber: fails.
  s = ".measure tran qnet param=    8.819625032570055e-16   " u="  8.819625032570055e-16  " id=0
