
Note: Compatibility modes selected: hs a


Circuit: * pfd-deadzone @ sf_27c_3.30v_0 -- generated by sim/harness, do not edit

Doing analysis at TEMP = 27.000000 and TNOM = 27.000000

Using SPARSE 1.3 as Direct Linear Solver

Initial Transient Solution
--------------------------

Node                                   Voltage
----                                   -------
vdd                                        3.3
vss                                          0
ref                                          0
fb                                           0
b0                                           0
b1                                         3.3
ibn                                   0.799915
icn                                   0.908402
ibp                                    2.54007
icp                                    2.42449
xdut.xpfd.xed_ref.d1                       3.3
xdut.xpfd.xed_ref.d2               1.18703e-08
xdut.xpfd.xed_ref.d3                       3.3
xdut.xpfd.xed_ref.d4               1.18703e-08
xdut.xpfd.xed_ref.d5                       3.3
xdut.xpfd.xed_ref.nn                       3.3
xdut.xpfd.xed_ref.xnd.ni           5.12058e-11
xdut.xpfd.pr                       1.18703e-08
xdut.xpfd.xed_fb.d1                        3.3
xdut.xpfd.xed_fb.d2                1.18703e-08
xdut.xpfd.xed_fb.d3                        3.3
xdut.xpfd.xed_fb.d4                1.18703e-08
xdut.xpfd.xed_fb.d5                        3.3
xdut.xpfd.xed_fb.nn                        3.3
xdut.xpfd.xed_fb.xnd.ni            5.12058e-11
xdut.xpfd.pf                       1.18703e-08
xdut.xpfd.sbr                              3.3
xdut.xpfd.sbf                              3.3
up                                 2.45975e-08
xdut.xpfd.upb                              3.3
xdut.xpfd.xlat_ref.xn1.ni          1.22987e-08
xdut.xpfd.rb                               3.3
xdut.xpfd.xlat_ref.xn2.ni              2.61443
dn                                 2.45975e-08
xdut.xpfd.dnb                              3.3
xdut.xpfd.xlat_fb.xn1.ni           1.22987e-08
xdut.xpfd.xlat_fb.xn2.ni               2.61443
xdut.xpfd.nrst                             3.3
xdut.xpfd.xnand_rst.ni              0.00479014
xdut.xpfd.rst_raw                  1.18703e-08
xdut.xpfd.rd1                              3.3
xdut.xpfd.rd2                      1.18703e-08
xdut.xpfd.rd3                              3.3
xdut.xpfd.rd4                      1.18703e-08
xdut.xpfd.rd5                              3.3
xdut.xpfd.rd6                      1.18703e-08
xdut.xpfd.rd7                              3.3
xdut.xpfd.rd8                      1.18703e-08
xdut.xpfd.rd9                              3.3
xdut.xpfd.rd10                     1.18703e-08
xdut.xpfd.rd11                             3.3
xdut.xpfd.rd12                     1.18703e-08
xdut.xpfd.rd13                             3.3
xdut.xpfd.rd14                     1.18703e-08
xdut.xpfd.rd15                             3.3
xdut.xpfd.rd16                     1.18703e-08
xdut.xpfd.rd17                             3.3
xdut.xpfd.rd18                     1.18703e-08
xdut.xpfd.rd19                             3.3
xdut.xpfd.rd20                     1.18703e-08
xdut.xpfd.rd21                             3.3
xdut.xpfd.rd22                     1.18703e-08
xdut.xpfd.rd23                             3.3
xdut.xpfd.rst_dly                  1.18703e-08
xdut.xcp.b0b                               3.3
xdut.xcp.b1b                       1.18703e-08
xdut.xcp.upb                               3.3
xdut.xcp.dnb                               3.3
xdut.xcp.xn_base.bg                   0.799915
xdut.xcp.xn_base.mid                 0.0856659
xdut.xcp.dnt                           1.64655
xdut.xcp.xn_t0.bg                  1.05071e-11
xdut.xcp.xn_t0.mid                    0.469971
xdut.xcp.xn_t1a.bg                    0.799915
xdut.xcp.xn_t1a.mid                  0.0856659
xdut.xcp.xn_t1b.bg                    0.799915
xdut.xcp.xn_t1b.mid                  0.0856659
xdut.xcp.xp_base.bg                    2.54007
xdut.xcp.xp_base.mid                   3.21349
xdut.xcp.upt                           1.66211
xdut.xcp.xp_t0.bg                          3.3
xdut.xcp.xp_t0.mid                     1.32462
xdut.xcp.xp_t1a.bg                     2.54007
xdut.xcp.xp_t1a.mid                    3.21349
xdut.xcp.xp_t1b.bg                     2.54007
xdut.xcp.xp_t1b.mid                    3.21349
vout                                      1.65
xdut.xcp.vdump                         1.65019
xdut.xcp.xbuf.nsrc                    0.665716
xdut.xcp.xbuf.nda                      2.53928
xdut.xcp.xbuf.psrc                     2.36758
xdut.xcp.xbuf.pda                     0.761205
vctrl_src                                 1.65
vctrl#branch                      -1.31986e-11
vam#branch                        -1.15486e-11
vb1#branch                            -3.3e-12
vb0#branch                                   0
vfb#branch                                   0
vref#branch                                  0
vss#branch                         3.74632e-05
vdd#branch                        -5.34639e-05

 Reference value :  0.00000e+00
 Reference value :  1.60560e-09
 Reference value :  2.62560e-09
 Reference value :  4.36560e-09
 Reference value :  5.84560e-09
 Reference value :  7.40560e-09
 Reference value :  8.96560e-09
 Reference value :  9.96560e-09
 Reference value :  1.13056e-08
 Reference value :  1.27656e-08
 Reference value :  1.40256e-08
 Reference value :  1.54856e-08
 Reference value :  1.61231e-08
 Reference value :  1.74031e-08
 Reference value :  1.90631e-08
 Reference value :  2.08282e-08
 Reference value :  2.23403e-08
 Reference value :  2.41230e-08
 Reference value :  2.69230e-08
 Reference value :  2.96630e-08
 Reference value :  3.24430e-08
 Reference value :  3.52430e-08
 Reference value :  3.81430e-08
 Reference value :  4.06515e-08
 Reference value :  4.36315e-08
 Reference value :  4.64115e-08
 Reference value :  4.91915e-08
 Reference value :  5.19915e-08
 Reference value :  5.47315e-08
 Reference value :  5.76115e-08
 Reference value :  6.02826e-08
 Reference value :  6.23668e-08
 Reference value :  6.43429e-08
 Reference value :  6.78429e-08
 Reference value :  7.08629e-08
 Reference value :  7.37429e-08
 Reference value :  7.66829e-08
 Reference value :  7.95829e-08
 Reference value :  8.20315e-08
 Reference value :  8.49315e-08
 Reference value :  8.79515e-08
 Reference value :  9.07115e-08
 Reference value :  9.34515e-08
 Reference value :  9.69315e-08
 Reference value :  9.97915e-08
 Reference value :  1.01540e-07
 Reference value :  1.03064e-07
 Reference value :  1.05903e-07
 Reference value :  1.08983e-07
 Reference value :  1.12123e-07
 Reference value :  1.15163e-07
 Reference value :  1.18163e-07
 Reference value :  1.20571e-07
 Reference value :  1.23171e-07
 Reference value :  1.26071e-07
 Reference value :  1.28931e-07
 Reference value :  1.31691e-07
 Reference value :  1.34491e-07
 Reference value :  1.37411e-07
No. of Data Rows : 7208

  Measurements for Transient Analysis

qnet2               =   -2.80408e-15 from=  6.00000e-08 to=  1.40000e-07
qnet                =  -1.40204e-15
width_up            =  1.66387e-09 targ=  1.02082e-07 trig=  1.00418e-07
width_dn            =  1.68898e-09 targ=  1.02083e-07 trig=  1.00394e-07

Doing analysis at TEMP = 27.000000 and TNOM = 27.000000

Using SPARSE 1.3 as Direct Linear Solver

  Measurements for Transient Analysis

qnet2               =   -2.80408e-15 from=  6.00000e-08 to=  1.40000e-07
qnet                =   failed
width_up            =  1.66387e-09 targ=  1.02082e-07 trig=  1.00418e-07
width_dn            =  1.68898e-09 targ=  1.02083e-07 trig=  1.00394e-07


Total analysis time (seconds) = 88.9013

Total elapsed time (seconds) = 90.836 

Total DRAM available = 98304.000 MB.
DRAM currently available =  246.469 MB.
Maximum ngspice program size =   26.438 MB.
Current ngspice program size =   26.438 MB.


Warning: m=xx on .subckt line will override multiplier m hierarchy!

Error in netlist line no. 1414, new internal line no. 35:

insertnumber: fails.
  s = ".measure tran qnet param=   -1.402040361904297e-15   " u=" -1.402040361904297e-15  " id=0
