
Note: Compatibility modes selected: hs a


Circuit: * pfd-deadzone @ ss_-40c_3.63v_-1n -- generated by sim/harness, do not edit

Doing analysis at TEMP = -40.000000 and TNOM = 27.000000

Using SPARSE 1.3 as Direct Linear Solver

Initial Transient Solution
--------------------------

Node                                   Voltage
----                                   -------
vdd                                       3.63
vss                                          0
ref                                          0
fb                                           0
b0                                           0
b1                                        3.63
ibn                                   0.890678
icn                                   0.986412
ibp                                    2.58811
icp                                    2.48346
xdut.xpfd.xed_ref.d1                      3.63
xdut.xpfd.xed_ref.d2               1.04111e-08
xdut.xpfd.xed_ref.d3                      3.63
xdut.xpfd.xed_ref.d4               1.04111e-08
xdut.xpfd.xed_ref.d5                      3.63
xdut.xpfd.xed_ref.nn                      3.63
xdut.xpfd.xed_ref.xnd.ni            1.3898e-14
xdut.xpfd.pr                       1.04111e-08
xdut.xpfd.xed_fb.d1                       3.63
xdut.xpfd.xed_fb.d2                1.04111e-08
xdut.xpfd.xed_fb.d3                       3.63
xdut.xpfd.xed_fb.d4                1.04111e-08
xdut.xpfd.xed_fb.d5                       3.63
xdut.xpfd.xed_fb.nn                       3.63
xdut.xpfd.xed_fb.xnd.ni             1.3898e-14
xdut.xpfd.pf                       1.04111e-08
xdut.xpfd.sbr                             3.63
xdut.xpfd.sbf                             3.63
up                                 2.13646e-08
xdut.xpfd.upb                             3.63
xdut.xpfd.xlat_ref.xn1.ni          1.06823e-08
xdut.xpfd.rb                              3.63
xdut.xpfd.xlat_ref.xn2.ni              2.76947
dn                                 2.13646e-08
xdut.xpfd.dnb                             3.63
xdut.xpfd.xlat_fb.xn1.ni           1.06823e-08
xdut.xpfd.xlat_fb.xn2.ni               2.76947
xdut.xpfd.nrst                            3.63
xdut.xpfd.xnand_rst.ni             1.96527e-06
xdut.xpfd.rst_raw                  1.04111e-08
xdut.xpfd.rd1                             3.63
xdut.xpfd.rd2                      1.04111e-08
xdut.xpfd.rd3                             3.63
xdut.xpfd.rd4                      1.04111e-08
xdut.xpfd.rd5                             3.63
xdut.xpfd.rd6                      1.04111e-08
xdut.xpfd.rd7                             3.63
xdut.xpfd.rd8                      1.04111e-08
xdut.xpfd.rd9                             3.63
xdut.xpfd.rd10                     1.04111e-08
xdut.xpfd.rd11                            3.63
xdut.xpfd.rd12                     1.04111e-08
xdut.xpfd.rd13                            3.63
xdut.xpfd.rd14                     1.04111e-08
xdut.xpfd.rd15                            3.63
xdut.xpfd.rd16                     1.04111e-08
xdut.xpfd.rd17                            3.63
xdut.xpfd.rd18                     1.04111e-08
xdut.xpfd.rd19                            3.63
xdut.xpfd.rd20                     1.04111e-08
xdut.xpfd.rd21                            3.63
xdut.xpfd.rd22                     1.04111e-08
xdut.xpfd.rd23                            3.63
xdut.xpfd.rst_dly                  1.04111e-08
xdut.xcp.b0b                              3.63
xdut.xcp.b1b                       1.04111e-08
xdut.xcp.upb                              3.63
xdut.xcp.dnb                              3.63
xdut.xcp.xn_base.bg                   0.890678
xdut.xcp.xn_base.mid                  0.075001
xdut.xcp.dnt                           1.64914
xdut.xcp.xn_t0.bg                  1.69066e-15
xdut.xcp.xn_t0.mid                    0.386387
xdut.xcp.xn_t1a.bg                    0.890678
xdut.xcp.xn_t1a.mid                   0.075001
xdut.xcp.xn_t1b.bg                    0.890678
xdut.xcp.xn_t1b.mid                   0.075001
xdut.xcp.xp_base.bg                    2.58811
xdut.xcp.xp_base.mid                   3.55305
xdut.xcp.upt                           1.67777
xdut.xcp.xp_t0.bg                         3.63
xdut.xcp.xp_t0.mid                      1.4542
xdut.xcp.xp_t1a.bg                     2.58811
xdut.xcp.xp_t1a.mid                    3.55305
xdut.xcp.xp_t1b.bg                     2.58811
xdut.xcp.xp_t1b.mid                    3.55305
vout                                      1.65
xdut.xcp.vdump                         1.65121
xdut.xcp.xbuf.nsrc                    0.589856
xdut.xcp.xbuf.nda                      2.58834
xdut.xcp.xbuf.psrc                     2.65547
xdut.xcp.xbuf.pda                     0.857239
vctrl_src                                 1.65
vctrl#branch                      -1.22097e-11
vam#branch                        -1.05597e-11
vb1#branch                           -3.63e-12
vb0#branch                                   0
vfb#branch                                   0
vref#branch                                  0
vss#branch                         3.71757e-05
vdd#branch                        -5.31765e-05

 Reference value :  0.00000e+00
 Reference value :  1.56560e-09
 Reference value :  2.96560e-09
 Reference value :  3.68560e-09
 Reference value :  4.92560e-09
 Reference value :  5.26560e-09
 Reference value :  5.42560e-09
 Reference value :  5.62060e-09
 Reference value :  5.73310e-09
 Reference value :  6.03060e-09
 Reference value :  6.40810e-09
 Reference value :  6.62810e-09
 Reference value :  7.14810e-09
 Reference value :  7.82810e-09
 Reference value :  9.16810e-09
 Reference value :  1.04281e-08
 Reference value :  1.22081e-08
 Reference value :  1.36881e-08
 Reference value :  1.54306e-08
 Reference value :  1.68856e-08
 Reference value :  1.80656e-08
 Reference value :  1.98909e-08
 Reference value :  2.11875e-08
 Reference value :  2.24797e-08
 Reference value :  2.41151e-08
 Reference value :  2.69751e-08
 Reference value :  3.00351e-08
 Reference value :  3.28551e-08
 Reference value :  3.58551e-08
 Reference value :  3.87351e-08
 Reference value :  4.05899e-08
 Reference value :  4.33452e-08
 Reference value :  4.72052e-08
 Reference value :  5.03052e-08
 Reference value :  5.39652e-08
 Reference value :  5.68452e-08
 Reference value :  5.93524e-08
 Reference value :  6.11875e-08
 Reference value :  6.24962e-08
 Reference value :  6.41156e-08
 Reference value :  6.69156e-08
 Reference value :  6.97356e-08
 Reference value :  7.26956e-08
 Reference value :  7.57156e-08
 Reference value :  7.85756e-08
 Reference value :  8.05810e-08
 Reference value :  8.32852e-08
 Reference value :  8.63852e-08
 Reference value :  8.94852e-08
 Reference value :  9.24852e-08
 Reference value :  9.53652e-08
 Reference value :  9.88252e-08
 Reference value :  1.00628e-07
 Reference value :  1.01843e-07
 Reference value :  1.03155e-07
 Reference value :  1.06316e-07
 Reference value :  1.10196e-07
 Reference value :  1.14436e-07
 Reference value :  1.17696e-07
 Reference value :  1.20467e-07
 Reference value :  1.24125e-07
 Reference value :  1.27265e-07
 Reference value :  1.30185e-07
 Reference value :  1.33045e-07
 Reference value :  1.35785e-07
 Reference value :  1.38585e-07
No. of Data Rows : 7387

  Measurements for Transient Analysis

qnet2               =   -1.70324e-14 from=  6.00000e-08 to=  1.40000e-07
qnet                =  -8.51620e-15
width_up            =  1.56510e-09 targ=  1.01968e-07 trig=  1.00403e-07
width_dn            =  2.58449e-09 targ=  1.01970e-07 trig=  9.93851e-08

Doing analysis at TEMP = -40.000000 and TNOM = 27.000000

Using SPARSE 1.3 as Direct Linear Solver

  Measurements for Transient Analysis

qnet2               =   -1.70324e-14 from=  6.00000e-08 to=  1.40000e-07
qnet                =   failed
width_up            =  1.56510e-09 targ=  1.01968e-07 trig=  1.00403e-07
width_dn            =  2.58449e-09 targ=  1.01970e-07 trig=  9.93851e-08


Total analysis time (seconds) = 121.225

Total elapsed time (seconds) = 123.770 

Total DRAM available = 98304.000 MB.
DRAM currently available = 16879.844 MB.
Maximum ngspice program size =   26.562 MB.
Current ngspice program size =   26.562 MB.


Warning: m=xx on .subckt line will override multiplier m hierarchy!

Note: Starting dynamic gmin stepping
Warning: Dynamic gmin stepping failed
Note: Starting true gmin stepping
Note: True gmin stepping completed
Error in netlist line no. 1414, new internal line no. 35:

insertnumber: fails.
  s = ".measure tran qnet param=   -8.516195926349866e-15   " u=" -8.516195926349866e-15  " id=0
