
Note: Compatibility modes selected: hs a


Circuit: * pfd-deadzone @ ss_125c_2.97v_1n -- generated by sim/harness, do not edit

Doing analysis at TEMP = 125.000000 and TNOM = 27.000000

Using SPARSE 1.3 as Direct Linear Solver

Initial Transient Solution
--------------------------

Node                                   Voltage
----                                   -------
vdd                                       2.97
vss                                          0
ref                                          0
fb                                           0
b0                                           0
b1                                        2.97
ibn                                   0.745522
icn                                   0.874805
ibp                                    2.09235
icp                                     1.9436
xdut.xpfd.xed_ref.d1                      2.97
xdut.xpfd.xed_ref.d2               1.91615e-08
xdut.xpfd.xed_ref.d3                      2.97
xdut.xpfd.xed_ref.d4               1.91615e-08
xdut.xpfd.xed_ref.d5                      2.97
xdut.xpfd.xed_ref.nn                      2.97
xdut.xpfd.xed_ref.xnd.ni           2.21249e-08
xdut.xpfd.pr                       1.91615e-08
xdut.xpfd.xed_fb.d1                       2.97
xdut.xpfd.xed_fb.d2                1.91615e-08
xdut.xpfd.xed_fb.d3                       2.97
xdut.xpfd.xed_fb.d4                1.91615e-08
xdut.xpfd.xed_fb.d5                       2.97
xdut.xpfd.xed_fb.nn                       2.97
xdut.xpfd.xed_fb.xnd.ni            2.21249e-08
xdut.xpfd.pf                       1.91615e-08
xdut.xpfd.sbr                             2.97
xdut.xpfd.sbf                             2.97
up                                 3.94996e-08
xdut.xpfd.upb                             2.97
xdut.xpfd.xlat_ref.xn1.ni          1.97498e-08
xdut.xpfd.rb                              2.97
xdut.xpfd.xlat_ref.xn2.ni              2.44101
dn                                 3.94996e-08
xdut.xpfd.dnb                             2.97
xdut.xpfd.xlat_fb.xn1.ni           1.97498e-08
xdut.xpfd.xlat_fb.xn2.ni               2.44101
xdut.xpfd.nrst                            2.97
xdut.xpfd.xnand_rst.ni               0.0540706
xdut.xpfd.rst_raw                  1.91615e-08
xdut.xpfd.rd1                             2.97
xdut.xpfd.rd2                      1.91615e-08
xdut.xpfd.rd3                             2.97
xdut.xpfd.rd4                      1.91615e-08
xdut.xpfd.rd5                             2.97
xdut.xpfd.rd6                      1.91615e-08
xdut.xpfd.rd7                             2.97
xdut.xpfd.rd8                      1.91615e-08
xdut.xpfd.rd9                             2.97
xdut.xpfd.rd10                     1.91615e-08
xdut.xpfd.rd11                            2.97
xdut.xpfd.rd12                     1.91615e-08
xdut.xpfd.rd13                            2.97
xdut.xpfd.rd14                     1.91615e-08
xdut.xpfd.rd15                            2.97
xdut.xpfd.rd16                     1.91615e-08
xdut.xpfd.rd17                            2.97
xdut.xpfd.rd18                     1.91615e-08
xdut.xpfd.rd19                            2.97
xdut.xpfd.rd20                     1.91615e-08
xdut.xpfd.rd21                            2.97
xdut.xpfd.rd22                     1.91615e-08
xdut.xpfd.rd23                            2.97
xdut.xpfd.rst_dly                  1.91615e-08
xdut.xcp.b0b                              2.97
xdut.xcp.b1b                       1.91615e-08
xdut.xcp.upb                              2.97
xdut.xcp.dnb                              2.97
xdut.xcp.xn_base.bg                   0.745522
xdut.xcp.xn_base.mid                  0.101942
xdut.xcp.dnt                           1.63892
xdut.xcp.xn_t0.bg                  7.36382e-09
xdut.xcp.xn_t0.mid                    0.575969
xdut.xcp.xn_t1a.bg                    0.745522
xdut.xcp.xn_t1a.mid                   0.101942
xdut.xcp.xn_t1b.bg                    0.745522
xdut.xcp.xn_t1b.mid                   0.101942
xdut.xcp.xp_base.bg                    2.09235
xdut.xcp.xp_base.mid                   2.86271
xdut.xcp.upt                           1.66936
xdut.xcp.xp_t0.bg                         2.97
xdut.xcp.xp_t0.mid                     1.59744
xdut.xcp.xp_t1a.bg                     2.09235
xdut.xcp.xp_t1a.mid                    2.86271
xdut.xcp.xp_t1b.bg                     2.09235
xdut.xcp.xp_t1b.mid                    2.86271
vout                                      1.65
xdut.xcp.vdump                         1.64833
xdut.xcp.xbuf.nsrc                    0.706753
xdut.xcp.xbuf.nda                      2.09069
xdut.xcp.xbuf.psrc                     2.47033
xdut.xcp.xbuf.pda                     0.696047
vctrl_src                                 1.65
vctrl#branch                      -1.41071e-11
vam#branch                        -1.24571e-11
vb1#branch                           -2.97e-12
vb0#branch                                   0
vfb#branch                                   0
vref#branch                                  0
vss#branch                         3.74325e-05
vdd#branch                        -5.34332e-05

 Reference value :  0.00000e+00
 Reference value :  9.28100e-10
 Reference value :  2.36310e-09
 Reference value :  2.72310e-09
 Reference value :  2.98310e-09
 Reference value :  3.34560e-09
 Reference value :  3.82060e-09
 Reference value :  4.05810e-09
 Reference value :  4.40060e-09
 Reference value :  4.91560e-09
 Reference value :  5.47560e-09
 Reference value :  6.15560e-09
 Reference value :  6.23560e-09
 Reference value :  6.63560e-09
 Reference value :  6.97310e-09
 Reference value :  7.33310e-09
 Reference value :  7.57560e-09
 Reference value :  8.01060e-09
 Reference value :  8.35060e-09
 Reference value :  8.77060e-09
 Reference value :  9.07060e-09
 Reference value :  9.38810e-09
 Reference value :  9.66560e-09
 Reference value :  9.78560e-09
 Reference value :  1.02581e-08
 Reference value :  1.04781e-08
 Reference value :  1.07106e-08
 Reference value :  1.10906e-08
 Reference value :  1.12281e-08
 Reference value :  1.13831e-08
 Reference value :  1.18606e-08
 Reference value :  1.20981e-08
 Reference value :  1.23156e-08
 Reference value :  1.24756e-08
 Reference value :  1.27331e-08
 Reference value :  1.32881e-08
 Reference value :  1.37656e-08
 Reference value :  1.39231e-08
 Reference value :  1.41031e-08
 Reference value :  1.47031e-08
 Reference value :  1.50806e-08
 Reference value :  1.54806e-08
 Reference value :  1.61006e-08
 Reference value :  1.67031e-08
 Reference value :  1.72556e-08
 Reference value :  1.74156e-08
 Reference value :  1.76156e-08
 Reference value :  1.78506e-08
 Reference value :  1.79731e-08
 Reference value :  1.83106e-08
 Reference value :  1.88656e-08
 Reference value :  1.91406e-08
 Reference value :  1.95731e-08
 Reference value :  2.01700e-08
 Reference value :  2.26900e-08
 Reference value :  2.54100e-08
 Reference value :  2.81300e-08
 Reference value :  3.08700e-08
 Reference value :  3.40300e-08
 Reference value :  3.72700e-08
 Reference value :  4.03700e-08
 Reference value :  4.32647e-08
 Reference value :  4.63447e-08
 Reference value :  4.88847e-08
 Reference value :  5.15047e-08
 Reference value :  5.43047e-08
 Reference value :  5.68447e-08
 Reference value :  5.92847e-08
 Reference value :  6.18100e-08
 Reference value :  6.49100e-08
 Reference value :  6.81100e-08
 Reference value :  7.12700e-08
 Reference value :  7.44700e-08
 Reference value :  7.75300e-08
 Reference value :  8.05687e-08
 Reference value :  8.35847e-08
 Reference value :  8.65647e-08
 Reference value :  8.90447e-08
 Reference value :  9.15847e-08
 Reference value :  9.41847e-08
 Reference value :  9.66647e-08
 Reference value :  9.89047e-08
 Reference value :  1.00970e-07
 Reference value :  1.03750e-07
 Reference value :  1.06670e-07
 Reference value :  1.09790e-07
 Reference value :  1.12870e-07
 Reference value :  1.15770e-07
 Reference value :  1.18650e-07
 Reference value :  1.21400e-07
 Reference value :  1.24405e-07
 Reference value :  1.27205e-07
 Reference value :  1.28747e-07
 Reference value :  1.30925e-07
 Reference value :  1.31737e-07
 Reference value :  1.33517e-07
 Reference value :  1.35497e-07
 Reference value :  1.37397e-07
 Reference value :  1.39437e-07
No. of Data Rows : 7166

  Measurements for Transient Analysis

qnet2               =   9.28770e-15 from=  6.00000e-08 to=  1.40000e-07
qnet                =  4.64385e-15
width_up            =  3.51524e-09 targ=  1.04111e-07 trig=  1.00596e-07
width_dn            =  2.54676e-09 targ=  1.04101e-07 trig=  1.01554e-07

Doing analysis at TEMP = 125.000000 and TNOM = 27.000000

Using SPARSE 1.3 as Direct Linear Solver

  Measurements for Transient Analysis

qnet2               =   9.28770e-15 from=  6.00000e-08 to=  1.40000e-07
qnet                =   failed
width_up            =  3.51524e-09 targ=  1.04111e-07 trig=  1.00596e-07
width_dn            =  2.54676e-09 targ=  1.04101e-07 trig=  1.01554e-07


Total analysis time (seconds) = 321.57

Total elapsed time (seconds) = 325.682 

Total DRAM available = 98304.000 MB.
DRAM currently available =  402.688 MB.
Maximum ngspice program size =   26.469 MB.
Current ngspice program size =   26.469 MB.


Warning: m=xx on .subckt line will override multiplier m hierarchy!

Note: Starting dynamic gmin stepping
Warning: Dynamic gmin stepping failed
Note: Starting true gmin stepping
Note: True gmin stepping completed
Error in netlist line no. 1414, new internal line no. 35:

insertnumber: fails.
  s = ".measure tran qnet param=    4.643848200934517e-15   " u="  4.643848200934517e-15  " id=0
