
Note: No compatibility mode selected!


Circuit: * lock-detector @ all-fast_-40c_3.30v_e4.0n -- generated by sim/harness, do not edit

Doing analysis at TEMP = -40.000000 and TNOM = 27.000000

Using SPARSE 1.3 as Direct Linear Solver

Initial Transient Solution
--------------------------

Node                                   Voltage
----                                   -------
vdd                                        3.3
upa                                          0
dna                                          0
xa.xerr.n1                                 3.3
xa.xerr.xg1.nmid                     0.0176705
xa.xerr.n2                                 3.3
xa.xerr.xg2.nmid                   4.94727e-11
xa.xerr.n3                                 3.3
xa.xerr.xg3.nmid                   4.94727e-11
xa.err                             8.62858e-09
xa.xerr.xg4.nmid                   4.31429e-09
xa.xdly.d1                                 3.3
xa.xdly.d2                         4.30377e-09
xa.xdly.d3                                 3.3
xa.errd                            4.30377e-09
xa.wideb                                   3.3
xa.xnw.nmid                          0.0176709
xa.wide                            4.30377e-09
vwina                                        0
xa.xsch.p1                                 3.3
xa.lockb                                   3.3
xa.xsch.n1                             2.74164
locka                              4.30377e-09
upb                                          0
dnb                                          0
xb.xerr.n1                                 3.3
xb.xerr.xg1.nmid                     0.0176705
xb.xerr.n2                                 3.3
xb.xerr.xg2.nmid                   4.94727e-11
xb.xerr.n3                                 3.3
xb.xerr.xg3.nmid                   4.94727e-11
xb.err                             8.62858e-09
xb.xerr.xg4.nmid                   4.31429e-09
xb.xdly.d1                                 3.3
xb.xdly.d2                         4.30377e-09
xb.xdly.d3                                 3.3
xb.errd                            4.30377e-09
xb.wideb                                   3.3
xb.xnw.nmid                          0.0176709
xb.wide                            4.30377e-09
vwinb                                        0
xb.xsch.p1                                 3.3
xb.lockb                                   3.3
xb.xsch.n1                             2.74163
lockb                              4.30377e-09
upc                                          0
dnc                                          0
xc.xerr.n1                                 3.3
xc.xerr.xg1.nmid                     0.0176705
xc.xerr.n2                                 3.3
xc.xerr.xg2.nmid                   4.94727e-11
xc.xerr.n3                                 3.3
xc.xerr.xg3.nmid                   4.94727e-11
xc.err                             8.62858e-09
xc.xerr.xg4.nmid                   4.31429e-09
xc.xdly.d1                                 3.3
xc.xdly.d2                         4.30377e-09
xc.xdly.d3                                 3.3
xc.errd                            4.30377e-09
xc.wideb                                   3.3
xc.xnw.nmid                          0.0176709
xc.wide                            4.30377e-09
vwinc                                        0
xc.xsch.p1                                 3.3
xc.lockb                                   3.3
xc.xsch.n1                             2.74163
lockc                              4.30377e-09
upd                                          0
dnd                                          0
xd.xerr.n1                                 3.3
xd.xerr.xg1.nmid                     0.0176705
xd.xerr.n2                                 3.3
xd.xerr.xg2.nmid                   4.94727e-11
xd.xerr.n3                                 3.3
xd.xerr.xg3.nmid                   4.94727e-11
xd.err                             8.62858e-09
xd.xerr.xg4.nmid                   4.31429e-09
xd.xdly.d1                                 3.3
xd.xdly.d2                         4.30377e-09
xd.xdly.d3                                 3.3
xd.errd                            4.30377e-09
xd.wideb                                   3.3
xd.xnw.nmid                          0.0176709
xd.wide                            4.30377e-09
vwind                                        0
xd.xsch.p1                                 3.3
xd.lockb                                   3.3
xd.xsch.n1                             2.74164
lockd                              4.30377e-09
upe1                                         0
upe2                                         0
upe1n                                      3.3
upe2n                                      3.3
upe                                8.62858e-09
xoe3.nmid                          4.31429e-09
dne                                          0
xe.xerr.n1                                 3.3
xe.xerr.xg1.nmid                     0.0176711
xe.xerr.n2                                 3.3
xe.xerr.xg2.nmid                   4.94729e-11
xe.xerr.n3                                 3.3
xe.xerr.xg3.nmid                   4.94729e-11
xe.err                             8.62858e-09
xe.xerr.xg4.nmid                   4.31429e-09
xe.xdly.d1                                 3.3
xe.xdly.d2                         4.30377e-09
xe.xdly.d3                                 3.3
xe.errd                            4.30377e-09
xe.wideb                                   3.3
xe.xnw.nmid                          0.0176709
xe.wide                            4.30377e-09
vwine                                        0
xe.xsch.p1                                 3.3
xe.lockb                                   3.3
xe.xsch.n1                             2.74164
locke                              4.30377e-09
wstep                                        0
xw.d1                                      3.3
xw.d2                              4.30377e-09
xw.d3                                      3.3
wout                               4.30377e-09
vwstep#branch                                0
vdne#branch                                  0
vupe2#branch                                 0
vupe1#branch                                 0
vdnd#branch                                  0
vupd#branch                                  0
vdnc#branch                                  0
vupc#branch                                  0
vdnb#branch                                  0
vupb#branch                                  0
vdna#branch                                  0
vupa#branch                                  0
vdd#branch                        -7.21766e-06

 Reference value :  1.94560e-08
 Reference value :  5.34837e-08
 Reference value :  8.72837e-08
 Reference value :  1.18069e-07
 Reference value :  1.44420e-07
 Reference value :  1.75884e-07
 Reference value :  2.04205e-07
 Reference value :  2.34866e-07
 Reference value :  2.60295e-07
 Reference value :  2.92884e-07
 Reference value :  3.22649e-07
 Reference value :  3.58420e-07
 Reference value :  3.82666e-07
 Reference value :  4.10284e-07
 Reference value :  4.41100e-07
 Reference value :  4.71646e-07
 Reference value :  5.00574e-07
 Reference value :  5.29084e-07
 Reference value :  5.63452e-07
 Reference value :  5.91395e-07
 Reference value :  6.17174e-07
 Reference value :  6.46284e-07
 Reference value :  6.81305e-07
 Reference value :  7.10121e-07
 Reference value :  7.34484e-07
 Reference value :  7.66684e-07
 Reference value :  7.98376e-07
 Reference value :  8.20950e-07
 Reference value :  8.50284e-07
 Reference value :  8.84592e-07
 Reference value :  9.13269e-07
 Reference value :  9.40030e-07
 Reference value :  9.70946e-07
 Reference value :  1.00120e-06
 Reference value :  1.02827e-06
 Reference value :  1.05568e-06
 Reference value :  1.08984e-06
 Reference value :  1.12029e-06
 Reference value :  1.15342e-06
 Reference value :  1.18043e-06
 Reference value :  1.20768e-06
 Reference value :  1.23947e-06
 Reference value :  1.26585e-06
 Reference value :  1.29828e-06
 Reference value :  1.32511e-06
 Reference value :  1.36060e-06
 Reference value :  1.38727e-06
 Reference value :  1.41149e-06
 Reference value :  1.44403e-06
 Reference value :  1.47805e-06
 Reference value :  1.50228e-06
 Reference value :  1.53010e-06
 Reference value :  1.56407e-06
 Reference value :  1.59178e-06
 Reference value :  1.61777e-06
 Reference value :  1.64628e-06
 Reference value :  1.68110e-06
 Reference value :  1.70908e-06
 Reference value :  1.73268e-06
 Reference value :  1.76708e-06
 Reference value :  1.79918e-06
 Reference value :  1.82133e-06
 Reference value :  1.85038e-06
 Reference value :  1.88406e-06
 Reference value :  1.91095e-06
 Reference value :  1.93828e-06
 Reference value :  1.97040e-06
 Reference value :  2.00110e-06
 Reference value :  2.02827e-06
 Reference value :  2.05628e-06
 Reference value :  2.08868e-06
 Reference value :  2.11983e-06
 Reference value :  2.14542e-06
 Reference value :  2.17628e-06
 Reference value :  2.20459e-06
 Reference value :  2.23507e-06
 Reference value :  2.26105e-06
 Reference value :  2.29121e-06
 Reference value :  2.32116e-06
 Reference value :  2.35282e-06
 Reference value :  2.38015e-06
 Reference value :  2.40513e-06
 Reference value :  2.43307e-06
 Reference value :  2.45628e-06
 Reference value :  2.48768e-06
 Reference value :  2.51427e-06
 Reference value :  2.53549e-06
 Reference value :  2.56948e-06
 Reference value :  2.60000e-06
 Reference value :  2.62006e-06
 Reference value :  2.64708e-06
 Reference value :  2.68022e-06
 Reference value :  2.70209e-06
 Reference value :  2.72899e-06
 Reference value :  2.76120e-06
 Reference value :  2.78467e-06
 Reference value :  2.80930e-06
 Reference value :  2.84027e-06
 Reference value :  2.86345e-06
 Reference value :  2.89075e-06
 Reference value :  2.92057e-06
 Reference value :  2.94342e-06
 Reference value :  2.97092e-06
 Reference value :  3.00083e-06
 Reference value :  3.02187e-06
 Reference value :  3.05006e-06
 Reference value :  3.08252e-06
 Reference value :  3.10928e-06
 Reference value :  3.13075e-06
 Reference value :  3.16412e-06
 Reference value :  3.19032e-06
 Reference value :  3.21218e-06
 Reference value :  3.24479e-06
 Reference value :  3.27965e-06
 Reference value :  3.30029e-06
 Reference value :  3.32521e-06
 Reference value :  3.36020e-06
 Reference value :  3.38113e-06
No. of Data Rows : 22970

  Measurements for Transient Analysis

twin_r              =  1.07083e-09 targ=  4.11208e-08 trig=  4.00500e-08
twin_f              =  1.06319e-09 targ=  2.41213e-07 trig=  2.40150e-07
tb_asrt             =   7.54742e-07
te_asrt             =   7.54742e-07
la_lvl              =  7.35068e-09 from=  3.06000e-06 to=  3.40000e-06
lb_lvl              =  3.30000e+00 from=  3.06000e-06 to=  3.40000e-06
lc_lvl              =  7.34266e-09 from=  3.06000e-06 to=  3.40000e-06
ld_lvl              =  4.20666e-09 from=  3.06000e-06 to=  3.40000e-06
le_lvl              =  -1.70815e-09 from=  3.06000e-06 to=  3.40000e-06
va_lvl              =  7.36592e-02 from=  3.06000e-06 to=  3.40000e-06
te_deas             =   2.40425e-06
le_pre              =  3.30000e+00 from=  2.16000e-06 to=  2.40001e-06
iavg                =  -1.58940e-04 from=  1.70000e-06 to=  3.40000e-06

ngspice-46 done


Error: measure  ta_asrt  when(WHEN) : out of interval
 .measure tran ta_asrt when v(locka)=    1.650000000000000e+00     rise=1 failed!


Error: measure  tc_asrt  when(WHEN) : out of interval
 .measure tran tc_asrt when v(lockc)=    1.650000000000000e+00     rise=1 failed!


Error: measure  td_asrt  when(WHEN) : out of interval
 .measure tran td_asrt when v(lockd)=    1.650000000000000e+00     rise=1 failed!

