
Note: No compatibility mode selected!


Circuit: * lock-detector @ ff_-40c_2.97v_e4.0n -- generated by sim/harness, do not edit

Doing analysis at TEMP = -40.000000 and TNOM = 27.000000

Using SPARSE 1.3 as Direct Linear Solver

Initial Transient Solution
--------------------------

Node                                   Voltage
----                                   -------
vdd                                       2.97
upa                                          0
dna                                          0
xa.xerr.n1                                2.97
xa.xerr.xg1.nmid                     0.0142824
xa.xerr.n2                                2.97
xa.xerr.xg2.nmid                   3.55193e-11
xa.xerr.n3                                2.97
xa.xerr.xg3.nmid                   3.55193e-11
xa.err                             7.62828e-09
xa.xerr.xg4.nmid                   3.81414e-09
xa.xdly.d1                                2.97
xa.xdly.d2                         3.82377e-09
xa.xdly.d3                                2.97
xa.errd                            3.82377e-09
xa.wideb                                  2.97
xa.xnw.nmid                          0.0142824
xa.wide                            3.82377e-09
vwina                                        0
xa.xsch.p1                                2.97
xa.lockb                                  2.97
xa.xsch.n1                             2.43213
locka                              3.82377e-09
upb                                          0
dnb                                          0
xb.xerr.n1                                2.97
xb.xerr.xg1.nmid                     0.0142824
xb.xerr.n2                                2.97
xb.xerr.xg2.nmid                   3.55193e-11
xb.xerr.n3                                2.97
xb.xerr.xg3.nmid                   3.55193e-11
xb.err                             7.62828e-09
xb.xerr.xg4.nmid                   3.81414e-09
xb.xdly.d1                                2.97
xb.xdly.d2                         3.82377e-09
xb.xdly.d3                                2.97
xb.errd                            3.82377e-09
xb.wideb                                  2.97
xb.xnw.nmid                          0.0142824
xb.wide                            3.82377e-09
vwinb                                        0
xb.xsch.p1                                2.97
xb.lockb                                  2.97
xb.xsch.n1                             2.43213
lockb                              3.82377e-09
upc                                          0
dnc                                          0
xc.xerr.n1                                2.97
xc.xerr.xg1.nmid                     0.0142824
xc.xerr.n2                                2.97
xc.xerr.xg2.nmid                   3.55193e-11
xc.xerr.n3                                2.97
xc.xerr.xg3.nmid                   3.55193e-11
xc.err                             7.62828e-09
xc.xerr.xg4.nmid                   3.81414e-09
xc.xdly.d1                                2.97
xc.xdly.d2                         3.82377e-09
xc.xdly.d3                                2.97
xc.errd                            3.82377e-09
xc.wideb                                  2.97
xc.xnw.nmid                          0.0142824
xc.wide                            3.82377e-09
vwinc                                        0
xc.xsch.p1                                2.97
xc.lockb                                  2.97
xc.xsch.n1                             2.43213
lockc                              3.82377e-09
upd                                          0
dnd                                          0
xd.xerr.n1                                2.97
xd.xerr.xg1.nmid                     0.0142824
xd.xerr.n2                                2.97
xd.xerr.xg2.nmid                   3.55193e-11
xd.xerr.n3                                2.97
xd.xerr.xg3.nmid                   3.55193e-11
xd.err                             7.62828e-09
xd.xerr.xg4.nmid                   3.81414e-09
xd.xdly.d1                                2.97
xd.xdly.d2                         3.82377e-09
xd.xdly.d3                                2.97
xd.errd                            3.82377e-09
xd.wideb                                  2.97
xd.xnw.nmid                          0.0142824
xd.wide                            3.82377e-09
vwind                                        0
xd.xsch.p1                                2.97
xd.lockb                                  2.97
xd.xsch.n1                             2.43213
lockd                              3.82377e-09
upe1                                         0
upe2                                         0
upe1n                                     2.97
upe2n                                     2.97
upe                                7.62828e-09
xoe3.nmid                          3.81414e-09
dne                                          0
xe.xerr.n1                                2.97
xe.xerr.xg1.nmid                     0.0142825
xe.xerr.n2                                2.97
xe.xerr.xg2.nmid                   3.55193e-11
xe.xerr.n3                                2.97
xe.xerr.xg3.nmid                   3.55193e-11
xe.err                             7.62828e-09
xe.xerr.xg4.nmid                   3.81414e-09
xe.xdly.d1                                2.97
xe.xdly.d2                         3.82377e-09
xe.xdly.d3                                2.97
xe.errd                            3.82377e-09
xe.wideb                                  2.97
xe.xnw.nmid                          0.0142824
xe.wide                            3.82377e-09
vwine                                        0
xe.xsch.p1                                2.97
xe.lockb                                  2.97
xe.xsch.n1                             2.43213
locke                              3.82377e-09
wstep                                        0
xw.d1                                     2.97
xw.d2                              3.82377e-09
xw.d3                                     2.97
wout                               3.82377e-09
vwstep#branch                                0
vdne#branch                                  0
vupe2#branch                                 0
vupe1#branch                                 0
vdnd#branch                                  0
vupd#branch                                  0
vdnc#branch                                  0
vupc#branch                                  0
vdnb#branch                                  0
vupb#branch                                  0
vdna#branch                                  0
vupa#branch                                  0
vdd#branch                        -5.57233e-06

 Reference value :  1.98560e-08
 Reference value :  5.25061e-08
 Reference value :  9.00300e-08
 Reference value :  1.20107e-07
 Reference value :  1.45428e-07
 Reference value :  1.76506e-07
 Reference value :  2.04404e-07
 Reference value :  2.35384e-07
 Reference value :  2.60451e-07
 Reference value :  2.91547e-07
 Reference value :  3.22058e-07
 Reference value :  3.56228e-07
 Reference value :  3.81597e-07
 Reference value :  4.08508e-07
 Reference value :  4.40619e-07
 Reference value :  4.70250e-07
 Reference value :  4.99506e-07
 Reference value :  5.25165e-07
 Reference value :  5.60394e-07
 Reference value :  5.85784e-07
 Reference value :  6.10293e-07
 Reference value :  6.41305e-07
 Reference value :  6.75050e-07
 Reference value :  7.01319e-07
 Reference value :  7.29106e-07
 Reference value :  7.62462e-07
 Reference value :  7.90065e-07
 Reference value :  8.11642e-07
 Reference value :  8.44010e-07
 Reference value :  8.76450e-07
 Reference value :  9.01119e-07
 Reference value :  9.28106e-07
 Reference value :  9.61662e-07
 Reference value :  9.90000e-07
 Reference value :  1.01202e-06
 Reference value :  1.04451e-06
 Reference value :  1.08020e-06
 Reference value :  1.10451e-06
 Reference value :  1.13010e-06
 Reference value :  1.16407e-06
 Reference value :  1.19121e-06
 Reference value :  1.21522e-06
 Reference value :  1.24520e-06
 Reference value :  1.28110e-06
 Reference value :  1.30891e-06
 Reference value :  1.33211e-06
 Reference value :  1.36631e-06
 Reference value :  1.39666e-06
 Reference value :  1.42027e-06
 Reference value :  1.45029e-06
 Reference value :  1.48420e-06
 Reference value :  1.51200e-06
 Reference value :  1.53811e-06
 Reference value :  1.57020e-06
 Reference value :  1.60039e-06
 Reference value :  1.62478e-06
 Reference value :  1.65231e-06
 Reference value :  1.68671e-06
 Reference value :  1.71820e-06
 Reference value :  1.74343e-06
 Reference value :  1.77491e-06
 Reference value :  1.80420e-06
 Reference value :  1.83378e-06
 Reference value :  1.86010e-06
 Reference value :  1.89120e-06
 Reference value :  1.92130e-06
 Reference value :  1.95403e-06
 Reference value :  1.98064e-06
 Reference value :  2.00691e-06
 Reference value :  2.04011e-06
 Reference value :  2.06645e-06
 Reference value :  2.09691e-06
 Reference value :  2.12451e-06
 Reference value :  2.16029e-06
 Reference value :  2.18658e-06
 Reference value :  2.21110e-06
 Reference value :  2.24225e-06
 Reference value :  2.27885e-06
 Reference value :  2.30271e-06
 Reference value :  2.33000e-06
 Reference value :  2.36366e-06
 Reference value :  2.39032e-06
 Reference value :  2.41125e-06
 Reference value :  2.44379e-06
 Reference value :  2.47385e-06
 Reference value :  2.50001e-06
 Reference value :  2.52520e-06
 Reference value :  2.56001e-06
 Reference value :  2.58084e-06
 Reference value :  2.60651e-06
 Reference value :  2.63678e-06
 Reference value :  2.66015e-06
 Reference value :  2.69042e-06
 Reference value :  2.72082e-06
 Reference value :  2.74563e-06
 Reference value :  2.77172e-06
 Reference value :  2.80151e-06
 Reference value :  2.82498e-06
 Reference value :  2.85066e-06
 Reference value :  2.88440e-06
 Reference value :  2.91065e-06
 Reference value :  2.93390e-06
 Reference value :  2.96691e-06
 Reference value :  2.99517e-06
 Reference value :  3.01683e-06
 Reference value :  3.04539e-06
 Reference value :  3.08012e-06
 Reference value :  3.10132e-06
 Reference value :  3.12851e-06
 Reference value :  3.16117e-06
 Reference value :  3.18478e-06
 Reference value :  3.20938e-06
 Reference value :  3.24011e-06
 Reference value :  3.26165e-06
 Reference value :  3.29051e-06
 Reference value :  3.32049e-06
 Reference value :  3.34343e-06
 Reference value :  3.37121e-06
No. of Data Rows : 22851

  Measurements for Transient Analysis

twin_r              =  1.12947e-09 targ=  4.11795e-08 trig=  4.00500e-08
twin_f              =  1.12110e-09 targ=  2.41271e-07 trig=  2.40150e-07
tb_asrt             =   8.56805e-07
te_asrt             =   8.56805e-07
la_lvl              =  7.54625e-09 from=  3.06000e-06 to=  3.40000e-06
lb_lvl              =  2.97000e+00 from=  3.06000e-06 to=  3.40000e-06
lc_lvl              =  7.64253e-09 from=  3.06000e-06 to=  3.40000e-06
ld_lvl              =  5.22330e-09 from=  3.06000e-06 to=  3.40000e-06
le_lvl              =  -4.58089e-10 from=  3.06000e-06 to=  3.40000e-06
va_lvl              =  5.43730e-02 from=  3.06000e-06 to=  3.40000e-06
te_deas             =   2.40436e-06
le_pre              =  2.97000e+00 from=  2.16000e-06 to=  2.40001e-06
iavg                =  -1.37822e-04 from=  1.70000e-06 to=  3.40000e-06

ngspice-46 done


Error: measure  ta_asrt  when(WHEN) : out of interval
 .measure tran ta_asrt when v(locka)=    1.485000000000000e+00     rise=1 failed!


Error: measure  tc_asrt  when(WHEN) : out of interval
 .measure tran tc_asrt when v(lockc)=    1.485000000000000e+00     rise=1 failed!


Error: measure  td_asrt  when(WHEN) : out of interval
 .measure tran td_asrt when v(lockd)=    1.485000000000000e+00     rise=1 failed!

