
Note: No compatibility mode selected!


Circuit: * lock-detector @ ff_125c_2.97v_e3.0n -- generated by sim/harness, do not edit

Doing analysis at TEMP = 125.000000 and TNOM = 27.000000

Using SPARSE 1.3 as Direct Linear Solver

Initial Transient Solution
--------------------------

Node                                   Voltage
----                                   -------
vdd                                       2.97
upa                                          0
dna                                          0
xa.xerr.n1                                2.97
xa.xerr.xg1.nmid                      0.086084
xa.xerr.n2                             2.96999
xa.xerr.xg2.nmid                   2.96213e-06
xa.xerr.n3                             2.96999
xa.xerr.xg3.nmid                   2.96213e-06
xa.err                             9.75055e-07
xa.xerr.xg4.nmid                   4.87527e-07
xa.xdly.d1                                2.97
xa.xdly.d2                         4.85698e-07
xa.xdly.d3                                2.97
xa.errd                            4.85698e-07
xa.wideb                                  2.97
xa.xnw.nmid                          0.0860843
xa.wide                            4.85673e-07
vwina                                        0
xa.xsch.p1                                2.97
xa.lockb                                  2.97
xa.xsch.n1                             2.54061
locka                              4.85673e-07
upb                                          0
dnb                                          0
xb.xerr.n1                                2.97
xb.xerr.xg1.nmid                      0.086084
xb.xerr.n2                             2.96999
xb.xerr.xg2.nmid                   2.96213e-06
xb.xerr.n3                             2.96999
xb.xerr.xg3.nmid                   2.96213e-06
xb.err                             9.75055e-07
xb.xerr.xg4.nmid                   4.87527e-07
xb.xdly.d1                                2.97
xb.xdly.d2                         4.85698e-07
xb.xdly.d3                                2.97
xb.errd                            4.85698e-07
xb.wideb                                  2.97
xb.xnw.nmid                          0.0860843
xb.wide                            4.85673e-07
vwinb                                        0
xb.xsch.p1                                2.97
xb.lockb                                  2.97
xb.xsch.n1                             2.54061
lockb                              4.85673e-07
upc                                          0
dnc                                          0
xc.xerr.n1                                2.97
xc.xerr.xg1.nmid                      0.086084
xc.xerr.n2                             2.96999
xc.xerr.xg2.nmid                   2.96213e-06
xc.xerr.n3                             2.96999
xc.xerr.xg3.nmid                   2.96213e-06
xc.err                             9.75055e-07
xc.xerr.xg4.nmid                   4.87527e-07
xc.xdly.d1                                2.97
xc.xdly.d2                         4.85698e-07
xc.xdly.d3                                2.97
xc.errd                            4.85698e-07
xc.wideb                                  2.97
xc.xnw.nmid                          0.0860843
xc.wide                            4.85673e-07
vwinc                                        0
xc.xsch.p1                                2.97
xc.lockb                                  2.97
xc.xsch.n1                             2.54061
lockc                              4.85673e-07
upd                                          0
dnd                                          0
xd.xerr.n1                                2.97
xd.xerr.xg1.nmid                      0.086084
xd.xerr.n2                             2.96999
xd.xerr.xg2.nmid                   2.96213e-06
xd.xerr.n3                             2.96999
xd.xerr.xg3.nmid                   2.96213e-06
xd.err                             9.75055e-07
xd.xerr.xg4.nmid                   4.87527e-07
xd.xdly.d1                                2.97
xd.xdly.d2                         4.85698e-07
xd.xdly.d3                                2.97
xd.errd                            4.85698e-07
xd.wideb                                  2.97
xd.xnw.nmid                          0.0860843
xd.wide                            4.85673e-07
vwind                                        0
xd.xsch.p1                                2.97
xd.lockb                                  2.97
xd.xsch.n1                             2.54061
lockd                              4.85673e-07
upe1                                         0
upe2                                         0
upe1n                                     2.97
upe2n                                     2.97
upe                                9.74986e-07
xoe3.nmid                          4.87493e-07
dne                                          0
xe.xerr.n1                                2.97
xe.xerr.xg1.nmid                     0.0860846
xe.xerr.n2                             2.96999
xe.xerr.xg2.nmid                   2.96219e-06
xe.xerr.n3                             2.96999
xe.xerr.xg3.nmid                   2.96213e-06
xe.err                             9.75055e-07
xe.xerr.xg4.nmid                   4.87527e-07
xe.xdly.d1                                2.97
xe.xdly.d2                         4.85698e-07
xe.xdly.d3                                2.97
xe.errd                            4.85698e-07
xe.wideb                                  2.97
xe.xnw.nmid                          0.0860843
xe.wide                            4.85673e-07
vwine                                        0
xe.xsch.p1                                2.97
xe.lockb                                  2.97
xe.xsch.n1                             2.54061
locke                              4.85673e-07
wstep                                        0
xw.d1                                     2.97
xw.d2                              4.85698e-07
xw.d3                                     2.97
wout                               4.85698e-07
vwstep#branch                                0
vdne#branch                                  0
vupe2#branch                                 0
vupe1#branch                                 0
vdnd#branch                                  0
vupd#branch                                  0
vdnc#branch                                  0
vupc#branch                                  0
vdnb#branch                                  0
vupb#branch                                  0
vdna#branch                                  0
vupa#branch                                  0
vdd#branch                        -3.62564e-06

 Reference value :  1.86560e-08
 Reference value :  5.81485e-08
 Reference value :  9.23485e-08
 Reference value :  1.24200e-07
 Reference value :  1.63000e-07
 Reference value :  1.93494e-07
 Reference value :  2.20205e-07
 Reference value :  2.51110e-07
 Reference value :  2.85541e-07
 Reference value :  3.19011e-07
 Reference value :  3.48656e-07
 Reference value :  3.80065e-07
 Reference value :  4.09548e-07
 Reference value :  4.42354e-07
 Reference value :  4.79256e-07
 Reference value :  5.05435e-07
 Reference value :  5.33149e-07
 Reference value :  5.70065e-07
 Reference value :  6.01753e-07
 Reference value :  6.33025e-07
 Reference value :  6.62856e-07
 Reference value :  6.96149e-07
 Reference value :  7.25548e-07
 Reference value :  7.62877e-07
 Reference value :  7.94494e-07
 Reference value :  8.21425e-07
 Reference value :  8.51402e-07
 Reference value :  8.87148e-07
 Reference value :  9.20065e-07
 Reference value :  9.49856e-07
 Reference value :  9.80149e-07
 Reference value :  1.01012e-06
 Reference value :  1.04411e-06
 Reference value :  1.08306e-06
 Reference value :  1.11861e-06
 Reference value :  1.15566e-06
 Reference value :  1.18903e-06
 Reference value :  1.21856e-06
 Reference value :  1.25045e-06
 Reference value :  1.28431e-06
 Reference value :  1.32010e-06
 Reference value :  1.35706e-06
 Reference value :  1.38603e-06
 Reference value :  1.41122e-06
 Reference value :  1.44425e-06
 Reference value :  1.48120e-06
 Reference value :  1.51020e-06
 Reference value :  1.53915e-06
 Reference value :  1.57155e-06
 Reference value :  1.60410e-06
 Reference value :  1.64001e-06
 Reference value :  1.66806e-06
 Reference value :  1.70030e-06
 Reference value :  1.73001e-06
 Reference value :  1.76422e-06
 Reference value :  1.79849e-06
 Reference value :  1.82383e-06
 Reference value :  1.85595e-06
 Reference value :  1.89060e-06
 Reference value :  1.92287e-06
 Reference value :  1.96010e-06
 Reference value :  1.98783e-06
 Reference value :  2.01356e-06
 Reference value :  2.04615e-06
 Reference value :  2.08275e-06
 Reference value :  2.11281e-06
 Reference value :  2.14086e-06
 Reference value :  2.17535e-06
 Reference value :  2.20535e-06
 Reference value :  2.24081e-06
 Reference value :  2.27305e-06
 Reference value :  2.30263e-06
 Reference value :  2.33095e-06
 Reference value :  2.36735e-06
 Reference value :  2.40055e-06
 Reference value :  2.42603e-06
 Reference value :  2.45414e-06
 Reference value :  2.48925e-06
 Reference value :  2.52113e-06
 Reference value :  2.55226e-06
 Reference value :  2.58021e-06
 Reference value :  2.60942e-06
 Reference value :  2.64194e-06
 Reference value :  2.67526e-06
 Reference value :  2.70163e-06
 Reference value :  2.72974e-06
 Reference value :  2.76411e-06
 Reference value :  2.79349e-06
 Reference value :  2.81956e-06
 Reference value :  2.84958e-06
 Reference value :  2.88380e-06
 Reference value :  2.91421e-06
 Reference value :  2.94012e-06
 Reference value :  2.97215e-06
 Reference value :  3.00410e-06
 Reference value :  3.03703e-06
 Reference value :  3.06366e-06
 Reference value :  3.09535e-06
 Reference value :  3.12495e-06
 Reference value :  3.16131e-06
 Reference value :  3.19006e-06
 Reference value :  3.21376e-06
 Reference value :  3.24795e-06
 Reference value :  3.28275e-06
 Reference value :  3.31081e-06
 Reference value :  3.33655e-06
 Reference value :  3.37020e-06
No. of Data Rows : 22423

  Measurements for Transient Analysis

twin_r              =  1.49383e-09 targ=  4.15438e-08 trig=  4.00500e-08
twin_f              =  1.47663e-09 targ=  2.41627e-07 trig=  2.40150e-07
tb_asrt             =   1.45747e-06
te_asrt             =   1.45747e-06
la_lvl              =  4.84996e-07 from=  3.06000e-06 to=  3.40000e-06
lb_lvl              =  2.97000e+00 from=  3.06000e-06 to=  3.40000e-06
lc_lvl              =  4.85140e-07 from=  3.06000e-06 to=  3.40000e-06
ld_lvl              =  4.84963e-07 from=  3.06000e-06 to=  3.40000e-06
le_lvl              =  4.84368e-07 from=  3.06000e-06 to=  3.40000e-06
va_lvl              =  3.47952e-02 from=  3.06000e-06 to=  3.40000e-06
te_deas             =   2.40486e-06
le_pre              =  2.97000e+00 from=  2.16000e-06 to=  2.40001e-06
iavg                =  -1.74175e-04 from=  1.70000e-06 to=  3.40000e-06

ngspice-46 done


Error: measure  ta_asrt  when(WHEN) : out of interval
 .measure tran ta_asrt when v(locka)=    1.485000000000000e+00     rise=1 failed!


Error: measure  tc_asrt  when(WHEN) : out of interval
 .measure tran tc_asrt when v(lockc)=    1.485000000000000e+00     rise=1 failed!


Error: measure  td_asrt  when(WHEN) : out of interval
 .measure tran td_asrt when v(lockd)=    1.485000000000000e+00     rise=1 failed!

