
Note: No compatibility mode selected!


Circuit: * lock-detector @ fs_125c_2.97v_e4.0n -- generated by sim/harness, do not edit

Doing analysis at TEMP = 125.000000 and TNOM = 27.000000

Using SPARSE 1.3 as Direct Linear Solver

Initial Transient Solution
--------------------------

Node                                   Voltage
----                                   -------
vdd                                       2.97
upa                                          0
dna                                          0
xa.xerr.n1                                2.97
xa.xerr.xg1.nmid                     0.0842736
xa.xerr.n2                                2.97
xa.xerr.xg2.nmid                   1.75355e-06
xa.xerr.n3                                2.97
xa.xerr.xg3.nmid                   1.75355e-06
xa.err                             2.61247e-08
xa.xerr.xg4.nmid                   1.30624e-08
xa.xdly.d1                                2.97
xa.xdly.d2                         1.30571e-08
xa.xdly.d3                                2.97
xa.errd                            1.30571e-08
xa.wideb                                  2.97
xa.xnw.nmid                          0.0842736
xa.wide                            1.30568e-08
vwina                                        0
xa.xsch.p1                                2.97
xa.lockb                                  2.97
xa.xsch.n1                             2.53122
locka                              1.30568e-08
upb                                          0
dnb                                          0
xb.xerr.n1                                2.97
xb.xerr.xg1.nmid                     0.0842736
xb.xerr.n2                                2.97
xb.xerr.xg2.nmid                   1.75355e-06
xb.xerr.n3                                2.97
xb.xerr.xg3.nmid                   1.75355e-06
xb.err                             2.61247e-08
xb.xerr.xg4.nmid                   1.30624e-08
xb.xdly.d1                                2.97
xb.xdly.d2                         1.30571e-08
xb.xdly.d3                                2.97
xb.errd                            1.30571e-08
xb.wideb                                  2.97
xb.xnw.nmid                          0.0842736
xb.wide                            1.30568e-08
vwinb                                        0
xb.xsch.p1                                2.97
xb.lockb                                  2.97
xb.xsch.n1                             2.53122
lockb                              1.30568e-08
upc                                          0
dnc                                          0
xc.xerr.n1                                2.97
xc.xerr.xg1.nmid                     0.0842736
xc.xerr.n2                                2.97
xc.xerr.xg2.nmid                   1.75355e-06
xc.xerr.n3                                2.97
xc.xerr.xg3.nmid                   1.75355e-06
xc.err                             2.61247e-08
xc.xerr.xg4.nmid                   1.30624e-08
xc.xdly.d1                                2.97
xc.xdly.d2                         1.30571e-08
xc.xdly.d3                                2.97
xc.errd                            1.30571e-08
xc.wideb                                  2.97
xc.xnw.nmid                          0.0842736
xc.wide                            1.30568e-08
vwinc                                        0
xc.xsch.p1                                2.97
xc.lockb                                  2.97
xc.xsch.n1                             2.53122
lockc                              1.30568e-08
upd                                          0
dnd                                          0
xd.xerr.n1                                2.97
xd.xerr.xg1.nmid                     0.0842736
xd.xerr.n2                                2.97
xd.xerr.xg2.nmid                   1.75355e-06
xd.xerr.n3                                2.97
xd.xerr.xg3.nmid                   1.75355e-06
xd.err                             2.61247e-08
xd.xerr.xg4.nmid                   1.30624e-08
xd.xdly.d1                                2.97
xd.xdly.d2                         1.30571e-08
xd.xdly.d3                                2.97
xd.errd                            1.30571e-08
xd.wideb                                  2.97
xd.xnw.nmid                          0.0842736
xd.wide                            1.30568e-08
vwind                                        0
xd.xsch.p1                                2.97
xd.lockb                                  2.97
xd.xsch.n1                             2.53122
lockd                              1.30568e-08
upe1                                         0
upe2                                         0
upe1n                                     2.97
upe2n                                     2.97
upe                                2.61241e-08
xoe3.nmid                           1.3062e-08
dne                                          0
xe.xerr.n1                                2.97
xe.xerr.xg1.nmid                     0.0842736
xe.xerr.n2                                2.97
xe.xerr.xg2.nmid                   1.75356e-06
xe.xerr.n3                                2.97
xe.xerr.xg3.nmid                   1.75355e-06
xe.err                             2.61247e-08
xe.xerr.xg4.nmid                   1.30624e-08
xe.xdly.d1                                2.97
xe.xdly.d2                         1.30571e-08
xe.xdly.d3                                2.97
xe.errd                            1.30571e-08
xe.wideb                                  2.97
xe.xnw.nmid                          0.0842736
xe.wide                            1.30568e-08
vwine                                        0
xe.xsch.p1                                2.97
xe.lockb                                  2.97
xe.xsch.n1                             2.53122
locke                              1.30568e-08
wstep                                        0
xw.d1                                     2.97
xw.d2                              1.30571e-08
xw.d3                                     2.97
wout                               1.30571e-08
vwstep#branch                                0
vdne#branch                                  0
vupe2#branch                                 0
vupe1#branch                                 0
vdnd#branch                                  0
vupd#branch                                  0
vdnc#branch                                  0
vupc#branch                                  0
vdnb#branch                                  0
vupb#branch                                  0
vdna#branch                                  0
vupa#branch                                  0
vdd#branch                        -2.53392e-06

 Reference value :  2.08560e-08
 Reference value :  5.57374e-08
 Reference value :  9.06571e-08
 Reference value :  1.22540e-07
 Reference value :  1.60065e-07
 Reference value :  1.88800e-07
 Reference value :  2.13937e-07
 Reference value :  2.46538e-07
 Reference value :  2.83740e-07
 Reference value :  3.13595e-07
 Reference value :  3.40666e-07
 Reference value :  3.74737e-07
 Reference value :  4.05100e-07
 Reference value :  4.40149e-07
 Reference value :  4.70439e-07
 Reference value :  5.00872e-07
 Reference value :  5.30010e-07
 Reference value :  5.64978e-07
 Reference value :  5.97504e-07
 Reference value :  6.25000e-07
 Reference value :  6.56337e-07
 Reference value :  6.90657e-07
 Reference value :  7.22140e-07
 Reference value :  7.59666e-07
 Reference value :  7.87000e-07
 Reference value :  8.12537e-07
 Reference value :  8.45738e-07
 Reference value :  8.81940e-07
 Reference value :  9.11995e-07
 Reference value :  9.40065e-07
 Reference value :  9.72737e-07
 Reference value :  1.00447e-06
 Reference value :  1.04010e-06
 Reference value :  1.07064e-06
 Reference value :  1.10067e-06
 Reference value :  1.12954e-06
 Reference value :  1.16447e-06
 Reference value :  1.19650e-06
 Reference value :  1.22080e-06
 Reference value :  1.25234e-06
 Reference value :  1.28954e-06
 Reference value :  1.32095e-06
 Reference value :  1.35547e-06
 Reference value :  1.38500e-06
 Reference value :  1.41142e-06
 Reference value :  1.44521e-06
 Reference value :  1.48142e-06
 Reference value :  1.51100e-06
 Reference value :  1.54001e-06
 Reference value :  1.57131e-06
 Reference value :  1.60401e-06
 Reference value :  1.63580e-06
 Reference value :  1.66564e-06
 Reference value :  1.70000e-06
 Reference value :  1.72834e-06
 Reference value :  1.76432e-06
 Reference value :  1.79690e-06
 Reference value :  1.82180e-06
 Reference value :  1.85294e-06
 Reference value :  1.88634e-06
 Reference value :  1.92006e-06
 Reference value :  1.95187e-06
 Reference value :  1.98260e-06
 Reference value :  2.01066e-06
 Reference value :  2.04447e-06
 Reference value :  2.08111e-06
 Reference value :  2.11015e-06
 Reference value :  2.13914e-06
 Reference value :  2.17142e-06
 Reference value :  2.20411e-06
 Reference value :  2.23840e-06
 Reference value :  2.26744e-06
 Reference value :  2.30000e-06
 Reference value :  2.32694e-06
 Reference value :  2.36374e-06
 Reference value :  2.39350e-06
 Reference value :  2.41794e-06
 Reference value :  2.44925e-06
 Reference value :  2.48406e-06
 Reference value :  2.51260e-06
 Reference value :  2.53834e-06
 Reference value :  2.57020e-06
 Reference value :  2.60194e-06
 Reference value :  2.63040e-06
 Reference value :  2.66006e-06
 Reference value :  2.69113e-06
 Reference value :  2.72354e-06
 Reference value :  2.75967e-06
 Reference value :  2.78280e-06
 Reference value :  2.81000e-06
 Reference value :  2.84254e-06
 Reference value :  2.87584e-06
 Reference value :  2.90107e-06
 Reference value :  2.92930e-06
 Reference value :  2.96415e-06
 Reference value :  2.99370e-06
 Reference value :  3.01814e-06
 Reference value :  3.04931e-06
 Reference value :  3.08406e-06
 Reference value :  3.11220e-06
 Reference value :  3.13794e-06
 Reference value :  3.17020e-06
 Reference value :  3.20154e-06
 Reference value :  3.22880e-06
 Reference value :  3.25854e-06
 Reference value :  3.29020e-06
 Reference value :  3.32174e-06
 Reference value :  3.35527e-06
 Reference value :  3.38100e-06
No. of Data Rows : 22433

  Measurements for Transient Analysis

twin_r              =  1.73616e-09 targ=  4.17862e-08 trig=  4.00500e-08
twin_f              =  1.70388e-09 targ=  2.41854e-07 trig=  2.40150e-07
tb_asrt             =   1.87304e-06
te_asrt             =   1.87304e-06
la_lvl              =  1.42989e-08 from=  3.06000e-06 to=  3.40000e-06
lb_lvl              =  2.97000e+00 from=  3.06000e-06 to=  3.40000e-06
lc_lvl              =  1.42975e-08 from=  3.06000e-06 to=  3.40000e-06
ld_lvl              =  1.33861e-08 from=  3.06000e-06 to=  3.40000e-06
le_lvl              =  9.68774e-09 from=  3.06000e-06 to=  3.40000e-06
va_lvl              =  1.57582e-02 from=  3.06000e-06 to=  3.40000e-06
te_deas             =   2.40493e-06
le_pre              =  2.97000e+00 from=  2.16000e-06 to=  2.40001e-06
iavg                =  -1.91079e-04 from=  1.70000e-06 to=  3.40000e-06

ngspice-46 done


Error: measure  ta_asrt  when(WHEN) : out of interval
 .measure tran ta_asrt when v(locka)=    1.485000000000000e+00     rise=1 failed!


Error: measure  tc_asrt  when(WHEN) : out of interval
 .measure tran tc_asrt when v(lockc)=    1.485000000000000e+00     rise=1 failed!


Error: measure  td_asrt  when(WHEN) : out of interval
 .measure tran td_asrt when v(lockd)=    1.485000000000000e+00     rise=1 failed!

