
Note: No compatibility mode selected!


Circuit: * lock-detector @ typical_-40c_3.30v_e4.0n -- generated by sim/harness, do not edit

Doing analysis at TEMP = -40.000000 and TNOM = 27.000000

Using SPARSE 1.3 as Direct Linear Solver

Initial Transient Solution
--------------------------

Node                                   Voltage
----                                   -------
vdd                                        3.3
upa                                          0
dna                                          0
xa.xerr.n1                                 3.3
xa.xerr.xg1.nmid                   0.000909613
xa.xerr.n2                                 3.3
xa.xerr.xg2.nmid                   1.23116e-12
xa.xerr.n3                                 3.3
xa.xerr.xg3.nmid                   1.23116e-12
xa.err                             8.95394e-09
xa.xerr.xg4.nmid                   4.47697e-09
xa.xdly.d1                                 3.3
xa.xdly.d2                         4.49563e-09
xa.xdly.d3                                 3.3
xa.errd                            4.49563e-09
xa.wideb                                   3.3
xa.xnw.nmid                         0.00090971
xa.wide                            4.49563e-09
vwina                                        0
xa.xsch.p1                                 3.3
xa.lockb                                   3.3
xa.xsch.n1                              2.6362
locka                              4.49563e-09
upb                                          0
dnb                                          0
xb.xerr.n1                                 3.3
xb.xerr.xg1.nmid                   0.000909613
xb.xerr.n2                                 3.3
xb.xerr.xg2.nmid                   1.23116e-12
xb.xerr.n3                                 3.3
xb.xerr.xg3.nmid                   1.23116e-12
xb.err                             8.95394e-09
xb.xerr.xg4.nmid                   4.47697e-09
xb.xdly.d1                                 3.3
xb.xdly.d2                         4.49563e-09
xb.xdly.d3                                 3.3
xb.errd                            4.49563e-09
xb.wideb                                   3.3
xb.xnw.nmid                         0.00090971
xb.wide                            4.49563e-09
vwinb                                        0
xb.xsch.p1                                 3.3
xb.lockb                                   3.3
xb.xsch.n1                              2.6362
lockb                              4.49563e-09
upc                                          0
dnc                                          0
xc.xerr.n1                                 3.3
xc.xerr.xg1.nmid                   0.000909613
xc.xerr.n2                                 3.3
xc.xerr.xg2.nmid                   1.23116e-12
xc.xerr.n3                                 3.3
xc.xerr.xg3.nmid                   1.23116e-12
xc.err                             8.95394e-09
xc.xerr.xg4.nmid                   4.47697e-09
xc.xdly.d1                                 3.3
xc.xdly.d2                         4.49563e-09
xc.xdly.d3                                 3.3
xc.errd                            4.49563e-09
xc.wideb                                   3.3
xc.xnw.nmid                         0.00090971
xc.wide                            4.49563e-09
vwinc                                        0
xc.xsch.p1                                 3.3
xc.lockb                                   3.3
xc.xsch.n1                              2.6362
lockc                              4.49563e-09
upd                                          0
dnd                                          0
xd.xerr.n1                                 3.3
xd.xerr.xg1.nmid                   0.000909613
xd.xerr.n2                                 3.3
xd.xerr.xg2.nmid                   1.23116e-12
xd.xerr.n3                                 3.3
xd.xerr.xg3.nmid                   1.23116e-12
xd.err                             8.95394e-09
xd.xerr.xg4.nmid                   4.47697e-09
xd.xdly.d1                                 3.3
xd.xdly.d2                         4.49563e-09
xd.xdly.d3                                 3.3
xd.errd                            4.49563e-09
xd.wideb                                   3.3
xd.xnw.nmid                         0.00090971
xd.wide                            4.49563e-09
vwind                                        0
xd.xsch.p1                                 3.3
xd.lockb                                   3.3
xd.xsch.n1                              2.6362
lockd                              4.49563e-09
upe1                                         0
upe2                                         0
upe1n                                      3.3
upe2n                                      3.3
upe                                8.95394e-09
xoe3.nmid                          4.47697e-09
dne                                          0
xe.xerr.n1                                 3.3
xe.xerr.xg1.nmid                   0.000909614
xe.xerr.n2                                 3.3
xe.xerr.xg2.nmid                   1.23139e-12
xe.xerr.n3                                 3.3
xe.xerr.xg3.nmid                   1.23139e-12
xe.err                             8.95394e-09
xe.xerr.xg4.nmid                   4.47697e-09
xe.xdly.d1                                 3.3
xe.xdly.d2                         4.49563e-09
xe.xdly.d3                                 3.3
xe.errd                            4.49563e-09
xe.wideb                                   3.3
xe.xnw.nmid                         0.00090971
xe.wide                            4.49563e-09
vwine                                        0
xe.xsch.p1                                 3.3
xe.lockb                                   3.3
xe.xsch.n1                              2.6362
locke                              4.49563e-09
wstep                                        0
xw.d1                                      3.3
xw.d2                              4.49563e-09
xw.d3                                      3.3
wout                               4.49563e-09
vwstep#branch                                0
vdne#branch                                  0
vupe2#branch                                 0
vupe1#branch                                 0
vdnd#branch                                  0
vupd#branch                                  0
vdnc#branch                                  0
vupc#branch                                  0
vdnb#branch                                  0
vupb#branch                                  0
vdna#branch                                  0
vupa#branch                                  0
vdd#branch                        -5.88939e-06

 Reference value :  2.28560e-08
 Reference value :  5.65239e-08
 Reference value :  9.01490e-08
 Reference value :  1.21496e-07
 Reference value :  1.57822e-07
 Reference value :  1.83820e-07
 Reference value :  2.10394e-07
 Reference value :  2.42934e-07
 Reference value :  2.80108e-07
 Reference value :  3.06934e-07
 Reference value :  3.31924e-07
 Reference value :  3.68924e-07
 Reference value :  4.00388e-07
 Reference value :  4.26420e-07
 Reference value :  4.56324e-07
 Reference value :  4.90560e-07
 Reference value :  5.21373e-07
 Reference value :  5.59222e-07
 Reference value :  5.85820e-07
 Reference value :  6.11165e-07
 Reference value :  6.44205e-07
 Reference value :  6.81110e-07
 Reference value :  7.10100e-07
 Reference value :  7.35324e-07
 Reference value :  7.70149e-07
 Reference value :  8.01200e-07
 Reference value :  8.29420e-07
 Reference value :  8.59862e-07
 Reference value :  8.91221e-07
 Reference value :  9.23238e-07
 Reference value :  9.60205e-07
 Reference value :  9.88820e-07
 Reference value :  1.01178e-06
 Reference value :  1.04516e-06
 Reference value :  1.08150e-06
 Reference value :  1.11164e-06
 Reference value :  1.13986e-06
 Reference value :  1.17120e-06
 Reference value :  1.20283e-06
 Reference value :  1.23242e-06
 Reference value :  1.26243e-06
 Reference value :  1.29532e-06
 Reference value :  1.32491e-06
 Reference value :  1.36122e-06
 Reference value :  1.39048e-06
 Reference value :  1.41635e-06
 Reference value :  1.44832e-06
 Reference value :  1.48411e-06
 Reference value :  1.51544e-06
 Reference value :  1.54222e-06
 Reference value :  1.57632e-06
 Reference value :  1.60522e-06
 Reference value :  1.64020e-06
 Reference value :  1.67303e-06
 Reference value :  1.70173e-06
 Reference value :  1.73015e-06
 Reference value :  1.76517e-06
 Reference value :  1.79879e-06
 Reference value :  1.82222e-06
 Reference value :  1.85192e-06
 Reference value :  1.88852e-06
 Reference value :  1.92054e-06
 Reference value :  1.95462e-06
 Reference value :  1.98362e-06
 Reference value :  2.01028e-06
 Reference value :  2.04284e-06
 Reference value :  2.08011e-06
 Reference value :  2.10753e-06
 Reference value :  2.13272e-06
 Reference value :  2.17006e-06
 Reference value :  2.20111e-06
 Reference value :  2.22862e-06
 Reference value :  2.26003e-06
 Reference value :  2.29138e-06
 Reference value :  2.32364e-06
 Reference value :  2.36029e-06
 Reference value :  2.38942e-06
 Reference value :  2.41120e-06
 Reference value :  2.44416e-06
 Reference value :  2.48011e-06
 Reference value :  2.50294e-06
 Reference value :  2.52950e-06
 Reference value :  2.56400e-06
 Reference value :  2.59141e-06
 Reference value :  2.61455e-06
 Reference value :  2.64652e-06
 Reference value :  2.68138e-06
 Reference value :  2.70854e-06
 Reference value :  2.73110e-06
 Reference value :  2.76525e-06
 Reference value :  2.79739e-06
 Reference value :  2.82000e-06
 Reference value :  2.84939e-06
 Reference value :  2.88388e-06
 Reference value :  2.91085e-06
 Reference value :  2.93313e-06
 Reference value :  2.96910e-06
 Reference value :  3.00003e-06
 Reference value :  3.02084e-06
 Reference value :  3.05020e-06
 Reference value :  3.08491e-06
 Reference value :  3.11324e-06
 Reference value :  3.13873e-06
 Reference value :  3.17012e-06
 Reference value :  3.20113e-06
 Reference value :  3.22522e-06
 Reference value :  3.25153e-06
 Reference value :  3.28692e-06
 Reference value :  3.31804e-06
 Reference value :  3.34142e-06
 Reference value :  3.37110e-06
No. of Data Rows : 22709

  Measurements for Transient Analysis

twin_r              =  1.19509e-09 targ=  4.12451e-08 trig=  4.00500e-08
twin_f              =  1.18366e-09 targ=  2.41334e-07 trig=  2.40150e-07
tb_asrt             =   8.55427e-07
te_asrt             =   8.55427e-07
la_lvl              =  -1.44177e-09 from=  3.06000e-06 to=  3.40000e-06
lb_lvl              =  3.30000e+00 from=  3.06000e-06 to=  3.40000e-06
lc_lvl              =  6.44750e-09 from=  3.06000e-06 to=  3.40000e-06
ld_lvl              =  4.65951e-09 from=  3.06000e-06 to=  3.40000e-06
le_lvl              =  3.08974e-09 from=  3.06000e-06 to=  3.40000e-06
va_lvl              =  5.42231e-02 from=  3.06000e-06 to=  3.40000e-06
te_deas             =   2.40464e-06
le_pre              =  3.30000e+00 from=  2.16000e-06 to=  2.40001e-06
iavg                =  -1.49556e-04 from=  1.70000e-06 to=  3.40000e-06

ngspice-46 done


Error: measure  ta_asrt  when(WHEN) : out of interval
 .measure tran ta_asrt when v(locka)=    1.650000000000000e+00     rise=1 failed!


Error: measure  tc_asrt  when(WHEN) : out of interval
 .measure tran tc_asrt when v(lockc)=    1.650000000000000e+00     rise=1 failed!


Error: measure  td_asrt  when(WHEN) : out of interval
 .measure tran td_asrt when v(lockd)=    1.650000000000000e+00     rise=1 failed!

