
Note: No compatibility mode selected!


Circuit: * lock-detector @ typical_27c_3.30v_e3.0n -- generated by sim/harness, do not edit

Doing analysis at TEMP = 27.000000 and TNOM = 27.000000

Using SPARSE 1.3 as Direct Linear Solver

Initial Transient Solution
--------------------------

Node                                   Voltage
----                                   -------
vdd                                        3.3
upa                                          0
dna                                          0
xa.xerr.n1                                 3.3
xa.xerr.xg1.nmid                     0.0562551
xa.xerr.n2                                 3.3
xa.xerr.xg2.nmid                   1.08738e-09
xa.xerr.n3                                 3.3
xa.xerr.xg3.nmid                   1.08738e-09
xa.err                             1.09665e-08
xa.xerr.xg4.nmid                   5.48326e-09
xa.xdly.d1                                 3.3
xa.xdly.d2                         5.48835e-09
xa.xdly.d3                                 3.3
xa.errd                            5.48835e-09
xa.wideb                                   3.3
xa.xnw.nmid                          0.0562549
xa.wide                            5.48835e-09
vwina                                        0
xa.xsch.p1                                 3.3
xa.lockb                                   3.3
xa.xsch.n1                             2.75098
locka                              5.48835e-09
upb                                          0
dnb                                          0
xb.xerr.n1                                 3.3
xb.xerr.xg1.nmid                     0.0562551
xb.xerr.n2                                 3.3
xb.xerr.xg2.nmid                   1.08738e-09
xb.xerr.n3                                 3.3
xb.xerr.xg3.nmid                   1.08738e-09
xb.err                             1.09665e-08
xb.xerr.xg4.nmid                   5.48326e-09
xb.xdly.d1                                 3.3
xb.xdly.d2                         5.48835e-09
xb.xdly.d3                                 3.3
xb.errd                            5.48835e-09
xb.wideb                                   3.3
xb.xnw.nmid                          0.0562549
xb.wide                            5.48835e-09
vwinb                                        0
xb.xsch.p1                                 3.3
xb.lockb                                   3.3
xb.xsch.n1                             2.75098
lockb                              5.48835e-09
upc                                          0
dnc                                          0
xc.xerr.n1                                 3.3
xc.xerr.xg1.nmid                     0.0562551
xc.xerr.n2                                 3.3
xc.xerr.xg2.nmid                   1.08738e-09
xc.xerr.n3                                 3.3
xc.xerr.xg3.nmid                   1.08738e-09
xc.err                             1.09665e-08
xc.xerr.xg4.nmid                   5.48326e-09
xc.xdly.d1                                 3.3
xc.xdly.d2                         5.48835e-09
xc.xdly.d3                                 3.3
xc.errd                            5.48835e-09
xc.wideb                                   3.3
xc.xnw.nmid                          0.0562549
xc.wide                            5.48835e-09
vwinc                                        0
xc.xsch.p1                                 3.3
xc.lockb                                   3.3
xc.xsch.n1                             2.75099
lockc                              5.48835e-09
upd                                          0
dnd                                          0
xd.xerr.n1                                 3.3
xd.xerr.xg1.nmid                     0.0562551
xd.xerr.n2                                 3.3
xd.xerr.xg2.nmid                   1.08738e-09
xd.xerr.n3                                 3.3
xd.xerr.xg3.nmid                   1.08738e-09
xd.err                             1.09665e-08
xd.xerr.xg4.nmid                   5.48326e-09
xd.xdly.d1                                 3.3
xd.xdly.d2                         5.48835e-09
xd.xdly.d3                                 3.3
xd.errd                            5.48835e-09
xd.wideb                                   3.3
xd.xnw.nmid                          0.0562549
xd.wide                            5.48835e-09
vwind                                        0
xd.xsch.p1                                 3.3
xd.lockb                                   3.3
xd.xsch.n1                             2.75098
lockd                              5.48835e-09
upe1                                         0
upe2                                         0
upe1n                                      3.3
upe2n                                      3.3
upe                                1.09665e-08
xoe3.nmid                          5.48326e-09
dne                                          0
xe.xerr.n1                                 3.3
xe.xerr.xg1.nmid                     0.0562554
xe.xerr.n2                                 3.3
xe.xerr.xg2.nmid                   1.08738e-09
xe.xerr.n3                                 3.3
xe.xerr.xg3.nmid                   1.08738e-09
xe.err                             1.09665e-08
xe.xerr.xg4.nmid                   5.48326e-09
xe.xdly.d1                                 3.3
xe.xdly.d2                         5.48835e-09
xe.xdly.d3                                 3.3
xe.errd                            5.48835e-09
xe.wideb                                   3.3
xe.xnw.nmid                          0.0562549
xe.wide                            5.48835e-09
vwine                                        0
xe.xsch.p1                                 3.3
xe.lockb                                   3.3
xe.xsch.n1                             2.75099
locke                              5.48835e-09
wstep                                        0
xw.d1                                      3.3
xw.d2                              5.48835e-09
xw.d3                                      3.3
wout                               5.48835e-09
vwstep#branch                                0
vdne#branch                                  0
vupe2#branch                                 0
vupe1#branch                                 0
vdnd#branch                                  0
vupd#branch                                  0
vdnc#branch                                  0
vupc#branch                                  0
vdnb#branch                                  0
vupb#branch                                  0
vdna#branch                                  0
vupa#branch                                  0
vdd#branch                        -4.75166e-06

 Reference value :  2.02560e-08
 Reference value :  5.29307e-08
 Reference value :  8.71309e-08
 Reference value :  1.17754e-07
 Reference value :  1.44049e-07
 Reference value :  1.75331e-07
 Reference value :  2.03742e-07
 Reference value :  2.36148e-07
 Reference value :  2.60646e-07
 Reference value :  2.91731e-07
 Reference value :  3.23314e-07
 Reference value :  3.60407e-07
 Reference value :  3.87348e-07
 Reference value :  4.11249e-07
 Reference value :  4.44100e-07
 Reference value :  4.79643e-07
 Reference value :  5.03384e-07
 Reference value :  5.30576e-07
 Reference value :  5.64221e-07
 Reference value :  5.95856e-07
 Reference value :  6.21348e-07
 Reference value :  6.51207e-07
 Reference value :  6.84305e-07
 Reference value :  7.14554e-07
 Reference value :  7.40100e-07
 Reference value :  7.71931e-07
 Reference value :  8.03030e-07
 Reference value :  8.32348e-07
 Reference value :  8.60010e-07
 Reference value :  8.90576e-07
 Reference value :  9.21100e-07
 Reference value :  9.49849e-07
 Reference value :  9.80100e-07
 Reference value :  1.00673e-06
 Reference value :  1.04053e-06
 Reference value :  1.06924e-06
 Reference value :  1.10006e-06
 Reference value :  1.12493e-06
 Reference value :  1.16122e-06
 Reference value :  1.18935e-06
 Reference value :  1.21174e-06
 Reference value :  1.24410e-06
 Reference value :  1.28001e-06
 Reference value :  1.30438e-06
 Reference value :  1.33111e-06
 Reference value :  1.36513e-06
 Reference value :  1.39848e-06
 Reference value :  1.42235e-06
 Reference value :  1.45130e-06
 Reference value :  1.48453e-06
 Reference value :  1.51435e-06
 Reference value :  1.54006e-06
 Reference value :  1.57153e-06
 Reference value :  1.60301e-06
 Reference value :  1.63335e-06
 Reference value :  1.66064e-06
 Reference value :  1.69213e-06
 Reference value :  1.72301e-06
 Reference value :  1.75885e-06
 Reference value :  1.78255e-06
 Reference value :  1.81015e-06
 Reference value :  1.84300e-06
 Reference value :  1.87584e-06
 Reference value :  1.90118e-06
 Reference value :  1.92933e-06
 Reference value :  1.96312e-06
 Reference value :  1.99166e-06
 Reference value :  2.01794e-06
 Reference value :  2.04913e-06
 Reference value :  2.08171e-06
 Reference value :  2.10958e-06
 Reference value :  2.13313e-06
 Reference value :  2.16873e-06
 Reference value :  2.19826e-06
 Reference value :  2.22195e-06
 Reference value :  2.25131e-06
 Reference value :  2.28439e-06
 Reference value :  2.31435e-06
 Reference value :  2.34006e-06
 Reference value :  2.37131e-06
 Reference value :  2.40125e-06
 Reference value :  2.42535e-06
 Reference value :  2.45116e-06
 Reference value :  2.48358e-06
 Reference value :  2.51001e-06
 Reference value :  2.53074e-06
 Reference value :  2.56410e-06
 Reference value :  2.59086e-06
 Reference value :  2.61274e-06
 Reference value :  2.64420e-06
 Reference value :  2.67664e-06
 Reference value :  2.69873e-06
 Reference value :  2.72374e-06
 Reference value :  2.75525e-06
 Reference value :  2.77813e-06
 Reference value :  2.80431e-06
 Reference value :  2.83775e-06
 Reference value :  2.86021e-06
 Reference value :  2.89015e-06
 Reference value :  2.92039e-06
 Reference value :  2.94445e-06
 Reference value :  2.97233e-06
 Reference value :  3.00268e-06
 Reference value :  3.02855e-06
 Reference value :  3.05373e-06
 Reference value :  3.08493e-06
 Reference value :  3.11155e-06
 Reference value :  3.13253e-06
 Reference value :  3.16673e-06
 Reference value :  3.19526e-06
 Reference value :  3.21774e-06
 Reference value :  3.24733e-06
 Reference value :  3.28015e-06
 Reference value :  3.30178e-06
 Reference value :  3.32910e-06
 Reference value :  3.36139e-06
 Reference value :  3.38615e-06
No. of Data Rows : 22584

  Measurements for Transient Analysis

twin_r              =  1.36334e-09 targ=  4.14133e-08 trig=  4.00500e-08
twin_f              =  1.34086e-09 targ=  2.41491e-07 trig=  2.40150e-07
tb_asrt             =   1.08963e-06
te_asrt             =   1.08963e-06
la_lvl              =  5.10575e-09 from=  3.06000e-06 to=  3.40000e-06
lb_lvl              =  3.30000e+00 from=  3.06000e-06 to=  3.40000e-06
lc_lvl              =  5.31788e-09 from=  3.06000e-06 to=  3.40000e-06
ld_lvl              =  5.18915e-09 from=  3.06000e-06 to=  3.40000e-06
le_lvl              =  8.76052e-09 from=  3.06000e-06 to=  3.40000e-06
va_lvl              =  4.67712e-02 from=  3.06000e-06 to=  3.40000e-06
te_deas             =   2.40498e-06
le_pre              =  3.30000e+00 from=  2.16000e-06 to=  2.40001e-06
iavg                =  -1.53012e-04 from=  1.70000e-06 to=  3.40000e-06

ngspice-46 done


Error: measure  ta_asrt  when(WHEN) : out of interval
 .measure tran ta_asrt when v(locka)=    1.650000000000000e+00     rise=1 failed!


Error: measure  tc_asrt  when(WHEN) : out of interval
 .measure tran tc_asrt when v(lockc)=    1.650000000000000e+00     rise=1 failed!


Error: measure  td_asrt  when(WHEN) : out of interval
 .measure tran td_asrt when v(lockd)=    1.650000000000000e+00     rise=1 failed!

