
Note: Compatibility modes selected: hs a


Circuit: * cp-compliance (switching) @ typical_-40c_2.97v_x1.65 -- generated by sim/harness, do not edit

Doing analysis at TEMP = -40.000000 and TNOM = 27.000000

Using SPARSE 1.3 as Direct Linear Solver

Initial Transient Solution
--------------------------

Node                                   Voltage
----                                   -------
vdd                                       2.97
vss                                          0
hi                                        2.97
lo                                           0
b0                                           0
b1                                        2.97
ctl                                          0
ibn_u                                  0.77993
icn_u                                  0.87275
ibp_u                                   2.0531
icp_u                                  1.95262
xcpu.b0b                                  2.97
xcpu.b1b                           8.32564e-09
xcpu.upb                                  2.97
xcpu.dnb                                  2.97
xcpu.xn_base.bg                        0.77993
xcpu.xn_base.mid                     0.0738186
xcpu.dnt                               1.64579
xcpu.xn_t0.bg                      4.57795e-14
xcpu.xn_t0.mid                        0.384906
xcpu.xn_t1a.bg                         0.77993
xcpu.xn_t1a.mid                      0.0738186
xcpu.xn_t1b.bg                         0.77993
xcpu.xn_t1b.mid                      0.0738186
xcpu.xp_base.bg                         2.0531
xcpu.xp_base.mid                        2.8952
xcpu.upt                               1.66171
xcpu.xp_t0.bg                             2.97
xcpu.xp_t0.mid                         1.18958
xcpu.xp_t1a.bg                          2.0531
xcpu.xp_t1a.mid                         2.8952
xcpu.xp_t1b.bg                          2.0531
xcpu.xp_t1b.mid                         2.8952
outu                                      1.65
xcpu.vdump                             1.64987
xcpu.xbuf.nsrc                        0.681342
xcpu.xbuf.nda                          2.05271
xcpu.xbuf.psrc                          2.5302
xcpu.xbuf.pda                         0.746063
ibn_d                                  0.77993
icn_d                                  0.87275
ibp_d                                   2.0531
icp_d                                  1.95262
xcpd.b0b                                  2.97
xcpd.b1b                           8.32564e-09
xcpd.upb                                  2.97
xcpd.dnb                                  2.97
xcpd.xn_base.bg                        0.77993
xcpd.xn_base.mid                     0.0738186
xcpd.dnt                               1.64579
xcpd.xn_t0.bg                      4.57795e-14
xcpd.xn_t0.mid                        0.384905
xcpd.xn_t1a.bg                         0.77993
xcpd.xn_t1a.mid                      0.0738186
xcpd.xn_t1b.bg                         0.77993
xcpd.xn_t1b.mid                      0.0738186
xcpd.xp_base.bg                         2.0531
xcpd.xp_base.mid                        2.8952
xcpd.upt                               1.66171
xcpd.xp_t0.bg                             2.97
xcpd.xp_t0.mid                         1.18958
xcpd.xp_t1a.bg                          2.0531
xcpd.xp_t1a.mid                         2.8952
xcpd.xp_t1b.bg                          2.0531
xcpd.xp_t1b.mid                         2.8952
outd                                      1.65
xcpd.vdump                             1.64987
xcpd.xbuf.nsrc                        0.681342
xcpd.xbuf.nda                          2.05271
xcpd.xbuf.psrc                          2.5302
xcpd.xbuf.pda                         0.746063
vod#branch                        -1.25368e-11
vou#branch                        -1.25368e-11
vctl#branch                                  0
vb1#branch                           -2.97e-12
vb0#branch                                   0
vlo#branch                                   0
vhi#branch                           -2.97e-12
vss#branch                         7.42254e-05
vdd#branch                        -0.000106226

 Reference value :  0.00000e+00
 Reference value :  2.21400e-10
 Reference value :  3.80775e-10
 Reference value :  7.10775e-10
 Reference value :  8.85775e-10
 Reference value :  1.12078e-09
 Reference value :  1.24015e-09
 Reference value :  1.49515e-09
 Reference value :  1.71078e-09
 Reference value :  1.85953e-09
 Reference value :  2.06953e-09
 Reference value :  2.33453e-09
 Reference value :  2.55015e-09
 Reference value :  2.71890e-09
 Reference value :  2.90390e-09
 Reference value :  3.03890e-09
 Reference value :  3.20890e-09
 Reference value :  3.39390e-09
 Reference value :  3.54890e-09
 Reference value :  3.65327e-09
 Reference value :  3.73827e-09
 Reference value :  3.85765e-09
 Reference value :  3.93765e-09
 Reference value :  4.04765e-09
 Reference value :  4.15265e-09
 Reference value :  4.20702e-09
 Reference value :  4.26702e-09
 Reference value :  4.36640e-09
 Reference value :  4.42015e-09
 Reference value :  4.50890e-09
 Reference value :  4.60452e-09
 Reference value :  4.65327e-09
 Reference value :  4.69765e-09
 Reference value :  4.75140e-09
 Reference value :  4.80452e-09
 Reference value :  4.83890e-09
 Reference value :  4.86390e-09
 Reference value :  4.92765e-09
 Reference value :  4.98077e-09
 Reference value :  5.03077e-09
 Reference value :  5.07015e-09
 Reference value :  5.10265e-09
 Reference value :  5.15202e-09
 Reference value :  5.20640e-09
 Reference value :  5.25077e-09
 Reference value :  5.29015e-09
 Reference value :  5.31952e-09
 Reference value :  5.35827e-09
 Reference value :  5.37827e-09
 Reference value :  5.42202e-09
 Reference value :  5.46515e-09
 Reference value :  5.50952e-09
 Reference value :  5.53327e-09
 Reference value :  5.60327e-09
 Reference value :  5.62827e-09
 Reference value :  5.67827e-09
 Reference value :  5.73390e-09
 Reference value :  5.77640e-09
 Reference value :  5.86515e-09
 Reference value :  5.90577e-09
 Reference value :  5.95890e-09
 Reference value :  5.99140e-09
 Reference value :  6.05077e-09
 Reference value :  6.08577e-09
 Reference value :  6.12515e-09
 Reference value :  6.16327e-09
 Reference value :  6.20265e-09
 Reference value :  6.23265e-09
 Reference value :  6.27140e-09
 Reference value :  6.32952e-09
 Reference value :  6.37390e-09
 Reference value :  6.40765e-09
 Reference value :  6.45702e-09
 Reference value :  6.51077e-09
 Reference value :  6.54515e-09
 Reference value :  6.57452e-09
 Reference value :  6.61702e-09
 Reference value :  6.69765e-09
 Reference value :  6.73640e-09
 Reference value :  6.77577e-09
 Reference value :  6.80452e-09
 Reference value :  6.85327e-09
 Reference value :  6.89202e-09
 Reference value :  6.93577e-09
 Reference value :  6.97452e-09
 Reference value :  7.00765e-09
 Reference value :  7.04265e-09
 Reference value :  7.06702e-09
 Reference value :  7.09577e-09
 Reference value :  7.11452e-09
 Reference value :  7.14952e-09
 Reference value :  7.18327e-09
 Reference value :  7.21702e-09
 Reference value :  7.27077e-09
 Reference value :  7.30452e-09
 Reference value :  7.35765e-09
 Reference value :  7.39265e-09
 Reference value :  7.42640e-09
 Reference value :  7.46515e-09
 Reference value :  7.49952e-09
 Reference value :  7.53890e-09
 Reference value :  7.57390e-09
 Reference value :  7.61390e-09
 Reference value :  7.66015e-09
 Reference value :  7.68015e-09
 Reference value :  7.75452e-09
 Reference value :  7.79327e-09
 Reference value :  7.84640e-09
 Reference value :  7.87515e-09
 Reference value :  7.91452e-09
 Reference value :  7.94827e-09
 Reference value :  7.98390e-09
 Reference value :  8.04765e-09
 Reference value :  8.07765e-09
 Reference value :  8.16640e-09
 Reference value :  8.21077e-09
 Reference value :  8.26015e-09
 Reference value :  8.29952e-09
 Reference value :  8.34827e-09
 Reference value :  8.36515e-09
 Reference value :  8.41765e-09
 Reference value :  8.46203e-09
 Reference value :  8.51515e-09
 Reference value :  8.53953e-09
 Reference value :  8.58953e-09
 Reference value :  8.64328e-09
 Reference value :  8.69703e-09
 Reference value :  8.74078e-09
 Reference value :  8.79953e-09
 Reference value :  8.85328e-09
 Reference value :  8.91328e-09
 Reference value :  8.95640e-09
 Reference value :  8.98078e-09
 Reference value :  9.04140e-09
 Reference value :  9.09953e-09
 Reference value :  9.12453e-09
 Reference value :  9.18828e-09
 Reference value :  9.20703e-09
 Reference value :  9.23765e-09
 Reference value :  9.27953e-09
 Reference value :  9.32828e-09
 Reference value :  9.36203e-09
 Reference value :  9.41265e-09
 Reference value :  9.47140e-09
 Reference value :  9.52515e-09
 Reference value :  9.55328e-09
 Reference value :  9.58828e-09
 Reference value :  9.65640e-09
 Reference value :  9.69578e-09
 Reference value :  9.74078e-09
 Reference value :  9.78328e-09
 Reference value :  9.81265e-09
 Reference value :  9.84703e-09
 Reference value :  9.89640e-09
 Reference value :  9.94640e-09
 Reference value :  9.99078e-09
 Reference value :  1.10875e-08
 Reference value :  1.21975e-08
 Reference value :  1.33775e-08
 Reference value :  1.46475e-08
 Reference value :  1.57075e-08
 Reference value :  1.70025e-08
 Reference value :  1.83075e-08
 Reference value :  1.95475e-08
No. of Data Rows : 4430
iup_ss              =  5.11207e-06 from=  1.40000e-08 to=  1.50025e-08
idn_ss              =  -5.02244e-06 from=  1.40000e-08 to=  1.50025e-08
qup                 =  2.18897e-14 from=  9.50000e-09 to=  1.50000e-08
qdn                 =  -2.24287e-14 from=  9.50000e-09 to=  1.50000e-08
ton_up              =  -9.99878e-11 targ=  1.00000e-08 trig=  1.01000e-08
ton_dn              =  4.09887e-12 targ=  1.01041e-08 trig=  1.01000e-08
toff_up             =  -9.99350e-11 targ=  1.52001e-08 trig=  1.53000e-08
toff_dn             =  2.19720e-11 targ=  1.53220e-08 trig=  1.53000e-08
m_iup_ss = 5.1120720000e-06
m_idn_ss = -5.022444000e-06
m_qup = 2.1889660000e-14
m_qdn = -2.242870000e-14
m_wup = 4.2819545578e-09
m_wdn = 4.4656943910e-09
m_wskew = -1.837398333e-10
m_ton_up = -9.998776000e-11
m_ton_dn = 4.0988670000e-12
m_toff_up = -9.993503000e-11
m_toff_dn = 2.1971970000e-11
Note: Simulation executed from .control section 

Warning: m=xx on .subckt line will override multiplier m hierarchy!

