
Note: No compatibility mode selected!


Circuit: * vco-tuning-range @ all-slow_27c_3.63v_band7 -- generated by sim/harness, do not edit

Doing analysis at TEMP = 27.000000 and TNOM = 27.000000


Initial Transient Solution
--------------------------

Node                                   Voltage
----                                   -------
vdd                                       3.63
nb0                                       3.63
nb1                                       3.63
nb2                                       3.63
vc1                                        0.9
vc2                                        1.2
vc3                                        1.5
vc4                                        1.8
vc5                                        2.1
vc6                                        2.4
vc7                                        2.7
nv1                                       3.63
nv2                                       3.63
nv3                                       3.63
nv4                                       3.63
nv5                                       3.63
nv6                                       3.63
nv7                                       3.63
x1.xbias.na                            1.01388
x1.xbias.vbpc                          2.56606
x1.xbias.nc                           0.108511
x1.xbias.xrcg.11                      0.108346
x1.xbias.xrcg.21                    0.00016463
x1.xbias.nsu                         0.0170793
x1.xbias.vfix                          1.97439
x1.xbias.nmd                          0.845361
x1.xbias.vbp0                          2.67335
x1.xbias.noff                         0.844638
x1.xbias.xroff.11                     0.844414
x1.xbias.xroff.21                  0.000223999
x1.xbias.nvi                          0.118687
x1.xbias.xrdeg.11                     0.118656
x1.xbias.xrdeg.21                   3.1476e-05
x1.xbias.b0b                       6.32779e-09
x1.xbias.b1b                       6.32779e-09
x1.xbias.b2b                       6.32779e-09
x1.xbias.vbn1                         0.837527
x1.xbias.ga                            2.67335
x1.xbias.vbp2                          2.58162
x1.xbias.gb                           0.837527
x1.vbn                                  1.0617
x1.xbias.gc                            2.58162
x1.vbp                                 2.39063
x1.xs1.nh                              1.62166
x1.y1                                        0
x1.y5                                        0
x1.xs1.nt                        -2.14834e-128
x1.xs2.nh                                 3.63
x1.y2                                     3.63
x1.xs2.nt                          3.73502e-10
x1.xs3.nh                                 3.63
x1.y3                                        0
x1.xs3.nt                         2.47322e-237
x1.xs4.nh                                 3.63
x1.y4                                     3.63
x1.xs4.nt                          3.73502e-10
x1.xs5.nh                                 3.63
x1.xs5.nt                         2.47322e-237
x1.nb1                                    3.63
x1.nb2                             4.43771e-09
clk1                                      3.63
x1.xcdec1.c_moscap_int1                  -3.63
x1.xcdec2.c_moscap_int1                  -3.63
x2.xbias.na                            1.01388
x2.xbias.vbpc                          2.56606
x2.xbias.nc                           0.108511
x2.xbias.xrcg.11                      0.108346
x2.xbias.xrcg.21                    0.00016463
x2.xbias.nsu                         0.0170793
x2.xbias.vfix                          1.97439
x2.xbias.nmd                          0.845361
x2.xbias.vbp0                          2.66183
x2.xbias.noff                          0.84462
x2.xbias.xroff.11                     0.844396
x2.xbias.xroff.21                  0.000223994
x2.xbias.nvi                          0.303754
x2.xbias.xrdeg.11                     0.303673
x2.xbias.xrdeg.21                  8.05558e-05
x2.xbias.b0b                       6.32779e-09
x2.xbias.b1b                       6.32779e-09
x2.xbias.b2b                       6.32779e-09
x2.xbias.vbn1                         0.848996
x2.xbias.ga                            2.66183
x2.xbias.vbp2                           2.5652
x2.xbias.gb                           0.848996
x2.vbn                                 1.08851
x2.xbias.gc                             2.5652
x2.vbp                                 2.35904
x2.xs1.nh                              1.65005
x2.y1                                        0
x2.y5                                        0
x2.xs1.nt                        -1.65474e-157
x2.xs2.nh                                 3.63
x2.y2                                     3.63
x2.xs2.nt                          3.38874e-10
x2.xs3.nh                                 3.63
x2.y3                                        0
x2.xs3.nt                         3.27823e-238
x2.xs4.nh                                 3.63
x2.y4                                     3.63
x2.xs4.nt                          3.38874e-10
x2.xs5.nh                                 3.63
x2.xs5.nt                         3.27823e-238
x2.nb1                                    3.63
x2.nb2                             4.43771e-09
clk2                                      3.63
x2.xcdec1.c_moscap_int1                  -3.63
x2.xcdec2.c_moscap_int1                  -3.63
x3.xbias.na                            1.01388
x3.xbias.vbpc                          2.56606
x3.xbias.nc                           0.108511
x3.xbias.xrcg.11                      0.108346
x3.xbias.xrcg.21                    0.00016463
x3.xbias.nsu                         0.0170793
x3.xbias.vfix                          1.97439
x3.xbias.nmd                          0.845361
x3.xbias.vbp0                          2.65069
x3.xbias.noff                         0.844602
x3.xbias.xroff.11                     0.844378
x3.xbias.xroff.21                  0.000223989
x3.xbias.nvi                          0.506458
x3.xbias.xrdeg.11                     0.506323
x3.xbias.xrdeg.21                  0.000134313
x3.xbias.b0b                       6.32779e-09
x3.xbias.b1b                       6.32779e-09
x3.xbias.b2b                       6.32779e-09
x3.xbias.vbn1                         0.860119
x3.xbias.ga                            2.65069
x3.xbias.vbp2                          2.54895
x3.xbias.gb                           0.860119
x3.vbn                                 1.11562
x3.xbias.gc                            2.54895
x3.vbp                                 2.32715
x3.xs1.nh                              1.67875
x3.y1                                        0
x3.y5                                        0
x3.xs1.nt                          2.82471e-83
x3.xs2.nh                                 3.63
x3.y2                                     3.63
x3.xs2.nt                          3.09959e-10
x3.xs3.nh                                 3.63
x3.y3                                        0
x3.xs3.nt                         2.78451e-155
x3.xs4.nh                                 3.63
x3.y4                                     3.63
x3.xs4.nt                          3.09959e-10
x3.xs5.nh                                 3.63
x3.xs5.nt                         2.78451e-155
x3.nb1                                    3.63
x3.nb2                             4.43771e-09
clk3                                      3.63
x3.xcdec1.c_moscap_int1                  -3.63
x3.xcdec2.c_moscap_int1                  -3.63
x4.xbias.na                            1.01388
x4.xbias.vbpc                          2.56606
x4.xbias.nc                           0.108511
x4.xbias.xrcg.11                      0.108346
x4.xbias.xrcg.21                    0.00016463
x4.xbias.nsu                         0.0170793
x4.xbias.vfix                          1.97439
x4.xbias.nmd                          0.845361
x4.xbias.vbp0                          2.64024
x4.xbias.noff                         0.844585
x4.xbias.xroff.11                     0.844361
x4.xbias.xroff.21                  0.000223985
x4.xbias.nvi                           0.71836
x4.xbias.xrdeg.11                      0.71817
x4.xbias.xrdeg.21                   0.00019051
x4.xbias.b0b                       6.32779e-09
x4.xbias.b1b                       6.32779e-09
x4.xbias.b2b                       6.32779e-09
x4.xbias.vbn1                         0.870564
x4.xbias.ga                            2.64024
x4.xbias.vbp2                           2.5334
x4.xbias.gb                           0.870564
x4.vbn                                 1.14209
x4.xbias.gc                             2.5334
x4.vbp                                 2.29615
x4.xs1.nh                              1.70671
x4.y1                                        0
x4.y5                                        0
x4.xs1.nt                         6.79972e-112
x4.xs2.nh                                 3.63
x4.y2                                     3.63
x4.xs2.nt                          2.86308e-10
x4.xs3.nh                                 3.63
x4.y3                                        0
x4.xs3.nt                         8.23867e-171
x4.xs4.nh                                 3.63
x4.y4                                     3.63
x4.xs4.nt                          2.86308e-10
x4.xs5.nh                                 3.63
x4.xs5.nt                         8.23867e-171
x4.nb1                                    3.63
x4.nb2                             4.43771e-09
clk4                                      3.63
x4.xcdec1.c_moscap_int1                  -3.63
x4.xcdec2.c_moscap_int1                  -3.63
x5.xbias.na                            1.01388
x5.xbias.vbpc                          2.56606
x5.xbias.nc                           0.108511
x5.xbias.xrcg.11                      0.108346
x5.xbias.xrcg.21                    0.00016463
x5.xbias.nsu                         0.0170793
x5.xbias.vfix                          1.97439
x5.xbias.nmd                          0.845361
x5.xbias.vbp0                          2.63047
x5.xbias.noff                         0.844569
x5.xbias.xroff.11                     0.844345
x5.xbias.xroff.21                   0.00022398
x5.xbias.nvi                          0.936632
x5.xbias.xrdeg.11                     0.936383
x5.xbias.xrdeg.21                  0.000248396
x5.xbias.b0b                       6.32779e-09
x5.xbias.b1b                       6.32779e-09
x5.xbias.b2b                       6.32779e-09
x5.xbias.vbn1                         0.880361
x5.xbias.ga                            2.63047
x5.xbias.vbp2                          2.51859
x5.xbias.gb                           0.880361
x5.vbn                                 1.16778
x5.xbias.gc                            2.51859
x5.vbp                                 2.26622
x5.xs1.nh                              1.73377
x5.y1                                        0
x5.y5                                        0
x5.xs1.nt                          -1.6002e-18
x5.xs2.nh                                 3.63
x5.y2                                     3.63
x5.xs2.nt                          2.66743e-10
x5.xs3.nh                                 3.63
x5.y3                                        0
x5.xs3.nt                         -2.42679e-17
x5.xs4.nh                                 3.63
x5.y4                                     3.63
x5.xs4.nt                          2.66743e-10
x5.xs5.nh                                 3.63
x5.xs5.nt                         -2.42679e-17
x5.nb1                                    3.63
x5.nb2                             4.43771e-09
clk5                                      3.63
x5.xcdec1.c_moscap_int1                  -3.63
x5.xcdec2.c_moscap_int1                  -3.63
x6.xbias.na                            1.01388
x6.xbias.vbpc                          2.56606
x6.xbias.nc                           0.108511
x6.xbias.xrcg.11                      0.108346
x6.xbias.xrcg.21                    0.00016463
x6.xbias.nsu                         0.0170793
x6.xbias.vfix                          1.97439
x6.xbias.nmd                          0.845361
x6.xbias.vbp0                          2.62128
x6.xbias.noff                         0.844554
x6.xbias.xroff.11                      0.84433
x6.xbias.xroff.21                  0.000223977
x6.xbias.nvi                           1.15985
x6.xbias.xrdeg.11                      1.15955
x6.xbias.xrdeg.21                  0.000307594
x6.xbias.b0b                       6.32779e-09
x6.xbias.b1b                       6.32779e-09
x6.xbias.b2b                       6.32779e-09
x6.xbias.vbn1                         0.889584
x6.xbias.ga                            2.62128
x6.xbias.vbp2                          2.50443
x6.xbias.gb                           0.889584
x6.vbn                                 1.19272
x6.xbias.gc                            2.50443
x6.vbp                                 2.23731
x6.xs1.nh                              1.75993
x6.y1                                        0
x6.y5                                        0
x6.xs1.nt                        -6.24399e-112
x6.xs2.nh                                 3.63
x6.y2                                     3.63
x6.xs2.nt                          2.50311e-10
x6.xs3.nh                                 3.63
x6.y3                                        0
x6.xs3.nt                         6.16541e-170
x6.xs4.nh                                 3.63
x6.y4                                     3.63
x6.xs4.nt                          2.50311e-10
x6.xs5.nh                                 3.63
x6.xs5.nt                         6.16541e-170
x6.nb1                                    3.63
x6.nb2                             4.43771e-09
clk6                                      3.63
x6.xcdec1.c_moscap_int1                  -3.63
x6.xcdec2.c_moscap_int1                  -3.63
x7.xbias.na                            1.01388
x7.xbias.vbpc                          2.56606
x7.xbias.nc                           0.108511
x7.xbias.xrcg.11                      0.108346
x7.xbias.xrcg.21                    0.00016463
x7.xbias.nsu                         0.0170793
x7.xbias.vfix                          1.97439
x7.xbias.nmd                          0.845361
x7.xbias.vbp0                           2.6126
x7.xbias.noff                          0.84454
x7.xbias.xroff.11                     0.844316
x7.xbias.xroff.21                  0.000223973
x7.xbias.nvi                           1.38715
x7.xbias.xrdeg.11                      1.38678
x7.xbias.xrdeg.21                  0.000367873
x7.xbias.b0b                       6.32779e-09
x7.xbias.b1b                       6.32779e-09
x7.xbias.b2b                       6.32779e-09
x7.xbias.vbn1                         0.898309
x7.xbias.ga                             2.6126
x7.xbias.vbp2                          2.49087
x7.xbias.gb                           0.898309
x7.vbn                                 1.21699
x7.xbias.gc                            2.49087
x7.vbp                                 2.20937
x7.xs1.nh                              1.78526
x7.y1                                        0
x7.y5                                        0
x7.xs1.nt                        -1.97871e-112
x7.xs2.nh                                 3.63
x7.y2                                     3.63
x7.xs2.nt                          2.36312e-10
x7.xs3.nh                                 3.63
x7.y3                                        0
x7.xs3.nt                        -1.86047e-169
x7.xs4.nh                                 3.63
x7.y4                                     3.63
x7.xs4.nt                          2.36312e-10
x7.xs5.nh                                 3.63
x7.xs5.nt                         -1.0923e-169
x7.nb1                                    3.63
x7.nb2                             4.43771e-09
clk7                                      3.63
x7.xcdec1.c_moscap_int1                  -3.63
x7.xcdec2.c_moscap_int1                  -3.63
e.x7.xcdec2.ec_moscap#branch                 0
e.x7.xcdec1.ec_moscap#branch                 0
e.x6.xcdec2.ec_moscap#branch                 0
e.x6.xcdec1.ec_moscap#branch                 0
e.x5.xcdec2.ec_moscap#branch                 0
e.x5.xcdec1.ec_moscap#branch                 0
e.x4.xcdec2.ec_moscap#branch                 0
e.x4.xcdec1.ec_moscap#branch                 0
e.x3.xcdec2.ec_moscap#branch                 0
e.x3.xcdec1.ec_moscap#branch                 0
e.x2.xcdec2.ec_moscap#branch                 0
e.x2.xcdec1.ec_moscap#branch                 0
e.x1.xcdec2.ec_moscap#branch                 0
e.x1.xcdec1.ec_moscap#branch                 0
vs7#branch                         0.000322177
vs6#branch                         0.000292224
vs5#branch                         0.000262657
vs4#branch                         0.000233583
vs3#branch                         0.000205181
vs2#branch                         0.000177816
vs1#branch                         0.000152604
vv7#branch                                   0
vv6#branch                                   0
vv5#branch                                   0
vv4#branch                                   0
vv3#branch                                   0
vv2#branch                                   0
vv1#branch                                   0
vb2#branch                                   0
vb1#branch                                   0
vb0#branch                                   0
vdd#branch                         -0.00164624

 Reference value :  0.00000e+00
 Reference value :  7.00886e-10
 Reference value :  1.06058e-09
 Reference value :  1.42027e-09
 Reference value :  1.77996e-09
 Reference value :  2.13965e-09
 Reference value :  2.66727e-09
 Reference value :  3.49586e-09
 Reference value :  4.31068e-09
 Reference value :  4.66856e-09
 Reference value :  4.99720e-09
 Reference value :  5.35447e-09
 Reference value :  5.71417e-09
 Reference value :  6.44797e-09
 Reference value :  7.29256e-09
 Reference value :  8.04197e-09
 Reference value :  8.90538e-09
 Reference value :  9.75020e-09
 Reference value :  1.06886e-08
 Reference value :  1.18339e-08
 Reference value :  1.28763e-08
 Reference value :  1.38310e-08
 Reference value :  1.50815e-08
 Reference value :  1.63066e-08
 Reference value :  1.70275e-08
 Reference value :  1.79781e-08
 Reference value :  1.90841e-08
 Reference value :  2.02823e-08
 Reference value :  2.11268e-08
 Reference value :  2.19127e-08
 Reference value :  2.26680e-08
 Reference value :  2.35822e-08
 Reference value :  2.46439e-08
 Reference value :  2.58422e-08
 Reference value :  2.66975e-08
 Reference value :  2.70489e-08
 Reference value :  2.78347e-08
 Reference value :  2.84232e-08
 Reference value :  2.95877e-08
 Reference value :  3.03065e-08
 Reference value :  3.06052e-08
 Reference value :  3.14689e-08
 Reference value :  3.18286e-08
 Reference value :  3.21288e-08
 Reference value :  3.24884e-08
 Reference value :  3.28463e-08
 Reference value :  3.31989e-08
 Reference value :  3.40631e-08
 Reference value :  3.52508e-08
 Reference value :  3.62271e-08
 Reference value :  3.70964e-08
 Reference value :  3.80071e-08
 Reference value :  3.88174e-08
 Reference value :  3.96391e-08
 Reference value :  4.04831e-08
 Reference value :  4.13811e-08
 Reference value :  4.22979e-08
 Reference value :  4.32899e-08
 Reference value :  4.43071e-08
 Reference value :  4.52759e-08
 Reference value :  4.63749e-08
 Reference value :  4.74921e-08
 Reference value :  4.85856e-08
 Reference value :  4.95876e-08
 Reference value :  5.06389e-08
 Reference value :  5.13991e-08
 Reference value :  5.17078e-08
 Reference value :  5.24786e-08
 Reference value :  5.32390e-08
 Reference value :  5.37478e-08
 Reference value :  5.45023e-08
 Reference value :  5.49642e-08
 Reference value :  5.54961e-08
 Reference value :  5.58759e-08
 Reference value :  5.66354e-08
 Reference value :  5.76527e-08
 Reference value :  5.84676e-08
 Reference value :  5.94885e-08
 Reference value :  6.05054e-08
 Reference value :  6.12214e-08
 Reference value :  6.25945e-08
 Reference value :  6.37107e-08
 Reference value :  6.47532e-08
 Reference value :  6.56956e-08
 Reference value :  6.66285e-08
 Reference value :  6.77034e-08
 Reference value :  6.85507e-08
 Reference value :  6.93986e-08
 Reference value :  7.04132e-08
 Reference value :  7.13381e-08
 Reference value :  7.21556e-08
 Reference value :  7.31167e-08
 Reference value :  7.41912e-08
 Reference value :  7.51565e-08
 Reference value :  7.59716e-08
 Reference value :  7.67922e-08
 Reference value :  7.76066e-08
 Reference value :  7.82900e-08
 Reference value :  7.90074e-08
 Reference value :  7.97168e-08
 Reference value :  8.07916e-08
 Reference value :  8.20940e-08
 Reference value :  8.29747e-08
 Reference value :  8.41453e-08
 Reference value :  8.49805e-08
 Reference value :  8.58529e-08
 Reference value :  8.69929e-08
 Reference value :  8.81465e-08
 Reference value :  8.90792e-08
 Reference value :  9.00501e-08
 Reference value :  9.05862e-08
 Reference value :  9.15170e-08
 Reference value :  9.22839e-08
 Reference value :  9.25858e-08
 Reference value :  9.29455e-08
 Reference value :  9.32744e-08
 Reference value :  9.35981e-08
 Reference value :  9.39578e-08
 Reference value :  9.45616e-08
 Reference value :  9.54512e-08
 Reference value :  9.63202e-08
 Reference value :  9.69251e-08
 Reference value :  9.77137e-08
 Reference value :  9.85724e-08
 Reference value :  9.94916e-08
 Reference value :  1.00485e-07
 Reference value :  1.01291e-07
 Reference value :  1.02206e-07
 Reference value :  1.03041e-07
 Reference value :  1.03992e-07
 Reference value :  1.04778e-07
 Reference value :  1.05429e-07
 Reference value :  1.06370e-07
 Reference value :  1.07468e-07
 Reference value :  1.08380e-07
 Reference value :  1.09474e-07
No. of Data Rows : 4348

  Measurements for Transient Analysis

tp1                 =  3.630141e-08 targ=  8.207699e-08 trig=  4.577558e-08
tp2                 =  3.001117e-08 targ=  7.542195e-08 trig=  4.541078e-08
tp3                 =  2.513251e-08 targ=  6.950212e-08 trig=  4.436962e-08
tp4                 =  2.142762e-08 targ=  6.466471e-08 trig=  4.323709e-08
tp5                 =  1.857801e-08 targ=  6.075810e-08 trig=  4.218009e-08
tp6                 =  1.634897e-08 targ=  5.759363e-08 trig=  4.124465e-08
tp7                 =  1.457668e-08 targ=  5.502088e-08 trig=  4.044420e-08
f1                  =  1.10189e+08
f2                  =  1.33284e+08
f3                  =  1.59156e+08
f4                  =  1.86675e+08
f5                  =  2.15308e+08
f6                  =  2.44664e+08
f7                  =  2.74411e+08
i1                  =  2.171508e-04 from=  4.008368e-08 to=  1.102300e-07
i2                  =  2.517428e-04 from=  4.008368e-08 to=  1.102300e-07
i3                  =  2.901260e-04 from=  4.008368e-08 to=  1.102300e-07
i4                  =  3.302582e-04 from=  4.008368e-08 to=  1.102300e-07
i5                  =  3.687708e-04 from=  4.008368e-08 to=  1.102300e-07
i6                  =  4.092722e-04 from=  4.008368e-08 to=  1.102300e-07
i7                  =  4.519447e-04 from=  4.008368e-08 to=  1.102300e-07
sw1hi               =  3.672287e+00 at=  9.539981e-08
sw1lo               =  -3.752474e-02 at=  4.567630e-08
sw7hi               =  3.688502e+00 at=  1.040666e-07
sw7lo               =  -4.877967e-02 at=  4.764585e-08

ngspice-42 done

Using SPARSE 1.3 as Direct Linear Solver
