
Note: No compatibility mode selected!


Circuit: * vco-tuning-range @ all-fast_-40c_2.97v_band2 -- generated by sim/harness, do not edit

Doing analysis at TEMP = -40.000000 and TNOM = 27.000000


Initial Transient Solution
--------------------------

Node                                   Voltage
----                                   -------
vdd                                       2.97
nb0                                          0
nb1                                       2.97
nb2                                          0
vc1                                        0.9
vc2                                        1.2
vc3                                        1.5
vc4                                        1.8
vc5                                        2.1
vc6                                        2.4
vc7                                        2.7
nv1                                       2.97
nv2                                       2.97
nv3                                       2.97
nv4                                       2.97
nv5                                       2.97
nv6                                       2.97
nv7                                       2.97
x1.xbias.na                           0.865396
x1.xbias.vbpc                          2.07759
x1.xbias.nc                            0.10738
x1.xbias.xrcg.11                      0.107069
x1.xbias.xrcg.21                   0.000311019
x1.xbias.nsu                         0.0115951
x1.xbias.vfix                          1.63783
x1.xbias.nmd                          0.709665
x1.xbias.vbp0                          2.17545
x1.xbias.noff                         0.721013
x1.xbias.xroff.11                     0.720647
x1.xbias.xroff.21                  0.000365878
x1.xbias.nvi                          0.201708
x1.xbias.xrdeg.11                     0.201605
x1.xbias.xrdeg.21                  0.000102356
x1.xbias.b0b                              2.97
x1.xbias.b1b                       3.80466e-09
x1.xbias.b2b                              2.97
x1.xbias.vbn1                         0.667016
x1.xbias.ga                               2.97
x1.xbias.vbp2                          2.13343
x1.xbias.gb                           0.667016
x1.vbn                                0.689698
x1.xbias.gc                               2.97
x1.vbp                                 2.15849
x1.xs1.nh                              1.10466
x1.y1                                        0
x1.y5                                        0
x1.xs1.nt                         -3.17756e-92
x1.xs2.nh                                 2.97
x1.y2                                     2.97
x1.xs2.nt                          6.50652e-10
x1.xs3.nh                                 2.97
x1.y3                                        0
x1.xs3.nt                         4.19894e-195
x1.xs4.nh                                 2.97
x1.y4                                     2.97
x1.xs4.nt                          6.50652e-10
x1.xs5.nh                                 2.97
x1.xs5.nt                         4.19894e-195
x1.nb1                                    2.97
x1.nb2                             2.58531e-09
clk1                                      2.97
x1.xcdec1.c_moscap_int1                  -2.97
x1.xcdec2.c_moscap_int1                  -2.97
x2.xbias.na                           0.865396
x2.xbias.vbpc                          2.07759
x2.xbias.nc                            0.10738
x2.xbias.xrcg.11                      0.107069
x2.xbias.xrcg.21                   0.000311019
x2.xbias.nsu                         0.0115951
x2.xbias.vfix                          1.63783
x2.xbias.nmd                          0.709665
x2.xbias.vbp0                          2.16421
x2.xbias.noff                         0.720994
x2.xbias.xroff.11                     0.720628
x2.xbias.xroff.21                  0.000365868
x2.xbias.nvi                          0.404707
x2.xbias.xrdeg.11                     0.404502
x2.xbias.xrdeg.21                  0.000205368
x2.xbias.b0b                              2.97
x2.xbias.b1b                       3.80466e-09
x2.xbias.b2b                              2.97
x2.xbias.vbn1                         0.677199
x2.xbias.ga                               2.97
x2.xbias.vbp2                          2.11965
x2.xbias.gb                           0.677199
x2.vbn                                0.699987
x2.xbias.gc                               2.97
x2.vbp                                 2.14765
x2.xs1.nh                              1.11408
x2.y1                                        0
x2.y5                                        0
x2.xs1.nt                         -1.81751e-11
x2.xs2.nh                                 2.97
x2.y2                                     2.97
x2.xs2.nt                           5.5106e-10
x2.xs3.nh                                 2.97
x2.y3                                        0
x2.xs3.nt                          5.85267e-17
x2.xs4.nh                                 2.97
x2.y4                                     2.97
x2.xs4.nt                           5.5106e-10
x2.xs5.nh                                 2.97
x2.xs5.nt                          5.85267e-17
x2.nb1                                    2.97
x2.nb2                             2.58531e-09
clk2                                      2.97
x2.xcdec1.c_moscap_int1                  -2.97
x2.xcdec2.c_moscap_int1                  -2.97
x3.xbias.na                           0.865396
x3.xbias.vbpc                          2.07759
x3.xbias.nc                            0.10738
x3.xbias.xrcg.11                      0.107069
x3.xbias.xrcg.21                   0.000311019
x3.xbias.nsu                         0.0115951
x3.xbias.vfix                          1.63783
x3.xbias.nmd                          0.709665
x3.xbias.vbp0                          2.15372
x3.xbias.noff                         0.720975
x3.xbias.xroff.11                     0.720609
x3.xbias.xroff.21                  0.000365858
x3.xbias.nvi                          0.619604
x3.xbias.xrdeg.11                     0.619289
x3.xbias.xrdeg.21                  0.000314417
x3.xbias.b0b                              2.97
x3.xbias.b1b                       3.80466e-09
x3.xbias.b2b                              2.97
x3.xbias.vbn1                         0.686563
x3.xbias.ga                               2.97
x3.xbias.vbp2                          2.10662
x3.xbias.gb                           0.686563
x3.vbn                                0.709461
x3.xbias.gc                               2.97
x3.vbp                                 2.13753
x3.xs1.nh                               1.1229
x3.y1                                        0
x3.y5                                        0
x3.xs1.nt                          4.45454e-15
x3.xs2.nh                                 2.97
x3.y2                                     2.97
x3.xs2.nt                          5.06427e-10
x3.xs3.nh                                 2.97
x3.y3                                        0
x3.xs3.nt                          5.55412e-17
x3.xs4.nh                                 2.97
x3.y4                                     2.97
x3.xs4.nt                          5.06427e-10
x3.xs5.nh                                 2.97
x3.xs5.nt                          5.55412e-17
x3.nb1                                    2.97
x3.nb2                             2.58531e-09
clk3                                      2.97
x3.xcdec1.c_moscap_int1                  -2.97
x3.xcdec2.c_moscap_int1                  -2.97
x4.xbias.na                           0.865396
x4.xbias.vbpc                          2.07759
x4.xbias.nc                            0.10738
x4.xbias.xrcg.11                      0.107069
x4.xbias.xrcg.21                   0.000311019
x4.xbias.nsu                         0.0115951
x4.xbias.vfix                          1.63783
x4.xbias.nmd                          0.709665
x4.xbias.vbp0                          2.14398
x4.xbias.noff                         0.720958
x4.xbias.xroff.11                     0.720592
x4.xbias.xroff.21                   0.00036585
x4.xbias.nvi                          0.841919
x4.xbias.xrdeg.11                     0.841492
x4.xbias.xrdeg.21                  0.000427231
x4.xbias.b0b                              2.97
x4.xbias.b1b                       3.80466e-09
x4.xbias.b2b                              2.97
x4.xbias.vbn1                         0.695144
x4.xbias.ga                               2.97
x4.xbias.vbp2                          2.09436
x4.xbias.gb                           0.695144
x4.vbn                                0.718152
x4.xbias.gc                               2.97
x4.vbp                                 2.12811
x4.xs1.nh                              1.13111
x4.y1                                        0
x4.y5                                        0
x4.xs1.nt                         -1.06912e-12
x4.xs2.nh                                 2.97
x4.y2                                     2.97
x4.xs2.nt                          4.56948e-10
x4.xs3.nh                                 2.97
x4.y3                                        0
x4.xs3.nt                         -8.22475e-17
x4.xs4.nh                                 2.97
x4.y4                                     2.97
x4.xs4.nt                          4.56948e-10
x4.xs5.nh                                 2.97
x4.xs5.nt                         -8.22475e-17
x4.nb1                                    2.97
x4.nb2                             2.58531e-09
clk4                                      2.97
x4.xcdec1.c_moscap_int1                  -2.97
x4.xcdec2.c_moscap_int1                  -2.97
x5.xbias.na                           0.865396
x5.xbias.vbpc                          2.07759
x5.xbias.nc                            0.10738
x5.xbias.xrcg.11                      0.107069
x5.xbias.xrcg.21                   0.000311019
x5.xbias.nsu                         0.0115951
x5.xbias.vfix                          1.63783
x5.xbias.nmd                          0.709665
x5.xbias.vbp0                          2.13488
x5.xbias.noff                         0.720942
x5.xbias.xroff.11                     0.720576
x5.xbias.xroff.21                  0.000365841
x5.xbias.nvi                           1.06972
x5.xbias.xrdeg.11                      1.06918
x5.xbias.xrdeg.21                  0.000542828
x5.xbias.b0b                              2.97
x5.xbias.b1b                       3.80466e-09
x5.xbias.b2b                              2.97
x5.xbias.vbn1                         0.703061
x5.xbias.ga                               2.97
x5.xbias.vbp2                          2.08279
x5.xbias.gb                           0.703061
x5.vbn                                 0.72618
x5.xbias.gc                               2.97
x5.vbp                                 2.11931
x5.xs1.nh                              1.13881
x5.y1                                        0
x5.y5                                        0
x5.xs1.nt                           -9.717e-15
x5.xs2.nh                                 2.97
x5.y2                                     2.97
x5.xs2.nt                          4.19469e-10
x5.xs3.nh                                 2.97
x5.y3                                        0
x5.xs3.nt                         -7.37008e-17
x5.xs4.nh                                 2.97
x5.y4                                     2.97
x5.xs4.nt                          4.19469e-10
x5.xs5.nh                                 2.97
x5.xs5.nt                         -7.37008e-17
x5.nb1                                    2.97
x5.nb2                             2.58531e-09
clk5                                      2.97
x5.xcdec1.c_moscap_int1                  -2.97
x5.xcdec2.c_moscap_int1                  -2.97
x6.xbias.na                           0.865396
x6.xbias.vbpc                          2.07759
x6.xbias.nc                            0.10738
x6.xbias.xrcg.11                      0.107069
x6.xbias.xrcg.21                   0.000311019
x6.xbias.nsu                         0.0115951
x6.xbias.vfix                          1.63783
x6.xbias.nmd                          0.709665
x6.xbias.vbp0                          2.12632
x6.xbias.noff                         0.720927
x6.xbias.xroff.11                     0.720561
x6.xbias.xroff.21                  0.000365834
x6.xbias.nvi                           1.30188
x6.xbias.xrdeg.11                      1.30122
x6.xbias.xrdeg.21                  0.000660639
x6.xbias.b0b                              2.97
x6.xbias.b1b                       3.80466e-09
x6.xbias.b2b                              2.97
x6.xbias.vbn1                          0.71042
x6.xbias.ga                               2.97
x6.xbias.vbp2                          2.07181
x6.xbias.gb                            0.71042
x6.vbn                                0.733652
x6.xbias.gc                               2.97
x6.vbp                                 2.11102
x6.xs1.nh                              1.14608
x6.y1                                        0
x6.y5                                        0
x6.xs1.nt                         -6.93026e-18
x6.xs2.nh                                 2.97
x6.y2                                     2.97
x6.xs2.nt                          3.88044e-10
x6.xs3.nh                                 2.97
x6.y3                                        0
x6.xs3.nt                          2.41539e-38
x6.xs4.nh                                 2.97
x6.y4                                     2.97
x6.xs4.nt                          3.88044e-10
x6.xs5.nh                                 2.97
x6.xs5.nt                          2.41539e-38
x6.nb1                                    2.97
x6.nb2                             2.58531e-09
clk6                                      2.97
x6.xcdec1.c_moscap_int1                  -2.97
x6.xcdec2.c_moscap_int1                  -2.97
x7.xbias.na                           0.865396
x7.xbias.vbpc                          2.07759
x7.xbias.nc                            0.10738
x7.xbias.xrcg.11                      0.107069
x7.xbias.xrcg.21                   0.000311019
x7.xbias.nsu                         0.0115951
x7.xbias.vfix                          1.63783
x7.xbias.nmd                          0.709665
x7.xbias.vbp0                          2.11822
x7.xbias.noff                         0.720913
x7.xbias.xroff.11                     0.720547
x7.xbias.xroff.21                  0.000365827
x7.xbias.nvi                           1.53765
x7.xbias.xrdeg.11                      1.53687
x7.xbias.xrdeg.21                  0.000780277
x7.xbias.b0b                              2.97
x7.xbias.b1b                       3.80466e-09
x7.xbias.b2b                              2.97
x7.xbias.vbn1                          0.71731
x7.xbias.ga                               2.97
x7.xbias.vbp2                          2.06133
x7.xbias.gb                            0.71731
x7.vbn                                0.740655
x7.xbias.gc                               2.97
x7.vbp                                 2.10316
x7.xs1.nh                              1.15296
x7.y1                                        0
x7.y5                                        0
x7.xs1.nt                          -7.6106e-19
x7.xs2.nh                                 2.97
x7.y2                                     2.97
x7.xs2.nt                          3.61903e-10
x7.xs3.nh                                 2.97
x7.y3                                        0
x7.xs3.nt                         -4.27822e-19
x7.xs4.nh                                 2.97
x7.y4                                     2.97
x7.xs4.nt                          3.61903e-10
x7.xs5.nh                                 2.97
x7.xs5.nt                         -4.27822e-19
x7.nb1                                    2.97
x7.nb2                             2.58531e-09
clk7                                      2.97
x7.xcdec1.c_moscap_int1                  -2.97
x7.xcdec2.c_moscap_int1                  -2.97
e.x7.xcdec2.ec_moscap#branch                 0
e.x7.xcdec1.ec_moscap#branch                 0
e.x6.xcdec2.ec_moscap#branch                 0
e.x6.xcdec1.ec_moscap#branch                 0
e.x5.xcdec2.ec_moscap#branch                 0
e.x5.xcdec1.ec_moscap#branch                 0
e.x4.xcdec2.ec_moscap#branch                 0
e.x4.xcdec1.ec_moscap#branch                 0
e.x3.xcdec2.ec_moscap#branch                 0
e.x3.xcdec1.ec_moscap#branch                 0
e.x2.xcdec2.ec_moscap#branch                 0
e.x2.xcdec1.ec_moscap#branch                 0
e.x1.xcdec2.ec_moscap#branch                 0
e.x1.xcdec1.ec_moscap#branch                 0
vs7#branch                         0.000104957
vs6#branch                         9.60742e-05
vs5#branch                         8.72997e-05
vs4#branch                         7.86593e-05
vs3#branch                         7.01915e-05
vs2#branch                         6.19656e-05
vs1#branch                         5.41487e-05
vv7#branch                                   0
vv6#branch                                   0
vv5#branch                                   0
vv4#branch                                   0
vv3#branch                                   0
vv2#branch                                   0
vv1#branch                                   0
vb2#branch                                   0
vb1#branch                                   0
vb0#branch                                   0
vdd#branch                        -0.000553296

 Reference value :  0.00000e+00
 Reference value :  1.16715e-08
 Reference value :  1.77813e-08
 Reference value :  2.56914e-08
 Reference value :  3.28890e-08
 Reference value :  4.24332e-08
 Reference value :  5.09604e-08
 Reference value :  5.38393e-08
 Reference value :  6.04946e-08
 Reference value :  6.37691e-08
 Reference value :  6.46542e-08
 Reference value :  6.89860e-08
 Reference value :  7.09686e-08
 Reference value :  7.23777e-08
 Reference value :  7.69311e-08
 Reference value :  8.14917e-08
 Reference value :  8.88231e-08
 Reference value :  9.66421e-08
 Reference value :  1.04636e-07
 Reference value :  1.12913e-07
 Reference value :  1.23733e-07
 Reference value :  1.29260e-07
 Reference value :  1.39400e-07
 Reference value :  1.43870e-07
 Reference value :  1.55162e-07
 Reference value :  1.64988e-07
 Reference value :  1.71032e-07
 Reference value :  1.79912e-07
 Reference value :  1.86133e-07
 Reference value :  1.92837e-07
 Reference value :  2.01952e-07
 Reference value :  2.09111e-07
 Reference value :  2.18639e-07
 Reference value :  2.26799e-07
 Reference value :  2.35471e-07
 Reference value :  2.40308e-07
 Reference value :  2.49713e-07
 Reference value :  2.55929e-07
 Reference value :  2.58419e-07
 Reference value :  2.61965e-07
 Reference value :  2.71766e-07
 Reference value :  2.76176e-07
 Reference value :  2.87369e-07
 Reference value :  3.01002e-07
 Reference value :  3.08045e-07
 Reference value :  3.19127e-07
 Reference value :  3.31366e-07
 Reference value :  3.38682e-07
 Reference value :  3.49517e-07
 Reference value :  3.57434e-07
 Reference value :  3.65719e-07
 Reference value :  3.73422e-07
 Reference value :  3.79366e-07
 Reference value :  3.85089e-07
 Reference value :  3.95562e-07
 Reference value :  4.02623e-07
 Reference value :  4.09979e-07
 Reference value :  4.16746e-07
 Reference value :  4.23157e-07
 Reference value :  4.31081e-07
 Reference value :  4.40602e-07
 Reference value :  4.49795e-07
 Reference value :  4.59381e-07
 Reference value :  4.69781e-07
 Reference value :  4.78109e-07
 Reference value :  4.84318e-07
 Reference value :  4.94112e-07
 Reference value :  5.03682e-07
 Reference value :  5.09997e-07
 Reference value :  5.18899e-07
 Reference value :  5.24995e-07
 Reference value :  5.33452e-07
 Reference value :  5.39569e-07
 Reference value :  5.45041e-07
 Reference value :  5.52843e-07
 Reference value :  5.60456e-07
 Reference value :  5.68396e-07
 Reference value :  5.75046e-07
 Reference value :  5.80465e-07
 Reference value :  5.88404e-07
 Reference value :  5.95031e-07
 Reference value :  6.05287e-07
 Reference value :  6.12926e-07
 Reference value :  6.20293e-07
 Reference value :  6.29110e-07
 Reference value :  6.40287e-07
 Reference value :  6.48108e-07
 Reference value :  6.57917e-07
 Reference value :  6.67248e-07
 Reference value :  6.73709e-07
 Reference value :  6.83081e-07
 Reference value :  6.92753e-07
 Reference value :  7.01660e-07
 Reference value :  7.08465e-07
 Reference value :  7.16274e-07
 Reference value :  7.26942e-07
 Reference value :  7.37696e-07
 Reference value :  7.49418e-07
 Reference value :  7.63934e-07
 Reference value :  7.78341e-07
 Reference value :  7.87140e-07
 Reference value :  7.98491e-07
 Reference value :  8.10549e-07
 Reference value :  8.18772e-07
 Reference value :  8.29165e-07
 Reference value :  8.39661e-07
 Reference value :  8.43714e-07
 Reference value :  8.51653e-07
 Reference value :  8.61730e-07
 Reference value :  8.70362e-07
 Reference value :  8.78811e-07
 Reference value :  8.90320e-07
 Reference value :  8.98916e-07
 Reference value :  9.07261e-07
 Reference value :  9.15133e-07
 Reference value :  9.22411e-07
 Reference value :  9.28050e-07
 Reference value :  9.31689e-07
 Reference value :  9.36930e-07
 Reference value :  9.40473e-07
 Reference value :  9.43782e-07
 Reference value :  9.49737e-07
 Reference value :  9.56793e-07
 Reference value :  9.67999e-07
 Reference value :  9.74185e-07
 Reference value :  9.83896e-07
 Reference value :  9.94326e-07
 Reference value :  1.00590e-06
 Reference value :  1.01897e-06
 Reference value :  1.02557e-06
 Reference value :  1.03119e-06
 Reference value :  1.03446e-06
 Reference value :  1.03583e-06
 Reference value :  1.04150e-06
 Reference value :  1.04659e-06
 Reference value :  1.05122e-06
 Reference value :  1.05245e-06
 Reference value :  1.06127e-06
 Reference value :  1.07210e-06
 Reference value :  1.08258e-06
 Reference value :  1.09180e-06
 Reference value :  1.09965e-06
 Reference value :  1.11322e-06
 Reference value :  1.12513e-06
 Reference value :  1.13426e-06
 Reference value :  1.14518e-06
 Reference value :  1.15196e-06
 Reference value :  1.16000e-06
 Reference value :  1.16916e-06
 Reference value :  1.17908e-06
 Reference value :  1.18696e-06
 Reference value :  1.19323e-06
 Reference value :  1.19799e-06
 Reference value :  1.20569e-06
 Reference value :  1.21352e-06
 Reference value :  1.22097e-06
 Reference value :  1.22818e-06
 Reference value :  1.23769e-06
No. of Data Rows : 4487

  Measurements for Transient Analysis

tp1                 =  2.720511e-07 targ=  7.489361e-07 trig=  4.768850e-07
tp2                 =  2.250681e-07 targ=  7.317479e-07 trig=  5.066798e-07
tp3                 =  1.901395e-07 targ=  6.660486e-07 trig=  4.759090e-07
tp4                 =  1.638115e-07 targ=  6.561057e-07 trig=  4.922942e-07
tp5                 =  1.436216e-07 targ=  6.105428e-07 trig=  4.669212e-07
tp6                 =  1.272577e-07 targ=  6.054467e-07 trig=  4.781889e-07
tp7                 =  1.140011e-07 targ=  5.715666e-07 trig=  4.575655e-07
f1                  =  1.47031e+07
f2                  =  1.77724e+07
f3                  =  2.10372e+07
f4                  =  2.44183e+07
f5                  =  2.78510e+07
f6                  =  3.14323e+07
f7                  =  3.50874e+07
i1                  =  7.335903e-05 from=  4.520684e-07 to=  1.243190e-06
i2                  =  8.261847e-05 from=  4.520684e-07 to=  1.243190e-06
i3                  =  9.249044e-05 from=  4.520684e-07 to=  1.243190e-06
i4                  =  1.028389e-04 from=  4.520684e-07 to=  1.243190e-06
i5                  =  1.120103e-04 from=  4.520684e-07 to=  1.243190e-06
i6                  =  1.240149e-04 from=  4.520684e-07 to=  1.243190e-06
i7                  =  1.345194e-04 from=  4.520684e-07 to=  1.243190e-06
sw1hi               =  3.062467e+00 at=  4.770449e-07
sw1lo               =  -8.442188e-02 at=  5.762904e-07
sw7hi               =  3.105306e+00 at=  9.146675e-07
sw7lo               =  -1.229200e-01 at=  1.042249e-06

ngspice-42 done

Using SPARSE 1.3 as Direct Linear Solver
