
Note: No compatibility mode selected!


Circuit: * vco-tuning-range @ all-slow_27c_3.30v_band2 -- generated by sim/harness, do not edit

Doing analysis at TEMP = 27.000000 and TNOM = 27.000000


Initial Transient Solution
--------------------------

Node                                   Voltage
----                                   -------
vdd                                        3.3
nb0                                          0
nb1                                        3.3
nb2                                          0
vc1                                        0.9
vc2                                        1.2
vc3                                        1.5
vc4                                        1.8
vc5                                        2.1
vc6                                        2.4
vc7                                        2.7
nv1                                        3.3
nv2                                        3.3
nv3                                        3.3
nv4                                        3.3
nv5                                        3.3
nv6                                        3.3
nv7                                        3.3
x1.xbias.na                            1.01105
x1.xbias.vbpc                          2.23779
x1.xbias.nc                           0.106751
x1.xbias.xrcg.11                      0.106589
x1.xbias.xrcg.21                   0.000161961
x1.xbias.nsu                         0.0132806
x1.xbias.vfix                          1.97094
x1.xbias.nmd                           0.84385
x1.xbias.vbp0                           2.3436
x1.xbias.noff                         0.841582
x1.xbias.xroff.11                     0.841359
x1.xbias.xroff.21                  0.000223188
x1.xbias.nvi                          0.118171
x1.xbias.xrdeg.11                      0.11814
x1.xbias.xrdeg.21                  3.13391e-05
x1.xbias.b0b                               3.3
x1.xbias.b1b                       5.82981e-09
x1.xbias.b2b                               3.3
x1.xbias.vbn1                         0.806723
x1.xbias.ga                                3.3
x1.xbias.vbp2                          2.29528
x1.xbias.gb                           0.806723
x1.vbn                                0.828716
x1.xbias.gc                                3.3
x1.vbp                                 2.32935
x1.xs1.nh                              1.34305
x1.y1                                        0
x1.y5                                        0
x1.xs1.nt                          5.61824e-11
x1.xs2.nh                                  3.3
x1.y2                                      3.3
x1.xs2.nt                          1.53333e-09
x1.xs3.nh                                  3.3
x1.y3                                        0
x1.xs3.nt                           -7.782e-17
x1.xs4.nh                                  3.3
x1.y4                                      3.3
x1.xs4.nt                          1.53333e-09
x1.xs5.nh                                  3.3
x1.xs5.nt                           -7.782e-17
x1.nb1                                     3.3
x1.nb2                              3.9544e-09
clk1                                       3.3
x1.xcdec1.c_moscap_int1                   -3.3
x1.xcdec2.c_moscap_int1                   -3.3
x2.xbias.na                            1.01105
x2.xbias.vbpc                          2.23779
x2.xbias.nc                           0.106751
x2.xbias.xrcg.11                      0.106589
x2.xbias.xrcg.21                   0.000161961
x2.xbias.nsu                         0.0132806
x2.xbias.vfix                          1.97094
x2.xbias.nmd                           0.84385
x2.xbias.vbp0                          2.33205
x2.xbias.noff                         0.841563
x2.xbias.xroff.11                      0.84134
x2.xbias.xroff.21                  0.000223183
x2.xbias.nvi                          0.303205
x2.xbias.xrdeg.11                     0.303124
x2.xbias.xrdeg.21                  8.04102e-05
x2.xbias.b0b                               3.3
x2.xbias.b1b                       5.82981e-09
x2.xbias.b2b                               3.3
x2.xbias.vbn1                         0.816888
x2.xbias.ga                                3.3
x2.xbias.vbp2                          2.28159
x2.xbias.gb                           0.816888
x2.vbn                                0.838997
x2.xbias.gc                                3.3
x2.vbp                                 2.31822
x2.xs1.nh                              1.35257
x2.y1                                        0
x2.y5                                        0
x2.xs1.nt                         -1.21531e-17
x2.xs2.nh                                  3.3
x2.y2                                      3.3
x2.xs2.nt                          1.30797e-09
x2.xs3.nh                                  3.3
x2.y3                                        0
x2.xs3.nt                         -9.28746e-33
x2.xs4.nh                                  3.3
x2.y4                                      3.3
x2.xs4.nt                          1.30797e-09
x2.xs5.nh                                  3.3
x2.xs5.nt                         -9.28746e-33
x2.nb1                                     3.3
x2.nb2                              3.9544e-09
clk2                                       3.3
x2.xcdec1.c_moscap_int1                   -3.3
x2.xcdec2.c_moscap_int1                   -3.3
x3.xbias.na                            1.01105
x3.xbias.vbpc                          2.23779
x3.xbias.nc                           0.106751
x3.xbias.xrcg.11                      0.106589
x3.xbias.xrcg.21                   0.000161961
x3.xbias.nsu                         0.0132806
x3.xbias.vfix                          1.97094
x3.xbias.nmd                           0.84385
x3.xbias.vbp0                          2.32088
x3.xbias.noff                         0.841544
x3.xbias.xroff.11                     0.841321
x3.xbias.xroff.21                  0.000223178
x3.xbias.nvi                           0.50591
x3.xbias.xrdeg.11                     0.505775
x3.xbias.xrdeg.21                  0.000134168
x3.xbias.b0b                               3.3
x3.xbias.b1b                       5.82981e-09
x3.xbias.b2b                               3.3
x3.xbias.vbn1                         0.826657
x3.xbias.ga                                3.3
x3.xbias.vbp2                          2.26817
x3.xbias.gb                           0.826657
x3.vbn                                0.848899
x3.xbias.gc                                3.3
x3.vbp                                 2.30745
x3.xs1.nh                              1.36181
x3.y1                                        0
x3.y5                                        0
x3.xs1.nt                         -6.95621e-18
x3.xs2.nh                                  3.3
x3.y2                                      3.3
x3.xs2.nt                          1.17089e-09
x3.xs3.nh                                  3.3
x3.y3                                        0
x3.xs3.nt                         -2.35384e-46
x3.xs4.nh                                  3.3
x3.y4                                      3.3
x3.xs4.nt                          1.17089e-09
x3.xs5.nh                                  3.3
x3.xs5.nt                         -2.35384e-46
x3.nb1                                     3.3
x3.nb2                              3.9544e-09
clk3                                       3.3
x3.xcdec1.c_moscap_int1                   -3.3
x3.xcdec2.c_moscap_int1                   -3.3
x4.xbias.na                            1.01105
x4.xbias.vbpc                          2.23779
x4.xbias.nc                           0.106751
x4.xbias.xrcg.11                      0.106589
x4.xbias.xrcg.21                   0.000161961
x4.xbias.nsu                         0.0132806
x4.xbias.vfix                          1.97094
x4.xbias.nmd                           0.84385
x4.xbias.vbp0                          2.31042
x4.xbias.noff                         0.841527
x4.xbias.xroff.11                     0.841304
x4.xbias.xroff.21                  0.000223174
x4.xbias.nvi                          0.717816
x4.xbias.xrdeg.11                     0.717626
x4.xbias.xrdeg.21                  0.000190366
x4.xbias.b0b                               3.3
x4.xbias.b1b                       5.82981e-09
x4.xbias.b2b                               3.3
x4.xbias.vbn1                         0.835748
x4.xbias.ga                                3.3
x4.xbias.vbp2                          2.25546
x4.xbias.gb                           0.835748
x4.vbn                                0.858131
x4.xbias.gc                                3.3
x4.vbp                                 2.29734
x4.xs1.nh                               1.3705
x4.y1                                        0
x4.y5                                        0
x4.xs1.nt                          3.73017e-18
x4.xs2.nh                                  3.3
x4.y2                                      3.3
x4.xs2.nt                          1.06188e-09
x4.xs3.nh                                  3.3
x4.y3                                        0
x4.xs3.nt                          1.53774e-32
x4.xs4.nh                                  3.3
x4.y4                                      3.3
x4.xs4.nt                          1.06188e-09
x4.xs5.nh                                  3.3
x4.xs5.nt                          1.53774e-32
x4.nb1                                     3.3
x4.nb2                              3.9544e-09
clk4                                       3.3
x4.xcdec1.c_moscap_int1                   -3.3
x4.xcdec2.c_moscap_int1                   -3.3
x5.xbias.na                            1.01105
x5.xbias.vbpc                          2.23779
x5.xbias.nc                           0.106751
x5.xbias.xrcg.11                      0.106589
x5.xbias.xrcg.21                   0.000161961
x5.xbias.nsu                         0.0132806
x5.xbias.vfix                          1.97094
x5.xbias.nmd                           0.84385
x5.xbias.vbp0                          2.30063
x5.xbias.noff                         0.841511
x5.xbias.xroff.11                     0.841288
x5.xbias.xroff.21                  0.000223169
x5.xbias.nvi                          0.936091
x5.xbias.xrdeg.11                     0.935842
x5.xbias.xrdeg.21                  0.000248252
x5.xbias.b0b                               3.3
x5.xbias.b1b                       5.82981e-09
x5.xbias.b2b                               3.3
x5.xbias.vbn1                         0.844202
x5.xbias.ga                                3.3
x5.xbias.vbp2                          2.24344
x5.xbias.gb                           0.844202
x5.vbn                                 0.86673
x5.xbias.gc                                3.3
x5.vbp                                 2.28787
x5.xs1.nh                              1.37866
x5.y1                                        0
x5.y5                                        0
x5.xs1.nt                         -7.51142e-18
x5.xs2.nh                                  3.3
x5.y2                                      3.3
x5.xs2.nt                          9.73872e-10
x5.xs3.nh                                  3.3
x5.y3                                        0
x5.xs3.nt                         -8.62243e-33
x5.xs4.nh                                  3.3
x5.y4                                      3.3
x5.xs4.nt                          9.73872e-10
x5.xs5.nh                                  3.3
x5.xs5.nt                         -8.62243e-33
x5.nb1                                     3.3
x5.nb2                              3.9544e-09
clk5                                       3.3
x5.xcdec1.c_moscap_int1                   -3.3
x5.xcdec2.c_moscap_int1                   -3.3
x6.xbias.na                            1.01105
x6.xbias.vbpc                          2.23779
x6.xbias.nc                           0.106751
x6.xbias.xrcg.11                      0.106589
x6.xbias.xrcg.21                   0.000161961
x6.xbias.nsu                         0.0132806
x6.xbias.vfix                          1.97094
x6.xbias.nmd                           0.84385
x6.xbias.vbp0                          2.29143
x6.xbias.noff                         0.841495
x6.xbias.xroff.11                     0.841272
x6.xbias.xroff.21                  0.000223165
x6.xbias.nvi                           1.15931
x6.xbias.xrdeg.11                        1.159
x6.xbias.xrdeg.21                   0.00030745
x6.xbias.b0b                               3.3
x6.xbias.b1b                       5.82981e-09
x6.xbias.b2b                               3.3
x6.xbias.vbn1                         0.852103
x6.xbias.ga                                3.3
x6.xbias.vbp2                          2.23203
x6.xbias.gb                           0.852103
x6.vbn                                0.874778
x6.xbias.gc                                3.3
x6.vbp                                 2.27897
x6.xs1.nh                              1.38634
x6.y1                                        0
x6.y5                                        0
x6.xs1.nt                          -2.4761e-18
x6.xs2.nh                                  3.3
x6.y2                                      3.3
x6.xs2.nt                          9.01491e-10
x6.xs3.nh                                  3.3
x6.y3                                        0
x6.xs3.nt                         -9.63286e-33
x6.xs4.nh                                  3.3
x6.y4                                      3.3
x6.xs4.nt                          9.01491e-10
x6.xs5.nh                                  3.3
x6.xs5.nt                         -9.63286e-33
x6.nb1                                     3.3
x6.nb2                              3.9544e-09
clk6                                       3.3
x6.xcdec1.c_moscap_int1                   -3.3
x6.xcdec2.c_moscap_int1                   -3.3
x7.xbias.na                            1.01105
x7.xbias.vbpc                          2.23779
x7.xbias.nc                           0.106751
x7.xbias.xrcg.11                      0.106589
x7.xbias.xrcg.21                   0.000161961
x7.xbias.nsu                         0.0132806
x7.xbias.vfix                          1.97094
x7.xbias.nmd                           0.84385
x7.xbias.vbp0                          2.28273
x7.xbias.noff                         0.841481
x7.xbias.xroff.11                     0.841258
x7.xbias.xroff.21                  0.000223161
x7.xbias.nvi                           1.38659
x7.xbias.xrdeg.11                      1.38622
x7.xbias.xrdeg.21                  0.000367725
x7.xbias.b0b                               3.3
x7.xbias.b1b                       5.82981e-09
x7.xbias.b2b                               3.3
x7.xbias.vbn1                         0.859527
x7.xbias.ga                                3.3
x7.xbias.vbp2                          2.22117
x7.xbias.gb                           0.859527
x7.vbn                                0.882351
x7.xbias.gc                                3.3
x7.vbp                                 2.27055
x7.xs1.nh                              1.39362
x7.y1                                        0
x7.y5                                        0
x7.xs1.nt                         -3.62788e-18
x7.xs2.nh                                  3.3
x7.y2                                      3.3
x7.xs2.nt                          8.40937e-10
x7.xs3.nh                                  3.3
x7.y3                                        0
x7.xs3.nt                         -1.07977e-32
x7.xs4.nh                                  3.3
x7.y4                                      3.3
x7.xs4.nt                          8.40937e-10
x7.xs5.nh                                  3.3
x7.xs5.nt                         -1.07977e-32
x7.nb1                                     3.3
x7.nb2                              3.9544e-09
clk7                                       3.3
x7.xcdec1.c_moscap_int1                   -3.3
x7.xcdec2.c_moscap_int1                   -3.3
e.x7.xcdec2.ec_moscap#branch                 0
e.x7.xcdec1.ec_moscap#branch                 0
e.x6.xcdec2.ec_moscap#branch                 0
e.x6.xcdec1.ec_moscap#branch                 0
e.x5.xcdec2.ec_moscap#branch                 0
e.x5.xcdec1.ec_moscap#branch                 0
e.x4.xcdec2.ec_moscap#branch                 0
e.x4.xcdec1.ec_moscap#branch                 0
e.x3.xcdec2.ec_moscap#branch                 0
e.x3.xcdec1.ec_moscap#branch                 0
e.x2.xcdec2.ec_moscap#branch                 0
e.x2.xcdec1.ec_moscap#branch                 0
e.x1.xcdec2.ec_moscap#branch                 0
e.x1.xcdec1.ec_moscap#branch                 0
vs7#branch                          7.0035e-05
vs6#branch                         6.42437e-05
vs5#branch                         5.85388e-05
vs4#branch                         5.29412e-05
vs3#branch                         4.74858e-05
vs2#branch                         4.22439e-05
vs1#branch                         3.74333e-05
vv7#branch                                   0
vv6#branch                                   0
vv5#branch                                   0
vv4#branch                                   0
vv3#branch                                   0
vv2#branch                                   0
vv1#branch                                   0
vb2#branch                                   0
vb1#branch                                   0
vb0#branch                                   0
vdd#branch                        -0.000372922

 Reference value :  0.00000e+00
 Reference value :  1.24548e-08
 Reference value :  2.30970e-08
 Reference value :  2.93818e-08
 Reference value :  3.70586e-08
 Reference value :  4.58665e-08
 Reference value :  5.40090e-08
 Reference value :  6.63718e-08
 Reference value :  7.17235e-08
 Reference value :  7.96633e-08
 Reference value :  8.74350e-08
 Reference value :  9.73432e-08
 Reference value :  1.08076e-07
 Reference value :  1.11896e-07
 Reference value :  1.16930e-07
 Reference value :  1.24926e-07
 Reference value :  1.31792e-07
 Reference value :  1.37732e-07
 Reference value :  1.48131e-07
 Reference value :  1.55175e-07
 Reference value :  1.61747e-07
 Reference value :  1.67898e-07
 Reference value :  1.79077e-07
 Reference value :  1.85167e-07
 Reference value :  1.94483e-07
 Reference value :  2.03490e-07
 Reference value :  2.13022e-07
 Reference value :  2.24630e-07
 Reference value :  2.37549e-07
 Reference value :  2.46530e-07
 Reference value :  2.60948e-07
 Reference value :  2.64696e-07
 Reference value :  2.68473e-07
 Reference value :  2.69500e-07
 Reference value :  2.71674e-07
 Reference value :  2.74103e-07
 Reference value :  2.75211e-07
 Reference value :  2.78614e-07
 Reference value :  2.82007e-07
 Reference value :  2.91955e-07
 Reference value :  2.99164e-07
 Reference value :  3.08242e-07
 Reference value :  3.18750e-07
 Reference value :  3.29338e-07
 Reference value :  3.42735e-07
 Reference value :  3.50631e-07
 Reference value :  3.57173e-07
 Reference value :  3.69382e-07
 Reference value :  3.77670e-07
 Reference value :  3.83198e-07
 Reference value :  3.97591e-07
 Reference value :  4.14953e-07
 Reference value :  4.33301e-07
 Reference value :  4.48081e-07
 Reference value :  4.54745e-07
 Reference value :  4.65130e-07
 Reference value :  4.77573e-07
 Reference value :  4.85655e-07
 Reference value :  5.02238e-07
 Reference value :  5.11389e-07
 Reference value :  5.28305e-07
 Reference value :  5.42976e-07
 Reference value :  5.56640e-07
 Reference value :  5.70379e-07
 Reference value :  5.81018e-07
 Reference value :  5.91860e-07
 Reference value :  6.01464e-07
 Reference value :  6.10311e-07
 Reference value :  6.16321e-07
 Reference value :  6.24524e-07
 Reference value :  6.31781e-07
 Reference value :  6.41527e-07
 Reference value :  6.48922e-07
 Reference value :  6.61210e-07
 Reference value :  6.69380e-07
 Reference value :  6.83131e-07
 Reference value :  6.90106e-07
 Reference value :  6.95736e-07
 Reference value :  7.07191e-07
 Reference value :  7.14568e-07
 Reference value :  7.20879e-07
 Reference value :  7.28633e-07
 Reference value :  7.42285e-07
 Reference value :  7.48687e-07
 Reference value :  7.58542e-07
 Reference value :  7.72373e-07
 Reference value :  7.80956e-07
 Reference value :  7.85327e-07
 Reference value :  7.91230e-07
 Reference value :  7.95255e-07
 Reference value :  7.99375e-07
 Reference value :  8.03494e-07
 Reference value :  8.07957e-07
 Reference value :  8.20550e-07
 Reference value :  8.27584e-07
 Reference value :  8.39165e-07
 Reference value :  8.46612e-07
 Reference value :  8.55786e-07
 Reference value :  8.65166e-07
 Reference value :  8.70494e-07
 Reference value :  8.76085e-07
 Reference value :  8.78129e-07
 Reference value :  8.80456e-07
 Reference value :  8.83825e-07
 Reference value :  8.87126e-07
 Reference value :  8.92271e-07
 Reference value :  9.01808e-07
 Reference value :  9.10545e-07
 Reference value :  9.26572e-07
 Reference value :  9.31954e-07
 Reference value :  9.46372e-07
 Reference value :  9.59772e-07
 Reference value :  9.69160e-07
 Reference value :  9.83462e-07
 Reference value :  9.90634e-07
 Reference value :  1.00214e-06
 Reference value :  1.01484e-06
 Reference value :  1.02369e-06
 Reference value :  1.02737e-06
 Reference value :  1.03296e-06
 Reference value :  1.04462e-06
 Reference value :  1.05484e-06
 Reference value :  1.06280e-06
 Reference value :  1.07821e-06
 Reference value :  1.08985e-06
 Reference value :  1.09997e-06
 Reference value :  1.11051e-06
 Reference value :  1.11830e-06
 Reference value :  1.12745e-06
 Reference value :  1.14050e-06
 Reference value :  1.15124e-06
 Reference value :  1.16241e-06
 Reference value :  1.17068e-06
 Reference value :  1.18019e-06
 Reference value :  1.19218e-06
 Reference value :  1.20133e-06
 Reference value :  1.21094e-06
 Reference value :  1.22365e-06
 Reference value :  1.23155e-06
 Reference value :  1.24260e-06
 Reference value :  1.24927e-06
 Reference value :  1.26126e-06
 Reference value :  1.26407e-06
 Reference value :  1.27704e-06
 Reference value :  1.28768e-06
 Reference value :  1.29759e-06
 Reference value :  1.31021e-06
 Reference value :  1.32251e-06
No. of Data Rows : 4425

  Measurements for Transient Analysis

tp1                 =  4.393800e-07 targ=  9.896072e-07 trig=  5.502272e-07
tp2                 =  3.701982e-07 targ=  9.264389e-07 trig=  5.562407e-07
tp3                 =  3.158154e-07 targ=  8.690744e-07 trig=  5.532591e-07
tp4                 =  2.737151e-07 targ=  8.213637e-07 trig=  5.476486e-07
tp5                 =  2.405190e-07 targ=  7.817717e-07 trig=  5.412528e-07
tp6                 =  2.136087e-07 targ=  7.484651e-07 trig=  5.348564e-07
tp7                 =  1.919307e-07 targ=  7.201268e-07 trig=  5.281961e-07
f1                  =  9.10374e+06
f2                  =  1.08050e+07
f3                  =  1.26656e+07
f4                  =  1.46137e+07
f5                  =  1.66307e+07
f6                  =  1.87258e+07
f7                  =  2.08409e+07
i1                  =  4.957084e-05 from=  4.818050e-07 to=  1.324960e-06
i2                  =  5.441350e-05 from=  4.818050e-07 to=  1.324960e-06
i3                  =  6.012099e-05 from=  4.818050e-07 to=  1.324960e-06
i4                  =  6.711770e-05 from=  4.818050e-07 to=  1.324960e-06
i5                  =  7.396269e-05 from=  4.818050e-07 to=  1.324960e-06
i6                  =  8.148390e-05 from=  4.818050e-07 to=  1.324960e-06
i7                  =  8.762283e-05 from=  4.818050e-07 to=  1.324960e-06
sw1hi               =  3.395647e+00 at=  1.319820e-06
sw1lo               =  -8.827117e-02 at=  1.260811e-06
sw7hi               =  3.414212e+00 at=  1.247986e-06
sw7lo               =  -1.117619e-01 at=  1.030903e-06

ngspice-42 done

Using SPARSE 1.3 as Direct Linear Solver
