
Note: No compatibility mode selected!


Circuit: * vco-tuning-range @ all-slow_27c_3.63v_band1 -- generated by sim/harness, do not edit

Doing analysis at TEMP = 27.000000 and TNOM = 27.000000


Initial Transient Solution
--------------------------

Node                                   Voltage
----                                   -------
vdd                                       3.63
nb0                                       3.63
nb1                                          0
nb2                                          0
vc1                                        0.9
vc2                                        1.2
vc3                                        1.5
vc4                                        1.8
vc5                                        2.1
vc6                                        2.4
vc7                                        2.7
nv1                                       3.63
nv2                                       3.63
nv3                                       3.63
nv4                                       3.63
nv5                                       3.63
nv6                                       3.63
nv7                                       3.63
x1.xbias.na                            1.01388
x1.xbias.vbpc                          2.56606
x1.xbias.nc                           0.108511
x1.xbias.xrcg.11                      0.108346
x1.xbias.xrcg.21                    0.00016463
x1.xbias.nsu                         0.0170793
x1.xbias.vfix                          1.97439
x1.xbias.nmd                          0.845361
x1.xbias.vbp0                          2.67335
x1.xbias.noff                         0.844638
x1.xbias.xroff.11                     0.844414
x1.xbias.xroff.21                  0.000223999
x1.xbias.nvi                          0.118687
x1.xbias.xrdeg.11                     0.118656
x1.xbias.xrdeg.21                   3.1476e-05
x1.xbias.b0b                       6.32779e-09
x1.xbias.b1b                              3.63
x1.xbias.b2b                              3.63
x1.xbias.vbn1                         0.837527
x1.xbias.ga                            2.67335
x1.xbias.vbp2                          2.66094
x1.xbias.gb                        9.17236e-13
x1.vbn                                0.801273
x1.xbias.gc                               3.63
x1.vbp                                 2.68668
x1.xs1.nh                              1.36068
x1.y1                                        0
x1.y5                                        0
x1.xs1.nt                         -2.88753e-14
x1.xs2.nh                                 3.63
x1.y2                                     3.63
x1.xs2.nt                          2.70402e-09
x1.xs3.nh                                 3.63
x1.y3                                        0
x1.xs3.nt                          5.22856e-18
x1.xs4.nh                                 3.63
x1.y4                                     3.63
x1.xs4.nt                          2.70402e-09
x1.xs5.nh                                 3.63
x1.xs5.nt                          5.22856e-18
x1.nb1                                    3.63
x1.nb2                             4.43771e-09
clk1                                      3.63
x1.xcdec1.c_moscap_int1                  -3.63
x1.xcdec2.c_moscap_int1                  -3.63
x2.xbias.na                            1.01388
x2.xbias.vbpc                          2.56606
x2.xbias.nc                           0.108511
x2.xbias.xrcg.11                      0.108346
x2.xbias.xrcg.21                    0.00016463
x2.xbias.nsu                         0.0170793
x2.xbias.vfix                          1.97439
x2.xbias.nmd                          0.845361
x2.xbias.vbp0                          2.66183
x2.xbias.noff                          0.84462
x2.xbias.xroff.11                     0.844396
x2.xbias.xroff.21                  0.000223994
x2.xbias.nvi                          0.303754
x2.xbias.xrdeg.11                     0.303673
x2.xbias.xrdeg.21                  8.05558e-05
x2.xbias.b0b                       6.32779e-09
x2.xbias.b1b                              3.63
x2.xbias.b2b                              3.63
x2.xbias.vbn1                         0.848996
x2.xbias.ga                            2.66183
x2.xbias.vbp2                           2.6493
x2.xbias.gb                        9.19341e-13
x2.vbn                                 0.81047
x2.xbias.gc                               3.63
x2.vbp                                 2.67689
x2.xs1.nh                              1.36908
x2.y1                                        0
x2.y5                                        0
x2.xs1.nt                          -1.0766e-15
x2.xs2.nh                                 3.63
x2.y2                                     3.63
x2.xs2.nt                          2.38106e-09
x2.xs3.nh                                 3.63
x2.y3                                        0
x2.xs3.nt                         -3.69846e-19
x2.xs4.nh                                 3.63
x2.y4                                     3.63
x2.xs4.nt                          2.38106e-09
x2.xs5.nh                                 3.63
x2.xs5.nt                         -3.69846e-19
x2.nb1                                    3.63
x2.nb2                             4.43771e-09
clk2                                      3.63
x2.xcdec1.c_moscap_int1                  -3.63
x2.xcdec2.c_moscap_int1                  -3.63
x3.xbias.na                            1.01388
x3.xbias.vbpc                          2.56606
x3.xbias.nc                           0.108511
x3.xbias.xrcg.11                      0.108346
x3.xbias.xrcg.21                    0.00016463
x3.xbias.nsu                         0.0170793
x3.xbias.vfix                          1.97439
x3.xbias.nmd                          0.845361
x3.xbias.vbp0                          2.65069
x3.xbias.noff                         0.844602
x3.xbias.xroff.11                     0.844378
x3.xbias.xroff.21                  0.000223989
x3.xbias.nvi                          0.506458
x3.xbias.xrdeg.11                     0.506323
x3.xbias.xrdeg.21                  0.000134313
x3.xbias.b0b                       6.32779e-09
x3.xbias.b1b                              3.63
x3.xbias.b2b                              3.63
x3.xbias.vbn1                         0.860119
x3.xbias.ga                            2.65069
x3.xbias.vbp2                            2.638
x3.xbias.gb                        9.21161e-13
x3.vbn                                0.819251
x3.xbias.gc                               3.63
x3.vbp                                  2.6675
x3.xs1.nh                              1.37716
x3.y1                                        0
x3.y5                                        0
x3.xs1.nt                         -4.07479e-17
x3.xs2.nh                                 3.63
x3.y2                                     3.63
x3.xs2.nt                          2.12103e-09
x3.xs3.nh                                 3.63
x3.y3                                        0
x3.xs3.nt                         -1.65567e-32
x3.xs4.nh                                 3.63
x3.y4                                     3.63
x3.xs4.nt                          2.12103e-09
x3.xs5.nh                                 3.63
x3.xs5.nt                         -1.65567e-32
x3.nb1                                    3.63
x3.nb2                             4.43771e-09
clk3                                      3.63
x3.xcdec1.c_moscap_int1                  -3.63
x3.xcdec2.c_moscap_int1                  -3.63
x4.xbias.na                            1.01388
x4.xbias.vbpc                          2.56606
x4.xbias.nc                           0.108511
x4.xbias.xrcg.11                      0.108346
x4.xbias.xrcg.21                    0.00016463
x4.xbias.nsu                         0.0170793
x4.xbias.vfix                          1.97439
x4.xbias.nmd                          0.845361
x4.xbias.vbp0                          2.64024
x4.xbias.noff                         0.844585
x4.xbias.xroff.11                     0.844361
x4.xbias.xroff.21                  0.000223985
x4.xbias.nvi                           0.71836
x4.xbias.xrdeg.11                      0.71817
x4.xbias.xrdeg.21                   0.00019051
x4.xbias.b0b                       6.32779e-09
x4.xbias.b1b                              3.63
x4.xbias.b2b                              3.63
x4.xbias.vbn1                         0.870564
x4.xbias.ga                            2.64024
x4.xbias.vbp2                          2.62738
x4.xbias.gb                        9.22873e-13
x4.vbn                                0.827379
x4.xbias.gc                               3.63
x4.vbp                                 2.65876
x4.xs1.nh                               1.3847
x4.y1                                        0
x4.y5                                        0
x4.xs1.nt                         -5.23405e-18
x4.xs2.nh                                 3.63
x4.y2                                     3.63
x4.xs2.nt                          1.91512e-09
x4.xs3.nh                                 3.63
x4.y3                                        0
x4.xs3.nt                          1.32297e-19
x4.xs4.nh                                 3.63
x4.y4                                     3.63
x4.xs4.nt                          1.91512e-09
x4.xs5.nh                                 3.63
x4.xs5.nt                          1.32297e-19
x4.nb1                                    3.63
x4.nb2                             4.43771e-09
clk4                                      3.63
x4.xcdec1.c_moscap_int1                  -3.63
x4.xcdec2.c_moscap_int1                  -3.63
x5.xbias.na                            1.01388
x5.xbias.vbpc                          2.56606
x5.xbias.nc                           0.108511
x5.xbias.xrcg.11                      0.108346
x5.xbias.xrcg.21                    0.00016463
x5.xbias.nsu                         0.0170793
x5.xbias.vfix                          1.97439
x5.xbias.nmd                          0.845361
x5.xbias.vbp0                          2.63047
x5.xbias.noff                         0.844569
x5.xbias.xroff.11                     0.844345
x5.xbias.xroff.21                   0.00022398
x5.xbias.nvi                          0.936632
x5.xbias.xrdeg.11                     0.936383
x5.xbias.xrdeg.21                  0.000248396
x5.xbias.b0b                       6.32779e-09
x5.xbias.b1b                              3.63
x5.xbias.b2b                              3.63
x5.xbias.vbn1                         0.880361
x5.xbias.ga                            2.63047
x5.xbias.vbp2                          2.61743
x5.xbias.gb                        9.24474e-13
x5.vbn                                  0.8349
x5.xbias.gc                               3.63
x5.vbp                                 2.65064
x5.xs1.nh                              1.39172
x5.y1                                        0
x5.y5                                        0
x5.xs1.nt                         -3.44189e-18
x5.xs2.nh                                 3.63
x5.y2                                     3.63
x5.xs2.nt                          1.74952e-09
x5.xs3.nh                                 3.63
x5.y3                                        0
x5.xs3.nt                          1.63234e-19
x5.xs4.nh                                 3.63
x5.y4                                     3.63
x5.xs4.nt                          1.74952e-09
x5.xs5.nh                                 3.63
x5.xs5.nt                          1.63234e-19
x5.nb1                                    3.63
x5.nb2                             4.43771e-09
clk5                                      3.63
x5.xcdec1.c_moscap_int1                  -3.63
x5.xcdec2.c_moscap_int1                  -3.63
x6.xbias.na                            1.01388
x6.xbias.vbpc                          2.56606
x6.xbias.nc                           0.108511
x6.xbias.xrcg.11                      0.108346
x6.xbias.xrcg.21                    0.00016463
x6.xbias.nsu                         0.0170793
x6.xbias.vfix                          1.97439
x6.xbias.nmd                          0.845361
x6.xbias.vbp0                          2.62128
x6.xbias.noff                         0.844554
x6.xbias.xroff.11                      0.84433
x6.xbias.xroff.21                  0.000223977
x6.xbias.nvi                           1.15985
x6.xbias.xrdeg.11                      1.15955
x6.xbias.xrdeg.21                  0.000307594
x6.xbias.b0b                       6.32779e-09
x6.xbias.b1b                              3.63
x6.xbias.b2b                              3.63
x6.xbias.vbn1                         0.889584
x6.xbias.ga                            2.62128
x6.xbias.vbp2                          2.60804
x6.xbias.gb                        9.25982e-13
x6.vbn                                0.841897
x6.xbias.gc                               3.63
x6.vbp                                 2.64305
x6.xs1.nh                               1.3983
x6.y1                                        0
x6.y5                                        0
x6.xs1.nt                          5.11066e-19
x6.xs2.nh                                 3.63
x6.y2                                     3.63
x6.xs2.nt                          1.61383e-09
x6.xs3.nh                                 3.63
x6.y3                                        0
x6.xs3.nt                           1.9462e-19
x6.xs4.nh                                 3.63
x6.y4                                     3.63
x6.xs4.nt                          1.61383e-09
x6.xs5.nh                                 3.63
x6.xs5.nt                           1.9462e-19
x6.nb1                                    3.63
x6.nb2                             4.43771e-09
clk6                                      3.63
x6.xcdec1.c_moscap_int1                  -3.63
x6.xcdec2.c_moscap_int1                  -3.63
x7.xbias.na                            1.01388
x7.xbias.vbpc                          2.56606
x7.xbias.nc                           0.108511
x7.xbias.xrcg.11                      0.108346
x7.xbias.xrcg.21                    0.00016463
x7.xbias.nsu                         0.0170793
x7.xbias.vfix                          1.97439
x7.xbias.nmd                          0.845361
x7.xbias.vbp0                           2.6126
x7.xbias.noff                          0.84454
x7.xbias.xroff.11                     0.844316
x7.xbias.xroff.21                  0.000223973
x7.xbias.nvi                           1.38715
x7.xbias.xrdeg.11                      1.38678
x7.xbias.xrdeg.21                  0.000367873
x7.xbias.b0b                       6.32779e-09
x7.xbias.b1b                              3.63
x7.xbias.b2b                              3.63
x7.xbias.vbn1                         0.898309
x7.xbias.ga                             2.6126
x7.xbias.vbp2                          2.59916
x7.xbias.gb                        9.27404e-13
x7.vbn                                0.848442
x7.xbias.gc                               3.63
x7.vbp                                 2.63591
x7.xs1.nh                              1.40448
x7.y1                                        0
x7.y5                                        0
x7.xs1.nt                          4.30883e-18
x7.xs2.nh                                 3.63
x7.y2                                     3.63
x7.xs2.nt                          1.50072e-09
x7.xs3.nh                                 3.63
x7.y3                                        0
x7.xs3.nt                         -3.36649e-19
x7.xs4.nh                                 3.63
x7.y4                                     3.63
x7.xs4.nt                          1.50072e-09
x7.xs5.nh                                 3.63
x7.xs5.nt                         -5.62832e-19
x7.nb1                                    3.63
x7.nb2                             4.43771e-09
clk7                                      3.63
x7.xcdec1.c_moscap_int1                  -3.63
x7.xcdec2.c_moscap_int1                  -3.63
e.x7.xcdec2.ec_moscap#branch                 0
e.x7.xcdec1.ec_moscap#branch                 0
e.x6.xcdec2.ec_moscap#branch                 0
e.x6.xcdec1.ec_moscap#branch                 0
e.x5.xcdec2.ec_moscap#branch                 0
e.x5.xcdec1.ec_moscap#branch                 0
e.x4.xcdec2.ec_moscap#branch                 0
e.x4.xcdec1.ec_moscap#branch                 0
e.x3.xcdec2.ec_moscap#branch                 0
e.x3.xcdec1.ec_moscap#branch                 0
e.x2.xcdec2.ec_moscap#branch                 0
e.x2.xcdec1.ec_moscap#branch                 0
e.x1.xcdec2.ec_moscap#branch                 0
e.x1.xcdec1.ec_moscap#branch                 0
vs7#branch                         6.30472e-05
vs6#branch                         5.79795e-05
vs5#branch                         5.29897e-05
vs4#branch                         4.80965e-05
vs3#branch                         4.33309e-05
vs2#branch                         3.87545e-05
vs1#branch                         3.45537e-05
vv7#branch                                   0
vv6#branch                                   0
vv5#branch                                   0
vv4#branch                                   0
vv3#branch                                   0
vv2#branch                                   0
vv1#branch                                   0
vb2#branch                                   0
vb1#branch                                   0
vb0#branch                                   0
vdd#branch                        -0.000338752

 Reference value :  0.00000e+00
 Reference value :  2.30519e-08
 Reference value :  4.55999e-08
 Reference value :  5.58193e-08
 Reference value :  7.32417e-08
 Reference value :  9.11866e-08
 Reference value :  1.01718e-07
 Reference value :  1.14856e-07
 Reference value :  1.28829e-07
 Reference value :  1.40211e-07
 Reference value :  1.47004e-07
 Reference value :  1.48987e-07
 Reference value :  1.72765e-07
 Reference value :  1.84742e-07
 Reference value :  1.90021e-07
 Reference value :  2.10697e-07
 Reference value :  2.26223e-07
 Reference value :  2.37780e-07
 Reference value :  2.46041e-07
 Reference value :  2.58563e-07
 Reference value :  2.77531e-07
 Reference value :  2.86576e-07
 Reference value :  2.97532e-07
 Reference value :  3.15386e-07
 Reference value :  3.38914e-07
 Reference value :  3.58102e-07
 Reference value :  3.76226e-07
 Reference value :  3.92381e-07
 Reference value :  4.04811e-07
 Reference value :  4.15693e-07
 Reference value :  4.27036e-07
 Reference value :  4.49183e-07
 Reference value :  4.61423e-07
 Reference value :  4.83662e-07
 Reference value :  4.97658e-07
 Reference value :  5.07531e-07
 Reference value :  5.18957e-07
 Reference value :  5.40560e-07
 Reference value :  5.50790e-07
 Reference value :  5.64837e-07
 Reference value :  5.80776e-07
 Reference value :  5.91654e-07
 Reference value :  6.09245e-07
 Reference value :  6.26100e-07
 Reference value :  6.38428e-07
 Reference value :  6.52067e-07
 Reference value :  6.69151e-07
 Reference value :  6.78778e-07
 Reference value :  6.89655e-07
 Reference value :  7.01254e-07
 Reference value :  7.21465e-07
 Reference value :  7.32808e-07
 Reference value :  7.52222e-07
 Reference value :  7.66662e-07
 Reference value :  7.87971e-07
 Reference value :  8.01772e-07
 Reference value :  8.24888e-07
 Reference value :  8.43113e-07
 Reference value :  8.54524e-07
 Reference value :  8.69437e-07
 Reference value :  8.88136e-07
 Reference value :  9.02558e-07
 Reference value :  9.10866e-07
 Reference value :  9.23574e-07
 Reference value :  9.41914e-07
 Reference value :  9.53836e-07
 Reference value :  9.74206e-07
 Reference value :  1.00157e-06
 Reference value :  1.01147e-06
 Reference value :  1.02474e-06
 Reference value :  1.03876e-06
 Reference value :  1.05343e-06
 Reference value :  1.06312e-06
 Reference value :  1.06847e-06
 Reference value :  1.07616e-06
 Reference value :  1.08887e-06
 Reference value :  1.09309e-06
 Reference value :  1.09582e-06
 Reference value :  1.09987e-06
 Reference value :  1.10315e-06
 Reference value :  1.12019e-06
 Reference value :  1.14200e-06
 Reference value :  1.16428e-06
 Reference value :  1.18061e-06
 Reference value :  1.20319e-06
 Reference value :  1.22397e-06
 Reference value :  1.24125e-06
 Reference value :  1.26155e-06
 Reference value :  1.28352e-06
 Reference value :  1.29534e-06
 Reference value :  1.30153e-06
 Reference value :  1.30767e-06
 Reference value :  1.31577e-06
 Reference value :  1.33369e-06
 Reference value :  1.35276e-06
 Reference value :  1.35958e-06
 Reference value :  1.37903e-06
 Reference value :  1.39940e-06
 Reference value :  1.40518e-06
 Reference value :  1.41142e-06
 Reference value :  1.42612e-06
 Reference value :  1.44264e-06
 Reference value :  1.45699e-06
 Reference value :  1.46954e-06
 Reference value :  1.49051e-06
 Reference value :  1.50421e-06
 Reference value :  1.51714e-06
 Reference value :  1.53175e-06
 Reference value :  1.54533e-06
 Reference value :  1.55113e-06
 Reference value :  1.55800e-06
 Reference value :  1.57246e-06
 Reference value :  1.57930e-06
 Reference value :  1.59475e-06
 Reference value :  1.61150e-06
 Reference value :  1.62198e-06
 Reference value :  1.64489e-06
 Reference value :  1.66224e-06
 Reference value :  1.67844e-06
 Reference value :  1.69721e-06
 Reference value :  1.71279e-06
 Reference value :  1.73285e-06
 Reference value :  1.75741e-06
 Reference value :  1.77556e-06
 Reference value :  1.78876e-06
 Reference value :  1.81161e-06
 Reference value :  1.82559e-06
 Reference value :  1.85034e-06
 Reference value :  1.86180e-06
 Reference value :  1.88045e-06
 Reference value :  1.90142e-06
 Reference value :  1.91566e-06
 Reference value :  1.93047e-06
 Reference value :  1.95108e-06
 Reference value :  1.95975e-06
 Reference value :  1.97305e-06
 Reference value :  1.98722e-06
 Reference value :  2.00389e-06
 Reference value :  2.01668e-06
 Reference value :  2.03174e-06
 Reference value :  2.04174e-06
 Reference value :  2.04996e-06
 Reference value :  2.06096e-06
 Reference value :  2.07978e-06
 Reference value :  2.10020e-06
 Reference value :  2.11325e-06
 Reference value :  2.12430e-06
 Reference value :  2.13270e-06
 Reference value :  2.14511e-06
 Reference value :  2.16605e-06
 Reference value :  2.18187e-06
 Reference value :  2.20448e-06
 Reference value :  2.22088e-06
 Reference value :  2.23404e-06
 Reference value :  2.24166e-06
 Reference value :  2.25716e-06
 Reference value :  2.26958e-06
 Reference value :  2.28161e-06
 Reference value :  2.29803e-06
 Reference value :  2.31321e-06
 Reference value :  2.32360e-06
 Reference value :  2.34012e-06
 Reference value :  2.35589e-06
 Reference value :  2.36350e-06
 Reference value :  2.37683e-06
 Reference value :  2.39153e-06
 Reference value :  2.40731e-06
 Reference value :  2.42182e-06
No. of Data Rows : 4551

  Measurements for Transient Analysis

tp1                 =  8.054605e-07 targ=  1.812758e-06 trig=  1.007297e-06
tp2                 =  6.831611e-07 targ=  1.707604e-06 trig=  1.024443e-06
tp3                 =  5.857962e-07 targ=  1.611292e-06 trig=  1.025496e-06
tp4                 =  5.101693e-07 targ=  1.403680e-06 trig=  8.935109e-07
tp5                 =  4.507457e-07 targ=  1.352448e-06 trig=  9.017026e-07
tp6                 =  4.026785e-07 targ=  1.309172e-06 trig=  9.064939e-07
tp7                 =  3.634036e-07 targ=  1.272044e-06 trig=  9.086405e-07
f1                  =  4.96610e+06
f2                  =  5.85513e+06
f3                  =  6.82831e+06
f4                  =  7.84053e+06
f5                  =  8.87418e+06
f6                  =  9.93348e+06
f7                  =  1.10070e+07
i1                  =  4.805778e-05 from=  8.843610e-07 to=  2.431990e-06
i2                  =  5.213616e-05 from=  8.843610e-07 to=  2.431990e-06
i3                  =  5.663390e-05 from=  8.843610e-07 to=  2.431990e-06
i4                  =  6.324221e-05 from=  8.843610e-07 to=  2.431990e-06
i5                  =  6.873394e-05 from=  8.843610e-07 to=  2.431990e-06
i6                  =  7.414006e-05 from=  8.843610e-07 to=  2.431990e-06
i7                  =  7.919367e-05 from=  8.843610e-07 to=  2.431990e-06
sw1hi               =  3.714451e+00 at=  1.410452e-06
sw1lo               =  -8.425095e-02 at=  1.100105e-06
sw7hi               =  3.719189e+00 at=  1.181682e-06
sw7lo               =  -9.050053e-02 at=  2.222563e-06

ngspice-42 done

Using SPARSE 1.3 as Direct Linear Solver
