
Note: No compatibility mode selected!


Circuit: * vco-tuning-range @ ff_125c_2.97v_band2 -- generated by sim/harness, do not edit

Doing analysis at TEMP = 125.000000 and TNOM = 27.000000


Initial Transient Solution
--------------------------

Node                                   Voltage
----                                   -------
vdd                                       2.97
nb0                                          0
nb1                                       2.97
nb2                                          0
vc1                                        0.9
vc2                                        1.2
vc3                                        1.5
vc4                                        1.8
vc5                                        2.1
vc6                                        2.4
vc7                                        2.7
nv1                                       2.97
nv2                                       2.97
nv3                                       2.97
nv4                                       2.97
nv5                                       2.97
nv6                                       2.97
nv7                                       2.97
x1.xbias.na                           0.849438
x1.xbias.vbpc                          2.14853
x1.xbias.nc                           0.163147
x1.xbias.xrcg.11                      0.162889
x1.xbias.xrcg.21                   0.000257604
x1.xbias.nsu                        0.00936194
x1.xbias.vfix                          1.37364
x1.xbias.nmd                          0.591929
x1.xbias.vbp0                          2.34423
x1.xbias.noff                         0.629723
x1.xbias.xroff.11                     0.629549
x1.xbias.xroff.21                  0.000173823
x1.xbias.nvi                          0.305951
x1.xbias.xrdeg.11                     0.305867
x1.xbias.xrdeg.21                   8.4452e-05
x1.xbias.b0b                              2.97
x1.xbias.b1b                       4.14167e-07
x1.xbias.b2b                              2.97
x1.xbias.vbn1                         0.516585
x1.xbias.ga                               2.97
x1.xbias.vbp2                          2.28127
x1.xbias.gb                           0.516585
x1.vbn                                0.535157
x1.xbias.gc                               2.97
x1.vbp                                 2.32783
x1.xs1.nh                             0.962705
x1.y1                                        0
x1.y5                                        0
x1.xs1.nt                         -1.46847e-25
x1.xs2.nh                                 2.97
x1.y2                                     2.97
x1.xs2.nt                          5.12853e-05
x1.xs3.nh                              2.96999
x1.y3                                        0
x1.xs3.nt                          1.98288e-27
x1.xs4.nh                                 2.97
x1.y4                                     2.97
x1.xs4.nt                          5.12853e-05
x1.xs5.nh                              2.96999
x1.xs5.nt                          1.98288e-27
x1.nb1                                    2.97
x1.nb2                             4.47941e-07
clk1                                      2.97
x1.xcdec1.c_moscap_int1                  -2.97
x1.xcdec2.c_moscap_int1                  -2.97
x2.xbias.na                           0.849438
x2.xbias.vbpc                          2.14853
x2.xbias.nc                           0.163147
x2.xbias.xrcg.11                      0.162889
x2.xbias.xrcg.21                   0.000257604
x2.xbias.nsu                        0.00936194
x2.xbias.vfix                          1.37364
x2.xbias.nmd                          0.591929
x2.xbias.vbp0                          2.32794
x2.xbias.noff                         0.629697
x2.xbias.xroff.11                     0.629523
x2.xbias.xroff.21                  0.000173816
x2.xbias.nvi                           0.50796
x2.xbias.xrdeg.11                      0.50782
x2.xbias.xrdeg.21                  0.000140213
x2.xbias.b0b                              2.97
x2.xbias.b1b                       4.14167e-07
x2.xbias.b2b                              2.97
x2.xbias.vbn1                         0.530609
x2.xbias.ga                               2.97
x2.xbias.vbp2                          2.26195
x2.xbias.gb                           0.530609
x2.vbn                                0.549168
x2.xbias.gc                               2.97
x2.vbp                                 2.31222
x2.xs1.nh                             0.976086
x2.y1                                        0
x2.y5                                        0
x2.xs1.nt                          1.01097e-22
x2.xs2.nh                                 2.97
x2.y2                                     2.97
x2.xs2.nt                          4.50463e-05
x2.xs3.nh                              2.96999
x2.y3                                        0
x2.xs3.nt                          5.50559e-27
x2.xs4.nh                                 2.97
x2.y4                                     2.97
x2.xs4.nt                          4.50463e-05
x2.xs5.nh                              2.96999
x2.xs5.nt                          5.50559e-27
x2.nb1                                    2.97
x2.nb2                             4.47941e-07
clk2                                      2.97
x2.xcdec1.c_moscap_int1                  -2.97
x2.xcdec2.c_moscap_int1                  -2.97
x3.xbias.na                           0.849438
x3.xbias.vbpc                          2.14853
x3.xbias.nc                           0.163147
x3.xbias.xrcg.11                      0.162889
x3.xbias.xrcg.21                   0.000257604
x3.xbias.nsu                        0.00936194
x3.xbias.vfix                          1.37364
x3.xbias.nmd                          0.591929
x3.xbias.vbp0                          2.31301
x3.xbias.noff                         0.629673
x3.xbias.xroff.11                       0.6295
x3.xbias.xroff.21                  0.000173809
x3.xbias.nvi                          0.719882
x3.xbias.xrdeg.11                     0.719683
x3.xbias.xrdeg.21                  0.000198709
x3.xbias.b0b                              2.97
x3.xbias.b1b                       4.14167e-07
x3.xbias.b2b                              2.97
x3.xbias.vbn1                          0.54342
x3.xbias.ga                               2.97
x3.xbias.vbp2                          2.24398
x3.xbias.gb                            0.54342
x3.vbn                                0.561993
x3.xbias.gc                               2.97
x3.vbp                                 2.29787
x3.xs1.nh                             0.988404
x3.y1                                        0
x3.y5                                        0
x3.xs1.nt                         -2.66019e-22
x3.xs2.nh                                 2.97
x3.y2                                     2.97
x3.xs2.nt                          4.02997e-05
x3.xs3.nh                              2.96999
x3.y3                                        0
x3.xs3.nt                         -2.77817e-35
x3.xs4.nh                                 2.97
x3.y4                                     2.97
x3.xs4.nt                          4.02997e-05
x3.xs5.nh                              2.96999
x3.xs5.nt                         -2.77817e-35
x3.nb1                                    2.97
x3.nb2                             4.47941e-07
clk3                                      2.97
x3.xcdec1.c_moscap_int1                  -2.97
x3.xcdec2.c_moscap_int1                  -2.97
x4.xbias.na                           0.849438
x4.xbias.vbpc                          2.14853
x4.xbias.nc                           0.163147
x4.xbias.xrcg.11                      0.162889
x4.xbias.xrcg.21                   0.000257604
x4.xbias.nsu                        0.00936194
x4.xbias.vfix                          1.37364
x4.xbias.nmd                          0.591929
x4.xbias.vbp0                          2.29928
x4.xbias.noff                         0.629652
x4.xbias.xroff.11                     0.629478
x4.xbias.xroff.21                  0.000173803
x4.xbias.nvi                          0.938414
x4.xbias.xrdeg.11                     0.938155
x4.xbias.xrdeg.21                  0.000259031
x4.xbias.b0b                              2.97
x4.xbias.b1b                       4.14167e-07
x4.xbias.b2b                              2.97
x4.xbias.vbn1                         0.555165
x4.xbias.ga                               2.97
x4.xbias.vbp2                          2.22724
x4.xbias.gb                           0.555165
x4.vbn                                0.573769
x4.xbias.gc                               2.97
x4.vbp                                 2.28467
x4.xs1.nh                             0.999766
x4.y1                                        0
x4.y5                                        0
x4.xs1.nt                         -6.14067e-27
x4.xs2.nh                                 2.97
x4.y2                                     2.97
x4.xs2.nt                          3.65979e-05
x4.xs3.nh                                 2.97
x4.y3                                        0
x4.xs3.nt                         -9.15496e-36
x4.xs4.nh                                 2.97
x4.y4                                     2.97
x4.xs4.nt                          3.65979e-05
x4.xs5.nh                                 2.97
x4.xs5.nt                         -9.15496e-36
x4.nb1                                    2.97
x4.nb2                             4.47941e-07
clk4                                      2.97
x4.xcdec1.c_moscap_int1                  -2.97
x4.xcdec2.c_moscap_int1                  -2.97
x5.xbias.na                           0.849438
x5.xbias.vbpc                          2.14853
x5.xbias.nc                           0.163147
x5.xbias.xrcg.11                      0.162889
x5.xbias.xrcg.21                   0.000257604
x5.xbias.nsu                        0.00936194
x5.xbias.vfix                          1.37364
x5.xbias.nmd                          0.591929
x5.xbias.vbp0                          2.28656
x5.xbias.noff                         0.629631
x5.xbias.xroff.11                     0.629457
x5.xbias.xroff.21                  0.000173797
x5.xbias.nvi                           1.16194
x5.xbias.xrdeg.11                      1.16162
x5.xbias.xrdeg.21                  0.000320732
x5.xbias.b0b                              2.97
x5.xbias.b1b                       4.14167e-07
x5.xbias.b2b                              2.97
x5.xbias.vbn1                         0.566023
x5.xbias.ga                               2.97
x5.xbias.vbp2                          2.21156
x5.xbias.gb                           0.566022
x5.vbn                                0.584672
x5.xbias.gc                               2.97
x5.vbp                                 2.27241
x5.xs1.nh                              1.01033
x5.y1                                        0
x5.y5                                        0
x5.xs1.nt                          1.48336e-26
x5.xs2.nh                                 2.97
x5.y2                                     2.97
x5.xs2.nt                          3.36343e-05
x5.xs3.nh                                 2.97
x5.y3                                        0
x5.xs3.nt                          6.09182e-44
x5.xs4.nh                                 2.97
x5.y4                                     2.97
x5.xs4.nt                          3.36343e-05
x5.xs5.nh                                 2.97
x5.xs5.nt                          6.09182e-44
x5.nb1                                    2.97
x5.nb2                             4.47941e-07
clk5                                      2.97
x5.xcdec1.c_moscap_int1                  -2.97
x5.xcdec2.c_moscap_int1                  -2.97
x6.xbias.na                           0.849438
x6.xbias.vbpc                          2.14853
x6.xbias.nc                           0.163147
x6.xbias.xrcg.11                      0.162889
x6.xbias.xrcg.21                   0.000257604
x6.xbias.nsu                        0.00936194
x6.xbias.vfix                          1.37364
x6.xbias.nmd                          0.591929
x6.xbias.vbp0                          2.27467
x6.xbias.noff                         0.629612
x6.xbias.xroff.11                     0.629438
x6.xbias.xroff.21                  0.000173792
x6.xbias.nvi                            1.3895
x6.xbias.xrdeg.11                      1.38912
x6.xbias.xrdeg.21                  0.000383545
x6.xbias.b0b                              2.97
x6.xbias.b1b                       4.14167e-07
x6.xbias.b2b                              2.97
x6.xbias.vbn1                         0.576145
x6.xbias.ga                               2.97
x6.xbias.vbp2                          2.19677
x6.xbias.gb                           0.576145
x6.vbn                                 0.59485
x6.xbias.gc                               2.97
x6.vbp                                 2.26096
x6.xs1.nh                              1.02022
x6.y1                                        0
x6.y5                                        0
x6.xs1.nt                         -3.15079e-30
x6.xs2.nh                                 2.97
x6.y2                                     2.97
x6.xs2.nt                          3.12067e-05
x6.xs3.nh                                 2.97
x6.y3                                        0
x6.xs3.nt                          3.64428e-52
x6.xs4.nh                                 2.97
x6.y4                                     2.97
x6.xs4.nt                          3.12067e-05
x6.xs5.nh                                 2.97
x6.xs5.nt                          3.64428e-52
x6.nb1                                    2.97
x6.nb2                             4.47941e-07
clk6                                      2.97
x6.xcdec1.c_moscap_int1                  -2.97
x6.xcdec2.c_moscap_int1                  -2.97
x7.xbias.na                           0.849438
x7.xbias.vbpc                          2.14853
x7.xbias.nc                           0.163147
x7.xbias.xrcg.11                      0.162889
x7.xbias.xrcg.21                   0.000257604
x7.xbias.nsu                        0.00936194
x7.xbias.vfix                          1.37364
x7.xbias.nmd                          0.591929
x7.xbias.vbp0                          2.26348
x7.xbias.noff                         0.629594
x7.xbias.xroff.11                      0.62942
x7.xbias.xroff.21                  0.000173787
x7.xbias.nvi                            1.6204
x7.xbias.xrdeg.11                      1.61996
x7.xbias.xrdeg.21                  0.000447281
x7.xbias.b0b                              2.97
x7.xbias.b1b                       4.14167e-07
x7.xbias.b2b                              2.97
x7.xbias.vbn1                         0.585651
x7.xbias.ga                               2.97
x7.xbias.vbp2                          2.18273
x7.xbias.gb                           0.585651
x7.vbn                                 0.60442
x7.xbias.gc                               2.97
x7.vbp                                 2.25017
x7.xs1.nh                              1.02954
x7.y1                                        0
x7.y5                                        0
x7.xs1.nt                          9.12691e-31
x7.xs2.nh                                 2.97
x7.y2                                     2.97
x7.xs2.nt                          2.91795e-05
x7.xs3.nh                                 2.97
x7.y3                                        0
x7.xs3.nt                         -1.11736e-43
x7.xs4.nh                                 2.97
x7.y4                                     2.97
x7.xs4.nt                          2.91795e-05
x7.xs5.nh                                 2.97
x7.xs5.nt                         -1.11736e-43
x7.nb1                                    2.97
x7.nb2                             4.47941e-07
clk7                                      2.97
x7.xcdec1.c_moscap_int1                  -2.97
x7.xcdec2.c_moscap_int1                  -2.97
e.x7.xcdec2.ec_moscap#branch                 0
e.x7.xcdec1.ec_moscap#branch                 0
e.x6.xcdec2.ec_moscap#branch                 0
e.x6.xcdec1.ec_moscap#branch                 0
e.x5.xcdec2.ec_moscap#branch                 0
e.x5.xcdec1.ec_moscap#branch                 0
e.x4.xcdec2.ec_moscap#branch                 0
e.x4.xcdec1.ec_moscap#branch                 0
e.x3.xcdec2.ec_moscap#branch                 0
e.x3.xcdec1.ec_moscap#branch                 0
e.x2.xcdec2.ec_moscap#branch                 0
e.x2.xcdec1.ec_moscap#branch                 0
e.x1.xcdec2.ec_moscap#branch                 0
e.x1.xcdec1.ec_moscap#branch                 0
vs7#branch                         0.000109894
vs6#branch                         0.000101375
vs5#branch                         9.29524e-05
vs4#branch                         8.46479e-05
vs3#branch                          7.6494e-05
vs2#branch                         6.85469e-05
vs1#branch                         6.09264e-05
vv7#branch                                   0
vv6#branch                                   0
vv5#branch                                   0
vv4#branch                                   0
vv3#branch                                   0
vv2#branch                                   0
vv1#branch                                   0
vb2#branch                                   0
vb1#branch                                   0
vb0#branch                                   0
vdd#branch                        -0.000594837

 Reference value :  0.00000e+00
 Reference value :  1.32227e-08
 Reference value :  2.15427e-08
 Reference value :  3.35609e-08
 Reference value :  4.76844e-08
 Reference value :  5.88789e-08
 Reference value :  6.86252e-08
 Reference value :  7.72345e-08
 Reference value :  8.46699e-08
 Reference value :  8.98724e-08
 Reference value :  9.35081e-08
 Reference value :  9.49627e-08
 Reference value :  1.03215e-07
 Reference value :  1.08428e-07
 Reference value :  1.18665e-07
 Reference value :  1.26203e-07
 Reference value :  1.35231e-07
 Reference value :  1.42386e-07
 Reference value :  1.50682e-07
 Reference value :  1.60720e-07
 Reference value :  1.69967e-07
 Reference value :  1.72742e-07
 Reference value :  1.87333e-07
 Reference value :  1.94244e-07
 Reference value :  2.04544e-07
 Reference value :  2.15556e-07
 Reference value :  2.26448e-07
 Reference value :  2.34356e-07
 Reference value :  2.42614e-07
 Reference value :  2.51123e-07
 Reference value :  2.65374e-07
 Reference value :  2.69700e-07
 Reference value :  2.72440e-07
 Reference value :  2.80178e-07
 Reference value :  2.88152e-07
 Reference value :  2.97318e-07
 Reference value :  3.04752e-07
 Reference value :  3.10252e-07
 Reference value :  3.16685e-07
 Reference value :  3.24581e-07
 Reference value :  3.35073e-07
 Reference value :  3.41526e-07
 Reference value :  3.47811e-07
 Reference value :  3.62142e-07
 Reference value :  3.69231e-07
 Reference value :  3.80764e-07
 Reference value :  3.92341e-07
 Reference value :  3.98888e-07
 Reference value :  4.06629e-07
 Reference value :  4.16348e-07
 Reference value :  4.20256e-07
 Reference value :  4.30591e-07
 Reference value :  4.38533e-07
 Reference value :  4.46645e-07
 Reference value :  4.51173e-07
 Reference value :  4.61128e-07
 Reference value :  4.69089e-07
 Reference value :  4.76681e-07
 Reference value :  4.92922e-07
 Reference value :  5.10221e-07
 Reference value :  5.22564e-07
 Reference value :  5.32897e-07
 Reference value :  5.41192e-07
 Reference value :  5.54057e-07
 Reference value :  5.64406e-07
 Reference value :  5.71779e-07
 Reference value :  5.80596e-07
 Reference value :  5.89161e-07
 Reference value :  6.00564e-07
 Reference value :  6.10554e-07
 Reference value :  6.27486e-07
 Reference value :  6.43908e-07
 Reference value :  6.57318e-07
 Reference value :  6.65836e-07
 Reference value :  6.78105e-07
 Reference value :  6.86674e-07
 Reference value :  6.97005e-07
 Reference value :  7.07575e-07
 Reference value :  7.14103e-07
 Reference value :  7.17459e-07
 Reference value :  7.21934e-07
 Reference value :  7.25054e-07
 Reference value :  7.32916e-07
 Reference value :  7.40107e-07
 Reference value :  7.41425e-07
 Reference value :  7.50904e-07
 Reference value :  7.59598e-07
 Reference value :  7.66950e-07
 Reference value :  7.75318e-07
 Reference value :  7.80430e-07
 Reference value :  7.89719e-07
 Reference value :  7.96922e-07
 Reference value :  8.04669e-07
 Reference value :  8.09810e-07
 Reference value :  8.14564e-07
 Reference value :  8.19602e-07
 Reference value :  8.28737e-07
 Reference value :  8.34415e-07
 Reference value :  8.44226e-07
 Reference value :  8.54313e-07
 Reference value :  8.60184e-07
 Reference value :  8.72341e-07
 Reference value :  8.78350e-07
 Reference value :  8.81422e-07
 Reference value :  8.83454e-07
 Reference value :  8.92581e-07
 Reference value :  9.03982e-07
 Reference value :  9.12887e-07
 Reference value :  9.28365e-07
 Reference value :  9.37450e-07
 Reference value :  9.44124e-07
 Reference value :  9.50543e-07
 Reference value :  9.55688e-07
 Reference value :  9.61841e-07
 Reference value :  9.70971e-07
 Reference value :  9.76479e-07
 Reference value :  9.80523e-07
 Reference value :  9.85448e-07
 Reference value :  9.92103e-07
 Reference value :  1.00363e-06
 Reference value :  1.01229e-06
 Reference value :  1.02511e-06
 Reference value :  1.04119e-06
 Reference value :  1.05306e-06
 Reference value :  1.06446e-06
 Reference value :  1.07515e-06
 Reference value :  1.08281e-06
 Reference value :  1.09104e-06
No. of Data Rows : 4515

  Measurements for Transient Analysis

tp1                 =  3.265019e-07 targ=  7.350777e-07 trig=  4.085758e-07
tp2                 =  2.695058e-07 targ=  6.740756e-07 trig=  4.045698e-07
tp3                 =  2.275099e-07 targ=  6.830189e-07 trig=  4.555089e-07
tp4                 =  1.960048e-07 targ=  6.374013e-07 trig=  4.413965e-07
tp5                 =  1.715115e-07 targ=  6.007077e-07 trig=  4.291962e-07
tp6                 =  1.521937e-07 targ=  5.706590e-07 trig=  4.184653e-07
tp7                 =  1.363339e-07 targ=  5.455386e-07 trig=  4.092047e-07
f1                  =  1.22511e+07
f2                  =  1.48420e+07
f3                  =  1.75816e+07
f4                  =  2.04077e+07
f5                  =  2.33221e+07
f6                  =  2.62823e+07
f7                  =  2.93397e+07
i1                  =  8.115671e-05 from=  3.987384e-07 to=  1.096530e-06
i2                  =  9.061534e-05 from=  3.987384e-07 to=  1.096530e-06
i3                  =  9.918766e-05 from=  3.987384e-07 to=  1.096530e-06
i4                  =  1.091411e-04 from=  3.987384e-07 to=  1.096530e-06
i5                  =  1.203653e-04 from=  3.987384e-07 to=  1.096530e-06
i6                  =  1.292638e-04 from=  3.987384e-07 to=  1.096530e-06
i7                  =  1.398422e-04 from=  3.987384e-07 to=  1.096530e-06
sw1hi               =  3.049955e+00 at=  5.721555e-07
sw1lo               =  -7.656509e-02 at=  6.917537e-07
sw7hi               =  3.080837e+00 at=  5.800369e-07
sw7lo               =  -1.152122e-01 at=  4.597298e-07

ngspice-42 done

Using SPARSE 1.3 as Direct Linear Solver
