
Note: No compatibility mode selected!


Circuit: * vco-tuning-range @ fs_-40c_3.30v_band4 -- generated by sim/harness, do not edit

Doing analysis at TEMP = -40.000000 and TNOM = 27.000000


Initial Transient Solution
--------------------------

Node                                   Voltage
----                                   -------
vdd                                        3.3
nb0                                          0
nb1                                          0
nb2                                        3.3
vc1                                        0.9
vc2                                        1.2
vc3                                        1.5
vc4                                        1.8
vc5                                        2.1
vc6                                        2.4
vc7                                        2.7
nv1                                        3.3
nv2                                        3.3
nv3                                        3.3
nv4                                        3.3
nv5                                        3.3
nv6                                        3.3
nv7                                        3.3
x1.xbias.na                            0.85066
x1.xbias.vbpc                          2.22426
x1.xbias.nc                          0.0930409
x1.xbias.xrcg.11                     0.0928385
x1.xbias.xrcg.21                   0.000202407
x1.xbias.nsu                         0.0140136
x1.xbias.vfix                          1.65796
x1.xbias.nmd                          0.715851
x1.xbias.vbp0                          2.30655
x1.xbias.noff                          0.72107
x1.xbias.xroff.11                     0.720796
x1.xbias.xroff.21                  0.000274499
x1.xbias.nvi                          0.189519
x1.xbias.xrdeg.11                     0.189447
x1.xbias.xrdeg.21                  7.21468e-05
x1.xbias.b0b                               3.3
x1.xbias.b1b                               3.3
x1.xbias.b2b                       4.19734e-09
x1.xbias.vbn1                         0.682387
x1.xbias.ga                                3.3
x1.xbias.vbp2                          2.32308
x1.xbias.gb                        6.87454e-14
x1.vbn                                0.761422
x1.xbias.gc                            2.32308
x1.vbp                                  2.2252
x1.xs1.nh                              1.41996
x1.y1                                        0
x1.y5                                        0
x1.xs1.nt                         -1.46109e-17
x1.xs2.nh                                  3.3
x1.y2                                      3.3
x1.xs2.nt                          2.39625e-10
x1.xs3.nh                                  3.3
x1.y3                                        0
x1.xs3.nt                         -1.92305e-38
x1.xs4.nh                                  3.3
x1.y4                                      3.3
x1.xs4.nt                          2.39625e-10
x1.xs5.nh                                  3.3
x1.xs5.nt                         -1.92305e-38
x1.nb1                                     3.3
x1.nb2                             2.87231e-09
clk1                                       3.3
x1.xcdec1.c_moscap_int1                   -3.3
x1.xcdec2.c_moscap_int1                   -3.3
x2.xbias.na                            0.85066
x2.xbias.vbpc                          2.22426
x2.xbias.nc                          0.0930409
x2.xbias.xrcg.11                     0.0928385
x2.xbias.xrcg.21                   0.000202407
x2.xbias.nsu                         0.0140136
x2.xbias.vfix                          1.65796
x2.xbias.nmd                          0.715851
x2.xbias.vbp0                          2.29563
x2.xbias.noff                         0.721051
x2.xbias.xroff.11                     0.720776
x2.xbias.xroff.21                  0.000274492
x2.xbias.nvi                          0.391254
x2.xbias.xrdeg.11                     0.391105
x2.xbias.xrdeg.21                  0.000148944
x2.xbias.b0b                               3.3
x2.xbias.b1b                               3.3
x2.xbias.b2b                       4.19734e-09
x2.xbias.vbn1                         0.692061
x2.xbias.ga                                3.3
x2.xbias.vbp2                          2.31343
x2.xbias.gb                        6.89019e-14
x2.vbn                                0.774163
x2.xbias.gc                            2.31343
x2.vbp                                 2.20998
x2.xs1.nh                              1.43335
x2.y1                                        0
x2.y5                                        0
x2.xs1.nt                          3.08048e-28
x2.xs2.nh                                  3.3
x2.y2                                      3.3
x2.xs2.nt                          2.09672e-10
x2.xs3.nh                                  3.3
x2.y3                                        0
x2.xs3.nt                          2.38111e-58
x2.xs4.nh                                  3.3
x2.y4                                      3.3
x2.xs4.nt                          2.09672e-10
x2.xs5.nh                                  3.3
x2.xs5.nt                          2.38111e-58
x2.nb1                                     3.3
x2.nb2                             2.87231e-09
clk2                                       3.3
x2.xcdec1.c_moscap_int1                   -3.3
x2.xcdec2.c_moscap_int1                   -3.3
x3.xbias.na                            0.85066
x3.xbias.vbpc                          2.22426
x3.xbias.nc                          0.0930409
x3.xbias.xrcg.11                     0.0928385
x3.xbias.xrcg.21                   0.000202407
x3.xbias.nsu                         0.0140136
x3.xbias.vfix                          1.65796
x3.xbias.nmd                          0.715851
x3.xbias.vbp0                          2.28547
x3.xbias.noff                         0.721033
x3.xbias.xroff.11                     0.720758
x3.xbias.xroff.21                  0.000274485
x3.xbias.nvi                            0.6052
x3.xbias.xrdeg.11                      0.60497
x3.xbias.xrdeg.21                   0.00023039
x3.xbias.b0b                               3.3
x3.xbias.b1b                               3.3
x3.xbias.b2b                       4.19734e-09
x3.xbias.vbn1                         0.700927
x3.xbias.ga                                3.3
x3.xbias.vbp2                          2.30452
x3.xbias.gb                        6.90453e-14
x3.vbn                                0.786066
x3.xbias.gc                            2.30452
x3.vbp                                 2.19549
x3.xs1.nh                              1.44613
x3.y1                                        0
x3.y5                                        0
x3.xs1.nt                         -3.04843e-48
x3.xs2.nh                                  3.3
x3.y2                                      3.3
x3.xs2.nt                          1.89608e-10
x3.xs3.nh                                  3.3
x3.y3                                        0
x3.xs3.nt                         -2.12267e-97
x3.xs4.nh                                  3.3
x3.y4                                      3.3
x3.xs4.nt                          1.89608e-10
x3.xs5.nh                                  3.3
x3.xs5.nt                         -2.12267e-97
x3.nb1                                     3.3
x3.nb2                             2.87231e-09
clk3                                       3.3
x3.xcdec1.c_moscap_int1                   -3.3
x3.xcdec2.c_moscap_int1                   -3.3
x4.xbias.na                            0.85066
x4.xbias.vbpc                          2.22426
x4.xbias.nc                          0.0930409
x4.xbias.xrcg.11                     0.0928385
x4.xbias.xrcg.21                   0.000202407
x4.xbias.nsu                         0.0140136
x4.xbias.vfix                          1.65796
x4.xbias.nmd                          0.715851
x4.xbias.vbp0                          2.27606
x4.xbias.noff                         0.721016
x4.xbias.xroff.11                     0.720742
x4.xbias.xroff.21                  0.000274479
x4.xbias.nvi                          0.826657
x4.xbias.xrdeg.11                     0.826343
x4.xbias.xrdeg.21                  0.000314695
x4.xbias.b0b                               3.3
x4.xbias.b1b                               3.3
x4.xbias.b2b                       4.19734e-09
x4.xbias.vbn1                          0.70902
x4.xbias.ga                                3.3
x4.xbias.vbp2                          2.29633
x4.xbias.gb                        6.91729e-14
x4.vbn                                0.797126
x4.xbias.gc                            2.29633
x4.vbp                                  2.1818
x4.xs1.nh                              1.45822
x4.y1                                        0
x4.y5                                        0
x4.xs1.nt                         -4.29434e-58
x4.xs2.nh                                  3.3
x4.y2                                      3.3
x4.xs2.nt                          1.72575e-10
x4.xs3.nh                                  3.3
x4.y3                                        0
x4.xs3.nt                          1.42583e-97
x4.xs4.nh                                  3.3
x4.y4                                      3.3
x4.xs4.nt                          1.72575e-10
x4.xs5.nh                                  3.3
x4.xs5.nt                          1.42583e-97
x4.nb1                                     3.3
x4.nb2                             2.87231e-09
clk4                                       3.3
x4.xcdec1.c_moscap_int1                   -3.3
x4.xcdec2.c_moscap_int1                   -3.3
x5.xbias.na                            0.85066
x5.xbias.vbpc                          2.22426
x5.xbias.nc                          0.0930409
x5.xbias.xrcg.11                     0.0928385
x5.xbias.xrcg.21                   0.000202407
x5.xbias.nsu                         0.0140136
x5.xbias.vfix                          1.65796
x5.xbias.nmd                          0.715851
x5.xbias.vbp0                          2.26731
x5.xbias.noff                         0.721001
x5.xbias.xroff.11                     0.720726
x5.xbias.xroff.21                  0.000274473
x5.xbias.nvi                           1.05366
x5.xbias.xrdeg.11                      1.05326
x5.xbias.xrdeg.21                  0.000401111
x5.xbias.b0b                               3.3
x5.xbias.b1b                               3.3
x5.xbias.b2b                       4.19734e-09
x5.xbias.vbn1                         0.716458
x5.xbias.ga                                3.3
x5.xbias.vbp2                          2.28876
x5.xbias.gb                        6.92929e-14
x5.vbn                                0.807463
x5.xbias.gc                            2.28876
x5.vbp                                 2.16884
x5.xs1.nh                               1.4697
x5.y1                                        0
x5.y5                                        0
x5.xs1.nt                          3.63208e-58
x5.xs2.nh                                  3.3
x5.y2                                      3.3
x5.xs2.nt                          1.58906e-10
x5.xs3.nh                                  3.3
x5.y3                                        0
x5.xs3.nt                          9.57313e-78
x5.xs4.nh                                  3.3
x5.y4                                      3.3
x5.xs4.nt                          1.58906e-10
x5.xs5.nh                                  3.3
x5.xs5.nt                          9.57313e-78
x5.nb1                                     3.3
x5.nb2                             2.87231e-09
clk5                                       3.3
x5.xcdec1.c_moscap_int1                   -3.3
x5.xcdec2.c_moscap_int1                   -3.3
x6.xbias.na                            0.85066
x6.xbias.vbpc                          2.22426
x6.xbias.nc                          0.0930409
x6.xbias.xrcg.11                     0.0928385
x6.xbias.xrcg.21                   0.000202407
x6.xbias.nsu                         0.0140136
x6.xbias.vfix                          1.65796
x6.xbias.nmd                          0.715851
x6.xbias.vbp0                          2.25909
x6.xbias.noff                         0.720986
x6.xbias.xroff.11                     0.720712
x6.xbias.xroff.21                  0.000274467
x6.xbias.nvi                           1.28509
x6.xbias.xrdeg.11                       1.2846
x6.xbias.xrdeg.21                  0.000489211
x6.xbias.b0b                               3.3
x6.xbias.b1b                               3.3
x6.xbias.b2b                       4.19734e-09
x6.xbias.vbn1                         0.723349
x6.xbias.ga                                3.3
x6.xbias.vbp2                           2.2817
x6.xbias.gb                        6.94041e-14
x6.vbn                                0.817192
x6.xbias.gc                             2.2817
x6.vbp                                 2.15651
x6.xs1.nh                              1.48064
x6.y1                                        0
x6.y5                                        0
x6.xs1.nt                         -6.49501e-38
x6.xs2.nh                                  3.3
x6.y2                                      3.3
x6.xs2.nt                          1.47687e-10
x6.xs3.nh                                  3.3
x6.y3                                        0
x6.xs3.nt                         -1.31927e-58
x6.xs4.nh                                  3.3
x6.y4                                      3.3
x6.xs4.nt                          1.47687e-10
x6.xs5.nh                                  3.3
x6.xs5.nt                         -1.31927e-58
x6.nb1                                     3.3
x6.nb2                             2.87231e-09
clk6                                       3.3
x6.xcdec1.c_moscap_int1                   -3.3
x6.xcdec2.c_moscap_int1                   -3.3
x7.xbias.na                            0.85066
x7.xbias.vbpc                          2.22426
x7.xbias.nc                          0.0930409
x7.xbias.xrcg.11                     0.0928385
x7.xbias.xrcg.21                   0.000202407
x7.xbias.nsu                         0.0140136
x7.xbias.vfix                          1.65796
x7.xbias.nmd                          0.715851
x7.xbias.vbp0                          2.25134
x7.xbias.noff                         0.720972
x7.xbias.xroff.11                     0.720698
x7.xbias.xroff.21                  0.000274462
x7.xbias.nvi                           1.52018
x7.xbias.xrdeg.11                       1.5196
x7.xbias.xrdeg.21                  0.000578707
x7.xbias.b0b                               3.3
x7.xbias.b1b                               3.3
x7.xbias.b2b                       4.19734e-09
x7.xbias.vbn1                          0.72978
x7.xbias.ga                                3.3
x7.xbias.vbp2                          2.27506
x7.xbias.gb                        6.95078e-14
x7.vbn                                0.826405
x7.xbias.gc                            2.27506
x7.vbp                                 2.14472
x7.xs1.nh                              1.49111
x7.y1                                        0
x7.y5                                        0
x7.xs1.nt                           2.4423e-38
x7.xs2.nh                                  3.3
x7.y2                                      3.3
x7.xs2.nt                          1.38302e-10
x7.xs3.nh                                  3.3
x7.y3                                        0
x7.xs3.nt                          1.06171e-77
x7.xs4.nh                                  3.3
x7.y4                                      3.3
x7.xs4.nt                          1.38302e-10
x7.xs5.nh                                  3.3
x7.xs5.nt                          1.06171e-77
x7.nb1                                     3.3
x7.nb2                             2.87231e-09
clk7                                       3.3
x7.xcdec1.c_moscap_int1                   -3.3
x7.xcdec2.c_moscap_int1                   -3.3
e.x7.xcdec2.ec_moscap#branch                 0
e.x7.xcdec1.ec_moscap#branch                 0
e.x6.xcdec2.ec_moscap#branch                 0
e.x6.xcdec1.ec_moscap#branch                 0
e.x5.xcdec2.ec_moscap#branch                 0
e.x5.xcdec1.ec_moscap#branch                 0
e.x4.xcdec2.ec_moscap#branch                 0
e.x4.xcdec1.ec_moscap#branch                 0
e.x3.xcdec2.ec_moscap#branch                 0
e.x3.xcdec1.ec_moscap#branch                 0
e.x2.xcdec2.ec_moscap#branch                 0
e.x2.xcdec1.ec_moscap#branch                 0
e.x1.xcdec2.ec_moscap#branch                 0
e.x1.xcdec1.ec_moscap#branch                 0
vs7#branch                         0.000110886
vs6#branch                         0.000100938
vs5#branch                         9.11027e-05
vs4#branch                         8.14055e-05
vs3#branch                         7.18887e-05
vs2#branch                         6.26295e-05
vs1#branch                         5.38238e-05
vv7#branch                                   0
vv6#branch                                   0
vv5#branch                                   0
vv4#branch                                   0
vv3#branch                                   0
vv2#branch                                   0
vv1#branch                                   0
vb2#branch                                   0
vb1#branch                                   0
vb0#branch                                   0
vdd#branch                        -0.000572675

 Reference value :  0.00000e+00
 Reference value :  6.17869e-09
 Reference value :  9.65071e-09
 Reference value :  1.28498e-08
 Reference value :  1.61110e-08
 Reference value :  1.94043e-08
 Reference value :  2.30823e-08
 Reference value :  2.60051e-08
 Reference value :  2.99764e-08
 Reference value :  3.32341e-08
 Reference value :  3.67946e-08
 Reference value :  4.02695e-08
 Reference value :  4.31661e-08
 Reference value :  4.42866e-08
 Reference value :  4.54709e-08
 Reference value :  4.64795e-08
 Reference value :  5.00687e-08
 Reference value :  5.19315e-08
 Reference value :  5.64510e-08
 Reference value :  5.99051e-08
 Reference value :  6.45371e-08
 Reference value :  6.93014e-08
 Reference value :  7.37310e-08
 Reference value :  7.71563e-08
 Reference value :  8.34198e-08
 Reference value :  8.75933e-08
 Reference value :  9.05389e-08
 Reference value :  9.43933e-08
 Reference value :  1.00794e-07
 Reference value :  1.07129e-07
 Reference value :  1.10772e-07
 Reference value :  1.13338e-07
 Reference value :  1.17173e-07
 Reference value :  1.21074e-07
 Reference value :  1.25542e-07
 Reference value :  1.30793e-07
 Reference value :  1.36612e-07
 Reference value :  1.41017e-07
 Reference value :  1.46574e-07
 Reference value :  1.49903e-07
 Reference value :  1.54981e-07
 Reference value :  1.59641e-07
 Reference value :  1.62185e-07
 Reference value :  1.66048e-07
 Reference value :  1.70326e-07
 Reference value :  1.74315e-07
 Reference value :  1.77287e-07
 Reference value :  1.80979e-07
 Reference value :  1.86059e-07
 Reference value :  1.91342e-07
 Reference value :  1.96597e-07
 Reference value :  2.02028e-07
 Reference value :  2.08036e-07
 Reference value :  2.13848e-07
 Reference value :  2.17450e-07
 Reference value :  2.21584e-07
 Reference value :  2.25002e-07
 Reference value :  2.29633e-07
 Reference value :  2.33511e-07
 Reference value :  2.36636e-07
 Reference value :  2.40523e-07
 Reference value :  2.45188e-07
 Reference value :  2.50612e-07
 Reference value :  2.54342e-07
 Reference value :  2.59260e-07
 Reference value :  2.64425e-07
 Reference value :  2.66937e-07
 Reference value :  2.71404e-07
 Reference value :  2.77121e-07
 Reference value :  2.80585e-07
 Reference value :  2.83721e-07
 Reference value :  2.87069e-07
 Reference value :  2.89836e-07
 Reference value :  2.94064e-07
 Reference value :  2.97258e-07
 Reference value :  2.99887e-07
 Reference value :  3.05926e-07
 Reference value :  3.10129e-07
 Reference value :  3.15420e-07
 Reference value :  3.20604e-07
 Reference value :  3.24706e-07
 Reference value :  3.29712e-07
 Reference value :  3.34794e-07
 Reference value :  3.38397e-07
 Reference value :  3.41801e-07
 Reference value :  3.45034e-07
 Reference value :  3.48480e-07
 Reference value :  3.51884e-07
 Reference value :  3.54372e-07
 Reference value :  3.58846e-07
 Reference value :  3.61954e-07
 Reference value :  3.64121e-07
 Reference value :  3.67555e-07
 Reference value :  3.70692e-07
 Reference value :  3.73376e-07
 Reference value :  3.74295e-07
 Reference value :  3.76780e-07
 Reference value :  3.79247e-07
 Reference value :  3.83418e-07
 Reference value :  3.88918e-07
 Reference value :  3.94600e-07
 Reference value :  3.98554e-07
 Reference value :  4.02285e-07
 Reference value :  4.05726e-07
 Reference value :  4.09646e-07
 Reference value :  4.12477e-07
 Reference value :  4.15902e-07
 Reference value :  4.19976e-07
 Reference value :  4.25242e-07
 Reference value :  4.28261e-07
 Reference value :  4.31186e-07
 Reference value :  4.32784e-07
 Reference value :  4.33632e-07
 Reference value :  4.35833e-07
 Reference value :  4.36984e-07
 Reference value :  4.37664e-07
 Reference value :  4.39362e-07
 Reference value :  4.40918e-07
 Reference value :  4.44298e-07
 Reference value :  4.48270e-07
 Reference value :  4.51776e-07
 Reference value :  4.57367e-07
 Reference value :  4.60194e-07
 Reference value :  4.64748e-07
 Reference value :  4.70031e-07
 Reference value :  4.76484e-07
 Reference value :  4.81440e-07
 Reference value :  4.85486e-07
 Reference value :  4.91273e-07
 Reference value :  4.93710e-07
 Reference value :  4.97500e-07
 Reference value :  4.99209e-07
 Reference value :  5.01072e-07
No. of Data Rows : 4463

  Measurements for Transient Analysis

tp1                 =  1.439128e-07 targ=  3.603820e-07 trig=  2.164692e-07
tp2                 =  1.184106e-07 targ=  3.260268e-07 trig=  2.076163e-07
tp3                 =  9.955152e-08 targ=  2.990265e-07 trig=  1.994750e-07
tp4                 =  8.536356e-08 targ=  2.777954e-07 trig=  1.924319e-07
tp5                 =  7.438512e-08 targ=  2.607452e-07 trig=  1.863600e-07
tp6                 =  6.571242e-08 targ=  2.631945e-07 trig=  1.974821e-07
tp7                 =  5.867174e-08 targ=  2.498340e-07 trig=  1.911623e-07
f1                  =  2.77946e+07
f2                  =  3.37808e+07
f3                  =  4.01802e+07
f4                  =  4.68584e+07
f5                  =  5.37742e+07
f6                  =  6.08713e+07
f7                  =  6.81759e+07
i1                  =  7.685412e-05 from=  1.833303e-07 to=  5.041580e-07
i2                  =  8.978346e-05 from=  1.833303e-07 to=  5.041580e-07
i3                  =  1.021262e-04 from=  1.833303e-07 to=  5.041580e-07
i4                  =  1.143762e-04 from=  1.833303e-07 to=  5.041580e-07
i5                  =  1.271072e-04 from=  1.833303e-07 to=  5.041580e-07
i6                  =  1.403151e-04 from=  1.833303e-07 to=  5.041580e-07
i7                  =  1.531562e-04 from=  1.833303e-07 to=  5.041580e-07
sw1hi               =  3.414699e+00 at=  4.684883e-07
sw1lo               =  -1.325803e-01 at=  4.489280e-07
sw7hi               =  3.450676e+00 at=  1.913420e-07
sw7lo               =  -1.388174e-01 at=  4.475099e-07

ngspice-42 done

Using SPARSE 1.3 as Direct Linear Solver
