
Note: No compatibility mode selected!


Circuit: * vco-tuning-range @ fs_-40c_3.30v_band1 -- generated by sim/harness, do not edit

Doing analysis at TEMP = -40.000000 and TNOM = 27.000000


Initial Transient Solution
--------------------------

Node                                   Voltage
----                                   -------
vdd                                        3.3
nb0                                        3.3
nb1                                          0
nb2                                          0
vc1                                        0.9
vc2                                        1.2
vc3                                        1.5
vc4                                        1.8
vc5                                        2.1
vc6                                        2.4
vc7                                        2.7
nv1                                        3.3
nv2                                        3.3
nv3                                        3.3
nv4                                        3.3
nv5                                        3.3
nv6                                        3.3
nv7                                        3.3
x1.xbias.na                            0.85066
x1.xbias.vbpc                          2.22426
x1.xbias.nc                          0.0930409
x1.xbias.xrcg.11                     0.0928385
x1.xbias.xrcg.21                   0.000202407
x1.xbias.nsu                         0.0140136
x1.xbias.vfix                          1.65796
x1.xbias.nmd                          0.715851
x1.xbias.vbp0                          2.30655
x1.xbias.noff                          0.72107
x1.xbias.xroff.11                     0.720796
x1.xbias.xroff.21                  0.000274499
x1.xbias.nvi                          0.189519
x1.xbias.xrdeg.11                     0.189447
x1.xbias.xrdeg.21                  7.21468e-05
x1.xbias.b0b                       4.19734e-09
x1.xbias.b1b                               3.3
x1.xbias.b2b                               3.3
x1.xbias.vbn1                         0.707668
x1.xbias.ga                            2.30655
x1.xbias.vbp2                           2.2977
x1.xbias.gb                        6.93777e-14
x1.vbn                                0.680526
x1.xbias.gc                                3.3
x1.vbp                                 2.31477
x1.xs1.nh                              1.34208
x1.y1                                        0
x1.y5                                        0
x1.xs1.nt                         -1.60848e-15
x1.xs2.nh                                  3.3
x1.y2                                      3.3
x1.xs2.nt                           7.1111e-10
x1.xs3.nh                                  3.3
x1.y3                                        0
x1.xs3.nt                          5.48829e-18
x1.xs4.nh                                  3.3
x1.y4                                      3.3
x1.xs4.nt                           7.1111e-10
x1.xs5.nh                                  3.3
x1.xs5.nt                          5.48829e-18
x1.nb1                                     3.3
x1.nb2                             2.87231e-09
clk1                                       3.3
x1.xcdec1.c_moscap_int1                   -3.3
x1.xcdec2.c_moscap_int1                   -3.3
x2.xbias.na                            0.85066
x2.xbias.vbpc                          2.22426
x2.xbias.nc                          0.0930409
x2.xbias.xrcg.11                     0.0928385
x2.xbias.xrcg.21                   0.000202407
x2.xbias.nsu                         0.0140136
x2.xbias.vfix                          1.65796
x2.xbias.nmd                          0.715851
x2.xbias.vbp0                          2.29563
x2.xbias.noff                         0.721051
x2.xbias.xroff.11                     0.720776
x2.xbias.xroff.21                  0.000274492
x2.xbias.nvi                          0.391254
x2.xbias.xrdeg.11                     0.391105
x2.xbias.xrdeg.21                  0.000148944
x2.xbias.b0b                       4.19734e-09
x2.xbias.b1b                               3.3
x2.xbias.b2b                               3.3
x2.xbias.vbn1                         0.718542
x2.xbias.ga                            2.29563
x2.xbias.vbp2                          2.28663
x2.xbias.gb                        6.93266e-14
x2.vbn                                 0.68932
x2.xbias.gc                                3.3
x2.vbp                                 2.30557
x2.xs1.nh                              1.35001
x2.y1                                        0
x2.y5                                        0
x2.xs1.nt                          1.32934e-17
x2.xs2.nh                                  3.3
x2.y2                                      3.3
x2.xs2.nt                          6.13418e-10
x2.xs3.nh                                  3.3
x2.y3                                        0
x2.xs3.nt                         -3.91376e-20
x2.xs4.nh                                  3.3
x2.y4                                      3.3
x2.xs4.nt                          6.13418e-10
x2.xs5.nh                                  3.3
x2.xs5.nt                         -3.91376e-20
x2.nb1                                     3.3
x2.nb2                             2.87231e-09
clk2                                       3.3
x2.xcdec1.c_moscap_int1                   -3.3
x2.xcdec2.c_moscap_int1                   -3.3
x3.xbias.na                            0.85066
x3.xbias.vbpc                          2.22426
x3.xbias.nc                          0.0930409
x3.xbias.xrcg.11                     0.0928385
x3.xbias.xrcg.21                   0.000202407
x3.xbias.nsu                         0.0140136
x3.xbias.vfix                          1.65796
x3.xbias.nmd                          0.715851
x3.xbias.vbp0                          2.28547
x3.xbias.noff                         0.721033
x3.xbias.xroff.11                     0.720758
x3.xbias.xroff.21                  0.000274485
x3.xbias.nvi                            0.6052
x3.xbias.xrdeg.11                      0.60497
x3.xbias.xrdeg.21                   0.00023039
x3.xbias.b0b                       4.19734e-09
x3.xbias.b1b                               3.3
x3.xbias.b2b                               3.3
x3.xbias.vbn1                          0.72859
x3.xbias.ga                            2.28547
x3.xbias.vbp2                          2.27629
x3.xbias.gb                        6.94886e-14
x3.vbn                                0.697335
x3.xbias.gc                                3.3
x3.vbp                                 2.29708
x3.xs1.nh                              1.35733
x3.y1                                        0
x3.y5                                        0
x3.xs1.nt                         -1.00206e-17
x3.xs2.nh                                  3.3
x3.y2                                      3.3
x3.xs2.nt                          5.39953e-10
x3.xs3.nh                                  3.3
x3.y3                                        0
x3.xs3.nt                          4.78335e-38
x3.xs4.nh                                  3.3
x3.y4                                      3.3
x3.xs4.nt                          5.39953e-10
x3.xs5.nh                                  3.3
x3.xs5.nt                          4.78335e-38
x3.nb1                                     3.3
x3.nb2                             2.87231e-09
clk3                                       3.3
x3.xcdec1.c_moscap_int1                   -3.3
x3.xcdec2.c_moscap_int1                   -3.3
x4.xbias.na                            0.85066
x4.xbias.vbpc                          2.22426
x4.xbias.nc                          0.0930409
x4.xbias.xrcg.11                     0.0928385
x4.xbias.xrcg.21                   0.000202407
x4.xbias.nsu                         0.0140136
x4.xbias.vfix                          1.65796
x4.xbias.nmd                          0.715851
x4.xbias.vbp0                          2.27606
x4.xbias.noff                         0.721016
x4.xbias.xroff.11                     0.720742
x4.xbias.xroff.21                  0.000274479
x4.xbias.nvi                          0.826657
x4.xbias.xrdeg.11                     0.826343
x4.xbias.xrdeg.21                  0.000314695
x4.xbias.b0b                       4.19734e-09
x4.xbias.b1b                               3.3
x4.xbias.b2b                               3.3
x4.xbias.vbn1                         0.737828
x4.xbias.ga                            2.27606
x4.xbias.vbp2                          2.26671
x4.xbias.gb                        6.96343e-14
x4.vbn                                0.704614
x4.xbias.gc                                3.3
x4.vbp                                 2.28929
x4.xs1.nh                              1.36407
x4.y1                                        0
x4.y5                                        0
x4.xs1.nt                         -7.45529e-18
x4.xs2.nh                                  3.3
x4.y2                                      3.3
x4.xs2.nt                          4.83612e-10
x4.xs3.nh                                  3.3
x4.y3                                        0
x4.xs3.nt                          -4.9516e-38
x4.xs4.nh                                  3.3
x4.y4                                      3.3
x4.xs4.nt                          4.83612e-10
x4.xs5.nh                                  3.3
x4.xs5.nt                         -4.95143e-38
x4.nb1                                     3.3
x4.nb2                             2.87231e-09
clk4                                       3.3
x4.xcdec1.c_moscap_int1                   -3.3
x4.xcdec2.c_moscap_int1                   -3.3
x5.xbias.na                            0.85066
x5.xbias.vbpc                          2.22426
x5.xbias.nc                          0.0930409
x5.xbias.xrcg.11                     0.0928385
x5.xbias.xrcg.21                   0.000202407
x5.xbias.nsu                         0.0140136
x5.xbias.vfix                          1.65796
x5.xbias.nmd                          0.715851
x5.xbias.vbp0                          2.26731
x5.xbias.noff                         0.721001
x5.xbias.xroff.11                     0.720726
x5.xbias.xroff.21                  0.000274473
x5.xbias.nvi                           1.05366
x5.xbias.xrdeg.11                      1.05326
x5.xbias.xrdeg.21                  0.000401111
x5.xbias.b0b                       4.19734e-09
x5.xbias.b1b                               3.3
x5.xbias.b2b                               3.3
x5.xbias.vbn1                         0.746375
x5.xbias.ga                            2.26731
x5.xbias.vbp2                          2.25776
x5.xbias.gb                         6.9772e-14
x5.vbn                                0.711272
x5.xbias.gc                                3.3
x5.vbp                                 2.28209
x5.xs1.nh                              1.37031
x5.y1                                        0
x5.y5                                        0
x5.xs1.nt                         -1.38557e-17
x5.xs2.nh                                  3.3
x5.y2                                      3.3
x5.xs2.nt                           4.3921e-10
x5.xs3.nh                                  3.3
x5.y3                                        0
x5.xs3.nt                         -2.61834e-38
x5.xs4.nh                                  3.3
x5.y4                                      3.3
x5.xs4.nt                           4.3921e-10
x5.xs5.nh                                  3.3
x5.xs5.nt                         -2.61834e-38
x5.nb1                                     3.3
x5.nb2                             2.87231e-09
clk5                                       3.3
x5.xcdec1.c_moscap_int1                   -3.3
x5.xcdec2.c_moscap_int1                   -3.3
x6.xbias.na                            0.85066
x6.xbias.vbpc                          2.22426
x6.xbias.nc                          0.0930409
x6.xbias.xrcg.11                     0.0928385
x6.xbias.xrcg.21                   0.000202407
x6.xbias.nsu                         0.0140136
x6.xbias.vfix                          1.65796
x6.xbias.nmd                          0.715851
x6.xbias.vbp0                          2.25909
x6.xbias.noff                         0.720986
x6.xbias.xroff.11                     0.720712
x6.xbias.xroff.21                  0.000274467
x6.xbias.nvi                           1.28509
x6.xbias.xrdeg.11                       1.2846
x6.xbias.xrdeg.21                  0.000489211
x6.xbias.b0b                       4.19734e-09
x6.xbias.b1b                               3.3
x6.xbias.b2b                               3.3
x6.xbias.vbn1                         0.754343
x6.xbias.ga                            2.25909
x6.xbias.vbp2                          2.24935
x6.xbias.gb                        6.99002e-14
x6.vbn                                0.717412
x6.xbias.gc                                3.3
x6.vbp                                 2.27538
x6.xs1.nh                              1.37613
x6.y1                                        0
x6.y5                                        0
x6.xs1.nt                         -6.95869e-18
x6.xs2.nh                                  3.3
x6.y2                                      3.3
x6.xs2.nt                          4.03346e-10
x6.xs3.nh                                  3.3
x6.y3                                        0
x6.xs3.nt                          4.19581e-38
x6.xs4.nh                                  3.3
x6.y4                                      3.3
x6.xs4.nt                          4.03346e-10
x6.xs5.nh                                  3.3
x6.xs5.nt                          4.19581e-38
x6.nb1                                     3.3
x6.nb2                             2.87231e-09
clk6                                       3.3
x6.xcdec1.c_moscap_int1                   -3.3
x6.xcdec2.c_moscap_int1                   -3.3
x7.xbias.na                            0.85066
x7.xbias.vbpc                          2.22426
x7.xbias.nc                          0.0930409
x7.xbias.xrcg.11                     0.0928385
x7.xbias.xrcg.21                   0.000202407
x7.xbias.nsu                         0.0140136
x7.xbias.vfix                          1.65796
x7.xbias.nmd                          0.715851
x7.xbias.vbp0                          2.25134
x7.xbias.noff                         0.720972
x7.xbias.xroff.11                     0.720698
x7.xbias.xroff.21                  0.000274462
x7.xbias.nvi                           1.52018
x7.xbias.xrdeg.11                       1.5196
x7.xbias.xrdeg.21                  0.000578707
x7.xbias.b0b                       4.19734e-09
x7.xbias.b1b                               3.3
x7.xbias.b2b                               3.3
x7.xbias.vbn1                         0.761823
x7.xbias.ga                            2.25134
x7.xbias.vbp2                           2.2414
x7.xbias.gb                        7.00205e-14
x7.vbn                                0.723119
x7.xbias.gc                                3.3
x7.vbp                                 2.26908
x7.xs1.nh                              1.38161
x7.y1                                        0
x7.y5                                        0
x7.xs1.nt                          7.47995e-19
x7.xs2.nh                                  3.3
x7.y2                                      3.3
x7.xs2.nt                          3.73767e-10
x7.xs3.nh                                  3.3
x7.y3                                        0
x7.xs3.nt                         -4.47659e-38
x7.xs4.nh                                  3.3
x7.y4                                      3.3
x7.xs4.nt                          3.73767e-10
x7.xs5.nh                                  3.3
x7.xs5.nt                         -4.47659e-38
x7.nb1                                     3.3
x7.nb2                             2.87231e-09
clk7                                       3.3
x7.xcdec1.c_moscap_int1                   -3.3
x7.xcdec2.c_moscap_int1                   -3.3
e.x7.xcdec2.ec_moscap#branch                 0
e.x7.xcdec1.ec_moscap#branch                 0
e.x6.xcdec2.ec_moscap#branch                 0
e.x6.xcdec1.ec_moscap#branch                 0
e.x5.xcdec2.ec_moscap#branch                 0
e.x5.xcdec1.ec_moscap#branch                 0
e.x4.xcdec2.ec_moscap#branch                 0
e.x4.xcdec1.ec_moscap#branch                 0
e.x3.xcdec2.ec_moscap#branch                 0
e.x3.xcdec1.ec_moscap#branch                 0
e.x2.xcdec2.ec_moscap#branch                 0
e.x2.xcdec1.ec_moscap#branch                 0
e.x1.xcdec2.ec_moscap#branch                 0
e.x1.xcdec1.ec_moscap#branch                 0
vs7#branch                         6.77586e-05
vs6#branch                         6.19926e-05
vs5#branch                         5.63029e-05
vs4#branch                         5.07061e-05
vs3#branch                         4.52281e-05
vs2#branch                         3.99154e-05
vs1#branch                         3.48824e-05
vv7#branch                                   0
vv6#branch                                   0
vv5#branch                                   0
vv4#branch                                   0
vv3#branch                                   0
vv2#branch                                   0
vv1#branch                                   0
vb2#branch                                   0
vb1#branch                                   0
vb0#branch                                   0
vdd#branch                        -0.000356786

 Reference value :  0.00000e+00
 Reference value :  1.91276e-08
 Reference value :  3.67048e-08
 Reference value :  4.54425e-08
 Reference value :  4.88328e-08
 Reference value :  5.35919e-08
 Reference value :  5.94952e-08
 Reference value :  6.33781e-08
 Reference value :  7.47807e-08
 Reference value :  8.30263e-08
 Reference value :  1.01531e-07
 Reference value :  1.15839e-07
 Reference value :  1.27099e-07
 Reference value :  1.39255e-07
 Reference value :  1.49282e-07
 Reference value :  1.63755e-07
 Reference value :  1.73986e-07
 Reference value :  1.84717e-07
 Reference value :  1.97270e-07
 Reference value :  2.12386e-07
 Reference value :  2.31238e-07
 Reference value :  2.42055e-07
 Reference value :  2.59328e-07
 Reference value :  2.70307e-07
 Reference value :  2.81499e-07
 Reference value :  2.98193e-07
 Reference value :  3.08704e-07
 Reference value :  3.24789e-07
 Reference value :  3.36777e-07
 Reference value :  3.46291e-07
 Reference value :  3.60702e-07
 Reference value :  3.82589e-07
 Reference value :  3.95029e-07
 Reference value :  4.14859e-07
 Reference value :  4.33362e-07
 Reference value :  4.47623e-07
 Reference value :  4.57105e-07
 Reference value :  4.63940e-07
 Reference value :  4.72998e-07
 Reference value :  4.88485e-07
 Reference value :  4.97805e-07
 Reference value :  5.09188e-07
 Reference value :  5.15224e-07
 Reference value :  5.29640e-07
 Reference value :  5.45137e-07
 Reference value :  5.62101e-07
 Reference value :  5.84929e-07
 Reference value :  6.08246e-07
 Reference value :  6.30947e-07
 Reference value :  6.51272e-07
 Reference value :  6.74088e-07
 Reference value :  6.92913e-07
 Reference value :  7.18688e-07
 Reference value :  7.29080e-07
 Reference value :  7.34957e-07
 Reference value :  7.40891e-07
 Reference value :  7.63096e-07
 Reference value :  7.82132e-07
 Reference value :  7.98148e-07
 Reference value :  8.18079e-07
 Reference value :  8.40404e-07
 Reference value :  8.57952e-07
 Reference value :  8.70347e-07
 Reference value :  8.87761e-07
 Reference value :  9.08972e-07
 Reference value :  9.24214e-07
 Reference value :  9.36466e-07
 Reference value :  9.48391e-07
 Reference value :  9.58464e-07
 Reference value :  9.69577e-07
 Reference value :  9.81877e-07
 Reference value :  9.99008e-07
 Reference value :  1.00477e-06
 Reference value :  1.02385e-06
 Reference value :  1.03621e-06
 Reference value :  1.04594e-06
 Reference value :  1.06199e-06
 Reference value :  1.07691e-06
 Reference value :  1.08812e-06
 Reference value :  1.10646e-06
 Reference value :  1.11594e-06
 Reference value :  1.12988e-06
 Reference value :  1.13995e-06
 Reference value :  1.15538e-06
 Reference value :  1.17568e-06
 Reference value :  1.19013e-06
 Reference value :  1.20409e-06
 Reference value :  1.21449e-06
 Reference value :  1.22772e-06
 Reference value :  1.23917e-06
 Reference value :  1.26118e-06
 Reference value :  1.27652e-06
 Reference value :  1.29624e-06
 Reference value :  1.30956e-06
 Reference value :  1.32614e-06
 Reference value :  1.34384e-06
 Reference value :  1.35537e-06
 Reference value :  1.36935e-06
 Reference value :  1.38292e-06
 Reference value :  1.39855e-06
 Reference value :  1.40746e-06
 Reference value :  1.41941e-06
 Reference value :  1.43351e-06
 Reference value :  1.45502e-06
 Reference value :  1.47433e-06
 Reference value :  1.48596e-06
 Reference value :  1.49838e-06
 Reference value :  1.51385e-06
 Reference value :  1.53385e-06
 Reference value :  1.55654e-06
 Reference value :  1.57802e-06
 Reference value :  1.60084e-06
 Reference value :  1.62162e-06
 Reference value :  1.64490e-06
 Reference value :  1.65450e-06
 Reference value :  1.67608e-06
 Reference value :  1.69296e-06
 Reference value :  1.70919e-06
 Reference value :  1.72092e-06
 Reference value :  1.73549e-06
 Reference value :  1.74222e-06
 Reference value :  1.74956e-06
 Reference value :  1.76745e-06
 Reference value :  1.77766e-06
 Reference value :  1.79668e-06
 Reference value :  1.81638e-06
 Reference value :  1.83058e-06
 Reference value :  1.85454e-06
 Reference value :  1.87107e-06
 Reference value :  1.88992e-06
 Reference value :  1.91545e-06
 Reference value :  1.93760e-06
 Reference value :  1.95774e-06
 Reference value :  1.97832e-06
 Reference value :  1.99788e-06
 Reference value :  2.00649e-06
 Reference value :  2.01211e-06
 Reference value :  2.02458e-06
 Reference value :  2.05050e-06
 Reference value :  2.06941e-06
 Reference value :  2.09206e-06
 Reference value :  2.11236e-06
 Reference value :  2.12042e-06
 Reference value :  2.14879e-06
 Reference value :  2.16929e-06
 Reference value :  2.18523e-06
 Reference value :  2.20091e-06
 Reference value :  2.21404e-06
 Reference value :  2.22833e-06
 Reference value :  2.24606e-06
 Reference value :  2.26182e-06
 Reference value :  2.27390e-06
 Reference value :  2.29027e-06
No. of Data Rows : 4591

  Measurements for Transient Analysis

tp1                 =  6.494111e-07 targ=  1.624441e-06 trig=  9.750302e-07
tp2                 =  5.382956e-07 targ=  1.480602e-06 trig=  9.423063e-07
tp3                 =  4.561793e-07 targ=  1.368523e-06 trig=  9.123440e-07
tp4                 =  3.941677e-07 targ=  1.280958e-06 trig=  8.867899e-07
tp5                 =  3.457076e-07 targ=  1.211131e-06 trig=  8.654232e-07
tp6                 =  3.075412e-07 targ=  1.154373e-06 trig=  8.468319e-07
tp7                 =  2.766977e-07 targ=  1.175991e-06 trig=  8.992937e-07
f1                  =  6.15943e+06
f2                  =  7.43086e+06
f3                  =  8.76848e+06
f4                  =  1.01480e+07
f5                  =  1.15705e+07
f6                  =  1.30064e+07
f7                  =  1.44562e+07
i1                  =  4.826979e-05 from=  8.331323e-07 to=  2.291110e-06
i2                  =  5.459981e-05 from=  8.331323e-07 to=  2.291110e-06
i3                  =  6.031648e-05 from=  8.331323e-07 to=  2.291110e-06
i4                  =  6.666379e-05 from=  8.331323e-07 to=  2.291110e-06
i5                  =  7.310557e-05 from=  8.331323e-07 to=  2.291110e-06
i6                  =  7.962463e-05 from=  8.331323e-07 to=  2.291110e-06
i7                  =  8.495430e-05 from=  8.331323e-07 to=  2.291110e-06
sw1hi               =  3.356854e+00 at=  1.787157e-06
sw1lo               =  -5.221821e-02 at=  1.373424e-06
sw7hi               =  3.370831e+00 at=  1.315326e-06
sw7lo               =  -7.405514e-02 at=  1.623084e-06

ngspice-42 done

Using SPARSE 1.3 as Direct Linear Solver
