
Note: No compatibility mode selected!


Circuit: * vco-tuning-range @ fs_125c_3.30v_band2 -- generated by sim/harness, do not edit

Doing analysis at TEMP = 125.000000 and TNOM = 27.000000


Initial Transient Solution
--------------------------

Node                                   Voltage
----                                   -------
vdd                                        3.3
nb0                                          0
nb1                                        3.3
nb2                                          0
vc1                                        0.9
vc2                                        1.2
vc3                                        1.5
vc4                                        1.8
vc5                                        2.1
vc6                                        2.4
vc7                                        2.7
nv1                                        3.3
nv2                                        3.3
nv3                                        3.3
nv4                                        3.3
nv5                                        3.3
nv6                                        3.3
nv7                                        3.3
x1.xbias.na                           0.892592
x1.xbias.vbpc                          2.24214
x1.xbias.nc                           0.167749
x1.xbias.xrcg.11                      0.167484
x1.xbias.xrcg.21                   0.000264871
x1.xbias.nsu                        0.00869386
x1.xbias.vfix                          1.45728
x1.xbias.nmd                          0.626285
x1.xbias.vbp0                          2.45397
x1.xbias.noff                         0.663237
x1.xbias.xroff.11                     0.663054
x1.xbias.xroff.21                  0.000183074
x1.xbias.nvi                          0.284699
x1.xbias.xrdeg.11                     0.284621
x1.xbias.xrdeg.21                  7.85857e-05
x1.xbias.b0b                               3.3
x1.xbias.b1b                       1.26041e-08
x1.xbias.b2b                               3.3
x1.xbias.vbn1                         0.548172
x1.xbias.ga                                3.3
x1.xbias.vbp2                           2.3875
x1.xbias.gb                           0.548172
x1.vbn                                0.567393
x1.xbias.gc                                3.3
x1.vbp                                 2.43631
x1.xs1.nh                              1.24296
x1.y1                                        0
x1.y5                                        0
x1.xs1.nt                          1.44922e-17
x1.xs2.nh                                  3.3
x1.y2                                      3.3
x1.xs2.nt                          3.70824e-05
x1.xs3.nh                                  3.3
x1.y3                                        0
x1.xs3.nt                         -2.81735e-27
x1.xs4.nh                                  3.3
x1.y4                                      3.3
x1.xs4.nt                          3.70824e-05
x1.xs5.nh                                  3.3
x1.xs5.nt                         -2.81735e-27
x1.nb1                                     3.3
x1.nb2                              1.1196e-08
clk1                                       3.3
x1.xcdec1.c_moscap_int1                   -3.3
x1.xcdec2.c_moscap_int1                   -3.3
x2.xbias.na                           0.892592
x2.xbias.vbpc                          2.24214
x2.xbias.nc                           0.167749
x2.xbias.xrcg.11                      0.167484
x2.xbias.xrcg.21                   0.000264871
x2.xbias.nsu                        0.00869386
x2.xbias.vfix                          1.45728
x2.xbias.nmd                          0.626285
x2.xbias.vbp0                          2.43724
x2.xbias.noff                         0.663211
x2.xbias.xroff.11                     0.663028
x2.xbias.xroff.21                  0.000183066
x2.xbias.nvi                          0.483879
x2.xbias.xrdeg.11                     0.483745
x2.xbias.xrdeg.21                  0.000133565
x2.xbias.b0b                               3.3
x2.xbias.b1b                       1.26041e-08
x2.xbias.b2b                               3.3
x2.xbias.vbn1                         0.562041
x2.xbias.ga                                3.3
x2.xbias.vbp2                          2.36745
x2.xbias.gb                           0.562041
x2.vbn                                0.581256
x2.xbias.gc                                3.3
x2.vbp                                 2.42015
x2.xs1.nh                              1.25682
x2.y1                                        0
x2.y5                                        0
x2.xs1.nt                          1.06838e-17
x2.xs2.nh                                  3.3
x2.y2                                      3.3
x2.xs2.nt                          3.26912e-05
x2.xs3.nh                                  3.3
x2.y3                                        0
x2.xs3.nt                         -4.31315e-35
x2.xs4.nh                                  3.3
x2.y4                                      3.3
x2.xs4.nt                          3.26912e-05
x2.xs5.nh                                  3.3
x2.xs5.nt                         -4.31315e-35
x2.nb1                                     3.3
x2.nb2                              1.1196e-08
clk2                                       3.3
x2.xcdec1.c_moscap_int1                   -3.3
x2.xcdec2.c_moscap_int1                   -3.3
x3.xbias.na                           0.892592
x3.xbias.vbpc                          2.24214
x3.xbias.nc                           0.167749
x3.xbias.xrcg.11                      0.167484
x3.xbias.xrcg.21                   0.000264871
x3.xbias.nsu                        0.00869386
x3.xbias.vfix                          1.45728
x3.xbias.nmd                          0.626285
x3.xbias.vbp0                          2.42176
x3.xbias.noff                         0.663186
x3.xbias.xroff.11                     0.663003
x3.xbias.xroff.21                   0.00018306
x3.xbias.nvi                          0.693518
x3.xbias.xrdeg.11                     0.693326
x3.xbias.xrdeg.21                  0.000191432
x3.xbias.b0b                               3.3
x3.xbias.b1b                       1.26041e-08
x3.xbias.b2b                               3.3
x3.xbias.vbn1                           0.5748
x3.xbias.ga                                3.3
x3.xbias.vbp2                          2.34864
x3.xbias.gb                             0.5748
x3.vbn                                0.594035
x3.xbias.gc                                3.3
x3.vbp                                 2.40517
x3.xs1.nh                               1.2697
x3.y1                                        0
x3.y5                                        0
x3.xs1.nt                          1.88697e-22
x3.xs2.nh                                  3.3
x3.y2                                      3.3
x3.xs2.nt                          2.93143e-05
x3.xs3.nh                                  3.3
x3.y3                                        0
x3.xs3.nt                         -2.04208e-27
x3.xs4.nh                                  3.3
x3.y4                                      3.3
x3.xs4.nt                          2.93143e-05
x3.xs5.nh                                  3.3
x3.xs5.nt                         -2.04208e-27
x3.nb1                                     3.3
x3.nb2                              1.1196e-08
clk3                                       3.3
x3.xcdec1.c_moscap_int1                   -3.3
x3.xcdec2.c_moscap_int1                   -3.3
x4.xbias.na                           0.892592
x4.xbias.vbpc                          2.24214
x4.xbias.nc                           0.167749
x4.xbias.xrcg.11                      0.167484
x4.xbias.xrcg.21                   0.000264871
x4.xbias.nsu                        0.00869386
x4.xbias.vfix                          1.45728
x4.xbias.nmd                          0.626285
x4.xbias.vbp0                          2.40744
x4.xbias.noff                         0.663164
x4.xbias.xroff.11                     0.662981
x4.xbias.xroff.21                  0.000183053
x4.xbias.nvi                          0.910026
x4.xbias.xrdeg.11                     0.909775
x4.xbias.xrdeg.21                  0.000251195
x4.xbias.b0b                               3.3
x4.xbias.b1b                       1.26041e-08
x4.xbias.b2b                               3.3
x4.xbias.vbn1                         0.586543
x4.xbias.ga                                3.3
x4.xbias.vbp2                          2.33102
x4.xbias.gb                           0.586543
x4.vbn                                0.605816
x4.xbias.gc                                3.3
x4.vbp                                  2.3913
x4.xs1.nh                              1.28165
x4.y1                                        0
x4.y5                                        0
x4.xs1.nt                          2.04934e-22
x4.xs2.nh                                  3.3
x4.y2                                      3.3
x4.xs2.nt                          2.66637e-05
x4.xs3.nh                                  3.3
x4.y3                                        0
x4.xs3.nt                         -2.10551e-27
x4.xs4.nh                                  3.3
x4.y4                                      3.3
x4.xs4.nt                          2.66637e-05
x4.xs5.nh                                  3.3
x4.xs5.nt                         -2.10551e-27
x4.nb1                                     3.3
x4.nb2                              1.1196e-08
clk4                                       3.3
x4.xcdec1.c_moscap_int1                   -3.3
x4.xcdec2.c_moscap_int1                   -3.3
x5.xbias.na                           0.892592
x5.xbias.vbpc                          2.24214
x5.xbias.nc                           0.167749
x5.xbias.xrcg.11                      0.167484
x5.xbias.xrcg.21                   0.000264871
x5.xbias.nsu                        0.00869386
x5.xbias.vfix                          1.45728
x5.xbias.nmd                          0.626285
x5.xbias.vbp0                          2.39411
x5.xbias.noff                         0.663143
x5.xbias.xroff.11                      0.66296
x5.xbias.xroff.21                  0.000183048
x5.xbias.nvi                            1.1317
x5.xbias.xrdeg.11                      1.13139
x5.xbias.xrdeg.21                  0.000312383
x5.xbias.b0b                               3.3
x5.xbias.b1b                       1.26041e-08
x5.xbias.b2b                               3.3
x5.xbias.vbn1                         0.597428
x5.xbias.ga                                3.3
x5.xbias.vbp2                          2.31445
x5.xbias.gb                           0.597428
x5.vbn                                0.616754
x5.xbias.gc                                3.3
x5.vbp                                 2.37836
x5.xs1.nh                              1.29281
x5.y1                                        0
x5.y5                                        0
x5.xs1.nt                          1.22704e-22
x5.xs2.nh                                  3.3
x5.y2                                      3.3
x5.xs2.nt                          2.45322e-05
x5.xs3.nh                                  3.3
x5.y3                                        0
x5.xs3.nt                          2.81363e-35
x5.xs4.nh                                  3.3
x5.y4                                      3.3
x5.xs4.nt                          2.45322e-05
x5.xs5.nh                                  3.3
x5.xs5.nt                          2.81363e-35
x5.nb1                                     3.3
x5.nb2                              1.1196e-08
clk5                                       3.3
x5.xcdec1.c_moscap_int1                   -3.3
x5.xcdec2.c_moscap_int1                   -3.3
x6.xbias.na                           0.892592
x6.xbias.vbpc                          2.24214
x6.xbias.nc                           0.167749
x6.xbias.xrcg.11                      0.167484
x6.xbias.xrcg.21                   0.000264871
x6.xbias.nsu                        0.00869386
x6.xbias.vfix                          1.45728
x6.xbias.nmd                          0.626285
x6.xbias.vbp0                          2.38162
x6.xbias.noff                         0.663123
x6.xbias.xroff.11                      0.66294
x6.xbias.xroff.21                  0.000183042
x6.xbias.nvi                           1.35752
x6.xbias.xrdeg.11                      1.35715
x6.xbias.xrdeg.21                  0.000374718
x6.xbias.b0b                               3.3
x6.xbias.b1b                       1.26041e-08
x6.xbias.b2b                               3.3
x6.xbias.vbn1                         0.607597
x6.xbias.ga                                3.3
x6.xbias.vbp2                          2.29877
x6.xbias.gb                           0.607597
x6.vbn                                0.626985
x6.xbias.gc                                3.3
x6.vbp                                 2.36623
x6.xs1.nh                               1.3033
x6.y1                                        0
x6.y5                                        0
x6.xs1.nt                         -2.54281e-35
x6.xs2.nh                                  3.3
x6.y2                                      3.3
x6.xs2.nt                          2.27806e-05
x6.xs3.nh                                  3.3
x6.y3                                        0
x6.xs3.nt                          2.73641e-52
x6.xs4.nh                                  3.3
x6.y4                                      3.3
x6.xs4.nt                          2.27806e-05
x6.xs5.nh                                  3.3
x6.xs5.nt                          2.73641e-52
x6.nb1                                     3.3
x6.nb2                              1.1196e-08
clk6                                       3.3
x6.xcdec1.c_moscap_int1                   -3.3
x6.xcdec2.c_moscap_int1                   -3.3
x7.xbias.na                           0.892592
x7.xbias.vbpc                          2.24214
x7.xbias.nc                           0.167749
x7.xbias.xrcg.11                      0.167484
x7.xbias.xrcg.21                   0.000264871
x7.xbias.nsu                        0.00869386
x7.xbias.vfix                          1.45728
x7.xbias.nmd                          0.626285
x7.xbias.vbp0                          2.36983
x7.xbias.noff                         0.663104
x7.xbias.xroff.11                     0.662921
x7.xbias.xroff.21                  0.000183037
x7.xbias.nvi                           1.58681
x7.xbias.xrdeg.11                      1.58637
x7.xbias.xrdeg.21                  0.000438008
x7.xbias.b0b                               3.3
x7.xbias.b1b                       1.26041e-08
x7.xbias.b2b                               3.3
x7.xbias.vbn1                         0.617162
x7.xbias.ga                                3.3
x7.xbias.vbp2                          2.28384
x7.xbias.gb                           0.617162
x7.vbn                                0.636621
x7.xbias.gc                                3.3
x7.vbp                                 2.35476
x7.xs1.nh                              1.31322
x7.y1                                        0
x7.y5                                        0
x7.xs1.nt                           1.2474e-26
x7.xs2.nh                                  3.3
x7.y2                                      3.3
x7.xs2.nt                          2.13142e-05
x7.xs3.nh                                  3.3
x7.y3                                        0
x7.xs3.nt                          8.80146e-36
x7.xs4.nh                                  3.3
x7.y4                                      3.3
x7.xs4.nt                          2.13142e-05
x7.xs5.nh                                  3.3
x7.xs5.nt                          8.80146e-36
x7.nb1                                     3.3
x7.nb2                              1.1196e-08
clk7                                       3.3
x7.xcdec1.c_moscap_int1                   -3.3
x7.xcdec2.c_moscap_int1                   -3.3
e.x7.xcdec2.ec_moscap#branch                 0
e.x7.xcdec1.ec_moscap#branch                 0
e.x6.xcdec2.ec_moscap#branch                 0
e.x6.xcdec1.ec_moscap#branch                 0
e.x5.xcdec2.ec_moscap#branch                 0
e.x5.xcdec1.ec_moscap#branch                 0
e.x4.xcdec2.ec_moscap#branch                 0
e.x4.xcdec1.ec_moscap#branch                 0
e.x3.xcdec2.ec_moscap#branch                 0
e.x3.xcdec1.ec_moscap#branch                 0
e.x2.xcdec2.ec_moscap#branch                 0
e.x2.xcdec1.ec_moscap#branch                 0
e.x1.xcdec2.ec_moscap#branch                 0
e.x1.xcdec1.ec_moscap#branch                 0
vs7#branch                         0.000110177
vs6#branch                         0.000101749
vs5#branch                         9.34209e-05
vs4#branch                         8.52157e-05
vs3#branch                         7.71675e-05
vs2#branch                         6.93363e-05
vs1#branch                         6.18526e-05
vv7#branch                                   0
vv6#branch                                   0
vv5#branch                                   0
vv4#branch                                   0
vv3#branch                                   0
vv2#branch                                   0
vv1#branch                                   0
vb2#branch                                   0
vb1#branch                                   0
vb0#branch                                   0
vdd#branch                        -0.000598919

 Reference value :  0.00000e+00
 Reference value :  6.03456e-09
 Reference value :  1.32335e-08
 Reference value :  1.77083e-08
 Reference value :  2.26782e-08
 Reference value :  2.87430e-08
 Reference value :  3.50459e-08
 Reference value :  3.95206e-08
 Reference value :  5.06359e-08
 Reference value :  5.39847e-08
 Reference value :  5.94059e-08
 Reference value :  6.12722e-08
 Reference value :  6.69498e-08
 Reference value :  7.20794e-08
 Reference value :  7.62606e-08
 Reference value :  8.38418e-08
 Reference value :  8.97001e-08
 Reference value :  9.52130e-08
 Reference value :  1.03587e-07
 Reference value :  1.09211e-07
 Reference value :  1.17156e-07
 Reference value :  1.23420e-07
 Reference value :  1.29113e-07
 Reference value :  1.36571e-07
 Reference value :  1.40980e-07
 Reference value :  1.45261e-07
 Reference value :  1.49087e-07
 Reference value :  1.54393e-07
 Reference value :  1.59937e-07
 Reference value :  1.70318e-07
 Reference value :  1.79283e-07
 Reference value :  1.81503e-07
 Reference value :  1.88503e-07
 Reference value :  1.97580e-07
 Reference value :  2.04360e-07
 Reference value :  2.11728e-07
 Reference value :  2.19549e-07
 Reference value :  2.28985e-07
 Reference value :  2.39607e-07
 Reference value :  2.42894e-07
 Reference value :  2.52731e-07
 Reference value :  2.65583e-07
 Reference value :  2.76052e-07
 Reference value :  2.83986e-07
 Reference value :  2.93706e-07
 Reference value :  2.97385e-07
 Reference value :  3.05164e-07
 Reference value :  3.11611e-07
 Reference value :  3.18511e-07
 Reference value :  3.27232e-07
 Reference value :  3.36225e-07
 Reference value :  3.42857e-07
 Reference value :  3.52409e-07
 Reference value :  3.55864e-07
 Reference value :  3.63336e-07
 Reference value :  3.79025e-07
 Reference value :  3.86313e-07
 Reference value :  3.98986e-07
 Reference value :  4.11400e-07
 Reference value :  4.20552e-07
 Reference value :  4.30017e-07
 Reference value :  4.40889e-07
 Reference value :  4.53079e-07
 Reference value :  4.62481e-07
 Reference value :  4.70554e-07
 Reference value :  4.80845e-07
 Reference value :  4.90296e-07
 Reference value :  5.01749e-07
 Reference value :  5.12618e-07
 Reference value :  5.19328e-07
 Reference value :  5.24218e-07
 Reference value :  5.26502e-07
 Reference value :  5.34881e-07
 Reference value :  5.42116e-07
 Reference value :  5.46605e-07
 Reference value :  5.54661e-07
 Reference value :  5.63112e-07
 Reference value :  5.66622e-07
 Reference value :  5.70495e-07
 Reference value :  5.79326e-07
 Reference value :  5.86434e-07
 Reference value :  5.90713e-07
 Reference value :  5.99236e-07
 Reference value :  6.08890e-07
 Reference value :  6.21391e-07
 Reference value :  6.30166e-07
 Reference value :  6.37642e-07
 Reference value :  6.45400e-07
 Reference value :  6.54187e-07
 Reference value :  6.62324e-07
 Reference value :  6.68536e-07
 Reference value :  6.77431e-07
 Reference value :  6.83337e-07
 Reference value :  6.92166e-07
 Reference value :  7.01400e-07
 Reference value :  7.07686e-07
 Reference value :  7.16698e-07
 Reference value :  7.25209e-07
 Reference value :  7.32477e-07
 Reference value :  7.40508e-07
 Reference value :  7.48277e-07
 Reference value :  7.53332e-07
 Reference value :  7.61759e-07
 Reference value :  7.70979e-07
 Reference value :  7.77236e-07
 Reference value :  7.81866e-07
 Reference value :  7.90731e-07
 Reference value :  8.05375e-07
 Reference value :  8.12156e-07
 Reference value :  8.23735e-07
 Reference value :  8.30071e-07
 Reference value :  8.35705e-07
 Reference value :  8.46024e-07
 Reference value :  8.52045e-07
 Reference value :  8.59136e-07
 Reference value :  8.63582e-07
 Reference value :  8.67239e-07
 Reference value :  8.74635e-07
 Reference value :  8.80662e-07
 Reference value :  8.86042e-07
 Reference value :  8.93069e-07
 Reference value :  9.03085e-07
 Reference value :  9.07885e-07
 Reference value :  9.11020e-07
 Reference value :  9.17906e-07
 Reference value :  9.20656e-07
 Reference value :  9.26450e-07
 Reference value :  9.36575e-07
 Reference value :  9.44600e-07
 Reference value :  9.52198e-07
 Reference value :  9.56783e-07
 Reference value :  9.61608e-07
 Reference value :  9.70572e-07
 Reference value :  9.74328e-07
 Reference value :  9.81674e-07
 Reference value :  9.90579e-07
 Reference value :  9.98940e-07
 Reference value :  1.00955e-06
 Reference value :  1.02356e-06
 Reference value :  1.02998e-06
 Reference value :  1.03634e-06
 Reference value :  1.04641e-06
 Reference value :  1.05561e-06
 Reference value :  1.06145e-06
 Reference value :  1.06516e-06
 Reference value :  1.06859e-06
 Reference value :  1.07485e-06
 Reference value :  1.07923e-06
 Reference value :  1.08267e-06
 Reference value :  1.08641e-06
 Reference value :  1.09232e-06
 Reference value :  1.10194e-06
 Reference value :  1.10916e-06
 Reference value :  1.11398e-06
 Reference value :  1.12451e-06
 Reference value :  1.12858e-06
 Reference value :  1.13623e-06
 Reference value :  1.14569e-06
 Reference value :  1.14906e-06
 Reference value :  1.15281e-06
 Reference value :  1.15837e-06
 Reference value :  1.16355e-06
 Reference value :  1.16897e-06
 Reference value :  1.17533e-06
 Reference value :  1.18502e-06
 Reference value :  1.19145e-06
 Reference value :  1.19858e-06
 Reference value :  1.20636e-06
 Reference value :  1.21274e-06
 Reference value :  1.22222e-06
 Reference value :  1.23044e-06
No. of Data Rows : 4564

  Measurements for Transient Analysis

tp1                 =  3.411975e-07 targ=  8.531486e-07 trig=  5.119511e-07
tp2                 =  2.829813e-07 targ=  7.785939e-07 trig=  4.956126e-07
tp3                 =  2.396684e-07 targ=  7.197227e-07 trig=  4.800544e-07
tp4                 =  2.069861e-07 targ=  6.732508e-07 trig=  4.662647e-07
tp5                 =  1.814744e-07 targ=  6.356653e-07 trig=  4.541909e-07
tp6                 =  1.611626e-07 targ=  6.450855e-07 trig=  4.839230e-07
tp7                 =  1.445793e-07 targ=  6.149572e-07 trig=  4.703779e-07
f1                  =  1.17234e+07
f2                  =  1.41352e+07
f3                  =  1.66897e+07
f4                  =  1.93250e+07
f5                  =  2.20417e+07
f6                  =  2.48197e+07
f7                  =  2.76665e+07
i1                  =  7.964196e-05 from=  4.481205e-07 to=  1.232330e-06
i2                  =  8.912102e-05 from=  4.481205e-07 to=  1.232330e-06
i3                  =  9.879658e-05 from=  4.481205e-07 to=  1.232330e-06
i4                  =  1.080660e-04 from=  4.481205e-07 to=  1.232330e-06
i5                  =  1.186723e-04 from=  4.481205e-07 to=  1.232330e-06
i6                  =  1.284672e-04 from=  4.481205e-07 to=  1.232330e-06
i7                  =  1.394104e-04 from=  4.481205e-07 to=  1.232330e-06
sw1hi               =  3.400729e+00 at=  1.194553e-06
sw1lo               =  -9.872057e-02 at=  6.363447e-07
sw7hi               =  3.428288e+00 at=  8.322619e-07
sw7lo               =  -1.243800e-01 at=  4.512014e-07

ngspice-42 done

Using SPARSE 1.3 as Direct Linear Solver
