
Note: No compatibility mode selected!


Circuit: * vco-tuning-range @ sf_27c_3.30v_band5 -- generated by sim/harness, do not edit

Doing analysis at TEMP = 27.000000 and TNOM = 27.000000


Initial Transient Solution
--------------------------

Node                                   Voltage
----                                   -------
vdd                                        3.3
nb0                                        3.3
nb1                                          0
nb2                                        3.3
vc1                                        0.9
vc2                                        1.2
vc3                                        1.5
vc4                                        1.8
vc5                                        2.1
vc6                                        2.4
vc7                                        2.7
nv1                                        3.3
nv2                                        3.3
nv3                                        3.3
nv4                                        3.3
nv5                                        3.3
nv6                                        3.3
nv7                                        3.3
x1.xbias.na                            1.03153
x1.xbias.vbpc                           2.4217
x1.xbias.nc                           0.124404
x1.xbias.xrcg.11                      0.124168
x1.xbias.xrcg.21                    0.00023575
x1.xbias.nsu                         0.0148146
x1.xbias.vfix                          1.95393
x1.xbias.nmd                          0.839378
x1.xbias.vbp0                           2.5443
x1.xbias.noff                          0.84569
x1.xbias.xroff.11                      0.84541
x1.xbias.xroff.21                   0.00028031
x1.xbias.nvi                          0.129988
x1.xbias.xrdeg.11                     0.129945
x1.xbias.xrdeg.21                  4.30856e-05
x1.xbias.b0b                       6.13674e-09
x1.xbias.b1b                               3.3
x1.xbias.b2b                       6.13674e-09
x1.xbias.vbn1                         0.822446
x1.xbias.ga                             2.5443
x1.xbias.vbp2                          2.53235
x1.xbias.gb                        1.87406e-12
x1.vbn                                0.931448
x1.xbias.gc                            2.53235
x1.vbp                                 2.40219
x1.xs1.nh                              1.23129
x1.y1                                        0
x1.y5                                        0
x1.xs1.nt                         -3.17954e-18
x1.xs2.nh                                  3.3
x1.y2                                      3.3
x1.xs2.nt                          8.83669e-10
x1.xs3.nh                                  3.3
x1.y3                                        0
x1.xs3.nt                          3.94435e-46
x1.xs4.nh                                  3.3
x1.y4                                      3.3
x1.xs4.nt                          8.83669e-10
x1.xs5.nh                                  3.3
x1.xs5.nt                          3.94435e-46
x1.nb1                                     3.3
x1.nb2                             4.38502e-09
clk1                                       3.3
x1.xcdec1.c_moscap_int1                   -3.3
x1.xcdec2.c_moscap_int1                   -3.3
x2.xbias.na                            1.03153
x2.xbias.vbpc                           2.4217
x2.xbias.nc                           0.124404
x2.xbias.xrcg.11                      0.124168
x2.xbias.xrcg.21                    0.00023575
x2.xbias.nsu                         0.0148146
x2.xbias.vfix                          1.95393
x2.xbias.nmd                          0.839378
x2.xbias.vbp0                          2.53265
x2.xbias.noff                         0.845672
x2.xbias.xroff.11                     0.845391
x2.xbias.xroff.21                  0.000280304
x2.xbias.nvi                          0.317188
x2.xbias.xrdeg.11                     0.317082
x2.xbias.xrdeg.21                  0.000105134
x2.xbias.b0b                       6.13674e-09
x2.xbias.b1b                               3.3
x2.xbias.b2b                       6.13674e-09
x2.xbias.vbn1                         0.834559
x2.xbias.ga                            2.53265
x2.xbias.vbp2                          2.52054
x2.xbias.gb                        1.87812e-12
x2.vbn                                 0.94944
x2.xbias.gc                            2.52054
x2.vbp                                 2.38254
x2.xs1.nh                               1.2487
x2.y1                                        0
x2.y5                                        0
x2.xs1.nt                         -5.91125e-18
x2.xs2.nh                                  3.3
x2.y2                                      3.3
x2.xs2.nt                          7.97605e-10
x2.xs3.nh                                  3.3
x2.y3                                        0
x2.xs3.nt                          1.39915e-59
x2.xs4.nh                                  3.3
x2.y4                                      3.3
x2.xs4.nt                          7.97605e-10
x2.xs5.nh                                  3.3
x2.xs5.nt                          1.39915e-59
x2.nb1                                     3.3
x2.nb2                             4.38502e-09
clk2                                       3.3
x2.xcdec1.c_moscap_int1                   -3.3
x2.xcdec2.c_moscap_int1                   -3.3
x3.xbias.na                            1.03153
x3.xbias.vbpc                           2.4217
x3.xbias.nc                           0.124404
x3.xbias.xrcg.11                      0.124168
x3.xbias.xrcg.21                    0.00023575
x3.xbias.nsu                         0.0148146
x3.xbias.vfix                          1.95393
x3.xbias.nmd                          0.839378
x3.xbias.vbp0                          2.52141
x3.xbias.noff                         0.845653
x3.xbias.xroff.11                     0.845373
x3.xbias.xroff.21                  0.000280298
x3.xbias.nvi                          0.521061
x3.xbias.xrdeg.11                     0.520888
x3.xbias.xrdeg.21                  0.000172709
x3.xbias.b0b                       6.13674e-09
x3.xbias.b1b                               3.3
x3.xbias.b2b                       6.13674e-09
x3.xbias.vbn1                         0.846296
x3.xbias.ga                            2.52141
x3.xbias.vbp2                          2.50911
x3.xbias.gb                        1.88228e-12
x3.vbn                                0.967265
x3.xbias.gc                            2.50911
x3.vbp                                 2.36299
x3.xs1.nh                              1.26606
x3.y1                                        0
x3.y5                                        0
x3.xs1.nt                          3.00257e-27
x3.xs2.nh                                  3.3
x3.y2                                      3.3
x3.xs2.nt                          7.26577e-10
x3.xs3.nh                                  3.3
x3.y3                                        0
x3.xs3.nt                         -5.07555e-60
x3.xs4.nh                                  3.3
x3.y4                                      3.3
x3.xs4.nt                          7.26577e-10
x3.xs5.nh                                  3.3
x3.xs5.nt                         -5.07555e-60
x3.nb1                                     3.3
x3.nb2                             4.38502e-09
clk3                                       3.3
x3.xcdec1.c_moscap_int1                   -3.3
x3.xcdec2.c_moscap_int1                   -3.3
x4.xbias.na                            1.03153
x4.xbias.vbpc                           2.4217
x4.xbias.nc                           0.124404
x4.xbias.xrcg.11                      0.124168
x4.xbias.xrcg.21                    0.00023575
x4.xbias.nsu                         0.0148146
x4.xbias.vfix                          1.95393
x4.xbias.nmd                          0.839378
x4.xbias.vbp0                          2.51086
x4.xbias.noff                         0.845636
x4.xbias.xroff.11                     0.845356
x4.xbias.xroff.21                  0.000280292
x4.xbias.nvi                          0.733887
x4.xbias.xrdeg.11                     0.733644
x4.xbias.xrdeg.21                  0.000243252
x4.xbias.b0b                       6.13674e-09
x4.xbias.b1b                               3.3
x4.xbias.b2b                       6.13674e-09
x4.xbias.vbn1                          0.85735
x4.xbias.ga                            2.51086
x4.xbias.vbp2                          2.49836
x4.xbias.gb                        1.88598e-12
x4.vbn                                0.984399
x4.xbias.gc                            2.49836
x4.vbp                                 2.34414
x4.xs1.nh                              1.28283
x4.y1                                        0
x4.y5                                        0
x4.xs1.nt                         -2.49387e-27
x4.xs2.nh                                  3.3
x4.y2                                      3.3
x4.xs2.nt                          6.68838e-10
x4.xs3.nh                                  3.3
x4.y3                                        0
x4.xs3.nt                           4.5965e-60
x4.xs4.nh                                  3.3
x4.y4                                      3.3
x4.xs4.nt                          6.68838e-10
x4.xs5.nh                                  3.3
x4.xs5.nt                           4.5965e-60
x4.nb1                                     3.3
x4.nb2                             4.38502e-09
clk4                                       3.3
x4.xcdec1.c_moscap_int1                   -3.3
x4.xcdec2.c_moscap_int1                   -3.3
x5.xbias.na                            1.03153
x5.xbias.vbpc                           2.4217
x5.xbias.nc                           0.124404
x5.xbias.xrcg.11                      0.124168
x5.xbias.xrcg.21                    0.00023575
x5.xbias.nsu                         0.0148146
x5.xbias.vfix                          1.95393
x5.xbias.nmd                          0.839378
x5.xbias.vbp0                          2.50097
x5.xbias.noff                          0.84562
x5.xbias.xroff.11                      0.84534
x5.xbias.xroff.21                  0.000280287
x5.xbias.nvi                          0.952979
x5.xbias.xrdeg.11                     0.952663
x5.xbias.xrdeg.21                  0.000315872
x5.xbias.b0b                       6.13674e-09
x5.xbias.b1b                               3.3
x5.xbias.b2b                       6.13674e-09
x5.xbias.vbn1                         0.867749
x5.xbias.ga                            2.50097
x5.xbias.vbp2                          2.48826
x5.xbias.gb                        1.88946e-12
x5.vbn                                 1.00082
x5.xbias.gc                            2.48826
x5.vbp                                 2.32604
x5.xs1.nh                              1.29896
x5.y1                                        0
x5.y5                                        0
x5.xs1.nt                         -8.74784e-18
x5.xs2.nh                                  3.3
x5.y2                                      3.3
x5.xs2.nt                          6.21294e-10
x5.xs3.nh                                  3.3
x5.y3                                        0
x5.xs3.nt                          3.70214e-34
x5.xs4.nh                                  3.3
x5.y4                                      3.3
x5.xs4.nt                          6.21294e-10
x5.xs5.nh                                  3.3
x5.xs5.nt                          3.70214e-34
x5.nb1                                     3.3
x5.nb2                             4.38502e-09
clk5                                       3.3
x5.xcdec1.c_moscap_int1                   -3.3
x5.xcdec2.c_moscap_int1                   -3.3
x6.xbias.na                            1.03153
x6.xbias.vbpc                           2.4217
x6.xbias.nc                           0.124404
x6.xbias.xrcg.11                      0.124168
x6.xbias.xrcg.21                    0.00023575
x6.xbias.nsu                         0.0148146
x6.xbias.vfix                          1.95393
x6.xbias.nmd                          0.839378
x6.xbias.vbp0                          2.49165
x6.xbias.noff                         0.845605
x6.xbias.xroff.11                     0.845325
x6.xbias.xroff.21                  0.000280282
x6.xbias.nvi                           1.17696
x6.xbias.xrdeg.11                      1.17657
x6.xbias.xrdeg.21                  0.000390111
x6.xbias.b0b                       6.13674e-09
x6.xbias.b1b                               3.3
x6.xbias.b2b                       6.13674e-09
x6.xbias.vbn1                         0.877568
x6.xbias.ga                            2.49165
x6.xbias.vbp2                          2.47872
x6.xbias.gb                        1.89274e-12
x6.vbn                                 1.01658
x6.xbias.gc                            2.47872
x6.vbp                                 2.30865
x6.xs1.nh                              1.31448
x6.y1                                        0
x6.y5                                        0
x6.xs1.nt                         -6.86255e-27
x6.xs2.nh                                  3.3
x6.y2                                      3.3
x6.xs2.nt                          5.81515e-10
x6.xs3.nh                                  3.3
x6.y3                                        0
x6.xs3.nt                         -1.06776e-59
x6.xs4.nh                                  3.3
x6.y4                                      3.3
x6.xs4.nt                          5.81515e-10
x6.xs5.nh                                  3.3
x6.xs5.nt                         -1.06776e-59
x6.nb1                                     3.3
x6.nb2                             4.38502e-09
clk6                                       3.3
x6.xcdec1.c_moscap_int1                   -3.3
x6.xcdec2.c_moscap_int1                   -3.3
x7.xbias.na                            1.03153
x7.xbias.vbpc                           2.4217
x7.xbias.nc                           0.124404
x7.xbias.xrcg.11                      0.124168
x7.xbias.xrcg.21                    0.00023575
x7.xbias.nsu                         0.0148146
x7.xbias.vfix                          1.95393
x7.xbias.nmd                          0.839378
x7.xbias.vbp0                          2.48283
x7.xbias.noff                         0.845591
x7.xbias.xroff.11                      0.84531
x7.xbias.xroff.21                  0.000280277
x7.xbias.nvi                           1.40496
x7.xbias.xrdeg.11                       1.4045
x7.xbias.xrdeg.21                  0.000465685
x7.xbias.b0b                       6.13674e-09
x7.xbias.b1b                               3.3
x7.xbias.b2b                       6.13674e-09
x7.xbias.vbn1                         0.886881
x7.xbias.ga                            2.48283
x7.xbias.vbp2                          2.46968
x7.xbias.gb                        1.89584e-12
x7.vbn                                 1.03177
x7.xbias.gc                            2.46968
x7.vbp                                 2.29189
x7.xs1.nh                              1.32946
x7.y1                                        0
x7.y5                                        0
x7.xs1.nt                         -3.05136e-29
x7.xs2.nh                                  3.3
x7.y2                                      3.3
x7.xs2.nt                          5.47729e-10
x7.xs3.nh                                  3.3
x7.y3                                        0
x7.xs3.nt                         -3.37804e-60
x7.xs4.nh                                  3.3
x7.y4                                      3.3
x7.xs4.nt                          5.47729e-10
x7.xs5.nh                                  3.3
x7.xs5.nt                         -3.37804e-60
x7.nb1                                     3.3
x7.nb2                             4.38502e-09
clk7                                       3.3
x7.xcdec1.c_moscap_int1                   -3.3
x7.xcdec2.c_moscap_int1                   -3.3
e.x7.xcdec2.ec_moscap#branch                 0
e.x7.xcdec1.ec_moscap#branch                 0
e.x6.xcdec2.ec_moscap#branch                 0
e.x6.xcdec1.ec_moscap#branch                 0
e.x5.xcdec2.ec_moscap#branch                 0
e.x5.xcdec1.ec_moscap#branch                 0
e.x4.xcdec2.ec_moscap#branch                 0
e.x4.xcdec1.ec_moscap#branch                 0
e.x3.xcdec2.ec_moscap#branch                 0
e.x3.xcdec1.ec_moscap#branch                 0
e.x2.xcdec2.ec_moscap#branch                 0
e.x2.xcdec1.ec_moscap#branch                 0
e.x1.xcdec2.ec_moscap#branch                 0
e.x1.xcdec1.ec_moscap#branch                 0
vs7#branch                         0.000186668
vs6#branch                         0.000170242
vs5#branch                         0.000154037
vs4#branch                         0.000138111
vs3#branch                         0.000122557
vs2#branch                         0.000107566
vs1#branch                         9.36952e-05
vv7#branch                                   0
vv6#branch                                   0
vv5#branch                                   0
vv4#branch                                   0
vv3#branch                                   0
vv2#branch                                   0
vv1#branch                                   0
vb2#branch                                   0
vb1#branch                                   0
vb0#branch                                   0
vdd#branch                        -0.000972875

 Reference value :  0.00000e+00
 Reference value :  1.60645e-09
 Reference value :  4.56728e-09
 Reference value :  5.96327e-09
 Reference value :  6.59591e-09
 Reference value :  8.52154e-09
 Reference value :  1.02165e-08
 Reference value :  1.26259e-08
 Reference value :  1.44939e-08
 Reference value :  1.61461e-08
 Reference value :  1.85226e-08
 Reference value :  2.09359e-08
 Reference value :  2.25860e-08
 Reference value :  2.54255e-08
 Reference value :  2.76740e-08
 Reference value :  2.93343e-08
 Reference value :  3.12696e-08
 Reference value :  3.35633e-08
 Reference value :  3.54634e-08
 Reference value :  3.67515e-08
 Reference value :  3.86110e-08
 Reference value :  4.04112e-08
 Reference value :  4.21132e-08
 Reference value :  4.40361e-08
 Reference value :  4.61024e-08
 Reference value :  4.78017e-08
 Reference value :  4.97512e-08
 Reference value :  5.15096e-08
 Reference value :  5.31465e-08
 Reference value :  5.45348e-08
 Reference value :  5.64517e-08
 Reference value :  5.73153e-08
 Reference value :  5.96671e-08
 Reference value :  6.08341e-08
 Reference value :  6.18507e-08
 Reference value :  6.35647e-08
 Reference value :  6.62673e-08
 Reference value :  6.84500e-08
 Reference value :  7.05190e-08
 Reference value :  7.24785e-08
 Reference value :  7.41260e-08
 Reference value :  7.54788e-08
 Reference value :  7.82345e-08
 Reference value :  7.99375e-08
 Reference value :  8.24426e-08
 Reference value :  8.42314e-08
 Reference value :  8.60770e-08
 Reference value :  8.91308e-08
 Reference value :  9.09265e-08
 Reference value :  9.35880e-08
 Reference value :  9.54027e-08
 Reference value :  9.83671e-08
 Reference value :  9.97156e-08
 Reference value :  1.00652e-07
 Reference value :  1.02631e-07
 Reference value :  1.03182e-07
 Reference value :  1.03991e-07
 Reference value :  1.04957e-07
 Reference value :  1.05413e-07
 Reference value :  1.07405e-07
 Reference value :  1.09805e-07
 Reference value :  1.13320e-07
 Reference value :  1.15390e-07
 Reference value :  1.16485e-07
 Reference value :  1.18424e-07
 Reference value :  1.19481e-07
 Reference value :  1.21680e-07
 Reference value :  1.24576e-07
 Reference value :  1.26698e-07
 Reference value :  1.29216e-07
 Reference value :  1.31953e-07
 Reference value :  1.33007e-07
 Reference value :  1.36107e-07
 Reference value :  1.39351e-07
 Reference value :  1.42528e-07
 Reference value :  1.46089e-07
 Reference value :  1.48498e-07
 Reference value :  1.50071e-07
 Reference value :  1.52543e-07
 Reference value :  1.55306e-07
 Reference value :  1.57335e-07
 Reference value :  1.59514e-07
 Reference value :  1.62212e-07
 Reference value :  1.66231e-07
 Reference value :  1.68931e-07
 Reference value :  1.72386e-07
 Reference value :  1.74312e-07
 Reference value :  1.77052e-07
 Reference value :  1.79474e-07
 Reference value :  1.82512e-07
 Reference value :  1.84890e-07
 Reference value :  1.87137e-07
 Reference value :  1.89352e-07
 Reference value :  1.91669e-07
 Reference value :  1.94118e-07
 Reference value :  1.96651e-07
 Reference value :  1.98864e-07
 Reference value :  2.01317e-07
 Reference value :  2.03433e-07
 Reference value :  2.05990e-07
 Reference value :  2.08008e-07
 Reference value :  2.09897e-07
 Reference value :  2.12335e-07
 Reference value :  2.15558e-07
 Reference value :  2.18451e-07
 Reference value :  2.21886e-07
 Reference value :  2.24721e-07
 Reference value :  2.27021e-07
 Reference value :  2.28702e-07
 Reference value :  2.29583e-07
 Reference value :  2.30549e-07
 Reference value :  2.31071e-07
 Reference value :  2.31578e-07
 Reference value :  2.32291e-07
 Reference value :  2.33436e-07
 Reference value :  2.35978e-07
 Reference value :  2.38558e-07
 Reference value :  2.40855e-07
 Reference value :  2.43494e-07
 Reference value :  2.46830e-07
 Reference value :  2.49541e-07
 Reference value :  2.51427e-07
 Reference value :  2.54135e-07
 Reference value :  2.56666e-07
 Reference value :  2.59084e-07
 Reference value :  2.60821e-07
 Reference value :  2.63701e-07
 Reference value :  2.66734e-07
 Reference value :  2.68419e-07
 Reference value :  2.71796e-07
 Reference value :  2.73781e-07
 Reference value :  2.77161e-07
No. of Data Rows : 4475

  Measurements for Transient Analysis

tp1                 =  7.934291e-08 targ=  1.987463e-07 trig=  1.194034e-07
tp2                 =  6.629938e-08 targ=  1.826826e-07 trig=  1.163832e-07
tp3                 =  5.605766e-08 targ=  1.685736e-07 trig=  1.125159e-07
tp4                 =  4.817712e-08 targ=  1.568964e-07 trig=  1.087193e-07
tp5                 =  4.195132e-08 targ=  1.471665e-07 trig=  1.052152e-07
tp6                 =  3.696797e-08 targ=  1.389766e-07 trig=  1.020087e-07
tp7                 =  3.291531e-08 targ=  1.402216e-07 trig=  1.073063e-07
f1                  =  5.04141e+07
f2                  =  6.03324e+07
f3                  =  7.13551e+07
f4                  =  8.30270e+07
f5                  =  9.53486e+07
f6                  =  1.08202e+08
f7                  =  1.21524e+08
i1                  =  1.289488e-04 from=  1.009525e-07 to=  2.776190e-07
i2                  =  1.477330e-04 from=  1.009525e-07 to=  2.776190e-07
i3                  =  1.678722e-04 from=  1.009525e-07 to=  2.776190e-07
i4                  =  1.892252e-04 from=  1.009525e-07 to=  2.776190e-07
i5                  =  2.090979e-04 from=  1.009525e-07 to=  2.776190e-07
i6                  =  2.318651e-04 from=  1.009525e-07 to=  2.776190e-07
i7                  =  2.534432e-04 from=  1.009525e-07 to=  2.776190e-07
sw1hi               =  3.348862e+00 at=  2.583556e-07
sw1lo               =  -1.183470e-01 at=  1.489573e-07
sw7hi               =  3.393232e+00 at=  2.637011e-07
sw7lo               =  -1.433885e-01 at=  2.430624e-07

ngspice-42 done

Using SPARSE 1.3 as Direct Linear Solver
