
Note: No compatibility mode selected!


Circuit: * vco-tuning-range @ ss_-40c_3.63v_band7 -- generated by sim/harness, do not edit

Doing analysis at TEMP = -40.000000 and TNOM = 27.000000


Initial Transient Solution
--------------------------

Node                                   Voltage
----                                   -------
vdd                                       3.63
nb0                                       3.63
nb1                                       3.63
nb2                                       3.63
vc1                                        0.9
vc2                                        1.2
vc3                                        1.5
vc4                                        1.8
vc5                                        2.1
vc6                                        2.4
vc7                                        2.7
nv1                                       3.63
nv2                                       3.63
nv3                                       3.63
nv4                                       3.63
nv5                                       3.63
nv6                                       3.63
nv7                                       3.63
x1.xbias.na                            1.05594
x1.xbias.vbpc                          2.51414
x1.xbias.nc                          0.0981219
x1.xbias.xrcg.11                     0.0979084
x1.xbias.xrcg.21                   0.000213461
x1.xbias.nsu                         0.0171139
x1.xbias.vfix                          2.12077
x1.xbias.nmd                          0.910336
x1.xbias.vbp0                          2.59814
x1.xbias.noff                         0.906883
x1.xbias.xroff.11                     0.906538
x1.xbias.xroff.21                  0.000345235
x1.xbias.nvi                         0.0754986
x1.xbias.xrdeg.11                    0.0754699
x1.xbias.xrdeg.21                  2.87411e-05
x1.xbias.b0b                       5.19785e-09
x1.xbias.b1b                       5.19785e-09
x1.xbias.b2b                       5.19785e-09
x1.xbias.vbn1                         0.903582
x1.xbias.ga                            2.59814
x1.xbias.vbp2                          2.51827
x1.xbias.gb                           0.903582
x1.vbn                                  1.1064
x1.xbias.gc                            2.51827
x1.vbp                                 2.34011
x1.xs1.nh                              1.66425
x1.y1                                        0
x1.y5                                        0
x1.xs1.nt                          1.29036e-17
x1.xs2.nh                                 3.63
x1.y2                                     3.63
x1.xs2.nt                          1.98049e-13
x1.xs3.nh                                 3.63
x1.y3                                        0
x1.xs3.nt                          1.24624e-38
x1.xs4.nh                                 3.63
x1.y4                                     3.63
x1.xs4.nt                          1.98049e-13
x1.xs5.nh                                 3.63
x1.xs5.nt                          1.24624e-38
x1.nb1                                    3.63
x1.nb2                             3.63466e-09
clk1                                      3.63
x1.xcdec1.c_moscap_int1                  -3.63
x1.xcdec2.c_moscap_int1                  -3.63
x2.xbias.na                            1.05594
x2.xbias.vbpc                          2.51414
x2.xbias.nc                          0.0981219
x2.xbias.xrcg.11                     0.0979084
x2.xbias.xrcg.21                   0.000213461
x2.xbias.nsu                         0.0171139
x2.xbias.vfix                          2.12077
x2.xbias.nmd                          0.910336
x2.xbias.vbp0                          2.58858
x2.xbias.noff                         0.906867
x2.xbias.xroff.11                     0.906522
x2.xbias.xroff.21                  0.000345229
x2.xbias.nvi                          0.257003
x2.xbias.xrdeg.11                     0.256905
x2.xbias.xrdeg.21                  9.78366e-05
x2.xbias.b0b                       5.19785e-09
x2.xbias.b1b                       5.19785e-09
x2.xbias.b2b                       5.19785e-09
x2.xbias.vbn1                         0.913356
x2.xbias.ga                            2.58858
x2.xbias.vbp2                          2.50405
x2.xbias.gb                           0.913356
x2.vbn                                 1.12936
x2.xbias.gc                            2.50405
x2.vbp                                 2.31181
x2.xs1.nh                              1.68997
x2.y1                                        0
x2.y5                                        0
x2.xs1.nt                          6.40476e-18
x2.xs2.nh                                 3.63
x2.y2                                     3.63
x2.xs2.nt                          1.80258e-13
x2.xs3.nh                                 3.63
x2.y3                                        0
x2.xs3.nt                          1.24442e-38
x2.xs4.nh                                 3.63
x2.y4                                     3.63
x2.xs4.nt                          1.80258e-13
x2.xs5.nh                                 3.63
x2.xs5.nt                          1.24442e-38
x2.nb1                                    3.63
x2.nb2                             3.63466e-09
clk2                                      3.63
x2.xcdec1.c_moscap_int1                  -3.63
x2.xcdec2.c_moscap_int1                  -3.63
x3.xbias.na                            1.05594
x3.xbias.vbpc                          2.51414
x3.xbias.nc                          0.0981219
x3.xbias.xrcg.11                     0.0979084
x3.xbias.xrcg.21                   0.000213461
x3.xbias.nsu                         0.0171139
x3.xbias.vfix                          2.12077
x3.xbias.nmd                          0.910336
x3.xbias.vbp0                          2.57908
x3.xbias.noff                         0.906851
x3.xbias.xroff.11                     0.906506
x3.xbias.xroff.21                  0.000345223
x3.xbias.nvi                          0.459613
x3.xbias.xrdeg.11                     0.459438
x3.xbias.xrdeg.21                  0.000174967
x3.xbias.b0b                       5.19785e-09
x3.xbias.b1b                       5.19785e-09
x3.xbias.b2b                       5.19785e-09
x3.xbias.vbn1                         0.923038
x3.xbias.ga                            2.57908
x3.xbias.vbp2                           2.4896
x3.xbias.gb                           0.923038
x3.vbn                                 1.15315
x3.xbias.gc                             2.4896
x3.vbp                                 2.28262
x3.xs1.nh                              1.71658
x3.y1                                        0
x3.y5                                        0
x3.xs1.nt                          4.84312e-18
x3.xs2.nh                                 3.63
x3.y2                                     3.63
x3.xs2.nt                          1.64999e-13
x3.xs3.nh                                 3.63
x3.y3                                        0
x3.xs3.nt                         -3.10125e-38
x3.xs4.nh                                 3.63
x3.y4                                     3.63
x3.xs4.nt                          1.64999e-13
x3.xs5.nh                                 3.63
x3.xs5.nt                         -3.10125e-38
x3.nb1                                    3.63
x3.nb2                             3.63466e-09
clk3                                      3.63
x3.xcdec1.c_moscap_int1                  -3.63
x3.xcdec2.c_moscap_int1                  -3.63
x4.xbias.na                            1.05594
x4.xbias.vbpc                          2.51414
x4.xbias.nc                          0.0981219
x4.xbias.xrcg.11                     0.0979084
x4.xbias.xrcg.21                   0.000213461
x4.xbias.nsu                         0.0171139
x4.xbias.vfix                          2.12077
x4.xbias.nmd                          0.910336
x4.xbias.vbp0                          2.57008
x4.xbias.noff                         0.906836
x4.xbias.xroff.11                     0.906491
x4.xbias.xroff.21                  0.000345217
x4.xbias.nvi                          0.672154
x4.xbias.xrdeg.11                     0.671898
x4.xbias.xrdeg.21                  0.000255878
x4.xbias.b0b                       5.19785e-09
x4.xbias.b1b                       5.19785e-09
x4.xbias.b2b                       5.19785e-09
x4.xbias.vbn1                         0.932161
x4.xbias.ga                            2.57008
x4.xbias.vbp2                          2.47566
x4.xbias.gb                           0.932161
x4.vbn                                 1.17654
x4.xbias.gc                            2.47566
x4.vbp                                 2.25409
x4.xs1.nh                              1.74265
x4.y1                                        0
x4.y5                                        0
x4.xs1.nt                         -5.45289e-18
x4.xs2.nh                                 3.63
x4.y2                                     3.63
x4.xs2.nt                          1.52439e-13
x4.xs3.nh                                 3.63
x4.y3                                        0
x4.xs3.nt                            2.803e-38
x4.xs4.nh                                 3.63
x4.y4                                     3.63
x4.xs4.nt                          1.52439e-13
x4.xs5.nh                                 3.63
x4.xs5.nt                            2.803e-38
x4.nb1                                    3.63
x4.nb2                             3.63466e-09
clk4                                      3.63
x4.xcdec1.c_moscap_int1                  -3.63
x4.xcdec2.c_moscap_int1                  -3.63
x5.xbias.na                            1.05594
x5.xbias.vbpc                          2.51414
x5.xbias.nc                          0.0981219
x5.xbias.xrcg.11                     0.0979084
x5.xbias.xrcg.21                   0.000213461
x5.xbias.nsu                         0.0171139
x5.xbias.vfix                          2.12077
x5.xbias.nmd                          0.910336
x5.xbias.vbp0                          2.56158
x5.xbias.noff                         0.906822
x5.xbias.xroff.11                     0.906477
x5.xbias.xroff.21                  0.000345212
x5.xbias.nvi                          0.891433
x5.xbias.xrdeg.11                     0.891094
x5.xbias.xrdeg.21                  0.000339354
x5.xbias.b0b                       5.19785e-09
x5.xbias.b1b                       5.19785e-09
x5.xbias.b2b                       5.19785e-09
x5.xbias.vbn1                         0.940726
x5.xbias.ga                            2.56159
x5.xbias.vbp2                          2.46228
x5.xbias.gb                           0.940726
x5.vbn                                 1.19937
x5.xbias.gc                            2.46228
x5.vbp                                 2.22646
x5.xs1.nh                              1.76797
x5.y1                                        0
x5.y5                                        0
x5.xs1.nt                          2.46758e-17
x5.xs2.nh                                 3.63
x5.y2                                     3.63
x5.xs2.nt                          1.42062e-13
x5.xs3.nh                                 3.63
x5.y3                                        0
x5.xs3.nt                         -7.78041e-39
x5.xs4.nh                                 3.63
x5.y4                                     3.63
x5.xs4.nt                          1.42062e-13
x5.xs5.nh                                 3.63
x5.xs5.nt                         -7.78041e-39
x5.nb1                                    3.63
x5.nb2                             3.63466e-09
clk5                                      3.63
x5.xcdec1.c_moscap_int1                  -3.63
x5.xcdec2.c_moscap_int1                  -3.63
x6.xbias.na                            1.05594
x6.xbias.vbpc                          2.51414
x6.xbias.nc                          0.0981219
x6.xbias.xrcg.11                     0.0979084
x6.xbias.xrcg.21                   0.000213461
x6.xbias.nsu                         0.0171139
x6.xbias.vfix                          2.12077
x6.xbias.nmd                          0.910336
x6.xbias.vbp0                          2.55355
x6.xbias.noff                         0.906809
x6.xbias.xroff.11                     0.906464
x6.xbias.xroff.21                  0.000345207
x6.xbias.nvi                            1.1159
x6.xbias.xrdeg.11                      1.11547
x6.xbias.xrdeg.21                  0.000424804
x6.xbias.b0b                       5.19785e-09
x6.xbias.b1b                       5.19785e-09
x6.xbias.b2b                       5.19785e-09
x6.xbias.vbn1                         0.948791
x6.xbias.ga                            2.55355
x6.xbias.vbp2                          2.44945
x6.xbias.gb                           0.948791
x6.vbn                                 1.22162
x6.xbias.gc                            2.44945
x6.vbp                                 2.19973
x6.xs1.nh                              1.79251
x6.y1                                        0
x6.y5                                        0
x6.xs1.nt                          1.78633e-17
x6.xs2.nh                                 3.63
x6.y2                                     3.63
x6.xs2.nt                          1.33311e-13
x6.xs3.nh                                 3.63
x6.y3                                        0
x6.xs3.nt                          1.09745e-38
x6.xs4.nh                                 3.63
x6.y4                                     3.63
x6.xs4.nt                          1.33311e-13
x6.xs5.nh                                 3.63
x6.xs5.nt                          1.09745e-38
x6.nb1                                    3.63
x6.nb2                             3.63466e-09
clk6                                      3.63
x6.xcdec1.c_moscap_int1                  -3.63
x6.xcdec2.c_moscap_int1                  -3.63
x7.xbias.na                            1.05594
x7.xbias.vbpc                          2.51414
x7.xbias.nc                          0.0981219
x7.xbias.xrcg.11                     0.0979084
x7.xbias.xrcg.21                   0.000213461
x7.xbias.nsu                         0.0171139
x7.xbias.vfix                          2.12077
x7.xbias.nmd                          0.910336
x7.xbias.vbp0                          2.54592
x7.xbias.noff                         0.906796
x7.xbias.xroff.11                     0.906451
x7.xbias.xroff.21                  0.000345202
x7.xbias.nvi                            1.3446
x7.xbias.xrdeg.11                      1.34409
x7.xbias.xrdeg.21                  0.000511868
x7.xbias.b0b                       5.19785e-09
x7.xbias.b1b                       5.19785e-09
x7.xbias.b2b                       5.19785e-09
x7.xbias.vbn1                         0.956419
x7.xbias.ga                            2.54592
x7.xbias.vbp2                          2.43711
x7.xbias.gb                           0.956419
x7.vbn                                 1.24335
x7.xbias.gc                            2.43711
x7.vbp                                 2.17384
x7.xs1.nh                              1.81633
x7.y1                                        0
x7.y5                                        0
x7.xs1.nt                         -5.21959e-18
x7.xs2.nh                                 3.63
x7.y2                                     3.63
x7.xs2.nt                          1.25828e-13
x7.xs3.nh                                 3.63
x7.y3                                        0
x7.xs3.nt                         -1.99732e-18
x7.xs4.nh                                 3.63
x7.y4                                     3.63
x7.xs4.nt                          1.25828e-13
x7.xs5.nh                                 3.63
x7.xs5.nt                         -1.99732e-18
x7.nb1                                    3.63
x7.nb2                             3.63466e-09
clk7                                      3.63
x7.xcdec1.c_moscap_int1                  -3.63
x7.xcdec2.c_moscap_int1                  -3.63
e.x7.xcdec2.ec_moscap#branch                 0
e.x7.xcdec1.ec_moscap#branch                 0
e.x6.xcdec2.ec_moscap#branch                 0
e.x6.xcdec1.ec_moscap#branch                 0
e.x5.xcdec2.ec_moscap#branch                 0
e.x5.xcdec1.ec_moscap#branch                 0
e.x4.xcdec2.ec_moscap#branch                 0
e.x4.xcdec1.ec_moscap#branch                 0
e.x3.xcdec2.ec_moscap#branch                 0
e.x3.xcdec1.ec_moscap#branch                 0
e.x2.xcdec2.ec_moscap#branch                 0
e.x2.xcdec1.ec_moscap#branch                 0
e.x1.xcdec2.ec_moscap#branch                 0
e.x1.xcdec1.ec_moscap#branch                 0
vs7#branch                          0.00035572
vs6#branch                         0.000322609
vs5#branch                         0.000289955
vs4#branch                         0.000257887
vs3#branch                         0.000226621
vs2#branch                          0.00019661
vs1#branch                         0.000169491
vv7#branch                                   0
vv6#branch                                   0
vv5#branch                                   0
vv4#branch                                   0
vv3#branch                                   0
vv2#branch                                   0
vv1#branch                                   0
vb2#branch                                   0
vb1#branch                                   0
vb0#branch                                   0
vdd#branch                         -0.00181889

 Reference value :  0.00000e+00
 Reference value :  2.96149e-10
 Reference value :  1.30444e-09
 Reference value :  2.35061e-09
 Reference value :  3.00656e-09
 Reference value :  3.94897e-09
 Reference value :  4.71876e-09
 Reference value :  5.06849e-09
 Reference value :  5.42426e-09
 Reference value :  6.37885e-09
 Reference value :  6.71182e-09
 Reference value :  7.02103e-09
 Reference value :  8.13029e-09
 Reference value :  9.20492e-09
 Reference value :  1.00377e-08
 Reference value :  1.12045e-08
 Reference value :  1.22702e-08
 Reference value :  1.33692e-08
 Reference value :  1.45215e-08
 Reference value :  1.57616e-08
 Reference value :  1.66511e-08
 Reference value :  1.72982e-08
 Reference value :  1.77511e-08
 Reference value :  1.85038e-08
 Reference value :  1.92819e-08
 Reference value :  2.02866e-08
 Reference value :  2.19091e-08
 Reference value :  2.31261e-08
 Reference value :  2.45681e-08
 Reference value :  2.60093e-08
 Reference value :  2.74376e-08
 Reference value :  2.90557e-08
 Reference value :  3.08563e-08
 Reference value :  3.23688e-08
 Reference value :  3.40525e-08
 Reference value :  3.57092e-08
 Reference value :  3.71849e-08
 Reference value :  3.85319e-08
 Reference value :  3.98329e-08
 Reference value :  4.09759e-08
 Reference value :  4.17411e-08
 Reference value :  4.25641e-08
 Reference value :  4.37748e-08
 Reference value :  4.42899e-08
 Reference value :  4.47294e-08
 Reference value :  4.62111e-08
 Reference value :  4.73381e-08
 Reference value :  4.87173e-08
 Reference value :  5.00512e-08
 Reference value :  5.13013e-08
 Reference value :  5.18491e-08
 Reference value :  5.26073e-08
 Reference value :  5.29933e-08
 Reference value :  5.35694e-08
 Reference value :  5.38951e-08
 Reference value :  5.42677e-08
 Reference value :  5.45511e-08
 Reference value :  5.47687e-08
 Reference value :  5.52645e-08
 Reference value :  5.60275e-08
 Reference value :  5.71516e-08
 Reference value :  5.79973e-08
 Reference value :  5.89627e-08
 Reference value :  6.00008e-08
 Reference value :  6.06502e-08
 Reference value :  6.08838e-08
 Reference value :  6.13448e-08
 Reference value :  6.17341e-08
 Reference value :  6.21963e-08
 Reference value :  6.29105e-08
 Reference value :  6.42475e-08
 Reference value :  6.53534e-08
 Reference value :  6.64532e-08
 Reference value :  6.74114e-08
 Reference value :  6.84437e-08
 Reference value :  6.91929e-08
 Reference value :  6.95655e-08
 Reference value :  7.03847e-08
 Reference value :  7.17317e-08
 Reference value :  7.32462e-08
 Reference value :  7.45909e-08
 Reference value :  7.59834e-08
 Reference value :  7.68642e-08
 Reference value :  7.76184e-08
 Reference value :  7.83156e-08
 Reference value :  7.87019e-08
 Reference value :  7.95170e-08
 Reference value :  8.05743e-08
 Reference value :  8.14447e-08
 Reference value :  8.18865e-08
 Reference value :  8.22434e-08
 Reference value :  8.33868e-08
 Reference value :  8.41048e-08
 Reference value :  8.42925e-08
 Reference value :  8.49689e-08
 Reference value :  8.60441e-08
 Reference value :  8.71072e-08
 Reference value :  8.80638e-08
 Reference value :  8.84507e-08
 Reference value :  8.90906e-08
 Reference value :  9.01397e-08
 Reference value :  9.08804e-08
 Reference value :  9.19737e-08
 Reference value :  9.27202e-08
 Reference value :  9.30179e-08
 Reference value :  9.40581e-08
 Reference value :  9.55824e-08
 Reference value :  9.70023e-08
 Reference value :  9.83090e-08
 Reference value :  9.89958e-08
 Reference value :  1.00148e-07
 Reference value :  1.01198e-07
 Reference value :  1.02309e-07
 Reference value :  1.03476e-07
 Reference value :  1.04916e-07
 Reference value :  1.06271e-07
 Reference value :  1.07059e-07
 Reference value :  1.07693e-07
 Reference value :  1.08525e-07
 Reference value :  1.09099e-07
 Reference value :  1.10089e-07
 Reference value :  1.11033e-07
 Reference value :  1.12005e-07
 Reference value :  1.12924e-07
 Reference value :  1.13836e-07
 Reference value :  1.14585e-07
 Reference value :  1.15733e-07
 Reference value :  1.16344e-07
 Reference value :  1.16995e-07
 Reference value :  1.17537e-07
 Reference value :  1.18336e-07
 Reference value :  1.19013e-07
 Reference value :  1.19707e-07
No. of Data Rows : 4403

  Measurements for Transient Analysis

tp1                 =  3.089557e-08 targ=  7.759417e-08 trig=  4.669860e-08
tp2                 =  2.576116e-08 targ=  7.119916e-08 trig=  4.543800e-08
tp3                 =  2.166421e-08 targ=  6.534445e-08 trig=  4.368024e-08
tp4                 =  1.852843e-08 targ=  6.519265e-08 trig=  4.666422e-08
tp5                 =  1.610451e-08 targ=  6.072423e-08 trig=  4.461972e-08
tp6                 =  1.419730e-08 targ=  6.066987e-08 trig=  4.647257e-08
tp7                 =  1.267778e-08 targ=  5.736662e-08 trig=  4.468883e-08
f1                  =  1.29468e+08
f2                  =  1.55273e+08
f3                  =  1.84636e+08
f4                  =  2.15884e+08
f5                  =  2.48378e+08
f6                  =  2.81744e+08
f7                  =  3.15513e+08
i1                  =  2.389870e-04 from=  4.361946e-08 to=  1.199540e-07
i2                  =  2.771624e-04 from=  4.361946e-08 to=  1.199540e-07
i3                  =  3.189246e-04 from=  4.361946e-08 to=  1.199540e-07
i4                  =  3.618725e-04 from=  4.361946e-08 to=  1.199540e-07
i5                  =  4.062525e-04 from=  4.361946e-08 to=  1.199540e-07
i6                  =  4.510092e-04 from=  4.361946e-08 to=  1.199540e-07
i7                  =  4.961544e-04 from=  4.361946e-08 to=  1.199540e-07
sw1hi               =  3.676956e+00 at=  5.032541e-08
sw1lo               =  -7.112851e-02 at=  7.362975e-08
sw7hi               =  3.693337e+00 at=  9.686339e-08
sw7lo               =  -8.476167e-02 at=  7.162816e-08

ngspice-42 done

Using SPARSE 1.3 as Direct Linear Solver
