
Note: No compatibility mode selected!


Circuit: * vco-tuning-range @ ss_27c_2.97v_band2 -- generated by sim/harness, do not edit

Doing analysis at TEMP = 27.000000 and TNOM = 27.000000


Initial Transient Solution
--------------------------

Node                                   Voltage
----                                   -------
vdd                                       2.97
nb0                                          0
nb1                                       2.97
nb2                                          0
vc1                                        0.9
vc2                                        1.2
vc3                                        1.5
vc4                                        1.8
vc5                                        2.1
vc6                                        2.4
vc7                                        2.7
nv1                                       2.97
nv2                                       2.97
nv3                                       2.97
nv4                                       2.97
nv5                                       2.97
nv6                                       2.97
nv7                                       2.97
x1.xbias.na                            1.06287
x1.xbias.vbpc                          1.86855
x1.xbias.nc                            0.12315
x1.xbias.xrcg.11                      0.122917
x1.xbias.xrcg.21                   0.000233374
x1.xbias.nsu                        0.00797877
x1.xbias.vfix                           2.0269
x1.xbias.nmd                          0.868365
x1.xbias.vbp0                          1.99733
x1.xbias.noff                         0.870477
x1.xbias.xroff.11                     0.870188
x1.xbias.xroff.21                  0.000288526
x1.xbias.nvi                          0.111739
x1.xbias.xrdeg.11                     0.111702
x1.xbias.xrdeg.21                  3.70368e-05
x1.xbias.b0b                              2.97
x1.xbias.b1b                       5.50807e-09
x1.xbias.b2b                              2.97
x1.xbias.vbn1                         0.820729
x1.xbias.ga                               2.97
x1.xbias.vbp2                          1.94755
x1.xbias.gb                           0.820729
x1.vbn                                 0.84172
x1.xbias.gc                               2.97
x1.vbp                                 1.98723
x1.xs1.nh                              1.30879
x1.y1                                        0
x1.y5                                        0
x1.xs1.nt                         -4.46894e-11
x1.xs2.nh                                 2.97
x1.y2                                     2.97
x1.xs2.nt                          9.52838e-10
x1.xs3.nh                                 2.97
x1.y3                                        0
x1.xs3.nt                         -3.36976e-17
x1.xs4.nh                                 2.97
x1.y4                                     2.97
x1.xs4.nt                          9.52838e-10
x1.xs5.nh                                 2.97
x1.xs5.nt                         -3.36976e-17
x1.nb1                                    2.97
x1.nb2                             3.67748e-09
clk1                                      2.97
x1.xcdec1.c_moscap_int1                  -2.97
x1.xcdec2.c_moscap_int1                  -2.97
x2.xbias.na                            1.06287
x2.xbias.vbpc                          1.86855
x2.xbias.nc                            0.12315
x2.xbias.xrcg.11                      0.122917
x2.xbias.xrcg.21                   0.000233374
x2.xbias.nsu                        0.00797877
x2.xbias.vfix                           2.0269
x2.xbias.nmd                          0.868365
x2.xbias.vbp0                          1.98537
x2.xbias.noff                         0.870456
x2.xbias.xroff.11                     0.870167
x2.xbias.xroff.21                  0.000288519
x2.xbias.nvi                          0.294737
x2.xbias.xrdeg.11                     0.294639
x2.xbias.xrdeg.21                  9.76927e-05
x2.xbias.b0b                              2.97
x2.xbias.b1b                       5.50807e-09
x2.xbias.b2b                              2.97
x2.xbias.vbn1                         0.831148
x2.xbias.ga                               2.97
x2.xbias.vbp2                          1.93314
x2.xbias.gb                           0.831148
x2.vbn                                0.852288
x2.xbias.gc                               2.97
x2.vbp                                 1.97571
x2.xs1.nh                              1.31856
x2.y1                                        0
x2.y5                                        0
x2.xs1.nt                         -1.74955e-11
x2.xs2.nh                                 2.97
x2.y2                                     2.97
x2.xs2.nt                          8.70856e-10
x2.xs3.nh                                 2.97
x2.y3                                        0
x2.xs3.nt                         -2.29714e-17
x2.xs4.nh                                 2.97
x2.y4                                     2.97
x2.xs4.nt                          8.70856e-10
x2.xs5.nh                                 2.97
x2.xs5.nt                         -2.29714e-17
x2.nb1                                    2.97
x2.nb2                             3.67748e-09
clk2                                      2.97
x2.xcdec1.c_moscap_int1                  -2.97
x2.xcdec2.c_moscap_int1                  -2.97
x3.xbias.na                            1.06287
x3.xbias.vbpc                          1.86855
x3.xbias.nc                            0.12315
x3.xbias.xrcg.11                      0.122917
x3.xbias.xrcg.21                   0.000233374
x3.xbias.nsu                        0.00797877
x3.xbias.vfix                           2.0269
x3.xbias.nmd                          0.868365
x3.xbias.vbp0                          1.97366
x3.xbias.noff                         0.870435
x3.xbias.xroff.11                     0.870147
x3.xbias.xroff.21                  0.000288512
x3.xbias.nvi                          0.496009
x3.xbias.xrdeg.11                     0.495845
x3.xbias.xrdeg.21                  0.000164406
x3.xbias.b0b                              2.97
x3.xbias.b1b                       5.50807e-09
x3.xbias.b2b                              2.97
x3.xbias.vbn1                         0.841279
x3.xbias.ga                               2.97
x3.xbias.vbp2                          1.91885
x3.xbias.gb                           0.841279
x3.vbn                                0.862585
x3.xbias.gc                               2.97
x3.vbp                                 1.96442
x3.xs1.nh                              1.32815
x3.y1                                        0
x3.y5                                        0
x3.xs1.nt                          -5.3977e-12
x3.xs2.nh                                 2.97
x3.y2                                     2.97
x3.xs2.nt                          7.93192e-10
x3.xs3.nh                                 2.97
x3.y3                                        0
x3.xs3.nt                         -1.12526e-17
x3.xs4.nh                                 2.97
x3.y4                                     2.97
x3.xs4.nt                          7.93192e-10
x3.xs5.nh                                 2.97
x3.xs5.nt                         -1.12526e-17
x3.nb1                                    2.97
x3.nb2                             3.67748e-09
clk3                                      2.97
x3.xcdec1.c_moscap_int1                  -2.97
x3.xcdec2.c_moscap_int1                  -2.97
x4.xbias.na                            1.06287
x4.xbias.vbpc                          1.86855
x4.xbias.nc                            0.12315
x4.xbias.xrcg.11                      0.122917
x4.xbias.xrcg.21                   0.000233374
x4.xbias.nsu                        0.00797877
x4.xbias.vfix                           2.0269
x4.xbias.nmd                          0.868365
x4.xbias.vbp0                          1.96261
x4.xbias.noff                         0.870416
x4.xbias.xroff.11                     0.870127
x4.xbias.xroff.21                  0.000288506
x4.xbias.nvi                          0.706677
x4.xbias.xrdeg.11                     0.706443
x4.xbias.xrdeg.21                  0.000234233
x4.xbias.b0b                              2.97
x4.xbias.b1b                       5.50807e-09
x4.xbias.b2b                              2.97
x4.xbias.vbn1                         0.850777
x4.xbias.ga                               2.97
x4.xbias.vbp2                           1.9052
x4.xbias.gb                           0.850777
x4.vbn                                0.872253
x4.xbias.gc                               2.97
x4.vbp                                 1.95376
x4.xs1.nh                              1.33723
x4.y1                                        0
x4.y5                                        0
x4.xs1.nt                         -1.70563e-12
x4.xs2.nh                                 2.97
x4.y2                                     2.97
x4.xs2.nt                          7.24849e-10
x4.xs3.nh                                 2.97
x4.y3                                        0
x4.xs3.nt                         -5.41164e-18
x4.xs4.nh                                 2.97
x4.y4                                     2.97
x4.xs4.nt                          7.24849e-10
x4.xs5.nh                                 2.97
x4.xs5.nt                         -5.41164e-18
x4.nb1                                    2.97
x4.nb2                             3.67748e-09
clk4                                      2.97
x4.xcdec1.c_moscap_int1                  -2.97
x4.xcdec2.c_moscap_int1                  -2.97
x5.xbias.na                            1.06287
x5.xbias.vbpc                          1.86855
x5.xbias.nc                            0.12315
x5.xbias.xrcg.11                      0.122917
x5.xbias.xrcg.21                   0.000233374
x5.xbias.nsu                        0.00797877
x5.xbias.vfix                           2.0269
x5.xbias.nmd                          0.868365
x5.xbias.vbp0                           1.9522
x5.xbias.noff                         0.870398
x5.xbias.xroff.11                     0.870109
x5.xbias.xroff.21                    0.0002885
x5.xbias.nvi                          0.923819
x5.xbias.xrdeg.11                     0.923513
x5.xbias.xrdeg.21                  0.000306206
x5.xbias.b0b                              2.97
x5.xbias.b1b                       5.50807e-09
x5.xbias.b2b                              2.97
x5.xbias.vbn1                         0.859661
x5.xbias.ga                               2.97
x5.xbias.vbp2                          1.89223
x5.xbias.gb                           0.859661
x5.vbn                                0.881311
x5.xbias.gc                               2.97
x5.vbp                                 1.94371
x5.xs1.nh                              1.34579
x5.y1                                        0
x5.y5                                        0
x5.xs1.nt                         -5.49467e-13
x5.xs2.nh                                 2.97
x5.y2                                     2.97
x5.xs2.nt                           6.6747e-10
x5.xs3.nh                                 2.97
x5.y3                                        0
x5.xs3.nt                         -5.66713e-18
x5.xs4.nh                                 2.97
x5.y4                                     2.97
x5.xs4.nt                           6.6747e-10
x5.xs5.nh                                 2.97
x5.xs5.nt                         -5.66713e-18
x5.nb1                                    2.97
x5.nb2                             3.67748e-09
clk5                                      2.97
x5.xcdec1.c_moscap_int1                  -2.97
x5.xcdec2.c_moscap_int1                  -2.97
x6.xbias.na                            1.06287
x6.xbias.vbpc                          1.86855
x6.xbias.nc                            0.12315
x6.xbias.xrcg.11                      0.122917
x6.xbias.xrcg.21                   0.000233374
x6.xbias.nsu                        0.00797877
x6.xbias.vfix                           2.0269
x6.xbias.nmd                          0.868365
x6.xbias.vbp0                          1.94237
x6.xbias.noff                          0.87038
x6.xbias.xroff.11                     0.870092
x6.xbias.xroff.21                  0.000288494
x6.xbias.nvi                           1.14597
x6.xbias.xrdeg.11                      1.14559
x6.xbias.xrdeg.21                   0.00037984
x6.xbias.b0b                              2.97
x6.xbias.b1b                       5.50807e-09
x6.xbias.b2b                              2.97
x6.xbias.vbn1                         0.868003
x6.xbias.ga                               2.97
x6.xbias.vbp2                          1.87987
x6.xbias.gb                           0.868003
x6.vbn                                0.889827
x6.xbias.gc                               2.97
x6.vbp                                 1.93421
x6.xs1.nh                              1.35389
x6.y1                                        0
x6.y5                                        0
x6.xs1.nt                         -1.93472e-13
x6.xs2.nh                                 2.97
x6.y2                                     2.97
x6.xs2.nt                          6.19447e-10
x6.xs3.nh                                 2.97
x6.y3                                        0
x6.xs3.nt                         -1.44765e-18
x6.xs4.nh                                 2.97
x6.y4                                     2.97
x6.xs4.nt                          6.19447e-10
x6.xs5.nh                                 2.97
x6.xs5.nt                         -1.44765e-18
x6.nb1                                    2.97
x6.nb2                             3.67748e-09
clk6                                      2.97
x6.xcdec1.c_moscap_int1                  -2.97
x6.xcdec2.c_moscap_int1                  -2.97
x7.xbias.na                            1.06287
x7.xbias.vbpc                          1.86855
x7.xbias.nc                            0.12315
x7.xbias.xrcg.11                      0.122917
x7.xbias.xrcg.21                   0.000233374
x7.xbias.nsu                        0.00797877
x7.xbias.vfix                           2.0269
x7.xbias.nmd                          0.868365
x7.xbias.vbp0                          1.93305
x7.xbias.noff                         0.870364
x7.xbias.xroff.11                     0.870075
x7.xbias.xroff.21                  0.000288488
x7.xbias.nvi                           1.37219
x7.xbias.xrdeg.11                      1.37174
x7.xbias.xrdeg.21                  0.000454823
x7.xbias.b0b                              2.97
x7.xbias.b1b                       5.50807e-09
x7.xbias.b2b                              2.97
x7.xbias.vbn1                         0.875873
x7.xbias.ga                               2.97
x7.xbias.vbp2                          1.86806
x7.xbias.gb                           0.875873
x7.vbn                                0.897871
x7.xbias.gc                               2.97
x7.vbp                                  1.9252
x7.xs1.nh                               1.3616
x7.y1                                        0
x7.y5                                        0
x7.xs1.nt                         -6.66787e-14
x7.xs2.nh                                 2.97
x7.y2                                     2.97
x7.xs2.nt                          5.78946e-10
x7.xs3.nh                                 2.97
x7.y3                                        0
x7.xs3.nt                         -1.48347e-18
x7.xs4.nh                                 2.97
x7.y4                                     2.97
x7.xs4.nt                          5.78946e-10
x7.xs5.nh                                 2.97
x7.xs5.nt                         -1.48347e-18
x7.nb1                                    2.97
x7.nb2                             3.67748e-09
clk7                                      2.97
x7.xcdec1.c_moscap_int1                  -2.97
x7.xcdec2.c_moscap_int1                  -2.97
e.x7.xcdec2.ec_moscap#branch                 0
e.x7.xcdec1.ec_moscap#branch                 0
e.x6.xcdec2.ec_moscap#branch                 0
e.x6.xcdec1.ec_moscap#branch                 0
e.x5.xcdec2.ec_moscap#branch                 0
e.x5.xcdec1.ec_moscap#branch                 0
e.x4.xcdec2.ec_moscap#branch                 0
e.x4.xcdec1.ec_moscap#branch                 0
e.x3.xcdec2.ec_moscap#branch                 0
e.x3.xcdec1.ec_moscap#branch                 0
e.x2.xcdec2.ec_moscap#branch                 0
e.x2.xcdec1.ec_moscap#branch                 0
e.x1.xcdec2.ec_moscap#branch                 0
e.x1.xcdec1.ec_moscap#branch                 0
vs7#branch                         8.77719e-05
vs6#branch                         8.06993e-05
vs5#branch                         7.37376e-05
vs4#branch                         6.69148e-05
vs3#branch                         6.02752e-05
vs2#branch                         5.39095e-05
vs1#branch                         4.80986e-05
vv7#branch                                   0
vv6#branch                                   0
vv5#branch                                   0
vv4#branch                                   0
vv3#branch                                   0
vv2#branch                                   0
vv1#branch                                   0
vb2#branch                                   0
vb1#branch                                   0
vb0#branch                                   0
vdd#branch                        -0.000471407

 Reference value :  0.00000e+00
 Reference value :  8.67464e-09
 Reference value :  1.83212e-08
 Reference value :  2.68402e-08
 Reference value :  3.33195e-08
 Reference value :  4.39123e-08
 Reference value :  5.41804e-08
 Reference value :  6.47141e-08
 Reference value :  7.41727e-08
 Reference value :  8.07673e-08
 Reference value :  8.38686e-08
 Reference value :  9.41625e-08
 Reference value :  1.04794e-07
 Reference value :  1.14109e-07
 Reference value :  1.26745e-07
 Reference value :  1.35990e-07
 Reference value :  1.44680e-07
 Reference value :  1.53180e-07
 Reference value :  1.61252e-07
 Reference value :  1.72380e-07
 Reference value :  1.84579e-07
 Reference value :  1.94086e-07
 Reference value :  2.06764e-07
 Reference value :  2.15423e-07
 Reference value :  2.25892e-07
 Reference value :  2.38520e-07
 Reference value :  2.52353e-07
 Reference value :  2.60974e-07
 Reference value :  2.70575e-07
 Reference value :  2.82543e-07
 Reference value :  2.91273e-07
 Reference value :  3.03540e-07
 Reference value :  3.10069e-07
 Reference value :  3.16583e-07
 Reference value :  3.23665e-07
 Reference value :  3.34785e-07
 Reference value :  3.40338e-07
 Reference value :  3.45989e-07
 Reference value :  3.56451e-07
 Reference value :  3.68648e-07
 Reference value :  3.76268e-07
 Reference value :  3.80542e-07
 Reference value :  3.88111e-07
 Reference value :  3.95638e-07
 Reference value :  4.05608e-07
 Reference value :  4.12267e-07
 Reference value :  4.17047e-07
 Reference value :  4.25585e-07
 Reference value :  4.35361e-07
 Reference value :  4.46859e-07
 Reference value :  4.52408e-07
 Reference value :  4.60467e-07
 Reference value :  4.72220e-07
 Reference value :  4.82837e-07
 Reference value :  4.88586e-07
 Reference value :  5.00535e-07
 Reference value :  5.10698e-07
 Reference value :  5.25023e-07
 Reference value :  5.35007e-07
 Reference value :  5.46558e-07
 Reference value :  5.54947e-07
 Reference value :  5.65880e-07
 Reference value :  5.75753e-07
 Reference value :  5.83305e-07
 Reference value :  5.90188e-07
 Reference value :  5.92616e-07
 Reference value :  5.98525e-07
 Reference value :  6.08003e-07
 Reference value :  6.20513e-07
 Reference value :  6.32447e-07
 Reference value :  6.44100e-07
 Reference value :  6.47469e-07
 Reference value :  6.48917e-07
 Reference value :  6.56421e-07
 Reference value :  6.62132e-07
 Reference value :  6.65199e-07
 Reference value :  6.68094e-07
 Reference value :  6.73951e-07
 Reference value :  6.83583e-07
 Reference value :  6.92263e-07
 Reference value :  7.07592e-07
 Reference value :  7.19130e-07
 Reference value :  7.32915e-07
 Reference value :  7.48699e-07
 Reference value :  7.63529e-07
 Reference value :  7.79051e-07
 Reference value :  7.87808e-07
 Reference value :  8.01738e-07
 Reference value :  8.15391e-07
 Reference value :  8.28792e-07
 Reference value :  8.43089e-07
 Reference value :  8.55499e-07
 Reference value :  8.67694e-07
 Reference value :  8.80593e-07
 Reference value :  8.93341e-07
 Reference value :  9.02203e-07
 Reference value :  9.11200e-07
 Reference value :  9.23555e-07
 Reference value :  9.34880e-07
 Reference value :  9.46884e-07
 Reference value :  9.49721e-07
 Reference value :  9.59514e-07
 Reference value :  9.68695e-07
 Reference value :  9.79614e-07
 Reference value :  9.90964e-07
 Reference value :  9.98079e-07
 Reference value :  1.00207e-06
 Reference value :  1.00575e-06
 Reference value :  1.01353e-06
 Reference value :  1.02302e-06
 Reference value :  1.03285e-06
 Reference value :  1.04074e-06
 Reference value :  1.04426e-06
 Reference value :  1.05517e-06
 Reference value :  1.06315e-06
 Reference value :  1.06638e-06
 Reference value :  1.07006e-06
 Reference value :  1.07773e-06
 Reference value :  1.08984e-06
 Reference value :  1.09688e-06
 Reference value :  1.10583e-06
 Reference value :  1.11330e-06
 Reference value :  1.12326e-06
 Reference value :  1.13187e-06
 Reference value :  1.13587e-06
 Reference value :  1.14189e-06
 Reference value :  1.15171e-06
 Reference value :  1.16096e-06
 Reference value :  1.17160e-06
No. of Data Rows : 4373

  Measurements for Transient Analysis

tp1                 =  2.998499e-07 targ=  7.503394e-07 trig=  4.504895e-07
tp2                 =  2.521972e-07 targ=  6.943262e-07 trig=  4.421290e-07
tp3                 =  2.143346e-07 targ=  6.439869e-07 trig=  4.296523e-07
tp4                 =  1.850249e-07 targ=  6.485528e-07 trig=  4.635279e-07
tp5                 =  1.618417e-07 targ=  6.081791e-07 trig=  4.463374e-07
tp6                 =  1.435324e-07 targ=  5.748479e-07 trig=  4.313155e-07
tp7                 =  1.283193e-07 targ=  5.785457e-07 trig=  4.502264e-07
f1                  =  1.33400e+07
f2                  =  1.58606e+07
f3                  =  1.86624e+07
f4                  =  2.16187e+07
f5                  =  2.47155e+07
f6                  =  2.78683e+07
f7                  =  3.11722e+07
i1                  =  5.791441e-05 from=  4.287109e-07 to=  1.178950e-06
i2                  =  6.482863e-05 from=  4.287109e-07 to=  1.178950e-06
i3                  =  7.244716e-05 from=  4.287109e-07 to=  1.178950e-06
i4                  =  8.043147e-05 from=  4.287109e-07 to=  1.178950e-06
i5                  =  8.847295e-05 from=  4.287109e-07 to=  1.178950e-06
i6                  =  9.670736e-05 from=  4.287109e-07 to=  1.178950e-06
i7                  =  1.052831e-04 from=  4.287109e-07 to=  1.178950e-06
sw1hi               =  3.076701e+00 at=  1.125249e-06
sw1lo               =  -1.240843e-01 at=  4.857724e-07
sw7hi               =  3.083166e+00 at=  1.092598e-06
sw7lo               =  -1.118609e-01 at=  1.011483e-06

ngspice-42 done

Using SPARSE 1.3 as Direct Linear Solver
