
Note: No compatibility mode selected!


Circuit: * vco-tuning-range @ typical_-40c_2.97v_band5 -- generated by sim/harness, do not edit

Doing analysis at TEMP = -40.000000 and TNOM = 27.000000


Initial Transient Solution
--------------------------

Node                                   Voltage
----                                   -------
vdd                                       2.97
nb0                                       2.97
nb1                                          0
nb2                                       2.97
vc1                                        0.9
vc2                                        1.2
vc3                                        1.5
vc4                                        1.8
vc5                                        2.1
vc6                                        2.4
vc7                                        2.7
nv1                                       2.97
nv2                                       2.97
nv3                                       2.97
nv4                                       2.97
nv5                                       2.97
nv6                                       2.97
nv7                                       2.97
x1.xbias.na                           0.933682
x1.xbias.vbpc                          1.98626
x1.xbias.nc                          0.0932211
x1.xbias.xrcg.11                     0.0930183
x1.xbias.xrcg.21                     0.0002028
x1.xbias.nsu                         0.0122898
x1.xbias.vfix                           1.8472
x1.xbias.nmd                          0.796245
x1.xbias.vbp0                          2.06548
x1.xbias.noff                         0.796105
x1.xbias.xroff.11                     0.795802
x1.xbias.xroff.21                  0.000303064
x1.xbias.nvi                          0.138215
x1.xbias.xrdeg.11                     0.138163
x1.xbias.xrdeg.21                  5.26163e-05
x1.xbias.b0b                       4.10044e-09
x1.xbias.b1b                              2.97
x1.xbias.b2b                       4.10044e-09
x1.xbias.vbn1                         0.789443
x1.xbias.ga                            2.06548
x1.xbias.vbp2                          2.05793
x1.xbias.gb                        5.15966e-15
x1.vbn                                0.877811
x1.xbias.gc                            2.05793
x1.vbp                                  1.9503
x1.xs1.nh                              1.31381
x1.y1                                        0
x1.y5                                        0
x1.xs1.nt                         -5.24865e-18
x1.xs2.nh                                 2.97
x1.y2                                     2.97
x1.xs2.nt                          7.34967e-12
x1.xs3.nh                                 2.97
x1.y3                                        0
x1.xs3.nt                          7.24944e-18
x1.xs4.nh                                 2.97
x1.y4                                     2.97
x1.xs4.nt                          7.34967e-12
x1.xs5.nh                                 2.97
x1.xs5.nt                          7.24944e-18
x1.nb1                                    2.97
x1.nb2                              2.7532e-09
clk1                                      2.97
x1.xcdec1.c_moscap_int1                  -2.97
x1.xcdec2.c_moscap_int1                  -2.97
x2.xbias.na                           0.933682
x2.xbias.vbpc                          1.98626
x2.xbias.nc                          0.0932211
x2.xbias.xrcg.11                     0.0930183
x2.xbias.xrcg.21                     0.0002028
x2.xbias.nsu                         0.0122898
x2.xbias.vfix                           1.8472
x2.xbias.nmd                          0.796245
x2.xbias.vbp0                          2.05528
x2.xbias.noff                         0.796087
x2.xbias.xroff.11                     0.795784
x2.xbias.xroff.21                  0.000303057
x2.xbias.nvi                           0.33314
x2.xbias.xrdeg.11                     0.333013
x2.xbias.xrdeg.21                  0.000126821
x2.xbias.b0b                       4.10044e-09
x2.xbias.b1b                              2.97
x2.xbias.b2b                       4.10044e-09
x2.xbias.vbn1                         0.799954
x2.xbias.ga                            2.05528
x2.xbias.vbp2                          2.04759
x2.xbias.gb                        5.17193e-15
x2.vbn                                0.892582
x2.xbias.gc                            2.04759
x2.vbp                                 1.93288
x2.xs1.nh                              1.32907
x2.y1                                        0
x2.y5                                        0
x2.xs1.nt                         -1.24236e-17
x2.xs2.nh                                 2.97
x2.y2                                     2.97
x2.xs2.nt                          6.56887e-12
x2.xs3.nh                                 2.97
x2.y3                                        0
x2.xs3.nt                           7.8432e-17
x2.xs4.nh                                 2.97
x2.y4                                     2.97
x2.xs4.nt                          6.56887e-12
x2.xs5.nh                                 2.97
x2.xs5.nt                           7.8432e-17
x2.nb1                                    2.97
x2.nb2                              2.7532e-09
clk2                                      2.97
x2.xcdec1.c_moscap_int1                  -2.97
x2.xcdec2.c_moscap_int1                  -2.97
x3.xbias.na                           0.933682
x3.xbias.vbpc                          1.98626
x3.xbias.nc                          0.0932211
x3.xbias.xrcg.11                     0.0930183
x3.xbias.xrcg.21                     0.0002028
x3.xbias.nsu                         0.0122898
x3.xbias.vfix                           1.8472
x3.xbias.nmd                          0.796245
x3.xbias.vbp0                           2.0456
x3.xbias.noff                          0.79607
x3.xbias.xroff.11                     0.795767
x3.xbias.xroff.21                   0.00030305
x3.xbias.nvi                          0.542954
x3.xbias.xrdeg.11                     0.542747
x3.xbias.xrdeg.21                  0.000206694
x3.xbias.b0b                       4.10044e-09
x3.xbias.b1b                              2.97
x3.xbias.b2b                       4.10044e-09
x3.xbias.vbn1                         0.809877
x3.xbias.ga                             2.0456
x3.xbias.vbp2                          2.03776
x3.xbias.gb                         5.1835e-15
x3.vbn                                0.906844
x3.xbias.gc                            2.03776
x3.vbp                                 1.91583
x3.xs1.nh                              1.34403
x3.y1                                        0
x3.y5                                        0
x3.xs1.nt                         -1.91954e-17
x3.xs2.nh                                 2.97
x3.y2                                     2.97
x3.xs2.nt                          5.93333e-12
x3.xs3.nh                                 2.97
x3.y3                                        0
x3.xs3.nt                            2.042e-17
x3.xs4.nh                                 2.97
x3.y4                                     2.97
x3.xs4.nt                          5.93333e-12
x3.xs5.nh                                 2.97
x3.xs5.nt                            2.042e-17
x3.nb1                                    2.97
x3.nb2                              2.7532e-09
clk3                                      2.97
x3.xcdec1.c_moscap_int1                  -2.97
x3.xcdec2.c_moscap_int1                  -2.97
x4.xbias.na                           0.933682
x4.xbias.vbpc                          1.98626
x4.xbias.nc                          0.0932211
x4.xbias.xrcg.11                     0.0930183
x4.xbias.xrcg.21                     0.0002028
x4.xbias.nsu                         0.0122898
x4.xbias.vfix                           1.8472
x4.xbias.nmd                          0.796245
x4.xbias.vbp0                          2.03658
x4.xbias.noff                         0.796054
x4.xbias.xroff.11                     0.795751
x4.xbias.xroff.21                  0.000303044
x4.xbias.nvi                          0.761138
x4.xbias.xrdeg.11                     0.760848
x4.xbias.xrdeg.21                  0.000289752
x4.xbias.b0b                       4.10044e-09
x4.xbias.b1b                              2.97
x4.xbias.b2b                       4.10044e-09
x4.xbias.vbn1                         0.819078
x4.xbias.ga                            2.03658
x4.xbias.vbp2                          2.02857
x4.xbias.gb                        5.19422e-15
x4.vbn                                0.920353
x4.xbias.gc                            2.02857
x4.vbp                                  1.8995
x4.xs1.nh                              1.35837
x4.y1                                        0
x4.y5                                        0
x4.xs1.nt                          5.36158e-18
x4.xs2.nh                                 2.97
x4.y2                                     2.97
x4.xs2.nt                          5.42679e-12
x4.xs3.nh                                 2.97
x4.y3                                        0
x4.xs3.nt                          5.30733e-18
x4.xs4.nh                                 2.97
x4.y4                                     2.97
x4.xs4.nt                          5.42679e-12
x4.xs5.nh                                 2.97
x4.xs5.nt                          5.30733e-18
x4.nb1                                    2.97
x4.nb2                              2.7532e-09
clk4                                      2.97
x4.xcdec1.c_moscap_int1                  -2.97
x4.xcdec2.c_moscap_int1                  -2.97
x5.xbias.na                           0.933682
x5.xbias.vbpc                          1.98626
x5.xbias.nc                          0.0932211
x5.xbias.xrcg.11                     0.0930183
x5.xbias.xrcg.21                     0.0002028
x5.xbias.nsu                         0.0122898
x5.xbias.vfix                           1.8472
x5.xbias.nmd                          0.796245
x5.xbias.vbp0                          2.02815
x5.xbias.noff                         0.796038
x5.xbias.xroff.11                     0.795735
x5.xbias.xroff.21                  0.000303039
x5.xbias.nvi                           0.98531
x5.xbias.xrdeg.11                     0.984935
x5.xbias.xrdeg.21                  0.000375091
x5.xbias.b0b                       4.10044e-09
x5.xbias.b1b                              2.97
x5.xbias.b2b                       4.10044e-09
x5.xbias.vbn1                         0.827634
x5.xbias.ga                            2.02815
x5.xbias.vbp2                          2.01997
x5.xbias.gb                        5.20419e-15
x5.vbn                                0.933167
x5.xbias.gc                            2.01997
x5.vbp                                  1.8839
x5.xs1.nh                              1.37211
x5.y1                                        0
x5.y5                                        0
x5.xs1.nt                         -8.51074e-18
x5.xs2.nh                                 2.97
x5.y2                                     2.97
x5.xs2.nt                          5.01571e-12
x5.xs3.nh                                 2.97
x5.y3                                        0
x5.xs3.nt                          2.10836e-18
x5.xs4.nh                                 2.97
x5.y4                                     2.97
x5.xs4.nt                          5.01571e-12
x5.xs5.nh                                 2.97
x5.xs5.nt                          2.10836e-18
x5.nb1                                    2.97
x5.nb2                              2.7532e-09
clk5                                      2.97
x5.xcdec1.c_moscap_int1                  -2.97
x5.xcdec2.c_moscap_int1                  -2.97
x6.xbias.na                           0.933682
x6.xbias.vbpc                          1.98626
x6.xbias.nc                          0.0932211
x6.xbias.xrcg.11                     0.0930183
x6.xbias.xrcg.21                     0.0002028
x6.xbias.nsu                         0.0122898
x6.xbias.vfix                           1.8472
x6.xbias.nmd                          0.796245
x6.xbias.vbp0                          2.02023
x6.xbias.noff                         0.796024
x6.xbias.xroff.11                     0.795721
x6.xbias.xroff.21                  0.000303033
x6.xbias.nvi                           1.21419
x6.xbias.xrdeg.11                      1.21372
x6.xbias.xrdeg.21                  0.000462221
x6.xbias.b0b                       4.10044e-09
x6.xbias.b1b                              2.97
x6.xbias.b2b                       4.10044e-09
x6.xbias.vbn1                         0.835637
x6.xbias.ga                            2.02023
x6.xbias.vbp2                          2.01187
x6.xbias.gb                        5.21351e-15
x6.vbn                                0.945376
x6.xbias.gc                            2.01187
x6.vbp                                 1.86894
x6.xs1.nh                               1.3853
x6.y1                                        0
x6.y5                                        0
x6.xs1.nt                         -6.45956e-18
x6.xs2.nh                                 2.97
x6.y2                                     2.97
x6.xs2.nt                          4.67558e-12
x6.xs3.nh                                 2.97
x6.y3                                        0
x6.xs3.nt                         -2.98306e-39
x6.xs4.nh                                 2.97
x6.y4                                     2.97
x6.xs4.nt                          4.67558e-12
x6.xs5.nh                                 2.97
x6.xs5.nt                         -2.98306e-39
x6.nb1                                    2.97
x6.nb2                              2.7532e-09
clk6                                      2.97
x6.xcdec1.c_moscap_int1                  -2.97
x6.xcdec2.c_moscap_int1                  -2.97
x7.xbias.na                           0.933682
x7.xbias.vbpc                          1.98626
x7.xbias.nc                          0.0932211
x7.xbias.xrcg.11                     0.0930183
x7.xbias.xrcg.21                     0.0002028
x7.xbias.nsu                         0.0122898
x7.xbias.vfix                           1.8472
x7.xbias.nmd                          0.796245
x7.xbias.vbp0                          2.01274
x7.xbias.noff                         0.796011
x7.xbias.xroff.11                     0.795708
x7.xbias.xroff.21                  0.000303028
x7.xbias.nvi                           1.44692
x7.xbias.xrdeg.11                      1.44637
x7.xbias.xrdeg.21                  0.000550819
x7.xbias.b0b                       4.10044e-09
x7.xbias.b1b                              2.97
x7.xbias.b2b                       4.10044e-09
x7.xbias.vbn1                         0.843169
x7.xbias.ga                            2.01274
x7.xbias.vbp2                          2.00421
x7.xbias.gb                        5.22228e-15
x7.vbn                                0.957063
x7.xbias.gc                            2.00421
x7.vbp                                 1.85457
x7.xs1.nh                              1.39799
x7.y1                                        0
x7.y5                                        0
x7.xs1.nt                         -1.81342e-17
x7.xs2.nh                                 2.97
x7.y2                                     2.97
x7.xs2.nt                          4.38924e-12
x7.xs3.nh                                 2.97
x7.y3                                        0
x7.xs3.nt                           1.0687e-18
x7.xs4.nh                                 2.97
x7.y4                                     2.97
x7.xs4.nt                          4.38924e-12
x7.xs5.nh                                 2.97
x7.xs5.nt                           1.0687e-18
x7.nb1                                    2.97
x7.nb2                              2.7532e-09
clk7                                      2.97
x7.xcdec1.c_moscap_int1                  -2.97
x7.xcdec2.c_moscap_int1                  -2.97
e.x7.xcdec2.ec_moscap#branch                 0
e.x7.xcdec1.ec_moscap#branch                 0
e.x6.xcdec2.ec_moscap#branch                 0
e.x6.xcdec1.ec_moscap#branch                 0
e.x5.xcdec2.ec_moscap#branch                 0
e.x5.xcdec1.ec_moscap#branch                 0
e.x4.xcdec2.ec_moscap#branch                 0
e.x4.xcdec1.ec_moscap#branch                 0
e.x3.xcdec2.ec_moscap#branch                 0
e.x3.xcdec1.ec_moscap#branch                 0
e.x2.xcdec2.ec_moscap#branch                 0
e.x2.xcdec1.ec_moscap#branch                 0
e.x1.xcdec2.ec_moscap#branch                 0
e.x1.xcdec1.ec_moscap#branch                 0
vs7#branch                         0.000156106
vs6#branch                         0.000141645
vs5#branch                         0.000127374
vs4#branch                          0.00011334
vs3#branch                          9.9619e-05
vs2#branch                         8.63526e-05
vs1#branch                         7.39486e-05
vv7#branch                                   0
vv6#branch                                   0
vv5#branch                                   0
vv4#branch                                   0
vv3#branch                                   0
vv2#branch                                   0
vv1#branch                                   0
vb2#branch                                   0
vb1#branch                                   0
vb0#branch                                   0
vdd#branch                        -0.000798385

 Reference value :  0.00000e+00
 Reference value :  6.86327e-10
 Reference value :  1.62101e-09
 Reference value :  2.55570e-09
 Reference value :  3.49039e-09
 Reference value :  4.59122e-09
 Reference value :  6.68551e-09
 Reference value :  8.97068e-09
 Reference value :  1.16072e-08
 Reference value :  1.36665e-08
 Reference value :  1.53819e-08
 Reference value :  1.77185e-08
 Reference value :  1.95985e-08
 Reference value :  2.21756e-08
 Reference value :  2.40914e-08
 Reference value :  2.63569e-08
 Reference value :  2.80217e-08
 Reference value :  2.95805e-08
 Reference value :  3.10655e-08
 Reference value :  3.33463e-08
 Reference value :  3.44212e-08
 Reference value :  3.67579e-08
 Reference value :  3.83616e-08
 Reference value :  4.07540e-08
 Reference value :  4.32521e-08
 Reference value :  4.49356e-08
 Reference value :  4.61738e-08
 Reference value :  4.83055e-08
 Reference value :  5.03472e-08
 Reference value :  5.27743e-08
 Reference value :  5.47827e-08
 Reference value :  5.69745e-08
 Reference value :  5.85642e-08
 Reference value :  6.03986e-08
 Reference value :  6.23553e-08
 Reference value :  6.42762e-08
 Reference value :  6.68598e-08
 Reference value :  6.87533e-08
 Reference value :  7.13536e-08
 Reference value :  7.35715e-08
 Reference value :  7.59752e-08
 Reference value :  7.80454e-08
 Reference value :  7.99476e-08
 Reference value :  8.23061e-08
 Reference value :  8.44176e-08
 Reference value :  8.67361e-08
 Reference value :  8.95819e-08
 Reference value :  9.12868e-08
 Reference value :  9.39268e-08
 Reference value :  9.57189e-08
 Reference value :  9.72345e-08
 Reference value :  1.00002e-07
 Reference value :  1.01476e-07
 Reference value :  1.04063e-07
 Reference value :  1.05540e-07
 Reference value :  1.08161e-07
 Reference value :  1.10133e-07
 Reference value :  1.10805e-07
 Reference value :  1.11702e-07
 Reference value :  1.12116e-07
 Reference value :  1.12997e-07
 Reference value :  1.15070e-07
 Reference value :  1.17003e-07
 Reference value :  1.18765e-07
 Reference value :  1.21430e-07
 Reference value :  1.24266e-07
 Reference value :  1.27048e-07
 Reference value :  1.30191e-07
 Reference value :  1.32535e-07
 Reference value :  1.34576e-07
 Reference value :  1.36421e-07
 Reference value :  1.38586e-07
 Reference value :  1.40392e-07
 Reference value :  1.41826e-07
 Reference value :  1.43809e-07
 Reference value :  1.47034e-07
 Reference value :  1.49995e-07
 Reference value :  1.54363e-07
 Reference value :  1.57760e-07
 Reference value :  1.61390e-07
 Reference value :  1.64872e-07
 Reference value :  1.68519e-07
 Reference value :  1.70718e-07
 Reference value :  1.72417e-07
 Reference value :  1.75555e-07
 Reference value :  1.78349e-07
 Reference value :  1.80819e-07
 Reference value :  1.82573e-07
 Reference value :  1.85595e-07
 Reference value :  1.87905e-07
 Reference value :  1.89070e-07
 Reference value :  1.91567e-07
 Reference value :  1.93935e-07
 Reference value :  1.96143e-07
 Reference value :  1.99005e-07
 Reference value :  2.01781e-07
 Reference value :  2.04918e-07
 Reference value :  2.07641e-07
 Reference value :  2.08969e-07
 Reference value :  2.10593e-07
 Reference value :  2.13276e-07
 Reference value :  2.15066e-07
 Reference value :  2.17027e-07
 Reference value :  2.19302e-07
 Reference value :  2.21042e-07
 Reference value :  2.22863e-07
 Reference value :  2.24706e-07
 Reference value :  2.26748e-07
 Reference value :  2.28481e-07
 Reference value :  2.30990e-07
 Reference value :  2.33441e-07
 Reference value :  2.35071e-07
 Reference value :  2.37950e-07
 Reference value :  2.40383e-07
 Reference value :  2.43248e-07
 Reference value :  2.45489e-07
 Reference value :  2.47609e-07
 Reference value :  2.50177e-07
 Reference value :  2.53399e-07
 Reference value :  2.55890e-07
No. of Data Rows : 4334

  Measurements for Transient Analysis

tp1                 =  7.535367e-08 targ=  1.700563e-07 trig=  9.470259e-08
tp2                 =  6.188374e-08 targ=  1.706968e-07 trig=  1.088130e-07
tp3                 =  5.176135e-08 targ=  1.557457e-07 trig=  1.039843e-07
tp4                 =  4.408736e-08 targ=  1.437655e-07 trig=  9.967811e-08
tp5                 =  3.818083e-08 targ=  1.340744e-07 trig=  9.589354e-08
tp6                 =  3.352463e-08 targ=  1.344980e-07 trig=  1.009734e-07
tp7                 =  2.974672e-08 targ=  1.268849e-07 trig=  9.713818e-08
f1                  =  5.30830e+07
f2                  =  6.46373e+07
f3                  =  7.72777e+07
f4                  =  9.07289e+07
f5                  =  1.04765e+08
f6                  =  1.19315e+08
f7                  =  1.34469e+08
i1                  =  1.018573e-04 from=  9.358270e-08 to=  2.573520e-07
i2                  =  1.175640e-04 from=  9.358270e-08 to=  2.573520e-07
i3                  =  1.351590e-04 from=  9.358270e-08 to=  2.573520e-07
i4                  =  1.537113e-04 from=  9.358270e-08 to=  2.573520e-07
i5                  =  1.720649e-04 from=  9.358270e-08 to=  2.573520e-07
i6                  =  1.914165e-04 from=  9.358270e-08 to=  2.573520e-07
i7                  =  2.110066e-04 from=  9.358270e-08 to=  2.573520e-07
sw1hi               =  3.056832e+00 at=  1.324508e-07
sw1lo               =  -1.134546e-01 at=  2.355104e-07
sw7hi               =  3.070854e+00 at=  2.460167e-07
sw7lo               =  -1.430105e-01 at=  1.677184e-07

ngspice-42 done

Using SPARSE 1.3 as Direct Linear Solver
