
Note: No compatibility mode selected!


Circuit: * vco-tuning-range @ typical_27c_2.97v_band1 -- generated by sim/harness, do not edit

Doing analysis at TEMP = 27.000000 and TNOM = 27.000000


Initial Transient Solution
--------------------------

Node                                   Voltage
----                                   -------
vdd                                       2.97
nb0                                       2.97
nb1                                          0
nb2                                          0
vc1                                        0.9
vc2                                        1.2
vc3                                        1.5
vc4                                        1.8
vc5                                        2.1
vc6                                        2.4
vc7                                        2.7
nv1                                       2.97
nv2                                       2.97
nv3                                       2.97
nv4                                       2.97
nv5                                       2.97
nv6                                       2.97
nv7                                       2.97
x1.xbias.na                           0.937711
x1.xbias.vbpc                          2.00314
x1.xbias.nc                           0.118758
x1.xbias.xrcg.11                      0.118533
x1.xbias.xrcg.21                    0.00022505
x1.xbias.nsu                        0.00993799
x1.xbias.vfix                          1.75256
x1.xbias.nmd                          0.754001
x1.xbias.vbp0                          2.12585
x1.xbias.noff                         0.762476
x1.xbias.xroff.11                     0.762224
x1.xbias.xroff.21                  0.000252728
x1.xbias.nvi                          0.177855
x1.xbias.xrdeg.11                     0.177796
x1.xbias.xrdeg.21                  5.89513e-05
x1.xbias.b0b                       5.04134e-09
x1.xbias.b1b                              2.97
x1.xbias.b2b                              2.97
x1.xbias.vbn1                         0.738257
x1.xbias.ga                            2.12585
x1.xbias.vbp2                          2.11501
x1.xbias.gb                        1.51211e-11
x1.vbn                                0.698907
x1.xbias.gc                               2.97
x1.vbp                                 2.14362
x1.xs1.nh                              1.14861
x1.y1                                        0
x1.y5                                        0
x1.xs1.nt                         -8.52955e-18
x1.xs2.nh                                 2.97
x1.y2                                     2.97
x1.xs2.nt                          2.44482e-08
x1.xs3.nh                                 2.97
x1.y3                                        0
x1.xs3.nt                         -1.15056e-45
x1.xs4.nh                                 2.97
x1.y4                                     2.97
x1.xs4.nt                          2.44482e-08
x1.xs5.nh                                 2.97
x1.xs5.nt                         -1.15056e-45
x1.nb1                                    2.97
x1.nb2                             3.40312e-09
clk1                                      2.97
x1.xcdec1.c_moscap_int1                  -2.97
x1.xcdec2.c_moscap_int1                  -2.97
x2.xbias.na                           0.937711
x2.xbias.vbpc                          2.00314
x2.xbias.nc                           0.118758
x2.xbias.xrcg.11                      0.118533
x2.xbias.xrcg.21                    0.00022505
x2.xbias.nsu                        0.00993799
x2.xbias.vfix                          1.75256
x2.xbias.nmd                          0.754001
x2.xbias.vbp0                          2.11323
x2.xbias.noff                         0.762455
x2.xbias.xroff.11                     0.762202
x2.xbias.xroff.21                  0.000252721
x2.xbias.nvi                          0.372569
x2.xbias.xrdeg.11                     0.372445
x2.xbias.xrdeg.21                  0.000123491
x2.xbias.b0b                       5.04134e-09
x2.xbias.b1b                              2.97
x2.xbias.b2b                              2.97
x2.xbias.vbn1                         0.750902
x2.xbias.ga                            2.11323
x2.xbias.vbp2                          2.10221
x2.xbias.gb                        1.51569e-11
x2.vbn                                0.708912
x2.xbias.gc                               2.97
x2.vbp                                 2.13297
x2.xs1.nh                              1.15768
x2.y1                                        0
x2.y5                                        0
x2.xs1.nt                         -2.58728e-18
x2.xs2.nh                                 2.97
x2.y2                                     2.97
x2.xs2.nt                          2.13478e-08
x2.xs3.nh                                 2.97
x2.y3                                        0
x2.xs3.nt                          1.75751e-32
x2.xs4.nh                                 2.97
x2.y4                                     2.97
x2.xs4.nt                          2.13478e-08
x2.xs5.nh                                 2.97
x2.xs5.nt                          1.75751e-32
x2.nb1                                    2.97
x2.nb2                             3.40312e-09
clk2                                      2.97
x2.xcdec1.c_moscap_int1                  -2.97
x2.xcdec2.c_moscap_int1                  -2.97
x3.xbias.na                           0.937711
x3.xbias.vbpc                          2.00314
x3.xbias.nc                           0.118758
x3.xbias.xrcg.11                      0.118533
x3.xbias.xrcg.21                    0.00022505
x3.xbias.nsu                        0.00993799
x3.xbias.vfix                          1.75256
x3.xbias.nmd                          0.754001
x3.xbias.vbp0                          2.10135
x3.xbias.noff                         0.762435
x3.xbias.xroff.11                     0.762182
x3.xbias.xroff.21                  0.000252714
x3.xbias.nvi                          0.580815
x3.xbias.xrdeg.11                     0.580622
x3.xbias.xrdeg.21                  0.000192515
x3.xbias.b0b                       5.04134e-09
x3.xbias.b1b                              2.97
x3.xbias.b2b                              2.97
x3.xbias.vbn1                         0.762839
x3.xbias.ga                            2.10135
x3.xbias.vbp2                          2.09012
x3.xbias.gb                        1.51907e-11
x3.vbn                                0.718194
x3.xbias.gc                               2.97
x3.vbp                                 2.12303
x3.xs1.nh                              1.16615
x3.y1                                        0
x3.y5                                        0
x3.xs1.nt                         -3.91069e-26
x3.xs2.nh                                 2.97
x3.y2                                     2.97
x3.xs2.nt                          1.89486e-08
x3.xs3.nh                                 2.97
x3.y3                                        0
x3.xs3.nt                         -3.40562e-33
x3.xs4.nh                                 2.97
x3.y4                                     2.97
x3.xs4.nt                          1.89486e-08
x3.xs5.nh                                 2.97
x3.xs5.nt                         -3.40562e-33
x3.nb1                                    2.97
x3.nb2                             3.40312e-09
clk3                                      2.97
x3.xcdec1.c_moscap_int1                  -2.97
x3.xcdec2.c_moscap_int1                  -2.97
x4.xbias.na                           0.937711
x4.xbias.vbpc                          2.00314
x4.xbias.nc                           0.118758
x4.xbias.xrcg.11                      0.118533
x4.xbias.xrcg.21                    0.00022505
x4.xbias.nsu                        0.00993799
x4.xbias.vfix                          1.75256
x4.xbias.nmd                          0.754001
x4.xbias.vbp0                          2.09029
x4.xbias.noff                         0.762416
x4.xbias.xroff.11                     0.762163
x4.xbias.xroff.21                  0.000252708
x4.xbias.nvi                          0.797039
x4.xbias.xrdeg.11                     0.796774
x4.xbias.xrdeg.21                  0.000264184
x4.xbias.b0b                       5.04134e-09
x4.xbias.b1b                              2.97
x4.xbias.b2b                              2.97
x4.xbias.vbn1                         0.773963
x4.xbias.ga                            2.09029
x4.xbias.vbp2                          2.07886
x4.xbias.gb                        1.52222e-11
x4.vbn                                 0.72671
x4.xbias.gc                               2.97
x4.vbp                                 2.11387
x4.xs1.nh                              1.17399
x4.y1                                        0
x4.y5                                        0
x4.xs1.nt                          1.25066e-25
x4.xs2.nh                                 2.97
x4.y2                                     2.97
x4.xs2.nt                          1.70776e-08
x4.xs3.nh                                 2.97
x4.y3                                        0
x4.xs3.nt                          4.32206e-33
x4.xs4.nh                                 2.97
x4.y4                                     2.97
x4.xs4.nt                          1.70776e-08
x4.xs5.nh                                 2.97
x4.xs5.nt                          4.32206e-33
x4.nb1                                    2.97
x4.nb2                             3.40312e-09
clk4                                      2.97
x4.xcdec1.c_moscap_int1                  -2.97
x4.xcdec2.c_moscap_int1                  -2.97
x5.xbias.na                           0.937711
x5.xbias.vbpc                          2.00314
x5.xbias.nc                           0.118758
x5.xbias.xrcg.11                      0.118533
x5.xbias.xrcg.21                    0.00022505
x5.xbias.nsu                        0.00993799
x5.xbias.vfix                          1.75256
x5.xbias.nmd                          0.754001
x5.xbias.vbp0                          2.07998
x5.xbias.noff                         0.762398
x5.xbias.xroff.11                     0.762145
x5.xbias.xroff.21                  0.000252702
x5.xbias.nvi                           1.01904
x5.xbias.xrdeg.11                       1.0187
x5.xbias.xrdeg.21                  0.000337768
x5.xbias.b0b                       5.04134e-09
x5.xbias.b1b                              2.97
x5.xbias.b2b                              2.97
x5.xbias.vbn1                         0.784361
x5.xbias.ga                            2.07998
x5.xbias.vbp2                          2.06832
x5.xbias.gb                        1.52515e-11
x5.vbn                                0.734558
x5.xbias.gc                               2.97
x5.vbp                                 2.10538
x5.xs1.nh                              1.18125
x5.y1                                        0
x5.y5                                        0
x5.xs1.nt                          1.65937e-26
x5.xs2.nh                                 2.97
x5.y2                                     2.97
x5.xs2.nt                          1.55857e-08
x5.xs3.nh                                 2.97
x5.y3                                        0
x5.xs3.nt                          -4.0483e-46
x5.xs4.nh                                 2.97
x5.y4                                     2.97
x5.xs4.nt                          1.55857e-08
x5.xs5.nh                                 2.97
x5.xs5.nt                          -4.0483e-46
x5.nb1                                    2.97
x5.nb2                             3.40312e-09
clk5                                      2.97
x5.xcdec1.c_moscap_int1                  -2.97
x5.xcdec2.c_moscap_int1                  -2.97
x6.xbias.na                           0.937711
x6.xbias.vbpc                          2.00314
x6.xbias.nc                           0.118758
x6.xbias.xrcg.11                      0.118533
x6.xbias.xrcg.21                    0.00022505
x6.xbias.nsu                        0.00993799
x6.xbias.vfix                          1.75256
x6.xbias.nmd                          0.754001
x6.xbias.vbp0                          2.07029
x6.xbias.noff                         0.762382
x6.xbias.xroff.11                     0.762129
x6.xbias.xroff.21                  0.000252697
x6.xbias.nvi                           1.24561
x6.xbias.xrdeg.11                      1.24519
x6.xbias.xrdeg.21                  0.000412865
x6.xbias.b0b                       5.04134e-09
x6.xbias.b1b                              2.97
x6.xbias.b2b                              2.97
x6.xbias.vbn1                         0.794136
x6.xbias.ga                            2.07029
x6.xbias.vbp2                           2.0584
x6.xbias.gb                        1.52791e-11
x6.vbn                                0.741841
x6.xbias.gc                               2.97
x6.vbp                                 2.09747
x6.xs1.nh                              1.18804
x6.y1                                        0
x6.y5                                        0
x6.xs1.nt                          5.55792e-26
x6.xs2.nh                                 2.97
x6.y2                                     2.97
x6.xs2.nt                          1.43699e-08
x6.xs3.nh                                 2.97
x6.y3                                        0
x6.xs3.nt                          6.16902e-33
x6.xs4.nh                                 2.97
x6.y4                                     2.97
x6.xs4.nt                          1.43699e-08
x6.xs5.nh                                 2.97
x6.xs5.nt                          6.16902e-33
x6.nb1                                    2.97
x6.nb2                             3.40312e-09
clk6                                      2.97
x6.xcdec1.c_moscap_int1                  -2.97
x6.xcdec2.c_moscap_int1                  -2.97
x7.xbias.na                           0.937711
x7.xbias.vbpc                          2.00314
x7.xbias.nc                           0.118758
x7.xbias.xrcg.11                      0.118533
x7.xbias.xrcg.21                    0.00022505
x7.xbias.nsu                        0.00993799
x7.xbias.vfix                          1.75256
x7.xbias.nmd                          0.754001
x7.xbias.vbp0                          2.06114
x7.xbias.noff                         0.762366
x7.xbias.xroff.11                     0.762113
x7.xbias.xroff.21                  0.000252692
x7.xbias.nvi                           1.47593
x7.xbias.xrdeg.11                      1.47544
x7.xbias.xrdeg.21                  0.000489208
x7.xbias.b0b                       5.04134e-09
x7.xbias.b1b                              2.97
x7.xbias.b2b                              2.97
x7.xbias.vbn1                         0.803377
x7.xbias.ga                            2.06114
x7.xbias.vbp2                          2.04902
x7.xbias.gb                        1.53052e-11
x7.vbn                                0.748647
x7.xbias.gc                               2.97
x7.vbp                                 2.09004
x7.xs1.nh                              1.19441
x7.y1                                        0
x7.y5                                        0
x7.xs1.nt                           6.0087e-26
x7.xs2.nh                                 2.97
x7.y2                                     2.97
x7.xs2.nt                          1.33601e-08
x7.xs3.nh                                 2.97
x7.y3                                        0
x7.xs3.nt                          7.08249e-33
x7.xs4.nh                                 2.97
x7.y4                                     2.97
x7.xs4.nt                          1.33601e-08
x7.xs5.nh                                 2.97
x7.xs5.nt                          7.08249e-33
x7.nb1                                    2.97
x7.nb2                             3.40312e-09
clk7                                      2.97
x7.xcdec1.c_moscap_int1                  -2.97
x7.xcdec2.c_moscap_int1                  -2.97
e.x7.xcdec2.ec_moscap#branch                 0
e.x7.xcdec1.ec_moscap#branch                 0
e.x6.xcdec2.ec_moscap#branch                 0
e.x6.xcdec1.ec_moscap#branch                 0
e.x5.xcdec2.ec_moscap#branch                 0
e.x5.xcdec1.ec_moscap#branch                 0
e.x4.xcdec2.ec_moscap#branch                 0
e.x4.xcdec1.ec_moscap#branch                 0
e.x3.xcdec2.ec_moscap#branch                 0
e.x3.xcdec1.ec_moscap#branch                 0
e.x2.xcdec2.ec_moscap#branch                 0
e.x2.xcdec1.ec_moscap#branch                 0
e.x1.xcdec2.ec_moscap#branch                 0
e.x1.xcdec1.ec_moscap#branch                 0
vs7#branch                          7.8411e-05
vs6#branch                         7.20811e-05
vs5#branch                         6.58414e-05
vs4#branch                         5.97127e-05
vs3#branch                         5.37268e-05
vs2#branch                         4.79431e-05
vs1#branch                         4.25145e-05
vv7#branch                                   0
vv6#branch                                   0
vv5#branch                                   0
vv4#branch                                   0
vv3#branch                                   0
vv2#branch                                   0
vv1#branch                                   0
vb2#branch                                   0
vb1#branch                                   0
vb0#branch                                   0
vdd#branch                        -0.000420231

 Reference value :  1.64437e-10
 Reference value :  2.22402e-08
 Reference value :  3.64891e-08
 Reference value :  5.40915e-08
 Reference value :  6.66667e-08
 Reference value :  8.11713e-08
 Reference value :  8.76554e-08
 Reference value :  9.82843e-08
 Reference value :  1.15404e-07
 Reference value :  1.31997e-07
 Reference value :  1.48783e-07
 Reference value :  1.63651e-07
 Reference value :  1.77887e-07
 Reference value :  1.97179e-07
 Reference value :  2.11956e-07
 Reference value :  2.30023e-07
 Reference value :  2.34838e-07
 Reference value :  2.51589e-07
 Reference value :  2.64410e-07
 Reference value :  2.70137e-07
 Reference value :  2.78227e-07
 Reference value :  2.90495e-07
 Reference value :  2.92430e-07
 Reference value :  2.96214e-07
 Reference value :  3.13951e-07
 Reference value :  3.22497e-07
 Reference value :  3.34320e-07
 Reference value :  3.39081e-07
 Reference value :  3.49699e-07
 Reference value :  3.54093e-07
 Reference value :  3.58282e-07
 Reference value :  3.61416e-07
 Reference value :  3.67583e-07
 Reference value :  3.85157e-07
 Reference value :  4.01807e-07
 Reference value :  4.14934e-07
 Reference value :  4.32899e-07
 Reference value :  4.54616e-07
 Reference value :  4.76861e-07
 Reference value :  4.96214e-07
 Reference value :  5.16596e-07
 Reference value :  5.32493e-07
 Reference value :  5.52022e-07
 Reference value :  5.65309e-07
 Reference value :  5.87734e-07
 Reference value :  5.94082e-07
 Reference value :  6.10526e-07
 Reference value :  6.15126e-07
 Reference value :  6.16608e-07
 Reference value :  6.20221e-07
 Reference value :  6.24062e-07
 Reference value :  6.26945e-07
 Reference value :  6.32084e-07
 Reference value :  6.49636e-07
 Reference value :  6.64595e-07
 Reference value :  6.81833e-07
 Reference value :  6.98156e-07
 Reference value :  7.12556e-07
 Reference value :  7.31229e-07
 Reference value :  7.50122e-07
 Reference value :  7.62149e-07
 Reference value :  7.76847e-07
 Reference value :  7.92941e-07
 Reference value :  8.11057e-07
 Reference value :  8.16771e-07
 Reference value :  8.21668e-07
 Reference value :  8.26062e-07
 Reference value :  8.34346e-07
 Reference value :  8.44602e-07
 Reference value :  8.49230e-07
 Reference value :  8.59407e-07
 Reference value :  8.82577e-07
 Reference value :  8.96985e-07
 Reference value :  9.17201e-07
 Reference value :  9.35214e-07
 Reference value :  9.53237e-07
 Reference value :  9.71037e-07
 Reference value :  9.92760e-07
 Reference value :  1.01332e-06
 Reference value :  1.02378e-06
 Reference value :  1.03925e-06
 Reference value :  1.05728e-06
 Reference value :  1.07180e-06
 Reference value :  1.08716e-06
 Reference value :  1.09693e-06
 Reference value :  1.10177e-06
 Reference value :  1.10595e-06
 Reference value :  1.10947e-06
 Reference value :  1.11444e-06
 Reference value :  1.13221e-06
 Reference value :  1.14499e-06
 Reference value :  1.15239e-06
 Reference value :  1.16527e-06
 Reference value :  1.17884e-06
 Reference value :  1.19671e-06
 Reference value :  1.21257e-06
 Reference value :  1.22170e-06
 Reference value :  1.23598e-06
 Reference value :  1.24907e-06
 Reference value :  1.26475e-06
 Reference value :  1.28735e-06
 Reference value :  1.30233e-06
 Reference value :  1.32018e-06
 Reference value :  1.33463e-06
 Reference value :  1.35218e-06
 Reference value :  1.36635e-06
 Reference value :  1.38023e-06
 Reference value :  1.39911e-06
 Reference value :  1.41460e-06
 Reference value :  1.43451e-06
 Reference value :  1.44547e-06
 Reference value :  1.46705e-06
 Reference value :  1.47953e-06
 Reference value :  1.50036e-06
 Reference value :  1.50936e-06
 Reference value :  1.51288e-06
 Reference value :  1.52218e-06
 Reference value :  1.53300e-06
 Reference value :  1.54880e-06
 Reference value :  1.55844e-06
 Reference value :  1.57773e-06
 Reference value :  1.58873e-06
 Reference value :  1.60153e-06
 Reference value :  1.61956e-06
 Reference value :  1.63540e-06
 Reference value :  1.65060e-06
 Reference value :  1.65990e-06
 Reference value :  1.66555e-06
 Reference value :  1.67069e-06
 Reference value :  1.68084e-06
 Reference value :  1.69532e-06
 Reference value :  1.71302e-06
 Reference value :  1.71940e-06
 Reference value :  1.73167e-06
 Reference value :  1.75265e-06
 Reference value :  1.75830e-06
 Reference value :  1.76390e-06
 Reference value :  1.76909e-06
 Reference value :  1.79340e-06
 Reference value :  1.80721e-06
 Reference value :  1.82108e-06
 Reference value :  1.84265e-06
 Reference value :  1.85445e-06
 Reference value :  1.87703e-06
 Reference value :  1.89247e-06
 Reference value :  1.91241e-06
 Reference value :  1.93322e-06
 Reference value :  1.95320e-06
No. of Data Rows : 4463

  Measurements for Transient Analysis

tp1                 =  5.501135e-07 targ=  1.376389e-06 trig=  8.262760e-07
tp2                 =  4.585430e-07 targ=  1.261278e-06 trig=  8.027350e-07
tp3                 =  3.888713e-07 targ=  1.167525e-06 trig=  7.786539e-07
tp4                 =  3.358057e-07 targ=  1.092568e-06 trig=  7.567623e-07
tp5                 =  2.949539e-07 targ=  1.032285e-06 trig=  7.373306e-07
tp6                 =  2.619770e-07 targ=  9.825079e-07 trig=  7.205310e-07
tp7                 =  2.349868e-07 targ=  9.994540e-07 trig=  7.644672e-07
f1                  =  7.27123e+06
f2                  =  8.72328e+06
f3                  =  1.02862e+07
f4                  =  1.19116e+07
f5                  =  1.35614e+07
f6                  =  1.52685e+07
f7                  =  1.70222e+07
i1                  =  5.319747e-05 from=  7.148062e-07 to=  1.965720e-06
i2                  =  5.941056e-05 from=  7.148062e-07 to=  1.965720e-06
i3                  =  6.603550e-05 from=  7.148062e-07 to=  1.965720e-06
i4                  =  7.256612e-05 from=  7.148062e-07 to=  1.965720e-06
i5                  =  7.973744e-05 from=  7.148062e-07 to=  1.965720e-06
i6                  =  8.720347e-05 from=  7.148062e-07 to=  1.965720e-06
i7                  =  9.399788e-05 from=  7.148062e-07 to=  1.965720e-06
sw1hi               =  3.041785e+00 at=  9.642423e-07
sw1lo               =  -8.009089e-02 at=  7.520603e-07
sw7hi               =  3.046349e+00 at=  1.881354e-06
sw7lo               =  -8.790536e-02 at=  1.790945e-06

ngspice-42 done

Using SPARSE 1.3 as Direct Linear Solver
