
Note: No compatibility mode selected!


Circuit: * output-driver @ ff_-40c_2.97v_lo -- generated by sim/harness, do not edit

Doing analysis at TEMP = -40.000000 and TNOM = 27.000000

Using SPARSE 1.3 as Direct Linear Solver

Initial Transient Solution
--------------------------

Node                                   Voltage
----                                   -------
vddvco                                    2.97
b0                                           0
b1                                           0
b2                                           0
vctrl                                      0.9
xdut.xbias.na                         0.817073
xdut.xbias.vbpc                        2.11489
xdut.xbias.nc                         0.091825
xdut.xbias.xrcg.11                   0.0916252
xdut.xbias.xrcg.21                 0.000199762
xdut.xbias.nsu                       0.0151045
xdut.xbias.vfix                        1.58243
xdut.xbias.nmd                        0.685138
xdut.xbias.vbp0                        2.19175
xdut.xbias.noff                        0.69174
xdut.xbias.xroff.11                   0.691477
xdut.xbias.xroff.21                0.000263334
xdut.xbias.nvi                         0.20976
xdut.xbias.xrdeg.11                   0.209681
xdut.xbias.xrdeg.21                7.98523e-05
xdut.xbias.b0b                            2.97
xdut.xbias.b1b                            2.97
xdut.xbias.b2b                            2.97
xdut.xbias.vbn1                       0.651989
xdut.xbias.ga                             2.97
xdut.xbias.vbp2                        2.20752
xdut.xbias.gb                      1.76404e-13
xdut.vbn                              0.629069
xdut.xbias.gc                             2.97
xdut.vbp                               2.21968
xdut.xs1.nh                            1.05188
xdut.y1                                      0
xdut.y5                                      0
xdut.xs1.nt                       -1.45507e-12
xdut.xs2.nh                               2.97
xdut.y2                                   2.97
xdut.xs2.nt                        1.77662e-09
xdut.xs3.nh                               2.97
xdut.y3                                      0
xdut.xs3.nt                        8.39361e-20
xdut.xs4.nh                               2.97
xdut.y4                                   2.97
xdut.xs4.nt                        1.77662e-09
xdut.xs5.nh                               2.97
xdut.xs5.nt                        8.39361e-20
xdut.nb1                                  2.97
xdut.nb2                           2.58531e-09
clk                                       2.97
xdut.xcdec1.c_moscap_int1                -2.97
xdut.xcdec2.c_moscap_int1                -2.97
e.xdut.xcdec2.ec_moscap#branch               0
e.xdut.xcdec1.ec_moscap#branch               0
vvctrl#branch                                0
vb2#branch                                   0
vb1#branch                                   0
vb0#branch                                   0
vvddvco#branch                    -2.86467e-05

 Reference value :  0.00000e+00
 Reference value :  3.20000e-10
 Reference value :  2.56000e-09
 Reference value :  6.56000e-09
 Reference value :  1.05600e-08
 Reference value :  1.85600e-08
 Reference value :  2.85600e-08
 Reference value :  3.45600e-08
 Reference value :  4.05600e-08
 Reference value :  4.45600e-08
 Reference value :  5.05600e-08
 Reference value :  5.45600e-08
 Reference value :  5.85600e-08
 Reference value :  6.45600e-08
 Reference value :  6.85600e-08
 Reference value :  7.45600e-08
 Reference value :  8.05600e-08
 Reference value :  8.85600e-08
 Reference value :  9.25600e-08
 Reference value :  9.85600e-08
 Reference value :  1.04560e-07
 Reference value :  1.10560e-07
 Reference value :  1.14560e-07
 Reference value :  1.15962e-07
 Reference value :  1.18923e-07
 Reference value :  1.24462e-07
 Reference value :  1.30462e-07
 Reference value :  1.36462e-07
 Reference value :  1.40462e-07
 Reference value :  1.44462e-07
 Reference value :  1.48462e-07
 Reference value :  1.54462e-07
 Reference value :  1.58462e-07
 Reference value :  1.62462e-07
 Reference value :  1.66462e-07
 Reference value :  1.70462e-07
 Reference value :  1.76462e-07
 Reference value :  1.80462e-07
 Reference value :  1.86462e-07
 Reference value :  1.90462e-07
 Reference value :  1.94462e-07
 Reference value :  1.98462e-07
 Reference value :  2.02462e-07
 Reference value :  2.06462e-07
 Reference value :  2.12462e-07
 Reference value :  2.16462e-07
 Reference value :  2.20462e-07
 Reference value :  2.24462e-07
 Reference value :  2.28462e-07
 Reference value :  2.32462e-07
 Reference value :  2.36462e-07
 Reference value :  2.40462e-07
 Reference value :  2.44462e-07
 Reference value :  2.48462e-07
 Reference value :  2.51559e-07
 Reference value :  2.54580e-07
 Reference value :  2.58580e-07
 Reference value :  2.64580e-07
 Reference value :  2.68580e-07
 Reference value :  2.72580e-07
 Reference value :  2.78580e-07
 Reference value :  2.82580e-07
 Reference value :  2.86580e-07
 Reference value :  2.90580e-07
 Reference value :  2.96580e-07
 Reference value :  3.00580e-07
 Reference value :  3.04580e-07
 Reference value :  3.08580e-07
 Reference value :  3.12580e-07
 Reference value :  3.16580e-07
 Reference value :  3.22580e-07
 Reference value :  3.28580e-07
 Reference value :  3.34580e-07
 Reference value :  3.38580e-07
 Reference value :  3.44580e-07
 Reference value :  3.48580e-07
 Reference value :  3.52580e-07
 Reference value :  3.58580e-07
 Reference value :  3.60082e-07
 Reference value :  3.61128e-07
 Reference value :  3.61784e-07
 Reference value :  3.62855e-07
 Reference value :  3.63826e-07
 Reference value :  3.65371e-07
 Reference value :  3.66666e-07
 Reference value :  3.69550e-07
 Reference value :  3.73050e-07
 Reference value :  3.79050e-07
 Reference value :  3.85050e-07
 Reference value :  3.89050e-07
 Reference value :  3.93050e-07
 Reference value :  3.99050e-07
 Reference value :  4.01050e-07
 Reference value :  4.05050e-07
 Reference value :  4.11050e-07
 Reference value :  4.15050e-07
 Reference value :  4.19050e-07
 Reference value :  4.25050e-07
 Reference value :  4.31050e-07
 Reference value :  4.35050e-07
 Reference value :  4.39050e-07
 Reference value :  4.45050e-07
 Reference value :  4.49050e-07
 Reference value :  4.53050e-07
 Reference value :  4.59050e-07
 Reference value :  4.63050e-07
 Reference value :  4.67050e-07
 Reference value :  4.71050e-07
 Reference value :  4.75050e-07
 Reference value :  4.79050e-07
 Reference value :  4.85050e-07
 Reference value :  4.89050e-07
 Reference value :  4.93050e-07
 Reference value :  4.97050e-07
 Reference value :  4.98450e-07
 Reference value :  5.01456e-07
 Reference value :  5.05456e-07
 Reference value :  5.11456e-07
 Reference value :  5.15456e-07
 Reference value :  5.19456e-07
 Reference value :  5.25456e-07
 Reference value :  5.29456e-07
 Reference value :  5.35456e-07
 Reference value :  5.43456e-07
 Reference value :  5.49456e-07
 Reference value :  5.55456e-07
 Reference value :  5.59456e-07
 Reference value :  5.65456e-07
 Reference value :  5.73456e-07
 Reference value :  5.79456e-07
 Reference value :  5.83456e-07
 Reference value :  5.89456e-07
 Reference value :  5.95456e-07
 Reference value :  5.99456e-07
 Reference value :  6.05456e-07
 Reference value :  6.09456e-07
 Reference value :  6.10541e-07
 Reference value :  6.13093e-07
 Reference value :  6.18617e-07
 Reference value :  6.24617e-07
 Reference value :  6.30617e-07
 Reference value :  6.34617e-07
 Reference value :  6.40617e-07
 Reference value :  6.46617e-07
 Reference value :  6.50617e-07
 Reference value :  6.56617e-07
 Reference value :  6.60617e-07
 Reference value :  6.64617e-07
 Reference value :  6.70617e-07
 Reference value :  6.74617e-07
 Reference value :  6.82617e-07
 Reference value :  6.88617e-07
 Reference value :  6.94617e-07
 Reference value :  6.98617e-07
 Reference value :  7.04617e-07
 Reference value :  7.08617e-07
 Reference value :  7.12617e-07
 Reference value :  7.20617e-07
 Reference value :  7.24617e-07
 Reference value :  7.30617e-07
 Reference value :  7.34617e-07
 Reference value :  7.38617e-07
 Reference value :  7.44617e-07
 Reference value :  7.46076e-07
 Reference value :  7.51212e-07
 Reference value :  7.55212e-07
 Reference value :  7.59212e-07
 Reference value :  7.63212e-07
 Reference value :  7.69212e-07
 Reference value :  7.75212e-07
 Reference value :  7.79212e-07
 Reference value :  7.83212e-07
 Reference value :  7.89212e-07
 Reference value :  7.95212e-07
 Reference value :  7.97212e-07
 Reference value :  8.01212e-07
 Reference value :  8.05212e-07
 Reference value :  8.11212e-07
 Reference value :  8.15212e-07
 Reference value :  8.19212e-07
 Reference value :  8.25212e-07
 Reference value :  8.29212e-07
 Reference value :  8.33212e-07
 Reference value :  8.37212e-07
 Reference value :  8.43212e-07
 Reference value :  8.47212e-07
 Reference value :  8.53212e-07
 Reference value :  8.54870e-07
 Reference value :  8.57892e-07
 Reference value :  8.60721e-07
 Reference value :  8.66310e-07
 Reference value :  8.70310e-07
 Reference value :  8.74310e-07
 Reference value :  8.78310e-07
 Reference value :  8.82310e-07
 Reference value :  8.86310e-07
 Reference value :  8.92310e-07
 Reference value :  8.96310e-07
 Reference value :  9.00310e-07
 Reference value :  9.04310e-07
 Reference value :  9.08310e-07
 Reference value :  9.12310e-07
 Reference value :  9.18310e-07
 Reference value :  9.22310e-07
 Reference value :  9.28310e-07
 Reference value :  9.32310e-07
 Reference value :  9.36310e-07
 Reference value :  9.42310e-07
 Reference value :  9.46310e-07
 Reference value :  9.50310e-07
 Reference value :  9.56310e-07
 Reference value :  9.60310e-07
 Reference value :  9.66310e-07
 Reference value :  9.70310e-07
 Reference value :  9.74310e-07
 Reference value :  9.80310e-07
 Reference value :  9.84310e-07
 Reference value :  9.88310e-07
 Reference value :  9.90310e-07
 Reference value :  9.93814e-07
 Reference value :  9.97146e-07
 Reference value :  1.00315e-06
 Reference value :  1.00715e-06
 Reference value :  1.01115e-06
 Reference value :  1.01715e-06
 Reference value :  1.02315e-06
 Reference value :  1.02915e-06
 Reference value :  1.03315e-06
 Reference value :  1.03715e-06
 Reference value :  1.04115e-06
 Reference value :  1.04515e-06
 Reference value :  1.05115e-06
 Reference value :  1.05515e-06
 Reference value :  1.05915e-06
 Reference value :  1.06315e-06
 Reference value :  1.06915e-06
 Reference value :  1.07515e-06
 Reference value :  1.07915e-06
 Reference value :  1.08515e-06
 Reference value :  1.09115e-06
 Reference value :  1.09515e-06
 Reference value :  1.10115e-06
 Reference value :  1.10246e-06
 Reference value :  1.10348e-06
 Reference value :  1.10416e-06
 Reference value :  1.10556e-06
 Reference value :  1.11008e-06
 Reference value :  1.11608e-06
 Reference value :  1.12008e-06
 Reference value :  1.12608e-06
 Reference value :  1.13008e-06
 Reference value :  1.13408e-06
 Reference value :  1.14008e-06
 Reference value :  1.14408e-06
 Reference value :  1.14808e-06
 Reference value :  1.15408e-06
 Reference value :  1.15808e-06
 Reference value :  1.16408e-06
 Reference value :  1.17008e-06
 Reference value :  1.17408e-06
 Reference value :  1.17808e-06
 Reference value :  1.18208e-06
 Reference value :  1.18608e-06
 Reference value :  1.19008e-06
 Reference value :  1.19208e-06
 Reference value :  1.19808e-06
 Reference value :  1.20208e-06
 Reference value :  1.20808e-06
 Reference value :  1.21408e-06
 Reference value :  1.21808e-06
 Reference value :  1.22208e-06
 Reference value :  1.22808e-06
 Reference value :  1.23408e-06
 Reference value :  1.23767e-06
 Reference value :  1.24108e-06
 Reference value :  1.24627e-06
 Reference value :  1.25227e-06
 Reference value :  1.25627e-06
 Reference value :  1.26427e-06
 Reference value :  1.27027e-06
 Reference value :  1.27627e-06
 Reference value :  1.28027e-06
 Reference value :  1.28827e-06
 Reference value :  1.29227e-06
 Reference value :  1.29627e-06
 Reference value :  1.30227e-06
 Reference value :  1.30627e-06
 Reference value :  1.31027e-06
 Reference value :  1.31627e-06
 Reference value :  1.32027e-06
 Reference value :  1.32427e-06
 Reference value :  1.32827e-06
 Reference value :  1.33227e-06
 Reference value :  1.33827e-06
 Reference value :  1.34027e-06
 Reference value :  1.34427e-06
 Reference value :  1.34827e-06
 Reference value :  1.34998e-06
 Reference value :  1.35060e-06
 Reference value :  1.35174e-06
 Reference value :  1.35291e-06
 Reference value :  1.35480e-06
 Reference value :  1.35667e-06
 Reference value :  1.35776e-06
 Reference value :  1.35941e-06
 Reference value :  1.36247e-06
 Reference value :  1.36771e-06
 Reference value :  1.37371e-06
 Reference value :  1.37771e-06
 Reference value :  1.38171e-06
 Reference value :  1.38771e-06
 Reference value :  1.39171e-06
 Reference value :  1.39571e-06
 Reference value :  1.39971e-06
 Reference value :  1.40371e-06
 Reference value :  1.40771e-06
 Reference value :  1.41171e-06
 Reference value :  1.41571e-06
 Reference value :  1.41971e-06
 Reference value :  1.42371e-06
 Reference value :  1.42771e-06
 Reference value :  1.43171e-06
 Reference value :  1.43771e-06
 Reference value :  1.43971e-06
 Reference value :  1.44371e-06
 Reference value :  1.44971e-06
 Reference value :  1.45571e-06
 Reference value :  1.45971e-06
 Reference value :  1.46371e-06
 Reference value :  1.46971e-06
 Reference value :  1.47371e-06
 Reference value :  1.47971e-06
 Reference value :  1.48371e-06
 Reference value :  1.48528e-06
 Reference value :  1.48595e-06
 Reference value :  1.48745e-06
 Reference value :  1.48959e-06
 Reference value :  1.49227e-06
 Reference value :  1.49635e-06
 Reference value :  1.50026e-06
 Reference value :  1.50426e-06
 Reference value :  1.51026e-06
 Reference value :  1.51626e-06
 Reference value :  1.52226e-06
 Reference value :  1.52626e-06
 Reference value :  1.53226e-06
 Reference value :  1.53626e-06
 Reference value :  1.54026e-06
 Reference value :  1.54626e-06
 Reference value :  1.55026e-06
 Reference value :  1.55826e-06
 Reference value :  1.56226e-06
 Reference value :  1.56626e-06
 Reference value :  1.57026e-06
 Reference value :  1.57426e-06
 Reference value :  1.58026e-06
 Reference value :  1.58626e-06
 Reference value :  1.59226e-06
 Reference value :  1.59786e-06
 Reference value :  1.59857e-06
 Reference value :  1.60011e-06
 Reference value :  1.60163e-06
 Reference value :  1.60329e-06
 Reference value :  1.60531e-06
 Reference value :  1.60801e-06
 Reference value :  1.61401e-06
 Reference value :  1.61801e-06
 Reference value :  1.62401e-06
 Reference value :  1.62801e-06
 Reference value :  1.63401e-06
 Reference value :  1.63801e-06
 Reference value :  1.64401e-06
 Reference value :  1.64801e-06
 Reference value :  1.65201e-06
 Reference value :  1.65801e-06
 Reference value :  1.66401e-06
 Reference value :  1.66801e-06
 Reference value :  1.67201e-06
 Reference value :  1.67601e-06
 Reference value :  1.68001e-06
 Reference value :  1.68601e-06
 Reference value :  1.69201e-06
 Reference value :  1.69601e-06
 Reference value :  1.70001e-06
 Reference value :  1.70801e-06
 Reference value :  1.71401e-06
 Reference value :  1.72001e-06
 Reference value :  1.72401e-06
 Reference value :  1.73001e-06
 Reference value :  1.73357e-06
 Reference value :  1.73458e-06
 Reference value :  1.73640e-06
 Reference value :  1.73816e-06
 Reference value :  1.74211e-06
 Reference value :  1.74622e-06
 Reference value :  1.75015e-06
 Reference value :  1.75415e-06
 Reference value :  1.76215e-06
 Reference value :  1.76615e-06
 Reference value :  1.77015e-06
 Reference value :  1.77415e-06
 Reference value :  1.77815e-06
 Reference value :  1.78415e-06
 Reference value :  1.78815e-06
 Reference value :  1.79415e-06
 Reference value :  1.79615e-06
 Reference value :  1.80215e-06
 Reference value :  1.80815e-06
 Reference value :  1.81215e-06
 Reference value :  1.81815e-06
 Reference value :  1.82215e-06
 Reference value :  1.82815e-06
 Reference value :  1.83415e-06
 Reference value :  1.83815e-06
 Reference value :  1.84215e-06
 Reference value :  1.84415e-06
 Reference value :  1.84721e-06
 Reference value :  1.84987e-06
 Reference value :  1.85572e-06
 Reference value :  1.86172e-06
 Reference value :  1.86772e-06
 Reference value :  1.87172e-06
 Reference value :  1.87572e-06
 Reference value :  1.87972e-06
 Reference value :  1.88572e-06
 Reference value :  1.89172e-06
 Reference value :  1.89572e-06
 Reference value :  1.90172e-06
 Reference value :  1.90772e-06
 Reference value :  1.91372e-06
 Reference value :  1.91972e-06
 Reference value :  1.92572e-06
 Reference value :  1.93172e-06
 Reference value :  1.93572e-06
 Reference value :  1.94172e-06
 Reference value :  1.94572e-06
 Reference value :  1.94972e-06
 Reference value :  1.95572e-06
 Reference value :  1.95972e-06
 Reference value :  1.96372e-06
 Reference value :  1.96772e-06
 Reference value :  1.97372e-06
 Reference value :  1.97772e-06
 Reference value :  1.97924e-06
 Reference value :  1.98213e-06
 Reference value :  1.98429e-06
 Reference value :  1.98745e-06
 Reference value :  1.99345e-06
 Reference value :  1.99745e-06
 Reference value :  2.00145e-06
 Reference value :  2.00545e-06
 Reference value :  2.01145e-06
 Reference value :  2.01545e-06
 Reference value :  2.01945e-06
 Reference value :  2.02345e-06
 Reference value :  2.03145e-06
 Reference value :  2.03545e-06
 Reference value :  2.04345e-06
 Reference value :  2.04945e-06
 Reference value :  2.05545e-06
 Reference value :  2.05945e-06
 Reference value :  2.06345e-06
 Reference value :  2.06745e-06
 Reference value :  2.07545e-06
 Reference value :  2.08145e-06
 Reference value :  2.08545e-06
 Reference value :  2.09145e-06
 Reference value :  2.09311e-06
 Reference value :  2.09369e-06
 Reference value :  2.09495e-06
 Reference value :  2.09790e-06
 Reference value :  2.10067e-06
 Reference value :  2.10270e-06
 Reference value :  2.10455e-06
 Reference value :  2.10695e-06
 Reference value :  2.11012e-06
 Reference value :  2.11414e-06
 Reference value :  2.12014e-06
 Reference value :  2.12414e-06
 Reference value :  2.13014e-06
 Reference value :  2.13414e-06
 Reference value :  2.14014e-06
 Reference value :  2.14414e-06
 Reference value :  2.14814e-06
 Reference value :  2.15414e-06
 Reference value :  2.15814e-06
 Reference value :  2.16414e-06
 Reference value :  2.16814e-06
 Reference value :  2.17414e-06
 Reference value :  2.18014e-06
 Reference value :  2.18414e-06
 Reference value :  2.19014e-06
 Reference value :  2.19414e-06
 Reference value :  2.19814e-06
 Reference value :  2.20414e-06
 Reference value :  2.20814e-06
 Reference value :  2.21214e-06
 Reference value :  2.21814e-06
 Reference value :  2.22414e-06
 Reference value :  2.22774e-06
 Reference value :  2.22978e-06
 Reference value :  2.23093e-06
 Reference value :  2.23305e-06
 Reference value :  2.23522e-06
 Reference value :  2.23889e-06
 Reference value :  2.24366e-06
 Reference value :  2.24966e-06
 Reference value :  2.25566e-06
 Reference value :  2.26166e-06
 Reference value :  2.26766e-06
 Reference value :  2.27166e-06
 Reference value :  2.27766e-06
 Reference value :  2.28566e-06
 Reference value :  2.29166e-06
 Reference value :  2.29566e-06
 Reference value :  2.30166e-06
 Reference value :  2.30766e-06
 Reference value :  2.31366e-06
 Reference value :  2.31766e-06
 Reference value :  2.32166e-06
 Reference value :  2.32766e-06
 Reference value :  2.33166e-06
 Reference value :  2.33566e-06
 Reference value :  2.33909e-06
 Reference value :  2.33989e-06
 Reference value :  2.34060e-06
 Reference value :  2.34112e-06
 Reference value :  2.34234e-06
 Reference value :  2.34459e-06
 Reference value :  2.34789e-06
 Reference value :  2.35333e-06
 Reference value :  2.35933e-06
 Reference value :  2.36533e-06
 Reference value :  2.36933e-06
 Reference value :  2.37333e-06
 Reference value :  2.37733e-06
 Reference value :  2.38133e-06
 Reference value :  2.38533e-06
 Reference value :  2.38933e-06
 Reference value :  2.39333e-06
 Reference value :  2.39933e-06
 Reference value :  2.40333e-06
 Reference value :  2.40733e-06
 Reference value :  2.41133e-06
 Reference value :  2.41533e-06
 Reference value :  2.41933e-06
 Reference value :  2.42333e-06
 Reference value :  2.42733e-06
 Reference value :  2.43133e-06
 Reference value :  2.43733e-06
 Reference value :  2.44133e-06
 Reference value :  2.44733e-06
 Reference value :  2.45133e-06
 Reference value :  2.45733e-06
 Reference value :  2.46333e-06
 Reference value :  2.46933e-06
 Reference value :  2.47333e-06
 Reference value :  2.47494e-06
 Reference value :  2.47599e-06
 Reference value :  2.47790e-06
 Reference value :  2.47971e-06
 Reference value :  2.48256e-06
 Reference value :  2.48480e-06
 Reference value :  2.48954e-06
 Reference value :  2.49354e-06
 Reference value :  2.49954e-06
 Reference value :  2.50354e-06
 Reference value :  2.50754e-06
 Reference value :  2.51354e-06
 Reference value :  2.51554e-06
 Reference value :  2.51954e-06
 Reference value :  2.52554e-06
 Reference value :  2.52954e-06
 Reference value :  2.53354e-06
 Reference value :  2.53754e-06
 Reference value :  2.54154e-06
 Reference value :  2.54554e-06
 Reference value :  2.55154e-06
 Reference value :  2.55554e-06
 Reference value :  2.55954e-06
 Reference value :  2.56354e-06
 Reference value :  2.56754e-06
 Reference value :  2.57354e-06
 Reference value :  2.57754e-06
 Reference value :  2.58354e-06
 Reference value :  2.58754e-06
 Reference value :  2.58942e-06
 Reference value :  2.59071e-06
 Reference value :  2.59357e-06
 Reference value :  2.59750e-06
 Reference value :  2.60150e-06
 Reference value :  2.60750e-06
 Reference value :  2.61350e-06
 Reference value :  2.61750e-06
 Reference value :  2.62150e-06
 Reference value :  2.62750e-06
 Reference value :  2.63150e-06
 Reference value :  2.63550e-06
 Reference value :  2.63950e-06
 Reference value :  2.64550e-06
 Reference value :  2.65150e-06
 Reference value :  2.65550e-06
 Reference value :  2.66150e-06
 Reference value :  2.66550e-06
 Reference value :  2.66950e-06
 Reference value :  2.67550e-06
 Reference value :  2.67950e-06
 Reference value :  2.68350e-06
 Reference value :  2.68550e-06
 Reference value :  2.68950e-06
 Reference value :  2.69550e-06
 Reference value :  2.70150e-06
 Reference value :  2.70750e-06
 Reference value :  2.71150e-06
 Reference value :  2.71550e-06
 Reference value :  2.71950e-06
 Reference value :  2.72150e-06
 Reference value :  2.72327e-06
 Reference value :  2.72401e-06
 Reference value :  2.72720e-06
 Reference value :  2.73018e-06
 Reference value :  2.73606e-06
 Reference value :  2.74006e-06
 Reference value :  2.74406e-06
 Reference value :  2.75006e-06
 Reference value :  2.75406e-06
 Reference value :  2.75806e-06
 Reference value :  2.76206e-06
 Reference value :  2.76606e-06
 Reference value :  2.77206e-06
 Reference value :  2.77606e-06
 Reference value :  2.78006e-06
 Reference value :  2.78406e-06
 Reference value :  2.78806e-06
 Reference value :  2.79206e-06
 Reference value :  2.79606e-06
 Reference value :  2.80006e-06
 Reference value :  2.80606e-06
 Reference value :  2.81006e-06
 Reference value :  2.81406e-06
 Reference value :  2.81806e-06
 Reference value :  2.82206e-06
 Reference value :  2.82606e-06
 Reference value :  2.83206e-06
 Reference value :  2.83406e-06
 Reference value :  2.83523e-06
 Reference value :  2.83790e-06
 Reference value :  2.84138e-06
 Reference value :  2.84538e-06
 Reference value :  2.84938e-06
 Reference value :  2.85538e-06
 Reference value :  2.86138e-06
 Reference value :  2.86538e-06
 Reference value :  2.86938e-06
 Reference value :  2.87338e-06
 Reference value :  2.87738e-06
 Reference value :  2.88138e-06
 Reference value :  2.88538e-06
 Reference value :  2.88938e-06
 Reference value :  2.89338e-06
 Reference value :  2.89938e-06
 Reference value :  2.90338e-06
 Reference value :  2.90738e-06
 Reference value :  2.91138e-06
 Reference value :  2.91538e-06
 Reference value :  2.91938e-06
 Reference value :  2.92338e-06
 Reference value :  2.92938e-06
 Reference value :  2.93338e-06
 Reference value :  2.93738e-06
 Reference value :  2.94538e-06
 Reference value :  2.94938e-06
 Reference value :  2.95538e-06
 Reference value :  2.95938e-06
 Reference value :  2.96538e-06
 Reference value :  2.96938e-06
 Reference value :  2.97068e-06
 Reference value :  2.97374e-06
 Reference value :  2.97941e-06
 Reference value :  2.98341e-06
 Reference value :  2.98741e-06
 Reference value :  2.99341e-06
 Reference value :  2.99741e-06
 Reference value :  3.00341e-06
 Reference value :  3.00941e-06
 Reference value :  3.01341e-06
 Reference value :  3.01941e-06
 Reference value :  3.02341e-06
 Reference value :  3.02941e-06
 Reference value :  3.03341e-06
 Reference value :  3.03741e-06
 Reference value :  3.04341e-06
 Reference value :  3.04741e-06
 Reference value :  3.05141e-06
 Reference value :  3.05741e-06
 Reference value :  3.06141e-06
 Reference value :  3.06741e-06
 Reference value :  3.07141e-06
 Reference value :  3.07741e-06
 Reference value :  3.08141e-06
 Reference value :  3.08258e-06
 Reference value :  3.08536e-06
 Reference value :  3.08887e-06
 Reference value :  3.09287e-06
 Reference value :  3.09687e-06
 Reference value :  3.10087e-06
 Reference value :  3.10687e-06
 Reference value :  3.11087e-06
 Reference value :  3.11687e-06
 Reference value :  3.12087e-06
 Reference value :  3.12487e-06
 Reference value :  3.12887e-06
 Reference value :  3.13287e-06
 Reference value :  3.13687e-06
 Reference value :  3.14287e-06
 Reference value :  3.14687e-06
 Reference value :  3.15087e-06
 Reference value :  3.15687e-06
 Reference value :  3.16487e-06
 Reference value :  3.16887e-06
 Reference value :  3.17287e-06
 Reference value :  3.17687e-06
 Reference value :  3.18087e-06
 Reference value :  3.18687e-06
 Reference value :  3.19287e-06
 Reference value :  3.19687e-06
 Reference value :  3.20000e-06
No. of Data Rows : 1706

  Measurements for Transient Analysis

t_r1                =   1.48452e-06
t_r2                =   1.73281e-06
t_f1                =   1.59708e-06
t_f2                =   1.84516e-06
tperiod             =  2.48290e-07
fosc                =  4.02755e+06
voh                 =  3.04308e+00 at=  2.47599e-06
vol                 =  -6.58136e-02 at=  1.59857e-06
voh_ratio           =  1.02461e+00
vol_ratio           =  -2.21595e-02
trise               =  1.29678e-09 targ=  1.48517e-06 trig=  1.48387e-06
tfall               =  1.31373e-09 targ=  1.59774e-06 trig=  1.59643e-06

ngspice-46 done

