
Note: No compatibility mode selected!


Circuit: * output-driver @ ff_125c_3.30v_lo -- generated by sim/harness, do not edit

Doing analysis at TEMP = 125.000000 and TNOM = 27.000000

Using SPARSE 1.3 as Direct Linear Solver

Initial Transient Solution
--------------------------

Node                                   Voltage
----                                   -------
vddvco                                     3.3
b0                                           0
b1                                           0
b2                                           0
vctrl                                      0.9
xdut.xbias.na                         0.853679
xdut.xbias.vbpc                        2.47614
xdut.xbias.nc                         0.165656
xdut.xbias.xrcg.11                    0.165394
xdut.xbias.xrcg.21                 0.000261566
xdut.xbias.nsu                       0.0120166
xdut.xbias.vfix                        1.37802
xdut.xbias.nmd                        0.593845
xdut.xbias.vbp0                        2.67384
xdut.xbias.noff                       0.633346
xdut.xbias.xroff.11                   0.633171
xdut.xbias.xroff.21                0.000174823
xdut.xbias.nvi                        0.306465
xdut.xbias.xrdeg.11                    0.30638
xdut.xbias.xrdeg.21                8.45936e-05
xdut.xbias.b0b                             3.3
xdut.xbias.b1b                             3.3
xdut.xbias.b2b                             3.3
xdut.xbias.vbn1                       0.517231
xdut.xbias.ga                              3.3
xdut.xbias.vbp2                        2.69469
xdut.xbias.gb                      1.16295e-07
xdut.vbn                              0.471756
xdut.xbias.gc                              3.3
xdut.vbp                                2.7254
xdut.xs1.nh                           0.941041
xdut.y1                                      0
xdut.y5                                      0
xdut.xs1.nt                        -2.2621e-18
xdut.xs2.nh                                3.3
xdut.y2                                    3.3
xdut.xs2.nt                        0.000130409
xdut.xs3.nh                            3.29999
xdut.y3                                      0
xdut.xs3.nt                       -1.13009e-61
xdut.xs4.nh                                3.3
xdut.y4                                    3.3
xdut.xs4.nt                        0.000130409
xdut.xs5.nh                            3.29999
xdut.xs5.nt                       -1.13009e-61
xdut.nb1                                   3.3
xdut.nb2                           4.76571e-07
clk                                        3.3
xdut.xcdec1.c_moscap_int1                 -3.3
xdut.xcdec2.c_moscap_int1                 -3.3
e.xdut.xcdec2.ec_moscap#branch               0
e.xdut.xcdec1.ec_moscap#branch               0
vvctrl#branch                                0
vb2#branch                                   0
vb1#branch                                   0
vb0#branch                                   0
vvddvco#branch                     -4.8578e-05

 Reference value :  0.00000e+00
 Reference value :  1.60000e-10
 Reference value :  2.56000e-09
 Reference value :  6.56000e-09
 Reference value :  1.25600e-08
 Reference value :  2.05600e-08
 Reference value :  2.85600e-08
 Reference value :  3.45600e-08
 Reference value :  3.85600e-08
 Reference value :  4.25600e-08
 Reference value :  4.85600e-08
 Reference value :  5.25600e-08
 Reference value :  5.65600e-08
 Reference value :  6.05600e-08
 Reference value :  6.65600e-08
 Reference value :  7.05600e-08
 Reference value :  7.65600e-08
 Reference value :  8.05600e-08
 Reference value :  8.45600e-08
 Reference value :  8.85600e-08
 Reference value :  9.45600e-08
 Reference value :  9.85600e-08
 Reference value :  1.02560e-07
 Reference value :  1.06560e-07
 Reference value :  1.11969e-07
 Reference value :  1.14510e-07
 Reference value :  1.17164e-07
 Reference value :  1.19798e-07
 Reference value :  1.24162e-07
 Reference value :  1.29693e-07
 Reference value :  1.33693e-07
 Reference value :  1.37693e-07
 Reference value :  1.43693e-07
 Reference value :  1.47693e-07
 Reference value :  1.51693e-07
 Reference value :  1.55693e-07
 Reference value :  1.59693e-07
 Reference value :  1.63693e-07
 Reference value :  1.67693e-07
 Reference value :  1.73693e-07
 Reference value :  1.79693e-07
 Reference value :  1.83693e-07
 Reference value :  1.87693e-07
 Reference value :  1.93693e-07
 Reference value :  1.97693e-07
 Reference value :  2.01693e-07
 Reference value :  2.07693e-07
 Reference value :  2.11693e-07
 Reference value :  2.17693e-07
 Reference value :  2.23693e-07
 Reference value :  2.27693e-07
 Reference value :  2.33693e-07
 Reference value :  2.37352e-07
 Reference value :  2.38832e-07
 Reference value :  2.39661e-07
 Reference value :  2.40969e-07
 Reference value :  2.41987e-07
 Reference value :  2.42982e-07
 Reference value :  2.44299e-07
 Reference value :  2.48798e-07
 Reference value :  2.52798e-07
 Reference value :  2.56798e-07
 Reference value :  2.62798e-07
 Reference value :  2.68798e-07
 Reference value :  2.72798e-07
 Reference value :  2.76798e-07
 Reference value :  2.80798e-07
 Reference value :  2.86798e-07
 Reference value :  2.90798e-07
 Reference value :  2.94798e-07
 Reference value :  3.00798e-07
 Reference value :  3.06798e-07
 Reference value :  3.10798e-07
 Reference value :  3.14798e-07
 Reference value :  3.20798e-07
 Reference value :  3.24798e-07
 Reference value :  3.28798e-07
 Reference value :  3.32798e-07
 Reference value :  3.36798e-07
 Reference value :  3.40798e-07
 Reference value :  3.44798e-07
 Reference value :  3.48798e-07
 Reference value :  3.50813e-07
 Reference value :  3.51809e-07
 Reference value :  3.54150e-07
 Reference value :  3.59368e-07
 Reference value :  3.65368e-07
 Reference value :  3.71368e-07
 Reference value :  3.75368e-07
 Reference value :  3.81368e-07
 Reference value :  3.85368e-07
 Reference value :  3.89368e-07
 Reference value :  3.95368e-07
 Reference value :  3.99265e-07
 Reference value :  4.02948e-07
 Reference value :  4.08497e-07
 Reference value :  4.14447e-07
 Reference value :  4.18447e-07
 Reference value :  4.22447e-07
 Reference value :  4.26447e-07
 Reference value :  4.32447e-07
 Reference value :  4.36447e-07
 Reference value :  4.40447e-07
 Reference value :  4.44447e-07
 Reference value :  4.48447e-07
 Reference value :  4.52447e-07
 Reference value :  4.58447e-07
 Reference value :  4.64447e-07
 Reference value :  4.68447e-07
 Reference value :  4.72447e-07
 Reference value :  4.78084e-07
 Reference value :  4.78870e-07
 Reference value :  4.80884e-07
 Reference value :  4.85165e-07
 Reference value :  4.91165e-07
 Reference value :  4.97165e-07
 Reference value :  5.03165e-07
 Reference value :  5.09165e-07
 Reference value :  5.15165e-07
 Reference value :  5.19165e-07
 Reference value :  5.23165e-07
 Reference value :  5.29165e-07
 Reference value :  5.33165e-07
 Reference value :  5.37165e-07
 Reference value :  5.41165e-07
 Reference value :  5.45165e-07
 Reference value :  5.49165e-07
 Reference value :  5.55165e-07
 Reference value :  5.61165e-07
 Reference value :  5.65165e-07
 Reference value :  5.71165e-07
 Reference value :  5.75165e-07
 Reference value :  5.77165e-07
 Reference value :  5.83165e-07
 Reference value :  5.87165e-07
 Reference value :  5.90611e-07
 Reference value :  5.92922e-07
 Reference value :  5.98922e-07
 Reference value :  6.04922e-07
 Reference value :  6.10922e-07
 Reference value :  6.14922e-07
 Reference value :  6.18922e-07
 Reference value :  6.24922e-07
 Reference value :  6.30922e-07
 Reference value :  6.34922e-07
 Reference value :  6.38922e-07
 Reference value :  6.42922e-07
 Reference value :  6.48922e-07
 Reference value :  6.54922e-07
 Reference value :  6.58922e-07
 Reference value :  6.62922e-07
 Reference value :  6.66922e-07
 Reference value :  6.70922e-07
 Reference value :  6.74922e-07
 Reference value :  6.78922e-07
 Reference value :  6.82922e-07
 Reference value :  6.88922e-07
 Reference value :  6.94922e-07
 Reference value :  6.98922e-07
 Reference value :  7.04922e-07
 Reference value :  7.10922e-07
 Reference value :  7.14922e-07
 Reference value :  7.18066e-07
 Reference value :  7.22243e-07
 Reference value :  7.28243e-07
 Reference value :  7.32243e-07
 Reference value :  7.36243e-07
 Reference value :  7.42243e-07
 Reference value :  7.48243e-07
 Reference value :  7.52243e-07
 Reference value :  7.56243e-07
 Reference value :  7.62243e-07
 Reference value :  7.68243e-07
 Reference value :  7.72243e-07
 Reference value :  7.78243e-07
 Reference value :  7.82243e-07
 Reference value :  7.86243e-07
 Reference value :  7.92243e-07
 Reference value :  7.98243e-07
 Reference value :  8.02243e-07
 Reference value :  8.06243e-07
 Reference value :  8.12243e-07
 Reference value :  8.16243e-07
 Reference value :  8.20243e-07
 Reference value :  8.24243e-07
 Reference value :  8.25962e-07
 Reference value :  8.28945e-07
 Reference value :  8.32670e-07
 Reference value :  8.38507e-07
 Reference value :  8.44507e-07
 Reference value :  8.48507e-07
 Reference value :  8.52507e-07
 Reference value :  8.58507e-07
 Reference value :  8.62507e-07
 Reference value :  8.66507e-07
 Reference value :  8.72507e-07
 Reference value :  8.76507e-07
 Reference value :  8.82507e-07
 Reference value :  8.88507e-07
 Reference value :  8.92507e-07
 Reference value :  8.96507e-07
 Reference value :  9.00507e-07
 Reference value :  9.04507e-07
 Reference value :  9.10507e-07
 Reference value :  9.14507e-07
 Reference value :  9.18507e-07
 Reference value :  9.22507e-07
 Reference value :  9.28507e-07
 Reference value :  9.32507e-07
 Reference value :  9.38507e-07
 Reference value :  9.42507e-07
 Reference value :  9.46507e-07
 Reference value :  9.50507e-07
 Reference value :  9.54292e-07
 Reference value :  9.55665e-07
 Reference value :  9.56195e-07
 Reference value :  9.57592e-07
 Reference value :  9.59800e-07
 Reference value :  9.64362e-07
 Reference value :  9.70362e-07
 Reference value :  9.74362e-07
 Reference value :  9.78362e-07
 Reference value :  9.82362e-07
 Reference value :  9.88362e-07
 Reference value :  9.94362e-07
 Reference value :  9.98362e-07
 Reference value :  1.00436e-06
 Reference value :  1.00836e-06
 Reference value :  1.01236e-06
 Reference value :  1.01636e-06
 Reference value :  1.02036e-06
 Reference value :  1.02436e-06
 Reference value :  1.02836e-06
 Reference value :  1.03436e-06
 Reference value :  1.04036e-06
 Reference value :  1.04636e-06
 Reference value :  1.05036e-06
 Reference value :  1.05436e-06
 Reference value :  1.05836e-06
 Reference value :  1.06236e-06
 Reference value :  1.06737e-06
 Reference value :  1.06935e-06
 Reference value :  1.07496e-06
 Reference value :  1.08296e-06
 Reference value :  1.08696e-06
 Reference value :  1.09096e-06
 Reference value :  1.09496e-06
 Reference value :  1.09896e-06
 Reference value :  1.10296e-06
 Reference value :  1.10696e-06
 Reference value :  1.11096e-06
 Reference value :  1.11478e-06
 Reference value :  1.11833e-06
 Reference value :  1.12179e-06
 Reference value :  1.12729e-06
 Reference value :  1.13329e-06
 Reference value :  1.13729e-06
 Reference value :  1.14129e-06
 Reference value :  1.14529e-06
 Reference value :  1.14929e-06
 Reference value :  1.15329e-06
 Reference value :  1.15729e-06
 Reference value :  1.16129e-06
 Reference value :  1.16529e-06
 Reference value :  1.17129e-06
 Reference value :  1.17529e-06
 Reference value :  1.18129e-06
 Reference value :  1.18529e-06
 Reference value :  1.18929e-06
 Reference value :  1.19329e-06
 Reference value :  1.19572e-06
 Reference value :  1.19704e-06
 Reference value :  1.20238e-06
 Reference value :  1.20838e-06
 Reference value :  1.21438e-06
 Reference value :  1.21838e-06
 Reference value :  1.22238e-06
 Reference value :  1.22838e-06
 Reference value :  1.23238e-06
 Reference value :  1.23838e-06
 Reference value :  1.24438e-06
 Reference value :  1.24838e-06
 Reference value :  1.25238e-06
 Reference value :  1.25638e-06
 Reference value :  1.26238e-06
 Reference value :  1.26638e-06
 Reference value :  1.27438e-06
 Reference value :  1.27838e-06
 Reference value :  1.28238e-06
 Reference value :  1.28638e-06
 Reference value :  1.29238e-06
 Reference value :  1.29838e-06
 Reference value :  1.30238e-06
 Reference value :  1.30561e-06
 Reference value :  1.30790e-06
 Reference value :  1.31264e-06
 Reference value :  1.31864e-06
 Reference value :  1.32264e-06
 Reference value :  1.32864e-06
 Reference value :  1.33264e-06
 Reference value :  1.33864e-06
 Reference value :  1.34264e-06
 Reference value :  1.34664e-06
 Reference value :  1.35064e-06
 Reference value :  1.35464e-06
 Reference value :  1.36064e-06
 Reference value :  1.36664e-06
 Reference value :  1.37264e-06
 Reference value :  1.37664e-06
 Reference value :  1.38264e-06
 Reference value :  1.38664e-06
 Reference value :  1.39064e-06
 Reference value :  1.39464e-06
 Reference value :  1.39864e-06
 Reference value :  1.40464e-06
 Reference value :  1.41064e-06
 Reference value :  1.41664e-06
 Reference value :  1.42064e-06
 Reference value :  1.42464e-06
 Reference value :  1.42864e-06
 Reference value :  1.43264e-06
 Reference value :  1.43351e-06
 Reference value :  1.43564e-06
 Reference value :  1.43811e-06
 Reference value :  1.44190e-06
 Reference value :  1.44790e-06
 Reference value :  1.45390e-06
 Reference value :  1.45990e-06
 Reference value :  1.46590e-06
 Reference value :  1.46990e-06
 Reference value :  1.47390e-06
 Reference value :  1.47790e-06
 Reference value :  1.48390e-06
 Reference value :  1.48790e-06
 Reference value :  1.49390e-06
 Reference value :  1.49790e-06
 Reference value :  1.50390e-06
 Reference value :  1.50790e-06
 Reference value :  1.51390e-06
 Reference value :  1.51790e-06
 Reference value :  1.52390e-06
 Reference value :  1.52790e-06
 Reference value :  1.53190e-06
 Reference value :  1.53790e-06
 Reference value :  1.54390e-06
 Reference value :  1.54516e-06
 Reference value :  1.54793e-06
 Reference value :  1.55367e-06
 Reference value :  1.55967e-06
 Reference value :  1.56367e-06
 Reference value :  1.56767e-06
 Reference value :  1.57367e-06
 Reference value :  1.57967e-06
 Reference value :  1.58167e-06
 Reference value :  1.58767e-06
 Reference value :  1.59142e-06
 Reference value :  1.59290e-06
 Reference value :  1.59420e-06
 Reference value :  1.59656e-06
 Reference value :  1.59998e-06
 Reference value :  1.60508e-06
 Reference value :  1.61108e-06
 Reference value :  1.61508e-06
 Reference value :  1.61908e-06
 Reference value :  1.62308e-06
 Reference value :  1.62708e-06
 Reference value :  1.63108e-06
 Reference value :  1.63508e-06
 Reference value :  1.63908e-06
 Reference value :  1.64308e-06
 Reference value :  1.64708e-06
 Reference value :  1.65308e-06
 Reference value :  1.65708e-06
 Reference value :  1.66108e-06
 Reference value :  1.66508e-06
 Reference value :  1.67108e-06
 Reference value :  1.67266e-06
 Reference value :  1.67595e-06
 Reference value :  1.68179e-06
 Reference value :  1.68579e-06
 Reference value :  1.69179e-06
 Reference value :  1.69579e-06
 Reference value :  1.69979e-06
 Reference value :  1.70579e-06
 Reference value :  1.70979e-06
 Reference value :  1.71379e-06
 Reference value :  1.71779e-06
 Reference value :  1.72179e-06
 Reference value :  1.72379e-06
 Reference value :  1.72779e-06
 Reference value :  1.73179e-06
 Reference value :  1.73579e-06
 Reference value :  1.73979e-06
 Reference value :  1.74379e-06
 Reference value :  1.74979e-06
 Reference value :  1.75379e-06
 Reference value :  1.75779e-06
 Reference value :  1.76179e-06
 Reference value :  1.76779e-06
 Reference value :  1.77179e-06
 Reference value :  1.77779e-06
 Reference value :  1.78145e-06
 Reference value :  1.78500e-06
 Reference value :  1.78844e-06
 Reference value :  1.79244e-06
 Reference value :  1.79644e-06
 Reference value :  1.80244e-06
 Reference value :  1.80644e-06
 Reference value :  1.81044e-06
 Reference value :  1.81444e-06
 Reference value :  1.81844e-06
 Reference value :  1.82244e-06
 Reference value :  1.82844e-06
 Reference value :  1.83244e-06
 Reference value :  1.83644e-06
 Reference value :  1.84044e-06
 Reference value :  1.84644e-06
 Reference value :  1.85244e-06
 Reference value :  1.85844e-06
 Reference value :  1.86444e-06
 Reference value :  1.86844e-06
 Reference value :  1.87244e-06
 Reference value :  1.87844e-06
 Reference value :  1.88444e-06
 Reference value :  1.89044e-06
 Reference value :  1.89644e-06
 Reference value :  1.90044e-06
 Reference value :  1.90444e-06
 Reference value :  1.90844e-06
 Reference value :  1.91008e-06
 Reference value :  1.91114e-06
 Reference value :  1.91344e-06
 Reference value :  1.91668e-06
 Reference value :  1.92068e-06
 Reference value :  1.92668e-06
 Reference value :  1.93068e-06
 Reference value :  1.93668e-06
 Reference value :  1.94268e-06
 Reference value :  1.94868e-06
 Reference value :  1.95268e-06
 Reference value :  1.95668e-06
 Reference value :  1.96268e-06
 Reference value :  1.96668e-06
 Reference value :  1.97068e-06
 Reference value :  1.97468e-06
 Reference value :  1.97868e-06
 Reference value :  1.98468e-06
 Reference value :  1.98868e-06
 Reference value :  1.99268e-06
 Reference value :  1.99868e-06
 Reference value :  2.00468e-06
 Reference value :  2.01068e-06
 Reference value :  2.01468e-06
 Reference value :  2.01868e-06
 Reference value :  2.02068e-06
 Reference value :  2.02196e-06
 Reference value :  2.02485e-06
 Reference value :  2.02861e-06
 Reference value :  2.03261e-06
 Reference value :  2.03861e-06
 Reference value :  2.04461e-06
 Reference value :  2.04861e-06
 Reference value :  2.05261e-06
 Reference value :  2.05861e-06
 Reference value :  2.06231e-06
 Reference value :  2.06476e-06
 Reference value :  2.06572e-06
 Reference value :  2.06744e-06
 Reference value :  2.07036e-06
 Reference value :  2.07377e-06
 Reference value :  2.07777e-06
 Reference value :  2.08577e-06
 Reference value :  2.08977e-06
 Reference value :  2.09377e-06
 Reference value :  2.09977e-06
 Reference value :  2.10377e-06
 Reference value :  2.10577e-06
 Reference value :  2.10977e-06
 Reference value :  2.11577e-06
 Reference value :  2.11977e-06
 Reference value :  2.12377e-06
 Reference value :  2.12777e-06
 Reference value :  2.13377e-06
 Reference value :  2.13777e-06
 Reference value :  2.14177e-06
 Reference value :  2.14577e-06
 Reference value :  2.14977e-06
 Reference value :  2.15121e-06
 Reference value :  2.15459e-06
 Reference value :  2.16051e-06
 Reference value :  2.16651e-06
 Reference value :  2.17051e-06
 Reference value :  2.17651e-06
 Reference value :  2.18251e-06
 Reference value :  2.18851e-06
 Reference value :  2.19451e-06
 Reference value :  2.20051e-06
 Reference value :  2.20451e-06
 Reference value :  2.21051e-06
 Reference value :  2.21451e-06
 Reference value :  2.21851e-06
 Reference value :  2.22451e-06
 Reference value :  2.23051e-06
 Reference value :  2.23451e-06
 Reference value :  2.24051e-06
 Reference value :  2.24451e-06
 Reference value :  2.24851e-06
 Reference value :  2.25251e-06
 Reference value :  2.25651e-06
 Reference value :  2.26015e-06
 Reference value :  2.26120e-06
 Reference value :  2.26473e-06
 Reference value :  2.26787e-06
 Reference value :  2.27176e-06
 Reference value :  2.27576e-06
 Reference value :  2.28176e-06
 Reference value :  2.28576e-06
 Reference value :  2.28934e-06
 Reference value :  2.29042e-06
 Reference value :  2.29187e-06
 Reference value :  2.29375e-06
 Reference value :  2.29670e-06
 Reference value :  2.30066e-06
 Reference value :  2.30666e-06
 Reference value :  2.31066e-06
 Reference value :  2.31466e-06
 Reference value :  2.31866e-06
 Reference value :  2.32466e-06
 Reference value :  2.32866e-06
 Reference value :  2.33266e-06
 Reference value :  2.33666e-06
 Reference value :  2.34266e-06
 Reference value :  2.34666e-06
 Reference value :  2.35066e-06
 Reference value :  2.35466e-06
 Reference value :  2.35866e-06
 Reference value :  2.36266e-06
 Reference value :  2.36666e-06
 Reference value :  2.37266e-06
 Reference value :  2.37666e-06
 Reference value :  2.38266e-06
 Reference value :  2.38666e-06
 Reference value :  2.39019e-06
 Reference value :  2.39374e-06
 Reference value :  2.39974e-06
 Reference value :  2.40574e-06
 Reference value :  2.40974e-06
 Reference value :  2.41574e-06
 Reference value :  2.42174e-06
 Reference value :  2.42574e-06
 Reference value :  2.42974e-06
 Reference value :  2.43374e-06
 Reference value :  2.43974e-06
 Reference value :  2.44174e-06
 Reference value :  2.44774e-06
 Reference value :  2.45174e-06
 Reference value :  2.45774e-06
 Reference value :  2.46374e-06
 Reference value :  2.46974e-06
 Reference value :  2.47374e-06
 Reference value :  2.47974e-06
 Reference value :  2.48574e-06
 Reference value :  2.48974e-06
 Reference value :  2.49374e-06
 Reference value :  2.49774e-06
 Reference value :  2.50020e-06
 Reference value :  2.50208e-06
 Reference value :  2.50498e-06
 Reference value :  2.50617e-06
 Reference value :  2.50672e-06
 Reference value :  2.50719e-06
 Reference value :  2.50835e-06
 Reference value :  2.51326e-06
 Reference value :  2.51926e-06
 Reference value :  2.52326e-06
 Reference value :  2.52726e-06
 Reference value :  2.53526e-06
 Reference value :  2.53926e-06
 Reference value :  2.54526e-06
 Reference value :  2.54926e-06
 Reference value :  2.55526e-06
 Reference value :  2.55926e-06
 Reference value :  2.56326e-06
 Reference value :  2.56726e-06
 Reference value :  2.57126e-06
 Reference value :  2.57526e-06
 Reference value :  2.57926e-06
 Reference value :  2.58326e-06
 Reference value :  2.58726e-06
 Reference value :  2.59126e-06
 Reference value :  2.59526e-06
 Reference value :  2.60126e-06
 Reference value :  2.60726e-06
 Reference value :  2.61326e-06
 Reference value :  2.61726e-06
 Reference value :  2.62126e-06
 Reference value :  2.62526e-06
 Reference value :  2.62679e-06
 Reference value :  2.62777e-06
 Reference value :  2.62996e-06
 Reference value :  2.63491e-06
 Reference value :  2.64091e-06
 Reference value :  2.64491e-06
 Reference value :  2.64891e-06
 Reference value :  2.65291e-06
 Reference value :  2.65891e-06
 Reference value :  2.66491e-06
 Reference value :  2.67091e-06
 Reference value :  2.67491e-06
 Reference value :  2.67891e-06
 Reference value :  2.68291e-06
 Reference value :  2.68691e-06
 Reference value :  2.69091e-06
 Reference value :  2.69691e-06
 Reference value :  2.70291e-06
 Reference value :  2.70891e-06
 Reference value :  2.71291e-06
 Reference value :  2.71691e-06
 Reference value :  2.72291e-06
 Reference value :  2.72691e-06
 Reference value :  2.73091e-06
 Reference value :  2.73491e-06
 Reference value :  2.73891e-06
 Reference value :  2.74053e-06
 Reference value :  2.74407e-06
 Reference value :  2.75007e-06
 Reference value :  2.75607e-06
 Reference value :  2.76007e-06
 Reference value :  2.76407e-06
 Reference value :  2.77007e-06
 Reference value :  2.77607e-06
 Reference value :  2.78007e-06
 Reference value :  2.78607e-06
 Reference value :  2.79207e-06
 Reference value :  2.79607e-06
 Reference value :  2.80207e-06
 Reference value :  2.80607e-06
 Reference value :  2.81007e-06
 Reference value :  2.81407e-06
 Reference value :  2.81807e-06
 Reference value :  2.82207e-06
 Reference value :  2.82407e-06
 Reference value :  2.82807e-06
 Reference value :  2.83207e-06
 Reference value :  2.83607e-06
 Reference value :  2.84007e-06
 Reference value :  2.84407e-06
 Reference value :  2.85407e-06
 Reference value :  2.86207e-06
 Reference value :  2.86565e-06
 Reference value :  2.86668e-06
 Reference value :  2.86892e-06
 Reference value :  2.87204e-06
 Reference value :  2.87604e-06
 Reference value :  2.88204e-06
 Reference value :  2.88604e-06
 Reference value :  2.89004e-06
 Reference value :  2.89404e-06
 Reference value :  2.90004e-06
 Reference value :  2.90404e-06
 Reference value :  2.90804e-06
 Reference value :  2.91404e-06
 Reference value :  2.91804e-06
 Reference value :  2.92204e-06
 Reference value :  2.92604e-06
 Reference value :  2.93004e-06
 Reference value :  2.93404e-06
 Reference value :  2.94004e-06
 Reference value :  2.94604e-06
 Reference value :  2.95204e-06
 Reference value :  2.95804e-06
 Reference value :  2.96404e-06
 Reference value :  2.96804e-06
 Reference value :  2.97404e-06
 Reference value :  2.97579e-06
 Reference value :  2.97930e-06
 Reference value :  2.98471e-06
 Reference value :  2.99071e-06
 Reference value :  2.99671e-06
 Reference value :  3.00071e-06
 Reference value :  3.00471e-06
 Reference value :  3.01071e-06
 Reference value :  3.01471e-06
 Reference value :  3.01871e-06
 Reference value :  3.02471e-06
 Reference value :  3.03071e-06
 Reference value :  3.03471e-06
 Reference value :  3.03871e-06
 Reference value :  3.04271e-06
 Reference value :  3.04671e-06
 Reference value :  3.05071e-06
 Reference value :  3.05471e-06
 Reference value :  3.05871e-06
 Reference value :  3.06271e-06
 Reference value :  3.06671e-06
 Reference value :  3.07071e-06
 Reference value :  3.07671e-06
 Reference value :  3.08071e-06
 Reference value :  3.08671e-06
 Reference value :  3.09271e-06
 Reference value :  3.09871e-06
 Reference value :  3.10271e-06
 Reference value :  3.10439e-06
 Reference value :  3.10549e-06
 Reference value :  3.10791e-06
 Reference value :  3.11327e-06
 Reference value :  3.11727e-06
 Reference value :  3.12327e-06
 Reference value :  3.12727e-06
 Reference value :  3.13127e-06
 Reference value :  3.13727e-06
 Reference value :  3.14127e-06
 Reference value :  3.14527e-06
 Reference value :  3.14927e-06
 Reference value :  3.15527e-06
 Reference value :  3.15927e-06
 Reference value :  3.16327e-06
 Reference value :  3.16927e-06
 Reference value :  3.17527e-06
 Reference value :  3.18127e-06
 Reference value :  3.18727e-06
 Reference value :  3.19127e-06
 Reference value :  3.19527e-06
 Reference value :  3.19864e-06
No. of Data Rows : 1684

  Measurements for Transient Analysis

t_r1                =   1.43167e-06
t_r2                =   1.67015e-06
t_f1                =   1.54293e-06
t_f2                =   1.78233e-06
tperiod             =  2.38479e-07
fosc                =  4.19325e+06
voh                 =  3.39767e+00 at=  2.62777e-06
vol                 =  -1.02159e-01 at=  2.50020e-06
voh_ratio           =  1.02960e+00
vol_ratio           =  -3.09574e-02
trise               =  1.65310e-09 targ=  1.43250e-06 trig=  1.43085e-06
tfall               =  1.65114e-09 targ=  1.54375e-06 trig=  1.54210e-06

ngspice-46 done

