
Note: No compatibility mode selected!


Circuit: * output-driver @ fs_125c_3.63v_hi -- generated by sim/harness, do not edit

Doing analysis at TEMP = 125.000000 and TNOM = 27.000000

Using SPARSE 1.3 as Direct Linear Solver

Initial Transient Solution
--------------------------

Node                                   Voltage
----                                   -------
vddvco                                    3.63
b0                                        3.63
b1                                        3.63
b2                                        3.63
vctrl                                      2.7
xdut.xbias.na                         0.896879
xdut.xbias.vbpc                        2.56956
xdut.xbias.nc                         0.170271
xdut.xbias.xrcg.11                    0.170002
xdut.xbias.xrcg.21                 0.000268853
xdut.xbias.nsu                       0.0110834
xdut.xbias.vfix                        1.46164
xdut.xbias.nmd                         0.62819
xdut.xbias.vbp0                        2.69961
xdut.xbias.noff                        0.66671
xdut.xbias.xroff.11                   0.666526
xdut.xbias.xroff.21                0.000184032
xdut.xbias.nvi                         1.58742
xdut.xbias.xrdeg.11                    1.58699
xdut.xbias.xrdeg.21                0.000438177
xdut.xbias.b0b                     1.35629e-08
xdut.xbias.b1b                     1.35629e-08
xdut.xbias.b2b                     1.35629e-08
xdut.xbias.vbn1                       0.667752
xdut.xbias.ga                          2.69961
xdut.xbias.vbp2                        2.53109
xdut.xbias.gb                         0.667752
xdut.vbn                               1.09093
xdut.xbias.gc                          2.53109
xdut.vbp                                  2.14
xdut.xs1.nh                            1.83879
xdut.y1                                      0
xdut.y5                                      0
xdut.xs1.nt                        2.23512e-12
xdut.xs2.nh                               3.63
xdut.y2                                   3.63
xdut.xs2.nt                        6.27352e-06
xdut.xs3.nh                               3.63
xdut.y3                                      0
xdut.xs3.nt                       -3.94123e-17
xdut.xs4.nh                               3.63
xdut.y4                                   3.63
xdut.xs4.nt                        6.27352e-06
xdut.xs5.nh                               3.63
xdut.xs5.nt                       -3.94123e-17
xdut.nb1                                  3.63
xdut.nb2                           1.22083e-08
clk                                       3.63
xdut.xcdec1.c_moscap_int1                -3.63
xdut.xcdec2.c_moscap_int1                -3.63
e.xdut.xcdec2.ec_moscap#branch               0
e.xdut.xcdec1.ec_moscap#branch               0
vvctrl#branch                                0
vb2#branch                                   0
vb1#branch                                   0
vb0#branch                                   0
vvddvco#branch                    -0.000477244

 Reference value :  0.00000e+00
 Reference value :  8.80000e-13
 Reference value :  7.04000e-12
 Reference value :  7.21600e-11
 Reference value :  1.16160e-10
 Reference value :  2.04160e-10
 Reference value :  2.92160e-10
 Reference value :  3.80160e-10
 Reference value :  4.68160e-10
 Reference value :  5.34160e-10
 Reference value :  6.22160e-10
 Reference value :  6.88160e-10
 Reference value :  7.32160e-10
 Reference value :  8.42160e-10
 Reference value :  9.30160e-10
 Reference value :  9.96160e-10
 Reference value :  1.06216e-09
 Reference value :  1.12816e-09
 Reference value :  1.19416e-09
 Reference value :  1.23816e-09
 Reference value :  1.28216e-09
 Reference value :  1.34816e-09
 Reference value :  1.43616e-09
 Reference value :  1.50216e-09
 Reference value :  1.59016e-09
 Reference value :  1.65616e-09
 Reference value :  1.72216e-09
 Reference value :  1.76616e-09
 Reference value :  1.81016e-09
 Reference value :  1.87616e-09
 Reference value :  1.94216e-09
 Reference value :  1.98616e-09
 Reference value :  2.03016e-09
 Reference value :  2.09616e-09
 Reference value :  2.16216e-09
 Reference value :  2.20616e-09
 Reference value :  2.27216e-09
 Reference value :  2.31616e-09
 Reference value :  2.38216e-09
 Reference value :  2.47016e-09
 Reference value :  2.53616e-09
 Reference value :  2.60216e-09
 Reference value :  2.66816e-09
 Reference value :  2.73416e-09
 Reference value :  2.77816e-09
 Reference value :  2.84416e-09
 Reference value :  2.91016e-09
 Reference value :  2.97616e-09
 Reference value :  3.04216e-09
 Reference value :  3.10816e-09
 Reference value :  3.17416e-09
 Reference value :  3.24016e-09
 Reference value :  3.30616e-09
 Reference value :  3.37216e-09
 Reference value :  3.41616e-09
 Reference value :  3.50416e-09
 Reference value :  3.57016e-09
 Reference value :  3.63616e-09
 Reference value :  3.70216e-09
 Reference value :  3.76816e-09
 Reference value :  3.81216e-09
 Reference value :  3.85616e-09
 Reference value :  3.92216e-09
 Reference value :  3.98816e-09
 Reference value :  4.07616e-09
 Reference value :  4.12016e-09
 Reference value :  4.18616e-09
 Reference value :  4.25216e-09
 Reference value :  4.31816e-09
 Reference value :  4.38416e-09
 Reference value :  4.42816e-09
 Reference value :  4.47216e-09
 Reference value :  4.56016e-09
 Reference value :  4.62616e-09
 Reference value :  4.69216e-09
 Reference value :  4.75816e-09
 Reference value :  4.82416e-09
 Reference value :  4.89016e-09
 Reference value :  4.97816e-09
 Reference value :  5.06616e-09
 Reference value :  5.13216e-09
 Reference value :  5.19816e-09
 Reference value :  5.26416e-09
 Reference value :  5.33016e-09
 Reference value :  5.39616e-09
 Reference value :  5.46216e-09
 Reference value :  5.52816e-09
 Reference value :  5.59416e-09
 Reference value :  5.66016e-09
 Reference value :  5.72616e-09
 Reference value :  5.79216e-09
 Reference value :  5.85816e-09
 Reference value :  5.92416e-09
 Reference value :  5.99016e-09
 Reference value :  6.07816e-09
 Reference value :  6.16616e-09
 Reference value :  6.21016e-09
 Reference value :  6.25416e-09
 Reference value :  6.32016e-09
 Reference value :  6.38616e-09
 Reference value :  6.45216e-09
 Reference value :  6.51816e-09
 Reference value :  6.58416e-09
 Reference value :  6.65016e-09
 Reference value :  6.71616e-09
 Reference value :  6.78216e-09
 Reference value :  6.84816e-09
 Reference value :  6.91416e-09
 Reference value :  6.95816e-09
 Reference value :  7.02416e-09
 Reference value :  7.09016e-09
 Reference value :  7.17816e-09
 Reference value :  7.26616e-09
 Reference value :  7.35416e-09
 Reference value :  7.42016e-09
 Reference value :  7.48616e-09
 Reference value :  7.55216e-09
 Reference value :  7.64016e-09
 Reference value :  7.70616e-09
 Reference value :  7.75016e-09
 Reference value :  7.81616e-09
 Reference value :  7.90416e-09
 Reference value :  7.97016e-09
 Reference value :  8.03616e-09
 Reference value :  8.10216e-09
 Reference value :  8.16816e-09
 Reference value :  8.23416e-09
 Reference value :  8.30016e-09
 Reference value :  8.36616e-09
 Reference value :  8.43216e-09
 Reference value :  8.49816e-09
 Reference value :  8.56416e-09
 Reference value :  8.63016e-09
 Reference value :  8.69616e-09
 Reference value :  8.78416e-09
 Reference value :  8.87216e-09
 Reference value :  8.93816e-09
 Reference value :  8.98216e-09
 Reference value :  9.07016e-09
 Reference value :  9.13616e-09
 Reference value :  9.20216e-09
 Reference value :  9.26816e-09
 Reference value :  9.35616e-09
 Reference value :  9.42216e-09
 Reference value :  9.48816e-09
 Reference value :  9.55416e-09
 Reference value :  9.62016e-09
 Reference value :  9.68616e-09
 Reference value :  9.77416e-09
 Reference value :  9.81816e-09
 Reference value :  9.88416e-09
 Reference value :  9.95016e-09
 Reference value :  1.00162e-08
 Reference value :  1.00822e-08
 Reference value :  1.01482e-08
 Reference value :  1.01922e-08
 Reference value :  1.02802e-08
 Reference value :  1.03462e-08
 Reference value :  1.04122e-08
 Reference value :  1.04782e-08
 Reference value :  1.05442e-08
 Reference value :  1.06102e-08
 Reference value :  1.06762e-08
 Reference value :  1.07202e-08
 Reference value :  1.07862e-08
 Reference value :  1.08522e-08
 Reference value :  1.09182e-08
 Reference value :  1.09842e-08
 Reference value :  1.10502e-08
 Reference value :  1.11162e-08
 Reference value :  1.11602e-08
 Reference value :  1.12262e-08
 Reference value :  1.13142e-08
 Reference value :  1.13802e-08
 Reference value :  1.14462e-08
 Reference value :  1.15122e-08
 Reference value :  1.15782e-08
 Reference value :  1.16442e-08
 Reference value :  1.17102e-08
 Reference value :  1.17762e-08
 Reference value :  1.18422e-08
 Reference value :  1.19082e-08
 Reference value :  1.19742e-08
 Reference value :  1.20402e-08
 Reference value :  1.21062e-08
 Reference value :  1.21722e-08
 Reference value :  1.22382e-08
 Reference value :  1.23042e-08
 Reference value :  1.23702e-08
 Reference value :  1.24582e-08
 Reference value :  1.25242e-08
 Reference value :  1.25682e-08
 Reference value :  1.26342e-08
 Reference value :  1.27002e-08
 Reference value :  1.27662e-08
 Reference value :  1.28542e-08
 Reference value :  1.29422e-08
 Reference value :  1.30082e-08
 Reference value :  1.30742e-08
 Reference value :  1.31622e-08
 Reference value :  1.32282e-08
 Reference value :  1.32942e-08
 Reference value :  1.33602e-08
 Reference value :  1.34262e-08
 Reference value :  1.34922e-08
 Reference value :  1.35362e-08
 Reference value :  1.36022e-08
 Reference value :  1.36682e-08
 Reference value :  1.37342e-08
 Reference value :  1.38002e-08
 Reference value :  1.38442e-08
 Reference value :  1.39102e-08
 Reference value :  1.39762e-08
 Reference value :  1.40422e-08
 Reference value :  1.41082e-08
 Reference value :  1.41742e-08
 Reference value :  1.42402e-08
 Reference value :  1.43282e-08
 Reference value :  1.43722e-08
 Reference value :  1.44382e-08
 Reference value :  1.45042e-08
 Reference value :  1.45482e-08
 Reference value :  1.45922e-08
 Reference value :  1.46582e-08
 Reference value :  1.47242e-08
 Reference value :  1.47682e-08
 Reference value :  1.48122e-08
 Reference value :  1.48782e-08
 Reference value :  1.49442e-08
 Reference value :  1.50102e-08
 Reference value :  1.50762e-08
 Reference value :  1.51422e-08
 Reference value :  1.52082e-08
 Reference value :  1.52742e-08
 Reference value :  1.53402e-08
 Reference value :  1.54282e-08
 Reference value :  1.54942e-08
 Reference value :  1.55602e-08
 Reference value :  1.56262e-08
 Reference value :  1.56922e-08
 Reference value :  1.57582e-08
 Reference value :  1.58022e-08
 Reference value :  1.58462e-08
 Reference value :  1.58902e-08
 Reference value :  1.59562e-08
 Reference value :  1.60442e-08
 Reference value :  1.60882e-08
 Reference value :  1.61542e-08
 Reference value :  1.61982e-08
 Reference value :  1.62642e-08
 Reference value :  1.63302e-08
 Reference value :  1.63962e-08
 Reference value :  1.64622e-08
 Reference value :  1.65502e-08
 Reference value :  1.66162e-08
 Reference value :  1.66822e-08
 Reference value :  1.67482e-08
 Reference value :  1.68142e-08
 Reference value :  1.68582e-08
 Reference value :  1.69022e-08
 Reference value :  1.69682e-08
 Reference value :  1.70562e-08
 Reference value :  1.71222e-08
 Reference value :  1.71882e-08
 Reference value :  1.72542e-08
 Reference value :  1.73202e-08
 Reference value :  1.73642e-08
 Reference value :  1.74302e-08
 Reference value :  1.74962e-08
 Reference value :  1.75622e-08
 Reference value :  1.76282e-08
 Reference value :  1.76942e-08
 Reference value :  1.77602e-08
 Reference value :  1.78262e-08
 Reference value :  1.79142e-08
 Reference value :  1.80022e-08
 Reference value :  1.80682e-08
 Reference value :  1.81562e-08
 Reference value :  1.82222e-08
 Reference value :  1.82662e-08
 Reference value :  1.83102e-08
 Reference value :  1.83542e-08
 Reference value :  1.84202e-08
 Reference value :  1.84862e-08
 Reference value :  1.85522e-08
 Reference value :  1.86182e-08
 Reference value :  1.86842e-08
 Reference value :  1.87502e-08
 Reference value :  1.87942e-08
 Reference value :  1.88382e-08
 Reference value :  1.89042e-08
 Reference value :  1.89702e-08
 Reference value :  1.90142e-08
 Reference value :  1.91022e-08
 Reference value :  1.91462e-08
 Reference value :  1.91902e-08
 Reference value :  1.92562e-08
 Reference value :  1.93002e-08
 Reference value :  1.93662e-08
 Reference value :  1.94322e-08
 Reference value :  1.94982e-08
 Reference value :  1.95642e-08
 Reference value :  1.96522e-08
 Reference value :  1.97182e-08
 Reference value :  1.97622e-08
 Reference value :  1.98282e-08
 Reference value :  1.98722e-08
 Reference value :  1.99602e-08
 Reference value :  2.00482e-08
 Reference value :  2.01362e-08
 Reference value :  2.02022e-08
 Reference value :  2.02462e-08
 Reference value :  2.03122e-08
 Reference value :  2.03782e-08
 Reference value :  2.04442e-08
 Reference value :  2.05102e-08
 Reference value :  2.05982e-08
 Reference value :  2.06642e-08
 Reference value :  2.07302e-08
 Reference value :  2.07962e-08
 Reference value :  2.08402e-08
 Reference value :  2.08842e-08
 Reference value :  2.09282e-08
 Reference value :  2.09942e-08
 Reference value :  2.10382e-08
 Reference value :  2.10822e-08
 Reference value :  2.11482e-08
 Reference value :  2.11922e-08
 Reference value :  2.12362e-08
 Reference value :  2.12802e-08
 Reference value :  2.13242e-08
 Reference value :  2.13902e-08
 Reference value :  2.14342e-08
 Reference value :  2.15002e-08
 Reference value :  2.15662e-08
 Reference value :  2.16322e-08
 Reference value :  2.16982e-08
 Reference value :  2.17642e-08
 Reference value :  2.18082e-08
 Reference value :  2.18742e-08
 Reference value :  2.19182e-08
 Reference value :  2.19622e-08
 Reference value :  2.20282e-08
 Reference value :  2.20942e-08
 Reference value :  2.21602e-08
 Reference value :  2.22262e-08
 Reference value :  2.22922e-08
 Reference value :  2.23582e-08
 Reference value :  2.24242e-08
 Reference value :  2.24902e-08
 Reference value :  2.25562e-08
 Reference value :  2.26222e-08
 Reference value :  2.27102e-08
 Reference value :  2.27542e-08
 Reference value :  2.27982e-08
 Reference value :  2.28642e-08
 Reference value :  2.29082e-08
 Reference value :  2.29522e-08
 Reference value :  2.30182e-08
 Reference value :  2.30842e-08
 Reference value :  2.31502e-08
 Reference value :  2.32382e-08
 Reference value :  2.33042e-08
 Reference value :  2.33702e-08
 Reference value :  2.34362e-08
 Reference value :  2.35242e-08
 Reference value :  2.35902e-08
 Reference value :  2.36562e-08
 Reference value :  2.37002e-08
 Reference value :  2.37662e-08
 Reference value :  2.38102e-08
 Reference value :  2.38762e-08
 Reference value :  2.39202e-08
 Reference value :  2.39862e-08
 Reference value :  2.40522e-08
 Reference value :  2.40962e-08
 Reference value :  2.41402e-08
 Reference value :  2.41842e-08
 Reference value :  2.42282e-08
 Reference value :  2.42942e-08
 Reference value :  2.43602e-08
 Reference value :  2.44262e-08
 Reference value :  2.45142e-08
 Reference value :  2.45582e-08
 Reference value :  2.46242e-08
 Reference value :  2.46902e-08
 Reference value :  2.47782e-08
 Reference value :  2.48442e-08
 Reference value :  2.49102e-08
 Reference value :  2.49982e-08
 Reference value :  2.50642e-08
 Reference value :  2.51302e-08
 Reference value :  2.51742e-08
 Reference value :  2.52182e-08
 Reference value :  2.53062e-08
 Reference value :  2.53722e-08
 Reference value :  2.54382e-08
 Reference value :  2.55042e-08
 Reference value :  2.55702e-08
 Reference value :  2.56582e-08
 Reference value :  2.57462e-08
 Reference value :  2.58342e-08
 Reference value :  2.59002e-08
 Reference value :  2.59662e-08
 Reference value :  2.60542e-08
 Reference value :  2.60982e-08
 Reference value :  2.61422e-08
 Reference value :  2.62082e-08
 Reference value :  2.62742e-08
 Reference value :  2.63402e-08
 Reference value :  2.64062e-08
 Reference value :  2.64722e-08
 Reference value :  2.65382e-08
 Reference value :  2.66042e-08
 Reference value :  2.66702e-08
 Reference value :  2.67582e-08
 Reference value :  2.68242e-08
 Reference value :  2.68902e-08
 Reference value :  2.69782e-08
 Reference value :  2.70442e-08
 Reference value :  2.71102e-08
 Reference value :  2.71762e-08
 Reference value :  2.72422e-08
 Reference value :  2.73082e-08
 Reference value :  2.73962e-08
 Reference value :  2.74622e-08
 Reference value :  2.75282e-08
 Reference value :  2.75942e-08
 Reference value :  2.76382e-08
 Reference value :  2.77042e-08
 Reference value :  2.77702e-08
 Reference value :  2.78142e-08
 Reference value :  2.78802e-08
 Reference value :  2.79462e-08
 Reference value :  2.80122e-08
 Reference value :  2.80782e-08
 Reference value :  2.81222e-08
 Reference value :  2.81882e-08
 Reference value :  2.82542e-08
 Reference value :  2.82982e-08
 Reference value :  2.83642e-08
 Reference value :  2.84302e-08
 Reference value :  2.84962e-08
 Reference value :  2.85622e-08
 Reference value :  2.86282e-08
 Reference value :  2.86942e-08
 Reference value :  2.87382e-08
 Reference value :  2.88042e-08
 Reference value :  2.88702e-08
 Reference value :  2.89142e-08
 Reference value :  2.89802e-08
 Reference value :  2.90462e-08
 Reference value :  2.91122e-08
 Reference value :  2.91562e-08
 Reference value :  2.92002e-08
 Reference value :  2.92662e-08
 Reference value :  2.93322e-08
 Reference value :  2.94202e-08
 Reference value :  2.94862e-08
 Reference value :  2.95522e-08
 Reference value :  2.96402e-08
 Reference value :  2.97062e-08
 Reference value :  2.97502e-08
 Reference value :  2.97942e-08
 Reference value :  2.98382e-08
 Reference value :  2.99042e-08
 Reference value :  2.99922e-08
 Reference value :  3.00582e-08
 Reference value :  3.01242e-08
 Reference value :  3.01902e-08
 Reference value :  3.02562e-08
 Reference value :  3.03222e-08
 Reference value :  3.03662e-08
 Reference value :  3.04102e-08
 Reference value :  3.04762e-08
 Reference value :  3.05422e-08
 Reference value :  3.05862e-08
 Reference value :  3.06302e-08
 Reference value :  3.06962e-08
 Reference value :  3.07622e-08
 Reference value :  3.08282e-08
 Reference value :  3.08942e-08
 Reference value :  3.09602e-08
 Reference value :  3.10262e-08
 Reference value :  3.10702e-08
 Reference value :  3.11362e-08
 Reference value :  3.12242e-08
 Reference value :  3.12902e-08
 Reference value :  3.13562e-08
 Reference value :  3.14222e-08
 Reference value :  3.14882e-08
 Reference value :  3.15542e-08
 Reference value :  3.16202e-08
 Reference value :  3.16642e-08
 Reference value :  3.17302e-08
 Reference value :  3.17962e-08
 Reference value :  3.18622e-08
 Reference value :  3.19282e-08
 Reference value :  3.20162e-08
 Reference value :  3.21042e-08
 Reference value :  3.21482e-08
 Reference value :  3.22142e-08
 Reference value :  3.22802e-08
 Reference value :  3.23682e-08
 Reference value :  3.24122e-08
 Reference value :  3.24782e-08
 Reference value :  3.25442e-08
 Reference value :  3.26542e-08
 Reference value :  3.27202e-08
 Reference value :  3.27862e-08
 Reference value :  3.28522e-08
 Reference value :  3.29182e-08
 Reference value :  3.29842e-08
 Reference value :  3.30282e-08
 Reference value :  3.31162e-08
 Reference value :  3.31822e-08
 Reference value :  3.32262e-08
 Reference value :  3.32922e-08
 Reference value :  3.33582e-08
 Reference value :  3.34462e-08
 Reference value :  3.35122e-08
 Reference value :  3.36222e-08
 Reference value :  3.37102e-08
 Reference value :  3.37982e-08
 Reference value :  3.38422e-08
 Reference value :  3.38862e-08
 Reference value :  3.39522e-08
 Reference value :  3.40182e-08
 Reference value :  3.40622e-08
 Reference value :  3.41282e-08
 Reference value :  3.41722e-08
 Reference value :  3.42382e-08
 Reference value :  3.42822e-08
 Reference value :  3.43702e-08
 Reference value :  3.44362e-08
 Reference value :  3.45022e-08
 Reference value :  3.45682e-08
 Reference value :  3.46342e-08
 Reference value :  3.47002e-08
 Reference value :  3.47882e-08
 Reference value :  3.48542e-08
 Reference value :  3.49202e-08
 Reference value :  3.49642e-08
 Reference value :  3.50302e-08
 Reference value :  3.50962e-08
 Reference value :  3.51842e-08
 Reference value :  3.52282e-08
 Reference value :  3.52942e-08
 Reference value :  3.53382e-08
 Reference value :  3.54042e-08
 Reference value :  3.54702e-08
 Reference value :  3.55142e-08
 Reference value :  3.55802e-08
 Reference value :  3.56462e-08
 Reference value :  3.57122e-08
 Reference value :  3.57782e-08
 Reference value :  3.58222e-08
 Reference value :  3.59102e-08
 Reference value :  3.59762e-08
 Reference value :  3.60422e-08
 Reference value :  3.60862e-08
 Reference value :  3.61522e-08
 Reference value :  3.62402e-08
 Reference value :  3.63062e-08
 Reference value :  3.64162e-08
 Reference value :  3.65042e-08
 Reference value :  3.65922e-08
 Reference value :  3.66362e-08
 Reference value :  3.67022e-08
 Reference value :  3.67462e-08
 Reference value :  3.67902e-08
 Reference value :  3.68562e-08
 Reference value :  3.69222e-08
 Reference value :  3.69882e-08
 Reference value :  3.70542e-08
 Reference value :  3.70982e-08
 Reference value :  3.71422e-08
 Reference value :  3.71862e-08
 Reference value :  3.72522e-08
 Reference value :  3.72962e-08
 Reference value :  3.73622e-08
 Reference value :  3.74282e-08
 Reference value :  3.74722e-08
 Reference value :  3.75162e-08
 Reference value :  3.75822e-08
 Reference value :  3.76482e-08
 Reference value :  3.77142e-08
 Reference value :  3.77802e-08
 Reference value :  3.78242e-08
 Reference value :  3.78902e-08
 Reference value :  3.79562e-08
 Reference value :  3.80222e-08
 Reference value :  3.80882e-08
 Reference value :  3.81322e-08
 Reference value :  3.81762e-08
 Reference value :  3.82202e-08
 Reference value :  3.82862e-08
 Reference value :  3.83522e-08
 Reference value :  3.83962e-08
 Reference value :  3.84622e-08
 Reference value :  3.85282e-08
 Reference value :  3.85722e-08
 Reference value :  3.86382e-08
 Reference value :  3.86822e-08
 Reference value :  3.87482e-08
 Reference value :  3.88362e-08
 Reference value :  3.88802e-08
 Reference value :  3.89242e-08
 Reference value :  3.89902e-08
 Reference value :  3.90562e-08
 Reference value :  3.91222e-08
 Reference value :  3.91882e-08
 Reference value :  3.92542e-08
 Reference value :  3.93202e-08
 Reference value :  3.93862e-08
 Reference value :  3.94302e-08
 Reference value :  3.94962e-08
 Reference value :  3.95622e-08
 Reference value :  3.96282e-08
 Reference value :  3.96942e-08
 Reference value :  3.97382e-08
 Reference value :  3.97822e-08
 Reference value :  3.98262e-08
 Reference value :  3.98922e-08
 Reference value :  3.99362e-08
 Reference value :  4.00000e-08
No. of Data Rows : 1826

  Measurements for Transient Analysis

t_r1                =   1.85277e-08
t_r2                =   2.11237e-08
t_f1                =   1.71727e-08
t_f2                =   1.97687e-08
tperiod             =  2.59599e-09
fosc                =  3.85209e+08
voh                 =  3.66139e+00 at=  1.70342e-08
vol                 =  -3.30202e-02 at=  3.91662e-08
voh_ratio           =  1.00865e+00
vol_ratio           =  -9.09646e-03
trise               =  -2.47482e-09 targ=  1.59938e-08 trig=  1.84686e-08
tfall               =  1.29102e-10 targ=  1.72384e-08 trig=  1.71093e-08

ngspice-46 done

