
Note: No compatibility mode selected!


Circuit: * output-driver @ sf_125c_3.30v_lo -- generated by sim/harness, do not edit

Doing analysis at TEMP = 125.000000 and TNOM = 27.000000

Using SPARSE 1.3 as Direct Linear Solver

Initial Transient Solution
--------------------------

Node                                   Voltage
----                                   -------
vddvco                                     3.3
b0                                           0
b1                                           0
b2                                           0
vctrl                                      0.9
xdut.xbias.na                          1.09648
xdut.xbias.vbpc                        2.42077
xdut.xbias.nc                         0.183988
xdut.xbias.xrcg.11                    0.183698
xdut.xbias.xrcg.21                 0.000290513
xdut.xbias.nsu                       0.0110388
xdut.xbias.vfix                        1.87177
xdut.xbias.nmd                        0.802101
xdut.xbias.vbp0                          2.632
xdut.xbias.noff                       0.832698
xdut.xbias.xroff.11                   0.832468
xdut.xbias.xroff.21                 0.00022985
xdut.xbias.nvi                        0.182906
xdut.xbias.xrdeg.11                   0.182855
xdut.xbias.xrdeg.21                5.04875e-05
xdut.xbias.b0b                             3.3
xdut.xbias.b1b                             3.3
xdut.xbias.b2b                             3.3
xdut.xbias.vbn1                       0.716353
xdut.xbias.ga                              3.3
xdut.xbias.vbp2                        2.65527
xdut.xbias.gb                       3.0775e-09
xdut.vbn                              0.668075
xdut.xbias.gc                              3.3
xdut.vbp                               2.69039
xdut.xs1.nh                           0.984945
xdut.y1                                      0
xdut.y5                                      0
xdut.xs1.nt                       -2.87032e-12
xdut.xs2.nh                                3.3
xdut.y2                                    3.3
xdut.xs2.nt                        2.43941e-06
xdut.xs3.nh                            3.29999
xdut.y3                                      0
xdut.xs3.nt                         4.7245e-18
xdut.xs4.nh                                3.3
xdut.y4                                    3.3
xdut.xs4.nt                        2.43941e-06
xdut.xs5.nh                            3.29999
xdut.xs5.nt                         4.7245e-18
xdut.nb1                                   3.3
xdut.nb2                           3.03855e-07
clk                                        3.3
xdut.xcdec1.c_moscap_int1                 -3.3
xdut.xcdec2.c_moscap_int1                 -3.3
e.xdut.xcdec2.ec_moscap#branch               0
e.xdut.xcdec1.ec_moscap#branch               0
vvctrl#branch                                0
vb2#branch                                   0
vb1#branch                                   0
vb0#branch                                   0
vvddvco#branch                    -5.25072e-05

 Reference value :  0.00000e+00
 Reference value :  8.00000e-11
 Reference value :  1.28000e-09
 Reference value :  4.56000e-09
 Reference value :  8.56000e-09
 Reference value :  1.25600e-08
 Reference value :  2.05600e-08
 Reference value :  3.05600e-08
 Reference value :  3.65600e-08
 Reference value :  4.05600e-08
 Reference value :  4.85600e-08
 Reference value :  5.45600e-08
 Reference value :  5.85600e-08
 Reference value :  6.45600e-08
 Reference value :  6.85600e-08
 Reference value :  7.45600e-08
 Reference value :  7.85600e-08
 Reference value :  8.25600e-08
 Reference value :  8.85600e-08
 Reference value :  9.25600e-08
 Reference value :  9.65600e-08
 Reference value :  1.02560e-07
 Reference value :  1.06560e-07
 Reference value :  1.09304e-07
 Reference value :  1.11583e-07
 Reference value :  1.13732e-07
 Reference value :  1.15972e-07
 Reference value :  1.20052e-07
 Reference value :  1.25771e-07
 Reference value :  1.29771e-07
 Reference value :  1.35771e-07
 Reference value :  1.39771e-07
 Reference value :  1.43771e-07
 Reference value :  1.47771e-07
 Reference value :  1.51771e-07
 Reference value :  1.55771e-07
 Reference value :  1.61771e-07
 Reference value :  1.67771e-07
 Reference value :  1.71771e-07
 Reference value :  1.75771e-07
 Reference value :  1.81771e-07
 Reference value :  1.85771e-07
 Reference value :  1.91771e-07
 Reference value :  1.95771e-07
 Reference value :  2.01771e-07
 Reference value :  2.07771e-07
 Reference value :  2.11771e-07
 Reference value :  2.15771e-07
 Reference value :  2.19771e-07
 Reference value :  2.23771e-07
 Reference value :  2.25351e-07
 Reference value :  2.26992e-07
 Reference value :  2.27556e-07
 Reference value :  2.28619e-07
 Reference value :  2.30357e-07
 Reference value :  2.34420e-07
 Reference value :  2.38420e-07
 Reference value :  2.44420e-07
 Reference value :  2.50420e-07
 Reference value :  2.56420e-07
 Reference value :  2.60420e-07
 Reference value :  2.64420e-07
 Reference value :  2.70420e-07
 Reference value :  2.76420e-07
 Reference value :  2.82420e-07
 Reference value :  2.88420e-07
 Reference value :  2.96420e-07
 Reference value :  3.02420e-07
 Reference value :  3.08420e-07
 Reference value :  3.14420e-07
 Reference value :  3.20420e-07
 Reference value :  3.26420e-07
 Reference value :  3.30420e-07
 Reference value :  3.33441e-07
 Reference value :  3.35580e-07
 Reference value :  3.37889e-07
 Reference value :  3.42538e-07
 Reference value :  3.48538e-07
 Reference value :  3.52538e-07
 Reference value :  3.56538e-07
 Reference value :  3.62538e-07
 Reference value :  3.66538e-07
 Reference value :  3.71998e-07
 Reference value :  3.76602e-07
 Reference value :  3.81202e-07
 Reference value :  3.87119e-07
 Reference value :  3.93119e-07
 Reference value :  3.97119e-07
 Reference value :  4.01119e-07
 Reference value :  4.05119e-07
 Reference value :  4.11119e-07
 Reference value :  4.19119e-07
 Reference value :  4.23119e-07
 Reference value :  4.31119e-07
 Reference value :  4.37119e-07
 Reference value :  4.41119e-07
 Reference value :  4.47119e-07
 Reference value :  4.51119e-07
 Reference value :  4.52054e-07
 Reference value :  4.54151e-07
 Reference value :  4.56632e-07
 Reference value :  4.60350e-07
 Reference value :  4.66350e-07
 Reference value :  4.72350e-07
 Reference value :  4.78350e-07
 Reference value :  4.82350e-07
 Reference value :  4.86350e-07
 Reference value :  4.92350e-07
 Reference value :  5.00350e-07
 Reference value :  5.04350e-07
 Reference value :  5.08350e-07
 Reference value :  5.12350e-07
 Reference value :  5.18350e-07
 Reference value :  5.24350e-07
 Reference value :  5.30350e-07
 Reference value :  5.36350e-07
 Reference value :  5.42350e-07
 Reference value :  5.46350e-07
 Reference value :  5.52350e-07
 Reference value :  5.56350e-07
 Reference value :  5.58096e-07
 Reference value :  5.60320e-07
 Reference value :  5.64965e-07
 Reference value :  5.70965e-07
 Reference value :  5.76965e-07
 Reference value :  5.80965e-07
 Reference value :  5.86965e-07
 Reference value :  5.90722e-07
 Reference value :  5.91996e-07
 Reference value :  5.92975e-07
 Reference value :  5.93751e-07
 Reference value :  5.95082e-07
 Reference value :  5.97360e-07
 Reference value :  6.02251e-07
 Reference value :  6.10251e-07
 Reference value :  6.18251e-07
 Reference value :  6.22251e-07
 Reference value :  6.26251e-07
 Reference value :  6.30251e-07
 Reference value :  6.34251e-07
 Reference value :  6.38251e-07
 Reference value :  6.42251e-07
 Reference value :  6.46251e-07
 Reference value :  6.50251e-07
 Reference value :  6.54251e-07
 Reference value :  6.60251e-07
 Reference value :  6.66251e-07
 Reference value :  6.70251e-07
 Reference value :  6.74251e-07
 Reference value :  6.76251e-07
 Reference value :  6.77506e-07
 Reference value :  6.80405e-07
 Reference value :  6.84030e-07
 Reference value :  6.88030e-07
 Reference value :  6.92030e-07
 Reference value :  6.96030e-07
 Reference value :  7.02030e-07
 Reference value :  7.06030e-07
 Reference value :  7.12030e-07
 Reference value :  7.16030e-07
 Reference value :  7.24030e-07
 Reference value :  7.28030e-07
 Reference value :  7.34030e-07
 Reference value :  7.40030e-07
 Reference value :  7.46030e-07
 Reference value :  7.52030e-07
 Reference value :  7.56030e-07
 Reference value :  7.60030e-07
 Reference value :  7.66030e-07
 Reference value :  7.70030e-07
 Reference value :  7.76030e-07
 Reference value :  7.80030e-07
 Reference value :  7.84030e-07
 Reference value :  7.87309e-07
 Reference value :  7.93309e-07
 Reference value :  7.97309e-07
 Reference value :  8.03309e-07
 Reference value :  8.09309e-07
 Reference value :  8.13309e-07
 Reference value :  8.17309e-07
 Reference value :  8.23309e-07
 Reference value :  8.27309e-07
 Reference value :  8.33309e-07
 Reference value :  8.37309e-07
 Reference value :  8.43309e-07
 Reference value :  8.47309e-07
 Reference value :  8.53309e-07
 Reference value :  8.57309e-07
 Reference value :  8.61309e-07
 Reference value :  8.65309e-07
 Reference value :  8.69309e-07
 Reference value :  8.73309e-07
 Reference value :  8.79309e-07
 Reference value :  8.85309e-07
 Reference value :  8.89309e-07
 Reference value :  8.93309e-07
 Reference value :  8.99309e-07
 Reference value :  9.02655e-07
 Reference value :  9.05755e-07
 Reference value :  9.11460e-07
 Reference value :  9.15460e-07
 Reference value :  9.19460e-07
 Reference value :  9.25460e-07
 Reference value :  9.29460e-07
 Reference value :  9.33460e-07
 Reference value :  9.37460e-07
 Reference value :  9.41460e-07
 Reference value :  9.47460e-07
 Reference value :  9.51460e-07
 Reference value :  9.57460e-07
 Reference value :  9.63460e-07
 Reference value :  9.71460e-07
 Reference value :  9.77460e-07
 Reference value :  9.83460e-07
 Reference value :  9.87460e-07
 Reference value :  9.91460e-07
 Reference value :  9.95460e-07
 Reference value :  9.99460e-07
 Reference value :  1.00346e-06
 Reference value :  1.00746e-06
 Reference value :  1.01118e-06
 Reference value :  1.01484e-06
 Reference value :  1.01884e-06
 Reference value :  1.02284e-06
 Reference value :  1.02684e-06
 Reference value :  1.03084e-06
 Reference value :  1.03684e-06
 Reference value :  1.04284e-06
 Reference value :  1.04884e-06
 Reference value :  1.05284e-06
 Reference value :  1.05884e-06
 Reference value :  1.06484e-06
 Reference value :  1.07084e-06
 Reference value :  1.07484e-06
 Reference value :  1.08084e-06
 Reference value :  1.08684e-06
 Reference value :  1.09284e-06
 Reference value :  1.09684e-06
 Reference value :  1.10284e-06
 Reference value :  1.11284e-06
 Reference value :  1.11684e-06
 Reference value :  1.12084e-06
 Reference value :  1.12684e-06
 Reference value :  1.12827e-06
 Reference value :  1.13165e-06
 Reference value :  1.13565e-06
 Reference value :  1.13965e-06
 Reference value :  1.14365e-06
 Reference value :  1.14765e-06
 Reference value :  1.15365e-06
 Reference value :  1.15765e-06
 Reference value :  1.16165e-06
 Reference value :  1.16565e-06
 Reference value :  1.16965e-06
 Reference value :  1.17365e-06
 Reference value :  1.17765e-06
 Reference value :  1.18365e-06
 Reference value :  1.18765e-06
 Reference value :  1.19365e-06
 Reference value :  1.19765e-06
 Reference value :  1.20165e-06
 Reference value :  1.20565e-06
 Reference value :  1.20965e-06
 Reference value :  1.21565e-06
 Reference value :  1.21965e-06
 Reference value :  1.22165e-06
 Reference value :  1.22565e-06
 Reference value :  1.22965e-06
 Reference value :  1.23310e-06
 Reference value :  1.23673e-06
 Reference value :  1.24027e-06
 Reference value :  1.24627e-06
 Reference value :  1.25227e-06
 Reference value :  1.25627e-06
 Reference value :  1.26227e-06
 Reference value :  1.26627e-06
 Reference value :  1.26827e-06
 Reference value :  1.27427e-06
 Reference value :  1.27827e-06
 Reference value :  1.28427e-06
 Reference value :  1.28827e-06
 Reference value :  1.29427e-06
 Reference value :  1.29827e-06
 Reference value :  1.30227e-06
 Reference value :  1.30827e-06
 Reference value :  1.31227e-06
 Reference value :  1.31827e-06
 Reference value :  1.32227e-06
 Reference value :  1.32827e-06
 Reference value :  1.33227e-06
 Reference value :  1.33827e-06
 Reference value :  1.34227e-06
 Reference value :  1.34627e-06
 Reference value :  1.35027e-06
 Reference value :  1.35227e-06
 Reference value :  1.35400e-06
 Reference value :  1.35768e-06
 Reference value :  1.36168e-06
 Reference value :  1.36568e-06
 Reference value :  1.36968e-06
 Reference value :  1.37568e-06
 Reference value :  1.37968e-06
 Reference value :  1.38568e-06
 Reference value :  1.38968e-06
 Reference value :  1.39368e-06
 Reference value :  1.39768e-06
 Reference value :  1.40168e-06
 Reference value :  1.40568e-06
 Reference value :  1.40968e-06
 Reference value :  1.41368e-06
 Reference value :  1.41968e-06
 Reference value :  1.42368e-06
 Reference value :  1.42968e-06
 Reference value :  1.43368e-06
 Reference value :  1.43968e-06
 Reference value :  1.44568e-06
 Reference value :  1.44968e-06
 Reference value :  1.45368e-06
 Reference value :  1.45768e-06
 Reference value :  1.45900e-06
 Reference value :  1.46059e-06
 Reference value :  1.46108e-06
 Reference value :  1.46130e-06
 Reference value :  1.46148e-06
 Reference value :  1.46177e-06
 Reference value :  1.46269e-06
 Reference value :  1.46765e-06
 Reference value :  1.47165e-06
 Reference value :  1.47765e-06
 Reference value :  1.48165e-06
 Reference value :  1.48565e-06
 Reference value :  1.49165e-06
 Reference value :  1.49765e-06
 Reference value :  1.50165e-06
 Reference value :  1.50765e-06
 Reference value :  1.51365e-06
 Reference value :  1.51765e-06
 Reference value :  1.52165e-06
 Reference value :  1.52565e-06
 Reference value :  1.53165e-06
 Reference value :  1.53565e-06
 Reference value :  1.53965e-06
 Reference value :  1.54365e-06
 Reference value :  1.54765e-06
 Reference value :  1.55165e-06
 Reference value :  1.55765e-06
 Reference value :  1.56165e-06
 Reference value :  1.56765e-06
 Reference value :  1.57165e-06
 Reference value :  1.57565e-06
 Reference value :  1.57765e-06
 Reference value :  1.58149e-06
 Reference value :  1.58349e-06
 Reference value :  1.58749e-06
 Reference value :  1.59149e-06
 Reference value :  1.59549e-06
 Reference value :  1.60149e-06
 Reference value :  1.60549e-06
 Reference value :  1.60949e-06
 Reference value :  1.61349e-06
 Reference value :  1.61749e-06
 Reference value :  1.62349e-06
 Reference value :  1.62749e-06
 Reference value :  1.63149e-06
 Reference value :  1.63549e-06
 Reference value :  1.63949e-06
 Reference value :  1.64549e-06
 Reference value :  1.64949e-06
 Reference value :  1.65349e-06
 Reference value :  1.65749e-06
 Reference value :  1.66149e-06
 Reference value :  1.66749e-06
 Reference value :  1.67149e-06
 Reference value :  1.67549e-06
 Reference value :  1.67949e-06
 Reference value :  1.68349e-06
 Reference value :  1.68504e-06
 Reference value :  1.68572e-06
 Reference value :  1.68668e-06
 Reference value :  1.68717e-06
 Reference value :  1.68793e-06
 Reference value :  1.69126e-06
 Reference value :  1.69726e-06
 Reference value :  1.70326e-06
 Reference value :  1.70726e-06
 Reference value :  1.71126e-06
 Reference value :  1.71726e-06
 Reference value :  1.72126e-06
 Reference value :  1.72526e-06
 Reference value :  1.72926e-06
 Reference value :  1.73526e-06
 Reference value :  1.73926e-06
 Reference value :  1.74526e-06
 Reference value :  1.74926e-06
 Reference value :  1.75326e-06
 Reference value :  1.75926e-06
 Reference value :  1.76326e-06
 Reference value :  1.76926e-06
 Reference value :  1.77326e-06
 Reference value :  1.77726e-06
 Reference value :  1.78126e-06
 Reference value :  1.78726e-06
 Reference value :  1.79126e-06
 Reference value :  1.79726e-06
 Reference value :  1.80257e-06
 Reference value :  1.80340e-06
 Reference value :  1.80559e-06
 Reference value :  1.80838e-06
 Reference value :  1.81417e-06
 Reference value :  1.82017e-06
 Reference value :  1.82617e-06
 Reference value :  1.83017e-06
 Reference value :  1.83617e-06
 Reference value :  1.84017e-06
 Reference value :  1.84417e-06
 Reference value :  1.84817e-06
 Reference value :  1.85217e-06
 Reference value :  1.85617e-06
 Reference value :  1.86017e-06
 Reference value :  1.86417e-06
 Reference value :  1.86817e-06
 Reference value :  1.87417e-06
 Reference value :  1.88017e-06
 Reference value :  1.88617e-06
 Reference value :  1.89017e-06
 Reference value :  1.89617e-06
 Reference value :  1.90217e-06
 Reference value :  1.90617e-06
 Reference value :  1.91017e-06
 Reference value :  1.91598e-06
 Reference value :  1.91998e-06
 Reference value :  1.92598e-06
 Reference value :  1.92998e-06
 Reference value :  1.93398e-06
 Reference value :  1.93798e-06
 Reference value :  1.94398e-06
 Reference value :  1.94798e-06
 Reference value :  1.95198e-06
 Reference value :  1.95598e-06
 Reference value :  1.96198e-06
 Reference value :  1.96598e-06
 Reference value :  1.97198e-06
 Reference value :  1.97598e-06
 Reference value :  1.98198e-06
 Reference value :  1.98598e-06
 Reference value :  1.98998e-06
 Reference value :  1.99598e-06
 Reference value :  2.00198e-06
 Reference value :  2.00598e-06
 Reference value :  2.01198e-06
 Reference value :  2.01798e-06
 Reference value :  2.02198e-06
 Reference value :  2.02798e-06
 Reference value :  2.03181e-06
 Reference value :  2.03581e-06
 Reference value :  2.04381e-06
 Reference value :  2.04781e-06
 Reference value :  2.05381e-06
 Reference value :  2.05981e-06
 Reference value :  2.06581e-06
 Reference value :  2.07181e-06
 Reference value :  2.07581e-06
 Reference value :  2.08181e-06
 Reference value :  2.08581e-06
 Reference value :  2.09181e-06
 Reference value :  2.09581e-06
 Reference value :  2.09981e-06
 Reference value :  2.10381e-06
 Reference value :  2.10981e-06
 Reference value :  2.11581e-06
 Reference value :  2.12181e-06
 Reference value :  2.12981e-06
 Reference value :  2.13381e-06
 Reference value :  2.13523e-06
 Reference value :  2.13675e-06
 Reference value :  2.13712e-06
 Reference value :  2.13753e-06
 Reference value :  2.13811e-06
 Reference value :  2.14049e-06
 Reference value :  2.14649e-06
 Reference value :  2.15249e-06
 Reference value :  2.15849e-06
 Reference value :  2.16249e-06
 Reference value :  2.16849e-06
 Reference value :  2.17249e-06
 Reference value :  2.17849e-06
 Reference value :  2.18449e-06
 Reference value :  2.19049e-06
 Reference value :  2.19649e-06
 Reference value :  2.20049e-06
 Reference value :  2.20449e-06
 Reference value :  2.20849e-06
 Reference value :  2.21249e-06
 Reference value :  2.21849e-06
 Reference value :  2.22449e-06
 Reference value :  2.23049e-06
 Reference value :  2.23449e-06
 Reference value :  2.24049e-06
 Reference value :  2.24449e-06
 Reference value :  2.24849e-06
 Reference value :  2.25249e-06
 Reference value :  2.25649e-06
 Reference value :  2.26034e-06
 Reference value :  2.26434e-06
 Reference value :  2.26834e-06
 Reference value :  2.27234e-06
 Reference value :  2.28034e-06
 Reference value :  2.28634e-06
 Reference value :  2.29234e-06
 Reference value :  2.29634e-06
 Reference value :  2.30234e-06
 Reference value :  2.30634e-06
 Reference value :  2.31034e-06
 Reference value :  2.31434e-06
 Reference value :  2.31834e-06
 Reference value :  2.32434e-06
 Reference value :  2.33034e-06
 Reference value :  2.33634e-06
 Reference value :  2.34234e-06
 Reference value :  2.34634e-06
 Reference value :  2.35034e-06
 Reference value :  2.35434e-06
 Reference value :  2.35834e-06
 Reference value :  2.36234e-06
 Reference value :  2.36629e-06
 Reference value :  2.37029e-06
 Reference value :  2.37429e-06
 Reference value :  2.37829e-06
 Reference value :  2.38229e-06
 Reference value :  2.38629e-06
 Reference value :  2.39029e-06
 Reference value :  2.39429e-06
 Reference value :  2.39829e-06
 Reference value :  2.40229e-06
 Reference value :  2.40829e-06
 Reference value :  2.41429e-06
 Reference value :  2.42029e-06
 Reference value :  2.42429e-06
 Reference value :  2.42829e-06
 Reference value :  2.43429e-06
 Reference value :  2.43829e-06
 Reference value :  2.44229e-06
 Reference value :  2.44829e-06
 Reference value :  2.45229e-06
 Reference value :  2.45829e-06
 Reference value :  2.46629e-06
 Reference value :  2.47229e-06
 Reference value :  2.47629e-06
 Reference value :  2.47829e-06
 Reference value :  2.48429e-06
 Reference value :  2.49029e-06
 Reference value :  2.49429e-06
 Reference value :  2.50029e-06
 Reference value :  2.50629e-06
 Reference value :  2.51229e-06
 Reference value :  2.51629e-06
 Reference value :  2.52229e-06
 Reference value :  2.52629e-06
 Reference value :  2.53029e-06
 Reference value :  2.53629e-06
 Reference value :  2.54229e-06
 Reference value :  2.54829e-06
 Reference value :  2.55429e-06
 Reference value :  2.55829e-06
 Reference value :  2.56429e-06
 Reference value :  2.57029e-06
 Reference value :  2.57429e-06
 Reference value :  2.58029e-06
 Reference value :  2.58429e-06
 Reference value :  2.58609e-06
 Reference value :  2.58668e-06
 Reference value :  2.58760e-06
 Reference value :  2.58859e-06
 Reference value :  2.59215e-06
 Reference value :  2.59815e-06
 Reference value :  2.60615e-06
 Reference value :  2.61015e-06
 Reference value :  2.61615e-06
 Reference value :  2.62015e-06
 Reference value :  2.62615e-06
 Reference value :  2.63215e-06
 Reference value :  2.63815e-06
 Reference value :  2.64415e-06
 Reference value :  2.65015e-06
 Reference value :  2.65415e-06
 Reference value :  2.65815e-06
 Reference value :  2.66215e-06
 Reference value :  2.66815e-06
 Reference value :  2.67215e-06
 Reference value :  2.67615e-06
 Reference value :  2.68215e-06
 Reference value :  2.68615e-06
 Reference value :  2.69215e-06
 Reference value :  2.69815e-06
 Reference value :  2.70415e-06
 Reference value :  2.70809e-06
 Reference value :  2.71409e-06
 Reference value :  2.71809e-06
 Reference value :  2.72409e-06
 Reference value :  2.73009e-06
 Reference value :  2.73409e-06
 Reference value :  2.74009e-06
 Reference value :  2.74409e-06
 Reference value :  2.74809e-06
 Reference value :  2.75209e-06
 Reference value :  2.75609e-06
 Reference value :  2.76209e-06
 Reference value :  2.76609e-06
 Reference value :  2.77009e-06
 Reference value :  2.77409e-06
 Reference value :  2.78009e-06
 Reference value :  2.78609e-06
 Reference value :  2.79009e-06
 Reference value :  2.79609e-06
 Reference value :  2.80009e-06
 Reference value :  2.80609e-06
 Reference value :  2.81009e-06
 Reference value :  2.81248e-06
 Reference value :  2.81343e-06
 Reference value :  2.81480e-06
 Reference value :  2.81865e-06
 Reference value :  2.82665e-06
 Reference value :  2.83065e-06
 Reference value :  2.83465e-06
 Reference value :  2.83865e-06
 Reference value :  2.84465e-06
 Reference value :  2.84865e-06
 Reference value :  2.85265e-06
 Reference value :  2.85665e-06
 Reference value :  2.86265e-06
 Reference value :  2.86865e-06
 Reference value :  2.87465e-06
 Reference value :  2.88065e-06
 Reference value :  2.88665e-06
 Reference value :  2.89065e-06
 Reference value :  2.89665e-06
 Reference value :  2.90265e-06
 Reference value :  2.90865e-06
 Reference value :  2.91465e-06
 Reference value :  2.91865e-06
 Reference value :  2.92265e-06
 Reference value :  2.92865e-06
 Reference value :  2.93171e-06
 Reference value :  2.93469e-06
 Reference value :  2.93848e-06
 Reference value :  2.94448e-06
 Reference value :  2.94848e-06
 Reference value :  2.95448e-06
 Reference value :  2.96048e-06
 Reference value :  2.96648e-06
 Reference value :  2.97248e-06
 Reference value :  2.97648e-06
 Reference value :  2.98048e-06
 Reference value :  2.98648e-06
 Reference value :  2.99048e-06
 Reference value :  2.99648e-06
 Reference value :  3.00248e-06
 Reference value :  3.00848e-06
 Reference value :  3.01248e-06
 Reference value :  3.01848e-06
 Reference value :  3.02248e-06
 Reference value :  3.02448e-06
 Reference value :  3.03048e-06
 Reference value :  3.03448e-06
 Reference value :  3.03648e-06
 Reference value :  3.04242e-06
 Reference value :  3.04842e-06
 Reference value :  3.05242e-06
 Reference value :  3.05642e-06
 Reference value :  3.06042e-06
 Reference value :  3.06642e-06
 Reference value :  3.07042e-06
 Reference value :  3.07442e-06
 Reference value :  3.07842e-06
 Reference value :  3.08242e-06
 Reference value :  3.08642e-06
 Reference value :  3.09042e-06
 Reference value :  3.09842e-06
 Reference value :  3.10242e-06
 Reference value :  3.10842e-06
 Reference value :  3.11442e-06
 Reference value :  3.11842e-06
 Reference value :  3.12242e-06
 Reference value :  3.12642e-06
 Reference value :  3.13242e-06
 Reference value :  3.13842e-06
 Reference value :  3.14242e-06
 Reference value :  3.14642e-06
 Reference value :  3.15042e-06
 Reference value :  3.15642e-06
 Reference value :  3.16242e-06
 Reference value :  3.16842e-06
 Reference value :  3.17242e-06
 Reference value :  3.17842e-06
 Reference value :  3.18442e-06
 Reference value :  3.18842e-06
 Reference value :  3.19242e-06
 Reference value :  3.19642e-06
No. of Data Rows : 1680

  Measurements for Transient Analysis

t_r1                =   1.57668e-06
t_r2                =   1.80196e-06
t_f1                =   1.45838e-06
t_f2                =   1.68429e-06
tperiod             =  2.25275e-07
fosc                =  4.43901e+06
voh                 =  3.41549e+00 at=  1.80340e-06
vol                 =  -1.27450e-01 at=  1.45983e-06
voh_ratio           =  1.03500e+00
vol_ratio           =  -3.86213e-02
trise               =  1.65507e-09 targ=  1.57751e-06 trig=  1.57585e-06
tfall               =  1.13110e-09 targ=  1.45895e-06 trig=  1.45782e-06

ngspice-46 done

