
Note: No compatibility mode selected!


Circuit: * lock-window-trim @ ff_125c_2.97v_c9 -- generated by sim/harness, do not edit

Doing analysis at TEMP = 125.000000 and TNOM = 27.000000

Using SPARSE 1.3 as Direct Linear Solver

Initial Transient Solution
--------------------------

Node                                   Voltage
----                                   -------
vdd                                       2.97
t0                                        2.97
t1                                           0
t2                                           0
t3                                        2.97
step                                         0
xdly.t0b                            4.8567e-07
xdly.t1b                                  2.97
xdly.t2b                                  2.97
xdly.t3b                            4.8567e-07
xdly.d1                                2.96999
xdly.s10                               2.96999
xdly.s11                           6.54137e-06
xdly.s12                           4.86331e-06
xdly.s13                               2.96999
xdly.d2                            5.21368e-07
xdly.s20                           5.41587e-07
xdly.s21                           2.00175e-08
xdly.s22                           1.07612e-08
xdly.s23                           5.24823e-07
xdly.d3                                2.96999
xdly.s30                               2.96999
xdly.s31                           6.54137e-06
xdly.s32                           4.86331e-06
xdly.s33                               2.96999
wout                               5.21368e-07
xdly.s40                           5.41587e-07
xdly.s41                           2.00175e-08
xdly.s42                           1.07612e-08
xdly.s43                           5.24823e-07
vstep#branch                                 0
vt3#branch                                   0
vt2#branch                                   0
vt1#branch                                   0
vt0#branch                                   0
vdd#branch                        -1.18669e-08

 Reference value :  2.77750e-09
 Reference value :  7.18750e-09
 Reference value :  1.17325e-08
 Reference value :  1.61325e-08
 Reference value :  2.05625e-08
 Reference value :  2.49175e-08
 Reference value :  2.92925e-08
 Reference value :  3.36975e-08
 Reference value :  3.81025e-08
No. of Data Rows : 8020

  Measurements for Transient Analysis

twin_r              =  1.58672e-09 targ=  3.63672e-09 trig=  2.05000e-09
twin_f              =  1.56386e-09 targ=  2.37139e-08 trig=  2.21500e-08

ngspice-46 done

