
Note: No compatibility mode selected!


Circuit: * lock-window-trim @ ff_125c_2.97v_c11 -- generated by sim/harness, do not edit

Doing analysis at TEMP = 125.000000 and TNOM = 27.000000

Using SPARSE 1.3 as Direct Linear Solver

Initial Transient Solution
--------------------------

Node                                   Voltage
----                                   -------
vdd                                       2.97
t0                                        2.97
t1                                        2.97
t2                                           0
t3                                        2.97
step                                         0
xdly.t0b                            4.8567e-07
xdly.t1b                            4.8567e-07
xdly.t2b                                  2.97
xdly.t3b                            4.8567e-07
xdly.d1                                2.96999
xdly.s10                               2.96999
xdly.s11                               2.96999
xdly.s12                           4.86334e-06
xdly.s13                               2.96999
xdly.d2                            5.27184e-07
xdly.s20                           5.47404e-07
xdly.s21                           5.39524e-07
xdly.s22                           1.07613e-08
xdly.s23                            5.3064e-07
xdly.d3                                2.96999
xdly.s30                               2.96999
xdly.s31                               2.96999
xdly.s32                           4.86334e-06
xdly.s33                               2.96999
wout                               5.27184e-07
xdly.s40                           5.47404e-07
xdly.s41                           5.39524e-07
xdly.s42                           1.07613e-08
xdly.s43                            5.3064e-07
vstep#branch                                 0
vt3#branch                                   0
vt2#branch                                   0
vt1#branch                                   0
vt0#branch                                   0
vdd#branch                        -8.82308e-09

 Reference value :  2.43250e-09
 Reference value :  7.01250e-09
 Reference value :  1.16775e-08
 Reference value :  1.63475e-08
 Reference value :  2.08575e-08
 Reference value :  2.54475e-08
 Reference value :  2.98425e-08
 Reference value :  3.42275e-08
 Reference value :  3.85875e-08
No. of Data Rows : 8020

  Measurements for Transient Analysis

twin_r              =  1.69390e-09 targ=  3.74390e-09 trig=  2.05000e-09
twin_f              =  1.66900e-09 targ=  2.38190e-08 trig=  2.21500e-08

ngspice-46 done

