
Note: No compatibility mode selected!


Circuit: * lock-window-trim @ ff_125c_2.97v_c10 -- generated by sim/harness, do not edit

Doing analysis at TEMP = 125.000000 and TNOM = 27.000000

Using SPARSE 1.3 as Direct Linear Solver

Initial Transient Solution
--------------------------

Node                                   Voltage
----                                   -------
vdd                                       2.97
t0                                           0
t1                                        2.97
t2                                           0
t3                                        2.97
step                                         0
xdly.t0b                                  2.97
xdly.t1b                            4.8567e-07
xdly.t2b                                  2.97
xdly.t3b                            4.8567e-07
xdly.d1                                2.96999
xdly.s10                           1.20383e-05
xdly.s11                               2.96999
xdly.s12                           4.86331e-06
xdly.s13                               2.96999
xdly.d2                             5.2139e-07
xdly.s20                           3.23398e-08
xdly.s21                           5.33729e-07
xdly.s22                           1.07612e-08
xdly.s23                           5.24846e-07
xdly.d3                                2.96999
xdly.s30                           1.20383e-05
xdly.s31                               2.96999
xdly.s32                           4.86331e-06
xdly.s33                               2.96999
wout                                5.2139e-07
xdly.s40                           3.23398e-08
xdly.s41                           5.33729e-07
xdly.s42                           1.07612e-08
xdly.s43                           5.24846e-07
vstep#branch                                 0
vt3#branch                                   0
vt2#branch                                   0
vt1#branch                                   0
vt0#branch                                   0
vdd#branch                        -1.21426e-08

 Reference value :  2.46750e-09
 Reference value :  6.98750e-09
 Reference value :  1.12925e-08
 Reference value :  1.56625e-08
 Reference value :  1.99325e-08
 Reference value :  2.42225e-08
 Reference value :  2.85875e-08
 Reference value :  3.29275e-08
 Reference value :  3.76625e-08
No. of Data Rows : 8020

  Measurements for Transient Analysis

twin_r              =  1.63747e-09 targ=  3.68747e-09 trig=  2.05000e-09
twin_f              =  1.61351e-09 targ=  2.37635e-08 trig=  2.21500e-08

ngspice-46 done

