
Note: No compatibility mode selected!


Circuit: * lock-window-trim @ ff_27c_3.30v_c0 -- generated by sim/harness, do not edit

Doing analysis at TEMP = 27.000000 and TNOM = 27.000000

Using SPARSE 1.3 as Direct Linear Solver

Initial Transient Solution
--------------------------

Node                                   Voltage
----                                   -------
vdd                                        3.3
t0                                           0
t1                                           0
t2                                           0
t3                                           0
step                                         0
xdly.t0b                                   3.3
xdly.t1b                                   3.3
xdly.t2b                                   3.3
xdly.t3b                                   3.3
xdly.d1                                    3.3
xdly.s10                           1.42202e-07
xdly.s11                            6.1428e-08
xdly.s12                           3.72977e-08
xdly.s13                           3.34257e-08
xdly.d2                             2.5515e-08
xdly.s20                           2.52707e-08
xdly.s21                           1.57918e-08
xdly.s22                           8.46969e-09
xdly.s23                           4.34232e-09
xdly.d3                                    3.3
xdly.s30                           1.42202e-07
xdly.s31                            6.1428e-08
xdly.s32                           3.72977e-08
xdly.s33                           3.34257e-08
wout                                2.5515e-08
xdly.s40                           2.52707e-08
xdly.s41                           1.57918e-08
xdly.s42                           8.46969e-09
xdly.s43                           4.34232e-09
vstep#branch                                 0
vt3#branch                                   0
vt2#branch                                   0
vt1#branch                                   0
vt0#branch                                   0
vdd#branch                        -3.34529e-10

 Reference value :  2.67250e-09
 Reference value :  7.22750e-09
 Reference value :  1.14675e-08
 Reference value :  1.58325e-08
 Reference value :  2.02175e-08
 Reference value :  2.44925e-08
 Reference value :  2.89675e-08
 Reference value :  3.37325e-08
 Reference value :  3.85525e-08
No. of Data Rows : 8020

  Measurements for Transient Analysis

twin_r              =  9.08430e-10 targ=  2.95843e-09 trig=  2.05000e-09
twin_f              =  8.99520e-10 targ=  2.30495e-08 trig=  2.21500e-08

ngspice-46 done

