
Note: No compatibility mode selected!


Circuit: * lock-window-trim @ ff_27c_3.30v_c15 -- generated by sim/harness, do not edit

Doing analysis at TEMP = 27.000000 and TNOM = 27.000000

Using SPARSE 1.3 as Direct Linear Solver

Initial Transient Solution
--------------------------

Node                                   Voltage
----                                   -------
vdd                                        3.3
t0                                         3.3
t1                                         3.3
t2                                         3.3
t3                                         3.3
step                                         0
xdly.t0b                           5.90228e-09
xdly.t1b                           5.90228e-09
xdly.t2b                           5.90228e-09
xdly.t3b                           5.90228e-09
xdly.d1                                    3.3
xdly.s10                                   3.3
xdly.s11                                   3.3
xdly.s12                                   3.3
xdly.s13                                   3.3
xdly.d2                            4.41027e-08
xdly.s20                           6.03904e-08
xdly.s21                           5.41481e-08
xdly.s22                           4.94925e-08
xdly.s23                           4.68342e-08
xdly.d3                                    3.3
xdly.s30                                   3.3
xdly.s31                                   3.3
xdly.s32                                   3.3
xdly.s33                                   3.3
wout                               4.41027e-08
xdly.s40                           6.03904e-08
xdly.s41                           5.41481e-08
xdly.s42                           4.94925e-08
xdly.s43                           4.68342e-08
vstep#branch                                 0
vt3#branch                                   0
vt2#branch                                   0
vt1#branch                                   0
vt0#branch                                   0
vdd#branch                        -1.89922e-10

 Reference value :  2.36750e-09
 Reference value :  6.71750e-09
 Reference value :  1.11725e-08
 Reference value :  1.56075e-08
 Reference value :  2.02275e-08
 Reference value :  2.46675e-08
 Reference value :  2.91075e-08
 Reference value :  3.35475e-08
 Reference value :  3.78875e-08
No. of Data Rows : 8020

  Measurements for Transient Analysis

twin_r              =  1.53230e-09 targ=  3.58230e-09 trig=  2.05000e-09
twin_f              =  1.50918e-09 targ=  2.36592e-08 trig=  2.21500e-08

ngspice-46 done

