
Note: No compatibility mode selected!


Circuit: * lock-window-trim @ fs_-40c_2.97v_c13 -- generated by sim/harness, do not edit

Doing analysis at TEMP = -40.000000 and TNOM = 27.000000

Using SPARSE 1.3 as Direct Linear Solver

Initial Transient Solution
--------------------------

Node                                   Voltage
----                                   -------
vdd                                       2.97
t0                                        2.97
t1                                           0
t2                                        2.97
t3                                        2.97
step                                         0
xdly.t0b                           3.87571e-09
xdly.t1b                                  2.97
xdly.t2b                           3.87571e-09
xdly.t3b                           3.87571e-09
xdly.d1                                   2.97
xdly.s10                                  2.97
xdly.s11                             1.247e-08
xdly.s12                                  2.97
xdly.s13                                  2.97
xdly.d2                            3.07388e-08
xdly.s20                             4.427e-08
xdly.s21                           1.24294e-08
xdly.s22                           3.50811e-08
xdly.s23                           3.29111e-08
xdly.d3                                   2.97
xdly.s30                                  2.97
xdly.s31                             1.247e-08
xdly.s32                                  2.97
xdly.s33                                  2.97
wout                               3.07388e-08
xdly.s40                             4.427e-08
xdly.s41                           1.24294e-08
xdly.s42                           3.50811e-08
xdly.s43                           3.29111e-08
vstep#branch                                 0
vt3#branch                                   0
vt2#branch                                   0
vt1#branch                                   0
vt0#branch                                   0
vdd#branch                         -1.3689e-10

 Reference value :  2.60750e-09
 Reference value :  6.99750e-09
 Reference value :  1.14675e-08
 Reference value :  1.59775e-08
 Reference value :  2.03625e-08
 Reference value :  2.45475e-08
 Reference value :  2.88975e-08
 Reference value :  3.32125e-08
 Reference value :  3.74425e-08
No. of Data Rows : 8020

  Measurements for Transient Analysis

twin_r              =  1.56202e-09 targ=  3.61202e-09 trig=  2.05000e-09
twin_f              =  1.54050e-09 targ=  2.36905e-08 trig=  2.21500e-08

ngspice-46 done

