
Note: No compatibility mode selected!


Circuit: * lock-window-trim @ fs_-40c_2.97v_c9 -- generated by sim/harness, do not edit

Doing analysis at TEMP = -40.000000 and TNOM = 27.000000

Using SPARSE 1.3 as Direct Linear Solver

Initial Transient Solution
--------------------------

Node                                   Voltage
----                                   -------
vdd                                       2.97
t0                                        2.97
t1                                           0
t2                                           0
t3                                        2.97
step                                         0
xdly.t0b                           3.87571e-09
xdly.t1b                                  2.97
xdly.t2b                                  2.97
xdly.t3b                           3.87571e-09
xdly.d1                                   2.97
xdly.s10                                  2.97
xdly.s11                             1.247e-08
xdly.s12                           6.49454e-09
xdly.s13                                  2.97
xdly.d2                            2.69149e-08
xdly.s20                            4.0446e-08
xdly.s21                           1.24294e-08
xdly.s22                            6.4734e-09
xdly.s23                           2.90871e-08
xdly.d3                                   2.97
xdly.s30                                  2.97
xdly.s31                             1.247e-08
xdly.s32                           6.49454e-09
xdly.s33                                  2.97
wout                               2.69149e-08
xdly.s40                            4.0446e-08
xdly.s41                           1.24294e-08
xdly.s42                            6.4734e-09
xdly.s43                           2.90871e-08
vstep#branch                                 0
vt3#branch                                   0
vt2#branch                                   0
vt1#branch                                   0
vt0#branch                                   0
vdd#branch                        -1.31008e-10

 Reference value :  2.41750e-09
 Reference value :  6.85250e-09
 Reference value :  1.12575e-08
 Reference value :  1.56225e-08
 Reference value :  1.99975e-08
 Reference value :  2.43975e-08
 Reference value :  2.88575e-08
 Reference value :  3.31975e-08
 Reference value :  3.75775e-08
No. of Data Rows : 8020

  Measurements for Transient Analysis

twin_r              =  1.38053e-09 targ=  3.43053e-09 trig=  2.05000e-09
twin_f              =  1.36293e-09 targ=  2.35129e-08 trig=  2.21500e-08

ngspice-46 done

