
Note: No compatibility mode selected!


Circuit: * lock-window-trim @ fs_27c_3.63v_c8 -- generated by sim/harness, do not edit

Doing analysis at TEMP = 27.000000 and TNOM = 27.000000

Using SPARSE 1.3 as Direct Linear Solver

Initial Transient Solution
--------------------------

Node                                   Voltage
----                                   -------
vdd                                       3.63
t0                                           0
t1                                           0
t2                                           0
t3                                        3.63
step                                         0
xdly.t0b                                  3.63
xdly.t1b                                  3.63
xdly.t2b                                  3.63
xdly.t3b                           5.70826e-09
xdly.d1                                   3.63
xdly.s10                           1.00605e-07
xdly.s11                           4.56277e-08
xdly.s12                           2.72495e-08
xdly.s13                                  3.63
xdly.d2                            3.20173e-08
xdly.s20                           2.76288e-08
xdly.s21                           1.71675e-08
xdly.s22                           9.20765e-09
xdly.s23                           3.49954e-08
xdly.d3                                   3.63
xdly.s30                           1.00605e-07
xdly.s31                           4.56277e-08
xdly.s32                           2.72495e-08
xdly.s33                                  3.63
wout                               3.20173e-08
xdly.s40                           2.76288e-08
xdly.s41                           1.71675e-08
xdly.s42                           9.20765e-09
xdly.s43                           3.49954e-08
vstep#branch                                 0
vt3#branch                                   0
vt2#branch                                   0
vt1#branch                                   0
vt0#branch                                   0
vdd#branch                        -2.46276e-10

 Reference value :  2.58750e-09
 Reference value :  7.05250e-09
 Reference value :  1.14925e-08
 Reference value :  1.58725e-08
 Reference value :  2.02475e-08
 Reference value :  2.45575e-08
 Reference value :  2.90675e-08
 Reference value :  3.35325e-08
 Reference value :  3.84275e-08
No. of Data Rows : 8020

  Measurements for Transient Analysis

twin_r              =  1.34214e-09 targ=  3.39214e-09 trig=  2.05000e-09
twin_f              =  1.31319e-09 targ=  2.34632e-08 trig=  2.21500e-08

ngspice-46 done

