
Note: No compatibility mode selected!


Circuit: * lock-window-trim @ mimcap_ss_-40c_2.97v_c9 -- generated by sim/harness, do not edit

Doing analysis at TEMP = -40.000000 and TNOM = 27.000000

Using SPARSE 1.3 as Direct Linear Solver

Initial Transient Solution
--------------------------

Node                                   Voltage
----                                   -------
vdd                                       2.97
t0                                        2.97
t1                                           0
t2                                           0
t3                                        2.97
step                                         0
xdly.t0b                           4.11188e-09
xdly.t1b                                  2.97
xdly.t2b                                  2.97
xdly.t3b                           4.11188e-09
xdly.d1                                   2.97
xdly.s10                                  2.97
xdly.s11                           1.32866e-08
xdly.s12                           6.88708e-09
xdly.s13                                  2.97
xdly.d2                            2.84774e-08
xdly.s20                           4.28929e-08
xdly.s21                           1.32841e-08
xdly.s22                           6.88576e-09
xdly.s23                           3.07681e-08
xdly.d3                                   2.97
xdly.s30                                  2.97
xdly.s31                           1.32866e-08
xdly.s32                           6.88708e-09
xdly.s33                                  2.97
wout                               2.84774e-08
xdly.s40                           4.28929e-08
xdly.s41                           1.32841e-08
xdly.s42                           6.88576e-09
xdly.s43                           3.07681e-08
vstep#branch                                 0
vt3#branch                                   0
vt2#branch                                   0
vt1#branch                                   0
vt0#branch                                   0
vdd#branch                        -1.31004e-10

 Reference value :  2.50250e-09
 Reference value :  6.76750e-09
 Reference value :  1.09775e-08
 Reference value :  1.52225e-08
 Reference value :  1.95025e-08
 Reference value :  2.36675e-08
 Reference value :  2.79875e-08
 Reference value :  3.23775e-08
 Reference value :  3.67975e-08
No. of Data Rows : 8020

  Measurements for Transient Analysis

twin_r              =  1.35860e-09 targ=  3.40860e-09 trig=  2.05000e-09
twin_f              =  1.34593e-09 targ=  2.34959e-08 trig=  2.21500e-08

ngspice-46 done

