
Note: No compatibility mode selected!


Circuit: * lock-window-trim @ res_ss_125c_3.63v_c5 -- generated by sim/harness, do not edit

Doing analysis at TEMP = 125.000000 and TNOM = 27.000000

Using SPARSE 1.3 as Direct Linear Solver

Initial Transient Solution
--------------------------

Node                                   Voltage
----                                   -------
vdd                                       3.63
t0                                        3.63
t1                                           0
t2                                        3.63
t3                                           0
step                                         0
xdly.t0b                           5.73939e-08
xdly.t1b                                  3.63
xdly.t2b                           5.73939e-08
xdly.t3b                                  3.63
xdly.d1                                   3.63
xdly.s10                                  3.63
xdly.s11                           9.76754e-07
xdly.s12                                  3.63
xdly.s13                           7.26971e-07
xdly.d2                            1.00771e-07
xdly.s20                           1.25276e-07
xdly.s21                            2.4067e-08
xdly.s22                           1.08806e-07
xdly.s23                            6.8714e-09
xdly.d3                                   3.63
xdly.s30                                  3.63
xdly.s31                           9.76754e-07
xdly.s32                                  3.63
xdly.s33                           7.26971e-07
wout                               1.00771e-07
xdly.s40                           1.25276e-07
xdly.s41                            2.4067e-08
xdly.s42                           1.08806e-07
xdly.s43                            6.8714e-09
vstep#branch                                 0
vt3#branch                                   0
vt2#branch                                   0
vt1#branch                                   0
vt0#branch                                   0
vdd#branch                        -2.44554e-09

 Reference value :  2.50250e-09
 Reference value :  6.99250e-09
 Reference value :  1.12425e-08
 Reference value :  1.56325e-08
 Reference value :  2.00475e-08
 Reference value :  2.44225e-08
 Reference value :  2.89425e-08
 Reference value :  3.32225e-08
 Reference value :  3.74825e-08
No. of Data Rows : 8020

  Measurements for Transient Analysis

twin_r              =  1.39927e-09 targ=  3.44927e-09 trig=  2.05000e-09
twin_f              =  1.37543e-09 targ=  2.35254e-08 trig=  2.21500e-08

ngspice-46 done

