
Note: No compatibility mode selected!


Circuit: * lock-window-trim @ ss_-40c_3.30v_c14 -- generated by sim/harness, do not edit

Doing analysis at TEMP = -40.000000 and TNOM = 27.000000

Using SPARSE 1.3 as Direct Linear Solver

Initial Transient Solution
--------------------------

Node                                   Voltage
----                                   -------
vdd                                        3.3
t0                                           0
t1                                         3.3
t2                                         3.3
t3                                         3.3
step                                         0
xdly.t0b                                   3.3
xdly.t1b                           4.77784e-09
xdly.t2b                           4.77784e-09
xdly.t3b                           4.77784e-09
xdly.d1                                    3.3
xdly.s10                           2.57388e-08
xdly.s11                                   3.3
xdly.s12                                   3.3
xdly.s13                                   3.3
xdly.d2                            3.73719e-08
xdly.s20                           2.57384e-08
xdly.s21                           4.75061e-08
xdly.s22                           4.26472e-08
xdly.s23                           3.99969e-08
xdly.d3                                    3.3
xdly.s30                           2.57388e-08
xdly.s31                                   3.3
xdly.s32                                   3.3
xdly.s33                                   3.3
wout                               3.73719e-08
xdly.s40                           2.57384e-08
xdly.s41                           4.75061e-08
xdly.s42                           4.26472e-08
xdly.s43                           3.99969e-08
vstep#branch                                 0
vt3#branch                                   0
vt2#branch                                   0
vt1#branch                                   0
vt0#branch                                   0
vdd#branch                        -1.52308e-10

 Reference value :  2.49250e-09
 Reference value :  6.86250e-09
 Reference value :  1.12175e-08
 Reference value :  1.56125e-08
 Reference value :  2.00775e-08
 Reference value :  2.44475e-08
 Reference value :  2.87725e-08
 Reference value :  3.31175e-08
 Reference value :  3.75125e-08
No. of Data Rows : 8020

  Measurements for Transient Analysis

twin_r              =  1.72233e-09 targ=  3.77233e-09 trig=  2.05000e-09
twin_f              =  1.70006e-09 targ=  2.38501e-08 trig=  2.21500e-08

ngspice-46 done

