
Note: No compatibility mode selected!


Circuit: * lock-window-trim @ ss_125c_2.97v_c10 -- generated by sim/harness, do not edit

Doing analysis at TEMP = 125.000000 and TNOM = 27.000000

Using SPARSE 1.3 as Direct Linear Solver

Initial Transient Solution
--------------------------

Node                                   Voltage
----                                   -------
vdd                                       2.97
t0                                           0
t1                                        2.97
t2                                           0
t3                                        2.97
step                                         0
xdly.t0b                                  2.97
xdly.t1b                           1.21794e-08
xdly.t2b                                  2.97
xdly.t3b                           1.21794e-08
xdly.d1                                   2.97
xdly.s10                           2.09632e-07
xdly.s11                                  2.97
xdly.s12                           7.93917e-08
xdly.s13                                  2.97
xdly.d2                             5.6346e-08
xdly.s20                           4.28544e-08
xdly.s21                           7.20774e-08
xdly.s22                           1.32643e-08
xdly.s23                             6.059e-08
xdly.d3                                   2.97
xdly.s30                           2.09632e-07
xdly.s31                                  2.97
xdly.s32                           7.93917e-08
xdly.s33                                  2.97
wout                                5.6346e-08
xdly.s40                           4.28544e-08
xdly.s41                           7.20774e-08
xdly.s42                           1.32643e-08
xdly.s43                             6.059e-08
vstep#branch                                 0
vt3#branch                                   0
vt2#branch                                   0
vt1#branch                                   0
vt0#branch                                   0
vdd#branch                        -2.64968e-10

 Reference value :  2.58750e-09
 Reference value :  6.99750e-09
 Reference value :  1.13775e-08
 Reference value :  1.61475e-08
 Reference value :  2.08425e-08
 Reference value :  2.55575e-08
 Reference value :  3.02975e-08
 Reference value :  3.50325e-08
 Reference value :  3.97825e-08
No. of Data Rows : 8020

  Measurements for Transient Analysis

twin_r              =  2.21005e-09 targ=  4.26005e-09 trig=  2.05000e-09
twin_f              =  2.18059e-09 targ=  2.43306e-08 trig=  2.21500e-08

ngspice-46 done

