
Note: No compatibility mode selected!


Circuit: * lock-window-trim @ ss_125c_2.97v_c2 -- generated by sim/harness, do not edit

Doing analysis at TEMP = 125.000000 and TNOM = 27.000000

Using SPARSE 1.3 as Direct Linear Solver

Initial Transient Solution
--------------------------

Node                                   Voltage
----                                   -------
vdd                                       2.97
t0                                           0
t1                                        2.97
t2                                           0
t3                                           0
step                                         0
xdly.t0b                                  2.97
xdly.t1b                           1.21794e-08
xdly.t2b                                  2.97
xdly.t3b                                  2.97
xdly.d1                                   2.97
xdly.s10                           2.09632e-07
xdly.s11                                  2.97
xdly.s12                           7.93917e-08
xdly.s13                           7.26857e-08
xdly.d2                            4.88684e-08
xdly.s20                           4.28544e-08
xdly.s21                           6.45998e-08
xdly.s22                           1.32643e-08
xdly.s23                           6.62912e-09
xdly.d3                                   2.97
xdly.s30                           2.09632e-07
xdly.s31                                  2.97
xdly.s32                           7.93917e-08
xdly.s33                           7.26857e-08
wout                               4.88684e-08
xdly.s40                           4.28544e-08
xdly.s41                           6.45998e-08
xdly.s42                           1.32643e-08
xdly.s43                           6.62912e-09
vstep#branch                                 0
vt3#branch                                   0
vt2#branch                                   0
vt1#branch                                   0
vt0#branch                                   0
vdd#branch                        -3.33612e-10

 Reference value :  2.66750e-09
 Reference value :  7.32750e-09
 Reference value :  1.19525e-08
 Reference value :  1.66075e-08
 Reference value :  2.11025e-08
 Reference value :  2.54625e-08
 Reference value :  2.98875e-08
 Reference value :  3.42425e-08
 Reference value :  3.85625e-08
No. of Data Rows : 8020

  Measurements for Transient Analysis

twin_r              =  1.65459e-09 targ=  3.70459e-09 trig=  2.05000e-09
twin_f              =  1.64227e-09 targ=  2.37923e-08 trig=  2.21500e-08

ngspice-46 done

