
Note: No compatibility mode selected!


Circuit: * lock-window-trim @ ss_125c_3.30v_c3 -- generated by sim/harness, do not edit

Doing analysis at TEMP = 125.000000 and TNOM = 27.000000

Using SPARSE 1.3 as Direct Linear Solver

Initial Transient Solution
--------------------------

Node                                   Voltage
----                                   -------
vdd                                        3.3
t0                                         3.3
t1                                         3.3
t2                                           0
t3                                           0
step                                         0
xdly.t0b                           1.26611e-08
xdly.t1b                           1.26611e-08
xdly.t2b                                   3.3
xdly.t3b                                   3.3
xdly.d1                                    3.3
xdly.s10                                   3.3
xdly.s11                                   3.3
xdly.s12                           8.66938e-08
xdly.s13                           8.02255e-08
xdly.d2                            5.81059e-08
xdly.s20                           8.53846e-08
xdly.s21                           7.42037e-08
xdly.s22                           1.35946e-08
xdly.s23                           6.85172e-09
xdly.d3                                    3.3
xdly.s30                                   3.3
xdly.s31                                   3.3
xdly.s32                           8.66938e-08
xdly.s33                           8.02255e-08
wout                               5.81059e-08
xdly.s40                           8.53846e-08
xdly.s41                           7.42037e-08
xdly.s42                           1.35946e-08
xdly.s43                           6.85172e-09
vstep#branch                                 0
vt3#branch                                   0
vt2#branch                                   0
vt1#branch                                   0
vt0#branch                                   0
vdd#branch                        -3.54704e-10

 Reference value :  2.79750e-09
 Reference value :  7.52250e-09
 Reference value :  1.19575e-08
 Reference value :  1.62875e-08
 Reference value :  2.06875e-08
 Reference value :  2.49475e-08
 Reference value :  2.92625e-08
 Reference value :  3.35525e-08
 Reference value :  3.79125e-08
No. of Data Rows : 8020

  Measurements for Transient Analysis

twin_r              =  1.59578e-09 targ=  3.64578e-09 trig=  2.05000e-09
twin_f              =  1.57514e-09 targ=  2.37251e-08 trig=  2.21500e-08

ngspice-46 done

