
Note: Compatibility modes selected: hs a

Warning: m=xx on .subckt line will override multiplier m hierarchy!


Circuit: * generated by simenv.sh -- do not edit; edit /users/rwalters/github/gf180-pll/.loom/worktrees/issue-15/sim/mc-cp-mismatch/testbench/tb_mc_pfd_cp.sp instead

Doing analysis at TEMP = 27.000000 and TNOM = 27.000000

Using SPARSE 1.3 as Direct Linear Solver
Note: Starting dynamic gmin stepping
Warning: Dynamic gmin stepping failed
Note: Starting true gmin stepping
Note: True gmin stepping completed

Initial Transient Solution
--------------------------

Node                                   Voltage
----                                   -------
vdd                                        3.3
vss                                          0
ref                                          0
fb                                           0
b0                                           0
b1                                         3.3
ibn                                   0.719946
icn                                   0.823568
ibp                                    2.44921
icp                                     2.3284
xdut.xpfd.xed_ref.d1                       3.3
xdut.xpfd.xed_ref.d2               1.08312e-08
xdut.xpfd.xed_ref.d3                       3.3
xdut.xpfd.xed_ref.d4               1.05073e-08
xdut.xpfd.xed_ref.d5                       3.3
xdut.xpfd.xed_ref.nn                       3.3
xdut.xpfd.xed_ref.xnd.ni           7.64396e-10
xdut.xpfd.pr                       1.10258e-08
xdut.xpfd.xed_fb.d1                        3.3
xdut.xpfd.xed_fb.d2                1.09531e-08
xdut.xpfd.xed_fb.d3                        3.3
xdut.xpfd.xed_fb.d4                1.07046e-08
xdut.xpfd.xed_fb.d5                        3.3
xdut.xpfd.xed_fb.nn                        3.3
xdut.xpfd.xed_fb.xnd.ni            5.95121e-10
xdut.xpfd.pf                       1.10059e-08
xdut.xpfd.sbr                              3.3
xdut.xpfd.sbf                              3.3
up                                  2.2416e-08
xdut.xpfd.upb                              3.3
xdut.xpfd.xlat_ref.xn1.ni          1.11435e-08
xdut.xpfd.rb                               3.3
xdut.xpfd.xlat_ref.xn2.ni              2.67092
dn                                 2.25511e-08
xdut.xpfd.dnb                              3.3
xdut.xpfd.xlat_fb.xn1.ni           1.12597e-08
xdut.xpfd.xlat_fb.xn2.ni               2.69212
xdut.xpfd.nrst                             3.3
xdut.xpfd.xnand_rst.ni               0.0224041
xdut.xpfd.rst_raw                  1.07968e-08
xdut.xpfd.rd1                              3.3
xdut.xpfd.rd2                      1.07581e-08
xdut.xpfd.rd3                              3.3
xdut.xpfd.rd4                       1.0754e-08
xdut.xpfd.rd5                              3.3
xdut.xpfd.rd6                      1.09061e-08
xdut.xpfd.rd7                              3.3
xdut.xpfd.rd8                      1.07917e-08
xdut.xpfd.rd9                              3.3
xdut.xpfd.rd10                     1.10194e-08
xdut.xpfd.rd11                             3.3
xdut.xpfd.rd12                     1.09132e-08
xdut.xpfd.rd13                             3.3
xdut.xpfd.rd14                     1.07702e-08
xdut.xpfd.rd15                             3.3
xdut.xpfd.rd16                     1.06661e-08
xdut.xpfd.rd17                             3.3
xdut.xpfd.rd18                     1.08944e-08
xdut.xpfd.rd19                             3.3
xdut.xpfd.rd20                     1.08206e-08
xdut.xpfd.rd21                             3.3
xdut.xpfd.rd22                     1.08481e-08
xdut.xpfd.rd23                             3.3
xdut.xpfd.rst_dly                    1.078e-08
xdut.xcp.b0b                               3.3
xdut.xcp.b1b                        1.0875e-08
xdut.xcp.upb                               3.3
xdut.xcp.dnb                               3.3
xdut.xcp.xn_base.bg                   0.719946
xdut.xcp.xn_base.mid                 0.0832572
xdut.xcp.dnt                           1.64657
xdut.xcp.xn_t0.bg                  1.41718e-10
xdut.xcp.xn_t0.mid                      0.4673
xdut.xcp.xn_t1a.bg                    0.719946
xdut.xcp.xn_t1a.mid                  0.0797441
xdut.xcp.xn_t1b.bg                    0.719946
xdut.xcp.xn_t1b.mid                  0.0801972
xdut.xcp.xp_base.bg                    2.44921
xdut.xcp.xp_base.mid                   3.20937
xdut.xcp.upt                           1.66504
xdut.xcp.xp_t0.bg                          3.3
xdut.xcp.xp_t0.mid                     1.32276
xdut.xcp.xp_t1a.bg                     2.44921
xdut.xcp.xp_t1a.mid                    3.21106
xdut.xcp.xp_t1b.bg                     2.44921
xdut.xcp.xp_t1b.mid                    3.20928
vout                                      1.65
xdut.xcp.vdump                         1.64977
xdut.xcp.xbuf.nsrc                    0.731428
xdut.xcp.xbuf.nda                       2.4461
xdut.xcp.xbuf.psrc                     2.45847
xdut.xcp.xbuf.pda                     0.681046
vctrl_src                                 1.65
vctrl#branch                      -1.32004e-11
vam#branch                        -1.15504e-11
vb1#branch                            -3.3e-12
vb0#branch                                   0
vfb#branch                                   0
vref#branch                                  0
vss#branch                         3.77344e-05
vdd#branch                        -5.37351e-05


No. of Data Rows : 7352
qnet2               =  -2.35870e-15 from=  6.00000e-08 to=  1.40000e-07
MCPFD qnet=-1.17935E-15
Note: Simulation executed from .control section 
