
Note: No compatibility mode selected!


Circuit: * devchar-delay @ ff_-40c_3.30v -- generated by sim/harness, do not edit

Doing analysis at TEMP = -40.000000 and TNOM = 27.000000

Using transient initial conditions
 Reference value :  5.14396e-14
 Reference value :  4.06293e-12
 Reference value :  1.63060e-10
 Reference value :  5.18060e-10
 Reference value :  7.03060e-10
 Reference value :  9.23060e-10
 Reference value :  1.21806e-09
 Reference value :  1.47306e-09
 Reference value :  1.72306e-09
 Reference value :  1.79306e-09
 Reference value :  1.92306e-09
 Reference value :  2.19306e-09
 Reference value :  2.41806e-09
 Reference value :  2.69806e-09
 Reference value :  3.02750e-09
 Reference value :  3.18250e-09
 Reference value :  3.46750e-09
 Reference value :  3.78750e-09
 Reference value :  4.09750e-09
 Reference value :  4.29750e-09
 Reference value :  4.79750e-09
 Reference value :  5.48750e-09
 Reference value :  5.55750e-09
 Reference value :  5.68750e-09
 Reference value :  5.80750e-09
 Reference value :  6.03250e-09
 Reference value :  6.31750e-09
 Reference value :  6.61250e-09
 Reference value :  6.96750e-09
 Reference value :  7.10750e-09
 Reference value :  7.25250e-09
 Reference value :  7.48250e-09
 Reference value :  7.55250e-09
 Reference value :  7.71250e-09
 Reference value :  7.93250e-09
 Reference value :  8.00250e-09
 Reference value :  8.36750e-09
 Reference value :  8.52750e-09
 Reference value :  8.68250e-09
 Reference value :  8.85750e-09
 Reference value :  9.40250e-09
 Reference value :  9.55250e-09
 Reference value :  9.90250e-09
 Reference value :  1.02125e-08
 Reference value :  1.05725e-08
 Reference value :  1.09425e-08
 Reference value :  1.10975e-08
 Reference value :  1.15675e-08
 Reference value :  1.21625e-08
 Reference value :  1.24375e-08
 Reference value :  1.25725e-08
 Reference value :  1.26625e-08
 Reference value :  1.28425e-08
 Reference value :  1.31625e-08
 Reference value :  1.34375e-08
 Reference value :  1.40025e-08
 Reference value :  1.45725e-08
 Reference value :  1.47525e-08
 Reference value :  1.50075e-08
 Reference value :  1.53375e-08
 Reference value :  1.54125e-08
 Reference value :  1.55025e-08
 Reference value :  1.56775e-08
 Reference value :  1.59525e-08
 Reference value :  1.63425e-08
 Reference value :  1.67875e-08
 Reference value :  1.68575e-08
 Reference value :  1.70375e-08
 Reference value :  1.72175e-08
 Reference value :  1.75025e-08
 Reference value :  1.80075e-08
 Reference value :  1.81425e-08
 Reference value :  1.83875e-08
 Reference value :  1.87575e-08
 Reference value :  1.90425e-08
 Reference value :  1.95725e-08
 Reference value :  1.98075e-08
 Reference value :  2.00975e-08
 Reference value :  2.03625e-08
 Reference value :  2.06825e-08
 Reference value :  2.09175e-08
 Reference value :  2.11725e-08
 Reference value :  2.13325e-08
 Reference value :  2.14725e-08
 Reference value :  2.16075e-08
 Reference value :  2.17225e-08
 Reference value :  2.18925e-08
 Reference value :  2.20075e-08
 Reference value :  2.23475e-08
 Reference value :  2.24175e-08
 Reference value :  2.28125e-08
 Reference value :  2.29925e-08
 Reference value :  2.31725e-08
 Reference value :  2.34225e-08
 Reference value :  2.35475e-08
 Reference value :  2.36225e-08
 Reference value :  2.37175e-08
 Reference value :  2.39275e-08
 Reference value :  2.44325e-08
 Reference value :  2.46225e-08
 Reference value :  2.50225e-08
 Reference value :  2.50925e-08
 Reference value :  2.51625e-08
 Reference value :  2.53225e-08
 Reference value :  2.56775e-08
 Reference value :  2.59075e-08
 Reference value :  2.60825e-08
 Reference value :  2.61725e-08
 Reference value :  2.65575e-08
 Reference value :  2.67475e-08
 Reference value :  2.70575e-08
 Reference value :  2.73875e-08
 Reference value :  2.75725e-08
 Reference value :  2.77175e-08
 Reference value :  2.82775e-08
 Reference value :  2.84625e-08
 Reference value :  2.85575e-08
 Reference value :  2.87725e-08
 Reference value :  2.91025e-08
 Reference value :  2.94025e-08
 Reference value :  2.97625e-08
 Reference value :  3.00775e-08
 Reference value :  3.01875e-08
 Reference value :  3.02725e-08
 Reference value :  3.03925e-08
 Reference value :  3.07325e-08
 Reference value :  3.09975e-08
 Reference value :  3.13625e-08
 Reference value :  3.15375e-08
 Reference value :  3.16125e-08
 Reference value :  3.16825e-08
 Reference value :  3.17525e-08
 Reference value :  3.20825e-08
 Reference value :  3.23825e-08
 Reference value :  3.26775e-08
 Reference value :  3.29875e-08
 Reference value :  3.31625e-08
 Reference value :  3.35275e-08
 Reference value :  3.37375e-08
 Reference value :  3.38075e-08
 Reference value :  3.39375e-08
 Reference value :  3.40375e-08
 Reference value :  3.43275e-08
 Reference value :  3.44925e-08
 Reference value :  3.48525e-08
 Reference value :  3.50275e-08
 Reference value :  3.53925e-08
 Reference value :  3.56975e-08
 Reference value :  3.58925e-08
 Reference value :  3.61425e-08
 Reference value :  3.62425e-08
 Reference value :  3.64025e-08
 Reference value :  3.64725e-08
 Reference value :  3.65975e-08
 Reference value :  3.66675e-08
 Reference value :  3.68025e-08
 Reference value :  3.70125e-08
 Reference value :  3.74675e-08
 Reference value :  3.77825e-08
 Reference value :  3.81375e-08
 Reference value :  3.85475e-08
 Reference value :  3.89425e-08
 Reference value :  3.93675e-08
 Reference value :  3.96175e-08
 Reference value :  3.97175e-08
 Reference value :  3.98725e-08
 Reference value :  4.00675e-08
 Reference value :  4.05975e-08
 Reference value :  4.06675e-08
 Reference value :  4.07575e-08
 Reference value :  4.08675e-08
 Reference value :  4.09725e-08
 Reference value :  4.11025e-08
 Reference value :  4.14675e-08
 Reference value :  4.15975e-08
 Reference value :  4.18875e-08
 Reference value :  4.23525e-08
 Reference value :  4.26075e-08
 Reference value :  4.27875e-08
 Reference value :  4.31625e-08
 Reference value :  4.32825e-08
 Reference value :  4.36675e-08
 Reference value :  4.40325e-08
 Reference value :  4.41475e-08
 Reference value :  4.44375e-08
 Reference value :  4.46275e-08
 Reference value :  4.49175e-08
 Reference value :  4.50325e-08
 Reference value :  4.52225e-08
 Reference value :  4.55725e-08
 Reference value :  4.58025e-08
 Reference value :  4.58775e-08
 Reference value :  4.59475e-08
 Reference value :  4.60825e-08
 Reference value :  4.63725e-08
 Reference value :  4.65825e-08
 Reference value :  4.68325e-08
 Reference value :  4.71525e-08
 Reference value :  4.72675e-08
 Reference value :  4.73575e-08
 Reference value :  4.78575e-08
 Reference value :  4.79425e-08
 Reference value :  4.82875e-08
 Reference value :  4.87025e-08
 Reference value :  4.87725e-08
 Reference value :  4.88475e-08
 Reference value :  4.91075e-08
 Reference value :  4.93575e-08
 Reference value :  4.95375e-08
 Reference value :  4.96125e-08
 Reference value :  4.98475e-08
 Reference value :  5.02575e-08
 Reference value :  5.04175e-08
 Reference value :  5.04875e-08
 Reference value :  5.05725e-08
 Reference value :  5.08375e-08
 Reference value :  5.11425e-08
 Reference value :  5.13575e-08
 Reference value :  5.15175e-08
 Reference value :  5.18825e-08
 Reference value :  5.22425e-08
 Reference value :  5.24625e-08
 Reference value :  5.26425e-08
 Reference value :  5.28325e-08
 Reference value :  5.29125e-08
 Reference value :  5.30025e-08
 Reference value :  5.34125e-08
 Reference value :  5.36675e-08
 Reference value :  5.39175e-08
 Reference value :  5.43875e-08
 Reference value :  5.45275e-08
 Reference value :  5.46175e-08
 Reference value :  5.48025e-08
 Reference value :  5.50525e-08
 Reference value :  5.53725e-08
 Reference value :  5.55625e-08
 Reference value :  5.56375e-08
 Reference value :  5.57425e-08
 Reference value :  5.59225e-08
 Reference value :  5.62025e-08
 Reference value :  5.65175e-08
 Reference value :  5.67075e-08
 Reference value :  5.68675e-08
 Reference value :  5.70725e-08
 Reference value :  5.74175e-08
 Reference value :  5.76225e-08
 Reference value :  5.79725e-08
 Reference value :  5.81925e-08
 Reference value :  5.83675e-08
 Reference value :  5.87175e-08
 Reference value :  5.93325e-08
 Reference value :  5.94675e-08
 Reference value :  5.96775e-08
 Reference value :  5.97475e-08
 Reference value :  5.98375e-08
 Reference value :  6.00825e-08
 Reference value :  6.02575e-08
 Reference value :  6.05575e-08
 Reference value :  6.06275e-08
 Reference value :  6.08175e-08
 Reference value :  6.09275e-08
 Reference value :  6.10625e-08
 Reference value :  6.11575e-08
 Reference value :  6.13675e-08
 Reference value :  6.16025e-08
 Reference value :  6.17175e-08
 Reference value :  6.19625e-08
 Reference value :  6.20325e-08
 Reference value :  6.21875e-08
 Reference value :  6.22675e-08
 Reference value :  6.23425e-08
 Reference value :  6.25475e-08
 Reference value :  6.26575e-08
 Reference value :  6.29425e-08
 Reference value :  6.32625e-08
 Reference value :  6.35175e-08
 Reference value :  6.38075e-08
 Reference value :  6.41375e-08
 Reference value :  6.44775e-08
 Reference value :  6.49025e-08
 Reference value :  6.54475e-08
 Reference value :  6.56875e-08
 Reference value :  6.60975e-08
 Reference value :  6.63475e-08
 Reference value :  6.65025e-08
 Reference value :  6.66425e-08
 Reference value :  6.67125e-08
 Reference value :  6.67875e-08
 Reference value :  6.69125e-08
 Reference value :  6.70925e-08
 Reference value :  6.73425e-08
 Reference value :  6.74125e-08
 Reference value :  6.76575e-08
 Reference value :  6.78425e-08
 Reference value :  6.80825e-08
 Reference value :  6.81525e-08
 Reference value :  6.82225e-08
 Reference value :  6.82925e-08
 Reference value :  6.84275e-08
 Reference value :  6.85425e-08
 Reference value :  6.86225e-08
 Reference value :  6.90825e-08
 Reference value :  6.92775e-08
 Reference value :  6.94425e-08
 Reference value :  6.96425e-08
 Reference value :  6.97575e-08
 Reference value :  6.98275e-08
 Reference value :  6.99025e-08
 Reference value :  7.01425e-08
 Reference value :  7.04325e-08
 Reference value :  7.05275e-08
 Reference value :  7.05975e-08
 Reference value :  7.07775e-08
 Reference value :  7.08675e-08
 Reference value :  7.12175e-08
 Reference value :  7.14275e-08
 Reference value :  7.16175e-08
 Reference value :  7.17925e-08
 Reference value :  7.19725e-08
 Reference value :  7.20875e-08
 Reference value :  7.21575e-08
 Reference value :  7.23375e-08
 Reference value :  7.26775e-08
 Reference value :  7.28575e-08
 Reference value :  7.32025e-08
 Reference value :  7.34325e-08
 Reference value :  7.35875e-08
 Reference value :  7.37975e-08
 Reference value :  7.40725e-08
 Reference value :  7.42275e-08
 Reference value :  7.44775e-08
 Reference value :  7.45775e-08
 Reference value :  7.50025e-08
 Reference value :  7.51525e-08
 Reference value :  7.53775e-08
 Reference value :  7.55525e-08
 Reference value :  7.59225e-08
 Reference value :  7.60375e-08
 Reference value :  7.62175e-08
 Reference value :  7.63675e-08
 Reference value :  7.66075e-08
 Reference value :  7.68375e-08
 Reference value :  7.69075e-08
 Reference value :  7.70225e-08
 Reference value :  7.72025e-08
 Reference value :  7.75325e-08
 Reference value :  7.76725e-08
 Reference value :  7.77925e-08
 Reference value :  7.78625e-08
 Reference value :  7.79325e-08
 Reference value :  7.80475e-08
 Reference value :  7.82275e-08
 Reference value :  7.83425e-08
 Reference value :  7.85975e-08
 Reference value :  7.91175e-08
 Reference value :  7.95525e-08
 Reference value :  7.96475e-08
 Reference value :  7.98025e-08
 Reference value :  8.00975e-08
 Reference value :  8.02825e-08
 Reference value :  8.04425e-08
 Reference value :  8.06725e-08
 Reference value :  8.08275e-08
 Reference value :  8.12425e-08
 Reference value :  8.14775e-08
 Reference value :  8.16825e-08
 Reference value :  8.19425e-08
 Reference value :  8.21425e-08
 Reference value :  8.23025e-08
 Reference value :  8.28725e-08
 Reference value :  8.30200e-08
 Reference value :  8.31925e-08
 Reference value :  8.33125e-08
 Reference value :  8.34675e-08
 Reference value :  8.36825e-08
 Reference value :  8.38225e-08
 Reference value :  8.39175e-08
 Reference value :  8.39875e-08
 Reference value :  8.41175e-08
 Reference value :  8.44275e-08
 Reference value :  8.45675e-08
 Reference value :  8.47525e-08
 Reference value :  8.49575e-08
 Reference value :  8.52225e-08
 Reference value :  8.53575e-08
 Reference value :  8.57475e-08
 Reference value :  8.58875e-08
 Reference value :  8.60925e-08
 Reference value :  8.69225e-08
 Reference value :  8.70625e-08
 Reference value :  8.71325e-08
 Reference value :  8.72525e-08
 Reference value :  8.75025e-08
 Reference value :  8.75725e-08
 Reference value :  8.78225e-08
 Reference value :  8.80125e-08
 Reference value :  8.80825e-08
 Reference value :  8.81525e-08
 Reference value :  8.83075e-08
 Reference value :  8.85325e-08
 Reference value :  8.86725e-08
 Reference value :  8.92375e-08
 Reference value :  8.93625e-08
 Reference value :  8.96875e-08
 Reference value :  9.00525e-08
 Reference value :  9.02125e-08
 Reference value :  9.04775e-08
 Reference value :  9.08175e-08
 Reference value :  9.09825e-08
 Reference value :  9.11175e-08
 Reference value :  9.11975e-08
 Reference value :  9.14075e-08
 Reference value :  9.15275e-08
 Reference value :  9.16675e-08
 Reference value :  9.17425e-08
 Reference value :  9.18375e-08
 Reference value :  9.19825e-08
 Reference value :  9.20625e-08
 Reference value :  9.21325e-08
 Reference value :  9.23325e-08
 Reference value :  9.27275e-08
 Reference value :  9.29825e-08
 Reference value :  9.33125e-08
 Reference value :  9.35075e-08
 Reference value :  9.37425e-08
 Reference value :  9.42375e-08
 Reference value :  9.44025e-08
 Reference value :  9.45675e-08
 Reference value :  9.46875e-08
 Reference value :  9.49825e-08
 Reference value :  9.51425e-08
 Reference value :  9.53425e-08
 Reference value :  9.55875e-08
 Reference value :  9.57775e-08
 Reference value :  9.58675e-08
 Reference value :  9.59725e-08
 Reference value :  9.61075e-08
 Reference value :  9.65675e-08
 Reference value :  9.67075e-08
 Reference value :  9.68625e-08
 Reference value :  9.71775e-08
 Reference value :  9.72775e-08
 Reference value :  9.73525e-08
 Reference value :  9.77025e-08
 Reference value :  9.81275e-08
 Reference value :  9.84125e-08
 Reference value :  9.84825e-08
 Reference value :  9.86725e-08
 Reference value :  9.90525e-08
 Reference value :  9.94225e-08
 Reference value :  9.97025e-08
 Reference value :  9.98525e-08
 Reference value :  9.99975e-08
 Reference value :  1.00688e-07
 Reference value :  1.00793e-07
 Reference value :  1.01003e-07
 Reference value :  1.01073e-07
 Reference value :  1.01413e-07
 Reference value :  1.01643e-07
 Reference value :  1.02033e-07
 Reference value :  1.02248e-07
 Reference value :  1.02408e-07
 Reference value :  1.02728e-07
 Reference value :  1.02913e-07
 Reference value :  1.03004e-07
 Reference value :  1.03368e-07
 Reference value :  1.03463e-07
 Reference value :  1.03533e-07
 Reference value :  1.03648e-07
 Reference value :  1.03868e-07
 Reference value :  1.04028e-07
 Reference value :  1.04278e-07
 Reference value :  1.04463e-07
 Reference value :  1.04643e-07
 Reference value :  1.04783e-07
 Reference value :  1.04888e-07
 Reference value :  1.05118e-07
 Reference value :  1.05228e-07
 Reference value :  1.05323e-07
 Reference value :  1.05563e-07
 Reference value :  1.06133e-07
 Reference value :  1.06338e-07
 Reference value :  1.06543e-07
 Reference value :  1.06683e-07
 Reference value :  1.06783e-07
 Reference value :  1.07083e-07
 Reference value :  1.07463e-07
 Reference value :  1.07663e-07
 Reference value :  1.07863e-07
 Reference value :  1.08098e-07
 Reference value :  1.08298e-07
 Reference value :  1.08548e-07
 Reference value :  1.08738e-07
 Reference value :  1.08943e-07
 Reference value :  1.09143e-07
 Reference value :  1.09343e-07
 Reference value :  1.09603e-07
 Reference value :  1.09768e-07
 Reference value :  1.10203e-07
 Reference value :  1.10738e-07
 Reference value :  1.10933e-07
 Reference value :  1.11003e-07
 Reference value :  1.11143e-07
 Reference value :  1.11218e-07
 Reference value :  1.11338e-07
 Reference value :  1.11718e-07
 Reference value :  1.11998e-07
 Reference value :  1.12073e-07
 Reference value :  1.12328e-07
 Reference value :  1.12438e-07
 Reference value :  1.12713e-07
 Reference value :  1.12838e-07
 Reference value :  1.12908e-07
 Reference value :  1.13238e-07
 Reference value :  1.13383e-07
 Reference value :  1.13648e-07
 Reference value :  1.13988e-07
 Reference value :  1.14263e-07
 Reference value :  1.14373e-07
 Reference value :  1.14503e-07
 Reference value :  1.14708e-07
 Reference value :  1.14823e-07
 Reference value :  1.15008e-07
 Reference value :  1.15193e-07
 Reference value :  1.15458e-07
 Reference value :  1.15613e-07
 Reference value :  1.15788e-07
 Reference value :  1.15878e-07
 Reference value :  1.16033e-07
 Reference value :  1.16383e-07
 Reference value :  1.16458e-07
 Reference value :  1.16613e-07
 Reference value :  1.16683e-07
 Reference value :  1.16808e-07
 Reference value :  1.16878e-07
 Reference value :  1.17343e-07
 Reference value :  1.17413e-07
 Reference value :  1.17488e-07
 Reference value :  1.17558e-07
 Reference value :  1.17693e-07
 Reference value :  1.17783e-07
 Reference value :  1.17853e-07
 Reference value :  1.18033e-07
 Reference value :  1.18238e-07
 Reference value :  1.18383e-07
 Reference value :  1.18603e-07
 Reference value :  1.18868e-07
 Reference value :  1.19348e-07
 Reference value :  1.19468e-07
 Reference value :  1.19583e-07
 Reference value :  1.19783e-07
 Reference value :  1.20038e-07
 Reference value :  1.20348e-07
 Reference value :  1.20438e-07
 Reference value :  1.20508e-07
 Reference value :  1.20658e-07
 Reference value :  1.20788e-07
 Reference value :  1.21018e-07
 Reference value :  1.21288e-07
 Reference value :  1.21358e-07
 Reference value :  1.21453e-07
 Reference value :  1.21668e-07
 Reference value :  1.22043e-07
 Reference value :  1.22338e-07
 Reference value :  1.22508e-07
 Reference value :  1.22713e-07
 Reference value :  1.22808e-07
 Reference value :  1.22983e-07
 Reference value :  1.23193e-07
 Reference value :  1.23358e-07
 Reference value :  1.23703e-07
 Reference value :  1.23773e-07
 Reference value :  1.23968e-07
 Reference value :  1.24118e-07
 Reference value :  1.24448e-07
 Reference value :  1.24833e-07
 Reference value :  1.25023e-07
 Reference value :  1.25093e-07
 Reference value :  1.25378e-07
 Reference value :  1.25723e-07
 Reference value :  1.25938e-07
 Reference value :  1.26008e-07
 Reference value :  1.26213e-07
 Reference value :  1.26388e-07
 Reference value :  1.26458e-07
 Reference value :  1.26578e-07
 Reference value :  1.26768e-07
 Reference value :  1.26928e-07
 Reference value :  1.27048e-07
 Reference value :  1.27478e-07
 Reference value :  1.27773e-07
 Reference value :  1.27983e-07
 Reference value :  1.28298e-07
 Reference value :  1.28433e-07
 Reference value :  1.28643e-07
 Reference value :  1.28848e-07
 Reference value :  1.29003e-07
 Reference value :  1.29248e-07
 Reference value :  1.29573e-07
 Reference value :  1.29673e-07
 Reference value :  1.30083e-07
 Reference value :  1.30488e-07
 Reference value :  1.30633e-07
 Reference value :  1.30833e-07
 Reference value :  1.31108e-07
 Reference value :  1.31908e-07
 Reference value :  1.32498e-07
 Reference value :  1.32828e-07
 Reference value :  1.33148e-07
 Reference value :  1.33443e-07
 Reference value :  1.33518e-07
 Reference value :  1.33638e-07
 Reference value :  1.33708e-07
 Reference value :  1.33783e-07
 Reference value :  1.34033e-07
 Reference value :  1.34108e-07
 Reference value :  1.34248e-07
 Reference value :  1.34528e-07
 Reference value :  1.34718e-07
 Reference value :  1.35038e-07
 Reference value :  1.35458e-07
 Reference value :  1.35693e-07
 Reference value :  1.35988e-07
 Reference value :  1.36193e-07
 Reference value :  1.36373e-07
 Reference value :  1.36528e-07
 Reference value :  1.36683e-07
 Reference value :  1.36753e-07
 Reference value :  1.36823e-07
 Reference value :  1.36893e-07
 Reference value :  1.37218e-07
 Reference value :  1.37413e-07
 Reference value :  1.37618e-07
 Reference value :  1.37903e-07
 Reference value :  1.37973e-07
 Reference value :  1.38063e-07
 Reference value :  1.38318e-07
 Reference value :  1.38563e-07
 Reference value :  1.38638e-07
 Reference value :  1.39068e-07
 Reference value :  1.39203e-07
 Reference value :  1.39488e-07
 Reference value :  1.39663e-07
 Reference value :  1.39868e-07
 Reference value :  1.39938e-07
 Reference value :  1.40068e-07
 Reference value :  1.40448e-07
 Reference value :  1.40518e-07
 Reference value :  1.40588e-07
 Reference value :  1.40753e-07
 Reference value :  1.40953e-07
 Reference value :  1.41023e-07
 Reference value :  1.41248e-07
 Reference value :  1.41368e-07
 Reference value :  1.41458e-07
 Reference value :  1.41598e-07
 Reference value :  1.42478e-07
 Reference value :  1.42553e-07
 Reference value :  1.42828e-07
 Reference value :  1.42973e-07
 Reference value :  1.43218e-07
 Reference value :  1.43593e-07
 Reference value :  1.44108e-07
 Reference value :  1.44508e-07
 Reference value :  1.44698e-07
 Reference value :  1.44833e-07
 Reference value :  1.45043e-07
 Reference value :  1.45318e-07
 Reference value :  1.45618e-07
 Reference value :  1.45913e-07
 Reference value :  1.46118e-07
 Reference value :  1.46188e-07
 Reference value :  1.46333e-07
 Reference value :  1.46468e-07
 Reference value :  1.46593e-07
 Reference value :  1.46823e-07
 Reference value :  1.46898e-07
 Reference value :  1.46968e-07
 Reference value :  1.47043e-07
 Reference value :  1.47248e-07
 Reference value :  1.47438e-07
 Reference value :  1.47663e-07
 Reference value :  1.47893e-07
 Reference value :  1.48168e-07
 Reference value :  1.48408e-07
 Reference value :  1.48753e-07
 Reference value :  1.49083e-07
 Reference value :  1.49833e-07
No. of Data Rows : 30108

  Measurements for Transient Analysis

r1_t0               =   3.43387e-10
r1_t1               =   2.92306e-09
r1_period           =  3.22459e-10
r1_fosc             =  3.10117e+09
r1_tstage           =  3.22459e-11
r1_iavg             =  -4.963571e-04 from=  1.500000e-08 to=  2.300050e-08
r4_t0               =   3.38689e-10
r4_t1               =   2.88156e-09
r4_period           =  3.17859e-10
r4_fosc             =  3.14605e+09
r4_tstage           =  3.17859e-11
r4_iavg             =  -1.975112e-03 from=  1.500000e-08 to=  2.300050e-08
ch_tphl             =  3.376523e-11 targ=  3.102625e-09 trig=  3.068860e-09
ch_tplh             =  3.089200e-11 targ=  1.311928e-08 trig=  1.308839e-08
ch_tpd              =  3.23286e-11
ch_tf               =  4.870886e-11 targ=  3.131513e-09 trig=  3.082804e-09
ch_tr               =  4.959103e-11 targ=  1.315005e-08 trig=  1.310046e-08
dc_idn              =  -6.673646e-04 from=  2.000000e-08 to=  2.300050e-08
dc_idp              =  8.136025e-04 from=  2.000000e-08 to=  2.300050e-08
cs_lo_t0            =   4.51349e-09
cs_lo_t1            =   6.96357e-08
cs_lo_fosc          =  6.14230e+07
cs_lo_tstage        =  1.62806e-09
cs_lo_iavg          =  -4.047516e-05 from=  1.200000e-07 to=  1.500000e-07
cs_md_t0            =   1.28331e-09
cs_md_t1            =   1.23095e-08
cs_md_fosc          =  3.62772e+08
cs_md_tstage        =  2.75655e-10
cs_md_iavg          =  -1.902413e-04 from=  1.200000e-07 to=  1.500000e-07
cs_hi_t0            =   4.08075e-10
cs_hi_t1            =   2.96276e-09
cs_hi_fosc          =  1.56575e+09
cs_hi_tstage        =  6.38671e-11
cs_hi_iavg          =  -7.724712e-04 from=  1.200000e-07 to=  1.500000e-07

Doing analysis at TEMP = -40.000000 and TNOM = 27.000000


  Measurements for Transient Analysis

r1_t0               =   3.43387e-10
r1_t1               =   2.92306e-09
r1_period           =   failed
r1_fosc             =   failed
r1_tstage           =   failed
r1_iavg             =  -4.963571e-04 from=  1.500000e-08 to=  2.300050e-08
r4_t0               =   3.38689e-10
r4_t1               =   2.88156e-09
r4_period           =   failed
r4_fosc             =   failed
r4_tstage           =   failed
r4_iavg             =  -1.975112e-03 from=  1.500000e-08 to=  2.300050e-08
ch_tphl             =  3.376523e-11 targ=  3.102625e-09 trig=  3.068860e-09
ch_tplh             =  3.089200e-11 targ=  1.311928e-08 trig=  1.308839e-08
ch_tpd              =   failed
ch_tf               =  4.870886e-11 targ=  3.131513e-09 trig=  3.082804e-09
ch_tr               =  4.959103e-11 targ=  1.315005e-08 trig=  1.310046e-08
dc_idn              =  -6.673646e-04 from=  2.000000e-08 to=  2.300050e-08
dc_idp              =  8.136025e-04 from=  2.000000e-08 to=  2.300050e-08
cs_lo_t0            =   4.51349e-09
cs_lo_t1            =   6.96357e-08
cs_lo_fosc          =   failed
cs_lo_tstage        =   failed
cs_lo_iavg          =  -4.047516e-05 from=  1.200000e-07 to=  1.500000e-07
cs_md_t0            =   1.28331e-09
cs_md_t1            =   1.23095e-08
cs_md_fosc          =   failed
cs_md_tstage        =   failed
cs_md_iavg          =  -1.902413e-04 from=  1.200000e-07 to=  1.500000e-07
cs_hi_t0            =   4.08075e-10
cs_hi_t1            =   2.96276e-09
cs_hi_fosc          =   failed
cs_hi_tstage        =   failed
cs_hi_iavg          =  -7.724712e-04 from=  1.200000e-07 to=  1.500000e-07


Total analysis time (seconds) = 974.812

Total elapsed time (seconds) = 975.505 

Total DRAM available = 15700.230 MB.
DRAM currently available = 6350.480 MB.
Maximum ngspice program size =   56.426 MB.
Current ngspice program size =   40.121 MB.

Shared ngspice pages =   11.062 MB.
Text (code) pages =    6.156 MB.
Stack = 0 bytes.
Library pages =   37.180 MB.


Using SPARSE 1.3 as Direct Linear Solver
Using SPARSE 1.3 as Direct Linear Solver
Netlist line no. 25:
insertnumber: fails.
  s = ".measure tran r1_period param=    3.224589855150399e-10   " u="  3.224589855150399e-10  " id=0
Netlist line no. 26:
insertnumber: fails.
  s = ".measure tran r1_fosc param=    3.101169590305489e+09   " u="  3.101169590305489e+09  " id=0
Netlist line no. 27:
insertnumber: fails.
  s = ".measure tran r1_tstage param=    3.224589855150399e-11   " u="  3.224589855150399e-11  " id=0
Netlist line no. 31:
insertnumber: fails.
  s = ".measure tran r4_period param=    3.178589080441284e-10   " u="  3.178589080441284e-10  " id=0
Netlist line no. 32:
insertnumber: fails.
  s = ".measure tran r4_fosc param=    3.146049944465203e+09   " u="  3.146049944465203e+09  " id=0
Netlist line no. 33:
insertnumber: fails.
  s = ".measure tran r4_tstage param=    3.178589080441283e-11   " u="  3.178589080441283e-11  " id=0
Netlist line no. 37:
insertnumber: fails.
  s = ".measure tran ch_tpd param=    3.232861407465038e-11   " u="  3.232861407465038e-11  " id=0
Netlist line no. 44:
insertnumber: fails.
  s = ".measure tran cs_lo_fosc param=    6.142298256405197e+07   " u="  6.142298256405197e+07  " id=0
Netlist line no. 45:
insertnumber: fails.
  s = ".measure tran cs_lo_tstage param=    1.628055099664362e-09   " u="  1.628055099664362e-09  " id=0
Netlist line no. 49:
insertnumber: fails.
  s = ".measure tran cs_md_fosc param=    3.627722853699375e+08   " u="  3.627722853699375e+08  " id=0
Netlist line no. 50:
insertnumber: fails.
  s = ".measure tran cs_md_tstage param=    2.756550156471431e-10   " u="  2.756550156471431e-10  " id=0
Netlist line no. 54:
insertnumber: fails.
  s = ".measure tran cs_hi_fosc param=    1.565751696494285e+09   " u="  1.565751696494285e+09  " id=0
Netlist line no. 55:
insertnumber: fails.
  s = ".measure tran cs_hi_tstage param=    6.386708711470652e-11   " u="  6.386708711470652e-11  " id=0
