
Note: No compatibility mode selected!


Circuit: * devchar-delay @ sf_125c_2.97v -- generated by sim/harness, do not edit

Doing analysis at TEMP = 125.000000 and TNOM = 27.000000

Using transient initial conditions
 Reference value :  2.49984e-11
 Reference value :  2.89998e-10
 Reference value :  8.64998e-10
 Reference value :  9.59998e-10
 Reference value :  1.10000e-09
 Reference value :  1.36500e-09
 Reference value :  1.87000e-09
 Reference value :  1.97000e-09
 Reference value :  2.05500e-09
 Reference value :  2.51000e-09
 Reference value :  2.76000e-09
 Reference value :  3.16250e-09
 Reference value :  3.28250e-09
 Reference value :  3.62250e-09
 Reference value :  3.85750e-09
 Reference value :  4.13750e-09
 Reference value :  4.41250e-09
 Reference value :  4.86750e-09
 Reference value :  4.98750e-09
 Reference value :  5.06750e-09
 Reference value :  5.15250e-09
 Reference value :  5.23750e-09
 Reference value :  5.39750e-09
 Reference value :  5.48250e-09
 Reference value :  5.92250e-09
 Reference value :  6.22250e-09
 Reference value :  6.67750e-09
 Reference value :  6.83750e-09
 Reference value :  7.07750e-09
 Reference value :  7.16750e-09
 Reference value :  7.27250e-09
 Reference value :  7.57750e-09
 Reference value :  7.65750e-09
 Reference value :  7.88750e-09
 Reference value :  8.11750e-09
 Reference value :  8.26750e-09
 Reference value :  8.62750e-09
 Reference value :  8.95750e-09
 Reference value :  9.04250e-09
 Reference value :  9.18250e-09
 Reference value :  9.30250e-09
 Reference value :  9.38250e-09
 Reference value :  9.68750e-09
 Reference value :  1.01525e-08
 Reference value :  1.03975e-08
 Reference value :  1.06575e-08
 Reference value :  1.09425e-08
 Reference value :  1.12575e-08
 Reference value :  1.15825e-08
 Reference value :  1.17025e-08
 Reference value :  1.18375e-08
 Reference value :  1.19175e-08
 Reference value :  1.20525e-08
 Reference value :  1.23675e-08
 Reference value :  1.25675e-08
 Reference value :  1.27375e-08
 Reference value :  1.28225e-08
 Reference value :  1.29725e-08
 Reference value :  1.32275e-08
 Reference value :  1.35975e-08
 Reference value :  1.37675e-08
 Reference value :  1.41725e-08
 Reference value :  1.43625e-08
 Reference value :  1.45225e-08
 Reference value :  1.47875e-08
 Reference value :  1.50825e-08
 Reference value :  1.51925e-08
 Reference value :  1.52775e-08
 Reference value :  1.55425e-08
 Reference value :  1.59275e-08
 Reference value :  1.62075e-08
 Reference value :  1.63675e-08
 Reference value :  1.64675e-08
 Reference value :  1.66475e-08
 Reference value :  1.68275e-08
 Reference value :  1.69875e-08
 Reference value :  1.71975e-08
 Reference value :  1.74275e-08
 Reference value :  1.78175e-08
 Reference value :  1.79025e-08
 Reference value :  1.80875e-08
 Reference value :  1.82025e-08
 Reference value :  1.87125e-08
 Reference value :  1.91125e-08
 Reference value :  1.93275e-08
 Reference value :  1.94125e-08
 Reference value :  1.97975e-08
 Reference value :  2.00275e-08
 Reference value :  2.01075e-08
 Reference value :  2.02775e-08
 Reference value :  2.07125e-08
 Reference value :  2.09425e-08
 Reference value :  2.13475e-08
 Reference value :  2.16225e-08
 Reference value :  2.18975e-08
 Reference value :  2.23325e-08
 Reference value :  2.24325e-08
 Reference value :  2.25225e-08
 Reference value :  2.26025e-08
 Reference value :  2.27375e-08
 Reference value :  2.30575e-08
 Reference value :  2.36425e-08
 Reference value :  2.39625e-08
 Reference value :  2.43075e-08
 Reference value :  2.46325e-08
 Reference value :  2.50725e-08
 Reference value :  2.53325e-08
 Reference value :  2.57475e-08
 Reference value :  2.58375e-08
 Reference value :  2.60075e-08
 Reference value :  2.63625e-08
 Reference value :  2.67075e-08
 Reference value :  2.69875e-08
 Reference value :  2.70725e-08
 Reference value :  2.73275e-08
 Reference value :  2.75925e-08
 Reference value :  2.83875e-08
 Reference value :  2.89025e-08
 Reference value :  2.95075e-08
 Reference value :  2.97625e-08
 Reference value :  2.99125e-08
 Reference value :  2.99925e-08
 Reference value :  3.02675e-08
 Reference value :  3.04125e-08
 Reference value :  3.06425e-08
 Reference value :  3.07875e-08
 Reference value :  3.11775e-08
 Reference value :  3.14275e-08
 Reference value :  3.16125e-08
 Reference value :  3.19575e-08
 Reference value :  3.24175e-08
 Reference value :  3.26425e-08
 Reference value :  3.27325e-08
 Reference value :  3.28725e-08
 Reference value :  3.32975e-08
 Reference value :  3.33875e-08
 Reference value :  3.34975e-08
 Reference value :  3.37425e-08
 Reference value :  3.38975e-08
 Reference value :  3.42275e-08
 Reference value :  3.45325e-08
 Reference value :  3.46925e-08
 Reference value :  3.51475e-08
 Reference value :  3.52575e-08
 Reference value :  3.54825e-08
 Reference value :  3.56175e-08
 Reference value :  3.58925e-08
 Reference value :  3.61975e-08
 Reference value :  3.63625e-08
 Reference value :  3.66375e-08
 Reference value :  3.68425e-08
 Reference value :  3.69725e-08
 Reference value :  3.70775e-08
 Reference value :  3.74325e-08
 Reference value :  3.75125e-08
 Reference value :  3.75975e-08
 Reference value :  3.76825e-08
 Reference value :  3.78175e-08
 Reference value :  3.82225e-08
 Reference value :  3.86625e-08
 Reference value :  3.89425e-08
 Reference value :  3.92075e-08
 Reference value :  3.93975e-08
 Reference value :  3.95875e-08
 Reference value :  3.99625e-08
 Reference value :  4.03325e-08
 Reference value :  4.06675e-08
 Reference value :  4.08925e-08
 Reference value :  4.09725e-08
 Reference value :  4.10575e-08
 Reference value :  4.12525e-08
 Reference value :  4.16775e-08
 Reference value :  4.18925e-08
 Reference value :  4.20775e-08
 Reference value :  4.23725e-08
 Reference value :  4.26825e-08
 Reference value :  4.28475e-08
 Reference value :  4.30205e-08
 Reference value :  4.30925e-08
 Reference value :  4.31675e-08
 Reference value :  4.34075e-08
 Reference value :  4.38425e-08
 Reference value :  4.39975e-08
 Reference value :  4.43375e-08
 Reference value :  4.46975e-08
 Reference value :  4.49425e-08
 Reference value :  4.52375e-08
 Reference value :  4.54325e-08
 Reference value :  4.55125e-08
 Reference value :  4.58075e-08
 Reference value :  4.59925e-08
 Reference value :  4.61325e-08
 Reference value :  4.63975e-08
 Reference value :  4.68225e-08
 Reference value :  4.70375e-08
 Reference value :  4.75025e-08
 Reference value :  4.76975e-08
 Reference value :  4.78575e-08
 Reference value :  4.79875e-08
 Reference value :  4.82975e-08
 Reference value :  4.85275e-08
 Reference value :  4.86625e-08
 Reference value :  4.87475e-08
 Reference value :  4.88825e-08
 Reference value :  4.92475e-08
 Reference value :  4.95925e-08
 Reference value :  4.97475e-08
 Reference value :  4.99875e-08
 Reference value :  5.02475e-08
 Reference value :  5.03225e-08
 Reference value :  5.04275e-08
 Reference value :  5.05725e-08
 Reference value :  5.09025e-08
 Reference value :  5.13175e-08
 Reference value :  5.16875e-08
 Reference value :  5.18275e-08
 Reference value :  5.19125e-08
 Reference value :  5.21625e-08
 Reference value :  5.22675e-08
 Reference value :  5.25375e-08
 Reference value :  5.26225e-08
 Reference value :  5.27075e-08
 Reference value :  5.27975e-08
 Reference value :  5.31525e-08
 Reference value :  5.32475e-08
 Reference value :  5.36575e-08
 Reference value :  5.38875e-08
 Reference value :  5.42975e-08
 Reference value :  5.44575e-08
 Reference value :  5.48275e-08
 Reference value :  5.49925e-08
 Reference value :  5.54625e-08
 Reference value :  5.56025e-08
 Reference value :  5.56875e-08
 Reference value :  5.58475e-08
 Reference value :  5.63325e-08
 Reference value :  5.65425e-08
 Reference value :  5.66675e-08
 Reference value :  5.69175e-08
 Reference value :  5.70575e-08
 Reference value :  5.73875e-08
 Reference value :  5.77075e-08
 Reference value :  5.77925e-08
 Reference value :  5.79175e-08
 Reference value :  5.82025e-08
 Reference value :  5.82925e-08
 Reference value :  5.83775e-08
 Reference value :  5.84825e-08
 Reference value :  5.87525e-08
 Reference value :  5.89825e-08
 Reference value :  5.95225e-08
 Reference value :  5.97475e-08
 Reference value :  6.00925e-08
 Reference value :  6.05925e-08
 Reference value :  6.09575e-08
 Reference value :  6.11575e-08
 Reference value :  6.14925e-08
 Reference value :  6.18775e-08
 Reference value :  6.22175e-08
 Reference value :  6.23025e-08
 Reference value :  6.25775e-08
 Reference value :  6.28825e-08
 Reference value :  6.32675e-08
 Reference value :  6.34475e-08
 Reference value :  6.37525e-08
 Reference value :  6.41225e-08
 Reference value :  6.46275e-08
 Reference value :  6.49575e-08
 Reference value :  6.51925e-08
 Reference value :  6.53975e-08
 Reference value :  6.55525e-08
 Reference value :  6.58625e-08
 Reference value :  6.61525e-08
 Reference value :  6.64075e-08
 Reference value :  6.67125e-08
 Reference value :  6.70075e-08
 Reference value :  6.74525e-08
 Reference value :  6.75875e-08
 Reference value :  6.79025e-08
 Reference value :  6.81875e-08
 Reference value :  6.85425e-08
 Reference value :  6.87025e-08
 Reference value :  6.92075e-08
 Reference value :  6.93525e-08
 Reference value :  6.95725e-08
 Reference value :  6.99125e-08
 Reference value :  7.02575e-08
 Reference value :  7.03575e-08
 Reference value :  7.07625e-08
 Reference value :  7.09575e-08
 Reference value :  7.12825e-08
 Reference value :  7.14225e-08
 Reference value :  7.17325e-08
 Reference value :  7.18825e-08
 Reference value :  7.21025e-08
 Reference value :  7.23225e-08
 Reference value :  7.27575e-08
 Reference value :  7.30125e-08
 Reference value :  7.32075e-08
 Reference value :  7.33575e-08
 Reference value :  7.34425e-08
 Reference value :  7.35225e-08
 Reference value :  7.36025e-08
 Reference value :  7.41025e-08
 Reference value :  7.43575e-08
 Reference value :  7.45625e-08
 Reference value :  7.47225e-08
 Reference value :  7.50875e-08
 Reference value :  7.51675e-08
 Reference value :  7.53625e-08
 Reference value :  7.55525e-08
 Reference value :  7.58925e-08
 Reference value :  7.60175e-08
 Reference value :  7.64975e-08
 Reference value :  7.66425e-08
 Reference value :  7.68375e-08
 Reference value :  7.73725e-08
 Reference value :  7.76775e-08
 Reference value :  7.79275e-08
 Reference value :  7.82625e-08
 Reference value :  7.84225e-08
 Reference value :  7.88375e-08
 Reference value :  7.93275e-08
 Reference value :  7.94125e-08
 Reference value :  7.98375e-08
 Reference value :  7.99575e-08
 Reference value :  8.03575e-08
 Reference value :  8.04575e-08
 Reference value :  8.06975e-08
 Reference value :  8.08675e-08
 Reference value :  8.09525e-08
 Reference value :  8.14675e-08
 Reference value :  8.16125e-08
 Reference value :  8.19175e-08
 Reference value :  8.22425e-08
 Reference value :  8.23925e-08
 Reference value :  8.30275e-08
 Reference value :  8.33625e-08
 Reference value :  8.35425e-08
 Reference value :  8.36325e-08
 Reference value :  8.37775e-08
 Reference value :  8.38975e-08
 Reference value :  8.42325e-08
 Reference value :  8.44525e-08
 Reference value :  8.53825e-08
 Reference value :  8.55125e-08
 Reference value :  8.56975e-08
 Reference value :  8.58075e-08
 Reference value :  8.60475e-08
 Reference value :  8.63425e-08
 Reference value :  8.65775e-08
 Reference value :  8.67675e-08
 Reference value :  8.70425e-08
 Reference value :  8.72575e-08
 Reference value :  8.73475e-08
 Reference value :  8.76225e-08
 Reference value :  8.80775e-08
 Reference value :  8.81825e-08
 Reference value :  8.83425e-08
 Reference value :  8.85875e-08
 Reference value :  8.87975e-08
 Reference value :  8.88825e-08
 Reference value :  8.90125e-08
 Reference value :  8.91025e-08
 Reference value :  8.92725e-08
 Reference value :  8.94125e-08
 Reference value :  8.95375e-08
 Reference value :  8.98475e-08
 Reference value :  8.99725e-08
 Reference value :  9.01775e-08
 Reference value :  9.03975e-08
 Reference value :  9.06525e-08
 Reference value :  9.08525e-08
 Reference value :  9.09475e-08
 Reference value :  9.11025e-08
 Reference value :  9.12525e-08
 Reference value :  9.18325e-08
 Reference value :  9.21975e-08
 Reference value :  9.25825e-08
 Reference value :  9.28875e-08
 Reference value :  9.31325e-08
 Reference value :  9.32075e-08
 Reference value :  9.33675e-08
 Reference value :  9.35925e-08
 Reference value :  9.37975e-08
 Reference value :  9.40625e-08
 Reference value :  9.45125e-08
 Reference value :  9.46925e-08
 Reference value :  9.49125e-08
 Reference value :  9.51775e-08
 Reference value :  9.55725e-08
 Reference value :  9.59775e-08
 Reference value :  9.63775e-08
 Reference value :  9.66725e-08
 Reference value :  9.70475e-08
 Reference value :  9.72975e-08
 Reference value :  9.77325e-08
 Reference value :  9.79025e-08
 Reference value :  9.81125e-08
 Reference value :  9.85275e-08
 Reference value :  9.87775e-08
 Reference value :  9.89525e-08
 Reference value :  9.92975e-08
 Reference value :  9.95525e-08
 Reference value :  9.97925e-08
 Reference value :  1.00243e-07
 Reference value :  1.00403e-07
 Reference value :  1.00488e-07
 Reference value :  1.00573e-07
 Reference value :  1.00748e-07
 Reference value :  1.00988e-07
 Reference value :  1.01073e-07
 Reference value :  1.01363e-07
 Reference value :  1.01738e-07
 Reference value :  1.01898e-07
 Reference value :  1.02148e-07
 Reference value :  1.02418e-07
 Reference value :  1.02673e-07
 Reference value :  1.02963e-07
 Reference value :  1.03183e-07
 Reference value :  1.03628e-07
 Reference value :  1.03718e-07
 Reference value :  1.03938e-07
 Reference value :  1.04138e-07
 Reference value :  1.04403e-07
 Reference value :  1.04693e-07
 Reference value :  1.04813e-07
 Reference value :  1.04893e-07
 Reference value :  1.05188e-07
 Reference value :  1.05368e-07
 Reference value :  1.05588e-07
 Reference value :  1.05718e-07
 Reference value :  1.06003e-07
 Reference value :  1.06213e-07
 Reference value :  1.06348e-07
 Reference value :  1.06663e-07
 Reference value :  1.06993e-07
 Reference value :  1.07488e-07
 Reference value :  1.07818e-07
 Reference value :  1.07923e-07
 Reference value :  1.08113e-07
 Reference value :  1.08348e-07
 Reference value :  1.08548e-07
 Reference value :  1.08838e-07
 Reference value :  1.09163e-07
 Reference value :  1.09328e-07
 Reference value :  1.09408e-07
 Reference value :  1.09508e-07
 Reference value :  1.09593e-07
 Reference value :  1.09848e-07
 Reference value :  1.10318e-07
 Reference value :  1.10963e-07
 Reference value :  1.11483e-07
 Reference value :  1.11568e-07
 Reference value :  1.11823e-07
 Reference value :  1.12023e-07
 Reference value :  1.12163e-07
 Reference value :  1.12518e-07
 Reference value :  1.12663e-07
 Reference value :  1.13008e-07
 Reference value :  1.13793e-07
 Reference value :  1.14023e-07
 Reference value :  1.14558e-07
 Reference value :  1.14918e-07
 Reference value :  1.15198e-07
 Reference value :  1.15458e-07
 Reference value :  1.15773e-07
 Reference value :  1.16038e-07
 Reference value :  1.16378e-07
 Reference value :  1.16768e-07
 Reference value :  1.16858e-07
 Reference value :  1.17078e-07
 Reference value :  1.17358e-07
 Reference value :  1.17508e-07
 Reference value :  1.17773e-07
 Reference value :  1.18093e-07
 Reference value :  1.18303e-07
 Reference value :  1.18753e-07
 Reference value :  1.19358e-07
 Reference value :  1.19678e-07
 Reference value :  1.19958e-07
 Reference value :  1.20108e-07
 Reference value :  1.20453e-07
 Reference value :  1.20658e-07
 Reference value :  1.20818e-07
 Reference value :  1.20953e-07
 Reference value :  1.21038e-07
 Reference value :  1.21313e-07
 Reference value :  1.21418e-07
 Reference value :  1.21558e-07
 Reference value :  1.21838e-07
 Reference value :  1.21998e-07
 Reference value :  1.22168e-07
 Reference value :  1.22248e-07
 Reference value :  1.22353e-07
 Reference value :  1.22603e-07
 Reference value :  1.22778e-07
 Reference value :  1.22978e-07
 Reference value :  1.23218e-07
 Reference value :  1.23303e-07
 Reference value :  1.23388e-07
 Reference value :  1.23618e-07
 Reference value :  1.23983e-07
 Reference value :  1.24158e-07
 Reference value :  1.24448e-07
 Reference value :  1.24823e-07
 Reference value :  1.25273e-07
 Reference value :  1.25563e-07
 Reference value :  1.25683e-07
 Reference value :  1.25783e-07
 Reference value :  1.25873e-07
 Reference value :  1.25958e-07
 Reference value :  1.26098e-07
 Reference value :  1.26218e-07
 Reference value :  1.26578e-07
 Reference value :  1.26823e-07
 Reference value :  1.26913e-07
 Reference value :  1.27243e-07
 Reference value :  1.27503e-07
 Reference value :  1.27603e-07
 Reference value :  1.27828e-07
 Reference value :  1.28148e-07
 Reference value :  1.28478e-07
 Reference value :  1.28933e-07
 Reference value :  1.29103e-07
 Reference value :  1.29588e-07
 Reference value :  1.29823e-07
 Reference value :  1.29913e-07
 Reference value :  1.30263e-07
 Reference value :  1.30353e-07
 Reference value :  1.30623e-07
 Reference value :  1.30943e-07
 Reference value :  1.31343e-07
 Reference value :  1.31583e-07
 Reference value :  1.31728e-07
 Reference value :  1.31813e-07
 Reference value :  1.31898e-07
 Reference value :  1.32223e-07
 Reference value :  1.32703e-07
 Reference value :  1.32893e-07
 Reference value :  1.32983e-07
 Reference value :  1.33040e-07
 Reference value :  1.33258e-07
 Reference value :  1.33408e-07
 Reference value :  1.33593e-07
 Reference value :  1.34193e-07
 Reference value :  1.34438e-07
 Reference value :  1.34663e-07
 Reference value :  1.35173e-07
 Reference value :  1.35368e-07
 Reference value :  1.35613e-07
 Reference value :  1.35748e-07
 Reference value :  1.35848e-07
 Reference value :  1.35948e-07
 Reference value :  1.36153e-07
 Reference value :  1.36243e-07
 Reference value :  1.36403e-07
 Reference value :  1.36493e-07
 Reference value :  1.36793e-07
 Reference value :  1.37008e-07
 Reference value :  1.37208e-07
 Reference value :  1.37448e-07
 Reference value :  1.37708e-07
 Reference value :  1.37793e-07
 Reference value :  1.37958e-07
 Reference value :  1.38223e-07
 Reference value :  1.38538e-07
 Reference value :  1.38873e-07
 Reference value :  1.39078e-07
 Reference value :  1.39203e-07
 Reference value :  1.39538e-07
 Reference value :  1.39863e-07
 Reference value :  1.40138e-07
 Reference value :  1.40628e-07
 Reference value :  1.40818e-07
 Reference value :  1.41118e-07
 Reference value :  1.41343e-07
 Reference value :  1.41448e-07
 Reference value :  1.41578e-07
 Reference value :  1.41783e-07
 Reference value :  1.42168e-07
 Reference value :  1.42653e-07
 Reference value :  1.42843e-07
 Reference value :  1.42943e-07
 Reference value :  1.43118e-07
 Reference value :  1.43428e-07
 Reference value :  1.43623e-07
 Reference value :  1.43788e-07
 Reference value :  1.44023e-07
 Reference value :  1.44168e-07
 Reference value :  1.44508e-07
 Reference value :  1.44733e-07
 Reference value :  1.44818e-07
 Reference value :  1.45023e-07
 Reference value :  1.45103e-07
 Reference value :  1.45568e-07
 Reference value :  1.45708e-07
 Reference value :  1.45843e-07
 Reference value :  1.46108e-07
 Reference value :  1.46218e-07
 Reference value :  1.46358e-07
 Reference value :  1.46678e-07
 Reference value :  1.47473e-07
 Reference value :  1.47863e-07
 Reference value :  1.48323e-07
 Reference value :  1.48443e-07
 Reference value :  1.48653e-07
 Reference value :  1.48838e-07
 Reference value :  1.49123e-07
 Reference value :  1.49568e-07
No. of Data Rows : 30115

  Measurements for Transient Analysis

r1_t0               =   6.06572e-10
r1_t1               =   5.20364e-09
r1_period           =  5.74634e-10
r1_fosc             =  1.74024e+09
r1_tstage           =  5.74634e-11
r1_iavg             =  -2.639614e-04 from=  1.500000e-08 to=  2.300050e-08
r4_t0               =   5.96265e-10
r4_t1               =   5.11382e-09
r4_period           =  5.64694e-10
r4_fosc             =  1.77087e+09
r4_tstage           =  5.64694e-11
r4_iavg             =  -1.056113e-03 from=  1.500000e-08 to=  2.300050e-08
ch_tphl             =  6.555018e-11 targ=  3.177516e-09 trig=  3.111966e-09
ch_tplh             =  4.960495e-11 targ=  1.318068e-08 trig=  1.313108e-08
ch_tpd              =  5.75776e-11
ch_tf               =  9.391905e-11 targ=  3.235461e-09 trig=  3.141542e-09
ch_tr               =  8.096464e-11 targ=  1.323081e-08 trig=  1.314985e-08
dc_idn              =  -3.407476e-04 from=  2.000000e-08 to=  2.300050e-08
dc_idp              =  5.085071e-04 from=  2.000000e-08 to=  2.300050e-08
cs_lo_t0            =   4.31617e-09
cs_lo_t1            =   6.47921e-08
cs_lo_fosc          =  6.61420e+07
cs_lo_tstage        =  1.51190e-09
cs_lo_iavg          =  -3.905491e-05 from=  1.200000e-07 to=  1.500000e-07
cs_md_t0            =   1.29994e-09
cs_md_t1            =   1.13304e-08
cs_md_fosc          =  3.98783e+08
cs_md_tstage        =  2.50763e-10
cs_md_iavg          =  -1.788943e-04 from=  1.200000e-07 to=  1.500000e-07
cs_hi_t0            =   4.23057e-10
cs_hi_t1            =   4.57671e-09
cs_hi_fosc          =  9.63007e+08
cs_hi_tstage        =  1.03841e-10
cs_hi_iavg          =  -6.360973e-04 from=  1.200000e-07 to=  1.500000e-07

Doing analysis at TEMP = 125.000000 and TNOM = 27.000000


  Measurements for Transient Analysis

r1_t0               =   6.06572e-10
r1_t1               =   5.20364e-09
r1_period           =   failed
r1_fosc             =   failed
r1_tstage           =   failed
r1_iavg             =  -2.639614e-04 from=  1.500000e-08 to=  2.300050e-08
r4_t0               =   5.96265e-10
r4_t1               =   5.11382e-09
r4_period           =   failed
r4_fosc             =   failed
r4_tstage           =   failed
r4_iavg             =  -1.056113e-03 from=  1.500000e-08 to=  2.300050e-08
ch_tphl             =  6.555018e-11 targ=  3.177516e-09 trig=  3.111966e-09
ch_tplh             =  4.960495e-11 targ=  1.318068e-08 trig=  1.313108e-08
ch_tpd              =   failed
ch_tf               =  9.391905e-11 targ=  3.235461e-09 trig=  3.141542e-09
ch_tr               =  8.096464e-11 targ=  1.323081e-08 trig=  1.314985e-08
dc_idn              =  -3.407476e-04 from=  2.000000e-08 to=  2.300050e-08
dc_idp              =  5.085071e-04 from=  2.000000e-08 to=  2.300050e-08
cs_lo_t0            =   4.31617e-09
cs_lo_t1            =   6.47921e-08
cs_lo_fosc          =   failed
cs_lo_tstage        =   failed
cs_lo_iavg          =  -3.905491e-05 from=  1.200000e-07 to=  1.500000e-07
cs_md_t0            =   1.29994e-09
cs_md_t1            =   1.13304e-08
cs_md_fosc          =   failed
cs_md_tstage        =   failed
cs_md_iavg          =  -1.788943e-04 from=  1.200000e-07 to=  1.500000e-07
cs_hi_t0            =   4.23057e-10
cs_hi_t1            =   4.57671e-09
cs_hi_fosc          =   failed
cs_hi_tstage        =   failed
cs_hi_iavg          =  -6.360973e-04 from=  1.200000e-07 to=  1.500000e-07


Total analysis time (seconds) = 861.869

Total elapsed time (seconds) = 862.308 

Total DRAM available = 15700.230 MB.
DRAM currently available = 6868.305 MB.
Maximum ngspice program size =   56.430 MB.
Current ngspice program size =   40.293 MB.

Shared ngspice pages =   11.230 MB.
Text (code) pages =    6.156 MB.
Stack = 0 bytes.
Library pages =   37.184 MB.


Using SPARSE 1.3 as Direct Linear Solver
Using SPARSE 1.3 as Direct Linear Solver
Netlist line no. 25:
insertnumber: fails.
  s = ".measure tran r1_period param=    5.746338048700144e-10   " u="  5.746338048700144e-10  " id=0
Netlist line no. 26:
insertnumber: fails.
  s = ".measure tran r1_fosc param=    1.740238725123744e+09   " u="  1.740238725123744e+09  " id=0
Netlist line no. 27:
insertnumber: fails.
  s = ".measure tran r1_tstage param=    5.746338048700144e-11   " u="  5.746338048700144e-11  " id=0
Netlist line no. 31:
insertnumber: fails.
  s = ".measure tran r4_period param=    5.646939161644546e-10   " u="  5.646939161644546e-10  " id=0
Netlist line no. 32:
insertnumber: fails.
  s = ".measure tran r4_fosc param=    1.770870858308968e+09   " u="  1.770870858308968e+09  " id=0
Netlist line no. 33:
insertnumber: fails.
  s = ".measure tran r4_tstage param=    5.646939161644546e-11   " u="  5.646939161644546e-11  " id=0
Netlist line no. 37:
insertnumber: fails.
  s = ".measure tran ch_tpd param=    5.757756504607472e-11   " u="  5.757756504607472e-11  " id=0
Netlist line no. 44:
insertnumber: fails.
  s = ".measure tran cs_lo_fosc param=    6.614200382700405e+07   " u="  6.614200382700405e+07  " id=0
Netlist line no. 45:
insertnumber: fails.
  s = ".measure tran cs_lo_tstage param=    1.511898554835930e-09   " u="  1.511898554835930e-09  " id=0
Netlist line no. 49:
insertnumber: fails.
  s = ".measure tran cs_md_fosc param=    3.987831984646744e+08   " u="  3.987831984646744e+08  " id=0
Netlist line no. 50:
insertnumber: fails.
  s = ".measure tran cs_md_tstage param=    2.507628214654042e-10   " u="  2.507628214654042e-10  " id=0
Netlist line no. 54:
insertnumber: fails.
  s = ".measure tran cs_hi_fosc param=    9.630067178267998e+08   " u="  9.630067178267998e+08  " id=0
Netlist line no. 55:
insertnumber: fails.
  s = ".measure tran cs_hi_tstage param=    1.038414355256713e-10   " u="  1.038414355256713e-10  " id=0
