
Note: No compatibility mode selected!


Circuit: * devchar-delay @ sf_125c_3.63v -- generated by sim/harness, do not edit

Doing analysis at TEMP = 125.000000 and TNOM = 27.000000

Using transient initial conditions
 Reference value :  1.73106e-13
 Reference value :  1.77910e-10
 Reference value :  3.12910e-10
 Reference value :  1.04291e-09
 Reference value :  1.13291e-09
 Reference value :  1.33291e-09
 Reference value :  1.61791e-09
 Reference value :  1.83291e-09
 Reference value :  2.09791e-09
 Reference value :  2.34791e-09
 Reference value :  2.51291e-09
 Reference value :  2.60291e-09
 Reference value :  2.71791e-09
 Reference value :  3.02750e-09
 Reference value :  3.33750e-09
 Reference value :  3.54250e-09
 Reference value :  3.69250e-09
 Reference value :  3.88750e-09
 Reference value :  4.07750e-09
 Reference value :  4.24750e-09
 Reference value :  4.32750e-09
 Reference value :  4.52250e-09
 Reference value :  4.71250e-09
 Reference value :  4.92750e-09
 Reference value :  5.07750e-09
 Reference value :  5.24250e-09
 Reference value :  5.53750e-09
 Reference value :  5.76250e-09
 Reference value :  6.13750e-09
 Reference value :  6.39750e-09
 Reference value :  6.53250e-09
 Reference value :  7.02250e-09
 Reference value :  7.35750e-09
 Reference value :  7.99750e-09
 Reference value :  8.20250e-09
 Reference value :  8.27750e-09
 Reference value :  8.43750e-09
 Reference value :  8.51750e-09
 Reference value :  8.79250e-09
 Reference value :  9.00750e-09
 Reference value :  9.30750e-09
 Reference value :  9.58750e-09
 Reference value :  9.69250e-09
 Reference value :  1.00925e-08
 Reference value :  1.02925e-08
 Reference value :  1.03675e-08
 Reference value :  1.07725e-08
 Reference value :  1.12325e-08
 Reference value :  1.13075e-08
 Reference value :  1.17825e-08
 Reference value :  1.20075e-08
 Reference value :  1.24175e-08
 Reference value :  1.27125e-08
 Reference value :  1.28675e-08
 Reference value :  1.29475e-08
 Reference value :  1.32175e-08
 Reference value :  1.34325e-08
 Reference value :  1.35775e-08
 Reference value :  1.36975e-08
 Reference value :  1.38475e-08
 Reference value :  1.43825e-08
 Reference value :  1.45525e-08
 Reference value :  1.48675e-08
 Reference value :  1.50475e-08
 Reference value :  1.51575e-08
 Reference value :  1.56975e-08
 Reference value :  1.57775e-08
 Reference value :  1.61525e-08
 Reference value :  1.64775e-08
 Reference value :  1.66925e-08
 Reference value :  1.69975e-08
 Reference value :  1.72725e-08
 Reference value :  1.74875e-08
 Reference value :  1.77025e-08
 Reference value :  1.79275e-08
 Reference value :  1.80575e-08
 Reference value :  1.82525e-08
 Reference value :  1.84775e-08
 Reference value :  1.86475e-08
 Reference value :  1.88375e-08
 Reference value :  1.90625e-08
 Reference value :  1.91575e-08
 Reference value :  1.97775e-08
 Reference value :  1.98575e-08
 Reference value :  2.00775e-08
 Reference value :  2.06975e-08
 Reference value :  2.09675e-08
 Reference value :  2.10425e-08
 Reference value :  2.13925e-08
 Reference value :  2.14975e-08
 Reference value :  2.19675e-08
 Reference value :  2.21975e-08
 Reference value :  2.24825e-08
 Reference value :  2.28125e-08
 Reference value :  2.29125e-08
 Reference value :  2.30525e-08
 Reference value :  2.31225e-08
 Reference value :  2.32125e-08
 Reference value :  2.35325e-08
 Reference value :  2.36975e-08
 Reference value :  2.41225e-08
 Reference value :  2.45425e-08
 Reference value :  2.46975e-08
 Reference value :  2.49575e-08
 Reference value :  2.52175e-08
 Reference value :  2.56425e-08
 Reference value :  2.59225e-08
 Reference value :  2.61325e-08
 Reference value :  2.63975e-08
 Reference value :  2.65825e-08
 Reference value :  2.70775e-08
 Reference value :  2.71625e-08
 Reference value :  2.73175e-08
 Reference value :  2.76425e-08
 Reference value :  2.79025e-08
 Reference value :  2.80725e-08
 Reference value :  2.81725e-08
 Reference value :  2.84725e-08
 Reference value :  2.86575e-08
 Reference value :  2.89975e-08
 Reference value :  2.90775e-08
 Reference value :  2.94625e-08
 Reference value :  2.95725e-08
 Reference value :  2.98225e-08
 Reference value :  3.03775e-08
 Reference value :  3.04575e-08
 Reference value :  3.06975e-08
 Reference value :  3.09475e-08
 Reference value :  3.13375e-08
 Reference value :  3.16175e-08
 Reference value :  3.18175e-08
 Reference value :  3.22575e-08
 Reference value :  3.23975e-08
 Reference value :  3.26125e-08
 Reference value :  3.28075e-08
 Reference value :  3.28975e-08
 Reference value :  3.31225e-08
 Reference value :  3.36575e-08
 Reference value :  3.37875e-08
 Reference value :  3.39375e-08
 Reference value :  3.41875e-08
 Reference value :  3.44625e-08
 Reference value :  3.46275e-08
 Reference value :  3.47825e-08
 Reference value :  3.48675e-08
 Reference value :  3.50225e-08
 Reference value :  3.51775e-08
 Reference value :  3.54925e-08
 Reference value :  3.57375e-08
 Reference value :  3.59075e-08
 Reference value :  3.61275e-08
 Reference value :  3.63125e-08
 Reference value :  3.65275e-08
 Reference value :  3.67625e-08
 Reference value :  3.69925e-08
 Reference value :  3.71975e-08
 Reference value :  3.78175e-08
 Reference value :  3.80575e-08
 Reference value :  3.83275e-08
 Reference value :  3.85025e-08
 Reference value :  3.89575e-08
 Reference value :  3.91925e-08
 Reference value :  3.92625e-08
 Reference value :  3.96925e-08
 Reference value :  3.98975e-08
 Reference value :  4.00675e-08
 Reference value :  4.03875e-08
 Reference value :  4.07125e-08
 Reference value :  4.08175e-08
 Reference value :  4.12775e-08
 Reference value :  4.17725e-08
 Reference value :  4.22225e-08
 Reference value :  4.24575e-08
 Reference value :  4.27275e-08
 Reference value :  4.28025e-08
 Reference value :  4.28775e-08
 Reference value :  4.30235e-08
 Reference value :  4.32825e-08
 Reference value :  4.35575e-08
 Reference value :  4.37675e-08
 Reference value :  4.41425e-08
 Reference value :  4.43225e-08
 Reference value :  4.44825e-08
 Reference value :  4.45875e-08
 Reference value :  4.46675e-08
 Reference value :  4.48225e-08
 Reference value :  4.49525e-08
 Reference value :  4.50375e-08
 Reference value :  4.53425e-08
 Reference value :  4.56025e-08
 Reference value :  4.58525e-08
 Reference value :  4.62025e-08
 Reference value :  4.65425e-08
 Reference value :  4.68325e-08
 Reference value :  4.71825e-08
 Reference value :  4.75275e-08
 Reference value :  4.77075e-08
 Reference value :  4.78325e-08
 Reference value :  4.80925e-08
 Reference value :  4.82575e-08
 Reference value :  4.85725e-08
 Reference value :  4.87475e-08
 Reference value :  4.88575e-08
 Reference value :  4.91175e-08
 Reference value :  4.92325e-08
 Reference value :  4.94875e-08
 Reference value :  4.97225e-08
 Reference value :  4.98725e-08
 Reference value :  5.02725e-08
 Reference value :  5.04975e-08
 Reference value :  5.09575e-08
 Reference value :  5.13525e-08
 Reference value :  5.16075e-08
 Reference value :  5.19825e-08
 Reference value :  5.21975e-08
 Reference value :  5.24425e-08
 Reference value :  5.26975e-08
 Reference value :  5.29075e-08
 Reference value :  5.32925e-08
 Reference value :  5.41675e-08
 Reference value :  5.47275e-08
 Reference value :  5.50025e-08
 Reference value :  5.52475e-08
 Reference value :  5.55425e-08
 Reference value :  5.59125e-08
 Reference value :  5.61825e-08
 Reference value :  5.63225e-08
 Reference value :  5.64725e-08
 Reference value :  5.67725e-08
 Reference value :  5.69775e-08
 Reference value :  5.72075e-08
 Reference value :  5.75075e-08
 Reference value :  5.79625e-08
 Reference value :  5.80425e-08
 Reference value :  5.82725e-08
 Reference value :  5.85375e-08
 Reference value :  5.88025e-08
 Reference value :  5.89925e-08
 Reference value :  5.90725e-08
 Reference value :  5.94875e-08
 Reference value :  5.97175e-08
 Reference value :  5.98675e-08
 Reference value :  6.00175e-08
 Reference value :  6.03925e-08
 Reference value :  6.05825e-08
 Reference value :  6.09325e-08
 Reference value :  6.11275e-08
 Reference value :  6.15225e-08
 Reference value :  6.16225e-08
 Reference value :  6.18375e-08
 Reference value :  6.21725e-08
 Reference value :  6.22925e-08
 Reference value :  6.25525e-08
 Reference value :  6.27425e-08
 Reference value :  6.28975e-08
 Reference value :  6.31325e-08
 Reference value :  6.34325e-08
 Reference value :  6.35125e-08
 Reference value :  6.38525e-08
 Reference value :  6.41275e-08
 Reference value :  6.42875e-08
 Reference value :  6.44925e-08
 Reference value :  6.47325e-08
 Reference value :  6.48125e-08
 Reference value :  6.49375e-08
 Reference value :  6.50175e-08
 Reference value :  6.53625e-08
 Reference value :  6.54975e-08
 Reference value :  6.57075e-08
 Reference value :  6.59475e-08
 Reference value :  6.61575e-08
 Reference value :  6.62975e-08
 Reference value :  6.66525e-08
 Reference value :  6.69175e-08
 Reference value :  6.72475e-08
 Reference value :  6.73275e-08
 Reference value :  6.74075e-08
 Reference value :  6.77825e-08
 Reference value :  6.80475e-08
 Reference value :  6.84475e-08
 Reference value :  6.87975e-08
 Reference value :  6.91725e-08
 Reference value :  6.93675e-08
 Reference value :  6.94525e-08
 Reference value :  6.98625e-08
 Reference value :  7.02125e-08
 Reference value :  7.03925e-08
 Reference value :  7.04925e-08
 Reference value :  7.08075e-08
 Reference value :  7.08875e-08
 Reference value :  7.10125e-08
 Reference value :  7.12375e-08
 Reference value :  7.14125e-08
 Reference value :  7.17475e-08
 Reference value :  7.18175e-08
 Reference value :  7.19925e-08
 Reference value :  7.24525e-08
 Reference value :  7.28475e-08
 Reference value :  7.29925e-08
 Reference value :  7.31525e-08
 Reference value :  7.34575e-08
 Reference value :  7.37925e-08
 Reference value :  7.40925e-08
 Reference value :  7.42875e-08
 Reference value :  7.44925e-08
 Reference value :  7.46925e-08
 Reference value :  7.47675e-08
 Reference value :  7.50025e-08
 Reference value :  7.51475e-08
 Reference value :  7.52275e-08
 Reference value :  7.55525e-08
 Reference value :  7.57525e-08
 Reference value :  7.58575e-08
 Reference value :  7.59375e-08
 Reference value :  7.61875e-08
 Reference value :  7.63175e-08
 Reference value :  7.64575e-08
 Reference value :  7.65325e-08
 Reference value :  7.69025e-08
 Reference value :  7.70275e-08
 Reference value :  7.72925e-08
 Reference value :  7.75075e-08
 Reference value :  7.76925e-08
 Reference value :  7.81125e-08
 Reference value :  7.82475e-08
 Reference value :  7.84625e-08
 Reference value :  7.88875e-08
 Reference value :  7.91325e-08
 Reference value :  7.93825e-08
 Reference value :  7.94625e-08
 Reference value :  7.97075e-08
 Reference value :  7.98875e-08
 Reference value :  8.00625e-08
 Reference value :  8.02575e-08
 Reference value :  8.03825e-08
 Reference value :  8.08125e-08
 Reference value :  8.09625e-08
 Reference value :  8.13175e-08
 Reference value :  8.14475e-08
 Reference value :  8.16775e-08
 Reference value :  8.18775e-08
 Reference value :  8.20225e-08
 Reference value :  8.25625e-08
 Reference value :  8.34475e-08
 Reference value :  8.35275e-08
 Reference value :  8.36775e-08
 Reference value :  8.38775e-08
 Reference value :  8.40175e-08
 Reference value :  8.41025e-08
 Reference value :  8.45375e-08
 Reference value :  8.47275e-08
 Reference value :  8.49075e-08
 Reference value :  8.51075e-08
 Reference value :  8.55575e-08
 Reference value :  8.57375e-08
 Reference value :  8.59825e-08
 Reference value :  8.63625e-08
 Reference value :  8.66825e-08
 Reference value :  8.68225e-08
 Reference value :  8.69875e-08
 Reference value :  8.71275e-08
 Reference value :  8.72225e-08
 Reference value :  8.75425e-08
 Reference value :  8.77675e-08
 Reference value :  8.83525e-08
 Reference value :  8.85625e-08
 Reference value :  8.87375e-08
 Reference value :  8.91025e-08
 Reference value :  8.94375e-08
 Reference value :  8.98275e-08
 Reference value :  9.00825e-08
 Reference value :  9.01825e-08
 Reference value :  9.03725e-08
 Reference value :  9.04725e-08
 Reference value :  9.06075e-08
 Reference value :  9.08375e-08
 Reference value :  9.10525e-08
 Reference value :  9.13325e-08
 Reference value :  9.14275e-08
 Reference value :  9.15075e-08
 Reference value :  9.17675e-08
 Reference value :  9.19325e-08
 Reference value :  9.22925e-08
 Reference value :  9.25875e-08
 Reference value :  9.27225e-08
 Reference value :  9.30235e-08
 Reference value :  9.32425e-08
 Reference value :  9.34925e-08
 Reference value :  9.35725e-08
 Reference value :  9.37325e-08
 Reference value :  9.38175e-08
 Reference value :  9.43625e-08
 Reference value :  9.44325e-08
 Reference value :  9.46375e-08
 Reference value :  9.48725e-08
 Reference value :  9.51125e-08
 Reference value :  9.53175e-08
 Reference value :  9.56325e-08
 Reference value :  9.57075e-08
 Reference value :  9.57825e-08
 Reference value :  9.59125e-08
 Reference value :  9.59875e-08
 Reference value :  9.61425e-08
 Reference value :  9.63775e-08
 Reference value :  9.67975e-08
 Reference value :  9.74175e-08
 Reference value :  9.74975e-08
 Reference value :  9.78525e-08
 Reference value :  9.81025e-08
 Reference value :  9.84075e-08
 Reference value :  9.87625e-08
 Reference value :  9.89775e-08
 Reference value :  9.92775e-08
 Reference value :  9.94625e-08
 Reference value :  9.96775e-08
 Reference value :  1.00133e-07
 Reference value :  1.00208e-07
 Reference value :  1.00288e-07
 Reference value :  1.00458e-07
 Reference value :  1.00633e-07
 Reference value :  1.00888e-07
 Reference value :  1.01083e-07
 Reference value :  1.01338e-07
 Reference value :  1.01878e-07
 Reference value :  1.02073e-07
 Reference value :  1.02328e-07
 Reference value :  1.02788e-07
 Reference value :  1.03013e-07
 Reference value :  1.03083e-07
 Reference value :  1.03153e-07
 Reference value :  1.03418e-07
 Reference value :  1.03498e-07
 Reference value :  1.03723e-07
 Reference value :  1.04028e-07
 Reference value :  1.04288e-07
 Reference value :  1.04873e-07
 Reference value :  1.05148e-07
 Reference value :  1.05388e-07
 Reference value :  1.05463e-07
 Reference value :  1.05838e-07
 Reference value :  1.05983e-07
 Reference value :  1.06223e-07
 Reference value :  1.06308e-07
 Reference value :  1.06393e-07
 Reference value :  1.06603e-07
 Reference value :  1.06923e-07
 Reference value :  1.07143e-07
 Reference value :  1.07433e-07
 Reference value :  1.07588e-07
 Reference value :  1.07763e-07
 Reference value :  1.07838e-07
 Reference value :  1.08278e-07
 Reference value :  1.08603e-07
 Reference value :  1.08783e-07
 Reference value :  1.08858e-07
 Reference value :  1.09053e-07
 Reference value :  1.09178e-07
 Reference value :  1.09263e-07
 Reference value :  1.09343e-07
 Reference value :  1.09493e-07
 Reference value :  1.09708e-07
 Reference value :  1.09783e-07
 Reference value :  1.09863e-07
 Reference value :  1.09938e-07
 Reference value :  1.10148e-07
 Reference value :  1.10498e-07
 Reference value :  1.10583e-07
 Reference value :  1.10713e-07
 Reference value :  1.11043e-07
 Reference value :  1.11673e-07
 Reference value :  1.12033e-07
 Reference value :  1.12243e-07
 Reference value :  1.12443e-07
 Reference value :  1.12893e-07
 Reference value :  1.13093e-07
 Reference value :  1.13243e-07
 Reference value :  1.13478e-07
 Reference value :  1.14158e-07
 Reference value :  1.14303e-07
 Reference value :  1.14388e-07
 Reference value :  1.14863e-07
 Reference value :  1.15233e-07
 Reference value :  1.15648e-07
 Reference value :  1.15923e-07
 Reference value :  1.16313e-07
 Reference value :  1.16408e-07
 Reference value :  1.16498e-07
 Reference value :  1.16578e-07
 Reference value :  1.16653e-07
 Reference value :  1.16823e-07
 Reference value :  1.17133e-07
 Reference value :  1.17438e-07
 Reference value :  1.17608e-07
 Reference value :  1.17953e-07
 Reference value :  1.18133e-07
 Reference value :  1.18288e-07
 Reference value :  1.18603e-07
 Reference value :  1.18718e-07
 Reference value :  1.18898e-07
 Reference value :  1.19318e-07
 Reference value :  1.19958e-07
 Reference value :  1.20393e-07
 Reference value :  1.20738e-07
 Reference value :  1.21138e-07
 Reference value :  1.21343e-07
 Reference value :  1.21423e-07
 Reference value :  1.21603e-07
 Reference value :  1.21768e-07
 Reference value :  1.22083e-07
 Reference value :  1.22383e-07
 Reference value :  1.22553e-07
 Reference value :  1.22843e-07
 Reference value :  1.23083e-07
 Reference value :  1.23158e-07
 Reference value :  1.23568e-07
 Reference value :  1.24013e-07
 Reference value :  1.24118e-07
 Reference value :  1.24263e-07
 Reference value :  1.24343e-07
 Reference value :  1.24423e-07
 Reference value :  1.24733e-07
 Reference value :  1.24853e-07
 Reference value :  1.24998e-07
 Reference value :  1.25273e-07
 Reference value :  1.25653e-07
 Reference value :  1.26053e-07
 Reference value :  1.26718e-07
 Reference value :  1.26903e-07
 Reference value :  1.27128e-07
 Reference value :  1.27353e-07
 Reference value :  1.27568e-07
 Reference value :  1.27783e-07
 Reference value :  1.28413e-07
 Reference value :  1.28493e-07
 Reference value :  1.28738e-07
 Reference value :  1.29093e-07
 Reference value :  1.29383e-07
 Reference value :  1.29698e-07
 Reference value :  1.30048e-07
 Reference value :  1.30123e-07
 Reference value :  1.30278e-07
 Reference value :  1.30583e-07
 Reference value :  1.30723e-07
 Reference value :  1.30873e-07
 Reference value :  1.31263e-07
 Reference value :  1.31448e-07
 Reference value :  1.31618e-07
 Reference value :  1.31968e-07
 Reference value :  1.32358e-07
 Reference value :  1.32748e-07
 Reference value :  1.33328e-07
 Reference value :  1.33603e-07
 Reference value :  1.33678e-07
 Reference value :  1.34083e-07
 Reference value :  1.34408e-07
 Reference value :  1.34923e-07
 Reference value :  1.35128e-07
 Reference value :  1.35208e-07
 Reference value :  1.35398e-07
 Reference value :  1.36083e-07
 Reference value :  1.36473e-07
 Reference value :  1.36713e-07
 Reference value :  1.36793e-07
 Reference value :  1.36873e-07
 Reference value :  1.37208e-07
 Reference value :  1.37318e-07
 Reference value :  1.37608e-07
 Reference value :  1.37783e-07
 Reference value :  1.38298e-07
 Reference value :  1.38593e-07
 Reference value :  1.38898e-07
 Reference value :  1.39273e-07
 Reference value :  1.39863e-07
 Reference value :  1.40078e-07
 Reference value :  1.40238e-07
 Reference value :  1.40348e-07
 Reference value :  1.41073e-07
 Reference value :  1.41493e-07
 Reference value :  1.41758e-07
 Reference value :  1.41838e-07
 Reference value :  1.42038e-07
 Reference value :  1.42308e-07
 Reference value :  1.42463e-07
 Reference value :  1.42593e-07
 Reference value :  1.42673e-07
 Reference value :  1.42998e-07
 Reference value :  1.43138e-07
 Reference value :  1.43788e-07
 Reference value :  1.44158e-07
 Reference value :  1.44408e-07
 Reference value :  1.44878e-07
 Reference value :  1.45138e-07
 Reference value :  1.45343e-07
 Reference value :  1.45768e-07
 Reference value :  1.46393e-07
 Reference value :  1.46693e-07
 Reference value :  1.47068e-07
 Reference value :  1.47688e-07
 Reference value :  1.48298e-07
 Reference value :  1.48388e-07
 Reference value :  1.48603e-07
 Reference value :  1.49368e-07
 Reference value :  1.49543e-07
 Reference value :  1.49888e-07
No. of Data Rows : 30108

  Measurements for Transient Analysis

r1_t0               =   5.21146e-10
r1_t1               =   4.46791e-09
r1_period           =  4.93345e-10
r1_fosc             =  2.02698e+09
r1_tstage           =  4.93345e-11
r1_iavg             =  -3.836158e-04 from=  1.500000e-08 to=  2.300050e-08
r4_t0               =   5.15091e-10
r4_t1               =   4.41476e-09
r4_period           =  4.87459e-10
r4_fosc             =  2.05146e+09
r4_tstage           =  4.87459e-11
r4_iavg             =  -1.526693e-03 from=  1.500000e-08 to=  2.300050e-08
ch_tphl             =  5.714552e-11 targ=  3.155737e-09 trig=  3.098591e-09
ch_tplh             =  4.187421e-11 targ=  1.315981e-08 trig=  1.311794e-08
ch_tpd              =  4.95099e-11
ch_tf               =  8.335484e-11 targ=  3.206773e-09 trig=  3.123418e-09
ch_tr               =  7.172224e-11 targ=  1.320421e-08 trig=  1.313249e-08
dc_idn              =  -4.645525e-04 from=  2.000000e-08 to=  2.300050e-08
dc_idp              =  7.187852e-04 from=  2.000000e-08 to=  2.300050e-08
cs_lo_t0            =   4.39660e-09
cs_lo_t1            =   8.74645e-08
cs_lo_fosc          =  4.81534e+07
cs_lo_tstage        =  2.07670e-09
cs_lo_iavg          =  -4.035803e-05 from=  1.200000e-07 to=  1.500000e-07
cs_md_t0            =   1.36011e-09
cs_md_t1            =   1.45634e-08
cs_md_fosc          =  3.02954e+08
cs_md_tstage        =  3.30083e-10
cs_md_iavg          =  -1.894427e-04 from=  1.200000e-07 to=  1.500000e-07
cs_hi_t0            =   4.59273e-10
cs_hi_t1            =   4.26950e-09
cs_hi_fosc          =  1.04981e+09
cs_hi_tstage        =  9.52556e-11
cs_hi_iavg          =  -7.173116e-04 from=  1.200000e-07 to=  1.500000e-07

Doing analysis at TEMP = 125.000000 and TNOM = 27.000000


  Measurements for Transient Analysis

r1_t0               =   5.21146e-10
r1_t1               =   4.46791e-09
r1_period           =   failed
r1_fosc             =   failed
r1_tstage           =   failed
r1_iavg             =  -3.836158e-04 from=  1.500000e-08 to=  2.300050e-08
r4_t0               =   5.15091e-10
r4_t1               =   4.41476e-09
r4_period           =   failed
r4_fosc             =   failed
r4_tstage           =   failed
r4_iavg             =  -1.526693e-03 from=  1.500000e-08 to=  2.300050e-08
ch_tphl             =  5.714552e-11 targ=  3.155737e-09 trig=  3.098591e-09
ch_tplh             =  4.187421e-11 targ=  1.315981e-08 trig=  1.311794e-08
ch_tpd              =   failed
ch_tf               =  8.335484e-11 targ=  3.206773e-09 trig=  3.123418e-09
ch_tr               =  7.172224e-11 targ=  1.320421e-08 trig=  1.313249e-08
dc_idn              =  -4.645525e-04 from=  2.000000e-08 to=  2.300050e-08
dc_idp              =  7.187852e-04 from=  2.000000e-08 to=  2.300050e-08
cs_lo_t0            =   4.39660e-09
cs_lo_t1            =   8.74645e-08
cs_lo_fosc          =   failed
cs_lo_tstage        =   failed
cs_lo_iavg          =  -4.035803e-05 from=  1.200000e-07 to=  1.500000e-07
cs_md_t0            =   1.36011e-09
cs_md_t1            =   1.45634e-08
cs_md_fosc          =   failed
cs_md_tstage        =   failed
cs_md_iavg          =  -1.894427e-04 from=  1.200000e-07 to=  1.500000e-07
cs_hi_t0            =   4.59273e-10
cs_hi_t1            =   4.26950e-09
cs_hi_fosc          =   failed
cs_hi_tstage        =   failed
cs_hi_iavg          =  -7.173116e-04 from=  1.200000e-07 to=  1.500000e-07


Total analysis time (seconds) = 809.155

Total elapsed time (seconds) = 809.577 

Total DRAM available = 15700.230 MB.
DRAM currently available = 6771.355 MB.
Maximum ngspice program size =   56.426 MB.
Current ngspice program size =   40.180 MB.

Shared ngspice pages =   11.121 MB.
Text (code) pages =    6.156 MB.
Stack = 0 bytes.
Library pages =   37.180 MB.


Using SPARSE 1.3 as Direct Linear Solver
Using SPARSE 1.3 as Direct Linear Solver
Netlist line no. 25:
insertnumber: fails.
  s = ".measure tran r1_period param=    4.933453632310711e-10   " u="  4.933453632310711e-10  " id=0
Netlist line no. 26:
insertnumber: fails.
  s = ".measure tran r1_fosc param=    2.026977599324520e+09   " u="  2.026977599324520e+09  " id=0
Netlist line no. 27:
insertnumber: fails.
  s = ".measure tran r1_tstage param=    4.933453632310711e-11   " u="  4.933453632310711e-11  " id=0
Netlist line no. 31:
insertnumber: fails.
  s = ".measure tran r4_period param=    4.874587882048446e-10   " u="  4.874587882048446e-10  " id=0
Netlist line no. 32:
insertnumber: fails.
  s = ".measure tran r4_fosc param=    2.051455475205773e+09   " u="  2.051455475205773e+09  " id=0
Netlist line no. 33:
insertnumber: fails.
  s = ".measure tran r4_tstage param=    4.874587882048447e-11   " u="  4.874587882048447e-11  " id=0
Netlist line no. 37:
insertnumber: fails.
  s = ".measure tran ch_tpd param=    4.950986277678469e-11   " u="  4.950986277678469e-11  " id=0
Netlist line no. 44:
insertnumber: fails.
  s = ".measure tran cs_lo_fosc param=    4.815335537980471e+07   " u="  4.815335537980471e+07  " id=0
Netlist line no. 45:
insertnumber: fails.
  s = ".measure tran cs_lo_tstage param=    2.076698481575378e-09   " u="  2.076698481575378e-09  " id=0
Netlist line no. 49:
insertnumber: fails.
  s = ".measure tran cs_md_fosc param=    3.029543502929421e+08   " u="  3.029543502929421e+08  " id=0
Netlist line no. 50:
insertnumber: fails.
  s = ".measure tran cs_md_tstage param=    3.300827332675860e-10   " u="  3.300827332675860e-10  " id=0
Netlist line no. 54:
insertnumber: fails.
  s = ".measure tran cs_hi_fosc param=    1.049806749640402e+09   " u="  1.049806749640402e+09  " id=0
Netlist line no. 55:
insertnumber: fails.
  s = ".measure tran cs_hi_tstage param=    9.525562684203902e-11   " u="  9.525562684203902e-11  " id=0
