
Note: No compatibility mode selected!


Circuit: * generated by simenv.sh -- do not edit; edit sim/mc-cp-mismatch/work/dut_dff.sp instead

Doing analysis at TEMP = 125.000000 and TNOM = 27.000000

Using SPARSE 1.3 as Direct Linear Solver

Initial Transient Solution
--------------------------

Node                                   Voltage
----                                   -------
vdd                                       2.97
ck                                           0
dr                                           0
xr.ckb                                    2.97
xr.ckbb                            1.18942e-08
xr.nm                              1.48738e-08
xr.nma                                    2.97
xr.nmb                             1.93157e-08
xr.ns                                     2.97
qr                                 1.29495e-08
nr                                        2.97
df                                        2.97
xf.ckb                                    2.97
xf.ckbb                            1.19915e-08
xf.nm                                     2.97
xf.nma                             2.26525e-08
xf.nmb                                    2.97
xf.ns                               5.0411e-08
qf                                        2.97
nf                                 3.49979e-08
vdf#branch                         -9.1811e-12
vdr#branch                         9.57614e-12
vck#branch                                   0
vdd#branch                        -1.92574e-10


No. of Data Rows : 6032

  Measurements for Transient Analysis

tcq_r               =  3.68906e-10 targ=  2.54189e-08 trig=  2.50500e-08
tcq_f               =  3.21316e-10 targ=  2.53713e-08 trig=  2.50500e-08


Total analysis time (seconds) = 3.30914

Total elapsed time (seconds) = 3.902 

Total DRAM available = 31552.219 MB.
DRAM currently available = 5284.184 MB.
Maximum ngspice program size =   22.254 MB.
Current ngspice program size =   16.891 MB.

Shared ngspice pages =    9.512 MB.
Text (code) pages =    6.355 MB.
Stack = 0 bytes.
Library pages =    7.594 MB.

