
Note: No compatibility mode selected!


Circuit: * generated by simenv.sh -- do not edit; edit sim/mc-cp-mismatch/testbench/tb_mc_pfd_cp.sp instead

Doing analysis at TEMP = 27.000000 and TNOM = 27.000000

Using SPARSE 1.3 as Direct Linear Solver
Note: Starting dynamic gmin stepping
Warning: Dynamic gmin stepping failed
Note: Starting true gmin stepping
Note: True gmin stepping completed

Initial Transient Solution
--------------------------

Node                                   Voltage
----                                   -------
vdd                                        3.3
vss                                          0
ref                                          0
fb                                           0
b0                                           0
b1                                         3.3
ibn                                   0.717289
icn                                    0.82552
ibp                                    2.44825
icp                                    2.33068
xdut.xpfd.xed_ref.d1                       3.3
xdut.xpfd.xed_ref.d2               1.06653e-08
xdut.xpfd.xed_ref.d3                       3.3
xdut.xpfd.xed_ref.d4               1.06827e-08
xdut.xpfd.xed_ref.d5                       3.3
xdut.xpfd.xed_ref.nn                       3.3
xdut.xpfd.xed_ref.xnd.ni           3.74283e-10
xdut.xpfd.pr                       1.09414e-08
xdut.xpfd.xed_fb.d1                        3.3
xdut.xpfd.xed_fb.d2                1.07829e-08
xdut.xpfd.xed_fb.d3                        3.3
xdut.xpfd.xed_fb.d4                1.10866e-08
xdut.xpfd.xed_fb.d5                        3.3
xdut.xpfd.xed_fb.nn                        3.3
xdut.xpfd.xed_fb.xnd.ni            4.16673e-10
xdut.xpfd.pf                        1.1044e-08
xdut.xpfd.sbr                              3.3
xdut.xpfd.sbf                              3.3
up                                 2.25716e-08
xdut.xpfd.upb                              3.3
xdut.xpfd.xlat_ref.xn1.ni           1.1436e-08
xdut.xpfd.rb                               3.3
xdut.xpfd.xlat_ref.xn2.ni              2.67411
dn                                  2.2643e-08
xdut.xpfd.dnb                              3.3
xdut.xpfd.xlat_fb.xn1.ni           1.11825e-08
xdut.xpfd.xlat_fb.xn2.ni               2.71264
xdut.xpfd.nrst                             3.3
xdut.xpfd.xnand_rst.ni               0.0164479
xdut.xpfd.rst_raw                  1.05774e-08
xdut.xpfd.rd1                              3.3
xdut.xpfd.rd2                      1.08695e-08
xdut.xpfd.rd3                              3.3
xdut.xpfd.rd4                      1.08091e-08
xdut.xpfd.rd5                              3.3
xdut.xpfd.rd6                      1.06959e-08
xdut.xpfd.rd7                              3.3
xdut.xpfd.rd8                      1.10162e-08
xdut.xpfd.rd9                              3.3
xdut.xpfd.rd10                     1.07868e-08
xdut.xpfd.rd11                             3.3
xdut.xpfd.rd12                     1.08298e-08
xdut.xpfd.rd13                             3.3
xdut.xpfd.rd14                     1.09184e-08
xdut.xpfd.rd15                             3.3
xdut.xpfd.rd16                     1.05565e-08
xdut.xpfd.rd17                             3.3
xdut.xpfd.rd18                     1.08429e-08
xdut.xpfd.rd19                             3.3
xdut.xpfd.rd20                     1.08809e-08
xdut.xpfd.rd21                             3.3
xdut.xpfd.rd22                     1.08985e-08
xdut.xpfd.rd23                             3.3
xdut.xpfd.rst_dly                  1.07641e-08
xdut.xcp.b0b                               3.3
xdut.xcp.b1b                       1.08074e-08
xdut.xcp.upb                               3.3
xdut.xcp.dnb                               3.3
xdut.xcp.xn_base.bg                   0.717289
xdut.xcp.xn_base.mid                 0.0830772
xdut.xcp.dnt                           1.64716
xdut.xcp.xn_t0.bg                  6.26171e-11
xdut.xcp.xn_t0.mid                    0.467275
xdut.xcp.xn_t1a.bg                    0.717289
xdut.xcp.xn_t1a.mid                  0.0819352
xdut.xcp.xn_t1b.bg                    0.717289
xdut.xcp.xn_t1b.mid                  0.0852098
xdut.xcp.xp_base.bg                    2.44825
xdut.xcp.xp_base.mid                   3.21278
xdut.xcp.upt                           1.66525
xdut.xcp.xp_t0.bg                          3.3
xdut.xcp.xp_t0.mid                     1.32268
xdut.xcp.xp_t1a.bg                     2.44825
xdut.xcp.xp_t1a.mid                    3.21056
xdut.xcp.xp_t1b.bg                     2.44825
xdut.xcp.xp_t1b.mid                    3.21156
vout                                      1.65
xdut.xcp.vdump                         1.65026
xdut.xcp.xbuf.nsrc                    0.733313
xdut.xcp.xbuf.nda                      2.45129
xdut.xcp.xbuf.psrc                      2.4583
xdut.xcp.xbuf.pda                     0.680235
vctrl_src                                 1.65
vctrl#branch                      -1.31919e-11
vam#branch                        -1.15419e-11
vb1#branch                            -3.3e-12
vb0#branch                                   0
vfb#branch                                   0
vref#branch                                  0
vss#branch                         3.71278e-05
vdd#branch                        -5.31285e-05


No. of Data Rows : 7308
qnet2               =  -1.28558e-14 from=  6.00000e-08 to=  1.40000e-07
MCPFD qnet=-6.42792E-15
Note: Simulation executed from .control section 
