
Note: No compatibility mode selected!


Circuit: * generated by simenv.sh -- do not edit; edit sim/mc-cp-mismatch/testbench/tb_mc_cp_switch.sp instead

Doing analysis at TEMP = 125.000000 and TNOM = 27.000000

Using SPARSE 1.3 as Direct Linear Solver

Initial Transient Solution
--------------------------

Node                                   Voltage
----                                   -------
vdd                                       2.97
vss                                          0
hi                                        2.97
lo                                           0
b0                                           0
b1                                        2.97
ctl                                          0
ibn_u                                 0.745605
icn_u                                  0.87247
ibp_u                                  2.09164
icp_u                                  1.94161
xcpu.b0b                                  2.97
xcpu.b1b                           1.97424e-08
xcpu.upb                                  2.97
xcpu.dnb                                  2.97
xcpu.xn_base.bg                       0.745605
xcpu.xn_base.mid                      0.104271
xcpu.dnt                               1.63809
xcpu.xn_t0.bg                       6.8757e-09
xcpu.xn_t0.mid                        0.575562
xcpu.xn_t1a.bg                        0.745605
xcpu.xn_t1a.mid                       0.100792
xcpu.xn_t1b.bg                        0.745605
xcpu.xn_t1b.mid                       0.105225
xcpu.xp_base.bg                        2.09164
xcpu.xp_base.mid                       2.85944
xcpu.upt                               1.66876
xcpu.xp_t0.bg                             2.97
xcpu.xp_t0.mid                         1.59743
xcpu.xp_t1a.bg                         2.09164
xcpu.xp_t1a.mid                        2.86188
xcpu.xp_t1b.bg                         2.09164
xcpu.xp_t1b.mid                        2.86207
outu                                      1.65
xcpu.vdump                             1.64719
xcpu.xbuf.nsrc                        0.706452
xcpu.xbuf.nda                          2.09359
xcpu.xbuf.psrc                         2.47042
xcpu.xbuf.pda                         0.696305
ibn_d                                 0.746984
icn_d                                 0.873862
ibp_d                                  2.09195
icp_d                                  1.94467
xcpd.b0b                                  2.97
xcpd.b1b                           1.90229e-08
xcpd.upb                                  2.97
xcpd.dnb                                  2.97
xcpd.xn_base.bg                       0.746984
xcpd.xn_base.mid                     0.0987747
xcpd.dnt                               1.63887
xcpd.xn_t0.bg                      6.65798e-09
xcpd.xn_t0.mid                        0.576088
xcpd.xn_t1a.bg                        0.746984
xcpd.xn_t1a.mid                       0.102852
xcpd.xn_t1b.bg                        0.746984
xcpd.xn_t1b.mid                      0.0970329
xcpd.xp_base.bg                        2.09195
xcpd.xp_base.mid                       2.86464
xcpd.upt                               1.66972
xcpd.xp_t0.bg                             2.97
xcpd.xp_t0.mid                         1.59733
xcpd.xp_t1a.bg                         2.09195
xcpd.xp_t1a.mid                        2.86423
xcpd.xp_t1b.bg                         2.09195
xcpd.xp_t1b.mid                        2.86342
outd                                      1.65
xcpd.vdump                              1.6486
xcpd.xbuf.nsrc                        0.705181
xcpd.xbuf.nda                          2.08976
xcpd.xbuf.psrc                         2.47097
xcpd.xbuf.pda                         0.693716
vod#branch                        -1.24629e-11
vou#branch                        -1.24629e-11
vctl#branch                                  0
vb1#branch                           -2.97e-12
vb0#branch                                   0
vlo#branch                                   0
vhi#branch                           -2.97e-12
vss#branch                         7.50136e-05
vdd#branch                        -0.000107014


No. of Data Rows : 4306
iup_ss              =  4.85077e-06 from=  1.40000e-08 to=  1.50025e-08
idn_ss              =  -5.14415e-06 from=  1.40000e-08 to=  1.50025e-08
qup                 =  2.19668e-14 from=  9.50000e-09 to=  1.50000e-08
qdn                 =  -2.39706e-14 from=  9.50000e-09 to=  1.50000e-08
MCSW iup_ss=4.85077E-06 idn_ss=-5.14415E-06 qup=2.19668E-14 qdn=-2.39706E-14 wup=4.52851E-09 wdn=4.65978E-09 wskew=-1.31275E-10
Note: Simulation executed from .control section 
