
Note: No compatibility mode selected!


Circuit: * generated by simenv.sh -- do not edit; edit sim/mc-cp-mismatch/testbench/tb_mc_cp_switch.sp instead

Doing analysis at TEMP = 27.000000 and TNOM = 27.000000

Using SPARSE 1.3 as Direct Linear Solver

Initial Transient Solution
--------------------------

Node                                   Voltage
----                                   -------
vdd                                        3.3
vss                                          0
hi                                         3.3
lo                                           0
b0                                           0
b1                                         3.3
ctl                                          0
ibn_u                                 0.718841
icn_u                                  0.82467
ibp_u                                  2.44898
icp_u                                  2.32987
xcpu.b0b                                   3.3
xcpu.b1b                            1.0996e-08
xcpu.upb                                   3.3
xcpu.dnb                                   3.3
xcpu.xn_base.bg                       0.718841
xcpu.xn_base.mid                     0.0840105
xcpu.dnt                               1.64524
xcpu.xn_t0.bg                      6.00762e-11
xcpu.xn_t0.mid                        0.465226
xcpu.xn_t1a.bg                        0.718841
xcpu.xn_t1a.mid                      0.0845303
xcpu.xn_t1b.bg                        0.718841
xcpu.xn_t1b.mid                      0.0806436
xcpu.xp_base.bg                        2.44898
xcpu.xp_base.mid                       3.21131
xcpu.upt                               1.66385
xcpu.xp_t0.bg                              3.3
xcpu.xp_t0.mid                         1.32268
xcpu.xp_t1a.bg                         2.44898
xcpu.xp_t1a.mid                        3.21211
xcpu.xp_t1b.bg                         2.44898
xcpu.xp_t1b.mid                        3.21041
outu                                      1.65
xcpu.vdump                             1.64839
xcpu.xbuf.nsrc                        0.730709
xcpu.xbuf.nda                          2.44663
xcpu.xbuf.psrc                         2.45651
xcpu.xbuf.pda                         0.679202
ibn_d                                 0.718258
icn_d                                  0.82769
ibp_d                                  2.44933
icp_d                                  2.33195
xcpd.b0b                                   3.3
xcpd.b1b                           1.08482e-08
xcpd.upb                                   3.3
xcpd.dnb                                   3.3
xcpd.xn_base.bg                       0.718258
xcpd.xn_base.mid                     0.0844923
xcpd.dnt                               1.64561
xcpd.xn_t0.bg                      8.73353e-11
xcpd.xn_t0.mid                        0.469638
xcpd.xn_t1a.bg                        0.718258
xcpd.xn_t1a.mid                      0.0865517
xcpd.xn_t1b.bg                        0.718258
xcpd.xn_t1b.mid                      0.0850868
xcpd.xp_base.bg                        2.44933
xcpd.xp_base.mid                       3.21315
xcpd.upt                               1.66404
xcpd.xp_t0.bg                              3.3
xcpd.xp_t0.mid                         1.32268
xcpd.xp_t1a.bg                         2.44933
xcpd.xp_t1a.mid                        3.21401
xcpd.xp_t1b.bg                         2.44933
xcpd.xp_t1b.mid                        3.21302
outd                                      1.65
xcpd.vdump                             1.64875
xcpd.xbuf.nsrc                         0.73227
xcpd.xbuf.nda                          2.44911
xcpd.xbuf.psrc                         2.45736
xcpd.xbuf.pda                         0.680977
vod#branch                        -1.15463e-11
vou#branch                        -1.15463e-11
vctl#branch                                  0
vb1#branch                            -3.3e-12
vb0#branch                                   0
vlo#branch                                   0
vhi#branch                            -3.3e-12
vss#branch                         7.49522e-05
vdd#branch                        -0.000106953


No. of Data Rows : 4283
iup_ss              =  5.03240e-06 from=  1.40000e-08 to=  1.50025e-08
idn_ss              =  -5.10249e-06 from=  1.40000e-08 to=  1.50025e-08
qup                 =  2.19357e-14 from=  9.50000e-09 to=  1.50000e-08
qdn                 =  -2.33200e-14 from=  9.50000e-09 to=  1.50000e-08
MCSW iup_ss=5.0324E-06 idn_ss=-5.10249E-06 qup=2.19357E-14 qdn=-2.332E-14 wup=4.35889E-09 wdn=4.57032E-09 wskew=-2.11429E-10
Note: Simulation executed from .control section 
