
Note: Compatibility modes selected: hs a

Warning: m=xx on .subckt line will override multiplier m hierarchy!


Circuit: * generated by simenv.sh -- do not edit; edit sim/vco-tuning-range/testbench/tb_vco_mismatch.sp instead

Doing analysis at TEMP = 125.000000 and TNOM = 27.000000

Using SPARSE 1.3 as Direct Linear Solver

Initial Transient Solution
--------------------------

Node                                   Voltage
----                                   -------
vdd                                       3.63
vc                                         2.7
nb0                                       3.63
nb1                                       3.63
nb2                                          0
nvs                                       3.63
x1.xbias.na                             1.0919
x1.xbias.vbpc                          2.75041
x1.xbias.nc                           0.182915
x1.xbias.xrcg.11                      0.182626
x1.xbias.xrcg.21                   0.000288818
x1.xbias.nsu                          0.013977
x1.xbias.vfix                          1.87158
x1.xbias.nmd                           0.79914
x1.xbias.vbp0                          2.88611
x1.xbias.noff                         0.832322
x1.xbias.xroff.11                     0.832092
x1.xbias.xroff.21                  0.000229746
x1.xbias.nvi                           1.44292
x1.xbias.xrdeg.11                      1.44252
x1.xbias.xrdeg.21                   0.00039829
x1.xbias.b0b                       1.85855e-07
x1.xbias.b1b                       3.36493e-07
x1.xbias.b2b                              3.63
x1.xbias.vbn1                         0.835681
x1.xbias.ga                            2.88611
x1.xbias.vbp2                          2.72604
x1.xbias.gb                           0.835681
x1.vbn                                0.863424
x1.xbias.gc                               3.63
x1.vbp                                 2.79704
x1.xs1.nh                              1.21054
x1.y1                                        0
x1.y5                                        0
x1.xs1.nt                         -1.62787e-17
x1.xs2.nh                                 3.63
x1.y2                                     3.63
x1.xs2.nt                          6.79139e-07
x1.xs3.nh                                 3.63
x1.y3                                        0
x1.xs3.nt                          1.15675e-17
x1.xs4.nh                                 3.63
x1.y4                                     3.63
x1.xs4.nt                          8.73927e-07
x1.xs5.nh                                 3.63
x1.xs5.nt                          1.01509e-17
x1.nb1                                    3.63
x1.nb2                              2.7344e-07
clk1                                      3.63
x1.xcdec1.c_moscap_int1                  -3.63
x1.xcdec2.c_moscap_int1                  -3.63
e.x1.xcdec2.ec_moscap#branch                 0
e.x1.xcdec1.ec_moscap#branch                 0
vs#branch                          0.000157521
vb2#branch                                   0
vb1#branch                                   0
vb0#branch                                   0
vc#branch                                    0
vdd#branch                        -0.000157521


No. of Data Rows : 2949

  Measurements for Transient Analysis

tp1                 =  9.26540e-08 targ=  3.24630e-07 trig=  2.31976e-07
f1                  =  4.31714e+07
i1                  =  2.00037e-04 from=  2.20377e-07 to=  6.06037e-07


Total analysis time (seconds) = 1.39404

Total elapsed time (seconds) = 1.545 

Total DRAM available = 49152.000 MB.
DRAM currently available = 10813.875 MB.
Maximum ngspice program size =   13.766 MB.
Current ngspice program size =   13.766 MB.

