
Note: Compatibility modes selected: hs a

Warning: m=xx on .subckt line will override multiplier m hierarchy!


Circuit: * generated by simenv.sh -- do not edit; edit sim/vco-tuning-range/testbench/tb_vco_mismatch.sp instead

Doing analysis at TEMP = 125.000000 and TNOM = 27.000000

Using SPARSE 1.3 as Direct Linear Solver

Initial Transient Solution
--------------------------

Node                                   Voltage
----                                   -------
vdd                                       2.97
vc                                         0.9
nb0                                          0
nb1                                          0
nb2                                       2.97
nvs                                       2.97
x1.xbias.na                            1.11359
x1.xbias.vbpc                          1.86614
x1.xbias.nc                           0.174247
x1.xbias.xrcg.11                      0.173971
x1.xbias.xrcg.21                   0.000275131
x1.xbias.nsu                        0.00617238
x1.xbias.vfix                          1.93214
x1.xbias.nmd                          0.826665
x1.xbias.vbp0                          2.08263
x1.xbias.noff                         0.848958
x1.xbias.xroff.11                     0.848724
x1.xbias.xroff.21                  0.000234338
x1.xbias.nvi                          0.163172
x1.xbias.xrdeg.11                     0.163127
x1.xbias.xrdeg.21                  4.50405e-05
x1.xbias.b0b                              2.97
x1.xbias.b1b                              2.97
x1.xbias.b2b                       1.09996e-08
x1.xbias.vbn1                         0.748914
x1.xbias.ga                               2.97
x1.xbias.vbp2                          2.10683
x1.xbias.gb                        1.77639e-09
x1.vbn                                0.867583
x1.xbias.gc                            2.10683
x1.vbp                                 1.96089
x1.xs1.nh                              1.33456
x1.y1                                        0
x1.y5                                        0
x1.xs1.nt                         -1.91834e-12
x1.xs2.nh                                 2.97
x1.y2                                     2.97
x1.xs2.nt                          3.26544e-07
x1.xs3.nh                                 2.97
x1.y3                                        0
x1.xs3.nt                         -1.07775e-16
x1.xs4.nh                                 2.97
x1.y4                                     2.97
x1.xs4.nt                          2.27361e-07
x1.xs5.nh                                 2.97
x1.xs5.nt                         -1.15855e-16
x1.nb1                                    2.97
x1.nb2                             9.61638e-09
clk1                                      2.97
x1.xcdec1.c_moscap_int1                  -2.97
x1.xcdec2.c_moscap_int1                  -2.97
e.x1.xcdec2.ec_moscap#branch                 0
e.x1.xcdec1.ec_moscap#branch                 0
vs#branch                          8.51768e-05
vb2#branch                                   0
vb1#branch                                   0
vb0#branch                                   0
vc#branch                                    0
vdd#branch                        -8.51768e-05


No. of Data Rows : 2842

  Measurements for Transient Analysis

tp1                 =  8.63951e-08 targ=  3.02969e-07 trig=  2.16573e-07
f1                  =  4.62989e+07
i1                  =  1.09918e-04 from=  1.99569e-07 to=  5.48815e-07


Total analysis time (seconds) = 1.28628

Total elapsed time (seconds) = 1.462 

Total DRAM available = 49152.000 MB.
DRAM currently available = 15009.641 MB.
Maximum ngspice program size =   13.750 MB.
Current ngspice program size =   13.750 MB.

