
Note: Compatibility modes selected: hs a

Warning: m=xx on .subckt line will override multiplier m hierarchy!


Circuit: * generated by simenv.sh -- do not edit; edit sim/vco-tuning-range/testbench/tb_vco_mismatch.sp instead

Doing analysis at TEMP = -40.000000 and TNOM = 27.000000

Using SPARSE 1.3 as Direct Linear Solver

Initial Transient Solution
--------------------------

Node                                   Voltage
----                                   -------
vdd                                       2.97
vc                                         2.7
nb0                                       2.97
nb1                                       2.97
nb2                                          0
nvs                                       2.97
x1.xbias.na                            1.03739
x1.xbias.vbpc                          1.86291
x1.xbias.nc                          0.0876183
x1.xbias.xrcg.11                     0.0874277
x1.xbias.xrcg.21                   0.000190611
x1.xbias.nsu                          0.010354
x1.xbias.vfix                          2.10037
x1.xbias.nmd                          0.902479
x1.xbias.vbp0                          1.88614
x1.xbias.noff                         0.891953
x1.xbias.xroff.11                     0.891613
x1.xbias.xroff.21                  0.000339552
x1.xbias.nvi                           1.34264
x1.xbias.xrdeg.11                      1.34213
x1.xbias.xrdeg.21                   0.00051112
x1.xbias.b0b                       4.53415e-09
x1.xbias.b1b                       4.45469e-09
x1.xbias.b2b                              2.97
x1.xbias.vbn1                         0.957758
x1.xbias.ga                            1.88614
x1.xbias.vbp2                          1.77775
x1.xbias.gb                           0.957758
x1.vbn                                0.985946
x1.xbias.gc                               2.97
x1.vbp                                 1.83328
x1.xs1.nh                               1.4405
x1.y1                                        0
x1.y5                                        0
x1.xs1.nt                          5.90192e-11
x1.xs2.nh                                 2.97
x1.y2                                     2.97
x1.xs2.nt                          4.80116e-11
x1.xs3.nh                                 2.97
x1.y3                                        0
x1.xs3.nt                          7.82531e-18
x1.xs4.nh                                 2.97
x1.y4                                     2.97
x1.xs4.nt                          5.30493e-11
x1.xs5.nh                                 2.97
x1.xs5.nt                          1.72174e-17
x1.nb1                                    2.97
x1.nb2                             3.01447e-09
clk1                                      2.97
x1.xcdec1.c_moscap_int1                  -2.97
x1.xcdec2.c_moscap_int1                  -2.97
e.x1.xcdec2.ec_moscap#branch                 0
e.x1.xcdec1.ec_moscap#branch                 0
vs#branch                          0.000102589
vb2#branch                                   0
vb1#branch                                   0
vb0#branch                                   0
vc#branch                                    0
vdd#branch                        -0.000102589


No. of Data Rows : 2869

  Measurements for Transient Analysis

tp1                 =  7.52400e-08 targ=  2.64306e-07 trig=  1.89066e-07
f1                  =  5.31632e+07
i1                  =  1.26830e-04 from=  1.74660e-07 to=  4.80316e-07


Total analysis time (seconds) = 1.48838

Total elapsed time (seconds) = 1.681 

Total DRAM available = 49152.000 MB.
DRAM currently available = 11871.641 MB.
Maximum ngspice program size =   13.828 MB.
Current ngspice program size =   13.828 MB.

