
Note: Compatibility modes selected: hs a

Warning: m=xx on .subckt line will override multiplier m hierarchy!


Circuit: * generated by simenv.sh -- do not edit; edit sim/vco-tuning-range/testbench/tb_vco_mismatch.sp instead

Doing analysis at TEMP = 125.000000 and TNOM = 27.000000

Using SPARSE 1.3 as Direct Linear Solver

Initial Transient Solution
--------------------------

Node                                   Voltage
----                                   -------
vdd                                       3.63
vc                                         2.7
nb0                                       3.63
nb1                                       3.63
nb2                                          0
nvs                                       3.63
x1.xbias.na                            0.97953
x1.xbias.vbpc                           2.6673
x1.xbias.nc                           0.168379
x1.xbias.xrcg.11                      0.168113
x1.xbias.xrcg.21                   0.000265866
x1.xbias.nsu                         0.0127596
x1.xbias.vfix                           1.6517
x1.xbias.nmd                          0.709756
x1.xbias.vbp0                          2.79278
x1.xbias.noff                          0.74064
x1.xbias.xroff.11                     0.740435
x1.xbias.xroff.21                  0.000204439
x1.xbias.nvi                           1.51414
x1.xbias.xrdeg.11                      1.51372
x1.xbias.xrdeg.21                   0.00041795
x1.xbias.b0b                       5.08088e-08
x1.xbias.b1b                       4.10234e-08
x1.xbias.b2b                              3.63
x1.xbias.vbn1                         0.754025
x1.xbias.ga                            2.79278
x1.xbias.vbp2                          2.62475
x1.xbias.gb                           0.754025
x1.vbn                                0.780515
x1.xbias.gc                               3.63
x1.vbp                                 2.71177
x1.xs1.nh                              1.31216
x1.y1                                        0
x1.y5                                        0
x1.xs1.nt                         -6.72202e-18
x1.xs2.nh                                 3.63
x1.y2                                     3.63
x1.xs2.nt                          3.67771e-06
x1.xs3.nh                                 3.63
x1.y3                                        0
x1.xs3.nt                         -1.49235e-43
x1.xs4.nh                                 3.63
x1.y4                                     3.63
x1.xs4.nt                          2.54636e-06
x1.xs5.nh                                 3.63
x1.xs5.nt                          9.53183e-44
x1.nb1                                    3.63
x1.nb2                             5.24783e-08
clk1                                      3.63
x1.xcdec1.c_moscap_int1                  -3.63
x1.xcdec2.c_moscap_int1                  -3.63
e.x1.xcdec2.ec_moscap#branch                 0
e.x1.xcdec1.ec_moscap#branch                 0
vs#branch                          0.000151315
vb2#branch                                   0
vb1#branch                                   0
vb0#branch                                   0
vc#branch                                    0
vdd#branch                        -0.000151315


No. of Data Rows : 2905

  Measurements for Transient Analysis

tp1                 =  9.58828e-08 targ=  3.35781e-07 trig=  2.39898e-07
f1                  =  4.17176e+07
i1                  =  1.94474e-04 from=  2.16968e-07 to=  5.96662e-07


Total analysis time (seconds) = 1.16779

Total elapsed time (seconds) = 1.334 

Total DRAM available = 49152.000 MB.
DRAM currently available = 9517.562 MB.
Maximum ngspice program size =   13.844 MB.
Current ngspice program size =   13.844 MB.

