==== generated deck (f010-fs_-40c_2.97v) ====
* GENERATED by simenv.sh -- do not edit; edit /Users/rwalters/GitHub/gf180-pll/.loom/worktrees/issue-32/sim/divider-ratio/work/dut_cell.sp instead
* tag=cell_fs_m40_2p97_10e6 libs=fs temp=-40C
.include "/Users/rwalters/.volare/gf180mcuD/libs.tech/ngspice/design.ngspice"
.lib "/Users/rwalters/.volare/gf180mcuD/libs.tech/ngspice/sm141064.ngspice" fs
.temp -40
.param sim_temp=-40
.param vsup=2.97
.param kf=10e6
.param ktstep=4e-10
.param ktstop=1.2e-06
.include "/Users/rwalters/GitHub/gf180-pll/.loom/worktrees/issue-32/sim/divider-ratio/work/dut_cell.sp"
.end

==== ngspice output ====

Note: Compatibility modes selected: hs a

Warning: m=xx on .subckt line will override multiplier m hierarchy!


Circuit: * generated by simenv.sh -- do not edit; edit /users/rwalters/github/gf180-pll/.loom/worktrees/issue-32/sim/divider-ratio/work/dut_cell.sp instead

Doing analysis at TEMP = -40.000000 and TNOM = 27.000000

Using SPARSE 1.3 as Direct Linear Solver

Initial Transient Solution
--------------------------

Node                                   Voltage
----                                   -------
vdd                                       2.97
hi                                        2.97
lo                                           0
ck50                                         0
ck33                                         0
ck67                                         0
cke                                          0
ckf                                          0
xa.sb                                     2.97
moa                                3.87571e-09
xa.xn3.nm1                             2.44017
xa.xn3.nm2                          0.00758073
xa.dqn                             7.70379e-09
xa.qb                                     2.97
xa.xn2q.nmid                       3.85189e-09
xa.dq                                     2.97
xa.xfq.ckb                                2.97
xa.xfq.ckbb                        3.87571e-09
xa.xfq.nm                                 2.97
xa.xfq.nma                         7.76458e-09
xa.xfq.nmb                                2.97
xa.xfq.ns                                 2.97
xa.q                               3.87571e-09
ckoa                               1.94613e-09
xa.nmo                                    2.97
xa.xn2m.nmid                           2.42982
xa.dmo                             1.54304e-08
xa.xfmo.ckb                               2.97
xa.xfmo.ckbb                       3.87571e-09
xa.xfmo.nm                         2.31456e-08
xa.xfmo.nma                               2.97
xa.xfmo.nmb                        7.75141e-09
xa.xfmo.ns                                2.97
xa.mob                                    2.97
xb.sb                               1.1493e-08
mob                                       2.97
xb.xn3.nm1                         7.66199e-09
xb.xn3.nm2                           3.831e-09
xb.dqn                                    2.97
xb.qb                              1.54436e-08
xb.xn2q.nmid                        0.00795326
xb.dq                              1.54304e-08
xb.xfq.ckb                                2.97
xb.xfq.ckbb                        3.87571e-09
xb.xfq.nm                          2.31456e-08
xb.xfq.nma                                2.97
xb.xfq.nmb                         7.75141e-09
xb.xfq.ns                          2.31719e-08
xb.q                                      2.97
ckob                                      2.97
xb.nmo                             7.70379e-09
xb.xn2m.nmid                       3.85189e-09
xb.dmo                                    2.97
xb.xfmo.ckb                               2.97
xb.xfmo.ckbb                       3.87571e-09
xb.xfmo.nm                                2.97
xb.xfmo.nma                        7.75141e-09
xb.xfmo.nmb                               2.97
xb.xfmo.ns                         2.31456e-08
xb.mob                             1.54304e-08
xc.sb                                     2.97
moc                                3.87571e-09
xc.xn3.nm1                             2.44016
xc.xn3.nm2                           0.0075807
xc.dqn                             7.70379e-09
xc.qb                                     2.97
xc.xn2q.nmid                       3.85189e-09
xc.dq                                     2.97
xc.xfq.ckb                                2.97
xc.xfq.ckbb                        3.87571e-09
xc.xfq.nm                                 2.97
xc.xfq.nma                         7.76458e-09
xc.xfq.nmb                                2.97
xc.xfq.ns                                 2.97
xc.q                               3.87571e-09
ckoc                               1.94613e-09
xc.nmo                                    2.97
xc.xn2m.nmid                           2.42982
xc.dmo                             1.54304e-08
xc.xfmo.ckb                               2.97
xc.xfmo.ckbb                       3.87571e-09
xc.xfmo.nm                         2.31456e-08
xc.xfmo.nma                               2.97
xc.xfmo.nmb                        7.75141e-09
xc.xfmo.ns                                2.97
xc.mob                                    2.97
xd.sb                               1.1493e-08
mdd                                       2.97
xd.xn3.nm1                         7.66199e-09
xd.xn3.nm2                           3.831e-09
xd.dqn                                    2.97
xd.qb                              1.54436e-08
xd.xn2q.nmid                        0.00795326
xd.dq                              1.54304e-08
xd.xfq.ckb                                2.97
xd.xfq.ckbb                        3.87571e-09
xd.xfq.nm                          2.31456e-08
xd.xfq.nma                                2.97
xd.xfq.nmb                         7.75141e-09
xd.xfq.ns                          2.31719e-08
xd.q                                      2.97
ckod                                      2.97
xd.nmo                             7.70379e-09
xd.xn2m.nmid                       3.85189e-09
xd.dmo                                    2.97
xd.xfmo.ckb                               2.97
xd.xfmo.ckbb                       3.87571e-09
xd.xfmo.nm                                2.97
xd.xfmo.nma                        7.75141e-09
xd.xfmo.nmb                               2.97
xd.xfmo.ns                         2.31456e-08
xd.mob                             1.54304e-08
xe.sb                               1.1493e-08
moe                                       2.97
xe.xn3.nm1                         7.66199e-09
xe.xn3.nm2                           3.831e-09
xe.dqn                                    2.97
xe.qb                              1.54436e-08
xe.xn2q.nmid                        0.00795326
xe.dq                              1.54304e-08
xe.xfq.ckb                                2.97
xe.xfq.ckbb                        3.87571e-09
xe.xfq.nm                          2.31456e-08
xe.xfq.nma                                2.97
xe.xfq.nmb                         7.75141e-09
xe.xfq.ns                          2.31719e-08
xe.q                                      2.97
ckoe                                      2.97
xe.nmo                             7.70379e-09
xe.xn2m.nmid                       3.85189e-09
xe.dmo                                    2.97
xe.xfmo.ckb                               2.97
xe.xfmo.ckbb                       3.87571e-09
xe.xfmo.nm                                2.97
xe.xfmo.nma                        7.75141e-09
xe.xfmo.nmb                               2.97
xe.xfmo.ns                         2.31456e-08
xe.mob                             1.54304e-08
xf.sb                               1.1493e-08
mof                                       2.97
xf.xn3.nm1                         7.66199e-09
xf.xn3.nm2                           3.831e-09
xf.dqn                                    2.97
xf.qb                              1.54436e-08
xf.xn2q.nmid                        0.00795326
xf.dq                              1.54304e-08
xf.xfq.ckb                                2.97
xf.xfq.ckbb                        3.87571e-09
xf.xfq.nm                          2.31456e-08
xf.xfq.nma                                2.97
xf.xfq.nmb                         7.75141e-09
xf.xfq.ns                          2.31719e-08
xf.q                                      2.97
ckof                                      2.97
xf.nmo                             7.70379e-09
xf.xn2m.nmid                       3.85189e-09
xf.dmo                                    2.97
xf.xfmo.ckb                               2.97
xf.xfmo.ckbb                       3.87571e-09
xf.xfmo.nm                                2.97
xf.xfmo.nma                        7.75141e-09
xf.xfmo.nmb                               2.97
xf.xfmo.ns                         2.31456e-08
xf.mob                             1.54304e-08
vckf#branch                                  0
vcke#branch                                  0
vck67#branch                                 0
vck33#branch                                 0
vck50#branch                                 0
vlo#branch                                   0
vhi#branch                                   0
vdd#branch                        -6.71682e-10


No. of Data Rows : 3647

  Measurements for Transient Analysis

ta1                 =   1.01438e-07
ta3                 =   5.01437e-07
na                  =  1.99999e+00
tb1                 =   3.01440e-07
tb3                 =   9.01432e-07
nb                  =  2.99996e+00
tc1                 =   1.01438e-07
tc3                 =   5.01437e-07
nc                  =  1.99999e+00
td1                 =   3.01440e-07
td3                 =   9.01432e-07
nd                  =  2.99996e+00
te1                 =   2.34132e-07
te3                 =   6.34132e-07
ne                  =  3.00000e+00
tf1                 =   2.00499e-07
tf3                 =   5.00504e-07
nf                  =  3.00005e+00
tcq                 =  4.38222e-10
fa3                 =   6.01379e-07
pwa                 =  9.99421e-08
fb3                 =   7.01404e-07
pwb                 =  -2.00027e-07
rmb2                =   7.01332e-07
fmb2                =   5.01277e-07
pwmb                =  -2.00055e-07
iavg                =  -4.67592e-05 from=  3.00000e-07 to=  1.20000e-06


Total analysis time (seconds) = 247.966

Total elapsed time (seconds) = 255.984 

Total DRAM available = 98304.000 MB.
DRAM currently available = 13937.016 MB.
Maximum ngspice program size =   22.531 MB.
Current ngspice program size =   22.531 MB.

