==== generated deck (f010-typical_125c_3.30v) ====
* GENERATED by simenv.sh -- do not edit; edit /Users/rwalters/GitHub/gf180-pll/.loom/worktrees/issue-32/sim/divider-ratio/work/dut_cell.sp instead
* tag=cell_typical_125_3p30_10e6 libs=typical temp=125C
.include "/Users/rwalters/.volare/gf180mcuD/libs.tech/ngspice/design.ngspice"
.lib "/Users/rwalters/.volare/gf180mcuD/libs.tech/ngspice/sm141064.ngspice" typical
.temp 125
.param sim_temp=125
.param vsup=3.30
.param kf=10e6
.param ktstep=4e-10
.param ktstop=1.2e-06
.include "/Users/rwalters/GitHub/gf180-pll/.loom/worktrees/issue-32/sim/divider-ratio/work/dut_cell.sp"
.end

==== ngspice output ====

Note: Compatibility modes selected: hs a

Warning: m=xx on .subckt line will override multiplier m hierarchy!


Circuit: * generated by simenv.sh -- do not edit; edit /users/rwalters/github/gf180-pll/.loom/worktrees/issue-32/sim/divider-ratio/work/dut_cell.sp instead

Doing analysis at TEMP = 125.000000 and TNOM = 27.000000

Using SPARSE 1.3 as Direct Linear Solver

Initial Transient Solution
--------------------------

Node                                   Voltage
----                                   -------
vdd                                        3.3
hi                                         3.3
lo                                           0
ck50                                         0
ck33                                         0
ck67                                         0
cke                                          0
ckf                                          0
xa.sb                                      3.3
moa                                    1.62751
xa.xn3.nm1                             2.83042
xa.xn3.nm2                         5.42305e-07
xa.dqn                                0.558308
xa.qb                                  1.62751
xa.xn2q.nmid                          0.148254
xa.dq                                   3.2898
xa.xfq.ckb                                 3.3
xa.xfq.ckbb                        5.36723e-08
xa.xfq.nm                               3.2898
xa.xfq.nma                         1.91929e-07
xa.xfq.nmb                                 3.3
xa.xfq.ns                              1.62751
xa.q                                   1.62751
ckoa                                   1.65274
xa.nmo                                0.478354
xa.xn2m.nmid                          0.314224
xa.dmo                                 3.29625
xa.xfmo.ckb                                3.3
xa.xfmo.ckbb                       5.36723e-08
xa.xfmo.nm                             3.29625
xa.xfmo.nma                        1.84756e-07
xa.xfmo.nmb                                3.3
xa.xfmo.ns                             1.62751
xa.mob                                 1.62751
xb.sb                                 0.397081
mob                                    1.62751
xb.xn3.nm1                            0.291192
xb.xn3.nm2                            0.188538
xb.dqn                                 3.29959
xb.qb                                  1.62751
xb.xn2q.nmid                           1.09346
xb.dq                              7.56621e-08
xb.xfq.ckb                                 3.3
xb.xfq.ckbb                        5.36723e-08
xb.xfq.nm                          9.01652e-08
xb.xfq.nma                                 3.3
xb.xfq.nmb                         6.10749e-08
xb.xfq.ns                              1.62751
xb.q                                   1.62751
ckob                                   1.65275
xb.nmo                                0.478354
xb.xn2m.nmid                          0.314223
xb.dmo                                 3.29625
xb.xfmo.ckb                                3.3
xb.xfmo.ckbb                       5.36723e-08
xb.xfmo.nm                             3.29625
xb.xfmo.nma                        1.84756e-07
xb.xfmo.nmb                                3.3
xb.xfmo.ns                             1.62751
xb.mob                                 1.62751
xc.sb                                      3.3
moc                                    1.62751
xc.xn3.nm1                             2.83042
xc.xn3.nm2                         5.42305e-07
xc.dqn                                0.558308
xc.qb                                  1.62751
xc.xn2q.nmid                          0.148254
xc.dq                                   3.2898
xc.xfq.ckb                                 3.3
xc.xfq.ckbb                        5.36723e-08
xc.xfq.nm                               3.2898
xc.xfq.nma                         1.91929e-07
xc.xfq.nmb                                 3.3
xc.xfq.ns                              1.62751
xc.q                                   1.62751
ckoc                                   1.65274
xc.nmo                                0.478354
xc.xn2m.nmid                          0.314224
xc.dmo                                 3.29625
xc.xfmo.ckb                                3.3
xc.xfmo.ckbb                       5.36723e-08
xc.xfmo.nm                             3.29625
xc.xfmo.nma                        1.84756e-07
xc.xfmo.nmb                                3.3
xc.xfmo.ns                             1.62751
xc.mob                                 1.62751
xd.sb                                 0.397081
mdd                                    1.62751
xd.xn3.nm1                            0.291192
xd.xn3.nm2                            0.188538
xd.dqn                                 3.29959
xd.qb                                  1.62751
xd.xn2q.nmid                           1.09346
xd.dq                              7.56621e-08
xd.xfq.ckb                                 3.3
xd.xfq.ckbb                        5.36723e-08
xd.xfq.nm                          9.01652e-08
xd.xfq.nma                                 3.3
xd.xfq.nmb                         6.10749e-08
xd.xfq.ns                              1.62751
xd.q                                   1.62751
ckod                                   1.65275
xd.nmo                                0.478354
xd.xn2m.nmid                          0.314223
xd.dmo                                 3.29625
xd.xfmo.ckb                                3.3
xd.xfmo.ckbb                       5.36723e-08
xd.xfmo.nm                             3.29625
xd.xfmo.nma                        1.84756e-07
xd.xfmo.nmb                                3.3
xd.xfmo.ns                             1.62751
xd.mob                                 1.62751
xe.sb                                 0.397081
moe                                    1.62751
xe.xn3.nm1                            0.291192
xe.xn3.nm2                            0.188538
xe.dqn                                 3.29959
xe.qb                                  1.62751
xe.xn2q.nmid                           1.09346
xe.dq                              7.56621e-08
xe.xfq.ckb                                 3.3
xe.xfq.ckbb                        5.36723e-08
xe.xfq.nm                          9.01652e-08
xe.xfq.nma                                 3.3
xe.xfq.nmb                         6.10749e-08
xe.xfq.ns                              1.62751
xe.q                                   1.62751
ckoe                                   1.65275
xe.nmo                                0.478354
xe.xn2m.nmid                          0.314223
xe.dmo                                 3.29625
xe.xfmo.ckb                                3.3
xe.xfmo.ckbb                       5.36723e-08
xe.xfmo.nm                             3.29625
xe.xfmo.nma                        1.84756e-07
xe.xfmo.nmb                                3.3
xe.xfmo.ns                             1.62751
xe.mob                                 1.62751
xf.sb                                 0.397081
mof                                    1.62751
xf.xn3.nm1                            0.291192
xf.xn3.nm2                            0.188538
xf.dqn                                 3.29959
xf.qb                                  1.62751
xf.xn2q.nmid                           1.09346
xf.dq                              7.56621e-08
xf.xfq.ckb                                 3.3
xf.xfq.ckbb                        5.36723e-08
xf.xfq.nm                          9.01652e-08
xf.xfq.nma                                 3.3
xf.xfq.nmb                         6.10749e-08
xf.xfq.ns                              1.62751
xf.q                                   1.62751
ckof                                   1.65275
xf.nmo                                0.478354
xf.xn2m.nmid                          0.314223
xf.dmo                                 3.29625
xf.xfmo.ckb                                3.3
xf.xfmo.ckbb                       5.36723e-08
xf.xfmo.nm                             3.29625
xf.xfmo.nma                        1.84756e-07
xf.xfmo.nmb                                3.3
xf.xfmo.ns                             1.62751
xf.mob                                 1.62751
vckf#branch                                  0
vcke#branch                                  0
vck67#branch                                 0
vck33#branch                                 0
vck50#branch                                 0
vlo#branch                                   0
vhi#branch                                   0
vdd#branch                         -0.00631355


No. of Data Rows : 3631

  Measurements for Transient Analysis

ta1                 =   2.01662e-07
ta3                 =   6.01610e-07
na                  =  1.99974e+00
tb1                 =   1.01664e-07
tb3                 =   7.01664e-07
nb                  =  3.00000e+00
tc1                 =   1.01664e-07
tc3                 =   5.01667e-07
nc                  =  2.00001e+00
td1                 =   3.01626e-07
td3                 =   9.01666e-07
nd                  =  3.00020e+00
te1                 =   1.01030e-07
te3                 =   5.01030e-07
ne                  =  2.99999e+00
tf1                 =   1.00867e-07
tf3                 =   4.01075e-07
nf                  =  3.00208e+00
tcq                 =  6.62044e-10
fa3                 =   5.01639e-07
pwa                 =  -9.99704e-08
fb3                 =   8.01586e-07
pwb                 =  9.99216e-08
rmb2                =   5.01479e-07
fmb2                =   6.01439e-07
pwmb                =  9.99601e-08
iavg                =  -6.38953e-05 from=  3.00000e-07 to=  1.20000e-06


Total analysis time (seconds) = 242.35

Total elapsed time (seconds) = 245.723 

Total DRAM available = 98304.000 MB.
DRAM currently available = 6210.172 MB.
Maximum ngspice program size =   22.469 MB.
Current ngspice program size =   22.469 MB.

