==== generated deck (f200-fs_-40c_3.30v) ====
* GENERATED by simenv.sh -- do not edit; edit /Users/rwalters/GitHub/gf180-pll/.loom/worktrees/issue-32/sim/divider-ratio/work/dut_cell.sp instead
* tag=cell_fs_m40_3p30_200e6 libs=fs temp=-40C
.include "/Users/rwalters/.volare/gf180mcuD/libs.tech/ngspice/design.ngspice"
.lib "/Users/rwalters/.volare/gf180mcuD/libs.tech/ngspice/sm141064.ngspice" fs
.temp -40
.param sim_temp=-40
.param vsup=3.30
.param kf=200e6
.param ktstep=2e-11
.param ktstop=6e-08
.include "/Users/rwalters/GitHub/gf180-pll/.loom/worktrees/issue-32/sim/divider-ratio/work/dut_cell.sp"
.end

==== ngspice output ====

Note: Compatibility modes selected: hs a

Warning: m=xx on .subckt line will override multiplier m hierarchy!


Circuit: * generated by simenv.sh -- do not edit; edit /users/rwalters/github/gf180-pll/.loom/worktrees/issue-32/sim/divider-ratio/work/dut_cell.sp instead

Doing analysis at TEMP = -40.000000 and TNOM = 27.000000

Using SPARSE 1.3 as Direct Linear Solver

Initial Transient Solution
--------------------------

Node                                   Voltage
----                                   -------
vdd                                        3.3
hi                                         3.3
lo                                           0
ck50                                         0
ck33                                         0
ck67                                         0
cke                                          0
ckf                                          0
xa.sb                                      3.3
moa                                4.22634e-09
xa.xn3.nm1                             2.74875
xa.xn3.nm2                          0.00965152
xa.dqn                                     3.3
xa.qb                              1.66461e-08
xa.xn2q.nmid                       2.05739e-11
xa.dq                               1.6628e-08
xa.xfq.ckb                                 3.3
xa.xfq.ckbb                        4.22634e-09
xa.xfq.nm                           2.4942e-08
xa.xfq.nma                                 3.3
xa.xfq.nmb                         8.45268e-09
xa.xfq.ns                          2.49781e-08
xa.q                                       3.3
ckoa                                       3.3
xa.nmo                             8.44255e-09
xa.xn2m.nmid                       4.22127e-09
xa.dmo                                     3.3
xa.xfmo.ckb                                3.3
xa.xfmo.ckbb                       4.22634e-09
xa.xfmo.nm                                 3.3
xa.xfmo.nma                        8.47073e-09
xa.xfmo.nmb                                3.3
xa.xfmo.ns                                 3.3
xa.mob                                     3.3
xb.sb                              1.26203e-08
mob                                        3.3
xb.xn3.nm1                         8.41353e-09
xb.xn3.nm2                         4.20676e-09
xb.dqn                                     3.3
xb.qb                                      3.3
xb.xn2q.nmid                           2.73851
xb.dq                               1.6628e-08
xb.xfq.ckb                                 3.3
xb.xfq.ckbb                        4.22634e-09
xb.xfq.nm                           2.4942e-08
xb.xfq.nma                                 3.3
xb.xfq.nmb                         8.45268e-09
xb.xfq.ns                                  3.3
xb.q                               4.22634e-09
ckob                               2.18304e-09
xb.nmo                                     3.3
xb.xn2m.nmid                           2.73851
xb.dmo                              1.6628e-08
xb.xfmo.ckb                                3.3
xb.xfmo.ckbb                       4.22634e-09
xb.xfmo.nm                          2.4942e-08
xb.xfmo.nma                                3.3
xb.xfmo.nmb                        8.45268e-09
xb.xfmo.ns                         2.49781e-08
xb.mob                             1.66461e-08
xc.sb                                      3.3
moc                                4.22634e-09
xc.xn3.nm1                             2.74875
xc.xn3.nm2                          0.00965151
xc.dqn                                     3.3
xc.qb                              1.66461e-08
xc.xn2q.nmid                       2.05739e-11
xc.dq                               1.6628e-08
xc.xfq.ckb                                 3.3
xc.xfq.ckbb                        4.22634e-09
xc.xfq.nm                           2.4942e-08
xc.xfq.nma                                 3.3
xc.xfq.nmb                         8.45268e-09
xc.xfq.ns                          2.49781e-08
xc.q                                       3.3
ckoc                                       3.3
xc.nmo                             8.44255e-09
xc.xn2m.nmid                       4.22127e-09
xc.dmo                                     3.3
xc.xfmo.ckb                                3.3
xc.xfmo.ckbb                       4.22634e-09
xc.xfmo.nm                                 3.3
xc.xfmo.nma                        8.47073e-09
xc.xfmo.nmb                                3.3
xc.xfmo.ns                                 3.3
xc.mob                                     3.3
xd.sb                              1.26203e-08
mdd                                        3.3
xd.xn3.nm1                         8.41353e-09
xd.xn3.nm2                         4.20676e-09
xd.dqn                                     3.3
xd.qb                                      3.3
xd.xn2q.nmid                           2.73851
xd.dq                               1.6628e-08
xd.xfq.ckb                                 3.3
xd.xfq.ckbb                        4.22634e-09
xd.xfq.nm                           2.4942e-08
xd.xfq.nma                                 3.3
xd.xfq.nmb                         8.45268e-09
xd.xfq.ns                                  3.3
xd.q                               4.22634e-09
ckod                               2.18304e-09
xd.nmo                                     3.3
xd.xn2m.nmid                           2.73851
xd.dmo                              1.6628e-08
xd.xfmo.ckb                                3.3
xd.xfmo.ckbb                       4.22634e-09
xd.xfmo.nm                          2.4942e-08
xd.xfmo.nma                                3.3
xd.xfmo.nmb                        8.45268e-09
xd.xfmo.ns                         2.49781e-08
xd.mob                             1.66461e-08
xe.sb                              1.26203e-08
moe                                        3.3
xe.xn3.nm1                         8.41353e-09
xe.xn3.nm2                         4.20676e-09
xe.dqn                                     3.3
xe.qb                                      3.3
xe.xn2q.nmid                           2.73851
xe.dq                               1.6628e-08
xe.xfq.ckb                                 3.3
xe.xfq.ckbb                        4.22634e-09
xe.xfq.nm                           2.4942e-08
xe.xfq.nma                                 3.3
xe.xfq.nmb                         8.45268e-09
xe.xfq.ns                                  3.3
xe.q                               4.22634e-09
ckoe                               2.18304e-09
xe.nmo                                     3.3
xe.xn2m.nmid                           2.73851
xe.dmo                              1.6628e-08
xe.xfmo.ckb                                3.3
xe.xfmo.ckbb                       4.22634e-09
xe.xfmo.nm                          2.4942e-08
xe.xfmo.nma                                3.3
xe.xfmo.nmb                        8.45268e-09
xe.xfmo.ns                         2.49781e-08
xe.mob                             1.66461e-08
xf.sb                              1.26203e-08
mof                                        3.3
xf.xn3.nm1                         8.41353e-09
xf.xn3.nm2                         4.20676e-09
xf.dqn                                     3.3
xf.qb                                      3.3
xf.xn2q.nmid                           2.73851
xf.dq                               1.6628e-08
xf.xfq.ckb                                 3.3
xf.xfq.ckbb                        4.22634e-09
xf.xfq.nm                           2.4942e-08
xf.xfq.nma                                 3.3
xf.xfq.nmb                         8.45268e-09
xf.xfq.ns                                  3.3
xf.q                               4.22634e-09
ckof                               2.18304e-09
xf.nmo                                     3.3
xf.xn2m.nmid                           2.73851
xf.dmo                              1.6628e-08
xf.xfmo.ckb                                3.3
xf.xfmo.ckbb                       4.22634e-09
xf.xfmo.nm                          2.4942e-08
xf.xfmo.nma                                3.3
xf.xfmo.nmb                        8.45268e-09
xf.xfmo.ns                         2.49781e-08
xf.mob                             1.66461e-08
vckf#branch                                  0
vcke#branch                                  0
vck67#branch                                 0
vck33#branch                                 0
vck50#branch                                 0
vlo#branch                                   0
vhi#branch                                   0
vdd#branch                        -7.76428e-10


No. of Data Rows : 3586

  Measurements for Transient Analysis

ta1                 =   1.03969e-08
ta3                 =   3.03969e-08
na                  =  2.00000e+00
tb1                 =   1.03969e-08
tb3                 =   4.03969e-08
nb                  =  3.00000e+00
tc1                 =   1.03969e-08
tc3                 =   3.03969e-08
nc                  =  2.00000e+00
td1                 =   1.03969e-08
td3                 =   4.03969e-08
nd                  =  3.00000e+00
te1                 =   8.70948e-09
te3                 =   2.87095e-08
ne                  =  3.00000e+00
tf1                 =   7.86467e-09
tf3                 =   2.28646e-08
nf                  =  2.99999e+00
tcq                 =  3.46857e-10
fa3                 =   2.53591e-08
pwa                 =  -5.03771e-09
fb3                 =   4.53589e-08
pwb                 =  4.96202e-09
rmb2                =   3.02855e-08
fmb2                =   2.02507e-08
pwmb                =  -1.00348e-08
iavg                =  -7.37810e-04 from=  1.50000e-08 to=  6.00000e-08


Total analysis time (seconds) = 215.074

Total elapsed time (seconds) = 222.940 

Total DRAM available = 98304.000 MB.
DRAM currently available = 5885.406 MB.
Maximum ngspice program size =   22.516 MB.
Current ngspice program size =   22.516 MB.

