==== generated deck (f100_typical_-40c_2.97v) ====
* GENERATED by simenv.sh -- do not edit; edit sim/supply-sensitivity/work/dut_lock.sp instead
* tag=f100_typical_Tm40_V2p97 libs=typical,res_typical,moscap_typical,mimcap_typical temp=-40C
.include "/home/ubuntu/.volare/gf180mcuD/libs.tech/ngspice/design.ngspice"
.lib "/home/ubuntu/.volare/gf180mcuD/libs.tech/ngspice/sm141064.ngspice" typical
.lib "/home/ubuntu/.volare/gf180mcuD/libs.tech/ngspice/sm141064.ngspice" res_typical
.lib "/home/ubuntu/.volare/gf180mcuD/libs.tech/ngspice/sm141064.ngspice" moscap_typical
.lib "/home/ubuntu/.volare/gf180mcuD/libs.tech/ngspice/sm141064.ngspice" mimcap_typical
.temp -40
.param sim_temp=-40
.param vsup=2.97
.param fref=12.5e6
.param nratio=8
.param vctrl0=0.9884
.param rforce=1e15
.param tstop=12.0u
.param tstep=20n
.param tmax=100p
.param ta=6.4u
.param tb=9.6u
.param b0_code=0
.param b1_code=1
.param b2_code=1
.param cpb0_code=0
.param cpb1_code=1
.param sel0_code=0
.param sel1_code=0
.param sel2_code=1
.param sel3_code=0
.param sel4_code=0
.param sel5_code=0
.param p0_code=0
.param p1_code=0
.param p2_code=0
.param p3_code=0
.param p4_code=0
.param p5_code=0
.include "/home/ubuntu/loom-workspaces/gf180-pll/.loom/worktrees/issue-58/sim/supply-sensitivity/work/dut_lock.sp"
.end

==== ngspice output ====

Note: No compatibility mode selected!


Circuit: * generated by simenv.sh -- do not edit; edit sim/supply-sensitivity/work/dut_lock.sp instead

Doing analysis at TEMP = -40.000000 and TNOM = 27.000000

Using SPARSE 1.3 as Direct Linear Solver
Note: Starting dynamic gmin stepping
Warning: Dynamic gmin stepping failed
Note: Starting true gmin stepping
Note: True gmin stepping completed

Initial Transient Solution
--------------------------

Node                                   Voltage
----                                   -------
vdd                                       2.97
vdd_vco                                   2.97
vdd_div                                   2.97
gnd_vco                                      0
vss                                          0
ref                                          0
b0                                           0
b1                                        2.97
b2                                        2.97
cpb0                                         0
cpb1                                      2.97
p0                                           0
p1                                           0
p2                                           0
p3                                           0
p4                                           0
p5                                           0
sel0                                         0
sel1                                         0
sel2                                      2.97
sel3                                         0
sel4                                         0
sel5                                         0
ibn                                    0.77993
icn                                    0.87275
ibp                                     2.0531
icp                                    1.95262
vforce                                  0.9884
vctrl                                   0.9884
xdut.xpfd.xpfd.xed_ref.d1                 2.97
xdut.xpfd.xpfd.xed_ref.d2          8.32564e-09
xdut.xpfd.xpfd.xed_ref.d3                 2.97
xdut.xpfd.xpfd.xed_ref.d4          8.32564e-09
xdut.xpfd.xpfd.xed_ref.d5                 2.97
xdut.xpfd.xpfd.xed_ref.nn                 2.97
xdut.xpfd.xpfd.xed_ref.xnd.ni      2.96321e-13
xdut.xpfd.xpfd.pr                  8.32564e-09
xdut.xpfd.xpfd.xed_fb.d1               1.96951
fb                                     1.41947
xdut.xpfd.xpfd.xed_fb.d2             0.0288921
xdut.xpfd.xpfd.xed_fb.d3                  2.97
xdut.xpfd.xpfd.xed_fb.d4           8.32564e-09
xdut.xpfd.xpfd.xed_fb.d5                  2.97
xdut.xpfd.xpfd.xed_fb.nn               0.45962
xdut.xpfd.xpfd.xed_fb.xnd.ni         0.0958801
xdut.xpfd.xpfd.pf                      2.96999
xdut.xpfd.xpfd.sbr                        2.97
xdut.xpfd.xpfd.sbf                 8.32565e-09
xdut.up                             1.7085e-08
xdut.xpfd.xpfd.upb                        2.97
xdut.xpfd.xpfd.xlat_ref.xn1.ni     8.54249e-09
xdut.xpfd.xpfd.rb                         2.97
xdut.xpfd.xpfd.xlat_ref.xn2.ni         2.26896
xdut.dn                                   2.97
xdut.xpfd.xpfd.dnb                  1.7085e-08
xdut.xpfd.xpfd.xlat_fb.xn1.ni      4.14868e-05
xdut.xpfd.xpfd.xlat_fb.xn2.ni      8.54249e-09
xdut.xpfd.xpfd.nrst                       2.97
xdut.xpfd.xpfd.xnand_rst.ni        2.96321e-13
xdut.xpfd.xpfd.rst_raw             8.32564e-09
xdut.xpfd.xpfd.rd1                        2.97
xdut.xpfd.xpfd.rd2                 8.32564e-09
xdut.xpfd.xpfd.rd3                        2.97
xdut.xpfd.xpfd.rd4                 8.32564e-09
xdut.xpfd.xpfd.rd5                        2.97
xdut.xpfd.xpfd.rd6                 8.32564e-09
xdut.xpfd.xpfd.rd7                        2.97
xdut.xpfd.xpfd.rd8                 8.32564e-09
xdut.xpfd.xpfd.rd9                        2.97
xdut.xpfd.xpfd.rd10                8.32564e-09
xdut.xpfd.xpfd.rd11                       2.97
xdut.xpfd.xpfd.rd12                8.32564e-09
xdut.xpfd.xpfd.rd13                       2.97
xdut.xpfd.xpfd.rd14                8.32564e-09
xdut.xpfd.xpfd.rd15                       2.97
xdut.xpfd.xpfd.rd16                8.32564e-09
xdut.xpfd.xpfd.rd17                       2.97
xdut.xpfd.xpfd.rd18                8.32564e-09
xdut.xpfd.xpfd.rd19                       2.97
xdut.xpfd.xpfd.rd20                8.32564e-09
xdut.xpfd.xpfd.rd21                       2.97
xdut.xpfd.xpfd.rd22                8.32564e-09
xdut.xpfd.xpfd.rd23                       2.97
xdut.xpfd.xpfd.rst_dly             8.32564e-09
xdut.xpfd.xcp.b0b                         2.97
xdut.xpfd.xcp.b1b                  8.32564e-09
xdut.xpfd.xcp.upb                         2.97
xdut.xpfd.xcp.dnb                  8.32564e-09
xdut.xpfd.xcp.xn_base.bg               0.77993
xdut.xpfd.xcp.xn_base.mid            0.0725853
xdut.xpfd.xcp.dnt                     0.986743
xdut.xpfd.xcp.xn_t0.bg             4.60045e-14
xdut.xpfd.xcp.xn_t0.mid               0.383614
xdut.xpfd.xcp.xn_t1a.bg                0.77993
xdut.xpfd.xcp.xn_t1a.mid             0.0725853
xdut.xpfd.xcp.xn_t1b.bg                0.77993
xdut.xpfd.xcp.xn_t1b.mid             0.0725853
xdut.xpfd.xcp.xp_base.bg                2.0531
xdut.xpfd.xcp.xp_base.mid              2.89495
xdut.xpfd.xcp.upt                      1.29524
xdut.xpfd.xcp.xp_t0.bg                    2.97
xdut.xpfd.xcp.xp_t0.mid                1.18963
xdut.xpfd.xcp.xp_t1a.bg                 2.0531
xdut.xpfd.xcp.xp_t1a.mid               2.89495
xdut.xpfd.xcp.xp_t1b.bg                 2.0531
xdut.xpfd.xcp.xp_t1b.mid               2.89495
xdut.xpfd.xcp.vdump                     1.0206
xdut.xpfd.xcp.xbuf.nsrc               0.193394
xdut.xpfd.xcp.xbuf.nda                 2.07533
xdut.xpfd.xcp.xbuf.psrc                1.88391
xdut.xpfd.xcp.xbuf.pda                0.760049
xdut.xlf.nr1                            0.9884
xdut.xlf.xrf1.11                        0.9884
xdut.xlf.xrf1.21                        0.9884
xdut.xlf.nr2                            0.9884
xdut.xlf.xrf2.11                        0.9884
xdut.xlf.xrf2.21                        0.9884
xdut.xlf.nr3                            0.9884
xdut.xlf.xrf3.11                        0.9884
xdut.xlf.xrf3.21                        0.9884
xdut.xlf.nz                             0.9884
xdut.xlf.xrf4.11                        0.9884
xdut.xlf.xrf4.21                        0.9884
xdut.xlf.xcf1.c_moscap_int1            -0.9884
xdut.xlf.xcf2.c_moscap_int1            -0.9884
xdut.xlf.xcf3.c_moscap_int1            -0.9884
xdut.xlf.xcf4.c_moscap_int1            -0.9884
xdut.xvco.xbias.na                    0.933682
xdut.xvco.xbias.vbpc                   1.98626
xdut.xvco.xbias.nc                   0.0932212
xdut.xvco.xbias.xrcg.11              0.0930184
xdut.xvco.xbias.xrcg.21              0.0002028
xdut.xvco.xbias.nsu                  0.0122898
xdut.xvco.xbias.vfix                    1.8472
xdut.xvco.xbias.nmd                   0.796245
xdut.xvco.xbias.vbp0                   2.06246
xdut.xvco.xbias.noff                    0.7961
xdut.xvco.xbias.xroff.11              0.795796
xdut.xvco.xbias.xroff.21           0.000303062
xdut.xvco.xbias.nvi                   0.193229
xdut.xvco.xbias.xrdeg.11              0.193156
xdut.xvco.xbias.xrdeg.21           7.35592e-05
xdut.xvco.xbias.b0b                       2.97
xdut.xvco.xbias.b1b                4.10044e-09
xdut.xvco.xbias.b2b                4.10044e-09
xdut.xvco.xbias.vbn1                  0.766452
xdut.xvco.xbias.ga                        2.97
xdut.xvco.xbias.vbp2                   2.02281
xdut.xvco.xbias.gb                    0.766452
xdut.xvco.vbn                         0.928929
xdut.xvco.xbias.gc                     2.02281
xdut.xvco.vbp                          1.88907
xdut.xvco.xs1.nh                       1.36755
xdut.xvco.y1                                 0
xdut.xvco.y5                                 0
xdut.xvco.xs1.nt                             0
xdut.xvco.xs2.nh                          2.97
xdut.xvco.y2                              2.97
xdut.xvco.xs2.nt                     5.145e-12
xdut.xvco.xs3.nh                          2.97
xdut.xvco.y3                                 0
xdut.xvco.xs3.nt                             0
xdut.xvco.xs4.nh                          2.97
xdut.xvco.y4                              2.97
xdut.xvco.xs4.nt                     5.145e-12
xdut.xvco.xs5.nh                          2.97
xdut.xvco.xs5.nt                             0
xdut.xvco.nb1                             2.97
xdut.xvco.nb2                       2.7532e-09
clk                                       2.97
xdut.xvco.xcdec1.c_moscap_int1           -2.97
xdut.xvco.xcdec2.c_moscap_int1           -2.97
xdut.xdiv.xd0.sb                          2.97
xdut.xdiv.mi0                             2.97
xdut.xdiv.mo0                          1.41947
xdut.xdiv.xd0.xn3.nm1                  2.34645
xdut.xdiv.xd0.xn3.nm2              1.01606e-12
xdut.xdiv.xd0.dqn                     0.342893
xdut.xdiv.xd0.qb                       1.41945
xdut.xdiv.xd0.xn2q.nmid              0.0863536
xdut.xdiv.xd0.dq                          2.97
xdut.xdiv.xd0.xfq.ckb              4.11188e-09
xdut.xdiv.xd0.xfq.ckbb                    2.97
xdut.xdiv.xd0.xfq.nm                   1.41947
xdut.xdiv.xd0.xfq.nma                  1.41947
xdut.xdiv.xd0.xfq.nmb                  1.41947
xdut.xdiv.xd0.xfq.ns                   1.41947
xdut.xdiv.xd0.q                        1.41947
xdut.xdiv.ck1                           1.3812
xdut.xdiv.xd0.nmo                     0.293394
xdut.xdiv.xd0.xn2m.nmid               0.201752
xdut.xdiv.xd0.dmo                         2.97
xdut.xdiv.xd0.xfmo.ckb             4.11188e-09
xdut.xdiv.xd0.xfmo.ckbb                   2.97
xdut.xdiv.xd0.xfmo.nm                  1.41947
xdut.xdiv.xd0.xfmo.nma                 1.41947
xdut.xdiv.xd0.xfmo.nmb                 1.41947
xdut.xdiv.xd0.xfmo.ns                  1.41947
xdut.xdiv.xd0.mob                      1.41945
xdut.xdiv.xd1.sb                          2.97
xdut.xdiv.mi1                      4.11188e-09
xdut.xdiv.mo1                             2.97
xdut.xdiv.xd1.xn3.nm1              0.000449834
xdut.xdiv.xd1.xn3.nm2               6.0917e-16
xdut.xdiv.xd1.dqn                         2.97
xdut.xdiv.xd1.qb                    0.00313385
xdut.xdiv.xd1.xn2q.nmid             1.0351e-12
xdut.xdiv.xd1.dq                     1.629e-08
xdut.xdiv.xd1.xfq.ckb                   2.1313
xdut.xdiv.xd1.xfq.ckbb              0.00421854
xdut.xdiv.xd1.xfq.nm               2.63044e-08
xdut.xdiv.xd1.xfq.nma                  2.96627
xdut.xdiv.xd1.xfq.nmb              8.17567e-09
xdut.xdiv.xd1.xfq.ns                0.00701052
xdut.xdiv.xd1.q                           2.97
xdut.xdiv.ck2                             2.97
xdut.xdiv.xd1.nmo                         2.97
xdut.xdiv.xd1.xn2m.nmid            9.25009e-13
xdut.xdiv.xd1.dmo                    1.629e-08
xdut.xdiv.xd1.xfmo.ckb                  2.1313
xdut.xdiv.xd1.xfmo.ckbb             0.00421854
xdut.xdiv.xd1.xfmo.nm              2.63044e-08
xdut.xdiv.xd1.xfmo.nma                 2.96627
xdut.xdiv.xd1.xfmo.nmb             8.17567e-09
xdut.xdiv.xd1.xfmo.ns               0.00701052
xdut.xdiv.xd1.mob                   0.00313385
xdut.xdiv.xd2.sb                          2.97
xdut.xdiv.mi2                             2.97
xdut.xdiv.mo2                      4.11188e-09
xdut.xdiv.xd2.xn3.nm1                  2.34645
xdut.xdiv.xd2.xn3.nm2              0.000242899
xdut.xdiv.xd2.dqn                  8.14825e-09
xdut.xdiv.xd2.qb                          2.97
xdut.xdiv.xd2.xn2q.nmid            4.07412e-09
xdut.xdiv.xd2.dq                          2.97
xdut.xdiv.xd2.xfq.ckb              4.11188e-09
xdut.xdiv.xd2.xfq.ckbb                    2.97
xdut.xdiv.xd2.xfq.nm                2.4515e-08
xdut.xdiv.xd2.xfq.nma                     2.97
xdut.xdiv.xd2.xfq.nmb              1.63431e-08
xdut.xdiv.xd2.xfq.ns                      2.97
xdut.xdiv.xd2.q                    4.11188e-09
xdut.xdiv.ck3                      2.06539e-09
xdut.xdiv.xd2.nmo                         2.97
xdut.xdiv.xd2.xn2m.nmid                2.33603
xdut.xdiv.xd2.dmo                  8.22375e-09
xdut.xdiv.xd2.xfmo.ckb             4.11188e-09
xdut.xdiv.xd2.xfmo.ckbb                   2.97
xdut.xdiv.xd2.xfmo.nm              2.45134e-08
xdut.xdiv.xd2.xfmo.nma                    2.97
xdut.xdiv.xd2.xfmo.nmb             1.63423e-08
xdut.xdiv.xd2.xfmo.ns                     2.97
xdut.xdiv.xd2.mob                         2.97
xdut.xdiv.xd3.sb                          2.97
xdut.xdiv.mi3                      4.11188e-09
xdut.xdiv.mo3                             2.97
xdut.xdiv.xd3.xn3.nm1              0.000449834
xdut.xdiv.xd3.xn3.nm2               6.0917e-16
xdut.xdiv.xd3.dqn                         2.97
xdut.xdiv.xd3.qb                   1.63431e-08
xdut.xdiv.xd3.xn2q.nmid             9.2501e-13
xdut.xdiv.xd3.dq                   1.63423e-08
xdut.xdiv.xd3.xfq.ckb                     2.97
xdut.xdiv.xd3.xfq.ckbb             4.11188e-09
xdut.xdiv.xd3.xfq.nm               2.45134e-08
xdut.xdiv.xd3.xfq.nma                     2.97
xdut.xdiv.xd3.xfq.nmb              8.22375e-09
xdut.xdiv.xd3.xfq.ns                2.4515e-08
xdut.xdiv.xd3.q                           2.97
xdut.xdiv.ck4                             2.97
xdut.xdiv.xd3.nmo                         2.97
xdut.xdiv.xd3.xn2m.nmid            9.24784e-13
xdut.xdiv.xd3.dmo                  1.63423e-08
xdut.xdiv.xd3.xfmo.ckb                    2.97
xdut.xdiv.xd3.xfmo.ckbb            4.11188e-09
xdut.xdiv.xd3.xfmo.nm              2.45134e-08
xdut.xdiv.xd3.xfmo.nma                    2.97
xdut.xdiv.xd3.xfmo.nmb             8.22375e-09
xdut.xdiv.xd3.xfmo.ns               2.4515e-08
xdut.xdiv.xd3.mob                  1.63431e-08
xdut.xdiv.xd4.sb                          2.97
xdut.xdiv.mi4                             2.97
xdut.xdiv.mo4                      4.11188e-09
xdut.xdiv.xd4.xn3.nm1                  2.34645
xdut.xdiv.xd4.xn3.nm2              0.000242899
xdut.xdiv.xd4.dqn                  8.14825e-09
xdut.xdiv.xd4.qb                          2.97
xdut.xdiv.xd4.xn2q.nmid            4.07412e-09
xdut.xdiv.xd4.dq                          2.97
xdut.xdiv.xd4.xfq.ckb              4.11188e-09
xdut.xdiv.xd4.xfq.ckbb                    2.97
xdut.xdiv.xd4.xfq.nm                2.4515e-08
xdut.xdiv.xd4.xfq.nma                     2.97
xdut.xdiv.xd4.xfq.nmb              1.63431e-08
xdut.xdiv.xd4.xfq.ns                      2.97
xdut.xdiv.xd4.q                    4.11188e-09
xdut.xdiv.ck5                      2.06539e-09
xdut.xdiv.xd4.nmo                         2.97
xdut.xdiv.xd4.xn2m.nmid                2.33603
xdut.xdiv.xd4.dmo                  8.22375e-09
xdut.xdiv.xd4.xfmo.ckb             4.11188e-09
xdut.xdiv.xd4.xfmo.ckbb                   2.97
xdut.xdiv.xd4.xfmo.nm              2.45134e-08
xdut.xdiv.xd4.xfmo.nma                    2.97
xdut.xdiv.xd4.xfmo.nmb             1.63423e-08
xdut.xdiv.xd4.xfmo.ns                     2.97
xdut.xdiv.xd4.mob                         2.97
xdut.xdiv.xd5.sb                          2.97
xdut.xdiv.mo5                             2.97
xdut.xdiv.xd5.xn3.nm1              0.000449834
xdut.xdiv.xd5.xn3.nm2               6.0917e-16
xdut.xdiv.xd5.dqn                         2.97
xdut.xdiv.xd5.qb                   1.63431e-08
xdut.xdiv.xd5.xn2q.nmid            9.24784e-13
xdut.xdiv.xd5.dq                   1.63423e-08
xdut.xdiv.xd5.xfq.ckb                     2.97
xdut.xdiv.xd5.xfq.ckbb             4.11188e-09
xdut.xdiv.xd5.xfq.nm               2.45134e-08
xdut.xdiv.xd5.xfq.nma                     2.97
xdut.xdiv.xd5.xfq.nmb              8.22375e-09
xdut.xdiv.xd5.xfq.ns                2.4515e-08
xdut.xdiv.xd5.q                           2.97
xdut.xdiv.ck6                             2.97
xdut.xdiv.xd5.nmo                         2.97
xdut.xdiv.xd5.xn2m.nmid            9.24784e-13
xdut.xdiv.xd5.dmo                  1.63423e-08
xdut.xdiv.xd5.xfmo.ckb                    2.97
xdut.xdiv.xd5.xfmo.ckbb            4.11188e-09
xdut.xdiv.xd5.xfmo.nm              2.45134e-08
xdut.xdiv.xd5.xfmo.nma                    2.97
xdut.xdiv.xd5.xfmo.nmb             8.22375e-09
xdut.xdiv.xd5.xfmo.ns               2.4515e-08
xdut.xdiv.xd5.mob                  1.63431e-08
xdut.xdiv.xnr0.pmid                   0.851824
xdut.xdiv.nmi0                     6.36549e-09
xdut.xdiv.xnr1.pmid                       2.97
xdut.xdiv.nmi1                            2.97
xdut.xdiv.xnr2.pmid                     1.1885
xdut.xdiv.nmi2                     2.08452e-09
xdut.xdiv.xnr3.pmid                       2.97
xdut.xdiv.nmi3                            2.97
xdut.xdiv.xnr4.pmid                    0.85182
xdut.xdiv.nmi4                     6.36511e-09
xdut.xdiv.t0                              2.97
xdut.xdiv.xm0.nmid                    0.957952
xdut.xdiv.t1                              2.97
xdut.xdiv.xm1.nmid                     2.33603
xdut.xdiv.t2                              2.97
xdut.xdiv.xm2.nmid                 9.25009e-13
xdut.xdiv.t3                              2.97
xdut.xdiv.xm3.nmid                     2.33603
xdut.xdiv.t4                              2.97
xdut.xdiv.xm4.nmid                 0.000269968
xdut.xdiv.t5                              2.97
xdut.xdiv.xm5.nmid                     2.33603
xdut.xdiv.ma                       1.21422e-08
xdut.xdiv.xma.nm1                  8.09479e-09
xdut.xdiv.xma.nm2                  4.04739e-09
xdut.xdiv.mb                       1.21422e-08
xdut.xdiv.xmb.nm1                  8.09479e-09
xdut.xdiv.xmb.nm2                  4.04739e-09
xdut.xdiv.xmno.pmid                       2.97
xdut.xdiv.divoutb                         2.97
divout                             4.10253e-09
xdut.xdiv.xfrt.ckb                 4.11188e-09
xdut.xdiv.xfrt.ckbb                       2.97
xdut.xdiv.xfrt.nm                      1.41947
xdut.xdiv.xfrt.nma                     1.41947
xdut.xdiv.xfrt.nmb                     1.41947
xdut.xdiv.xfrt.ns                      1.41947
xdut.xdiv.fbb                          1.41945
xdut.xld.xerr.n1                          2.97
xdut.xld.xerr.xg1.nmid             9.24784e-13
xdut.xld.xerr.n2                          2.97
xdut.xld.xerr.xg2.nmid              9.2501e-13
xdut.xld.xerr.n3                   8.14825e-09
xdut.xld.xerr.xg3.nmid             4.07412e-09
xdut.xld.err                              2.97
xdut.xld.xerr.xg4.nmid                 2.33603
xdut.xld.xdly.d1                   4.11188e-09
xdut.xld.xdly.d2                          2.97
xdut.xld.xdly.d3                   4.11188e-09
xdut.xld.errd                             2.97
xdut.xld.wideb                     8.14825e-09
xdut.xld.xnw.nmid                  4.07412e-09
xdut.xld.wide                             2.97
xdut.vwin                          0.000887409
xdut.xld.xsch.p1                          2.97
xdut.xld.lockb                            2.97
xdut.xld.xsch.n1                       2.31024
lock                               4.11188e-09
e.xdut.xvco.xcdec2.ec_moscap#branch        2.97e-12
e.xdut.xvco.xcdec1.ec_moscap#branch        2.97e-12
e.xdut.xlf.xcf4.ec_moscap#branch       9.884e-13
e.xdut.xlf.xcf3.ec_moscap#branch       9.884e-13
e.xdut.xlf.xcf2.ec_moscap#branch       9.884e-13
e.xdut.xlf.xcf1.ec_moscap#branch       9.884e-13
vforce#branch                       -9.884e-13
vs5#branch                                   0
vs4#branch                                   0
vs3#branch                                   0
vs2#branch                           -2.97e-12
vs1#branch                                   0
vs0#branch                                   0
vp5#branch                                   0
vp4#branch                                   0
vp3#branch                                   0
vp2#branch                                   0
vp1#branch                                   0
vp0#branch                                   0
vcpb1#branch                         -2.97e-12
vcpb0#branch                                 0
vb2#branch                           -2.97e-12
vb1#branch                           -2.97e-12
vb0#branch                                   0
vref#branch                                  0
vvss#branch                           0.002214
vgndvco#branch                     8.17299e-05
vvdddiv#branch                      -0.0020459
vvddvco#branch                    -0.000109496
vvdd#branch                       -0.000179156


No. of Data Rows : 146700

  Measurements for Transient Analysis

phi_a               =  1.02445e-09 targ=  6.44112e-06 trig=  6.44010e-06
phi_b               =  9.52372e-10 targ=  9.64105e-06 trig=  9.64010e-06
dphi                =  -7.20798e-11
ferr                =  2.25250e-05
tup_r1              =   9.64045e-06
tup_f1              =   9.64309e-06
tdn_r1              =   9.64140e-06
tdn_f1              =   9.64310e-06
wup1                =  2.64554e-09
wdn1                =  1.70394e-09
skew1               =  9.41599e-10
tup_r2              =   9.80045e-06
tup_f2              =   9.80309e-06
tdn_r2              =   9.80140e-06
tdn_f2              =   9.80310e-06
skew2               =  9.45856e-10
tup_r3              =   9.96045e-06
tup_f3              =   9.96309e-06
tdn_r3              =   9.96140e-06
tdn_f3              =   9.96310e-06
skew3               =  9.44239e-10
tclkn               =  1.00000e-06 targ=  1.06008e-05 trig=  9.60079e-06
fout                =  9.99997e+07
tfb20               =  8.00004e-07 targ=  1.04411e-05 trig=  9.64105e-06
ffb                 =  1.24999e+07
nmeas               =  8.00002e+00
vctrl_avg           =  9.88677e-01 from=  6.40000e-06 to=  1.20000e-05
vctrl_min           =  9.84301e-01 at=  9.64310e-06
vctrl_max           =  9.91011e-01 at=  1.19614e-05
vctrl_a             =  9.88659e-01
vctrl_b             =  9.88587e-01
lock_lvl            =  2.97000e+00 from=  9.60000e-06 to=  1.20000e-05
i_core              =  -8.00798e-05 from=  6.40000e-06 to=  1.20000e-05
i_vco               =  -1.58373e-04 from=  6.40000e-06 to=  1.20000e-05
i_div               =  -1.04961e-04 from=  6.40000e-06 to=  1.20000e-05
i_gvco              =  1.58373e-04 from=  6.40000e-06 to=  1.20000e-05
i_vss               =  1.69035e-04 from=  6.40000e-06 to=  1.20000e-05
i_core_pk           =  -1.53109e-03 at=  9.00150e-06
i_vco_pk            =  -1.85312e-03 at=  9.99080e-06
i_div_pk            =  -2.55056e-03 at=  1.08722e-05

Doing analysis at TEMP = -40.000000 and TNOM = 27.000000

Using SPARSE 1.3 as Direct Linear Solver

  Measurements for Transient Analysis

phi_a               =  1.02445e-09 targ=  6.44112e-06 trig=  6.44010e-06
phi_b               =  9.52372e-10 targ=  9.64105e-06 trig=  9.64010e-06
Error in netlist line no. 1972, new internal line no. 955:

insertnumber: fails.
  s = ".meas tran dphi param=   -7.207984141060489e-11   " u=" -7.207984141060489e-11  " id=0
dphi                =   failed
Error in netlist line no. 1973, new internal line no. 956:

insertnumber: fails.
  s = ".meas tran ferr param=    2.252495044081403e-05   " u="  2.252495044081403e-05  " id=0
ferr                =   failed
tup_r1              =   9.64045e-06
tup_f1              =   9.64309e-06
tdn_r1              =   9.64140e-06
tdn_f1              =   9.64310e-06
Error in netlist line no. 2002, new internal line no. 986:

insertnumber: fails.
  s = ".meas tran wup1 param=    2.645542392516777e-09   " u="  2.645542392516777e-09  " id=0
wup1                =   failed
Error in netlist line no. 2003, new internal line no. 987:

insertnumber: fails.
  s = ".meas tran wdn1 param=    1.703943254374084e-09   " u="  1.703943254374084e-09  " id=0
wdn1                =   failed
Error in netlist line no. 2004, new internal line no. 988:

insertnumber: fails.
  s = ".meas tran skew1 param=    9.415991381426934e-10   " u="  9.415991381426934e-10  " id=0
skew1               =   failed
tup_r2              =   9.80045e-06
tup_f2              =   9.80309e-06
tdn_r2              =   9.80140e-06
tdn_f2              =   9.80310e-06
Error in netlist line no. 2009, new internal line no. 994:

insertnumber: fails.
  s = ".meas tran skew2 param=    9.458561441571406e-10   " u="  9.458561441571406e-10  " id=0
skew2               =   failed
tup_r3              =   9.96045e-06
tup_f3              =   9.96309e-06
tdn_r3              =   9.96140e-06
tdn_f3              =   9.96310e-06
Error in netlist line no. 2014, new internal line no. 1000:

insertnumber: fails.
  s = ".meas tran skew3 param=    9.442394511309439e-10   " u="  9.442394511309439e-10  " id=0
skew3               =   failed
tclkn               =  1.00000e-06 targ=  1.06008e-05 trig=  9.60079e-06
Error in netlist line no. 2022, new internal line no. 1009:

insertnumber: fails.
  s = ".meas tran fout param=    9.999969824725907e+07   " u="  9.999969824725907e+07  " id=0
fout                =   failed
tfb20               =  8.00004e-07 targ=  1.04411e-05 trig=  9.64105e-06
Error in netlist line no. 2027, new internal line no. 1015:

insertnumber: fails.
  s = ".meas tran ffb param=    1.249993153141448e+07   " u="  1.249993153141448e+07  " id=0
ffb                 =   failed
Error in netlist line no. 2028, new internal line no. 1016:

insertnumber: fails.
  s = ".meas tran nmeas param=    8.000019679783254e+00   " u="  8.000019679783254e+00  " id=0
nmeas               =   failed
vctrl_avg           =  9.88677e-01 from=  6.40000e-06 to=  1.20000e-05
vctrl_min           =  9.84301e-01 at=  9.64310e-06
vctrl_max           =  9.91011e-01 at=  1.19614e-05
vctrl_a             =  9.88659e-01
vctrl_b             =  9.88587e-01
lock_lvl            =  2.97000e+00 from=  9.60000e-06 to=  1.20000e-05
i_core              =  -8.00798e-05 from=  6.40000e-06 to=  1.20000e-05
i_vco               =  -1.58373e-04 from=  6.40000e-06 to=  1.20000e-05
i_div               =  -1.04961e-04 from=  6.40000e-06 to=  1.20000e-05
i_gvco              =  1.58373e-04 from=  6.40000e-06 to=  1.20000e-05
i_vss               =  1.69035e-04 from=  6.40000e-06 to=  1.20000e-05
i_core_pk           =  -1.53109e-03 at=  9.00150e-06
i_vco_pk            =  -1.85312e-03 at=  9.99080e-06
i_div_pk            =  -2.55056e-03 at=  1.08722e-05


Total analysis time (seconds) = 1289.08

Total elapsed time (seconds) = 1289.583 

Total DRAM available = 15700.234 MB.
DRAM currently available = 2798.422 MB.
Maximum ngspice program size =  506.145 MB.
Current ngspice program size =  500.082 MB.

Shared ngspice pages =    8.781 MB.
Text (code) pages =    6.355 MB.
Stack = 0 bytes.
Library pages =  491.488 MB.

