==== generated deck (f100_fs_-40c_3.30v) ====
* GENERATED by simenv.sh -- do not edit; edit sim/supply-sensitivity/work/dut_lock.sp instead
* tag=f100_fs_Tm40_V3p30 libs=fs,res_typical,moscap_typical,mimcap_typical temp=-40C
.include "/home/ubuntu/.volare/gf180mcuD/libs.tech/ngspice/design.ngspice"
.lib "/home/ubuntu/.volare/gf180mcuD/libs.tech/ngspice/sm141064.ngspice" fs
.lib "/home/ubuntu/.volare/gf180mcuD/libs.tech/ngspice/sm141064.ngspice" res_typical
.lib "/home/ubuntu/.volare/gf180mcuD/libs.tech/ngspice/sm141064.ngspice" moscap_typical
.lib "/home/ubuntu/.volare/gf180mcuD/libs.tech/ngspice/sm141064.ngspice" mimcap_typical
.temp -40
.param sim_temp=-40
.param vsup=3.30
.param fref=12.5e6
.param nratio=8
.param vctrl0=1.2285
.param rforce=1e15
.param tstop=12.0u
.param tstep=20n
.param tmax=100p
.param ta=6.4u
.param tb=9.6u
.param b0_code=0
.param b1_code=1
.param b2_code=1
.param cpb0_code=0
.param cpb1_code=1
.param sel0_code=0
.param sel1_code=0
.param sel2_code=1
.param sel3_code=0
.param sel4_code=0
.param sel5_code=0
.param p0_code=0
.param p1_code=0
.param p2_code=0
.param p3_code=0
.param p4_code=0
.param p5_code=0
.include "/home/ubuntu/loom-workspaces/gf180-pll/.loom/worktrees/issue-58/sim/supply-sensitivity/work/dut_lock.sp"
.end

==== ngspice output ====

Note: No compatibility mode selected!


Circuit: * generated by simenv.sh -- do not edit; edit sim/supply-sensitivity/work/dut_lock.sp instead

Doing analysis at TEMP = -40.000000 and TNOM = 27.000000

Using SPARSE 1.3 as Direct Linear Solver
Note: Starting dynamic gmin stepping
Warning: Dynamic gmin stepping failed
Note: Starting true gmin stepping
Note: True gmin stepping completed

Initial Transient Solution
--------------------------

Node                                   Voltage
----                                   -------
vdd                                        3.3
vdd_vco                                    3.3
vdd_div                                    3.3
gnd_vco                                      0
vss                                          0
ref                                          0
b0                                           0
b1                                         3.3
b2                                         3.3
cpb0                                         0
cpb1                                       3.3
p0                                           0
p1                                           0
p2                                           0
p3                                           0
p4                                           0
p5                                           0
sel0                                         0
sel1                                         0
sel2                                       3.3
sel3                                         0
sel4                                         0
sel5                                         0
ibn                                   0.699443
icn                                   0.790698
ibp                                    2.29257
icp                                    2.18958
vforce                                  1.2285
vctrl                                   1.2285
xdut.xpfd.xpfd.xed_ref.d1                  3.3
xdut.xpfd.xpfd.xed_ref.d2          8.39131e-09
xdut.xpfd.xpfd.xed_ref.d3                  3.3
xdut.xpfd.xpfd.xed_ref.d4          8.39131e-09
xdut.xpfd.xpfd.xed_ref.d5                  3.3
xdut.xpfd.xpfd.xed_ref.nn                  3.3
xdut.xpfd.xpfd.xed_ref.xnd.ni      5.73944e-12
xdut.xpfd.xpfd.pr                  8.39131e-09
xdut.xpfd.xpfd.xed_fb.d1                2.1255
fb                                     1.47001
xdut.xpfd.xpfd.xed_fb.d2             0.0416599
xdut.xpfd.xpfd.xed_fb.d3                   3.3
xdut.xpfd.xpfd.xed_fb.d4           8.39131e-09
xdut.xpfd.xpfd.xed_fb.d5                   3.3
xdut.xpfd.xpfd.xed_fb.nn              0.509174
xdut.xpfd.xpfd.xed_fb.xnd.ni          0.116737
xdut.xpfd.xpfd.pf                      3.29934
xdut.xpfd.xpfd.sbr                         3.3
xdut.xpfd.xpfd.sbf                 8.39165e-09
xdut.up                            1.73842e-08
xdut.xpfd.xpfd.upb                         3.3
xdut.xpfd.xpfd.xlat_ref.xn1.ni     8.69212e-09
xdut.xpfd.xpfd.rb                          3.3
xdut.xpfd.xpfd.xlat_ref.xn2.ni         2.64711
xdut.dn                                    3.3
xdut.xpfd.xpfd.dnb                 1.73842e-08
xdut.xpfd.xpfd.xlat_fb.xn1.ni      0.000853761
xdut.xpfd.xpfd.xlat_fb.xn2.ni      8.69212e-09
xdut.xpfd.xpfd.nrst                        3.3
xdut.xpfd.xpfd.xnand_rst.ni        5.73944e-12
xdut.xpfd.xpfd.rst_raw             8.39131e-09
xdut.xpfd.xpfd.rd1                         3.3
xdut.xpfd.xpfd.rd2                 8.39131e-09
xdut.xpfd.xpfd.rd3                         3.3
xdut.xpfd.xpfd.rd4                 8.39131e-09
xdut.xpfd.xpfd.rd5                         3.3
xdut.xpfd.xpfd.rd6                 8.39131e-09
xdut.xpfd.xpfd.rd7                         3.3
xdut.xpfd.xpfd.rd8                 8.39131e-09
xdut.xpfd.xpfd.rd9                         3.3
xdut.xpfd.xpfd.rd10                8.39131e-09
xdut.xpfd.xpfd.rd11                        3.3
xdut.xpfd.xpfd.rd12                8.39131e-09
xdut.xpfd.xpfd.rd13                        3.3
xdut.xpfd.xpfd.rd14                8.39131e-09
xdut.xpfd.xpfd.rd15                        3.3
xdut.xpfd.xpfd.rd16                8.39131e-09
xdut.xpfd.xpfd.rd17                        3.3
xdut.xpfd.xpfd.rd18                8.39131e-09
xdut.xpfd.xpfd.rd19                        3.3
xdut.xpfd.xpfd.rd20                8.39131e-09
xdut.xpfd.xpfd.rd21                        3.3
xdut.xpfd.xpfd.rd22                8.39131e-09
xdut.xpfd.xpfd.rd23                        3.3
xdut.xpfd.xpfd.rst_dly             8.39131e-09
xdut.xpfd.xcp.b0b                          3.3
xdut.xpfd.xcp.b1b                  8.39131e-09
xdut.xpfd.xcp.upb                          3.3
xdut.xpfd.xcp.dnb                  8.39131e-09
xdut.xpfd.xcp.xn_base.bg              0.699443
xdut.xpfd.xcp.xn_base.mid             0.072371
xdut.xpfd.xcp.dnt                      1.22701
xdut.xpfd.xcp.xn_t0.bg             5.33103e-13
xdut.xpfd.xcp.xn_t0.mid               0.383248
xdut.xpfd.xcp.xn_t1a.bg               0.699443
xdut.xpfd.xcp.xn_t1a.mid              0.072371
xdut.xpfd.xcp.xn_t1b.bg               0.699443
xdut.xpfd.xcp.xn_t1b.mid              0.072371
xdut.xpfd.xcp.xp_base.bg               2.29257
xdut.xpfd.xcp.xp_base.mid              3.22369
xdut.xpfd.xcp.upt                      1.43995
xdut.xpfd.xcp.xp_t0.bg                     3.3
xdut.xpfd.xcp.xp_t0.mid                1.32172
xdut.xpfd.xcp.xp_t1a.bg                2.29257
xdut.xpfd.xcp.xp_t1a.mid               3.22369
xdut.xpfd.xcp.xp_t1b.bg                2.29257
xdut.xpfd.xcp.xp_t1b.mid               3.22369
xdut.xpfd.xcp.vdump                    1.25953
xdut.xpfd.xcp.xbuf.nsrc               0.435901
xdut.xpfd.xcp.xbuf.nda                  2.3133
xdut.xpfd.xcp.xbuf.psrc                2.21314
xdut.xpfd.xcp.xbuf.pda                0.679256
xdut.xlf.nr1                            1.2285
xdut.xlf.xrf1.11                        1.2285
xdut.xlf.xrf1.21                        1.2285
xdut.xlf.nr2                            1.2285
xdut.xlf.xrf2.11                        1.2285
xdut.xlf.xrf2.21                        1.2285
xdut.xlf.nr3                            1.2285
xdut.xlf.xrf3.11                        1.2285
xdut.xlf.xrf3.21                        1.2285
xdut.xlf.nz                             1.2285
xdut.xlf.xrf4.11                        1.2285
xdut.xlf.xrf4.21                        1.2285
xdut.xlf.xcf1.c_moscap_int1            -1.2285
xdut.xlf.xcf2.c_moscap_int1            -1.2285
xdut.xlf.xcf3.c_moscap_int1            -1.2285
xdut.xlf.xcf4.c_moscap_int1            -1.2285
xdut.xvco.xbias.na                     0.85066
xdut.xvco.xbias.vbpc                   2.22426
xdut.xvco.xbias.nc                    0.093041
xdut.xvco.xbias.xrcg.11              0.0928386
xdut.xvco.xbias.xrcg.21            0.000202408
xdut.xvco.xbias.nsu                  0.0140135
xdut.xvco.xbias.vfix                   1.65796
xdut.xvco.xbias.nmd                   0.715851
xdut.xvco.xbias.vbp0                   2.29463
xdut.xvco.xbias.noff                  0.721049
xdut.xvco.xbias.xroff.11              0.720774
xdut.xvco.xbias.xroff.21           0.000274491
xdut.xvco.xbias.nvi                   0.411167
xdut.xvco.xbias.xrdeg.11               0.41101
xdut.xvco.xbias.xrdeg.21           0.000156524
xdut.xvco.xbias.b0b                        3.3
xdut.xvco.xbias.b1b                4.19734e-09
xdut.xvco.xbias.b2b                4.19734e-09
xdut.xvco.xbias.vbn1                  0.692939
xdut.xvco.xbias.ga                         3.3
xdut.xvco.xbias.vbp2                   2.25094
xdut.xvco.xbias.gb                    0.692939
xdut.xvco.vbn                         0.860561
xdut.xvco.xbias.gc                     2.25094
xdut.xvco.vbp                          2.10028
xdut.xvco.xs1.nh                       1.53072
xdut.xvco.y1                                 0
xdut.xvco.y5                                 0
xdut.xvco.xs1.nt                             0
xdut.xvco.xs2.nh                           3.3
xdut.xvco.y2                               3.3
xdut.xvco.xs2.nt                   1.11436e-10
xdut.xvco.xs3.nh                           3.3
xdut.xvco.y3                                 0
xdut.xvco.xs3.nt                             0
xdut.xvco.xs4.nh                           3.3
xdut.xvco.y4                               3.3
xdut.xvco.xs4.nt                   1.11436e-10
xdut.xvco.xs5.nh                           3.3
xdut.xvco.xs5.nt                             0
xdut.xvco.nb1                              3.3
xdut.xvco.nb2                      2.87231e-09
clk                                        3.3
xdut.xvco.xcdec1.c_moscap_int1            -3.3
xdut.xvco.xcdec2.c_moscap_int1            -3.3
xdut.xdiv.xd0.sb                           3.3
xdut.xdiv.mi0                              3.3
xdut.xdiv.mo0                          1.47001
xdut.xdiv.xd0.xn3.nm1                  2.72914
xdut.xdiv.xd0.xn3.nm2              2.10724e-11
xdut.xdiv.xd0.dqn                     0.384385
xdut.xdiv.xd0.qb                          1.47
xdut.xdiv.xd0.xn2q.nmid               0.104676
xdut.xdiv.xd0.dq                       3.29997
xdut.xdiv.xd0.xfq.ckb              4.22634e-09
xdut.xdiv.xd0.xfq.ckbb                     3.3
xdut.xdiv.xd0.xfq.nm                   1.47001
xdut.xdiv.xd0.xfq.nma                  1.47001
xdut.xdiv.xd0.xfq.nmb                  1.47001
xdut.xdiv.xd0.xfq.ns                   1.47001
xdut.xdiv.xd0.q                        1.47001
xdut.xdiv.ck1                          1.46127
xdut.xdiv.xd0.nmo                     0.333035
xdut.xdiv.xd0.xn2m.nmid               0.223239
xdut.xdiv.xd0.dmo                          3.3
xdut.xdiv.xd0.xfmo.ckb             4.22634e-09
xdut.xdiv.xd0.xfmo.ckbb                    3.3
xdut.xdiv.xd0.xfmo.nm                  1.47001
xdut.xdiv.xd0.xfmo.nma                 1.47001
xdut.xdiv.xd0.xfmo.nmb                 1.47001
xdut.xdiv.xd0.xfmo.ns                  1.47001
xdut.xdiv.xd0.mob                         1.47
xdut.xdiv.xd1.sb                           3.3
xdut.xdiv.mi1                              3.3
xdut.xdiv.mo1                              3.3
xdut.xdiv.xd1.xn3.nm1                  2.72914
xdut.xdiv.xd1.xn3.nm2              1.23879e-11
xdut.xdiv.xd1.dqn                  8.44327e-09
xdut.xdiv.xd1.qb                       3.20072
xdut.xdiv.xd1.xn2q.nmid            4.19987e-09
xdut.xdiv.xd1.dq                           3.3
xdut.xdiv.xd1.xfq.ckb                  1.63834
xdut.xdiv.xd1.xfq.ckbb                0.320226
xdut.xdiv.xd1.xfq.nm                       3.3
xdut.xdiv.xd1.xfq.nma                0.0751755
xdut.xdiv.xd1.xfq.nmb                      3.3
xdut.xdiv.xd1.xfq.ns                   3.08717
xdut.xdiv.xd1.q                    4.26039e-09
xdut.xdiv.ck2                      2.16237e-09
xdut.xdiv.xd1.nmo                          3.3
xdut.xdiv.xd1.xn2m.nmid                2.71889
xdut.xdiv.xd1.dmo                  1.64893e-08
xdut.xdiv.xd1.xfmo.ckb                 1.63834
xdut.xdiv.xd1.xfmo.ckbb               0.320226
xdut.xdiv.xd1.xfmo.nm              2.93939e-08
xdut.xdiv.xd1.xfmo.nma                 3.16594
xdut.xdiv.xd1.xfmo.nmb             8.39338e-09
xdut.xdiv.xd1.xfmo.ns                 0.311357
xdut.xdiv.xd1.mob                     0.101597
xdut.xdiv.xd2.sb                           3.3
xdut.xdiv.mi2                              3.3
xdut.xdiv.mo2                              3.3
xdut.xdiv.xd2.xn3.nm1                  2.72914
xdut.xdiv.xd2.xn3.nm2              1.23879e-11
xdut.xdiv.xd2.dqn                  8.44255e-09
xdut.xdiv.xd2.qb                           3.3
xdut.xdiv.xd2.xn2q.nmid            4.22127e-09
xdut.xdiv.xd2.dq                           3.3
xdut.xdiv.xd2.xfq.ckb                      3.3
xdut.xdiv.xd2.xfq.ckbb             4.22634e-09
xdut.xdiv.xd2.xfq.nm                       3.3
xdut.xdiv.xd2.xfq.nma              8.47073e-09
xdut.xdiv.xd2.xfq.nmb                      3.3
xdut.xdiv.xd2.xfq.ns                       3.3
xdut.xdiv.xd2.q                    4.22634e-09
xdut.xdiv.ck3                      2.18304e-09
xdut.xdiv.xd2.nmo                          3.3
xdut.xdiv.xd2.xn2m.nmid                2.71889
xdut.xdiv.xd2.dmo                   1.6628e-08
xdut.xdiv.xd2.xfmo.ckb                     3.3
xdut.xdiv.xd2.xfmo.ckbb            4.22634e-09
xdut.xdiv.xd2.xfmo.nm               2.4942e-08
xdut.xdiv.xd2.xfmo.nma                     3.3
xdut.xdiv.xd2.xfmo.nmb             8.45268e-09
xdut.xdiv.xd2.xfmo.ns              2.49781e-08
xdut.xdiv.xd2.mob                  1.66461e-08
xdut.xdiv.xd3.sb                           3.3
xdut.xdiv.mi3                              3.3
xdut.xdiv.mo3                              3.3
xdut.xdiv.xd3.xn3.nm1                  2.72914
xdut.xdiv.xd3.xn3.nm2              1.23879e-11
xdut.xdiv.xd3.dqn                  8.44255e-09
xdut.xdiv.xd3.qb                           3.3
xdut.xdiv.xd3.xn2q.nmid            4.22127e-09
xdut.xdiv.xd3.dq                           3.3
xdut.xdiv.xd3.xfq.ckb                      3.3
xdut.xdiv.xd3.xfq.ckbb             4.22634e-09
xdut.xdiv.xd3.xfq.nm                       3.3
xdut.xdiv.xd3.xfq.nma              8.47073e-09
xdut.xdiv.xd3.xfq.nmb                      3.3
xdut.xdiv.xd3.xfq.ns                       3.3
xdut.xdiv.xd3.q                    4.22634e-09
xdut.xdiv.ck4                      2.18304e-09
xdut.xdiv.xd3.nmo                          3.3
xdut.xdiv.xd3.xn2m.nmid                2.71889
xdut.xdiv.xd3.dmo                   1.6628e-08
xdut.xdiv.xd3.xfmo.ckb                     3.3
xdut.xdiv.xd3.xfmo.ckbb            4.22634e-09
xdut.xdiv.xd3.xfmo.nm               2.4942e-08
xdut.xdiv.xd3.xfmo.nma                     3.3
xdut.xdiv.xd3.xfmo.nmb             8.45268e-09
xdut.xdiv.xd3.xfmo.ns              2.49781e-08
xdut.xdiv.xd3.mob                  1.66461e-08
xdut.xdiv.xd4.sb                           3.3
xdut.xdiv.mi4                      4.22634e-09
xdut.xdiv.mo4                              3.3
xdut.xdiv.xd4.xn3.nm1                0.0077551
xdut.xdiv.xd4.xn3.nm2               1.1321e-13
xdut.xdiv.xd4.dqn                  8.44255e-09
xdut.xdiv.xd4.qb                           3.3
xdut.xdiv.xd4.xn2q.nmid            4.22127e-09
xdut.xdiv.xd4.dq                           3.3
xdut.xdiv.xd4.xfq.ckb                      3.3
xdut.xdiv.xd4.xfq.ckbb             4.22634e-09
xdut.xdiv.xd4.xfq.nm                       3.3
xdut.xdiv.xd4.xfq.nma              8.47073e-09
xdut.xdiv.xd4.xfq.nmb                      3.3
xdut.xdiv.xd4.xfq.ns                       3.3
xdut.xdiv.xd4.q                    4.22634e-09
xdut.xdiv.ck5                      2.18304e-09
xdut.xdiv.xd4.nmo                          3.3
xdut.xdiv.xd4.xn2m.nmid             0.00520702
xdut.xdiv.xd4.dmo                   1.6628e-08
xdut.xdiv.xd4.xfmo.ckb                     3.3
xdut.xdiv.xd4.xfmo.ckbb            4.22634e-09
xdut.xdiv.xd4.xfmo.nm               2.4942e-08
xdut.xdiv.xd4.xfmo.nma                     3.3
xdut.xdiv.xd4.xfmo.nmb             8.45268e-09
xdut.xdiv.xd4.xfmo.ns              2.49781e-08
xdut.xdiv.xd4.mob                  1.66461e-08
xdut.xdiv.xd5.sb                           3.3
xdut.xdiv.mo5                      4.22634e-09
xdut.xdiv.xd5.xn3.nm1               0.00775557
xdut.xdiv.xd5.xn3.nm2              5.42908e-05
xdut.xdiv.xd5.dqn                  8.44255e-09
xdut.xdiv.xd5.qb                           3.3
xdut.xdiv.xd5.xn2q.nmid            4.22127e-09
xdut.xdiv.xd5.dq                           3.3
xdut.xdiv.xd5.xfq.ckb                      3.3
xdut.xdiv.xd5.xfq.ckbb             4.22634e-09
xdut.xdiv.xd5.xfq.nm                       3.3
xdut.xdiv.xd5.xfq.nma              8.47073e-09
xdut.xdiv.xd5.xfq.nmb                      3.3
xdut.xdiv.xd5.xfq.ns                       3.3
xdut.xdiv.xd5.q                    4.22634e-09
xdut.xdiv.ck6                      2.18304e-09
xdut.xdiv.xd5.nmo                          3.3
xdut.xdiv.xd5.xn2m.nmid             0.00520693
xdut.xdiv.xd5.dmo                   1.6628e-08
xdut.xdiv.xd5.xfmo.ckb                     3.3
xdut.xdiv.xd5.xfmo.ckbb            4.22634e-09
xdut.xdiv.xd5.xfmo.nm               2.4942e-08
xdut.xdiv.xd5.xfmo.nma                     3.3
xdut.xdiv.xd5.xfmo.nmb             8.45268e-09
xdut.xdiv.xd5.xfmo.ns                      3.3
xdut.xdiv.xd5.mob                          3.3
xdut.xdiv.xnr0.pmid                   0.984377
xdut.xdiv.nmi0                     6.17715e-09
xdut.xdiv.xnr1.pmid                   0.984373
xdut.xdiv.nmi1                     6.17678e-09
xdut.xdiv.xnr2.pmid                    1.32077
xdut.xdiv.nmi2                     2.18566e-09
xdut.xdiv.xnr3.pmid                   0.984374
xdut.xdiv.nmi3                     6.17682e-09
xdut.xdiv.xnr4.pmid                        3.3
xdut.xdiv.nmi4                             3.3
xdut.xdiv.t0                               3.3
xdut.xdiv.xm0.nmid                     1.10845
xdut.xdiv.t1                               3.3
xdut.xdiv.xm1.nmid                  0.00520702
xdut.xdiv.t2                               3.3
xdut.xdiv.xm2.nmid                 2.05739e-11
xdut.xdiv.t3                               3.3
xdut.xdiv.xm3.nmid                  0.00520702
xdut.xdiv.t4                               3.3
xdut.xdiv.xm4.nmid                  0.00520702
xdut.xdiv.t5                               3.3
xdut.xdiv.xm5.nmid                  0.00520702
xdut.xdiv.ma                       1.26203e-08
xdut.xdiv.xma.nm1                  8.41353e-09
xdut.xdiv.xma.nm2                  4.20676e-09
xdut.xdiv.mb                       1.26203e-08
xdut.xdiv.xmb.nm1                  8.41353e-09
xdut.xdiv.xmb.nm2                  4.20676e-09
xdut.xdiv.xmno.pmid                        3.3
xdut.xdiv.divoutb                          3.3
divout                             4.29485e-09
xdut.xdiv.xfrt.ckb                 4.22634e-09
xdut.xdiv.xfrt.ckbb                        3.3
xdut.xdiv.xfrt.nm                      1.47001
xdut.xdiv.xfrt.nma                     1.47001
xdut.xdiv.xfrt.nmb                     1.47001
xdut.xdiv.xfrt.ns                      1.47001
xdut.xdiv.fbb                             1.47
xdut.xld.xerr.n1                           3.3
xdut.xld.xerr.xg1.nmid             2.05741e-11
xdut.xld.xerr.n2                           3.3
xdut.xld.xerr.xg2.nmid             2.05741e-11
xdut.xld.xerr.n3                   8.44255e-09
xdut.xld.xerr.xg3.nmid             4.22127e-09
xdut.xld.err                               3.3
xdut.xld.xerr.xg4.nmid                 2.71889
xdut.xld.xdly.d1                   4.22634e-09
xdut.xld.xdly.d2                           3.3
xdut.xld.xdly.d3                   4.22634e-09
xdut.xld.errd                              3.3
xdut.xld.wideb                     8.44255e-09
xdut.xld.xnw.nmid                  4.22127e-09
xdut.xld.wide                              3.3
xdut.vwin                           0.00092581
xdut.xld.xsch.p1                           3.3
xdut.xld.lockb                             3.3
xdut.xld.xsch.n1                       2.69339
lock                               4.22634e-09
e.xdut.xvco.xcdec2.ec_moscap#branch         3.3e-12
e.xdut.xvco.xcdec1.ec_moscap#branch         3.3e-12
e.xdut.xlf.xcf4.ec_moscap#branch      1.2285e-12
e.xdut.xlf.xcf3.ec_moscap#branch      1.2285e-12
e.xdut.xlf.xcf2.ec_moscap#branch      1.2285e-12
e.xdut.xlf.xcf1.ec_moscap#branch      1.2285e-12
vforce#branch                      -1.2285e-12
vs5#branch                                   0
vs4#branch                                   0
vs3#branch                                   0
vs2#branch                            -3.3e-12
vs1#branch                                   0
vs0#branch                                   0
vp5#branch                                   0
vp4#branch                                   0
vp3#branch                                   0
vp2#branch                                   0
vp1#branch                                   0
vp0#branch                                   0
vcpb1#branch                          -3.3e-12
vcpb0#branch                                 0
vb2#branch                            -3.3e-12
vb1#branch                            -3.3e-12
vb0#branch                                   0
vref#branch                                  0
vvss#branch                         0.00332678
vgndvco#branch                     9.39525e-05
vvdddiv#branch                     -0.00311095
vvddvco#branch                    -0.000126886
vvdd#branch                       -0.000226856


No. of Data Rows : 150219

  Measurements for Transient Analysis

phi_a               =  1.32896e-09 targ=  6.44143e-06 trig=  6.44010e-06
phi_b               =  1.10845e-09 targ=  9.64121e-06 trig=  9.64010e-06
dphi                =  -2.20506e-10
ferr                =  6.89082e-05
tup_r1              =   9.64043e-06
tup_f1              =   9.64305e-06
tdn_r1              =   9.64154e-06
tdn_f1              =   9.64305e-06
wup1                =  2.61685e-09
wdn1                =  1.51248e-09
skew1               =  1.10437e-09
tup_r2              =   9.80043e-06
tup_f2              =   9.80306e-06
tdn_r2              =   9.80154e-06
tdn_f2              =   9.80306e-06
skew2               =  1.10651e-09
tup_r3              =   9.96043e-06
tup_f3              =   9.96304e-06
tdn_r3              =   9.96153e-06
tdn_f3              =   9.96305e-06
skew3               =  1.09709e-09
tclkn               =  9.99935e-07 targ=  1.06009e-05 trig=  9.60100e-06
fout                =  1.00007e+08
tfb20               =  7.99977e-07 targ=  1.04412e-05 trig=  9.64121e-06
ffb                 =  1.25004e+07
nmeas               =  8.00029e+00
vctrl_avg           =  1.22855e+00 from=  6.40000e-06 to=  1.20000e-05
vctrl_min           =  1.22370e+00 at=  1.10830e-05
vctrl_max           =  1.23081e+00 at=  1.07614e-05
vctrl_a             =  1.22861e+00
vctrl_b             =  1.22832e+00
lock_lvl            =  9.81069e-01 from=  9.60000e-06 to=  1.20000e-05
i_core              =  -1.05842e-04 from=  6.40000e-06 to=  1.20000e-05
i_vco               =  -1.87276e-04 from=  6.40000e-06 to=  1.20000e-05
i_div               =  -1.19915e-04 from=  6.40000e-06 to=  1.20000e-05
i_gvco              =  1.87278e-04 from=  6.40000e-06 to=  1.20000e-05
i_vss               =  2.09750e-04 from=  6.40000e-06 to=  1.20000e-05
i_core_pk           =  -2.45563e-03 at=  8.28168e-06
i_vco_pk            =  -2.10616e-03 at=  8.79102e-06
i_div_pk            =  -3.12539e-03 at=  8.87228e-06

Doing analysis at TEMP = -40.000000 and TNOM = 27.000000

Using SPARSE 1.3 as Direct Linear Solver

  Measurements for Transient Analysis

phi_a               =  1.32896e-09 targ=  6.44143e-06 trig=  6.44010e-06
phi_b               =  1.10845e-09 targ=  9.64121e-06 trig=  9.64010e-06
Error in netlist line no. 1972, new internal line no. 955:

insertnumber: fails.
  s = ".meas tran dphi param=   -2.205062564181222e-10   " u=" -2.205062564181222e-10  " id=0
dphi                =   failed
Error in netlist line no. 1973, new internal line no. 956:

insertnumber: fails.
  s = ".meas tran ferr param=    6.890820513066320e-05   " u="  6.890820513066320e-05  " id=0
ferr                =   failed
tup_r1              =   9.64043e-06
tup_f1              =   9.64305e-06
tdn_r1              =   9.64154e-06
tdn_f1              =   9.64305e-06
Error in netlist line no. 2002, new internal line no. 986:

insertnumber: fails.
  s = ".meas tran wup1 param=    2.616850431725614e-09   " u="  2.616850431725614e-09  " id=0
wup1                =   failed
Error in netlist line no. 2003, new internal line no. 987:

insertnumber: fails.
  s = ".meas tran wdn1 param=    1.512476117945791e-09   " u="  1.512476117945791e-09  " id=0
wdn1                =   failed
Error in netlist line no. 2004, new internal line no. 988:

insertnumber: fails.
  s = ".meas tran skew1 param=    1.104374313779823e-09   " u="  1.104374313779823e-09  " id=0
skew1               =   failed
tup_r2              =   9.80043e-06
tup_f2              =   9.80306e-06
tdn_r2              =   9.80154e-06
tdn_f2              =   9.80306e-06
Error in netlist line no. 2009, new internal line no. 994:

insertnumber: fails.
  s = ".meas tran skew2 param=    1.106512734872856e-09   " u="  1.106512734872856e-09  " id=0
skew2               =   failed
tup_r3              =   9.96043e-06
tup_f3              =   9.96304e-06
tdn_r3              =   9.96153e-06
tdn_f3              =   9.96305e-06
Error in netlist line no. 2014, new internal line no. 1000:

insertnumber: fails.
  s = ".meas tran skew3 param=    1.097085067860247e-09   " u="  1.097085067860247e-09  " id=0
skew3               =   failed
tclkn               =  9.99935e-07 targ=  1.06009e-05 trig=  9.60100e-06
Error in netlist line no. 2022, new internal line no. 1009:

insertnumber: fails.
  s = ".meas tran fout param=    1.000065331013623e+08   " u="  1.000065331013623e+08  " id=0
fout                =   failed
tfb20               =  7.99977e-07 targ=  1.04412e-05 trig=  9.64121e-06
Error in netlist line no. 2027, new internal line no. 1015:

insertnumber: fails.
  s = ".meas tran ffb param=    1.250035814069037e+07   " u="  1.250035814069037e+07  " id=0
ffb                 =   failed
Error in netlist line no. 2028, new internal line no. 1016:

insertnumber: fails.
  s = ".meas tran nmeas param=    8.000293429660019e+00   " u="  8.000293429660019e+00  " id=0
nmeas               =   failed
vctrl_avg           =  1.22855e+00 from=  6.40000e-06 to=  1.20000e-05
vctrl_min           =  1.22370e+00 at=  1.10830e-05
vctrl_max           =  1.23081e+00 at=  1.07614e-05
vctrl_a             =  1.22861e+00
vctrl_b             =  1.22832e+00
lock_lvl            =  9.81069e-01 from=  9.60000e-06 to=  1.20000e-05
i_core              =  -1.05842e-04 from=  6.40000e-06 to=  1.20000e-05
i_vco               =  -1.87276e-04 from=  6.40000e-06 to=  1.20000e-05
i_div               =  -1.19915e-04 from=  6.40000e-06 to=  1.20000e-05
i_gvco              =  1.87278e-04 from=  6.40000e-06 to=  1.20000e-05
i_vss               =  2.09750e-04 from=  6.40000e-06 to=  1.20000e-05
i_core_pk           =  -2.45563e-03 at=  8.28168e-06
i_vco_pk            =  -2.10616e-03 at=  8.79102e-06
i_div_pk            =  -3.12539e-03 at=  8.87228e-06


Total analysis time (seconds) = 778.403

Total elapsed time (seconds) = 778.802 

Total DRAM available = 15700.234 MB.
DRAM currently available = 4439.352 MB.
Maximum ngspice program size =  519.527 MB.
Current ngspice program size =  513.539 MB.

Shared ngspice pages =    8.852 MB.
Text (code) pages =    6.355 MB.
Stack = 0 bytes.
Library pages =  504.871 MB.

