
Note: Compatibility modes selected: hs a

Warning: m=xx on .subckt line will override multiplier m hierarchy!


Circuit: * generated by simenv.sh -- do not edit; edit sim/vco-tuning-range/testbench/tb_vco_band_pair.sp instead

Doing analysis at TEMP = 125.000000 and TNOM = 27.000000

Using SPARSE 1.3 as Direct Linear Solver

Initial Transient Solution
--------------------------

Node                                   Voltage
----                                   -------
vdd                                       3.63
vc                                         2.7
nb0                                       3.63
nb1                                       3.63
nb2                                          0
nvs                                       3.63
x1.xbias.na                           0.854387
x1.xbias.vbpc                          2.80426
x1.xbias.nc                           0.165617
x1.xbias.xrcg.11                      0.165355
x1.xbias.xrcg.21                   0.000261505
x1.xbias.nsu                         0.0152544
x1.xbias.vfix                          1.37495
x1.xbias.nmd                          0.592099
x1.xbias.vbp0                          2.92289
x1.xbias.noff                         0.630622
x1.xbias.xroff.11                     0.630448
x1.xbias.xroff.21                  0.000174071
x1.xbias.nvi                           1.62156
x1.xbias.xrdeg.11                      1.62112
x1.xbias.xrdeg.21                  0.000447601
x1.xbias.b0b                        6.0095e-07
x1.xbias.b1b                       4.63803e-07
x1.xbias.b2b                              3.63
x1.xbias.vbn1                         0.638632
x1.xbias.ga                            2.92289
x1.xbias.vbp2                          2.75992
x1.xbias.gb                           0.638632
x1.vbn                                0.660533
x1.xbias.gc                               3.63
x1.vbp                                 2.84618
x1.xs1.nh                              1.15751
x1.y1                                        0
x1.y5                                        0
x1.xs1.nt                         -3.68589e-15
x1.xs2.nh                                 3.63
x1.y2                                     3.63
x1.xs2.nt                          3.63774e-05
x1.xs3.nh                                 3.63
x1.y3                                        0
x1.xs3.nt                         -2.49917e-18
x1.xs4.nh                                 3.63
x1.y4                                     3.63
x1.xs4.nt                          2.64392e-05
x1.xs5.nh                                 3.63
x1.xs5.nt                         -5.26521e-18
x1.nb1                                 3.62999
x1.nb2                             5.01155e-07
clk1                                      3.63
x1.xcdec1.c_moscap_int1                  -3.63
x1.xcdec2.c_moscap_int1                  -3.63
e.x1.xcdec2.ec_moscap#branch                 0
e.x1.xcdec1.ec_moscap#branch                 0
vs#branch                          0.000153749
vb2#branch                                   0
vb1#branch                                   0
vb0#branch                                   0
vc#branch                                    0
vdd#branch                        -0.000153749


No. of Data Rows : 2906
tp_a                =  9.99475e-08 targ=  3.25000e-07 trig=  2.25053e-07
i_a                 =  2.08241e-04 from=  2.23044e-07 to=  6.13370e-07
MCVCOPAIR_A tp=9.99475E-08 f=4.0021E+07 i=0.000208241
Doing analysis at TEMP = 125.000000 and TNOM = 27.000000

Using SPARSE 1.3 as Direct Linear Solver

Initial Transient Solution
--------------------------

Node                                   Voltage
----                                   -------
vdd                                       3.63
vc                                         0.9
nb0                                          0
nb1                                          0
nb2                                       3.63
nvs                                       3.63
x1.xbias.na                           0.854387
x1.xbias.vbpc                          2.80426
x1.xbias.nc                           0.165617
x1.xbias.xrcg.11                      0.165355
x1.xbias.xrcg.21                   0.000261505
x1.xbias.nsu                         0.0152544
x1.xbias.vfix                          1.37495
x1.xbias.nmd                          0.592099
x1.xbias.vbp0                          3.00347
x1.xbias.noff                         0.630745
x1.xbias.xroff.11                      0.63057
x1.xbias.xroff.21                  0.000174105
x1.xbias.nvi                          0.306938
x1.xbias.xrdeg.11                     0.306853
x1.xbias.xrdeg.21                  8.47243e-05
x1.xbias.b0b                           3.62999
x1.xbias.b1b                           3.62999
x1.xbias.b2b                       4.48436e-07
x1.xbias.vbn1                         0.519365
x1.xbias.ga                               3.63
x1.xbias.vbp2                          3.02171
x1.xbias.gb                        1.02198e-07
x1.vbn                                0.629406
x1.xbias.gc                            3.02171
x1.vbp                                 2.88141
x1.xs1.nh                              1.12625
x1.y1                                        0
x1.y5                                        0
x1.xs1.nt                          1.93339e-17
x1.xs2.nh                                 3.63
x1.y2                                     3.63
x1.xs2.nt                          4.33916e-05
x1.xs3.nh                                 3.63
x1.y3                                        0
x1.xs3.nt                          2.10304e-27
x1.xs4.nh                                 3.63
x1.y4                                     3.63
x1.xs4.nt                           3.1561e-05
x1.xs5.nh                                 3.63
x1.xs5.nt                          2.05958e-27
x1.nb1                                 3.62999
x1.nb2                             5.01155e-07
clk1                                      3.63
x1.xcdec1.c_moscap_int1                  -3.63
x1.xcdec2.c_moscap_int1                  -3.63
e.x1.xcdec2.ec_moscap#branch                 0
e.x1.xcdec1.ec_moscap#branch                 0
vs#branch                          8.66519e-05
vb2#branch                                   0
vb1#branch                                   0
vb0#branch                                   0
vc#branch                                    0
vdd#branch                        -8.66519e-05


No. of Data Rows : 2867
tp_b                =  1.34458e-07 targ=  4.36965e-07 trig=  3.02507e-07
i_b                 =  1.33599e-04 from=  2.98606e-07 to=  8.21166e-07
MCVCOPAIR_B tp=1.34458E-07 f=2.9749E+07 i=0.000133599
Note: Simulation executed from .control section 
