
Note: Compatibility modes selected: hs a

Warning: m=xx on .subckt line will override multiplier m hierarchy!


Circuit: * generated by simenv.sh -- do not edit; edit sim/vco-tuning-range/testbench/tb_vco_band_pair.sp instead

Doing analysis at TEMP = 125.000000 and TNOM = 27.000000

Using SPARSE 1.3 as Direct Linear Solver

Initial Transient Solution
--------------------------

Node                                   Voltage
----                                   -------
vdd                                       3.63
vc                                         2.7
nb0                                       3.63
nb1                                       3.63
nb2                                          0
nvs                                       3.63
x1.xbias.na                           0.875681
x1.xbias.vbpc                           2.7935
x1.xbias.nc                           0.175463
x1.xbias.xrcg.11                      0.175186
x1.xbias.xrcg.21                   0.000277051
x1.xbias.nsu                         0.0145371
x1.xbias.vfix                          1.39381
x1.xbias.nmd                          0.600601
x1.xbias.vbp0                          2.92324
x1.xbias.noff                         0.647462
x1.xbias.xroff.11                     0.647283
x1.xbias.xroff.21                  0.000178719
x1.xbias.nvi                           1.62262
x1.xbias.xrdeg.11                      1.62218
x1.xbias.xrdeg.21                  0.000447894
x1.xbias.b0b                       4.44447e-07
x1.xbias.b1b                       5.01415e-07
x1.xbias.b2b                              3.63
x1.xbias.vbn1                         0.636708
x1.xbias.ga                            2.92324
x1.xbias.vbp2                          2.75995
x1.xbias.gb                           0.636708
x1.vbn                                0.659986
x1.xbias.gc                               3.63
x1.vbp                                 2.84454
x1.xs1.nh                              1.15739
x1.y1                                        0
x1.y5                                        0
x1.xs1.nt                          2.32232e-18
x1.xs2.nh                                 3.63
x1.y2                                     3.63
x1.xs2.nt                          2.74723e-05
x1.xs3.nh                                 3.63
x1.y3                                        0
x1.xs3.nt                          1.06632e-26
x1.xs4.nh                                 3.63
x1.y4                                     3.63
x1.xs4.nt                          4.56106e-05
x1.xs5.nh                                 3.63
x1.xs5.nt                          5.52692e-27
x1.nb1                                 3.62999
x1.nb2                             4.55381e-07
clk1                                      3.63
x1.xcdec1.c_moscap_int1                  -3.63
x1.xcdec2.c_moscap_int1                  -3.63
e.x1.xcdec2.ec_moscap#branch                 0
e.x1.xcdec1.ec_moscap#branch                 0
vs#branch                           0.00015706
vb2#branch                                   0
vb1#branch                                   0
vb0#branch                                   0
vc#branch                                    0
vdd#branch                         -0.00015706


No. of Data Rows : 2880
tp_a                =  1.01404e-07 targ=  3.30057e-07 trig=  2.28653e-07
i_a                 =  2.09913e-04 from=  2.23044e-07 to=  6.13370e-07
MCVCOPAIR_A tp=1.01404E-07 f=3.94461E+07 i=0.000209913
Doing analysis at TEMP = 125.000000 and TNOM = 27.000000

Using SPARSE 1.3 as Direct Linear Solver

Initial Transient Solution
--------------------------

Node                                   Voltage
----                                   -------
vdd                                       3.63
vc                                         0.9
nb0                                          0
nb1                                          0
nb2                                       3.63
nvs                                       3.63
x1.xbias.na                           0.875681
x1.xbias.vbpc                           2.7935
x1.xbias.nc                           0.175463
x1.xbias.xrcg.11                      0.175186
x1.xbias.xrcg.21                   0.000277051
x1.xbias.nsu                         0.0145371
x1.xbias.vfix                          1.39381
x1.xbias.nmd                          0.600601
x1.xbias.vbp0                          3.00311
x1.xbias.noff                         0.647584
x1.xbias.xroff.11                     0.647405
x1.xbias.xroff.21                  0.000178753
x1.xbias.nvi                          0.307801
x1.xbias.xrdeg.11                     0.307716
x1.xbias.xrdeg.21                  8.49625e-05
x1.xbias.b0b                           3.62999
x1.xbias.b1b                              3.63
x1.xbias.b2b                       4.67352e-07
x1.xbias.vbn1                         0.518541
x1.xbias.ga                               3.63
x1.xbias.vbp2                          3.02328
x1.xbias.gb                        1.07772e-07
x1.vbn                                 0.62586
x1.xbias.gc                            3.02328
x1.vbp                                  2.8831
x1.xs1.nh                              1.12313
x1.y1                                        0
x1.y5                                        0
x1.xs1.nt                          7.94377e-18
x1.xs2.nh                                 3.63
x1.y2                                     3.63
x1.xs2.nt                           3.3384e-05
x1.xs3.nh                                 3.63
x1.y3                                        0
x1.xs3.nt                          2.10439e-27
x1.xs4.nh                                 3.63
x1.y4                                     3.63
x1.xs4.nt                           5.5614e-05
x1.xs5.nh                              3.62999
x1.xs5.nt                          2.99856e-35
x1.nb1                                 3.62999
x1.nb2                             4.55381e-07
clk1                                      3.63
x1.xcdec1.c_moscap_int1                  -3.63
x1.xcdec2.c_moscap_int1                  -3.63
e.x1.xcdec2.ec_moscap#branch                 0
e.x1.xcdec1.ec_moscap#branch                 0
vs#branch                           8.8379e-05
vb2#branch                                   0
vb1#branch                                   0
vb0#branch                                   0
vc#branch                                    0
vdd#branch                         -8.8379e-05


No. of Data Rows : 2956
tp_b                =  1.40794e-07 targ=  4.57872e-07 trig=  3.17078e-07
i_b                 =  1.32252e-04 from=  2.98606e-07 to=  8.21166e-07
MCVCOPAIR_B tp=1.40794E-07 f=2.84103E+07 i=0.000132252
Note: Simulation executed from .control section 
