
Note: Compatibility modes selected: hs a

Warning: m=xx on .subckt line will override multiplier m hierarchy!


Circuit: * generated by simenv.sh -- do not edit; edit sim/vco-tuning-range/testbench/tb_vco_band_pair.sp instead

Doing analysis at TEMP = 125.000000 and TNOM = 27.000000

Using SPARSE 1.3 as Direct Linear Solver

Initial Transient Solution
--------------------------

Node                                   Voltage
----                                   -------
vdd                                       2.97
vc                                         2.7
nb0                                       2.97
nb1                                       2.97
nb2                                          0
nvs                                       2.97
x1.xbias.na                            1.15165
x1.xbias.vbpc                          1.84845
x1.xbias.nc                           0.192189
x1.xbias.xrcg.11                      0.191886
x1.xbias.xrcg.21                   0.000303462
x1.xbias.nsu                        0.00576093
x1.xbias.vfix                          1.95717
x1.xbias.nmd                          0.838757
x1.xbias.vbp0                          2.00186
x1.xbias.noff                         0.865971
x1.xbias.xroff.11                     0.865732
x1.xbias.xroff.21                  0.000239035
x1.xbias.nvi                           1.40912
x1.xbias.xrdeg.11                      1.40873
x1.xbias.xrdeg.21                   0.00038896
x1.xbias.b0b                       1.08112e-08
x1.xbias.b1b                       1.09192e-08
x1.xbias.b2b                              2.97
x1.xbias.vbn1                         0.868608
x1.xbias.ga                            2.00186
x1.xbias.vbp2                          1.83248
x1.xbias.gb                           0.868608
x1.vbn                                0.893258
x1.xbias.gc                               2.97
x1.vbp                                 1.93965
x1.xs1.nh                              1.34959
x1.y1                                        0
x1.y5                                        0
x1.xs1.nt                          8.38424e-15
x1.xs2.nh                                 2.97
x1.y2                                     2.97
x1.xs2.nt                          2.58402e-07
x1.xs3.nh                                 2.97
x1.y3                                        0
x1.xs3.nt                          2.21577e-16
x1.xs4.nh                                 2.97
x1.y4                                     2.97
x1.xs4.nt                          2.63526e-07
x1.xs5.nh                                 2.97
x1.xs5.nt                          2.29422e-16
x1.nb1                                    2.97
x1.nb2                              8.1633e-09
clk1                                      2.97
x1.xcdec1.c_moscap_int1                  -2.97
x1.xcdec2.c_moscap_int1                  -2.97
e.x1.xcdec2.ec_moscap#branch                 0
e.x1.xcdec1.ec_moscap#branch                 0
vs#branch                          0.000148102
vb2#branch                                   0
vb1#branch                                   0
vb0#branch                                   0
vc#branch                                    0
vdd#branch                        -0.000148102


No. of Data Rows : 2853
tp_a                =  7.01495e-08 targ=  2.28747e-07 trig=  1.58597e-07
i_a                 =  1.77331e-04 from=  1.52378e-07 to=  4.19040e-07
MCVCOPAIR_A tp=7.01495E-08 f=5.70211E+07 i=0.000177331
Doing analysis at TEMP = 125.000000 and TNOM = 27.000000

Using SPARSE 1.3 as Direct Linear Solver

Initial Transient Solution
--------------------------

Node                                   Voltage
----                                   -------
vdd                                       2.97
vc                                         0.9
nb0                                          0
nb1                                          0
nb2                                       2.97
nvs                                       2.97
x1.xbias.na                            1.15165
x1.xbias.vbpc                          1.84845
x1.xbias.nc                           0.192189
x1.xbias.xrcg.11                      0.191886
x1.xbias.xrcg.21                   0.000303462
x1.xbias.nsu                        0.00576093
x1.xbias.vfix                          1.95717
x1.xbias.nmd                          0.838757
x1.xbias.vbp0                          2.08124
x1.xbias.noff                         0.866107
x1.xbias.xroff.11                     0.865867
x1.xbias.xroff.21                  0.000239072
x1.xbias.nvi                          0.163398
x1.xbias.xrdeg.11                     0.163353
x1.xbias.xrdeg.21                  4.51029e-05
x1.xbias.b0b                              2.97
x1.xbias.b1b                              2.97
x1.xbias.b2b                       1.12077e-08
x1.xbias.vbn1                          0.74755
x1.xbias.ga                               2.97
x1.xbias.vbp2                          2.10621
x1.xbias.gb                        1.78548e-09
x1.vbn                                0.867805
x1.xbias.gc                            2.10621
x1.vbp                                 1.96841
x1.xs1.nh                              1.32513
x1.y1                                        0
x1.y5                                        0
x1.xs1.nt                         -7.80394e-13
x1.xs2.nh                                 2.97
x1.y2                                     2.97
x1.xs2.nt                          2.95443e-07
x1.xs3.nh                                 2.97
x1.y3                                        0
x1.xs3.nt                          7.32354e-17
x1.xs4.nh                                 2.97
x1.y4                                     2.97
x1.xs4.nt                          3.00795e-07
x1.xs5.nh                                 2.97
x1.xs5.nt                          5.23521e-17
x1.nb1                                    2.97
x1.nb2                              8.1633e-09
clk1                                      2.97
x1.xcdec1.c_moscap_int1                  -2.97
x1.xcdec2.c_moscap_int1                  -2.97
e.x1.xcdec2.ec_moscap#branch                 0
e.x1.xcdec1.ec_moscap#branch                 0
vs#branch                          8.74277e-05
vb2#branch                                   0
vb1#branch                                   0
vb0#branch                                   0
vc#branch                                    0
vdd#branch                        -8.74277e-05


No. of Data Rows : 2932
tp_b                =  8.99843e-08 targ=  2.92951e-07 trig=  2.02966e-07
i_b                 =  1.12317e-04 from=  1.99569e-07 to=  5.48815e-07
MCVCOPAIR_B tp=8.99843E-08 f=4.44522E+07 i=0.000112317
Note: Simulation executed from .control section 
