
Note: Compatibility modes selected: hs a

Warning: m=xx on .subckt line will override multiplier m hierarchy!


Circuit: * generated by simenv.sh -- do not edit; edit sim/vco-tuning-range/testbench/tb_vco_band_pair.sp instead

Doing analysis at TEMP = -40.000000 and TNOM = 27.000000

Using SPARSE 1.3 as Direct Linear Solver

Initial Transient Solution
--------------------------

Node                                   Voltage
----                                   -------
vdd                                       3.63
vc                                         2.7
nb0                                       3.63
nb1                                       3.63
nb2                                          0
nvs                                       3.63
x1.xbias.na                            1.04539
x1.xbias.vbpc                          2.51806
x1.xbias.nc                          0.0941357
x1.xbias.xrcg.11                      0.093931
x1.xbias.xrcg.21                   0.000204789
x1.xbias.nsu                         0.0183692
x1.xbias.vfix                          2.12505
x1.xbias.nmd                          0.913955
x1.xbias.vbp0                          2.54625
x1.xbias.noff                         0.911548
x1.xbias.xroff.11                     0.911201
x1.xbias.xroff.21                  0.000347011
x1.xbias.nvi                           1.34387
x1.xbias.xrdeg.11                      1.34335
x1.xbias.xrdeg.21                  0.000511587
x1.xbias.b0b                       5.17676e-09
x1.xbias.b1b                       5.22942e-09
x1.xbias.b2b                              3.63
x1.xbias.vbn1                         0.953531
x1.xbias.ga                            2.54625
x1.xbias.vbp2                          2.44369
x1.xbias.gb                           0.953531
x1.vbn                                0.978269
x1.xbias.gc                               3.63
x1.vbp                                 2.50178
x1.xs1.nh                              1.52485
x1.y1                                        0
x1.y5                                        0
x1.xs1.nt                         -5.36159e-18
x1.xs2.nh                                 3.63
x1.y2                                     3.63
x1.xs2.nt                          6.43268e-13
x1.xs3.nh                                 3.63
x1.y3                                        0
x1.xs3.nt                          9.58594e-58
x1.xs4.nh                                 3.63
x1.y4                                     3.63
x1.xs4.nt                          3.28996e-13
x1.xs5.nh                                 3.63
x1.xs5.nt                          2.12691e-38
x1.nb1                                    3.63
x1.nb2                             3.62461e-09
clk1                                      3.63
x1.xcdec1.c_moscap_int1                  -3.63
x1.xcdec2.c_moscap_int1                  -3.63
e.x1.xcdec2.ec_moscap#branch                 0
e.x1.xcdec1.ec_moscap#branch                 0
vs#branch                          0.000102283
vb2#branch                                   0
vb1#branch                                   0
vb0#branch                                   0
vc#branch                                    0
vdd#branch                        -0.000102283


No. of Data Rows : 2885
tp_a                =  1.28170e-07 targ=  3.85109e-07 trig=  2.56939e-07
i_a                 =  1.30355e-04 from=  2.44424e-07 to=  6.72165e-07
MCVCOPAIR_A tp=1.2817E-07 f=3.12086E+07 i=0.000130355
Doing analysis at TEMP = -40.000000 and TNOM = 27.000000

Using SPARSE 1.3 as Direct Linear Solver

Initial Transient Solution
--------------------------

Node                                   Voltage
----                                   -------
vdd                                       3.63
vc                                         0.9
nb0                                          0
nb1                                          0
nb2                                       3.63
nvs                                       3.63
x1.xbias.na                            1.04539
x1.xbias.vbpc                          2.51806
x1.xbias.nc                          0.0941357
x1.xbias.xrcg.11                      0.093931
x1.xbias.xrcg.21                   0.000204789
x1.xbias.nsu                         0.0183692
x1.xbias.vfix                          2.12505
x1.xbias.nmd                          0.913955
x1.xbias.vbp0                          2.59836
x1.xbias.noff                         0.911634
x1.xbias.xroff.11                     0.911287
x1.xbias.xroff.21                  0.000347044
x1.xbias.nvi                         0.0750047
x1.xbias.xrdeg.11                    0.0749761
x1.xbias.xrdeg.21                   2.8553e-05
x1.xbias.b0b                              3.63
x1.xbias.b1b                              3.63
x1.xbias.b2b                       5.24124e-09
x1.xbias.vbn1                         0.874031
x1.xbias.ga                               3.63
x1.xbias.vbp2                           2.6189
x1.xbias.gb                        1.64055e-16
x1.vbn                                0.956117
x1.xbias.gc                             2.6189
x1.vbp                                 2.52709
x1.xs1.nh                              1.50239
x1.y1                                        0
x1.y5                                        0
x1.xs1.nt                          1.87852e-17
x1.xs2.nh                                 3.63
x1.y2                                     3.63
x1.xs2.nt                          7.84172e-13
x1.xs3.nh                                 3.63
x1.y3                                        0
x1.xs3.nt                         -8.39203e-19
x1.xs4.nh                                 3.63
x1.y4                                     3.63
x1.xs4.nt                          4.03882e-13
x1.xs5.nh                                 3.63
x1.xs5.nt                          3.76102e-19
x1.nb1                                    3.63
x1.nb2                             3.62461e-09
clk1                                      3.63
x1.xcdec1.c_moscap_int1                  -3.63
x1.xcdec2.c_moscap_int1                  -3.63
e.x1.xcdec2.ec_moscap#branch                 0
e.x1.xcdec1.ec_moscap#branch                 0
vs#branch                          5.38079e-05
vb2#branch                                   0
vb1#branch                                   0
vb0#branch                                   0
vc#branch                                    0
vdd#branch                        -5.38079e-05


No. of Data Rows : 2849
tp_b                =  1.76670e-07 targ=  5.31127e-07 trig=  3.54457e-07
i_b                 =  7.77855e-05 from=  3.29017e-07 to=  9.04797e-07
MCVCOPAIR_B tp=1.7667E-07 f=2.26411E+07 i=7.77855E-05
Note: Simulation executed from .control section 
