
Note: Compatibility modes selected: hs a

Warning: m=xx on .subckt line will override multiplier m hierarchy!


Circuit: * generated by simenv.sh -- do not edit; edit sim/vco-tuning-range/testbench/tb_vco_band_pair.sp instead

Doing analysis at TEMP = 125.000000 and TNOM = 27.000000

Using SPARSE 1.3 as Direct Linear Solver

Initial Transient Solution
--------------------------

Node                                   Voltage
----                                   -------
vdd                                       3.63
vc                                         2.7
nb0                                          0
nb1                                       3.63
nb2                                       3.63
nvs                                       3.63
x1.xbias.na                            1.10506
x1.xbias.vbpc                          2.53177
x1.xbias.nc                           0.169281
x1.xbias.xrcg.11                      0.169014
x1.xbias.xrcg.21                    0.00026729
x1.xbias.nsu                         0.0110396
x1.xbias.vfix                          1.92277
x1.xbias.nmd                          0.826978
x1.xbias.vbp0                          2.66237
x1.xbias.noff                         0.843502
x1.xbias.xroff.11                     0.843269
x1.xbias.xroff.21                  0.000232832
x1.xbias.nvi                           1.40995
x1.xbias.xrdeg.11                      1.40956
x1.xbias.xrdeg.21                   0.00038919
x1.xbias.b0b                              3.63
x1.xbias.b1b                       1.24789e-08
x1.xbias.b2b                       1.27361e-08
x1.xbias.vbn1                         0.813166
x1.xbias.ga                               3.63
x1.xbias.vbp2                          2.58108
x1.xbias.gb                           0.813166
x1.vbn                                 1.16677
x1.xbias.gc                            2.58108
x1.vbp                                 2.27676
x1.xs1.nh                              1.72788
x1.y1                                        0
x1.y5                                        0
x1.xs1.nt                         -1.14967e-13
x1.xs2.nh                                 3.63
x1.y2                                     3.63
x1.xs2.nt                          1.81757e-07
x1.xs3.nh                                 3.63
x1.y3                                        0
x1.xs3.nt                         -6.73442e-17
x1.xs4.nh                                 3.63
x1.y4                                     3.63
x1.xs4.nt                          1.87303e-07
x1.xs5.nh                                 3.63
x1.xs5.nt                         -6.80391e-17
x1.nb1                                    3.63
x1.nb2                             1.09071e-08
clk1                                      3.63
x1.xcdec1.c_moscap_int1                  -3.63
x1.xcdec2.c_moscap_int1                  -3.63
e.x1.xcdec2.ec_moscap#branch                 0
e.x1.xcdec1.ec_moscap#branch                 0
vs#branch                          0.000305915
vb2#branch                                   0
vb1#branch                                   0
vb0#branch                                   0
vc#branch                                    0
vdd#branch                        -0.000305915


No. of Data Rows : 2814
tp_a                =  1.77457e-08 targ=  5.80853e-08 trig=  4.03396e-08
i_a                 =  4.22047e-04 from=  3.75158e-08 to=  1.03169e-07
MCVCOPAIR_A tp=1.77457E-08 f=2.25407E+08 i=0.000422047
Doing analysis at TEMP = 125.000000 and TNOM = 27.000000

Using SPARSE 1.3 as Direct Linear Solver

Initial Transient Solution
--------------------------

Node                                   Voltage
----                                   -------
vdd                                       3.63
vc                                         0.9
nb0                                       3.63
nb1                                       3.63
nb2                                       3.63
nvs                                       3.63
x1.xbias.na                            1.10506
x1.xbias.vbpc                          2.53177
x1.xbias.nc                           0.169281
x1.xbias.xrcg.11                      0.169014
x1.xbias.xrcg.21                    0.00026729
x1.xbias.nsu                         0.0110396
x1.xbias.vfix                          1.92277
x1.xbias.nmd                          0.826978
x1.xbias.vbp0                          2.74254
x1.xbias.noff                         0.843624
x1.xbias.xroff.11                     0.843391
x1.xbias.xroff.21                  0.000232866
x1.xbias.nvi                          0.163958
x1.xbias.xrdeg.11                     0.163913
x1.xbias.xrdeg.21                  4.52575e-05
x1.xbias.b0b                       1.21365e-08
x1.xbias.b1b                       1.24789e-08
x1.xbias.b2b                       1.27361e-08
x1.xbias.vbn1                         0.785554
x1.xbias.ga                            2.74254
x1.xbias.vbp2                          2.62216
x1.xbias.gb                           0.785554
x1.vbn                                 1.09337
x1.xbias.gc                            2.62216
x1.vbp                                  2.3578
x1.xs1.nh                              1.65566
x1.y1                                        0
x1.y5                                        0
x1.xs1.nt                          1.67552e-17
x1.xs2.nh                                 3.63
x1.y2                                     3.63
x1.xs2.nt                          2.14489e-07
x1.xs3.nh                                 3.63
x1.y3                                        0
x1.xs3.nt                         -7.34516e-36
x1.xs4.nh                                 3.63
x1.y4                                     3.63
x1.xs4.nt                          2.20698e-07
x1.xs5.nh                                 3.63
x1.xs5.nt                         -2.09015e-35
x1.nb1                                    3.63
x1.nb2                             1.09071e-08
clk1                                      3.63
x1.xcdec1.c_moscap_int1                  -3.63
x1.xcdec2.c_moscap_int1                  -3.63
e.x1.xcdec2.ec_moscap#branch                 0
e.x1.xcdec1.ec_moscap#branch                 0
vs#branch                           0.00022845
vb2#branch                                   0
vb1#branch                                   0
vb0#branch                                   0
vc#branch                                    0
vdd#branch                         -0.00022845


No. of Data Rows : 2837
tp_b                =  2.47971e-08 targ=  8.10168e-08 trig=  5.62197e-08
i_b                 =  3.17853e-04 from=  5.13940e-08 to=  1.41334e-07
MCVCOPAIR_B tp=2.47971E-08 f=1.61309E+08 i=0.000317853
Note: Simulation executed from .control section 
