
Note: Compatibility modes selected: hs a

Warning: m=xx on .subckt line will override multiplier m hierarchy!


Circuit: * generated by simenv.sh -- do not edit; edit sim/vco-tuning-range/testbench/tb_vco_band_pair.sp instead

Doing analysis at TEMP = -40.000000 and TNOM = 27.000000

Using SPARSE 1.3 as Direct Linear Solver

Initial Transient Solution
--------------------------

Node                                   Voltage
----                                   -------
vdd                                       2.97
vc                                         2.7
nb0                                       2.97
nb1                                       2.97
nb2                                          0
nvs                                       2.97
x1.xbias.na                            1.04895
x1.xbias.vbpc                          1.85867
x1.xbias.nc                          0.0945464
x1.xbias.xrcg.11                     0.0943407
x1.xbias.xrcg.21                   0.000205683
x1.xbias.nsu                        0.00964819
x1.xbias.vfix                          2.09866
x1.xbias.nmd                          0.899218
x1.xbias.vbp0                          1.88623
x1.xbias.noff                         0.889802
x1.xbias.xroff.11                     0.889464
x1.xbias.xroff.21                  0.000338733
x1.xbias.nvi                           1.34424
x1.xbias.xrdeg.11                      1.34373
x1.xbias.xrdeg.21                  0.000511731
x1.xbias.b0b                       4.52533e-09
x1.xbias.b1b                       4.49714e-09
x1.xbias.b2b                              2.97
x1.xbias.vbn1                         0.954031
x1.xbias.ga                            1.88623
x1.xbias.vbp2                          1.78457
x1.xbias.gb                           0.954031
x1.vbn                                 0.97913
x1.xbias.gc                               2.97
x1.vbp                                 1.84497
x1.xs1.nh                              1.42808
x1.y1                                        0
x1.y5                                        0
x1.xs1.nt                          1.55283e-17
x1.xs2.nh                                 2.97
x1.y2                                     2.97
x1.xs2.nt                          1.94826e-13
x1.xs3.nh                                 2.97
x1.y3                                        0
x1.xs3.nt                         -1.75611e-38
x1.xs4.nh                                 2.97
x1.y4                                     2.97
x1.xs4.nt                          2.54799e-13
x1.xs5.nh                                 2.97
x1.xs5.nt                          2.22298e-38
x1.nb1                                    2.97
x1.nb2                             2.96414e-09
clk1                                      2.97
x1.xcdec1.c_moscap_int1                  -2.97
x1.xcdec2.c_moscap_int1                  -2.97
e.x1.xcdec2.ec_moscap#branch                 0
e.x1.xcdec1.ec_moscap#branch                 0
vs#branch                          9.94228e-05
vb2#branch                                   0
vb1#branch                                   0
vb0#branch                                   0
vc#branch                                    0
vdd#branch                        -9.94228e-05


No. of Data Rows : 2886
tp_a                =  8.46878e-08 targ=  2.75960e-07 trig=  1.91273e-07
i_a                 =  1.21227e-04 from=  1.74660e-07 to=  4.80316e-07
MCVCOPAIR_A tp=8.46878E-08 f=4.72323E+07 i=0.000121227
Doing analysis at TEMP = -40.000000 and TNOM = 27.000000

Using SPARSE 1.3 as Direct Linear Solver

Initial Transient Solution
--------------------------

Node                                   Voltage
----                                   -------
vdd                                       2.97
vc                                         0.9
nb0                                          0
nb1                                          0
nb2                                       2.97
nvs                                       2.97
x1.xbias.na                            1.04895
x1.xbias.vbpc                          1.85867
x1.xbias.nc                          0.0945464
x1.xbias.xrcg.11                     0.0943407
x1.xbias.xrcg.21                   0.000205683
x1.xbias.nsu                        0.00964819
x1.xbias.vfix                          2.09866
x1.xbias.nmd                          0.899218
x1.xbias.vbp0                          1.93888
x1.xbias.noff                         0.889898
x1.xbias.xroff.11                     0.889559
x1.xbias.xroff.21                  0.000338769
x1.xbias.nvi                          0.075026
x1.xbias.xrdeg.11                    0.0749974
x1.xbias.xrdeg.21                  2.85611e-05
x1.xbias.b0b                              2.97
x1.xbias.b1b                              2.97
x1.xbias.b2b                       4.48918e-09
x1.xbias.vbn1                          0.87531
x1.xbias.ga                               2.97
x1.xbias.vbp2                          1.95758
x1.xbias.gb                        1.35293e-16
x1.vbn                                0.958016
x1.xbias.gc                            1.95758
x1.vbp                                 1.86903
x1.xs1.nh                              1.40735
x1.y1                                        0
x1.y5                                        0
x1.xs1.nt                         -6.12223e-18
x1.xs2.nh                                 2.97
x1.y2                                     2.97
x1.xs2.nt                          2.34656e-13
x1.xs3.nh                                 2.97
x1.y3                                        0
x1.xs3.nt                         -3.34353e-58
x1.xs4.nh                                 2.97
x1.y4                                     2.97
x1.xs4.nt                          3.06196e-13
x1.xs5.nh                                 2.97
x1.xs5.nt                         -5.36611e-78
x1.nb1                                    2.97
x1.nb2                             2.96414e-09
clk1                                      2.97
x1.xcdec1.c_moscap_int1                  -2.97
x1.xcdec2.c_moscap_int1                  -2.97
e.x1.xcdec2.ec_moscap#branch                 0
e.x1.xcdec1.ec_moscap#branch                 0
vs#branch                           5.2227e-05
vb2#branch                                   0
vb1#branch                                   0
vb0#branch                                   0
vc#branch                                    0
vdd#branch                         -5.2227e-05


No. of Data Rows : 2939
tp_b                =  1.16595e-07 targ=  3.79470e-07 trig=  2.62875e-07
i_b                 =  7.09851e-05 from=  2.44620e-07 to=  6.72704e-07
MCVCOPAIR_B tp=1.16595E-07 f=3.43067E+07 i=7.09851E-05
Note: Simulation executed from .control section 
