
Note: Compatibility modes selected: hs a

Warning: m=xx on .subckt line will override multiplier m hierarchy!


Circuit: * generated by simenv.sh -- do not edit; edit sim/vco-tuning-range/testbench/tb_vco_band_pair.sp instead

Doing analysis at TEMP = -40.000000 and TNOM = 27.000000

Using SPARSE 1.3 as Direct Linear Solver

Initial Transient Solution
--------------------------

Node                                   Voltage
----                                   -------
vdd                                       3.63
vc                                         2.7
nb0                                       3.63
nb1                                       3.63
nb2                                          0
nvs                                       3.63
x1.xbias.na                            1.05519
x1.xbias.vbpc                          2.51341
x1.xbias.nc                           0.098182
x1.xbias.xrcg.11                     0.0979684
x1.xbias.xrcg.21                   0.000213592
x1.xbias.nsu                         0.0169374
x1.xbias.vfix                          2.11671
x1.xbias.nmd                          0.909329
x1.xbias.vbp0                          2.54627
x1.xbias.noff                          0.90226
x1.xbias.xroff.11                     0.901916
x1.xbias.xroff.21                  0.000343475
x1.xbias.nvi                           1.34598
x1.xbias.xrdeg.11                      1.34547
x1.xbias.xrdeg.21                  0.000512391
x1.xbias.b0b                       5.23929e-09
x1.xbias.b1b                       5.17449e-09
x1.xbias.b2b                              3.63
x1.xbias.vbn1                         0.954471
x1.xbias.ga                            2.54627
x1.xbias.vbp2                          2.44464
x1.xbias.gb                           0.954471
x1.vbn                                0.983168
x1.xbias.gc                               3.63
x1.vbp                                 2.48577
x1.xs1.nh                              1.52557
x1.y1                                        0
x1.y5                                        0
x1.xs1.nt                         -5.99197e-18
x1.xs2.nh                                 3.63
x1.y2                                     3.63
x1.xs2.nt                          3.75525e-13
x1.xs3.nh                                 3.63
x1.y3                                        0
x1.xs3.nt                         -2.13411e-38
x1.xs4.nh                                 3.63
x1.y4                                     3.63
x1.xs4.nt                          2.92959e-13
x1.xs5.nh                                 3.63
x1.xs5.nt                           6.1915e-58
x1.nb1                                    3.63
x1.nb2                             3.63394e-09
clk1                                      3.63
x1.xcdec1.c_moscap_int1                  -3.63
x1.xcdec2.c_moscap_int1                  -3.63
e.x1.xcdec2.ec_moscap#branch                 0
e.x1.xcdec1.ec_moscap#branch                 0
vs#branch                          0.000105556
vb2#branch                                   0
vb1#branch                                   0
vb0#branch                                   0
vc#branch                                    0
vdd#branch                        -0.000105556


No. of Data Rows : 2862
tp_a                =  1.10722e-07 targ=  3.60224e-07 trig=  2.49501e-07
i_a                 =  1.35702e-04 from=  2.44424e-07 to=  6.72165e-07
MCVCOPAIR_A tp=1.10722E-07 f=3.61265E+07 i=0.000135702
Doing analysis at TEMP = -40.000000 and TNOM = 27.000000

Using SPARSE 1.3 as Direct Linear Solver

Initial Transient Solution
--------------------------

Node                                   Voltage
----                                   -------
vdd                                       3.63
vc                                         0.9
nb0                                          0
nb1                                          0
nb2                                       3.63
nvs                                       3.63
x1.xbias.na                            1.05519
x1.xbias.vbpc                          2.51341
x1.xbias.nc                           0.098182
x1.xbias.xrcg.11                     0.0979684
x1.xbias.xrcg.21                   0.000213592
x1.xbias.nsu                         0.0169374
x1.xbias.vfix                          2.11671
x1.xbias.nmd                          0.909329
x1.xbias.vbp0                          2.59858
x1.xbias.noff                         0.902347
x1.xbias.xroff.11                     0.902003
x1.xbias.xroff.21                  0.000343508
x1.xbias.nvi                         0.0764182
x1.xbias.xrdeg.11                    0.0763891
x1.xbias.xrdeg.21                  2.90911e-05
x1.xbias.b0b                              3.63
x1.xbias.b1b                              3.63
x1.xbias.b2b                        5.1905e-09
x1.xbias.vbn1                         0.875093
x1.xbias.ga                               3.63
x1.xbias.vbp2                          2.61618
x1.xbias.gb                        1.79213e-16
x1.vbn                                0.966908
x1.xbias.gc                            2.61618
x1.vbp                                 2.50471
x1.xs1.nh                              1.50876
x1.y1                                        0
x1.y5                                        0
x1.xs1.nt                         -2.09258e-13
x1.xs2.nh                                 3.63
x1.y2                                     3.63
x1.xs2.nt                           4.3068e-13
x1.xs3.nh                                 3.63
x1.y3                                        0
x1.xs3.nt                          1.35078e-16
x1.xs4.nh                                 3.63
x1.y4                                     3.63
x1.xs4.nt                          3.38791e-13
x1.xs5.nh                                 3.63
x1.xs5.nt                           1.1449e-16
x1.nb1                                    3.63
x1.nb2                             3.63394e-09
clk1                                      3.63
x1.xcdec1.c_moscap_int1                  -3.63
x1.xcdec2.c_moscap_int1                  -3.63
e.x1.xcdec2.ec_moscap#branch                 0
e.x1.xcdec1.ec_moscap#branch                 0
vs#branch                          5.95984e-05
vb2#branch                                   0
vb1#branch                                   0
vb0#branch                                   0
vc#branch                                    0
vdd#branch                        -5.95984e-05


No. of Data Rows : 2913
tp_b                =  1.38144e-07 targ=  4.83729e-07 trig=  3.45585e-07
i_b                 =  8.61913e-05 from=  3.29017e-07 to=  9.04797e-07
MCVCOPAIR_B tp=1.38144E-07 f=2.89553E+07 i=8.61913E-05
Note: Simulation executed from .control section 
