
Note: Compatibility modes selected: hs a

Warning: m=xx on .subckt line will override multiplier m hierarchy!


Circuit: * generated by simenv.sh -- do not edit; edit sim/vco-tuning-range/testbench/tb_vco_band_pair.sp instead

Doing analysis at TEMP = 125.000000 and TNOM = 27.000000

Using SPARSE 1.3 as Direct Linear Solver

Initial Transient Solution
--------------------------

Node                                   Voltage
----                                   -------
vdd                                       3.63
vc                                         2.7
nb0                                       3.63
nb1                                       3.63
nb2                                          0
nvs                                       3.63
x1.xbias.na                            1.09878
x1.xbias.vbpc                          2.74989
x1.xbias.nc                           0.186988
x1.xbias.xrcg.11                      0.186693
x1.xbias.xrcg.21                   0.000295249
x1.xbias.nsu                         0.0138014
x1.xbias.vfix                          1.85361
x1.xbias.nmd                          0.793589
x1.xbias.vbp0                          2.88798
x1.xbias.noff                         0.819781
x1.xbias.xroff.11                     0.819554
x1.xbias.xroff.21                  0.000226285
x1.xbias.nvi                           1.44228
x1.xbias.xrdeg.11                      1.44188
x1.xbias.xrdeg.21                  0.000398114
x1.xbias.b0b                       4.35942e-07
x1.xbias.b1b                       2.97653e-07
x1.xbias.b2b                              3.63
x1.xbias.vbn1                         0.833118
x1.xbias.ga                            2.88798
x1.xbias.vbp2                          2.73238
x1.xbias.gb                           0.833118
x1.vbn                                0.855717
x1.xbias.gc                               3.63
x1.vbp                                 2.81672
x1.xs1.nh                              1.19798
x1.y1                                        0
x1.y5                                        0
x1.xs1.nt                         -2.23008e-17
x1.xs2.nh                                 3.63
x1.y2                                     3.63
x1.xs2.nt                          6.42287e-07
x1.xs3.nh                                 3.63
x1.y3                                        0
x1.xs3.nt                          2.00849e-17
x1.xs4.nh                                 3.63
x1.y4                                     3.63
x1.xs4.nt                          4.93119e-07
x1.xs5.nh                                 3.63
x1.xs5.nt                          1.70874e-17
x1.nb1                                    3.63
x1.nb2                             3.26094e-07
clk1                                      3.63
x1.xcdec1.c_moscap_int1                  -3.63
x1.xcdec2.c_moscap_int1                  -3.63
e.x1.xcdec2.ec_moscap#branch                 0
e.x1.xcdec1.ec_moscap#branch                 0
vs#branch                          0.000150079
vb2#branch                                   0
vb1#branch                                   0
vb0#branch                                   0
vc#branch                                    0
vdd#branch                        -0.000150079


No. of Data Rows : 2839
tp_a                =  1.05511e-07 targ=  3.43469e-07 trig=  2.37958e-07
i_a                 =  1.91622e-04 from=  2.20377e-07 to=  6.06038e-07
MCVCOPAIR_A tp=1.05511E-07 f=3.79107E+07 i=0.000191622
Doing analysis at TEMP = 125.000000 and TNOM = 27.000000

Using SPARSE 1.3 as Direct Linear Solver

Initial Transient Solution
--------------------------

Node                                   Voltage
----                                   -------
vdd                                       3.63
vc                                         0.9
nb0                                          0
nb1                                          0
nb2                                       3.63
nvs                                       3.63
x1.xbias.na                            1.09878
x1.xbias.vbpc                          2.74989
x1.xbias.nc                           0.186988
x1.xbias.xrcg.11                      0.186693
x1.xbias.xrcg.21                   0.000295249
x1.xbias.nsu                         0.0138014
x1.xbias.vfix                          1.85361
x1.xbias.nmd                          0.793589
x1.xbias.vbp0                          2.96464
x1.xbias.noff                         0.819896
x1.xbias.xroff.11                      0.81967
x1.xbias.xroff.21                  0.000226316
x1.xbias.nvi                          0.182603
x1.xbias.xrdeg.11                     0.182553
x1.xbias.xrdeg.21                   5.0404e-05
x1.xbias.b0b                              3.63
x1.xbias.b1b                              3.63
x1.xbias.b2b                        3.0942e-07
x1.xbias.vbn1                         0.713227
x1.xbias.ga                               3.63
x1.xbias.vbp2                          2.98741
x1.xbias.gb                        2.69585e-09
x1.vbn                                0.828238
x1.xbias.gc                            2.98741
x1.vbp                                 2.84622
x1.xs1.nh                              1.17193
x1.y1                                        0
x1.y5                                        0
x1.xs1.nt                          2.17668e-17
x1.xs2.nh                                 3.63
x1.y2                                     3.63
x1.xs2.nt                          7.46852e-07
x1.xs3.nh                                 3.63
x1.y3                                        0
x1.xs3.nt                         -5.73343e-27
x1.xs4.nh                                 3.63
x1.y4                                     3.63
x1.xs4.nt                          5.71556e-07
x1.xs5.nh                                 3.63
x1.xs5.nt                          2.47075e-27
x1.nb1                                    3.63
x1.nb2                             3.26094e-07
clk1                                      3.63
x1.xcdec1.c_moscap_int1                  -3.63
x1.xcdec2.c_moscap_int1                  -3.63
e.x1.xcdec2.ec_moscap#branch                 0
e.x1.xcdec1.ec_moscap#branch                 0
vs#branch                            8.858e-05
vb2#branch                                   0
vb1#branch                                   0
vb0#branch                                   0
vc#branch                                    0
vdd#branch                          -8.858e-05


No. of Data Rows : 2883
tp_b                =  1.35818e-07 targ=  4.41464e-07 trig=  3.05647e-07
i_b                 =  1.25473e-04 from=  2.79453e-07 to=  7.68497e-07
MCVCOPAIR_B tp=1.35818E-07 f=2.94512E+07 i=0.000125473
Note: Simulation executed from .control section 
