
Note: Compatibility modes selected: hs a

Warning: m=xx on .subckt line will override multiplier m hierarchy!


Circuit: * generated by simenv.sh -- do not edit; edit sim/vco-tuning-range/testbench/tb_vco_band_pair.sp instead

Doing analysis at TEMP = 125.000000 and TNOM = 27.000000

Using SPARSE 1.3 as Direct Linear Solver

Initial Transient Solution
--------------------------

Node                                   Voltage
----                                   -------
vdd                                       3.63
vc                                         2.7
nb0                                       3.63
nb1                                          0
nb2                                          0
nvs                                       3.63
x1.xbias.na                            1.13805
x1.xbias.vbpc                          2.51493
x1.xbias.nc                            0.18596
x1.xbias.xrcg.11                      0.185667
x1.xbias.xrcg.21                   0.000293626
x1.xbias.nsu                         0.0101513
x1.xbias.vfix                          1.94536
x1.xbias.nmd                          0.830469
x1.xbias.vbp0                          2.66247
x1.xbias.noff                         0.857462
x1.xbias.xroff.11                     0.857226
x1.xbias.xroff.21                  0.000236686
x1.xbias.nvi                           1.41039
x1.xbias.xrdeg.11                         1.41
x1.xbias.xrdeg.21                  0.000389311
x1.xbias.b0b                       1.25572e-08
x1.xbias.b1b                              3.63
x1.xbias.b2b                              3.63
x1.xbias.vbn1                         0.865105
x1.xbias.ga                            2.66247
x1.xbias.vbp2                          2.64361
x1.xbias.gb                        2.15025e-09
x1.vbn                                0.788734
x1.xbias.gc                               3.63
x1.vbp                                 2.70068
x1.xs1.nh                              1.36044
x1.y1                                        0
x1.y5                                        0
x1.xs1.nt                         -7.63115e-18
x1.xs2.nh                                 3.63
x1.y2                                     3.63
x1.xs2.nt                           6.1962e-07
x1.xs3.nh                                 3.63
x1.y3                                        0
x1.xs3.nt                         -5.65842e-27
x1.xs4.nh                                 3.63
x1.y4                                     3.63
x1.xs4.nt                          8.26428e-07
x1.xs5.nh                                 3.63
x1.xs5.nt                          8.69502e-28
x1.nb1                                    3.63
x1.nb2                             1.08778e-08
clk1                                      3.63
x1.xcdec1.c_moscap_int1                  -3.63
x1.xcdec2.c_moscap_int1                  -3.63
e.x1.xcdec2.ec_moscap#branch                 0
e.x1.xcdec1.ec_moscap#branch                 0
vs#branch                          0.000101987
vb2#branch                                   0
vb1#branch                                   0
vb0#branch                                   0
vc#branch                                    0
vdd#branch                        -0.000101987


No. of Data Rows : 2815
tp_a                =  2.73255e-07 targ=  8.88139e-07 trig=  6.14884e-07
i_a                 =  1.21694e-04 from=  5.86101e-07 to=  1.61178e-06
MCVCOPAIR_A tp=2.73255E-07 f=1.46383E+07 i=0.000121694
Doing analysis at TEMP = 125.000000 and TNOM = 27.000000

Using SPARSE 1.3 as Direct Linear Solver

Initial Transient Solution
--------------------------

Node                                   Voltage
----                                   -------
vdd                                       3.63
vc                                         0.9
nb0                                          0
nb1                                       3.63
nb2                                          0
nvs                                       3.63
x1.xbias.na                            1.13805
x1.xbias.vbpc                          2.51493
x1.xbias.nc                            0.18596
x1.xbias.xrcg.11                      0.185667
x1.xbias.xrcg.21                   0.000293626
x1.xbias.nsu                         0.0101513
x1.xbias.vfix                          1.94536
x1.xbias.nmd                          0.830469
x1.xbias.vbp0                          2.74212
x1.xbias.noff                         0.857584
x1.xbias.xroff.11                     0.857348
x1.xbias.xroff.21                   0.00023672
x1.xbias.nvi                          0.164326
x1.xbias.xrdeg.11                      0.16428
x1.xbias.xrdeg.21                  4.53589e-05
x1.xbias.b0b                              3.63
x1.xbias.b1b                         1.181e-08
x1.xbias.b2b                              3.63
x1.xbias.vbn1                         0.744716
x1.xbias.ga                               3.63
x1.xbias.vbp2                          2.67614
x1.xbias.gb                           0.744716
x1.vbn                                0.765597
x1.xbias.gc                               3.63
x1.vbp                                  2.7266
x1.xs1.nh                                1.338
x1.y1                                        0
x1.y5                                        0
x1.xs1.nt                         -5.90023e-17
x1.xs2.nh                                 3.63
x1.y2                                     3.63
x1.xs2.nt                          7.53532e-07
x1.xs3.nh                                 3.63
x1.y3                                        0
x1.xs3.nt                         -4.63385e-19
x1.xs4.nh                                 3.63
x1.y4                                     3.63
x1.xs4.nt                          1.00683e-06
x1.xs5.nh                                 3.63
x1.xs5.nt                          3.89406e-18
x1.nb1                                    3.63
x1.nb2                             1.08778e-08
clk1                                      3.63
x1.xcdec1.c_moscap_int1                  -3.63
x1.xcdec2.c_moscap_int1                  -3.63
e.x1.xcdec2.ec_moscap#branch                 0
e.x1.xcdec1.ec_moscap#branch                 0
vs#branch                          6.74283e-05
vb2#branch                                   0
vb1#branch                                   0
vb0#branch                                   0
vc#branch                                    0
vdd#branch                        -6.74283e-05


No. of Data Rows : 2925
tp_b                =  3.63816e-07 targ=  1.18342e-06 trig=  8.19608e-07
i_b                 =  8.44945e-05 from=  7.61269e-07 to=  2.09349e-06
MCVCOPAIR_B tp=3.63816E-07 f=1.09946E+07 i=8.44945E-05
Note: Simulation executed from .control section 
