
Note: Compatibility modes selected: hs a

Warning: m=xx on .subckt line will override multiplier m hierarchy!


Circuit: * generated by simenv.sh -- do not edit; edit sim/vco-tuning-range/testbench/tb_vco_band_pair.sp instead

Doing analysis at TEMP = 125.000000 and TNOM = 27.000000

Using SPARSE 1.3 as Direct Linear Solver

Initial Transient Solution
--------------------------

Node                                   Voltage
----                                   -------
vdd                                       3.63
vc                                         2.7
nb0                                       3.63
nb1                                       3.63
nb2                                          0
nvs                                       3.63
x1.xbias.na                              1.083
x1.xbias.vbpc                          2.75526
x1.xbias.nc                           0.177646
x1.xbias.xrcg.11                      0.177366
x1.xbias.xrcg.21                   0.000280499
x1.xbias.nsu                         0.0145547
x1.xbias.vfix                          1.86221
x1.xbias.nmd                          0.798396
x1.xbias.vbp0                          2.88534
x1.xbias.noff                         0.826528
x1.xbias.xroff.11                       0.8263
x1.xbias.xroff.21                  0.000228147
x1.xbias.nvi                            1.4448
x1.xbias.xrdeg.11                       1.4444
x1.xbias.xrdeg.21                  0.000398808
x1.xbias.b0b                       3.53802e-07
x1.xbias.b1b                       3.30295e-07
x1.xbias.b2b                              3.63
x1.xbias.vbn1                         0.837317
x1.xbias.ga                            2.88534
x1.xbias.vbp2                           2.7203
x1.xbias.gb                           0.837317
x1.vbn                                0.859525
x1.xbias.gc                               3.63
x1.vbp                                  2.8132
x1.xs1.nh                              1.19634
x1.y1                                        0
x1.y5                                        0
x1.xs1.nt                         -2.69337e-18
x1.xs2.nh                                 3.63
x1.y2                                     3.63
x1.xs2.nt                          4.32996e-07
x1.xs3.nh                                 3.63
x1.y3                                        0
x1.xs3.nt                          5.61907e-18
x1.xs4.nh                                 3.63
x1.y4                                     3.63
x1.xs4.nt                          3.45218e-07
x1.xs5.nh                                 3.63
x1.xs5.nt                          6.74332e-18
x1.nb1                                    3.63
x1.nb2                             2.47701e-07
clk1                                      3.63
x1.xcdec1.c_moscap_int1                  -3.63
x1.xcdec2.c_moscap_int1                  -3.63
e.x1.xcdec2.ec_moscap#branch                 0
e.x1.xcdec1.ec_moscap#branch                 0
vs#branch                          0.000153811
vb2#branch                                   0
vb1#branch                                   0
vb0#branch                                   0
vc#branch                                    0
vdd#branch                        -0.000153811


No. of Data Rows : 2852
tp_a                =  1.03179e-07 targ=  3.35349e-07 trig=  2.32171e-07
i_a                 =  1.96203e-04 from=  2.20377e-07 to=  6.06038e-07
MCVCOPAIR_A tp=1.03179E-07 f=3.87677E+07 i=0.000196203
Doing analysis at TEMP = 125.000000 and TNOM = 27.000000

Using SPARSE 1.3 as Direct Linear Solver

Initial Transient Solution
--------------------------

Node                                   Voltage
----                                   -------
vdd                                       3.63
vc                                         0.9
nb0                                          0
nb1                                          0
nb2                                       3.63
nvs                                       3.63
x1.xbias.na                              1.083
x1.xbias.vbpc                          2.75526
x1.xbias.nc                           0.177646
x1.xbias.xrcg.11                      0.177366
x1.xbias.xrcg.21                   0.000280499
x1.xbias.nsu                         0.0145547
x1.xbias.vfix                          1.86221
x1.xbias.nmd                          0.798396
x1.xbias.vbp0                          2.96174
x1.xbias.noff                         0.826643
x1.xbias.xroff.11                     0.826414
x1.xbias.xroff.21                  0.000228179
x1.xbias.nvi                          0.184533
x1.xbias.xrdeg.11                     0.184482
x1.xbias.xrdeg.21                  5.09368e-05
x1.xbias.b0b                              3.63
x1.xbias.b1b                              3.63
x1.xbias.b2b                       3.24411e-07
x1.xbias.vbn1                         0.717432
x1.xbias.ga                               3.63
x1.xbias.vbp2                           2.9778
x1.xbias.gb                        2.32838e-09
x1.vbn                                0.839046
x1.xbias.gc                             2.9778
x1.vbp                                 2.83514
x1.xs1.nh                              1.17694
x1.y1                                        0
x1.y5                                        0
x1.xs1.nt                           1.2044e-17
x1.xs2.nh                                 3.63
x1.y2                                     3.63
x1.xs2.nt                          4.83395e-07
x1.xs3.nh                                 3.63
x1.y3                                        0
x1.xs3.nt                          3.15328e-35
x1.xs4.nh                                 3.63
x1.y4                                     3.63
x1.xs4.nt                          3.84102e-07
x1.xs5.nh                                 3.63
x1.xs5.nt                          2.49001e-27
x1.nb1                                    3.63
x1.nb2                             2.47701e-07
clk1                                      3.63
x1.xcdec1.c_moscap_int1                  -3.63
x1.xcdec2.c_moscap_int1                  -3.63
e.x1.xcdec2.ec_moscap#branch                 0
e.x1.xcdec1.ec_moscap#branch                 0
vs#branch                          9.29873e-05
vb2#branch                                   0
vb1#branch                                   0
vb0#branch                                   0
vc#branch                                    0
vdd#branch                        -9.29873e-05


No. of Data Rows : 2935
tp_b                =  1.23802e-07 targ=  4.33579e-07 trig=  3.09777e-07
i_b                 =  1.29902e-04 from=  2.79453e-07 to=  7.68497e-07
MCVCOPAIR_B tp=1.23802E-07 f=3.23096E+07 i=0.000129902
Note: Simulation executed from .control section 
