
Note: Compatibility modes selected: hs a

Warning: m=xx on .subckt line will override multiplier m hierarchy!


Circuit: * generated by simenv.sh -- do not edit; edit sim/vco-tuning-range/testbench/tb_vco_band_pair.sp instead

Doing analysis at TEMP = 125.000000 and TNOM = 27.000000

Using SPARSE 1.3 as Direct Linear Solver

Initial Transient Solution
--------------------------

Node                                   Voltage
----                                   -------
vdd                                       2.97
vc                                         2.7
nb0                                       2.97
nb1                                       2.97
nb2                                          0
nvs                                       2.97
x1.xbias.na                            1.14579
x1.xbias.vbpc                          1.85133
x1.xbias.nc                           0.190156
x1.xbias.xrcg.11                      0.189855
x1.xbias.xrcg.21                   0.000300251
x1.xbias.nsu                        0.00596517
x1.xbias.vfix                          1.96013
x1.xbias.nmd                          0.838772
x1.xbias.vbp0                          2.00292
x1.xbias.noff                         0.868923
x1.xbias.xroff.11                     0.868683
x1.xbias.xroff.21                  0.000239849
x1.xbias.nvi                           1.41188
x1.xbias.xrdeg.11                      1.41149
x1.xbias.xrdeg.21                  0.000389721
x1.xbias.b0b                       1.10377e-08
x1.xbias.b1b                       1.12464e-08
x1.xbias.b2b                              2.97
x1.xbias.vbn1                         0.865158
x1.xbias.ga                            2.00292
x1.xbias.vbp2                            1.842
x1.xbias.gb                           0.865158
x1.vbn                                0.890193
x1.xbias.gc                               2.97
x1.vbp                                 1.93399
x1.xs1.nh                              1.35775
x1.y1                                        0
x1.y5                                        0
x1.xs1.nt                         -5.04177e-24
x1.xs2.nh                                 2.97
x1.y2                                     2.97
x1.xs2.nt                          3.28029e-07
x1.xs3.nh                                 2.97
x1.y3                                        0
x1.xs3.nt                          1.44587e-43
x1.xs4.nh                                 2.97
x1.y4                                     2.97
x1.xs4.nt                          2.83898e-07
x1.xs5.nh                                 2.97
x1.xs5.nt                         -9.79727e-52
x1.nb1                                    2.97
x1.nb2                             9.21779e-09
clk1                                      2.97
x1.xcdec1.c_moscap_int1                  -2.97
x1.xcdec2.c_moscap_int1                  -2.97
e.x1.xcdec2.ec_moscap#branch                 0
e.x1.xcdec1.ec_moscap#branch                 0
vs#branch                          0.000147047
vb2#branch                                   0
vb1#branch                                   0
vb0#branch                                   0
vc#branch                                    0
vdd#branch                        -0.000147047


No. of Data Rows : 2838
tp_a                =  6.95045e-08 targ=  2.26757e-07 trig=  1.57252e-07
i_a                 =  1.75344e-04 from=  1.52378e-07 to=  4.19040e-07
MCVCOPAIR_A tp=6.95045E-08 f=5.75502E+07 i=0.000175344
Doing analysis at TEMP = 125.000000 and TNOM = 27.000000

Using SPARSE 1.3 as Direct Linear Solver

Initial Transient Solution
--------------------------

Node                                   Voltage
----                                   -------
vdd                                       2.97
vc                                         0.9
nb0                                          0
nb1                                          0
nb2                                       2.97
nvs                                       2.97
x1.xbias.na                            1.14579
x1.xbias.vbpc                          1.85133
x1.xbias.nc                           0.190156
x1.xbias.xrcg.11                      0.189855
x1.xbias.xrcg.21                   0.000300251
x1.xbias.nsu                        0.00596517
x1.xbias.vfix                          1.96013
x1.xbias.nmd                          0.838772
x1.xbias.vbp0                          2.08216
x1.xbias.noff                         0.869058
x1.xbias.xroff.11                     0.868818
x1.xbias.xroff.21                  0.000239887
x1.xbias.nvi                          0.165451
x1.xbias.xrdeg.11                     0.165405
x1.xbias.xrdeg.21                  4.56695e-05
x1.xbias.b0b                              2.97
x1.xbias.b1b                              2.97
x1.xbias.b2b                       1.10557e-08
x1.xbias.vbn1                         0.745786
x1.xbias.ga                               2.97
x1.xbias.vbp2                          2.11225
x1.xbias.gb                        1.64353e-09
x1.vbn                                0.862851
x1.xbias.gc                            2.11225
x1.vbp                                 1.96493
x1.xs1.nh                              1.33135
x1.y1                                        0
x1.y5                                        0
x1.xs1.nt                          1.06521e-11
x1.xs2.nh                                 2.97
x1.y2                                     2.97
x1.xs2.nt                          3.80652e-07
x1.xs3.nh                                 2.97
x1.y3                                        0
x1.xs3.nt                         -8.53913e-27
x1.xs4.nh                                 2.97
x1.y4                                     2.97
x1.xs4.nt                          3.27296e-07
x1.xs5.nh                                 2.97
x1.xs5.nt                          6.52556e-19
x1.nb1                                    2.97
x1.nb2                             9.21779e-09
clk1                                      2.97
x1.xcdec1.c_moscap_int1                  -2.97
x1.xcdec2.c_moscap_int1                  -2.97
e.x1.xcdec2.ec_moscap#branch                 0
e.x1.xcdec1.ec_moscap#branch                 0
vs#branch                          8.67699e-05
vb2#branch                                   0
vb1#branch                                   0
vb0#branch                                   0
vc#branch                                    0
vdd#branch                        -8.67699e-05


No. of Data Rows : 2882
tp_b                =  9.04156e-08 targ=  2.94808e-07 trig=  2.04392e-07
i_b                 =  1.10488e-04 from=  1.99569e-07 to=  5.48815e-07
MCVCOPAIR_B tp=9.04156E-08 f=4.42402E+07 i=0.000110488
Note: Simulation executed from .control section 
