
Note: Compatibility modes selected: hs a

Warning: m=xx on .subckt line will override multiplier m hierarchy!


Circuit: * generated by simenv.sh -- do not edit; edit sim/vco-tuning-range/testbench/tb_vco_band_pair.sp instead

Doing analysis at TEMP = 125.000000 and TNOM = 27.000000

Using SPARSE 1.3 as Direct Linear Solver

Initial Transient Solution
--------------------------

Node                                   Voltage
----                                   -------
vdd                                       3.63
vc                                         2.7
nb0                                       3.63
nb1                                       3.63
nb2                                          0
nvs                                       3.63
x1.xbias.na                            1.00611
x1.xbias.vbpc                          2.65614
x1.xbias.nc                           0.181952
x1.xbias.xrcg.11                      0.181665
x1.xbias.xrcg.21                   0.000287298
x1.xbias.nsu                         0.0122689
x1.xbias.vfix                          1.67392
x1.xbias.nmd                          0.721256
x1.xbias.vbp0                          2.79193
x1.xbias.noff                         0.754636
x1.xbias.xroff.11                     0.754428
x1.xbias.xroff.21                  0.000208303
x1.xbias.nvi                           1.51555
x1.xbias.xrdeg.11                      1.51514
x1.xbias.xrdeg.21                  0.000418339
x1.xbias.b0b                       5.10455e-08
x1.xbias.b1b                       5.03943e-08
x1.xbias.b2b                              3.63
x1.xbias.vbn1                         0.753729
x1.xbias.ga                            2.79193
x1.xbias.vbp2                           2.6286
x1.xbias.gb                           0.753729
x1.vbn                                0.773877
x1.xbias.gc                               3.63
x1.vbp                                 2.72161
x1.xs1.nh                              1.29936
x1.y1                                        0
x1.y5                                        0
x1.xs1.nt                          1.86748e-17
x1.xs2.nh                                 3.63
x1.y2                                     3.63
x1.xs2.nt                          4.80231e-06
x1.xs3.nh                                 3.63
x1.y3                                        0
x1.xs3.nt                          6.13187e-44
x1.xs4.nh                                 3.63
x1.y4                                     3.63
x1.xs4.nt                          4.45069e-06
x1.xs5.nh                                 3.63
x1.xs5.nt                         -1.52397e-43
x1.nb1                                    3.63
x1.nb2                             4.25149e-08
clk1                                      3.63
x1.xcdec1.c_moscap_int1                  -3.63
x1.xcdec2.c_moscap_int1                  -3.63
e.x1.xcdec2.ec_moscap#branch                 0
e.x1.xcdec1.ec_moscap#branch                 0
vs#branch                          0.000151119
vb2#branch                                   0
vb1#branch                                   0
vb0#branch                                   0
vc#branch                                    0
vdd#branch                        -0.000151119


No. of Data Rows : 2846
tp_a                =  1.03230e-07 targ=  3.35817e-07 trig=  2.32587e-07
i_a                 =  1.94390e-04 from=  2.16968e-07 to=  5.96662e-07
MCVCOPAIR_A tp=1.0323E-07 f=3.87486E+07 i=0.00019439
Doing analysis at TEMP = 125.000000 and TNOM = 27.000000

Using SPARSE 1.3 as Direct Linear Solver

Initial Transient Solution
--------------------------

Node                                   Voltage
----                                   -------
vdd                                       3.63
vc                                         0.9
nb0                                          0
nb1                                          0
nb2                                       3.63
nvs                                       3.63
x1.xbias.na                            1.00611
x1.xbias.vbpc                          2.65614
x1.xbias.nc                           0.181952
x1.xbias.xrcg.11                      0.181665
x1.xbias.xrcg.21                   0.000287298
x1.xbias.nsu                         0.0122689
x1.xbias.vfix                          1.67392
x1.xbias.nmd                          0.721256
x1.xbias.vbp0                           2.8718
x1.xbias.noff                         0.754758
x1.xbias.xroff.11                     0.754549
x1.xbias.xroff.21                  0.000208336
x1.xbias.nvi                          0.233495
x1.xbias.xrdeg.11                     0.233431
x1.xbias.xrdeg.21                  6.44518e-05
x1.xbias.b0b                              3.63
x1.xbias.b1b                              3.63
x1.xbias.b2b                       6.08103e-08
x1.xbias.vbn1                         0.634798
x1.xbias.ga                               3.63
x1.xbias.vbp2                          2.89478
x1.xbias.gb                        1.37139e-08
x1.vbn                                0.746224
x1.xbias.gc                            2.89478
x1.vbp                                 2.75291
x1.xs1.nh                              1.27174
x1.y1                                        0
x1.y5                                        0
x1.xs1.nt                          1.01793e-17
x1.xs2.nh                                 3.63
x1.y2                                     3.63
x1.xs2.nt                          5.60165e-06
x1.xs3.nh                                 3.63
x1.y3                                        0
x1.xs3.nt                          2.27665e-27
x1.xs4.nh                                 3.63
x1.y4                                     3.63
x1.xs4.nt                          5.18063e-06
x1.xs5.nh                                 3.63
x1.xs5.nt                         -5.70462e-35
x1.nb1                                    3.63
x1.nb2                             4.25149e-08
clk1                                      3.63
x1.xcdec1.c_moscap_int1                  -3.63
x1.xcdec2.c_moscap_int1                  -3.63
e.x1.xcdec2.ec_moscap#branch                 0
e.x1.xcdec1.ec_moscap#branch                 0
vs#branch                          8.78719e-05
vb2#branch                                   0
vb1#branch                                   0
vb0#branch                                   0
vc#branch                                    0
vdd#branch                        -8.78719e-05


No. of Data Rows : 2839
tp_b                =  1.33794e-07 targ=  4.35497e-07 trig=  3.01703e-07
i_b                 =  1.23273e-04 from=  2.83488e-07 to=  7.79593e-07
MCVCOPAIR_B tp=1.33794E-07 f=2.98966E+07 i=0.000123273
Note: Simulation executed from .control section 
