
Note: Compatibility modes selected: hs a

Warning: m=xx on .subckt line will override multiplier m hierarchy!


Circuit: * generated by simenv.sh -- do not edit; edit sim/vco-tuning-range/testbench/tb_vco_band_pair.sp instead

Doing analysis at TEMP = 125.000000 and TNOM = 27.000000

Using SPARSE 1.3 as Direct Linear Solver

Initial Transient Solution
--------------------------

Node                                   Voltage
----                                   -------
vdd                                       3.63
vc                                         2.7
nb0                                       3.63
nb1                                       3.63
nb2                                          0
nvs                                       3.63
x1.xbias.na                            1.03525
x1.xbias.vbpc                          2.64244
x1.xbias.nc                           0.195334
x1.xbias.xrcg.11                      0.195025
x1.xbias.xrcg.21                   0.000308427
x1.xbias.nsu                         0.0115447
x1.xbias.vfix                          1.68502
x1.xbias.nmd                          0.725512
x1.xbias.vbp0                          2.79145
x1.xbias.noff                          0.76456
x1.xbias.xroff.11                     0.764349
x1.xbias.xroff.21                  0.000211042
x1.xbias.nvi                           1.51539
x1.xbias.xrdeg.11                      1.51497
x1.xbias.xrdeg.21                  0.000418294
x1.xbias.b0b                       6.48836e-08
x1.xbias.b1b                       5.77212e-08
x1.xbias.b2b                              3.63
x1.xbias.vbn1                          0.75442
x1.xbias.ga                            2.79145
x1.xbias.vbp2                          2.62704
x1.xbias.gb                            0.75442
x1.vbn                                0.782762
x1.xbias.gc                               3.63
x1.vbp                                 2.71136
x1.xs1.nh                              1.31254
x1.y1                                        0
x1.y5                                        0
x1.xs1.nt                          2.26448e-17
x1.xs2.nh                                 3.63
x1.y2                                     3.63
x1.xs2.nt                            2.395e-06
x1.xs3.nh                                 3.63
x1.y3                                        0
x1.xs3.nt                          1.26901e-43
x1.xs4.nh                                 3.63
x1.y4                                     3.63
x1.xs4.nt                          3.08724e-06
x1.xs5.nh                                 3.63
x1.xs5.nt                          1.65306e-43
x1.nb1                                    3.63
x1.nb2                             4.53259e-08
clk1                                      3.63
x1.xcdec1.c_moscap_int1                  -3.63
x1.xcdec2.c_moscap_int1                  -3.63
e.x1.xcdec2.ec_moscap#branch                 0
e.x1.xcdec1.ec_moscap#branch                 0
vs#branch                          0.000156594
vb2#branch                                   0
vb1#branch                                   0
vb0#branch                                   0
vc#branch                                    0
vdd#branch                        -0.000156594


No. of Data Rows : 2925
tp_a                =  9.41654e-08 targ=  3.29775e-07 trig=  2.35610e-07
i_a                 =  2.01145e-04 from=  2.16968e-07 to=  5.96662e-07
MCVCOPAIR_A tp=9.41654E-08 f=4.24784E+07 i=0.000201145
Doing analysis at TEMP = 125.000000 and TNOM = 27.000000

Using SPARSE 1.3 as Direct Linear Solver

Initial Transient Solution
--------------------------

Node                                   Voltage
----                                   -------
vdd                                       3.63
vc                                         0.9
nb0                                          0
nb1                                          0
nb2                                       3.63
nvs                                       3.63
x1.xbias.na                            1.03525
x1.xbias.vbpc                          2.64244
x1.xbias.nc                           0.195334
x1.xbias.xrcg.11                      0.195025
x1.xbias.xrcg.21                   0.000308427
x1.xbias.nsu                         0.0115447
x1.xbias.vfix                          1.68502
x1.xbias.nmd                          0.725512
x1.xbias.vbp0                          2.87096
x1.xbias.noff                         0.764681
x1.xbias.xroff.11                      0.76447
x1.xbias.xroff.21                  0.000211075
x1.xbias.nvi                           0.23337
x1.xbias.xrdeg.11                     0.233306
x1.xbias.xrdeg.21                  6.44173e-05
x1.xbias.b0b                              3.63
x1.xbias.b1b                              3.63
x1.xbias.b2b                       5.03793e-08
x1.xbias.vbn1                         0.635757
x1.xbias.ga                               3.63
x1.xbias.vbp2                          2.89415
x1.xbias.gb                        1.16395e-08
x1.vbn                                0.753685
x1.xbias.gc                            2.89415
x1.vbp                                 2.74428
x1.xs1.nh                              1.28349
x1.y1                                        0
x1.y5                                        0
x1.xs1.nt                         -1.00889e-17
x1.xs2.nh                                 3.63
x1.y2                                     3.63
x1.xs2.nt                          2.79299e-06
x1.xs3.nh                                 3.63
x1.y3                                        0
x1.xs3.nt                          9.61256e-36
x1.xs4.nh                                 3.63
x1.y4                                     3.63
x1.xs4.nt                          3.60181e-06
x1.xs5.nh                                 3.63
x1.xs5.nt                          1.98387e-35
x1.nb1                                    3.63
x1.nb2                             4.53259e-08
clk1                                      3.63
x1.xcdec1.c_moscap_int1                  -3.63
x1.xcdec2.c_moscap_int1                  -3.63
e.x1.xcdec2.ec_moscap#branch                 0
e.x1.xcdec1.ec_moscap#branch                 0
vs#branch                           9.2271e-05
vb2#branch                                   0
vb1#branch                                   0
vb0#branch                                   0
vc#branch                                    0
vdd#branch                         -9.2271e-05


No. of Data Rows : 2938
tp_b                =  1.22838e-07 targ=  4.29956e-07 trig=  3.07118e-07
i_b                 =  1.30261e-04 from=  2.83488e-07 to=  7.79593e-07
MCVCOPAIR_B tp=1.22838E-07 f=3.25633E+07 i=0.000130261
Note: Simulation executed from .control section 
