
Note: Compatibility modes selected: hs a

Warning: m=xx on .subckt line will override multiplier m hierarchy!


Circuit: * generated by simenv.sh -- do not edit; edit sim/vco-tuning-range/testbench/tb_vco_band_pair.sp instead

Doing analysis at TEMP = -40.000000 and TNOM = 27.000000

Using SPARSE 1.3 as Direct Linear Solver

Initial Transient Solution
--------------------------

Node                                   Voltage
----                                   -------
vdd                                       2.97
vc                                         2.7
nb0                                       2.97
nb1                                       2.97
nb2                                          0
nvs                                       2.97
x1.xbias.na                            1.05232
x1.xbias.vbpc                           1.8557
x1.xbias.nc                          0.0950792
x1.xbias.xrcg.11                     0.0948724
x1.xbias.xrcg.21                   0.000206842
x1.xbias.nsu                        0.00948573
x1.xbias.vfix                          2.11217
x1.xbias.nmd                          0.909818
x1.xbias.vbp0                          1.88658
x1.xbias.noff                         0.899205
x1.xbias.xroff.11                     0.898863
x1.xbias.xroff.21                  0.000342312
x1.xbias.nvi                            1.3455
x1.xbias.xrdeg.11                      1.34498
x1.xbias.xrdeg.21                  0.000512208
x1.xbias.b0b                       4.43785e-09
x1.xbias.b1b                       4.41626e-09
x1.xbias.b2b                              2.97
x1.xbias.vbn1                         0.955193
x1.xbias.ga                            1.88658
x1.xbias.vbp2                          1.77924
x1.xbias.gb                           0.955193
x1.vbn                                0.976117
x1.xbias.gc                               2.97
x1.vbp                                 1.84798
x1.xs1.nh                              1.41889
x1.y1                                        0
x1.y5                                        0
x1.xs1.nt                         -1.44847e-18
x1.xs2.nh                                 2.97
x1.y2                                     2.97
x1.xs2.nt                          2.33319e-13
x1.xs3.nh                                 2.97
x1.y3                                        0
x1.xs3.nt                         -5.43341e-19
x1.xs4.nh                                 2.97
x1.y4                                     2.97
x1.xs4.nt                          1.54117e-13
x1.xs5.nh                                 2.97
x1.xs5.nt                          6.44649e-19
x1.nb1                                    2.97
x1.nb2                              2.9597e-09
clk1                                      2.97
x1.xcdec1.c_moscap_int1                  -2.97
x1.xcdec2.c_moscap_int1                  -2.97
e.x1.xcdec2.ec_moscap#branch                 0
e.x1.xcdec1.ec_moscap#branch                 0
vs#branch                          0.000100537
vb2#branch                                   0
vb1#branch                                   0
vb0#branch                                   0
vc#branch                                    0
vdd#branch                        -0.000100537


No. of Data Rows : 2917
tp_a                =  8.79469e-08 targ=  2.64846e-07 trig=  1.76899e-07
i_a                 =  1.21747e-04 from=  1.74660e-07 to=  4.80316e-07
MCVCOPAIR_A tp=8.79469E-08 f=4.5482E+07 i=0.000121747
Doing analysis at TEMP = -40.000000 and TNOM = 27.000000

Using SPARSE 1.3 as Direct Linear Solver

Initial Transient Solution
--------------------------

Node                                   Voltage
----                                   -------
vdd                                       2.97
vc                                         0.9
nb0                                          0
nb1                                          0
nb2                                       2.97
nvs                                       2.97
x1.xbias.na                            1.05232
x1.xbias.vbpc                           1.8557
x1.xbias.nc                          0.0950792
x1.xbias.xrcg.11                     0.0948724
x1.xbias.xrcg.21                   0.000206842
x1.xbias.nsu                        0.00948573
x1.xbias.vfix                          2.11217
x1.xbias.nmd                          0.909818
x1.xbias.vbp0                          1.93898
x1.xbias.noff                           0.8993
x1.xbias.xroff.11                     0.898958
x1.xbias.xroff.21                  0.000342349
x1.xbias.nvi                         0.0758597
x1.xbias.xrdeg.11                    0.0758308
x1.xbias.xrdeg.21                  2.88785e-05
x1.xbias.b0b                              2.97
x1.xbias.b1b                              2.97
x1.xbias.b2b                       4.40872e-09
x1.xbias.vbn1                         0.876366
x1.xbias.ga                               2.97
x1.xbias.vbp2                          1.95544
x1.xbias.gb                        1.63382e-16
x1.vbn                                0.956188
x1.xbias.gc                            1.95544
x1.vbp                                 1.87056
x1.xs1.nh                              1.39945
x1.y1                                        0
x1.y5                                        0
x1.xs1.nt                            1.362e-17
x1.xs2.nh                                 2.97
x1.y2                                     2.97
x1.xs2.nt                           2.7955e-13
x1.xs3.nh                                 2.97
x1.y3                                        0
x1.xs3.nt                          2.03849e-77
x1.xs4.nh                                 2.97
x1.y4                                     2.97
x1.xs4.nt                          1.84548e-13
x1.xs5.nh                                 2.97
x1.xs5.nt                         -7.48089e-79
x1.nb1                                    2.97
x1.nb2                              2.9597e-09
clk1                                      2.97
x1.xcdec1.c_moscap_int1                  -2.97
x1.xcdec2.c_moscap_int1                  -2.97
e.x1.xcdec2.ec_moscap#branch                 0
e.x1.xcdec1.ec_moscap#branch                 0
vs#branch                          5.27892e-05
vb2#branch                                   0
vb1#branch                                   0
vb0#branch                                   0
vc#branch                                    0
vdd#branch                        -5.27892e-05


No. of Data Rows : 2874
tp_b                =  1.19117e-07 targ=  3.88184e-07 trig=  2.69067e-07
i_b                 =  7.00917e-05 from=  2.44620e-07 to=  6.72704e-07
MCVCOPAIR_B tp=1.19117E-07 f=3.35804E+07 i=7.00917E-05
Note: Simulation executed from .control section 
