
Note: Compatibility modes selected: hs a

Warning: m=xx on .subckt line will override multiplier m hierarchy!


Circuit: * generated by simenv.sh -- do not edit; edit sim/vco-tuning-range/testbench/tb_vco_band_pair.sp instead

Doing analysis at TEMP = 125.000000 and TNOM = 27.000000

Using SPARSE 1.3 as Direct Linear Solver

Initial Transient Solution
--------------------------

Node                                   Voltage
----                                   -------
vdd                                       3.63
vc                                         2.7
nb0                                       3.63
nb1                                       3.63
nb2                                          0
nvs                                       3.63
x1.xbias.na                           0.915475
x1.xbias.vbpc                          2.56161
x1.xbias.nc                           0.179649
x1.xbias.xrcg.11                      0.179366
x1.xbias.xrcg.21                   0.000283662
x1.xbias.nsu                         0.0105788
x1.xbias.vfix                          1.45723
x1.xbias.nmd                          0.621453
x1.xbias.vbp0                          2.69943
x1.xbias.noff                         0.665327
x1.xbias.xroff.11                     0.665143
x1.xbias.xroff.21                  0.000183651
x1.xbias.nvi                           1.58694
x1.xbias.xrdeg.11                       1.5865
x1.xbias.xrdeg.21                  0.000438043
x1.xbias.b0b                       1.37543e-08
x1.xbias.b1b                       1.38235e-08
x1.xbias.b2b                              3.63
x1.xbias.vbn1                         0.668484
x1.xbias.ga                            2.69943
x1.xbias.vbp2                          2.53257
x1.xbias.gb                           0.668484
x1.vbn                                0.689048
x1.xbias.gc                               3.63
x1.vbp                                 2.61535
x1.xs1.nh                              1.41871
x1.y1                                        0
x1.y5                                        0
x1.xs1.nt                         -1.79719e-17
x1.xs2.nh                                 3.63
x1.y2                                     3.63
x1.xs2.nt                          1.64463e-05
x1.xs3.nh                                 3.63
x1.y3                                        0
x1.xs3.nt                         -1.20096e-18
x1.xs4.nh                                 3.63
x1.y4                                     3.63
x1.xs4.nt                          2.04401e-05
x1.xs5.nh                                 3.63
x1.xs5.nt                         -2.09404e-27
x1.nb1                                    3.63
x1.nb2                             1.18541e-08
clk1                                      3.63
x1.xcdec1.c_moscap_int1                  -3.63
x1.xcdec2.c_moscap_int1                  -3.63
e.x1.xcdec2.ec_moscap#branch                 0
e.x1.xcdec1.ec_moscap#branch                 0
vs#branch                          0.000153267
vb2#branch                                   0
vb1#branch                                   0
vb0#branch                                   0
vc#branch                                    0
vdd#branch                        -0.000153267


No. of Data Rows : 2959
tp_a                =  9.49011e-08 targ=  3.08744e-07 trig=  2.13843e-07
i_a                 =  1.97630e-04 from=  2.12652e-07 to=  5.84794e-07
MCVCOPAIR_A tp=9.49011E-08 f=4.21491E+07 i=0.00019763
Doing analysis at TEMP = 125.000000 and TNOM = 27.000000

Using SPARSE 1.3 as Direct Linear Solver

Initial Transient Solution
--------------------------

Node                                   Voltage
----                                   -------
vdd                                       3.63
vc                                         0.9
nb0                                          0
nb1                                          0
nb2                                       3.63
nvs                                       3.63
x1.xbias.na                           0.915475
x1.xbias.vbpc                          2.56161
x1.xbias.nc                           0.179649
x1.xbias.xrcg.11                      0.179366
x1.xbias.xrcg.21                   0.000283662
x1.xbias.nsu                         0.0105788
x1.xbias.vfix                          1.45723
x1.xbias.nmd                          0.621453
x1.xbias.vbp0                          2.78344
x1.xbias.noff                         0.665456
x1.xbias.xroff.11                     0.665272
x1.xbias.xroff.21                  0.000183686
x1.xbias.nvi                          0.284821
x1.xbias.xrdeg.11                     0.284743
x1.xbias.xrdeg.21                  7.86194e-05
x1.xbias.b0b                              3.63
x1.xbias.b1b                              3.63
x1.xbias.b2b                       1.58418e-08
x1.xbias.vbn1                         0.549257
x1.xbias.ga                               3.63
x1.xbias.vbp2                            2.809
x1.xbias.gb                        8.23346e-08
x1.vbn                                0.653507
x1.xbias.gc                              2.809
x1.vbp                                 2.65807
x1.xs1.nh                              1.38106
x1.y1                                        0
x1.y5                                        0
x1.xs1.nt                          5.04703e-18
x1.xs2.nh                                 3.63
x1.y2                                     3.63
x1.xs2.nt                          2.01124e-05
x1.xs3.nh                                 3.63
x1.y3                                        0
x1.xs3.nt                         -2.27092e-36
x1.xs4.nh                                 3.63
x1.y4                                     3.63
x1.xs4.nt                          2.50028e-05
x1.xs5.nh                                 3.63
x1.xs5.nt                         -2.02046e-27
x1.nb1                                    3.63
x1.nb2                             1.18541e-08
clk1                                      3.63
x1.xcdec1.c_moscap_int1                  -3.63
x1.xcdec2.c_moscap_int1                  -3.63
e.x1.xcdec2.ec_moscap#branch                 0
e.x1.xcdec1.ec_moscap#branch                 0
vs#branch                          8.59964e-05
vb2#branch                                   0
vb1#branch                                   0
vb0#branch                                   0
vc#branch                                    0
vdd#branch                        -8.59964e-05


No. of Data Rows : 2865
tp_b                =  1.33570e-07 targ=  4.34233e-07 trig=  3.00663e-07
i_b                 =  1.22798e-04 from=  2.85846e-07 to=  7.86076e-07
MCVCOPAIR_B tp=1.3357E-07 f=2.9947E+07 i=0.000122798
Note: Simulation executed from .control section 
