
Note: Compatibility modes selected: hs a

Warning: m=xx on .subckt line will override multiplier m hierarchy!


Circuit: * generated by simenv.sh -- do not edit; edit sim/vco-tuning-range/testbench/tb_vco_band_pair.sp instead

Doing analysis at TEMP = -40.000000 and TNOM = 27.000000

Using SPARSE 1.3 as Direct Linear Solver

Initial Transient Solution
--------------------------

Node                                   Voltage
----                                   -------
vdd                                       3.63
vc                                         2.7
nb0                                       3.63
nb1                                       3.63
nb2                                          0
nvs                                       3.63
x1.xbias.na                            1.04677
x1.xbias.vbpc                          2.51802
x1.xbias.nc                          0.0938317
x1.xbias.xrcg.11                     0.0936276
x1.xbias.xrcg.21                   0.000204128
x1.xbias.nsu                         0.0178263
x1.xbias.vfix                          2.11907
x1.xbias.nmd                           0.91629
x1.xbias.vbp0                          2.54529
x1.xbias.noff                         0.907831
x1.xbias.xroff.11                     0.907485
x1.xbias.xroff.21                  0.000345596
x1.xbias.nvi                            1.3451
x1.xbias.xrdeg.11                      1.34459
x1.xbias.xrdeg.21                  0.000512056
x1.xbias.b0b                       5.19464e-09
x1.xbias.b1b                       5.12377e-09
x1.xbias.b2b                              3.63
x1.xbias.vbn1                         0.956925
x1.xbias.ga                            2.54529
x1.xbias.vbp2                          2.43692
x1.xbias.gb                           0.956925
x1.vbn                                0.979923
x1.xbias.gc                               3.63
x1.vbp                                 2.49042
x1.xs1.nh                              1.52178
x1.y1                                        0
x1.y5                                        0
x1.xs1.nt                         -2.84778e-31
x1.xs2.nh                                 3.63
x1.y2                                     3.63
x1.xs2.nt                          3.54761e-13
x1.xs3.nh                                 3.63
x1.y3                                        0
x1.xs3.nt                          1.88982e-38
x1.xs4.nh                                 3.63
x1.y4                                     3.63
x1.xs4.nt                          6.43933e-13
x1.xs5.nh                                 3.63
x1.xs5.nt                          6.84944e-39
x1.nb1                                    3.63
x1.nb2                             3.61346e-09
clk1                                      3.63
x1.xcdec1.c_moscap_int1                  -3.63
x1.xcdec2.c_moscap_int1                  -3.63
e.x1.xcdec2.ec_moscap#branch                 0
e.x1.xcdec1.ec_moscap#branch                 0
vs#branch                          0.000106475
vb2#branch                                   0
vb1#branch                                   0
vb0#branch                                   0
vc#branch                                    0
vdd#branch                        -0.000106475


No. of Data Rows : 2896
tp_a                =  1.13675e-07 targ=  3.69785e-07 trig=  2.56109e-07
i_a                 =  1.36279e-04 from=  2.44424e-07 to=  6.72165e-07
MCVCOPAIR_A tp=1.13675E-07 f=3.51879E+07 i=0.000136279
Doing analysis at TEMP = -40.000000 and TNOM = 27.000000

Using SPARSE 1.3 as Direct Linear Solver

Initial Transient Solution
--------------------------

Node                                   Voltage
----                                   -------
vdd                                       3.63
vc                                         0.9
nb0                                          0
nb1                                          0
nb2                                       3.63
nvs                                       3.63
x1.xbias.na                            1.04677
x1.xbias.vbpc                          2.51802
x1.xbias.nc                          0.0938317
x1.xbias.xrcg.11                     0.0936276
x1.xbias.xrcg.21                   0.000204128
x1.xbias.nsu                         0.0178263
x1.xbias.vfix                          2.11907
x1.xbias.nmd                           0.91629
x1.xbias.vbp0                          2.59748
x1.xbias.noff                         0.907917
x1.xbias.xroff.11                     0.907572
x1.xbias.xroff.21                  0.000345629
x1.xbias.nvi                         0.0758523
x1.xbias.xrdeg.11                    0.0758235
x1.xbias.xrdeg.21                  2.88757e-05
x1.xbias.b0b                              3.63
x1.xbias.b1b                              3.63
x1.xbias.b2b                       5.19944e-09
x1.xbias.vbn1                         0.877766
x1.xbias.ga                               3.63
x1.xbias.vbp2                          2.61414
x1.xbias.gb                        1.25186e-16
x1.vbn                                0.959391
x1.xbias.gc                            2.61414
x1.vbp                                 2.51412
x1.xs1.nh                              1.50072
x1.y1                                        0
x1.y5                                        0
x1.xs1.nt                         -1.44113e-13
x1.xs2.nh                                 3.63
x1.y2                                     3.63
x1.xs2.nt                          4.27146e-13
x1.xs3.nh                                 3.63
x1.y3                                        0
x1.xs3.nt                          1.86807e-16
x1.xs4.nh                                 3.63
x1.y4                                     3.63
x1.xs4.nt                          7.70443e-13
x1.xs5.nh                                 3.63
x1.xs5.nt                          1.46658e-16
x1.nb1                                    3.63
x1.nb2                             3.61346e-09
clk1                                      3.63
x1.xcdec1.c_moscap_int1                  -3.63
x1.xcdec2.c_moscap_int1                  -3.63
e.x1.xcdec2.ec_moscap#branch                 0
e.x1.xcdec1.ec_moscap#branch                 0
vs#branch                          5.75017e-05
vb2#branch                                   0
vb1#branch                                   0
vb0#branch                                   0
vc#branch                                    0
vdd#branch                        -5.75017e-05


No. of Data Rows : 2916
tp_b                =  1.51381e-07 targ=  4.91682e-07 trig=  3.40301e-07
i_b                 =  8.31968e-05 from=  3.29017e-07 to=  9.04797e-07
MCVCOPAIR_B tp=1.51381E-07 f=2.64234E+07 i=8.31968E-05
Note: Simulation executed from .control section 
