
Note: Compatibility modes selected: hs a

Warning: m=xx on .subckt line will override multiplier m hierarchy!


Circuit: * generated by simenv.sh -- do not edit; edit sim/vco-tuning-range/testbench/tb_vco_band_pair.sp instead

Doing analysis at TEMP = 125.000000 and TNOM = 27.000000

Using SPARSE 1.3 as Direct Linear Solver

Initial Transient Solution
--------------------------

Node                                   Voltage
----                                   -------
vdd                                       3.63
vc                                         2.7
nb0                                          0
nb1                                          0
nb2                                          0
nvs                                       3.63
x1.xbias.na                            1.13597
x1.xbias.vbpc                          2.51106
x1.xbias.nc                           0.187585
x1.xbias.xrcg.11                      0.187289
x1.xbias.xrcg.21                   0.000296191
x1.xbias.nsu                         0.0103177
x1.xbias.vfix                          1.96797
x1.xbias.nmd                          0.843446
x1.xbias.vbp0                          2.66312
x1.xbias.noff                         0.876013
x1.xbias.xroff.11                     0.875771
x1.xbias.xroff.21                  0.000241806
x1.xbias.nvi                           1.40989
x1.xbias.xrdeg.11                       1.4095
x1.xbias.xrdeg.21                  0.000389174
x1.xbias.b0b                              3.63
x1.xbias.b1b                              3.63
x1.xbias.b2b                              3.63
x1.xbias.vbn1                          0.81636
x1.xbias.ga                               3.63
x1.xbias.vbp2                          2.69082
x1.xbias.gb                        1.70342e-09
x1.vbn                                0.753696
x1.xbias.gc                               3.63
x1.vbp                                  2.7412
x1.xs1.nh                                1.306
x1.y1                                        0
x1.y5                                        0
x1.xs1.nt                         -6.24408e-24
x1.xs2.nh                                 3.63
x1.y2                                     3.63
x1.xs2.nt                          1.11548e-06
x1.xs3.nh                                 3.63
x1.y3                                        0
x1.xs3.nt                          1.95438e-27
x1.xs4.nh                                 3.63
x1.y4                                     3.63
x1.xs4.nt                          1.16982e-06
x1.xs5.nh                                 3.63
x1.xs5.nt                          2.02884e-27
x1.nb1                                    3.63
x1.nb2                              1.1203e-08
clk1                                      3.63
x1.xcdec1.c_moscap_int1                  -3.63
x1.xcdec2.c_moscap_int1                  -3.63
e.x1.xcdec2.ec_moscap#branch                 0
e.x1.xcdec1.ec_moscap#branch                 0
vs#branch                           8.4249e-05
vb2#branch                                   0
vb1#branch                                   0
vb0#branch                                   0
vc#branch                                    0
vdd#branch                         -8.4249e-05


No. of Data Rows : 2930
tp_a                =  4.31045e-07 targ=  1.40058e-06 trig=  9.69533e-07
i_a                 =  1.00601e-04 from=  9.56697e-07 to=  2.63092e-06
MCVCOPAIR_A tp=4.31045E-07 f=9.27977E+06 i=0.000100601
Doing analysis at TEMP = 125.000000 and TNOM = 27.000000

Using SPARSE 1.3 as Direct Linear Solver

Initial Transient Solution
--------------------------

Node                                   Voltage
----                                   -------
vdd                                       3.63
vc                                         0.9
nb0                                       3.63
nb1                                          0
nb2                                          0
nvs                                       3.63
x1.xbias.na                            1.13597
x1.xbias.vbpc                          2.51106
x1.xbias.nc                           0.187585
x1.xbias.xrcg.11                      0.187289
x1.xbias.xrcg.21                   0.000296191
x1.xbias.nsu                         0.0103177
x1.xbias.vfix                          1.96797
x1.xbias.nmd                          0.843446
x1.xbias.vbp0                          2.74209
x1.xbias.noff                         0.876134
x1.xbias.xroff.11                     0.875892
x1.xbias.xroff.21                   0.00024184
x1.xbias.nvi                          0.164025
x1.xbias.xrdeg.11                      0.16398
x1.xbias.xrdeg.21                   4.5276e-05
x1.xbias.b0b                       1.15567e-08
x1.xbias.b1b                              3.63
x1.xbias.b2b                              3.63
x1.xbias.vbn1                         0.790307
x1.xbias.ga                            2.74209
x1.xbias.vbp2                          2.71757
x1.xbias.gb                        1.69691e-09
x1.vbn                                0.733933
x1.xbias.gc                               3.63
x1.vbp                                 2.76315
x1.xs1.nh                              1.28715
x1.y1                                        0
x1.y5                                        0
x1.xs1.nt                          3.86529e-18
x1.xs2.nh                                 3.63
x1.y2                                     3.63
x1.xs2.nt                          1.35406e-06
x1.xs3.nh                                 3.63
x1.y3                                        0
x1.xs3.nt                          3.01604e-43
x1.xs4.nh                                 3.63
x1.y4                                     3.63
x1.xs4.nt                          1.40358e-06
x1.xs5.nh                                 3.63
x1.xs5.nt                         -9.69784e-44
x1.nb1                                    3.63
x1.nb2                              1.1203e-08
clk1                                      3.63
x1.xcdec1.c_moscap_int1                  -3.63
x1.xcdec2.c_moscap_int1                  -3.63
e.x1.xcdec2.ec_moscap#branch                 0
e.x1.xcdec1.ec_moscap#branch                 0
vs#branch                          6.31434e-05
vb2#branch                                   0
vb1#branch                                   0
vb0#branch                                   0
vc#branch                                    0
vdd#branch                        -6.31434e-05


No. of Data Rows : 2912
tp_b                =  5.65190e-07 targ=  1.83738e-06 trig=  1.27219e-06
i_b                 =  7.82367e-05 from=  1.26171e-06 to=  3.46971e-06
MCVCOPAIR_B tp=5.6519E-07 f=7.07726E+06 i=7.82367E-05
Note: Simulation executed from .control section 
