
Note: Compatibility modes selected: hs a

Warning: m=xx on .subckt line will override multiplier m hierarchy!


Circuit: * generated by simenv.sh -- do not edit; edit sim/vco-tuning-range/testbench/tb_vco_band_pair.sp instead

Doing analysis at TEMP = 125.000000 and TNOM = 27.000000

Using SPARSE 1.3 as Direct Linear Solver

Initial Transient Solution
--------------------------

Node                                   Voltage
----                                   -------
vdd                                       3.63
vc                                         2.7
nb0                                       3.63
nb1                                       3.63
nb2                                          0
nvs                                       3.63
x1.xbias.na                           0.886669
x1.xbias.vbpc                          2.57532
x1.xbias.nc                           0.165127
x1.xbias.xrcg.11                      0.164866
x1.xbias.xrcg.21                   0.000260731
x1.xbias.nsu                         0.0114045
x1.xbias.vfix                          1.44718
x1.xbias.nmd                          0.619245
x1.xbias.vbp0                          2.70066
x1.xbias.noff                         0.657066
x1.xbias.xroff.11                     0.656884
x1.xbias.xroff.21                   0.00018137
x1.xbias.nvi                           1.58814
x1.xbias.xrdeg.11                       1.5877
x1.xbias.xrdeg.21                  0.000438375
x1.xbias.b0b                       1.36017e-08
x1.xbias.b1b                       1.32493e-08
x1.xbias.b2b                              3.63
x1.xbias.vbn1                         0.668541
x1.xbias.ga                            2.70066
x1.xbias.vbp2                          2.53069
x1.xbias.gb                            0.66854
x1.vbn                                0.688332
x1.xbias.gc                               3.63
x1.vbp                                 2.62126
x1.xs1.nh                              1.40715
x1.y1                                        0
x1.y5                                        0
x1.xs1.nt                         -3.90797e-27
x1.xs2.nh                                 3.63
x1.y2                                     3.63
x1.xs2.nt                          2.29329e-05
x1.xs3.nh                                 3.63
x1.y3                                        0
x1.xs3.nt                          7.84528e-44
x1.xs4.nh                                 3.63
x1.y4                                     3.63
x1.xs4.nt                          1.78672e-05
x1.xs5.nh                                 3.63
x1.xs5.nt                         -1.60264e-35
x1.nb1                                 3.62999
x1.nb2                             1.25756e-08
clk1                                      3.63
x1.xcdec1.c_moscap_int1                  -3.63
x1.xcdec2.c_moscap_int1                  -3.63
e.x1.xcdec2.ec_moscap#branch                 0
e.x1.xcdec1.ec_moscap#branch                 0
vs#branch                          0.000148783
vb2#branch                                   0
vb1#branch                                   0
vb0#branch                                   0
vc#branch                                    0
vdd#branch                        -0.000148783


No. of Data Rows : 2908
tp_a                =  9.84450e-08 targ=  3.20269e-07 trig=  2.21824e-07
i_a                 =  1.91786e-04 from=  2.12652e-07 to=  5.84794e-07
MCVCOPAIR_A tp=9.8445E-08 f=4.06318E+07 i=0.000191786
Doing analysis at TEMP = 125.000000 and TNOM = 27.000000

Using SPARSE 1.3 as Direct Linear Solver

Initial Transient Solution
--------------------------

Node                                   Voltage
----                                   -------
vdd                                       3.63
vc                                         0.9
nb0                                          0
nb1                                          0
nb2                                       3.63
nvs                                       3.63
x1.xbias.na                           0.886669
x1.xbias.vbpc                          2.57532
x1.xbias.nc                           0.165127
x1.xbias.xrcg.11                      0.164866
x1.xbias.xrcg.21                   0.000260731
x1.xbias.nsu                         0.0114045
x1.xbias.vfix                          1.44718
x1.xbias.nmd                          0.619245
x1.xbias.vbp0                          2.78495
x1.xbias.noff                         0.657195
x1.xbias.xroff.11                     0.657014
x1.xbias.xroff.21                  0.000181406
x1.xbias.nvi                          0.285818
x1.xbias.xrdeg.11                     0.285739
x1.xbias.xrdeg.21                  7.88946e-05
x1.xbias.b0b                              3.63
x1.xbias.b1b                              3.63
x1.xbias.b2b                       1.36301e-08
x1.xbias.vbn1                         0.548982
x1.xbias.ga                               3.63
x1.xbias.vbp2                          2.80151
x1.xbias.gb                          6.239e-08
x1.vbn                                0.661858
x1.xbias.gc                            2.80151
x1.vbp                                 2.65308
x1.xs1.nh                              1.37918
x1.y1                                        0
x1.y5                                        0
x1.xs1.nt                           3.0488e-18
x1.xs2.nh                                 3.63
x1.y2                                     3.63
x1.xs2.nt                          2.66784e-05
x1.xs3.nh                                 3.63
x1.y3                                        0
x1.xs3.nt                          1.54923e-44
x1.xs4.nh                                 3.63
x1.y4                                     3.63
x1.xs4.nt                          2.07405e-05
x1.xs5.nh                                 3.63
x1.xs5.nt                          7.99102e-36
x1.nb1                                 3.62999
x1.nb2                             1.25756e-08
clk1                                      3.63
x1.xcdec1.c_moscap_int1                  -3.63
x1.xcdec2.c_moscap_int1                  -3.63
e.x1.xcdec2.ec_moscap#branch                 0
e.x1.xcdec1.ec_moscap#branch                 0
vs#branch                           8.5435e-05
vb2#branch                                   0
vb1#branch                                   0
vb0#branch                                   0
vc#branch                                    0
vdd#branch                         -8.5435e-05


No. of Data Rows : 2874
tp_b                =  1.27183e-07 targ=  4.13120e-07 trig=  2.85937e-07
i_b                 =  1.24038e-04 from=  2.85846e-07 to=  7.86076e-07
MCVCOPAIR_B tp=1.27183E-07 f=3.14507E+07 i=0.000124038
Note: Simulation executed from .control section 
