
Note: Compatibility modes selected: hs a

Warning: m=xx on .subckt line will override multiplier m hierarchy!


Circuit: * generated by simenv.sh -- do not edit; edit sim/vco-tuning-range/testbench/tb_vco_band_pair.sp instead

Doing analysis at TEMP = 125.000000 and TNOM = 27.000000

Using SPARSE 1.3 as Direct Linear Solver

Initial Transient Solution
--------------------------

Node                                   Voltage
----                                   -------
vdd                                       3.63
vc                                         2.7
nb0                                       3.63
nb1                                       3.63
nb2                                          0
nvs                                       3.63
x1.xbias.na                            1.14651
x1.xbias.vbpc                          2.51121
x1.xbias.nc                            0.19052
x1.xbias.xrcg.11                       0.19022
x1.xbias.xrcg.21                   0.000300827
x1.xbias.nsu                         0.0100867
x1.xbias.vfix                          1.95811
x1.xbias.nmd                          0.836677
x1.xbias.vbp0                          2.66273
x1.xbias.noff                         0.864344
x1.xbias.xroff.11                     0.864105
x1.xbias.xroff.21                  0.000238585
x1.xbias.nvi                           1.41175
x1.xbias.xrdeg.11                      1.41136
x1.xbias.xrdeg.21                  0.000389687
x1.xbias.b0b                       1.28037e-08
x1.xbias.b1b                       1.21702e-08
x1.xbias.b2b                              3.63
x1.xbias.vbn1                         0.869192
x1.xbias.ga                            2.66273
x1.xbias.vbp2                          2.49445
x1.xbias.gb                           0.869192
x1.vbn                                0.892616
x1.xbias.gc                               3.63
x1.vbp                                  2.5835
x1.xs1.nh                              1.45096
x1.y1                                        0
x1.y5                                        0
x1.xs1.nt                         -1.24412e-13
x1.xs2.nh                                 3.63
x1.y2                                     3.63
x1.xs2.nt                          3.28267e-07
x1.xs3.nh                                 3.63
x1.y3                                        0
x1.xs3.nt                         -2.32638e-43
x1.xs4.nh                                 3.63
x1.y4                                     3.63
x1.xs4.nt                          3.48776e-07
x1.xs5.nh                                 3.63
x1.xs5.nt                         -9.62166e-45
x1.nb1                                    3.63
x1.nb2                             1.16867e-08
clk1                                      3.63
x1.xcdec1.c_moscap_int1                  -3.63
x1.xcdec2.c_moscap_int1                  -3.63
e.x1.xcdec2.ec_moscap#branch                 0
e.x1.xcdec1.ec_moscap#branch                 0
vs#branch                          0.000154422
vb2#branch                                   0
vb1#branch                                   0
vb0#branch                                   0
vc#branch                                    0
vdd#branch                        -0.000154422


No. of Data Rows : 2929
tp_a                =  9.23852e-08 targ=  3.23783e-07 trig=  2.31398e-07
i_a                 =  1.89997e-04 from=  2.08221e-07 to=  5.72608e-07
MCVCOPAIR_A tp=9.23852E-08 f=4.3297E+07 i=0.000189997
Doing analysis at TEMP = 125.000000 and TNOM = 27.000000

Using SPARSE 1.3 as Direct Linear Solver

Initial Transient Solution
--------------------------

Node                                   Voltage
----                                   -------
vdd                                       3.63
vc                                         0.9
nb0                                          0
nb1                                          0
nb2                                       3.63
nvs                                       3.63
x1.xbias.na                            1.14651
x1.xbias.vbpc                          2.51121
x1.xbias.nc                            0.19052
x1.xbias.xrcg.11                       0.19022
x1.xbias.xrcg.21                   0.000300827
x1.xbias.nsu                         0.0100867
x1.xbias.vfix                          1.95811
x1.xbias.nmd                          0.836677
x1.xbias.vbp0                          2.74211
x1.xbias.noff                         0.864465
x1.xbias.xroff.11                     0.864227
x1.xbias.xroff.21                  0.000238619
x1.xbias.nvi                          0.165289
x1.xbias.xrdeg.11                     0.165243
x1.xbias.xrdeg.21                  4.56247e-05
x1.xbias.b0b                              3.63
x1.xbias.b1b                              3.63
x1.xbias.b2b                       1.42127e-08
x1.xbias.vbn1                           0.7487
x1.xbias.ga                               3.63
x1.xbias.vbp2                          2.76797
x1.xbias.gb                        1.62061e-09
x1.vbn                                0.864776
x1.xbias.gc                            2.76797
x1.vbp                                 2.61508
x1.xs1.nh                              1.42327
x1.y1                                        0
x1.y5                                        0
x1.xs1.nt                          2.52397e-17
x1.xs2.nh                                 3.63
x1.y2                                     3.63
x1.xs2.nt                          3.80166e-07
x1.xs3.nh                                 3.63
x1.y3                                        0
x1.xs3.nt                         -2.88961e-17
x1.xs4.nh                                 3.63
x1.y4                                     3.63
x1.xs4.nt                          4.02645e-07
x1.xs5.nh                                 3.63
x1.xs5.nt                          -2.8748e-17
x1.nb1                                    3.63
x1.nb2                             1.16867e-08
clk1                                      3.63
x1.xcdec1.c_moscap_int1                  -3.63
x1.xcdec2.c_moscap_int1                  -3.63
e.x1.xcdec2.ec_moscap#branch                 0
e.x1.xcdec1.ec_moscap#branch                 0
vs#branch                          9.20418e-05
vb2#branch                                   0
vb1#branch                                   0
vb0#branch                                   0
vc#branch                                    0
vdd#branch                        -9.20418e-05


No. of Data Rows : 2834
tp_b                =  1.18382e-07 targ=  3.85297e-07 trig=  2.66914e-07
i_b                 =  1.24040e-04 from=  2.63992e-07 to=  7.25977e-07
MCVCOPAIR_B tp=1.18382E-07 f=3.37888E+07 i=0.00012404
Note: Simulation executed from .control section 
