
Note: Compatibility modes selected: hs a

Warning: m=xx on .subckt line will override multiplier m hierarchy!


Circuit: * generated by simenv.sh -- do not edit; edit sim/vco-tuning-range/testbench/tb_vco_band_pair.sp instead

Doing analysis at TEMP = 125.000000 and TNOM = 27.000000

Using SPARSE 1.3 as Direct Linear Solver

Initial Transient Solution
--------------------------

Node                                   Voltage
----                                   -------
vdd                                       3.63
vc                                         2.7
nb0                                          0
nb1                                       3.63
nb2                                       3.63
nvs                                       3.63
x1.xbias.na                            1.15554
x1.xbias.vbpc                            2.506
x1.xbias.nc                           0.195788
x1.xbias.xrcg.11                      0.195479
x1.xbias.xrcg.21                   0.000309144
x1.xbias.nsu                         0.0100823
x1.xbias.vfix                          1.97028
x1.xbias.nmd                          0.843198
x1.xbias.vbp0                          2.66244
x1.xbias.noff                         0.877246
x1.xbias.xroff.11                     0.877004
x1.xbias.xroff.21                  0.000242147
x1.xbias.nvi                           1.41318
x1.xbias.xrdeg.11                      1.41279
x1.xbias.xrdeg.21                   0.00039008
x1.xbias.b0b                              3.63
x1.xbias.b1b                       1.24149e-08
x1.xbias.b2b                       1.21942e-08
x1.xbias.vbn1                         0.813931
x1.xbias.ga                               3.63
x1.xbias.vbp2                          2.57823
x1.xbias.gb                           0.813931
x1.vbn                                 1.17606
x1.xbias.gc                            2.57823
x1.vbp                                 2.27002
x1.xs1.nh                              1.73473
x1.y1                                        0
x1.y5                                        0
x1.xs1.nt                         -2.63647e-14
x1.xs2.nh                                 3.63
x1.y2                                     3.63
x1.xs2.nt                          1.92936e-07
x1.xs3.nh                                 3.63
x1.y3                                        0
x1.xs3.nt                         -1.66343e-17
x1.xs4.nh                                 3.63
x1.y4                                     3.63
x1.xs4.nt                          1.72259e-07
x1.xs5.nh                                 3.63
x1.xs5.nt                         -1.53365e-17
x1.nb1                                    3.63
x1.nb2                             1.03732e-08
clk1                                      3.63
x1.xcdec1.c_moscap_int1                  -3.63
x1.xcdec2.c_moscap_int1                  -3.63
e.x1.xcdec2.ec_moscap#branch                 0
e.x1.xcdec1.ec_moscap#branch                 0
vs#branch                          0.000313801
vb2#branch                                   0
vb1#branch                                   0
vb0#branch                                   0
vc#branch                                    0
vdd#branch                        -0.000313801


No. of Data Rows : 2816
tp_a                =  1.73282e-08 targ=  5.67377e-08 trig=  3.94095e-08
i_a                 =  4.30701e-04 from=  3.75158e-08 to=  1.03169e-07
MCVCOPAIR_A tp=1.73282E-08 f=2.30838E+08 i=0.000430701
Doing analysis at TEMP = 125.000000 and TNOM = 27.000000

Using SPARSE 1.3 as Direct Linear Solver

Initial Transient Solution
--------------------------

Node                                   Voltage
----                                   -------
vdd                                       3.63
vc                                         0.9
nb0                                       3.63
nb1                                       3.63
nb2                                       3.63
nvs                                       3.63
x1.xbias.na                            1.15554
x1.xbias.vbpc                            2.506
x1.xbias.nc                           0.195788
x1.xbias.xrcg.11                      0.195479
x1.xbias.xrcg.21                   0.000309144
x1.xbias.nsu                         0.0100823
x1.xbias.vfix                          1.97028
x1.xbias.nmd                          0.843198
x1.xbias.vbp0                          2.74134
x1.xbias.noff                         0.877367
x1.xbias.xroff.11                     0.877125
x1.xbias.xroff.21                   0.00024218
x1.xbias.nvi                          0.166427
x1.xbias.xrdeg.11                     0.166381
x1.xbias.xrdeg.21                   4.5939e-05
x1.xbias.b0b                       1.21697e-08
x1.xbias.b1b                       1.24149e-08
x1.xbias.b2b                       1.21942e-08
x1.xbias.vbn1                          0.78758
x1.xbias.ga                            2.74134
x1.xbias.vbp2                          2.61756
x1.xbias.gb                            0.78758
x1.vbn                                  1.1053
x1.xbias.gc                            2.61756
x1.vbp                                 2.34789
x1.xs1.nh                              1.66537
x1.y1                                        0
x1.y5                                        0
x1.xs1.nt                         -4.41781e-19
x1.xs2.nh                                 3.63
x1.y2                                     3.63
x1.xs2.nt                          2.25776e-07
x1.xs3.nh                                 3.63
x1.y3                                        0
x1.xs3.nt                          8.63008e-28
x1.xs4.nh                                 3.63
x1.y4                                     3.63
x1.xs4.nt                          2.00756e-07
x1.xs5.nh                                 3.63
x1.xs5.nt                          1.29652e-18
x1.nb1                                    3.63
x1.nb2                             1.03732e-08
clk1                                      3.63
x1.xcdec1.c_moscap_int1                  -3.63
x1.xcdec2.c_moscap_int1                  -3.63
e.x1.xcdec2.ec_moscap#branch                 0
e.x1.xcdec1.ec_moscap#branch                 0
vs#branch                          0.000238271
vb2#branch                                   0
vb1#branch                                   0
vb0#branch                                   0
vc#branch                                    0
vdd#branch                        -0.000238271


No. of Data Rows : 2839
tp_b                =  2.37663e-08 targ=  7.76846e-08 trig=  5.39183e-08
i_b                 =  3.30400e-04 from=  5.13940e-08 to=  1.41334e-07
MCVCOPAIR_B tp=2.37663E-08 f=1.68306E+08 i=0.0003304
Note: Simulation executed from .control section 
