
Note: Compatibility modes selected: hs a

Warning: m=xx on .subckt line will override multiplier m hierarchy!


Circuit: * generated by simenv.sh -- do not edit; edit sim/vco-tuning-range/testbench/tb_vco_band_pair.sp instead

Doing analysis at TEMP = 125.000000 and TNOM = 27.000000

Using SPARSE 1.3 as Direct Linear Solver

Initial Transient Solution
--------------------------

Node                                   Voltage
----                                   -------
vdd                                       3.63
vc                                         2.7
nb0                                          0
nb1                                       3.63
nb2                                       3.63
nvs                                       3.63
x1.xbias.na                            1.11372
x1.xbias.vbpc                          2.52712
x1.xbias.nc                           0.175763
x1.xbias.xrcg.11                      0.175486
x1.xbias.xrcg.21                   0.000277525
x1.xbias.nsu                         0.0107789
x1.xbias.vfix                          1.92806
x1.xbias.nmd                          0.821226
x1.xbias.vbp0                          2.66267
x1.xbias.noff                         0.845053
x1.xbias.xroff.11                     0.844819
x1.xbias.xroff.21                   0.00023326
x1.xbias.nvi                           1.41077
x1.xbias.xrdeg.11                      1.41038
x1.xbias.xrdeg.21                  0.000389415
x1.xbias.b0b                              3.63
x1.xbias.b1b                       1.17441e-08
x1.xbias.b2b                       1.27321e-08
x1.xbias.vbn1                         0.813699
x1.xbias.ga                               3.63
x1.xbias.vbp2                          2.58005
x1.xbias.gb                           0.813699
x1.vbn                                 1.15989
x1.xbias.gc                            2.58005
x1.vbp                                 2.28329
x1.xs1.nh                              1.73021
x1.y1                                        0
x1.y5                                        0
x1.xs1.nt                         -3.84433e-14
x1.xs2.nh                                 3.63
x1.y2                                     3.63
x1.xs2.nt                          1.77753e-07
x1.xs3.nh                                 3.63
x1.y3                                        0
x1.xs3.nt                         -4.00378e-17
x1.xs4.nh                                 3.63
x1.y4                                     3.63
x1.xs4.nt                          1.53377e-07
x1.xs5.nh                                 3.63
x1.xs5.nt                         -4.49108e-17
x1.nb1                                    3.63
x1.nb2                               1.152e-08
clk1                                      3.63
x1.xcdec1.c_moscap_int1                  -3.63
x1.xcdec2.c_moscap_int1                  -3.63
e.x1.xcdec2.ec_moscap#branch                 0
e.x1.xcdec1.ec_moscap#branch                 0
vs#branch                          0.000301722
vb2#branch                                   0
vb1#branch                                   0
vb0#branch                                   0
vc#branch                                    0
vdd#branch                        -0.000301722


No. of Data Rows : 2816
tp_a                =  1.82183e-08 targ=  5.96188e-08 trig=  4.14005e-08
i_a                 =  4.14968e-04 from=  3.75158e-08 to=  1.03169e-07
MCVCOPAIR_A tp=1.82183E-08 f=2.1956E+08 i=0.000414968
Doing analysis at TEMP = 125.000000 and TNOM = 27.000000

Using SPARSE 1.3 as Direct Linear Solver

Initial Transient Solution
--------------------------

Node                                   Voltage
----                                   -------
vdd                                       3.63
vc                                         0.9
nb0                                       3.63
nb1                                       3.63
nb2                                       3.63
nvs                                       3.63
x1.xbias.na                            1.11372
x1.xbias.vbpc                          2.52712
x1.xbias.nc                           0.175763
x1.xbias.xrcg.11                      0.175486
x1.xbias.xrcg.21                   0.000277525
x1.xbias.nsu                         0.0107789
x1.xbias.vfix                          1.92806
x1.xbias.nmd                          0.821226
x1.xbias.vbp0                          2.74278
x1.xbias.noff                         0.845175
x1.xbias.xroff.11                     0.844942
x1.xbias.xroff.21                  0.000233294
x1.xbias.nvi                           0.16466
x1.xbias.xrdeg.11                     0.164614
x1.xbias.xrdeg.21                  4.54511e-05
x1.xbias.b0b                       1.34295e-08
x1.xbias.b1b                       1.17441e-08
x1.xbias.b2b                       1.27321e-08
x1.xbias.vbn1                          0.78699
x1.xbias.ga                            2.74278
x1.xbias.vbp2                          2.61982
x1.xbias.gb                            0.78699
x1.vbn                                 1.08863
x1.xbias.gc                            2.61982
x1.vbp                                 2.36196
x1.xs1.nh                              1.66019
x1.y1                                        0
x1.y5                                        0
x1.xs1.nt                          -7.5215e-15
x1.xs2.nh                                 3.63
x1.y2                                     3.63
x1.xs2.nt                          2.09191e-07
x1.xs3.nh                                 3.63
x1.y3                                        0
x1.xs3.nt                          6.26522e-17
x1.xs4.nh                                 3.63
x1.y4                                     3.63
x1.xs4.nt                          1.80175e-07
x1.xs5.nh                                 3.63
x1.xs5.nt                          1.45568e-16
x1.nb1                                    3.63
x1.nb2                               1.152e-08
clk1                                      3.63
x1.xcdec1.c_moscap_int1                  -3.63
x1.xcdec2.c_moscap_int1                  -3.63
e.x1.xcdec2.ec_moscap#branch                 0
e.x1.xcdec1.ec_moscap#branch                 0
vs#branch                          0.000226604
vb2#branch                                   0
vb1#branch                                   0
vb0#branch                                   0
vc#branch                                    0
vdd#branch                        -0.000226604


No. of Data Rows : 2825
tp_b                =  2.53262e-08 targ=  8.27390e-08 trig=  5.74129e-08
i_b                 =  3.13973e-04 from=  5.13940e-08 to=  1.41334e-07
MCVCOPAIR_B tp=2.53262E-08 f=1.57939E+08 i=0.000313973
Note: Simulation executed from .control section 
