
Note: Compatibility modes selected: hs a

Warning: m=xx on .subckt line will override multiplier m hierarchy!


Circuit: * generated by simenv.sh -- do not edit; edit sim/vco-tuning-range/testbench/tb_vco_band_pair.sp instead

Doing analysis at TEMP = 125.000000 and TNOM = 27.000000

Using SPARSE 1.3 as Direct Linear Solver

Initial Transient Solution
--------------------------

Node                                   Voltage
----                                   -------
vdd                                       3.63
vc                                         2.7
nb0                                          0
nb1                                       3.63
nb2                                       3.63
nvs                                       3.63
x1.xbias.na                            1.12273
x1.xbias.vbpc                          2.52237
x1.xbias.nc                           0.179107
x1.xbias.xrcg.11                      0.178824
x1.xbias.xrcg.21                   0.000282805
x1.xbias.nsu                         0.0107321
x1.xbias.vfix                          1.93906
x1.xbias.nmd                          0.832269
x1.xbias.vbp0                          2.66319
x1.xbias.noff                         0.852982
x1.xbias.xroff.11                     0.852746
x1.xbias.xroff.21                  0.000235449
x1.xbias.nvi                           1.41337
x1.xbias.xrdeg.11                      1.41298
x1.xbias.xrdeg.21                  0.000390135
x1.xbias.b0b                              3.63
x1.xbias.b1b                       1.22613e-08
x1.xbias.b2b                       1.22425e-08
x1.xbias.vbn1                         0.808777
x1.xbias.ga                               3.63
x1.xbias.vbp2                          2.58607
x1.xbias.gb                           0.808777
x1.vbn                                 1.15171
x1.xbias.gc                            2.58607
x1.vbp                                 2.28859
x1.xs1.nh                              1.71623
x1.y1                                        0
x1.y5                                        0
x1.xs1.nt                         -6.08082e-15
x1.xs2.nh                                 3.63
x1.y2                                     3.63
x1.xs2.nt                          1.98395e-07
x1.xs3.nh                                 3.63
x1.y3                                        0
x1.xs3.nt                         -1.19164e-17
x1.xs4.nh                                 3.63
x1.y4                                     3.63
x1.xs4.nt                          2.02162e-07
x1.xs5.nh                                 3.63
x1.xs5.nt                         -1.19115e-17
x1.nb1                                    3.63
x1.nb2                             1.05462e-08
clk1                                      3.63
x1.xcdec1.c_moscap_int1                  -3.63
x1.xcdec2.c_moscap_int1                  -3.63
e.x1.xcdec2.ec_moscap#branch                 0
e.x1.xcdec1.ec_moscap#branch                 0
vs#branch                          0.000296476
vb2#branch                                   0
vb1#branch                                   0
vb0#branch                                   0
vc#branch                                    0
vdd#branch                        -0.000296476


No. of Data Rows : 2813
tp_a                =  1.87697e-08 targ=  5.67345e-08 trig=  3.79648e-08
i_a                 =  4.04677e-04 from=  3.75158e-08 to=  1.03169e-07
MCVCOPAIR_A tp=1.87697E-08 f=2.1311E+08 i=0.000404676
Doing analysis at TEMP = 125.000000 and TNOM = 27.000000

Using SPARSE 1.3 as Direct Linear Solver

Initial Transient Solution
--------------------------

Node                                   Voltage
----                                   -------
vdd                                       3.63
vc                                         0.9
nb0                                       3.63
nb1                                       3.63
nb2                                       3.63
nvs                                       3.63
x1.xbias.na                            1.12273
x1.xbias.vbpc                          2.52237
x1.xbias.nc                           0.179107
x1.xbias.xrcg.11                      0.178824
x1.xbias.xrcg.21                   0.000282805
x1.xbias.nsu                         0.0107321
x1.xbias.vfix                          1.93906
x1.xbias.nmd                          0.832269
x1.xbias.vbp0                          2.74296
x1.xbias.noff                         0.853104
x1.xbias.xroff.11                     0.852869
x1.xbias.xroff.21                  0.000235483
x1.xbias.nvi                          0.166584
x1.xbias.xrdeg.11                     0.166538
x1.xbias.xrdeg.21                  4.59822e-05
x1.xbias.b0b                       1.20802e-08
x1.xbias.b1b                       1.22613e-08
x1.xbias.b2b                       1.22425e-08
x1.xbias.vbn1                          0.78223
x1.xbias.ga                            2.74296
x1.xbias.vbp2                          2.62534
x1.xbias.gb                            0.78223
x1.vbn                                 1.08184
x1.xbias.gc                            2.62534
x1.vbp                                 2.36583
x1.xs1.nh                              1.64748
x1.y1                                        0
x1.y5                                        0
x1.xs1.nt                          1.83613e-17
x1.xs2.nh                                 3.63
x1.y2                                     3.63
x1.xs2.nt                            2.342e-07
x1.xs3.nh                                 3.63
x1.y3                                        0
x1.xs3.nt                         -1.21862e-17
x1.xs4.nh                                 3.63
x1.y4                                     3.63
x1.xs4.nt                           2.3769e-07
x1.xs5.nh                                 3.63
x1.xs5.nt                          1.08582e-27
x1.nb1                                    3.63
x1.nb2                             1.05462e-08
clk1                                      3.63
x1.xcdec1.c_moscap_int1                  -3.63
x1.xcdec2.c_moscap_int1                  -3.63
e.x1.xcdec2.ec_moscap#branch                 0
e.x1.xcdec1.ec_moscap#branch                 0
vs#branch                          0.000223117
vb2#branch                                   0
vb1#branch                                   0
vb0#branch                                   0
vc#branch                                    0
vdd#branch                        -0.000223117


No. of Data Rows : 2837
tp_b                =  2.60666e-08 targ=  7.86451e-08 trig=  5.25785e-08
i_b                 =  3.07829e-04 from=  5.13940e-08 to=  1.41334e-07
MCVCOPAIR_B tp=2.60666E-08 f=1.53453E+08 i=0.000307829
Note: Simulation executed from .control section 
