
Note: Compatibility modes selected: hs a

Warning: m=xx on .subckt line will override multiplier m hierarchy!


Circuit: * generated by simenv.sh -- do not edit; edit sim/vco-tuning-range/testbench/tb_vco_band_pair.sp instead

Doing analysis at TEMP = -40.000000 and TNOM = 27.000000

Using SPARSE 1.3 as Direct Linear Solver

Initial Transient Solution
--------------------------

Node                                   Voltage
----                                   -------
vdd                                       2.97
vc                                         2.7
nb0                                       2.97
nb1                                       2.97
nb2                                          0
nvs                                       2.97
x1.xbias.na                            1.05609
x1.xbias.vbpc                          1.85171
x1.xbias.nc                          0.0986809
x1.xbias.xrcg.11                     0.0984662
x1.xbias.xrcg.21                   0.000214677
x1.xbias.nsu                        0.00955875
x1.xbias.vfix                          2.11574
x1.xbias.nmd                          0.905388
x1.xbias.vbp0                          1.88553
x1.xbias.noff                         0.901985
x1.xbias.xroff.11                     0.901641
x1.xbias.xroff.21                  0.000343371
x1.xbias.nvi                           1.34343
x1.xbias.xrdeg.11                      1.34292
x1.xbias.xrdeg.21                  0.000511423
x1.xbias.b0b                       4.38609e-09
x1.xbias.b1b                       4.52187e-09
x1.xbias.b2b                              2.97
x1.xbias.vbn1                         0.957325
x1.xbias.ga                            1.88553
x1.xbias.vbp2                          1.77742
x1.xbias.gb                           0.957325
x1.vbn                                0.989476
x1.xbias.gc                               2.97
x1.vbp                                 1.82748
x1.xs1.nh                               1.4419
x1.y1                                        0
x1.y5                                        0
x1.xs1.nt                          6.66828e-19
x1.xs2.nh                                 2.97
x1.y2                                     2.97
x1.xs2.nt                          2.60394e-13
x1.xs3.nh                                 2.97
x1.y3                                        0
x1.xs3.nt                          5.22392e-38
x1.xs4.nh                                 2.97
x1.y4                                     2.97
x1.xs4.nt                           2.1443e-13
x1.xs5.nh                                 2.97
x1.xs5.nt                          2.96344e-38
x1.nb1                                    2.97
x1.nb2                             2.99901e-09
clk1                                      2.97
x1.xcdec1.c_moscap_int1                  -2.97
x1.xcdec2.c_moscap_int1                  -2.97
e.x1.xcdec2.ec_moscap#branch                 0
e.x1.xcdec1.ec_moscap#branch                 0
vs#branch                          0.000106566
vb2#branch                                   0
vb1#branch                                   0
vb0#branch                                   0
vc#branch                                    0
vdd#branch                        -0.000106566


No. of Data Rows : 2897
tp_a                =  6.99418e-08 targ=  2.45244e-07 trig=  1.75302e-07
i_a                 =  1.32057e-04 from=  1.74660e-07 to=  4.80316e-07
MCVCOPAIR_A tp=6.99418E-08 f=5.71904E+07 i=0.000132057
Doing analysis at TEMP = -40.000000 and TNOM = 27.000000

Using SPARSE 1.3 as Direct Linear Solver

Initial Transient Solution
--------------------------

Node                                   Voltage
----                                   -------
vdd                                       2.97
vc                                         0.9
nb0                                          0
nb1                                          0
nb2                                       2.97
nvs                                       2.97
x1.xbias.na                            1.05609
x1.xbias.vbpc                          1.85171
x1.xbias.nc                          0.0986809
x1.xbias.xrcg.11                     0.0984662
x1.xbias.xrcg.21                   0.000214677
x1.xbias.nsu                        0.00955875
x1.xbias.vfix                          2.11574
x1.xbias.nmd                          0.905388
x1.xbias.vbp0                          1.93789
x1.xbias.noff                          0.90208
x1.xbias.xroff.11                     0.901736
x1.xbias.xroff.21                  0.000343407
x1.xbias.nvi                         0.0744663
x1.xbias.xrdeg.11                    0.0744379
x1.xbias.xrdeg.21                  2.83481e-05
x1.xbias.b0b                              2.97
x1.xbias.b1b                              2.97
x1.xbias.b2b                       4.42547e-09
x1.xbias.vbn1                         0.876975
x1.xbias.ga                               2.97
x1.xbias.vbp2                          1.95693
x1.xbias.gb                         1.5876e-16
x1.vbn                                0.965342
x1.xbias.gc                            1.95693
x1.vbp                                 1.85525
x1.xs1.nh                              1.41791
x1.y1                                        0
x1.y5                                        0
x1.xs1.nt                         -1.15083e-17
x1.xs2.nh                                 2.97
x1.y2                                     2.97
x1.xs2.nt                          3.19958e-13
x1.xs3.nh                                 2.97
x1.y3                                        0
x1.xs3.nt                          5.09947e-78
x1.xs4.nh                                 2.97
x1.y4                                     2.97
x1.xs4.nt                           2.6304e-13
x1.xs5.nh                                 2.97
x1.xs5.nt                         -1.04276e-77
x1.nb1                                    2.97
x1.nb2                             2.99901e-09
clk1                                      2.97
x1.xcdec1.c_moscap_int1                  -2.97
x1.xcdec2.c_moscap_int1                  -2.97
e.x1.xcdec2.ec_moscap#branch                 0
e.x1.xcdec1.ec_moscap#branch                 0
vs#branch                          5.57495e-05
vb2#branch                                   0
vb1#branch                                   0
vb0#branch                                   0
vc#branch                                    0
vdd#branch                        -5.57495e-05


No. of Data Rows : 2973
tp_b                =  9.85340e-08 targ=  3.45714e-07 trig=  2.47180e-07
i_b                 =  7.53785e-05 from=  2.44620e-07 to=  6.72704e-07
MCVCOPAIR_B tp=9.8534E-08 f=4.05951E+07 i=7.53785E-05
Note: Simulation executed from .control section 
