
Note: Compatibility modes selected: hs a

Warning: m=xx on .subckt line will override multiplier m hierarchy!


Circuit: * generated by simenv.sh -- do not edit; edit sim/vco-tuning-range/testbench/tb_vco_band_pair.sp instead

Doing analysis at TEMP = -40.000000 and TNOM = 27.000000

Using SPARSE 1.3 as Direct Linear Solver

Initial Transient Solution
--------------------------

Node                                   Voltage
----                                   -------
vdd                                       3.63
vc                                         2.7
nb0                                       3.63
nb1                                       3.63
nb2                                          0
nvs                                       3.63
x1.xbias.na                            1.03746
x1.xbias.vbpc                          2.52372
x1.xbias.nc                          0.0891788
x1.xbias.xrcg.11                     0.0889847
x1.xbias.xrcg.21                   0.000194006
x1.xbias.nsu                         0.0187904
x1.xbias.vfix                          2.09581
x1.xbias.nmd                          0.896823
x1.xbias.vbp0                          2.54621
x1.xbias.noff                         0.887641
x1.xbias.xroff.11                     0.887303
x1.xbias.xroff.21                   0.00033791
x1.xbias.nvi                           1.34453
x1.xbias.xrdeg.11                      1.34402
x1.xbias.xrdeg.21                   0.00051184
x1.xbias.b0b                       5.20389e-09
x1.xbias.b1b                       5.17323e-09
x1.xbias.b2b                              3.63
x1.xbias.vbn1                         0.955553
x1.xbias.ga                            2.54621
x1.xbias.vbp2                          2.44191
x1.xbias.gb                           0.955553
x1.vbn                                0.975283
x1.xbias.gc                               3.63
x1.vbp                                 2.49591
x1.xs1.nh                              1.53319
x1.y1                                        0
x1.y5                                        0
x1.xs1.nt                          9.02175e-31
x1.xs2.nh                                 3.63
x1.y2                                     3.63
x1.xs2.nt                          4.91542e-13
x1.xs3.nh                                 3.63
x1.y3                                        0
x1.xs3.nt                         -1.29405e-38
x1.xs4.nh                                 3.63
x1.y4                                     3.63
x1.xs4.nt                          3.80623e-13
x1.xs5.nh                                 3.63
x1.xs5.nt                          7.93075e-39
x1.nb1                                    3.63
x1.nb2                             3.65805e-09
clk1                                      3.63
x1.xcdec1.c_moscap_int1                  -3.63
x1.xcdec2.c_moscap_int1                  -3.63
e.x1.xcdec2.ec_moscap#branch                 0
e.x1.xcdec1.ec_moscap#branch                 0
vs#branch                          0.000103071
vb2#branch                                   0
vb1#branch                                   0
vb0#branch                                   0
vc#branch                                    0
vdd#branch                        -0.000103071


No. of Data Rows : 2913
tp_a                =  1.21164e-07 targ=  3.93835e-07 trig=  2.72670e-07
i_a                 =  1.31392e-04 from=  2.44424e-07 to=  6.72165e-07
MCVCOPAIR_A tp=1.21164E-07 f=3.3013E+07 i=0.000131393
Doing analysis at TEMP = -40.000000 and TNOM = 27.000000

Using SPARSE 1.3 as Direct Linear Solver

Initial Transient Solution
--------------------------

Node                                   Voltage
----                                   -------
vdd                                       3.63
vc                                         0.9
nb0                                          0
nb1                                          0
nb2                                       3.63
nvs                                       3.63
x1.xbias.na                            1.03746
x1.xbias.vbpc                          2.52372
x1.xbias.nc                          0.0891788
x1.xbias.xrcg.11                     0.0889847
x1.xbias.xrcg.21                   0.000194006
x1.xbias.nsu                         0.0187904
x1.xbias.vfix                          2.09581
x1.xbias.nmd                          0.896823
x1.xbias.vbp0                          2.59889
x1.xbias.noff                         0.887729
x1.xbias.xroff.11                     0.887391
x1.xbias.xroff.21                  0.000337944
x1.xbias.nvi                         0.0754765
x1.xbias.xrdeg.11                    0.0754478
x1.xbias.xrdeg.21                  2.87327e-05
x1.xbias.b0b                              3.63
x1.xbias.b1b                              3.63
x1.xbias.b2b                       5.26195e-09
x1.xbias.vbn1                         0.875099
x1.xbias.ga                               3.63
x1.xbias.vbp2                          2.62145
x1.xbias.gb                        1.16319e-16
x1.vbn                                0.947577
x1.xbias.gc                            2.62145
x1.vbp                                  2.5275
x1.xs1.nh                              1.50517
x1.y1                                        0
x1.y5                                        0
x1.xs1.nt                         -3.40365e-18
x1.xs2.nh                                 3.63
x1.y2                                     3.63
x1.xs2.nt                          6.38734e-13
x1.xs3.nh                                 3.63
x1.y3                                        0
x1.xs3.nt                         -8.15267e-19
x1.xs4.nh                                 3.63
x1.y4                                     3.63
x1.xs4.nt                          4.91264e-13
x1.xs5.nh                                 3.63
x1.xs5.nt                         -5.66899e-18
x1.nb1                                    3.63
x1.nb2                             3.65805e-09
clk1                                      3.63
x1.xcdec1.c_moscap_int1                  -3.63
x1.xcdec2.c_moscap_int1                  -3.63
e.x1.xcdec2.ec_moscap#branch                 0
e.x1.xcdec1.ec_moscap#branch                 0
vs#branch                          5.16942e-05
vb2#branch                                   0
vb1#branch                                   0
vb0#branch                                   0
vc#branch                                    0
vdd#branch                        -5.16942e-05


No. of Data Rows : 2893
tp_b                =  1.80322e-07 targ=  5.40834e-07 trig=  3.60513e-07
i_b                 =  7.47243e-05 from=  3.29017e-07 to=  9.04797e-07
MCVCOPAIR_B tp=1.80322E-07 f=2.21826E+07 i=7.47243E-05
Note: Simulation executed from .control section 
