
Note: Compatibility modes selected: hs a

Warning: m=xx on .subckt line will override multiplier m hierarchy!


Circuit: * generated by simenv.sh -- do not edit; edit sim/vco-tuning-range/testbench/tb_vco_band_pair.sp instead

Doing analysis at TEMP = 125.000000 and TNOM = 27.000000

Using SPARSE 1.3 as Direct Linear Solver

Initial Transient Solution
--------------------------

Node                                   Voltage
----                                   -------
vdd                                       3.63
vc                                         2.7
nb0                                          0
nb1                                       3.63
nb2                                       3.63
nvs                                       3.63
x1.xbias.na                            1.15096
x1.xbias.vbpc                          2.50736
x1.xbias.nc                           0.193873
x1.xbias.xrcg.11                      0.193567
x1.xbias.xrcg.21                   0.000306121
x1.xbias.nsu                        0.00996835
x1.xbias.vfix                          1.95466
x1.xbias.nmd                          0.838443
x1.xbias.vbp0                          2.66213
x1.xbias.noff                          0.86275
x1.xbias.xroff.11                     0.862512
x1.xbias.xroff.21                  0.000238145
x1.xbias.nvi                           1.41003
x1.xbias.xrdeg.11                      1.40964
x1.xbias.xrdeg.21                   0.00038921
x1.xbias.b0b                              3.63
x1.xbias.b1b                       1.28566e-08
x1.xbias.b2b                       1.16963e-08
x1.xbias.vbn1                          0.81498
x1.xbias.ga                               3.63
x1.xbias.vbp2                          2.57128
x1.xbias.gb                            0.81498
x1.vbn                                 1.17872
x1.xbias.gc                            2.57128
x1.vbp                                 2.27237
x1.xs1.nh                              1.73637
x1.y1                                        0
x1.y5                                        0
x1.xs1.nt                         -8.63631e-15
x1.xs2.nh                                 3.63
x1.y2                                     3.63
x1.xs2.nt                          1.74065e-07
x1.xs3.nh                                 3.63
x1.y3                                        0
x1.xs3.nt                          1.32364e-18
x1.xs4.nh                                 3.63
x1.y4                                     3.63
x1.xs4.nt                          2.53019e-07
x1.xs5.nh                                 3.63
x1.xs5.nt                         -1.31132e-17
x1.nb1                                    3.63
x1.nb2                             1.14991e-08
clk1                                      3.63
x1.xcdec1.c_moscap_int1                  -3.63
x1.xcdec2.c_moscap_int1                  -3.63
e.x1.xcdec2.ec_moscap#branch                 0
e.x1.xcdec1.ec_moscap#branch                 0
vs#branch                          0.000317681
vb2#branch                                   0
vb1#branch                                   0
vb0#branch                                   0
vc#branch                                    0
vdd#branch                        -0.000317681


No. of Data Rows : 2815
tp_a                =  1.72045e-08 targ=  5.63286e-08 trig=  3.91241e-08
i_a                 =  4.35725e-04 from=  3.75158e-08 to=  1.03169e-07
MCVCOPAIR_A tp=1.72045E-08 f=2.32498E+08 i=0.000435725
Doing analysis at TEMP = 125.000000 and TNOM = 27.000000

Using SPARSE 1.3 as Direct Linear Solver

Initial Transient Solution
--------------------------

Node                                   Voltage
----                                   -------
vdd                                       3.63
vc                                         0.9
nb0                                       3.63
nb1                                       3.63
nb2                                       3.63
nvs                                       3.63
x1.xbias.na                            1.15096
x1.xbias.vbpc                          2.50736
x1.xbias.nc                           0.193873
x1.xbias.xrcg.11                      0.193567
x1.xbias.xrcg.21                   0.000306121
x1.xbias.nsu                        0.00996835
x1.xbias.vfix                          1.95466
x1.xbias.nmd                          0.838443
x1.xbias.vbp0                          2.74159
x1.xbias.noff                         0.862872
x1.xbias.xroff.11                     0.862634
x1.xbias.xroff.21                  0.000238179
x1.xbias.nvi                          0.164098
x1.xbias.xrdeg.11                     0.164053
x1.xbias.xrdeg.21                  4.52961e-05
x1.xbias.b0b                       1.29522e-08
x1.xbias.b1b                       1.28566e-08
x1.xbias.b2b                       1.16963e-08
x1.xbias.vbn1                         0.787466
x1.xbias.ga                            2.74159
x1.xbias.vbp2                          2.61245
x1.xbias.gb                           0.787466
x1.vbn                                 1.10446
x1.xbias.gc                            2.61245
x1.vbp                                 2.35408
x1.xs1.nh                              1.66365
x1.y1                                        0
x1.y5                                        0
x1.xs1.nt                          1.48944e-17
x1.xs2.nh                                 3.63
x1.y2                                     3.63
x1.xs2.nt                          2.05173e-07
x1.xs3.nh                                 3.63
x1.y3                                        0
x1.xs3.nt                         -3.07486e-17
x1.xs4.nh                                 3.63
x1.y4                                     3.63
x1.xs4.nt                          2.97495e-07
x1.xs5.nh                                 3.63
x1.xs5.nt                         -1.95172e-17
x1.nb1                                    3.63
x1.nb2                             1.14991e-08
clk1                                      3.63
x1.xcdec1.c_moscap_int1                  -3.63
x1.xcdec2.c_moscap_int1                  -3.63
e.x1.xcdec2.ec_moscap#branch                 0
e.x1.xcdec1.ec_moscap#branch                 0
vs#branch                          0.000238752
vb2#branch                                   0
vb1#branch                                   0
vb0#branch                                   0
vc#branch                                    0
vdd#branch                        -0.000238752


No. of Data Rows : 2835
tp_b                =  2.39865e-08 targ=  7.83901e-08 trig=  5.44037e-08
i_b                 =  3.31811e-04 from=  5.13940e-08 to=  1.41334e-07
MCVCOPAIR_B tp=2.39865E-08 f=1.66761E+08 i=0.000331811
Note: Simulation executed from .control section 
