
Note: Compatibility modes selected: hs a

Warning: m=xx on .subckt line will override multiplier m hierarchy!


Circuit: * generated by simenv.sh -- do not edit; edit sim/vco-tuning-range/testbench/tb_vco_band_pair.sp instead

Doing analysis at TEMP = 125.000000 and TNOM = 27.000000

Using SPARSE 1.3 as Direct Linear Solver

Initial Transient Solution
--------------------------

Node                                   Voltage
----                                   -------
vdd                                       3.63
vc                                         2.7
nb0                                          0
nb1                                          0
nb2                                          0
nvs                                       3.63
x1.xbias.na                            1.12442
x1.xbias.vbpc                          2.52054
x1.xbias.nc                           0.182422
x1.xbias.xrcg.11                      0.182134
x1.xbias.xrcg.21                    0.00028804
x1.xbias.nsu                         0.0105641
x1.xbias.vfix                          1.94295
x1.xbias.nmd                          0.828293
x1.xbias.vbp0                          2.66112
x1.xbias.noff                         0.856215
x1.xbias.xroff.11                     0.855979
x1.xbias.xroff.21                  0.000236341
x1.xbias.nvi                           1.40895
x1.xbias.xrdeg.11                      1.40856
x1.xbias.xrdeg.21                  0.000388914
x1.xbias.b0b                              3.63
x1.xbias.b1b                              3.63
x1.xbias.b2b                              3.63
x1.xbias.vbn1                         0.815795
x1.xbias.ga                               3.63
x1.xbias.vbp2                          2.69396
x1.xbias.gb                        1.78399e-09
x1.vbn                                0.753983
x1.xbias.gc                               3.63
x1.vbp                                 2.74562
x1.xs1.nh                              1.31341
x1.y1                                        0
x1.y5                                        0
x1.xs1.nt                         -6.20271e-24
x1.xs2.nh                                 3.63
x1.y2                                     3.63
x1.xs2.nt                          1.17547e-06
x1.xs3.nh                                 3.63
x1.y3                                        0
x1.xs3.nt                          7.84063e-35
x1.xs4.nh                                 3.63
x1.y4                                     3.63
x1.xs4.nt                          1.04282e-06
x1.xs5.nh                                 3.63
x1.xs5.nt                          2.05101e-27
x1.nb1                                    3.63
x1.nb2                             1.14795e-08
clk1                                      3.63
x1.xcdec1.c_moscap_int1                  -3.63
x1.xcdec2.c_moscap_int1                  -3.63
e.x1.xcdec2.ec_moscap#branch                 0
e.x1.xcdec1.ec_moscap#branch                 0
vs#branch                          8.22166e-05
vb2#branch                                   0
vb1#branch                                   0
vb0#branch                                   0
vc#branch                                    0
vdd#branch                        -8.22166e-05


No. of Data Rows : 2870
tp_a                =  4.49559e-07 targ=  1.46053e-06 trig=  1.01097e-06
i_a                 =  9.75435e-05 from=  9.56697e-07 to=  2.63092e-06
MCVCOPAIR_A tp=4.49559E-07 f=8.89761E+06 i=9.75435E-05
Doing analysis at TEMP = 125.000000 and TNOM = 27.000000

Using SPARSE 1.3 as Direct Linear Solver

Initial Transient Solution
--------------------------

Node                                   Voltage
----                                   -------
vdd                                       3.63
vc                                         0.9
nb0                                       3.63
nb1                                          0
nb2                                          0
nvs                                       3.63
x1.xbias.na                            1.12442
x1.xbias.vbpc                          2.52054
x1.xbias.nc                           0.182422
x1.xbias.xrcg.11                      0.182134
x1.xbias.xrcg.21                    0.00028804
x1.xbias.nsu                         0.0105641
x1.xbias.vfix                          1.94295
x1.xbias.nmd                          0.828293
x1.xbias.vbp0                          2.74086
x1.xbias.noff                         0.856337
x1.xbias.xroff.11                     0.856101
x1.xbias.xroff.21                  0.000236375
x1.xbias.nvi                          0.163195
x1.xbias.xrdeg.11                      0.16315
x1.xbias.xrdeg.21                  4.50468e-05
x1.xbias.b0b                       1.23861e-08
x1.xbias.b1b                              3.63
x1.xbias.b2b                              3.63
x1.xbias.vbn1                         0.789441
x1.xbias.ga                            2.74086
x1.xbias.vbp2                          2.72102
x1.xbias.gb                        1.77709e-09
x1.vbn                                0.733936
x1.xbias.gc                               3.63
x1.vbp                                  2.7679
x1.xs1.nh                              1.29431
x1.y1                                        0
x1.y5                                        0
x1.xs1.nt                          6.15253e-18
x1.xs2.nh                                 3.63
x1.y2                                     3.63
x1.xs2.nt                          1.43885e-06
x1.xs3.nh                                 3.63
x1.y3                                        0
x1.xs3.nt                          1.83939e-43
x1.xs4.nh                                 3.63
x1.y4                                     3.63
x1.xs4.nt                           1.2734e-06
x1.xs5.nh                                 3.63
x1.xs5.nt                         -1.09116e-43
x1.nb1                                    3.63
x1.nb2                             1.14795e-08
clk1                                      3.63
x1.xcdec1.c_moscap_int1                  -3.63
x1.xcdec2.c_moscap_int1                  -3.63
e.x1.xcdec2.ec_moscap#branch                 0
e.x1.xcdec1.ec_moscap#branch                 0
vs#branch                          6.11533e-05
vb2#branch                                   0
vb1#branch                                   0
vb0#branch                                   0
vc#branch                                    0
vdd#branch                        -6.11533e-05


No. of Data Rows : 2933
tp_b                =  5.93208e-07 targ=  1.92875e-06 trig=  1.33554e-06
i_b                 =  7.47068e-05 from=  1.26171e-06 to=  3.46971e-06
MCVCOPAIR_B tp=5.93208E-07 f=6.743E+06 i=7.47068E-05
Note: Simulation executed from .control section 
