
Note: Compatibility modes selected: hs a

Warning: m=xx on .subckt line will override multiplier m hierarchy!


Circuit: * generated by simenv.sh -- do not edit; edit sim/vco-tuning-range/testbench/tb_vco_band_pair.sp instead

Doing analysis at TEMP = 125.000000 and TNOM = 27.000000

Using SPARSE 1.3 as Direct Linear Solver

Initial Transient Solution
--------------------------

Node                                   Voltage
----                                   -------
vdd                                       3.63
vc                                         2.7
nb0                                       3.63
nb1                                          0
nb2                                          0
nvs                                       3.63
x1.xbias.na                            1.14997
x1.xbias.vbpc                          2.50661
x1.xbias.nc                           0.194665
x1.xbias.xrcg.11                      0.194358
x1.xbias.xrcg.21                   0.000307372
x1.xbias.nsu                         0.0100753
x1.xbias.vfix                          1.98062
x1.xbias.nmd                          0.851822
x1.xbias.vbp0                          2.66071
x1.xbias.noff                         0.883559
x1.xbias.xroff.11                     0.883315
x1.xbias.xroff.21                  0.000243889
x1.xbias.nvi                           1.41099
x1.xbias.xrdeg.11                       1.4106
x1.xbias.xrdeg.21                  0.000389475
x1.xbias.b0b                       1.19731e-08
x1.xbias.b1b                              3.63
x1.xbias.b2b                              3.63
x1.xbias.vbn1                         0.872084
x1.xbias.ga                            2.66071
x1.xbias.vbp2                          2.63819
x1.xbias.gb                        1.57704e-09
x1.vbn                                0.794678
x1.xbias.gc                               3.63
x1.vbp                                 2.70079
x1.xs1.nh                              1.34836
x1.y1                                        0
x1.y5                                        0
x1.xs1.nt                         -3.01041e-24
x1.xs2.nh                                 3.63
x1.y2                                     3.63
x1.xs2.nt                           6.6872e-07
x1.xs3.nh                                 3.63
x1.y3                                        0
x1.xs3.nt                          1.34543e-51
x1.xs4.nh                                 3.63
x1.y4                                     3.63
x1.xs4.nt                          6.98435e-07
x1.xs5.nh                                 3.63
x1.xs5.nt                          2.24176e-43
x1.nb1                                    3.63
x1.nb2                             1.05311e-08
clk1                                      3.63
x1.xcdec1.c_moscap_int1                  -3.63
x1.xcdec2.c_moscap_int1                  -3.63
e.x1.xcdec2.ec_moscap#branch                 0
e.x1.xcdec1.ec_moscap#branch                 0
vs#branch                          0.000104392
vb2#branch                                   0
vb1#branch                                   0
vb0#branch                                   0
vc#branch                                    0
vdd#branch                        -0.000104392


No. of Data Rows : 2944
tp_a                =  2.64796e-07 targ=  8.61047e-07 trig=  5.96252e-07
i_a                 =  1.24876e-04 from=  5.86101e-07 to=  1.61178e-06
MCVCOPAIR_A tp=2.64796E-07 f=1.5106E+07 i=0.000124876
Doing analysis at TEMP = 125.000000 and TNOM = 27.000000

Using SPARSE 1.3 as Direct Linear Solver

Initial Transient Solution
--------------------------

Node                                   Voltage
----                                   -------
vdd                                       3.63
vc                                         0.9
nb0                                          0
nb1                                       3.63
nb2                                          0
nvs                                       3.63
x1.xbias.na                            1.14997
x1.xbias.vbpc                          2.50661
x1.xbias.nc                           0.194665
x1.xbias.xrcg.11                      0.194358
x1.xbias.xrcg.21                   0.000307372
x1.xbias.nsu                         0.0100753
x1.xbias.vfix                          1.98062
x1.xbias.nmd                          0.851822
x1.xbias.vbp0                          2.73943
x1.xbias.noff                          0.88368
x1.xbias.xroff.11                     0.883436
x1.xbias.xroff.21                  0.000243923
x1.xbias.nvi                          0.164763
x1.xbias.xrdeg.11                     0.164717
x1.xbias.xrdeg.21                  4.54796e-05
x1.xbias.b0b                              3.63
x1.xbias.b1b                       1.33159e-08
x1.xbias.b2b                              3.63
x1.xbias.vbn1                         0.751828
x1.xbias.ga                               3.63
x1.xbias.vbp2                          2.66667
x1.xbias.gb                           0.751828
x1.vbn                                 0.77449
x1.xbias.gc                               3.63
x1.vbp                                 2.72348
x1.xs1.nh                              1.32875
x1.y1                                        0
x1.y5                                        0
x1.xs1.nt                          5.50242e-15
x1.xs2.nh                                 3.63
x1.y2                                     3.63
x1.xs2.nt                          7.88008e-07
x1.xs3.nh                                 3.63
x1.y3                                        0
x1.xs3.nt                          1.41515e-16
x1.xs4.nh                                 3.63
x1.y4                                     3.63
x1.xs4.nt                          8.20297e-07
x1.xs5.nh                                 3.63
x1.xs5.nt                         -8.88167e-17
x1.nb1                                    3.63
x1.nb2                             1.05311e-08
clk1                                      3.63
x1.xcdec1.c_moscap_int1                  -3.63
x1.xcdec2.c_moscap_int1                  -3.63
e.x1.xcdec2.ec_moscap#branch                 0
e.x1.xcdec1.ec_moscap#branch                 0
vs#branch                          7.03109e-05
vb2#branch                                   0
vb1#branch                                   0
vb0#branch                                   0
vc#branch                                    0
vdd#branch                        -7.03109e-05


No. of Data Rows : 2898
tp_b                =  3.39571e-07 targ=  1.10335e-06 trig=  7.63779e-07
i_b                 =  8.90945e-05 from=  7.61269e-07 to=  2.09349e-06
MCVCOPAIR_B tp=3.39571E-07 f=1.17796E+07 i=8.90945E-05
Note: Simulation executed from .control section 
