
Note: Compatibility modes selected: hs a

Warning: m=xx on .subckt line will override multiplier m hierarchy!


Circuit: * generated by simenv.sh -- do not edit; edit sim/vco-tuning-range/testbench/tb_vco_band_pair.sp instead

Doing analysis at TEMP = -40.000000 and TNOM = 27.000000

Using SPARSE 1.3 as Direct Linear Solver

Initial Transient Solution
--------------------------

Node                                   Voltage
----                                   -------
vdd                                       3.63
vc                                         2.7
nb0                                       3.63
nb1                                       3.63
nb2                                          0
nvs                                       3.63
x1.xbias.na                             1.0506
x1.xbias.vbpc                          2.51672
x1.xbias.nc                          0.0938239
x1.xbias.xrcg.11                     0.0936198
x1.xbias.xrcg.21                   0.000204111
x1.xbias.nsu                         0.0173998
x1.xbias.vfix                          2.11305
x1.xbias.nmd                          0.905201
x1.xbias.vbp0                          2.54682
x1.xbias.noff                         0.902318
x1.xbias.xroff.11                     0.901974
x1.xbias.xroff.21                  0.000343497
x1.xbias.nvi                           1.34454
x1.xbias.xrdeg.11                      1.34403
x1.xbias.xrdeg.21                  0.000511844
x1.xbias.b0b                       5.18026e-09
x1.xbias.b1b                       5.22025e-09
x1.xbias.b2b                              3.63
x1.xbias.vbn1                         0.957559
x1.xbias.ga                            2.54682
x1.xbias.vbp2                          2.43314
x1.xbias.gb                           0.957559
x1.vbn                                0.984199
x1.xbias.gc                               3.63
x1.vbp                                 2.48485
x1.xs1.nh                              1.53366
x1.y1                                        0
x1.y5                                        0
x1.xs1.nt                           5.8896e-18
x1.xs2.nh                                 3.63
x1.y2                                     3.63
x1.xs2.nt                          2.73244e-13
x1.xs3.nh                                 3.63
x1.y3                                        0
x1.xs3.nt                         -8.43832e-39
x1.xs4.nh                                 3.63
x1.y4                                     3.63
x1.xs4.nt                          6.77892e-13
x1.xs5.nh                                 3.63
x1.xs5.nt                          1.88551e-39
x1.nb1                                    3.63
x1.nb2                             3.62497e-09
clk1                                      3.63
x1.xcdec1.c_moscap_int1                  -3.63
x1.xcdec2.c_moscap_int1                  -3.63
e.x1.xcdec2.ec_moscap#branch                 0
e.x1.xcdec1.ec_moscap#branch                 0
vs#branch                          0.000109765
vb2#branch                                   0
vb1#branch                                   0
vb0#branch                                   0
vc#branch                                    0
vdd#branch                        -0.000109765


No. of Data Rows : 2889
tp_a                =  1.08817e-07 targ=  3.54163e-07 trig=  2.45345e-07
i_a                 =  1.41410e-04 from=  2.44424e-07 to=  6.72165e-07
MCVCOPAIR_A tp=1.08817E-07 f=3.67588E+07 i=0.00014141
Doing analysis at TEMP = -40.000000 and TNOM = 27.000000

Using SPARSE 1.3 as Direct Linear Solver

Initial Transient Solution
--------------------------

Node                                   Voltage
----                                   -------
vdd                                       3.63
vc                                         0.9
nb0                                          0
nb1                                          0
nb2                                       3.63
nvs                                       3.63
x1.xbias.na                             1.0506
x1.xbias.vbpc                          2.51672
x1.xbias.nc                          0.0938239
x1.xbias.xrcg.11                     0.0936198
x1.xbias.xrcg.21                   0.000204111
x1.xbias.nsu                         0.0173998
x1.xbias.vfix                          2.11305
x1.xbias.nmd                          0.905201
x1.xbias.vbp0                          2.59914
x1.xbias.noff                         0.902405
x1.xbias.xroff.11                     0.902061
x1.xbias.xroff.21                   0.00034353
x1.xbias.nvi                         0.0754627
x1.xbias.xrdeg.11                    0.0754339
x1.xbias.xrdeg.21                  2.87274e-05
x1.xbias.b0b                              3.63
x1.xbias.b1b                              3.63
x1.xbias.b2b                       5.19863e-09
x1.xbias.vbn1                          0.87773
x1.xbias.ga                               3.63
x1.xbias.vbp2                          2.61714
x1.xbias.gb                        2.06371e-16
x1.vbn                                0.958696
x1.xbias.gc                            2.61715
x1.vbp                                 2.51444
x1.xs1.nh                              1.50738
x1.y1                                        0
x1.y5                                        0
x1.xs1.nt                          1.09138e-17
x1.xs2.nh                                 3.63
x1.y2                                     3.63
x1.xs2.nt                          3.41104e-13
x1.xs3.nh                                 3.63
x1.y3                                        0
x1.xs3.nt                         -8.46257e-19
x1.xs4.nh                                 3.63
x1.y4                                     3.63
x1.xs4.nt                          8.50391e-13
x1.xs5.nh                                 3.63
x1.xs5.nt                         -3.14261e-38
x1.nb1                                    3.63
x1.nb2                             3.62497e-09
clk1                                      3.63
x1.xcdec1.c_moscap_int1                  -3.63
x1.xcdec2.c_moscap_int1                  -3.63
e.x1.xcdec2.ec_moscap#branch                 0
e.x1.xcdec1.ec_moscap#branch                 0
vs#branch                          5.71772e-05
vb2#branch                                   0
vb1#branch                                   0
vb0#branch                                   0
vc#branch                                    0
vdd#branch                        -5.71772e-05


No. of Data Rows : 2927
tp_b                =  1.54775e-07 targ=  5.03537e-07 trig=  3.48762e-07
i_b                 =  8.21630e-05 from=  3.29017e-07 to=  9.04797e-07
MCVCOPAIR_B tp=1.54775E-07 f=2.5844E+07 i=8.2163E-05
Note: Simulation executed from .control section 
