
Note: Compatibility modes selected: hs a

Warning: m=xx on .subckt line will override multiplier m hierarchy!


Circuit: * generated by simenv.sh -- do not edit; edit sim/vco-tuning-range/testbench/tb_vco_band_pair.sp instead

Doing analysis at TEMP = -40.000000 and TNOM = 27.000000

Using SPARSE 1.3 as Direct Linear Solver

Initial Transient Solution
--------------------------

Node                                   Voltage
----                                   -------
vdd                                       2.97
vc                                         2.7
nb0                                       2.97
nb1                                       2.97
nb2                                          0
nvs                                       2.97
x1.xbias.na                            1.04455
x1.xbias.vbpc                          1.86098
x1.xbias.nc                          0.0894262
x1.xbias.xrcg.11                     0.0892317
x1.xbias.xrcg.21                   0.000194544
x1.xbias.nsu                         0.0101965
x1.xbias.vfix                          2.10914
x1.xbias.nmd                          0.908349
x1.xbias.vbp0                          1.88655
x1.xbias.noff                         0.897143
x1.xbias.xroff.11                     0.896801
x1.xbias.xroff.21                  0.000341527
x1.xbias.nvi                           1.34175
x1.xbias.xrdeg.11                      1.34124
x1.xbias.xrdeg.21                  0.000510781
x1.xbias.b0b                       4.41037e-09
x1.xbias.b1b                       4.49924e-09
x1.xbias.b2b                              2.97
x1.xbias.vbn1                         0.951583
x1.xbias.ga                            1.88655
x1.xbias.vbp2                          1.78796
x1.xbias.gb                           0.951583
x1.vbn                                 0.97318
x1.xbias.gc                               2.97
x1.vbp                                 1.83945
x1.xs1.nh                              1.43661
x1.y1                                        0
x1.y5                                        0
x1.xs1.nt                         -6.75482e-18
x1.xs2.nh                                 2.97
x1.y2                                     2.97
x1.xs2.nt                          2.73363e-13
x1.xs3.nh                                 2.97
x1.y3                                        0
x1.xs3.nt                          9.74792e-19
x1.xs4.nh                                 2.97
x1.y4                                     2.97
x1.xs4.nt                          1.43374e-13
x1.xs5.nh                                 2.97
x1.xs5.nt                         -2.22874e-38
x1.nb1                                    2.97
x1.nb2                             2.98928e-09
clk1                                      2.97
x1.xcdec1.c_moscap_int1                  -2.97
x1.xcdec2.c_moscap_int1                  -2.97
e.x1.xcdec2.ec_moscap#branch                 0
e.x1.xcdec1.ec_moscap#branch                 0
vs#branch                          9.96921e-05
vb2#branch                                   0
vb1#branch                                   0
vb0#branch                                   0
vc#branch                                    0
vdd#branch                        -9.96921e-05


No. of Data Rows : 2890
tp_a                =  8.39763e-08 targ=  2.73693e-07 trig=  1.89717e-07
i_a                 =  1.20872e-04 from=  1.74660e-07 to=  4.80316e-07
MCVCOPAIR_A tp=8.39763E-08 f=4.76325E+07 i=0.000120872
Doing analysis at TEMP = -40.000000 and TNOM = 27.000000

Using SPARSE 1.3 as Direct Linear Solver

Initial Transient Solution
--------------------------

Node                                   Voltage
----                                   -------
vdd                                       2.97
vc                                         0.9
nb0                                          0
nb1                                          0
nb2                                       2.97
nvs                                       2.97
x1.xbias.na                            1.04455
x1.xbias.vbpc                          1.86098
x1.xbias.nc                          0.0894262
x1.xbias.xrcg.11                     0.0892317
x1.xbias.xrcg.21                   0.000194544
x1.xbias.nsu                         0.0101965
x1.xbias.vfix                          2.10914
x1.xbias.nmd                          0.908349
x1.xbias.vbp0                          1.93903
x1.xbias.noff                         0.897238
x1.xbias.xroff.11                     0.896896
x1.xbias.xroff.21                  0.000341563
x1.xbias.nvi                         0.0733642
x1.xbias.xrdeg.11                    0.0733363
x1.xbias.xrdeg.21                  2.79285e-05
x1.xbias.b0b                              2.97
x1.xbias.b1b                              2.97
x1.xbias.b2b                       4.44224e-09
x1.xbias.vbn1                         0.871158
x1.xbias.ga                               2.97
x1.xbias.vbp2                          1.96475
x1.xbias.gb                        2.75962e-16
x1.vbn                                0.943306
x1.xbias.gc                            1.96475
x1.vbp                                 1.87351
x1.xs1.nh                              1.40722
x1.y1                                        0
x1.y5                                        0
x1.xs1.nt                         -4.87839e-17
x1.xs2.nh                                 2.97
x1.y2                                     2.97
x1.xs2.nt                          3.64368e-13
x1.xs3.nh                                 2.97
x1.y3                                        0
x1.xs3.nt                         -2.39998e-77
x1.xs4.nh                                 2.97
x1.y4                                     2.97
x1.xs4.nt                          1.92232e-13
x1.xs5.nh                                 2.97
x1.xs5.nt                         -4.17653e-77
x1.nb1                                    2.97
x1.nb2                             2.98928e-09
clk1                                      2.97
x1.xcdec1.c_moscap_int1                  -2.97
x1.xcdec2.c_moscap_int1                  -2.97
e.x1.xcdec2.ec_moscap#branch                 0
e.x1.xcdec1.ec_moscap#branch                 0
vs#branch                          4.88392e-05
vb2#branch                                   0
vb1#branch                                   0
vb0#branch                                   0
vc#branch                                    0
vdd#branch                        -4.88392e-05


No. of Data Rows : 2822
tp_b                =  1.31661e-07 targ=  3.95972e-07 trig=  2.64310e-07
i_b                 =  6.47331e-05 from=  2.44620e-07 to=  6.72704e-07
MCVCOPAIR_B tp=1.31661E-07 f=3.0381E+07 i=6.47331E-05
Note: Simulation executed from .control section 
