
Note: Compatibility modes selected: hs a

Warning: m=xx on .subckt line will override multiplier m hierarchy!


Circuit: * generated by simenv.sh -- do not edit; edit sim/vco-tuning-range/testbench/tb_vco_band_pair.sp instead

Doing analysis at TEMP = 125.000000 and TNOM = 27.000000

Using SPARSE 1.3 as Direct Linear Solver

Initial Transient Solution
--------------------------

Node                                   Voltage
----                                   -------
vdd                                       3.63
vc                                         2.7
nb0                                       3.63
nb1                                       3.63
nb2                                          0
nvs                                       3.63
x1.xbias.na                           0.854153
x1.xbias.vbpc                          2.80349
x1.xbias.nc                           0.167612
x1.xbias.xrcg.11                      0.167347
x1.xbias.xrcg.21                   0.000264655
x1.xbias.nsu                         0.0151216
x1.xbias.vfix                          1.39199
x1.xbias.nmd                          0.599855
x1.xbias.vbp0                          2.92284
x1.xbias.noff                         0.646261
x1.xbias.xroff.11                     0.646082
x1.xbias.xroff.21                  0.000178388
x1.xbias.nvi                           1.62217
x1.xbias.xrdeg.11                      1.62173
x1.xbias.xrdeg.21                   0.00044777
x1.xbias.b0b                       4.02636e-07
x1.xbias.b1b                       4.67841e-07
x1.xbias.b2b                           3.62999
x1.xbias.vbn1                         0.636702
x1.xbias.ga                            2.92284
x1.xbias.vbp2                          2.76354
x1.xbias.gb                           0.636702
x1.vbn                                0.660913
x1.xbias.gc                               3.63
x1.vbp                                 2.82956
x1.xs1.nh                               1.1741
x1.y1                                        0
x1.y5                                        0
x1.xs1.nt                         -2.67853e-14
x1.xs2.nh                                 3.63
x1.y2                                     3.63
x1.xs2.nt                           4.2441e-05
x1.xs3.nh                                 3.63
x1.y3                                        0
x1.xs3.nt                         -4.99437e-17
x1.xs4.nh                                 3.63
x1.y4                                     3.63
x1.xs4.nt                          3.53292e-05
x1.xs5.nh                                 3.63
x1.xs5.nt                          8.44505e-17
x1.nb1                                 3.62999
x1.nb2                             4.75371e-07
clk1                                   3.62999
x1.xcdec1.c_moscap_int1                  -3.63
x1.xcdec2.c_moscap_int1                  -3.63
e.x1.xcdec2.ec_moscap#branch                 0
e.x1.xcdec1.ec_moscap#branch                 0
vs#branch                          0.000157972
vb2#branch                                   0
vb1#branch                                   0
vb0#branch                                   0
vc#branch                                    0
vdd#branch                        -0.000157972


No. of Data Rows : 2839
tp_a                =  9.45475e-08 targ=  3.31079e-07 trig=  2.36532e-07
i_a                 =  2.11997e-04 from=  2.23044e-07 to=  6.13370e-07
MCVCOPAIR_A tp=9.45475E-08 f=4.23068E+07 i=0.000211997
Doing analysis at TEMP = 125.000000 and TNOM = 27.000000

Using SPARSE 1.3 as Direct Linear Solver

Initial Transient Solution
--------------------------

Node                                   Voltage
----                                   -------
vdd                                       3.63
vc                                         0.9
nb0                                          0
nb1                                          0
nb2                                       3.63
nvs                                       3.63
x1.xbias.na                           0.854153
x1.xbias.vbpc                          2.80349
x1.xbias.nc                           0.167612
x1.xbias.xrcg.11                      0.167347
x1.xbias.xrcg.21                   0.000264655
x1.xbias.nsu                         0.0151216
x1.xbias.vfix                          1.39199
x1.xbias.nmd                          0.599855
x1.xbias.vbp0                          3.00276
x1.xbias.noff                         0.646383
x1.xbias.xroff.11                     0.646204
x1.xbias.xroff.21                  0.000178421
x1.xbias.nvi                          0.307448
x1.xbias.xrdeg.11                     0.307363
x1.xbias.xrdeg.21                   8.4865e-05
x1.xbias.b0b                              3.63
x1.xbias.b1b                           3.62999
x1.xbias.b2b                       5.05491e-07
x1.xbias.vbn1                         0.519456
x1.xbias.ga                               3.63
x1.xbias.vbp2                          3.02112
x1.xbias.gb                        1.17341e-07
x1.vbn                                0.631675
x1.xbias.gc                            3.02112
x1.vbp                                 2.86277
x1.xs1.nh                              1.14454
x1.y1                                        0
x1.y5                                        0
x1.xs1.nt                          -2.5239e-18
x1.xs2.nh                                 3.63
x1.y2                                     3.63
x1.xs2.nt                          5.00399e-05
x1.xs3.nh                                 3.63
x1.y3                                        0
x1.xs3.nt                         -4.49804e-36
x1.xs4.nh                                 3.63
x1.y4                                     3.63
x1.xs4.nt                           4.1713e-05
x1.xs5.nh                                 3.63
x1.xs5.nt                          2.93617e-35
x1.nb1                                 3.62999
x1.nb2                             4.75371e-07
clk1                                   3.62999
x1.xcdec1.c_moscap_int1                  -3.63
x1.xcdec2.c_moscap_int1                  -3.63
e.x1.xcdec2.ec_moscap#branch                 0
e.x1.xcdec1.ec_moscap#branch                 0
vs#branch                          9.16462e-05
vb2#branch                                   0
vb1#branch                                   0
vb0#branch                                   0
vc#branch                                    0
vdd#branch                        -9.16462e-05


No. of Data Rows : 2928
tp_b                =  1.23934e-07 targ=  4.34143e-07 trig=  3.10209e-07
i_b                 =  1.40391e-04 from=  2.98606e-07 to=  8.21166e-07
MCVCOPAIR_B tp=1.23934E-07 f=3.22752E+07 i=0.000140391
Note: Simulation executed from .control section 
