
Note: Compatibility modes selected: hs a

Warning: m=xx on .subckt line will override multiplier m hierarchy!


Circuit: * generated by simenv.sh -- do not edit; edit sim/vco-tuning-range/testbench/tb_vco_band_pair.sp instead

Doing analysis at TEMP = 125.000000 and TNOM = 27.000000

Using SPARSE 1.3 as Direct Linear Solver

Initial Transient Solution
--------------------------

Node                                   Voltage
----                                   -------
vdd                                       3.63
vc                                         2.7
nb0                                       3.63
nb1                                       3.63
nb2                                          0
nvs                                       3.63
x1.xbias.na                           0.894708
x1.xbias.vbpc                          2.78737
x1.xbias.nc                            0.18537
x1.xbias.xrcg.11                      0.185077
x1.xbias.xrcg.21                   0.000292694
x1.xbias.nsu                         0.0139006
x1.xbias.vfix                          1.39926
x1.xbias.nmd                          0.605375
x1.xbias.vbp0                          2.92197
x1.xbias.noff                         0.650292
x1.xbias.xroff.11                     0.650112
x1.xbias.xroff.21                    0.0001795
x1.xbias.nvi                           1.62216
x1.xbias.xrdeg.11                      1.62172
x1.xbias.xrdeg.21                  0.000447767
x1.xbias.b0b                       6.44727e-07
x1.xbias.b1b                       5.64628e-07
x1.xbias.b2b                           3.62999
x1.xbias.vbn1                         0.638523
x1.xbias.ga                            2.92197
x1.xbias.vbp2                          2.76217
x1.xbias.gb                           0.638523
x1.vbn                                0.666165
x1.xbias.gc                               3.63
x1.vbp                                 2.84028
x1.xs1.nh                              1.16389
x1.y1                                        0
x1.y5                                        0
x1.xs1.nt                         -1.98446e-15
x1.xs2.nh                                 3.63
x1.y2                                     3.63
x1.xs2.nt                          2.30847e-05
x1.xs3.nh                                 3.63
x1.y3                                        0
x1.xs3.nt                         -2.98323e-27
x1.xs4.nh                                 3.63
x1.y4                                     3.63
x1.xs4.nt                           2.9781e-05
x1.xs5.nh                                 3.63
x1.xs5.nt                         -6.04274e-19
x1.nb1                                 3.62999
x1.nb2                             4.45777e-07
clk1                                   3.62999
x1.xcdec1.c_moscap_int1                  -3.63
x1.xcdec2.c_moscap_int1                  -3.63
e.x1.xcdec2.ec_moscap#branch                 0
e.x1.xcdec1.ec_moscap#branch                 0
vs#branch                          0.000157843
vb2#branch                                   0
vb1#branch                                   0
vb0#branch                                   0
vc#branch                                    0
vdd#branch                        -0.000157843


No. of Data Rows : 2877
tp_a                =  9.67379e-08 targ=  3.38662e-07 trig=  2.41924e-07
i_a                 =  2.12889e-04 from=  2.23044e-07 to=  6.13370e-07
MCVCOPAIR_A tp=9.67379E-08 f=4.13488E+07 i=0.000212889
Doing analysis at TEMP = 125.000000 and TNOM = 27.000000

Using SPARSE 1.3 as Direct Linear Solver

Initial Transient Solution
--------------------------

Node                                   Voltage
----                                   -------
vdd                                       3.63
vc                                         0.9
nb0                                          0
nb1                                          0
nb2                                       3.63
nvs                                       3.63
x1.xbias.na                           0.894708
x1.xbias.vbpc                          2.78737
x1.xbias.nc                            0.18537
x1.xbias.xrcg.11                      0.185077
x1.xbias.xrcg.21                   0.000292694
x1.xbias.nsu                         0.0139006
x1.xbias.vfix                          1.39926
x1.xbias.nmd                          0.605375
x1.xbias.vbp0                          3.00176
x1.xbias.noff                         0.650413
x1.xbias.xroff.11                     0.650234
x1.xbias.xroff.21                  0.000179534
x1.xbias.nvi                          0.307371
x1.xbias.xrdeg.11                     0.307286
x1.xbias.xrdeg.21                  8.48437e-05
x1.xbias.b0b                           3.62999
x1.xbias.b1b                              3.63
x1.xbias.b2b                        4.8232e-07
x1.xbias.vbn1                         0.520974
x1.xbias.ga                               3.63
x1.xbias.vbp2                          3.02224
x1.xbias.gb                        9.52598e-08
x1.vbn                                0.635387
x1.xbias.gc                            3.02224
x1.vbp                                 2.87508
x1.xs1.nh                              1.13302
x1.y1                                        0
x1.y5                                        0
x1.xs1.nt                          4.99725e-18
x1.xs2.nh                                 3.63
x1.y2                                     3.63
x1.xs2.nt                           2.7367e-05
x1.xs3.nh                                 3.63
x1.y3                                        0
x1.xs3.nt                          4.62586e-36
x1.xs4.nh                                 3.63
x1.y4                                     3.63
x1.xs4.nt                          3.53217e-05
x1.xs5.nh                              3.62999
x1.xs5.nt                         -2.11988e-27
x1.nb1                                 3.62999
x1.nb2                             4.45777e-07
clk1                                   3.62999
x1.xcdec1.c_moscap_int1                  -3.63
x1.xcdec2.c_moscap_int1                  -3.63
e.x1.xcdec2.ec_moscap#branch                 0
e.x1.xcdec1.ec_moscap#branch                 0
vs#branch                           9.1047e-05
vb2#branch                                   0
vb1#branch                                   0
vb0#branch                                   0
vc#branch                                    0
vdd#branch                         -9.1047e-05


No. of Data Rows : 2823
tp_b                =  1.29175e-07 targ=  4.52084e-07 trig=  3.22909e-07
i_b                 =  1.39303e-04 from=  2.98606e-07 to=  8.21166e-07
MCVCOPAIR_B tp=1.29175E-07 f=3.09657E+07 i=0.000139303
Note: Simulation executed from .control section 
