
Note: Compatibility modes selected: hs a

Warning: m=xx on .subckt line will override multiplier m hierarchy!


Circuit: * generated by simenv.sh -- do not edit; edit sim/vco-tuning-range/testbench/tb_vco_band_pair.sp instead

Doing analysis at TEMP = -40.000000 and TNOM = 27.000000

Using SPARSE 1.3 as Direct Linear Solver

Initial Transient Solution
--------------------------

Node                                   Voltage
----                                   -------
vdd                                       2.97
vc                                         2.7
nb0                                       2.97
nb1                                       2.97
nb2                                          0
nvs                                       2.97
x1.xbias.na                            1.05234
x1.xbias.vbpc                          1.85412
x1.xbias.nc                          0.0957059
x1.xbias.xrcg.11                     0.0954977
x1.xbias.xrcg.21                   0.000208205
x1.xbias.nsu                        0.00971406
x1.xbias.vfix                          2.10911
x1.xbias.nmd                          0.910643
x1.xbias.vbp0                          1.88665
x1.xbias.noff                         0.896251
x1.xbias.xroff.11                     0.895909
x1.xbias.xroff.21                  0.000341188
x1.xbias.nvi                           1.34492
x1.xbias.xrdeg.11                      1.34441
x1.xbias.xrdeg.21                  0.000511988
x1.xbias.b0b                       4.52429e-09
x1.xbias.b1b                       4.39288e-09
x1.xbias.b2b                              2.97
x1.xbias.vbn1                         0.957321
x1.xbias.ga                            1.88665
x1.xbias.vbp2                          1.77758
x1.xbias.gb                           0.957321
x1.vbn                                0.981442
x1.xbias.gc                               2.97
x1.vbp                                 1.84507
x1.xs1.nh                              1.42869
x1.y1                                        0
x1.y5                                        0
x1.xs1.nt                         -1.01319e-17
x1.xs2.nh                                 2.97
x1.y2                                     2.97
x1.xs2.nt                          1.67394e-13
x1.xs3.nh                                 2.97
x1.y3                                        0
x1.xs3.nt                         -1.21458e-38
x1.xs4.nh                                 2.97
x1.y4                                     2.97
x1.xs4.nt                           1.3592e-13
x1.xs5.nh                                 2.97
x1.xs5.nt                          -2.9488e-39
x1.nb1                                    2.97
x1.nb2                              2.9692e-09
clk1                                      2.97
x1.xcdec1.c_moscap_int1                  -2.97
x1.xcdec2.c_moscap_int1                  -2.97
e.x1.xcdec2.ec_moscap#branch                 0
e.x1.xcdec1.ec_moscap#branch                 0
vs#branch                          0.000101634
vb2#branch                                   0
vb1#branch                                   0
vb0#branch                                   0
vc#branch                                    0
vdd#branch                        -0.000101634


No. of Data Rows : 2904
tp_a                =  8.39953e-08 targ=  2.73657e-07 trig=  1.89661e-07
i_a                 =  1.24650e-04 from=  1.74660e-07 to=  4.80316e-07
MCVCOPAIR_A tp=8.39953E-08 f=4.76217E+07 i=0.00012465
Doing analysis at TEMP = -40.000000 and TNOM = 27.000000

Using SPARSE 1.3 as Direct Linear Solver

Initial Transient Solution
--------------------------

Node                                   Voltage
----                                   -------
vdd                                       2.97
vc                                         0.9
nb0                                          0
nb1                                          0
nb2                                       2.97
nvs                                       2.97
x1.xbias.na                            1.05234
x1.xbias.vbpc                          1.85412
x1.xbias.nc                          0.0957059
x1.xbias.xrcg.11                     0.0954977
x1.xbias.xrcg.21                   0.000208205
x1.xbias.nsu                        0.00971406
x1.xbias.vfix                          2.10911
x1.xbias.nmd                          0.910643
x1.xbias.vbp0                          1.93912
x1.xbias.noff                         0.896345
x1.xbias.xroff.11                     0.896004
x1.xbias.xroff.21                  0.000341224
x1.xbias.nvi                          0.075476
x1.xbias.xrdeg.11                    0.0754473
x1.xbias.xrdeg.21                  2.87325e-05
x1.xbias.b0b                              2.97
x1.xbias.b1b                              2.97
x1.xbias.b2b                       4.45362e-09
x1.xbias.vbn1                         0.877932
x1.xbias.ga                               2.97
x1.xbias.vbp2                          1.95934
x1.xbias.gb                        1.95102e-16
x1.vbn                                0.954463
x1.xbias.gc                            1.95934
x1.vbp                                  1.8757
x1.xs1.nh                              1.40229
x1.y1                                        0
x1.y5                                        0
x1.xs1.nt                         -2.91533e-18
x1.xs2.nh                                 2.97
x1.y2                                     2.97
x1.xs2.nt                          2.13959e-13
x1.xs3.nh                                 2.97
x1.y3                                        0
x1.xs3.nt                         -1.93853e-77
x1.xs4.nh                                 2.97
x1.y4                                     2.97
x1.xs4.nt                          1.73667e-13
x1.xs5.nh                                 2.97
x1.xs5.nt                          2.48411e-58
x1.nb1                                    2.97
x1.nb2                              2.9692e-09
clk1                                      2.97
x1.xcdec1.c_moscap_int1                  -2.97
x1.xcdec2.c_moscap_int1                  -2.97
e.x1.xcdec2.ec_moscap#branch                 0
e.x1.xcdec1.ec_moscap#branch                 0
vs#branch                          5.07561e-05
vb2#branch                                   0
vb1#branch                                   0
vb0#branch                                   0
vc#branch                                    0
vdd#branch                        -5.07561e-05


No. of Data Rows : 2848
tp_b                =  1.26946e-07 targ=  3.81659e-07 trig=  2.54712e-07
i_b                 =  6.83244e-05 from=  2.44620e-07 to=  6.72704e-07
MCVCOPAIR_B tp=1.26946E-07 f=3.15093E+07 i=6.83244E-05
Note: Simulation executed from .control section 
