
Note: Compatibility modes selected: hs a

Warning: m=xx on .subckt line will override multiplier m hierarchy!


Circuit: * generated by simenv.sh -- do not edit; edit sim/vco-tuning-range/testbench/tb_vco_band_pair.sp instead

Doing analysis at TEMP = 125.000000 and TNOM = 27.000000

Using SPARSE 1.3 as Direct Linear Solver

Initial Transient Solution
--------------------------

Node                                   Voltage
----                                   -------
vdd                                       3.63
vc                                         2.7
nb0                                       3.63
nb1                                       3.63
nb2                                          0
nvs                                       3.63
x1.xbias.na                           0.981898
x1.xbias.vbpc                          2.66723
x1.xbias.nc                           0.169795
x1.xbias.xrcg.11                      0.169527
x1.xbias.xrcg.21                   0.000268102
x1.xbias.nsu                         0.0129277
x1.xbias.vfix                           1.6462
x1.xbias.nmd                          0.708379
x1.xbias.vbp0                          2.79335
x1.xbias.noff                         0.735474
x1.xbias.xroff.11                     0.735271
x1.xbias.xroff.21                  0.000203013
x1.xbias.nvi                           1.51414
x1.xbias.xrdeg.11                      1.51372
x1.xbias.xrdeg.21                  0.000417949
x1.xbias.b0b                       5.85132e-08
x1.xbias.b1b                       6.45823e-08
x1.xbias.b2b                              3.63
x1.xbias.vbn1                         0.752452
x1.xbias.ga                            2.79335
x1.xbias.vbp2                          2.62534
x1.xbias.gb                           0.752452
x1.vbn                                0.777854
x1.xbias.gc                               3.63
x1.vbp                                  2.7098
x1.xs1.nh                              1.29914
x1.y1                                        0
x1.y5                                        0
x1.xs1.nt                          -4.3891e-18
x1.xs2.nh                                 3.63
x1.y2                                     3.63
x1.xs2.nt                          3.71406e-06
x1.xs3.nh                                 3.63
x1.y3                                        0
x1.xs3.nt                          -1.8763e-43
x1.xs4.nh                                 3.63
x1.y4                                     3.63
x1.xs4.nt                          3.49633e-06
x1.xs5.nh                                 3.63
x1.xs5.nt                         -1.89619e-43
x1.nb1                                    3.63
x1.nb2                             4.60474e-08
clk1                                      3.63
x1.xcdec1.c_moscap_int1                  -3.63
x1.xcdec2.c_moscap_int1                  -3.63
e.x1.xcdec2.ec_moscap#branch                 0
e.x1.xcdec1.ec_moscap#branch                 0
vs#branch                          0.000152127
vb2#branch                                   0
vb1#branch                                   0
vb0#branch                                   0
vc#branch                                    0
vdd#branch                        -0.000152127


No. of Data Rows : 2913
tp_a                =  9.69203e-08 targ=  3.15218e-07 trig=  2.18297e-07
i_a                 =  1.96469e-04 from=  2.16968e-07 to=  5.96662e-07
MCVCOPAIR_A tp=9.69203E-08 f=4.1271E+07 i=0.000196469
Doing analysis at TEMP = 125.000000 and TNOM = 27.000000

Using SPARSE 1.3 as Direct Linear Solver

Initial Transient Solution
--------------------------

Node                                   Voltage
----                                   -------
vdd                                       3.63
vc                                         0.9
nb0                                          0
nb1                                          0
nb2                                       3.63
nvs                                       3.63
x1.xbias.na                           0.981898
x1.xbias.vbpc                          2.66723
x1.xbias.nc                           0.169795
x1.xbias.xrcg.11                      0.169527
x1.xbias.xrcg.21                   0.000268102
x1.xbias.nsu                         0.0129277
x1.xbias.vfix                           1.6462
x1.xbias.nmd                          0.708379
x1.xbias.vbp0                          2.87397
x1.xbias.noff                         0.735596
x1.xbias.xroff.11                     0.735393
x1.xbias.xroff.21                  0.000203047
x1.xbias.nvi                          0.232395
x1.xbias.xrdeg.11                     0.232331
x1.xbias.xrdeg.21                  6.41481e-05
x1.xbias.b0b                              3.63
x1.xbias.b1b                              3.63
x1.xbias.b2b                       4.88663e-08
x1.xbias.vbn1                         0.633051
x1.xbias.ga                               3.63
x1.xbias.vbp2                          2.89196
x1.xbias.gb                        1.61407e-08
x1.vbn                                0.751873
x1.xbias.gc                            2.89196
x1.vbp                                 2.73935
x1.xs1.nh                              1.27312
x1.y1                                        0
x1.y5                                        0
x1.xs1.nt                         -2.78706e-17
x1.xs2.nh                                 3.63
x1.y2                                     3.63
x1.xs2.nt                          4.26855e-06
x1.xs3.nh                                 3.63
x1.y3                                        0
x1.xs3.nt                          1.98432e-35
x1.xs4.nh                                 3.63
x1.y4                                     3.63
x1.xs4.nt                          4.03392e-06
x1.xs5.nh                                 3.63
x1.xs5.nt                          -2.0041e-43
x1.nb1                                    3.63
x1.nb2                             4.60474e-08
clk1                                      3.63
x1.xcdec1.c_moscap_int1                  -3.63
x1.xcdec2.c_moscap_int1                  -3.63
e.x1.xcdec2.ec_moscap#branch                 0
e.x1.xcdec1.ec_moscap#branch                 0
vs#branch                           8.8829e-05
vb2#branch                                   0
vb1#branch                                   0
vb0#branch                                   0
vc#branch                                    0
vdd#branch                         -8.8829e-05


No. of Data Rows : 2918
tp_b                =  1.22977e-07 targ=  4.30736e-07 trig=  3.07759e-07
i_b                 =  1.27069e-04 from=  2.83488e-07 to=  7.79593e-07
MCVCOPAIR_B tp=1.22977E-07 f=3.25264E+07 i=0.000127069
Note: Simulation executed from .control section 
