
Note: Compatibility modes selected: hs a

Warning: m=xx on .subckt line will override multiplier m hierarchy!


Circuit: * generated by simenv.sh -- do not edit; edit sim/vco-tuning-range/testbench/tb_vco_band_pair.sp instead

Doing analysis at TEMP = 125.000000 and TNOM = 27.000000

Using SPARSE 1.3 as Direct Linear Solver

Initial Transient Solution
--------------------------

Node                                   Voltage
----                                   -------
vdd                                       3.63
vc                                         2.7
nb0                                       3.63
nb1                                       3.63
nb2                                          0
nvs                                       3.63
x1.xbias.na                           0.843218
x1.xbias.vbpc                          2.81105
x1.xbias.nc                           0.162838
x1.xbias.xrcg.11                      0.162581
x1.xbias.xrcg.21                   0.000257117
x1.xbias.nsu                         0.0157763
x1.xbias.vfix                          1.36695
x1.xbias.nmd                          0.586756
x1.xbias.vbp0                          2.92491
x1.xbias.noff                         0.624347
x1.xbias.xroff.11                     0.624174
x1.xbias.xroff.21                  0.000172339
x1.xbias.nvi                           1.62276
x1.xbias.xrdeg.11                      1.62231
x1.xbias.xrdeg.21                  0.000447931
x1.xbias.b0b                       3.87899e-07
x1.xbias.b1b                       3.97572e-07
x1.xbias.b2b                           3.62999
x1.xbias.vbn1                         0.632896
x1.xbias.ga                            2.92491
x1.xbias.vbp2                            2.766
x1.xbias.gb                           0.632896
x1.vbn                                0.653874
x1.xbias.gc                               3.63
x1.vbp                                 2.86219
x1.xs1.nh                              1.14037
x1.y1                                        0
x1.y5                                        0
x1.xs1.nt                         -1.43811e-14
x1.xs2.nh                                 3.63
x1.y2                                     3.63
x1.xs2.nt                          2.75407e-05
x1.xs3.nh                                 3.63
x1.y3                                        0
x1.xs3.nt                          1.21739e-26
x1.xs4.nh                                 3.63
x1.y4                                     3.63
x1.xs4.nt                          3.26706e-05
x1.xs5.nh                                 3.63
x1.xs5.nt                           5.9097e-19
x1.nb1                                    3.63
x1.nb2                             4.37824e-07
clk1                                   3.62999
x1.xcdec1.c_moscap_int1                  -3.63
x1.xcdec2.c_moscap_int1                  -3.63
e.x1.xcdec2.ec_moscap#branch                 0
e.x1.xcdec1.ec_moscap#branch                 0
vs#branch                          0.000147006
vb2#branch                                   0
vb1#branch                                   0
vb0#branch                                   0
vc#branch                                    0
vdd#branch                        -0.000147006


No. of Data Rows : 2861
tp_a                =  1.14876e-07 targ=  3.44692e-07 trig=  2.29816e-07
i_a                 =  1.96485e-04 from=  2.23044e-07 to=  6.13370e-07
MCVCOPAIR_A tp=1.14876E-07 f=3.48202E+07 i=0.000196485
Doing analysis at TEMP = 125.000000 and TNOM = 27.000000

Using SPARSE 1.3 as Direct Linear Solver

Initial Transient Solution
--------------------------

Node                                   Voltage
----                                   -------
vdd                                       3.63
vc                                         0.9
nb0                                          0
nb1                                          0
nb2                                       3.63
nvs                                       3.63
x1.xbias.na                           0.843218
x1.xbias.vbpc                          2.81105
x1.xbias.nc                           0.162838
x1.xbias.xrcg.11                      0.162581
x1.xbias.xrcg.21                   0.000257117
x1.xbias.nsu                         0.0157763
x1.xbias.vfix                          1.36695
x1.xbias.nmd                          0.586756
x1.xbias.vbp0                          3.00568
x1.xbias.noff                          0.62447
x1.xbias.xroff.11                     0.624298
x1.xbias.xroff.21                  0.000172373
x1.xbias.nvi                          0.307877
x1.xbias.xrdeg.11                     0.307792
x1.xbias.xrdeg.21                  8.49835e-05
x1.xbias.b0b                           3.62999
x1.xbias.b1b                           3.62999
x1.xbias.b2b                         4.587e-07
x1.xbias.vbn1                          0.51392
x1.xbias.ga                               3.63
x1.xbias.vbp2                          3.02836
x1.xbias.gb                        1.16395e-07
x1.vbn                                0.616814
x1.xbias.gc                            3.02836
x1.vbp                                  2.9041
x1.xs1.nh                              1.10328
x1.y1                                        0
x1.y5                                        0
x1.xs1.nt                          1.89941e-18
x1.xs2.nh                                 3.63
x1.y2                                     3.63
x1.xs2.nt                          3.44692e-05
x1.xs3.nh                                 3.63
x1.y3                                        0
x1.xs3.nt                          4.11332e-27
x1.xs4.nh                                 3.63
x1.y4                                     3.63
x1.xs4.nt                          4.08014e-05
x1.xs5.nh                                 3.63
x1.xs5.nt                          2.06048e-27
x1.nb1                                    3.63
x1.nb2                             4.37824e-07
clk1                                   3.62999
x1.xcdec1.c_moscap_int1                  -3.63
x1.xcdec2.c_moscap_int1                  -3.63
e.x1.xcdec2.ec_moscap#branch                 0
e.x1.xcdec1.ec_moscap#branch                 0
vs#branch                          7.91275e-05
vb2#branch                                   0
vb1#branch                                   0
vb0#branch                                   0
vc#branch                                    0
vdd#branch                        -7.91275e-05


No. of Data Rows : 2913
tp_b                =  1.67283e-07 targ=  5.01481e-07 trig=  3.34198e-07
i_b                 =  1.21216e-04 from=  2.98606e-07 to=  8.21166e-07
MCVCOPAIR_B tp=1.67283E-07 f=2.39116E+07 i=0.000121216
Note: Simulation executed from .control section 
