
Note: Compatibility modes selected: hs a

Warning: m=xx on .subckt line will override multiplier m hierarchy!


Circuit: * generated by simenv.sh -- do not edit; edit sim/vco-tuning-range/testbench/tb_vco_band_pair.sp instead

Doing analysis at TEMP = 125.000000 and TNOM = 27.000000

Using SPARSE 1.3 as Direct Linear Solver

Initial Transient Solution
--------------------------

Node                                   Voltage
----                                   -------
vdd                                       3.63
vc                                         2.7
nb0                                       3.63
nb1                                       3.63
nb2                                          0
nvs                                       3.63
x1.xbias.na                            1.16736
x1.xbias.vbpc                          2.50085
x1.xbias.nc                           0.202479
x1.xbias.xrcg.11                      0.202159
x1.xbias.xrcg.21                   0.000319709
x1.xbias.nsu                        0.00963842
x1.xbias.vfix                          1.96975
x1.xbias.nmd                          0.838351
x1.xbias.vbp0                          2.66184
x1.xbias.noff                         0.874094
x1.xbias.xroff.11                     0.873853
x1.xbias.xroff.21                  0.000241277
x1.xbias.nvi                            1.4103
x1.xbias.xrdeg.11                      1.40991
x1.xbias.xrdeg.21                  0.000389286
x1.xbias.b0b                       1.36591e-08
x1.xbias.b1b                       1.37124e-08
x1.xbias.b2b                              3.63
x1.xbias.vbn1                         0.870322
x1.xbias.ga                            2.66184
x1.xbias.vbp2                          2.48995
x1.xbias.gb                           0.870322
x1.vbn                                0.895636
x1.xbias.gc                               3.63
x1.vbp                                 2.57993
x1.xs1.nh                               1.4546
x1.y1                                        0
x1.y5                                        0
x1.xs1.nt                         -3.60099e-15
x1.xs2.nh                                 3.63
x1.y2                                     3.63
x1.xs2.nt                          3.74718e-07
x1.xs3.nh                                 3.63
x1.y3                                        0
x1.xs3.nt                          4.68017e-35
x1.xs4.nh                                 3.63
x1.y4                                     3.63
x1.xs4.nt                          4.37881e-07
x1.xs5.nh                                 3.63
x1.xs5.nt                         -2.16938e-35
x1.nb1                                    3.63
x1.nb2                             1.03088e-08
clk1                                      3.63
x1.xcdec1.c_moscap_int1                  -3.63
x1.xcdec2.c_moscap_int1                  -3.63
e.x1.xcdec2.ec_moscap#branch                 0
e.x1.xcdec1.ec_moscap#branch                 0
vs#branch                          0.000155908
vb2#branch                                   0
vb1#branch                                   0
vb0#branch                                   0
vc#branch                                    0
vdd#branch                        -0.000155908


No. of Data Rows : 2832
tp_a                =  9.14381e-08 targ=  3.20402e-07 trig=  2.28964e-07
i_a                 =  1.91595e-04 from=  2.08221e-07 to=  5.72608e-07
MCVCOPAIR_A tp=9.14381E-08 f=4.37455E+07 i=0.000191595
Doing analysis at TEMP = 125.000000 and TNOM = 27.000000

Using SPARSE 1.3 as Direct Linear Solver

Initial Transient Solution
--------------------------

Node                                   Voltage
----                                   -------
vdd                                       3.63
vc                                         0.9
nb0                                          0
nb1                                          0
nb2                                       3.63
nvs                                       3.63
x1.xbias.na                            1.16736
x1.xbias.vbpc                          2.50085
x1.xbias.nc                           0.202479
x1.xbias.xrcg.11                      0.202159
x1.xbias.xrcg.21                   0.000319709
x1.xbias.nsu                        0.00963842
x1.xbias.vfix                          1.96975
x1.xbias.nmd                          0.838351
x1.xbias.vbp0                          2.74087
x1.xbias.noff                         0.874216
x1.xbias.xroff.11                     0.873974
x1.xbias.xroff.21                   0.00024131
x1.xbias.nvi                          0.164315
x1.xbias.xrdeg.11                      0.16427
x1.xbias.xrdeg.21                   4.5356e-05
x1.xbias.b0b                              3.63
x1.xbias.b1b                              3.63
x1.xbias.b2b                        1.2658e-08
x1.xbias.vbn1                         0.750356
x1.xbias.ga                               3.63
x1.xbias.vbp2                          2.76359
x1.xbias.gb                        2.05921e-09
x1.vbn                                0.872598
x1.xbias.gc                            2.76359
x1.vbp                                 2.60608
x1.xs1.nh                              1.43162
x1.y1                                        0
x1.y5                                        0
x1.xs1.nt                           1.3307e-17
x1.xs2.nh                                 3.63
x1.y2                                     3.63
x1.xs2.nt                          4.21601e-07
x1.xs3.nh                                 3.63
x1.y3                                        0
x1.xs3.nt                         -2.30641e-17
x1.xs4.nh                                 3.63
x1.y4                                     3.63
x1.xs4.nt                          4.93201e-07
x1.xs5.nh                                 3.63
x1.xs5.nt                         -3.09254e-17
x1.nb1                                    3.63
x1.nb2                             1.03088e-08
clk1                                      3.63
x1.xcdec1.c_moscap_int1                  -3.63
x1.xcdec2.c_moscap_int1                  -3.63
e.x1.xcdec2.ec_moscap#branch                 0
e.x1.xcdec1.ec_moscap#branch                 0
vs#branch                          9.52532e-05
vb2#branch                                   0
vb1#branch                                   0
vb0#branch                                   0
vc#branch                                    0
vdd#branch                        -9.52532e-05


No. of Data Rows : 2873
tp_b                =  1.11995e-07 targ=  3.92466e-07 trig=  2.80472e-07
i_b                 =  1.26409e-04 from=  2.63992e-07 to=  7.25977e-07
MCVCOPAIR_B tp=1.11995E-07 f=3.5716E+07 i=0.000126409
Note: Simulation executed from .control section 
