
Note: Compatibility modes selected: hs a

Warning: m=xx on .subckt line will override multiplier m hierarchy!


Circuit: * generated by simenv.sh -- do not edit; edit sim/vco-tuning-range/testbench/tb_vco_band_pair.sp instead

Doing analysis at TEMP = -40.000000 and TNOM = 27.000000

Using SPARSE 1.3 as Direct Linear Solver

Initial Transient Solution
--------------------------

Node                                   Voltage
----                                   -------
vdd                                       3.63
vc                                         2.7
nb0                                       3.63
nb1                                       3.63
nb2                                          0
nvs                                       3.63
x1.xbias.na                            1.05702
x1.xbias.vbpc                          2.51284
x1.xbias.nc                          0.0982211
x1.xbias.xrcg.11                     0.0980075
x1.xbias.xrcg.21                   0.000213677
x1.xbias.nsu                          0.016386
x1.xbias.vfix                          2.11829
x1.xbias.nmd                          0.912516
x1.xbias.vbp0                          2.54636
x1.xbias.noff                         0.904882
x1.xbias.xroff.11                     0.904537
x1.xbias.xroff.21                  0.000344473
x1.xbias.nvi                           1.34669
x1.xbias.xrdeg.11                      1.34618
x1.xbias.xrdeg.21                  0.000512662
x1.xbias.b0b                       5.17671e-09
x1.xbias.b1b                       5.15897e-09
x1.xbias.b2b                              3.63
x1.xbias.vbn1                         0.956104
x1.xbias.ga                            2.54636
x1.xbias.vbp2                          2.43492
x1.xbias.gb                           0.956104
x1.vbn                                0.979482
x1.xbias.gc                               3.63
x1.vbp                                 2.49992
x1.xs1.nh                               1.5129
x1.y1                                        0
x1.y5                                        0
x1.xs1.nt                         -9.26387e-18
x1.xs2.nh                                 3.63
x1.y2                                     3.63
x1.xs2.nt                          4.11361e-13
x1.xs3.nh                                 3.63
x1.y3                                        0
x1.xs3.nt                         -2.33547e-38
x1.xs4.nh                                 3.63
x1.y4                                     3.63
x1.xs4.nt                           2.7174e-13
x1.xs5.nh                                 3.63
x1.xs5.nt                          3.89394e-39
x1.nb1                                    3.63
x1.nb2                             3.62482e-09
clk1                                      3.63
x1.xcdec1.c_moscap_int1                  -3.63
x1.xcdec2.c_moscap_int1                  -3.63
e.x1.xcdec2.ec_moscap#branch                 0
e.x1.xcdec1.ec_moscap#branch                 0
vs#branch                          0.000105486
vb2#branch                                   0
vb1#branch                                   0
vb0#branch                                   0
vc#branch                                    0
vdd#branch                        -0.000105486


No. of Data Rows : 2946
tp_a                =  1.23083e-07 targ=  3.69574e-07 trig=  2.46491e-07
i_a                 =  1.34309e-04 from=  2.44424e-07 to=  6.72165e-07
MCVCOPAIR_A tp=1.23083E-07 f=3.24984E+07 i=0.000134309
Doing analysis at TEMP = -40.000000 and TNOM = 27.000000

Using SPARSE 1.3 as Direct Linear Solver

Initial Transient Solution
--------------------------

Node                                   Voltage
----                                   -------
vdd                                       3.63
vc                                         0.9
nb0                                          0
nb1                                          0
nb2                                       3.63
nvs                                       3.63
x1.xbias.na                            1.05702
x1.xbias.vbpc                          2.51284
x1.xbias.nc                          0.0982211
x1.xbias.xrcg.11                     0.0980075
x1.xbias.xrcg.21                   0.000213677
x1.xbias.nsu                          0.016386
x1.xbias.vfix                          2.11829
x1.xbias.nmd                          0.912516
x1.xbias.vbp0                          2.59859
x1.xbias.noff                         0.904969
x1.xbias.xroff.11                     0.904624
x1.xbias.xroff.21                  0.000344506
x1.xbias.nvi                         0.0768909
x1.xbias.xrdeg.11                    0.0768616
x1.xbias.xrdeg.21                  2.92711e-05
x1.xbias.b0b                              3.63
x1.xbias.b1b                              3.63
x1.xbias.b2b                       5.14444e-09
x1.xbias.vbn1                         0.877267
x1.xbias.ga                               3.63
x1.xbias.vbp2                           2.6127
x1.xbias.gb                         1.4724e-16
x1.vbn                                0.960818
x1.xbias.gc                             2.6127
x1.vbp                                 2.52127
x1.xs1.nh                              1.49399
x1.y1                                        0
x1.y5                                        0
x1.xs1.nt                          7.04985e-18
x1.xs2.nh                                 3.63
x1.y2                                     3.63
x1.xs2.nt                          4.85342e-13
x1.xs3.nh                                 3.63
x1.y3                                        0
x1.xs3.nt                          3.80086e-19
x1.xs4.nh                                 3.63
x1.y4                                     3.63
x1.xs4.nt                          3.20439e-13
x1.xs5.nh                                 3.63
x1.xs5.nt                         -8.61861e-19
x1.nb1                                    3.63
x1.nb2                             3.62482e-09
clk1                                      3.63
x1.xcdec1.c_moscap_int1                  -3.63
x1.xcdec2.c_moscap_int1                  -3.63
e.x1.xcdec2.ec_moscap#branch                 0
e.x1.xcdec1.ec_moscap#branch                 0
vs#branch                          5.70499e-05
vb2#branch                                   0
vb1#branch                                   0
vb0#branch                                   0
vc#branch                                    0
vdd#branch                        -5.70499e-05


No. of Data Rows : 2952
tp_b                =  1.60432e-07 targ=  5.21801e-07 trig=  3.61369e-07
i_b                 =  8.31760e-05 from=  3.29017e-07 to=  9.04797e-07
MCVCOPAIR_B tp=1.60433E-07 f=2.49326E+07 i=8.3176E-05
Note: Simulation executed from .control section 
