
Note: Compatibility modes selected: hs a

Warning: m=xx on .subckt line will override multiplier m hierarchy!


Circuit: * generated by simenv.sh -- do not edit; edit sim/vco-tuning-range/testbench/tb_vco_band_pair.sp instead

Doing analysis at TEMP = -40.000000 and TNOM = 27.000000

Using SPARSE 1.3 as Direct Linear Solver

Initial Transient Solution
--------------------------

Node                                   Voltage
----                                   -------
vdd                                       3.63
vc                                         2.7
nb0                                       3.63
nb1                                       3.63
nb2                                          0
nvs                                       3.63
x1.xbias.na                            1.05267
x1.xbias.vbpc                           2.5145
x1.xbias.nc                          0.0958573
x1.xbias.xrcg.11                     0.0956487
x1.xbias.xrcg.21                   0.000208534
x1.xbias.nsu                         0.0178655
x1.xbias.vfix                          2.11978
x1.xbias.nmd                          0.911543
x1.xbias.vbp0                          2.54603
x1.xbias.noff                         0.908022
x1.xbias.xroff.11                     0.907676
x1.xbias.xroff.21                  0.000345669
x1.xbias.nvi                           1.34533
x1.xbias.xrdeg.11                      1.34482
x1.xbias.xrdeg.21                  0.000512145
x1.xbias.b0b                       5.20161e-09
x1.xbias.b1b                       5.16448e-09
x1.xbias.b2b                              3.63
x1.xbias.vbn1                         0.955368
x1.xbias.ga                            2.54603
x1.xbias.vbp2                           2.4375
x1.xbias.gb                           0.955368
x1.vbn                                0.986876
x1.xbias.gc                               3.63
x1.vbp                                 2.49155
x1.xs1.nh                              1.53214
x1.y1                                        0
x1.y5                                        0
x1.xs1.nt                         -8.66692e-18
x1.xs2.nh                                 3.63
x1.y2                                     3.63
x1.xs2.nt                            3.694e-13
x1.xs3.nh                                 3.63
x1.y3                                        0
x1.xs3.nt                          2.38391e-38
x1.xs4.nh                                 3.63
x1.y4                                     3.63
x1.xs4.nt                          3.02724e-13
x1.xs5.nh                                 3.63
x1.xs5.nt                         -1.39011e-38
x1.nb1                                    3.63
x1.nb2                             3.67895e-09
clk1                                      3.63
x1.xcdec1.c_moscap_int1                  -3.63
x1.xcdec2.c_moscap_int1                  -3.63
e.x1.xcdec2.ec_moscap#branch                 0
e.x1.xcdec1.ec_moscap#branch                 0
vs#branch                          0.000106739
vb2#branch                                   0
vb1#branch                                   0
vb0#branch                                   0
vc#branch                                    0
vdd#branch                        -0.000106739


No. of Data Rows : 2931
tp_a                =  1.12807e-07 targ=  3.67008e-07 trig=  2.54200e-07
i_a                 =  1.38276e-04 from=  2.44424e-07 to=  6.72165e-07
MCVCOPAIR_A tp=1.12807E-07 f=3.54587E+07 i=0.000138276
Doing analysis at TEMP = -40.000000 and TNOM = 27.000000

Using SPARSE 1.3 as Direct Linear Solver

Initial Transient Solution
--------------------------

Node                                   Voltage
----                                   -------
vdd                                       3.63
vc                                         0.9
nb0                                          0
nb1                                          0
nb2                                       3.63
nvs                                       3.63
x1.xbias.na                            1.05267
x1.xbias.vbpc                           2.5145
x1.xbias.nc                          0.0958573
x1.xbias.xrcg.11                     0.0956487
x1.xbias.xrcg.21                   0.000208534
x1.xbias.nsu                         0.0178655
x1.xbias.vfix                          2.11978
x1.xbias.nmd                          0.911543
x1.xbias.vbp0                          2.59821
x1.xbias.noff                         0.908109
x1.xbias.xroff.11                     0.907763
x1.xbias.xroff.21                  0.000345702
x1.xbias.nvi                         0.0760002
x1.xbias.xrdeg.11                    0.0759712
x1.xbias.xrdeg.21                   2.8932e-05
x1.xbias.b0b                              3.63
x1.xbias.b1b                              3.63
x1.xbias.b2b                       5.23705e-09
x1.xbias.vbn1                         0.875455
x1.xbias.ga                               3.63
x1.xbias.vbp2                          2.61781
x1.xbias.gb                        2.06454e-16
x1.vbn                                0.963178
x1.xbias.gc                            2.61781
x1.vbp                                 2.51874
x1.xs1.nh                              1.50797
x1.y1                                        0
x1.y5                                        0
x1.xs1.nt                         -7.70381e-18
x1.xs2.nh                                 3.63
x1.y2                                     3.63
x1.xs2.nt                          4.53002e-13
x1.xs3.nh                                 3.63
x1.y3                                        0
x1.xs3.nt                         -8.56529e-19
x1.xs4.nh                                 3.63
x1.y4                                     3.63
x1.xs4.nt                          3.70304e-13
x1.xs5.nh                                 3.63
x1.xs5.nt                          3.70105e-19
x1.nb1                                    3.63
x1.nb2                             3.67895e-09
clk1                                      3.63
x1.xcdec1.c_moscap_int1                  -3.63
x1.xcdec2.c_moscap_int1                  -3.63
e.x1.xcdec2.ec_moscap#branch                 0
e.x1.xcdec1.ec_moscap#branch                 0
vs#branch                          5.60929e-05
vb2#branch                                   0
vb1#branch                                   0
vb0#branch                                   0
vc#branch                                    0
vdd#branch                        -5.60929e-05


No. of Data Rows : 2896
tp_b                =  1.57138e-07 targ=  5.11312e-07 trig=  3.54174e-07
i_b                 =  8.25752e-05 from=  3.29017e-07 to=  9.04797e-07
MCVCOPAIR_B tp=1.57138E-07 f=2.54554E+07 i=8.25752E-05
Note: Simulation executed from .control section 
