
Note: Compatibility modes selected: hs a

Warning: m=xx on .subckt line will override multiplier m hierarchy!


Circuit: * generated by simenv.sh -- do not edit; edit sim/vco-tuning-range/testbench/tb_vco_band_pair.sp instead

Doing analysis at TEMP = 125.000000 and TNOM = 27.000000

Using SPARSE 1.3 as Direct Linear Solver

Initial Transient Solution
--------------------------

Node                                   Voltage
----                                   -------
vdd                                       3.63
vc                                         2.7
nb0                                       3.63
nb1                                       3.63
nb2                                          0
nvs                                       3.63
x1.xbias.na                           0.866018
x1.xbias.vbpc                          2.58653
x1.xbias.nc                           0.153333
x1.xbias.xrcg.11                      0.153091
x1.xbias.xrcg.21                   0.000242108
x1.xbias.nsu                         0.0120134
x1.xbias.vfix                          1.43914
x1.xbias.nmd                          0.619237
x1.xbias.vbp0                           2.7007
x1.xbias.noff                          0.65108
x1.xbias.xroff.11                       0.6509
x1.xbias.xroff.21                  0.000179718
x1.xbias.nvi                           1.58827
x1.xbias.xrdeg.11                      1.58783
x1.xbias.xrdeg.21                   0.00043841
x1.xbias.b0b                       1.52647e-08
x1.xbias.b1b                       1.25111e-08
x1.xbias.b2b                              3.63
x1.xbias.vbn1                         0.664104
x1.xbias.ga                             2.7007
x1.xbias.vbp2                          2.53755
x1.xbias.gb                           0.664104
x1.vbn                                0.686413
x1.xbias.gc                               3.63
x1.vbp                                 2.61353
x1.xs1.nh                              1.42379
x1.y1                                        0
x1.y5                                        0
x1.xs1.nt                         -2.95861e-16
x1.xs2.nh                                 3.63
x1.y2                                     3.63
x1.xs2.nt                          1.93214e-05
x1.xs3.nh                                 3.63
x1.y3                                        0
x1.xs3.nt                          -1.1917e-18
x1.xs4.nh                                 3.63
x1.y4                                     3.63
x1.xs4.nt                          1.87284e-05
x1.xs5.nh                                 3.63
x1.xs5.nt                         -4.26765e-27
x1.nb1                                    3.63
x1.nb2                             1.32043e-08
clk1                                      3.63
x1.xcdec1.c_moscap_int1                  -3.63
x1.xcdec2.c_moscap_int1                  -3.63
e.x1.xcdec2.ec_moscap#branch                 0
e.x1.xcdec1.ec_moscap#branch                 0
vs#branch                          0.000148264
vb2#branch                                   0
vb1#branch                                   0
vb0#branch                                   0
vc#branch                                    0
vdd#branch                        -0.000148264


No. of Data Rows : 2890
tp_a                =  9.56459e-08 targ=  3.11178e-07 trig=  2.15533e-07
i_a                 =  1.90904e-04 from=  2.12652e-07 to=  5.84794e-07
MCVCOPAIR_A tp=9.56459E-08 f=4.18209E+07 i=0.000190904
Doing analysis at TEMP = 125.000000 and TNOM = 27.000000

Using SPARSE 1.3 as Direct Linear Solver

Initial Transient Solution
--------------------------

Node                                   Voltage
----                                   -------
vdd                                       3.63
vc                                         0.9
nb0                                          0
nb1                                          0
nb2                                       3.63
nvs                                       3.63
x1.xbias.na                           0.866018
x1.xbias.vbpc                          2.58653
x1.xbias.nc                           0.153333
x1.xbias.xrcg.11                      0.153091
x1.xbias.xrcg.21                   0.000242108
x1.xbias.nsu                         0.0120134
x1.xbias.vfix                          1.43914
x1.xbias.nmd                          0.619237
x1.xbias.vbp0                          2.78526
x1.xbias.noff                          0.65121
x1.xbias.xroff.11                      0.65103
x1.xbias.xroff.21                  0.000179754
x1.xbias.nvi                          0.285935
x1.xbias.xrdeg.11                     0.285856
x1.xbias.xrdeg.21                  7.89268e-05
x1.xbias.b0b                              3.63
x1.xbias.b1b                              3.63
x1.xbias.b2b                       1.38169e-08
x1.xbias.vbn1                         0.545211
x1.xbias.ga                               3.63
x1.xbias.vbp2                          2.80994
x1.xbias.gb                         5.6203e-08
x1.vbn                                0.651909
x1.xbias.gc                            2.80994
x1.vbp                                 2.65518
x1.xs1.nh                              1.38703
x1.y1                                        0
x1.y5                                        0
x1.xs1.nt                          2.13029e-18
x1.xs2.nh                                 3.63
x1.y2                                     3.63
x1.xs2.nt                          2.35943e-05
x1.xs3.nh                                 3.63
x1.y3                                        0
x1.xs3.nt                          3.19354e-44
x1.xs4.nh                                 3.63
x1.y4                                     3.63
x1.xs4.nt                          2.28026e-05
x1.xs5.nh                                 3.63
x1.xs5.nt                         -1.00721e-43
x1.nb1                                    3.63
x1.nb2                             1.32043e-08
clk1                                      3.63
x1.xcdec1.c_moscap_int1                  -3.63
x1.xcdec2.c_moscap_int1                  -3.63
e.x1.xcdec2.ec_moscap#branch                 0
e.x1.xcdec1.ec_moscap#branch                 0
vs#branch                          8.22466e-05
vb2#branch                                   0
vb1#branch                                   0
vb0#branch                                   0
vc#branch                                    0
vdd#branch                        -8.22466e-05


No. of Data Rows : 2967
tp_b                =  1.33246e-07 targ=  4.33473e-07 trig=  3.00227e-07
i_b                 =  1.18014e-04 from=  2.85846e-07 to=  7.86076e-07
MCVCOPAIR_B tp=1.33246E-07 f=3.00197E+07 i=0.000118014
Note: Simulation executed from .control section 
