
Note: Compatibility modes selected: hs a

Warning: m=xx on .subckt line will override multiplier m hierarchy!


Circuit: * generated by simenv.sh -- do not edit; edit sim/vco-tuning-range/testbench/tb_vco_band_pair.sp instead

Doing analysis at TEMP = -40.000000 and TNOM = 27.000000

Using SPARSE 1.3 as Direct Linear Solver

Initial Transient Solution
--------------------------

Node                                   Voltage
----                                   -------
vdd                                       2.97
vc                                         2.7
nb0                                       2.97
nb1                                       2.97
nb2                                          0
nvs                                       2.97
x1.xbias.na                            1.05694
x1.xbias.vbpc                          1.85511
x1.xbias.nc                          0.0979672
x1.xbias.xrcg.11                     0.0977541
x1.xbias.xrcg.21                   0.000213125
x1.xbias.nsu                         0.0096317
x1.xbias.vfix                          2.13376
x1.xbias.nmd                          0.918725
x1.xbias.vbp0                          1.88587
x1.xbias.noff                         0.916549
x1.xbias.xroff.11                     0.916201
x1.xbias.xroff.21                  0.000348915
x1.xbias.nvi                           1.34224
x1.xbias.xrdeg.11                      1.34173
x1.xbias.xrdeg.21                  0.000510969
x1.xbias.b0b                       4.54846e-09
x1.xbias.b1b                       4.48203e-09
x1.xbias.b2b                              2.97
x1.xbias.vbn1                         0.952224
x1.xbias.ga                            1.88587
x1.xbias.vbp2                          1.78678
x1.xbias.gb                           0.952224
x1.vbn                                0.975444
x1.xbias.gc                               2.97
x1.vbp                                 1.84611
x1.xs1.nh                              1.43189
x1.y1                                        0
x1.y5                                        0
x1.xs1.nt                         -1.75406e-18
x1.xs2.nh                                 2.97
x1.y2                                     2.97
x1.xs2.nt                           3.7446e-13
x1.xs3.nh                                 2.97
x1.y3                                        0
x1.xs3.nt                          9.63674e-19
x1.xs4.nh                                 2.97
x1.y4                                     2.97
x1.xs4.nt                          1.47758e-13
x1.xs5.nh                                 2.97
x1.xs5.nt                         -8.06372e-39
x1.nb1                                    2.97
x1.nb2                             3.00064e-09
clk1                                      2.97
x1.xcdec1.c_moscap_int1                  -2.97
x1.xcdec2.c_moscap_int1                  -2.97
e.x1.xcdec2.ec_moscap#branch                 0
e.x1.xcdec1.ec_moscap#branch                 0
vs#branch                          9.89399e-05
vb2#branch                                   0
vb1#branch                                   0
vb0#branch                                   0
vc#branch                                    0
vdd#branch                        -9.89399e-05


No. of Data Rows : 2865
tp_a                =  9.15509e-08 targ=  2.75239e-07 trig=  1.83688e-07
i_a                 =  1.18896e-04 from=  1.74660e-07 to=  4.80316e-07
MCVCOPAIR_A tp=9.15509E-08 f=4.36915E+07 i=0.000118897
Doing analysis at TEMP = -40.000000 and TNOM = 27.000000

Using SPARSE 1.3 as Direct Linear Solver

Initial Transient Solution
--------------------------

Node                                   Voltage
----                                   -------
vdd                                       2.97
vc                                         0.9
nb0                                          0
nb1                                          0
nb2                                       2.97
nvs                                       2.97
x1.xbias.na                            1.05694
x1.xbias.vbpc                          1.85511
x1.xbias.nc                          0.0979672
x1.xbias.xrcg.11                     0.0977541
x1.xbias.xrcg.21                   0.000213125
x1.xbias.nsu                         0.0096317
x1.xbias.vfix                          2.13376
x1.xbias.nmd                          0.918725
x1.xbias.vbp0                          1.93788
x1.xbias.noff                         0.916644
x1.xbias.xroff.11                     0.916295
x1.xbias.xroff.21                  0.000348951
x1.xbias.nvi                         0.0736682
x1.xbias.xrdeg.11                    0.0736401
x1.xbias.xrdeg.21                  2.80442e-05
x1.xbias.b0b                              2.97
x1.xbias.b1b                              2.97
x1.xbias.b2b                       4.45252e-09
x1.xbias.vbn1                         0.872947
x1.xbias.ga                               2.97
x1.xbias.vbp2                          1.95926
x1.xbias.gb                        1.33017e-16
x1.vbn                                 0.95433
x1.xbias.gc                            1.95926
x1.vbp                                 1.87019
x1.xs1.nh                              1.41116
x1.y1                                        0
x1.y5                                        0
x1.xs1.nt                         -7.71519e-18
x1.xs2.nh                                 2.97
x1.y2                                     2.97
x1.xs2.nt                          4.58441e-13
x1.xs3.nh                                 2.97
x1.y3                                        0
x1.xs3.nt                         -1.28785e-77
x1.xs4.nh                                 2.97
x1.y4                                     2.97
x1.xs4.nt                          1.79351e-13
x1.xs5.nh                                 2.97
x1.xs5.nt                          7.25195e-78
x1.nb1                                    2.97
x1.nb2                             3.00064e-09
clk1                                      2.97
x1.xcdec1.c_moscap_int1                  -2.97
x1.xcdec2.c_moscap_int1                  -2.97
e.x1.xcdec2.ec_moscap#branch                 0
e.x1.xcdec1.ec_moscap#branch                 0
vs#branch                          5.20444e-05
vb2#branch                                   0
vb1#branch                                   0
vb0#branch                                   0
vc#branch                                    0
vdd#branch                        -5.20444e-05


No. of Data Rows : 2859
tp_b                =  1.26565e-07 targ=  3.80792e-07 trig=  2.54228e-07
i_b                 =  6.84472e-05 from=  2.44620e-07 to=  6.72704e-07
MCVCOPAIR_B tp=1.26565E-07 f=3.16044E+07 i=6.84472E-05
Note: Simulation executed from .control section 
