
Note: Compatibility modes selected: hs a

Warning: m=xx on .subckt line will override multiplier m hierarchy!


Circuit: * generated by simenv.sh -- do not edit; edit sim/vco-tuning-range/testbench/tb_vco_band_pair.sp instead

Doing analysis at TEMP = -40.000000 and TNOM = 27.000000

Using SPARSE 1.3 as Direct Linear Solver

Initial Transient Solution
--------------------------

Node                                   Voltage
----                                   -------
vdd                                       3.63
vc                                         2.7
nb0                                       3.63
nb1                                       3.63
nb2                                          0
nvs                                       3.63
x1.xbias.na                            1.06034
x1.xbias.vbpc                          2.51308
x1.xbias.nc                          0.0991705
x1.xbias.xrcg.11                     0.0989548
x1.xbias.xrcg.21                   0.000215742
x1.xbias.nsu                         0.0168157
x1.xbias.vfix                           2.1199
x1.xbias.nmd                          0.909719
x1.xbias.vbp0                          2.54671
x1.xbias.noff                         0.903346
x1.xbias.xroff.11                     0.903002
x1.xbias.xroff.21                  0.000343889
x1.xbias.nvi                           1.34539
x1.xbias.xrdeg.11                      1.34488
x1.xbias.xrdeg.21                  0.000512169
x1.xbias.b0b                       5.21801e-09
x1.xbias.b1b                       5.23162e-09
x1.xbias.b2b                              3.63
x1.xbias.vbn1                         0.957065
x1.xbias.ga                            2.54671
x1.xbias.vbp2                          2.43927
x1.xbias.gb                           0.957065
x1.vbn                                0.984009
x1.xbias.gc                               3.63
x1.vbp                                 2.48647
x1.xs1.nh                              1.52843
x1.y1                                        0
x1.y5                                        0
x1.xs1.nt                          5.95802e-18
x1.xs2.nh                                 3.63
x1.y2                                     3.63
x1.xs2.nt                          3.03021e-13
x1.xs3.nh                                 3.63
x1.y3                                        0
x1.xs3.nt                         -1.02225e-38
x1.xs4.nh                                 3.63
x1.y4                                     3.63
x1.xs4.nt                          3.41571e-13
x1.xs5.nh                                 3.63
x1.xs5.nt                          5.07477e-39
x1.nb1                                    3.63
x1.nb2                             3.66662e-09
clk1                                      3.63
x1.xcdec1.c_moscap_int1                  -3.63
x1.xcdec2.c_moscap_int1                  -3.63
e.x1.xcdec2.ec_moscap#branch                 0
e.x1.xcdec1.ec_moscap#branch                 0
vs#branch                          0.000110476
vb2#branch                                   0
vb1#branch                                   0
vb0#branch                                   0
vc#branch                                    0
vdd#branch                        -0.000110476


No. of Data Rows : 2919
tp_a                =  1.05859e-07 targ=  3.71356e-07 trig=  2.65497e-07
i_a                 =  1.40649e-04 from=  2.44424e-07 to=  6.72165e-07
MCVCOPAIR_A tp=1.05859E-07 f=3.77861E+07 i=0.00014065
Doing analysis at TEMP = -40.000000 and TNOM = 27.000000

Using SPARSE 1.3 as Direct Linear Solver

Initial Transient Solution
--------------------------

Node                                   Voltage
----                                   -------
vdd                                       3.63
vc                                         0.9
nb0                                          0
nb1                                          0
nb2                                       3.63
nvs                                       3.63
x1.xbias.na                            1.06034
x1.xbias.vbpc                          2.51308
x1.xbias.nc                          0.0991705
x1.xbias.xrcg.11                     0.0989548
x1.xbias.xrcg.21                   0.000215742
x1.xbias.nsu                         0.0168157
x1.xbias.vfix                           2.1199
x1.xbias.nmd                          0.909719
x1.xbias.vbp0                            2.599
x1.xbias.noff                         0.903433
x1.xbias.xroff.11                     0.903089
x1.xbias.xroff.21                  0.000343922
x1.xbias.nvi                         0.0760016
x1.xbias.xrdeg.11                    0.0759727
x1.xbias.xrdeg.21                  2.89326e-05
x1.xbias.b0b                              3.63
x1.xbias.b1b                              3.63
x1.xbias.b2b                       5.17485e-09
x1.xbias.vbn1                         0.877272
x1.xbias.ga                               3.63
x1.xbias.vbp2                          2.61716
x1.xbias.gb                         1.3383e-16
x1.vbn                                0.961132
x1.xbias.gc                            2.61716
x1.vbp                                 2.51308
x1.xs1.nh                              1.50478
x1.y1                                        0
x1.y5                                        0
x1.xs1.nt                          1.14005e-17
x1.xs2.nh                                 3.63
x1.y2                                     3.63
x1.xs2.nt                          3.71086e-13
x1.xs3.nh                                 3.63
x1.y3                                        0
x1.xs3.nt                         -8.65134e-19
x1.xs4.nh                                 3.63
x1.y4                                     3.63
x1.xs4.nt                           4.1583e-13
x1.xs5.nh                                 3.63
x1.xs5.nt                          4.25126e-19
x1.nb1                                    3.63
x1.nb2                             3.66662e-09
clk1                                      3.63
x1.xcdec1.c_moscap_int1                  -3.63
x1.xcdec2.c_moscap_int1                  -3.63
e.x1.xcdec2.ec_moscap#branch                 0
e.x1.xcdec1.ec_moscap#branch                 0
vs#branch                          5.95751e-05
vb2#branch                                   0
vb1#branch                                   0
vb0#branch                                   0
vc#branch                                    0
vdd#branch                        -5.95751e-05


No. of Data Rows : 2967
tp_b                =  1.44617e-07 targ=  5.06451e-07 trig=  3.61834e-07
i_b                 =  8.40660e-05 from=  3.29017e-07 to=  9.04797e-07
MCVCOPAIR_B tp=1.44617E-07 f=2.76592E+07 i=8.4066E-05
Note: Simulation executed from .control section 
