
Note: Compatibility modes selected: hs a

Warning: m=xx on .subckt line will override multiplier m hierarchy!


Circuit: * generated by simenv.sh -- do not edit; edit sim/vco-tuning-range/testbench/tb_vco_band_pair.sp instead

Doing analysis at TEMP = 125.000000 and TNOM = 27.000000

Using SPARSE 1.3 as Direct Linear Solver

Initial Transient Solution
--------------------------

Node                                   Voltage
----                                   -------
vdd                                       3.63
vc                                         2.7
nb0                                       3.63
nb1                                       3.63
nb2                                          0
nvs                                       3.63
x1.xbias.na                             1.1312
x1.xbias.vbpc                          2.51998
x1.xbias.nc                           0.183898
x1.xbias.xrcg.11                      0.183607
x1.xbias.xrcg.21                    0.00029037
x1.xbias.nsu                         0.0104793
x1.xbias.vfix                          1.93298
x1.xbias.nmd                          0.826757
x1.xbias.vbp0                          2.66283
x1.xbias.noff                          0.84844
x1.xbias.xroff.11                     0.848206
x1.xbias.xroff.21                  0.000234195
x1.xbias.nvi                           1.40984
x1.xbias.xrdeg.11                      1.40946
x1.xbias.xrdeg.21                   0.00038916
x1.xbias.b0b                       1.20577e-08
x1.xbias.b1b                       1.33415e-08
x1.xbias.b2b                              3.63
x1.xbias.vbn1                         0.866868
x1.xbias.ga                            2.66283
x1.xbias.vbp2                          2.49747
x1.xbias.gb                           0.866868
x1.vbn                                0.891353
x1.xbias.gc                               3.63
x1.vbp                                 2.58319
x1.xs1.nh                              1.45274
x1.y1                                        0
x1.y5                                        0
x1.xs1.nt                          -9.9177e-19
x1.xs2.nh                                 3.63
x1.y2                                     3.63
x1.xs2.nt                          5.21592e-07
x1.xs3.nh                                 3.63
x1.y3                                        0
x1.xs3.nt                         -1.20731e-18
x1.xs4.nh                                 3.63
x1.y4                                     3.63
x1.xs4.nt                          3.24895e-07
x1.xs5.nh                                 3.63
x1.xs5.nt                         -6.12949e-19
x1.nb1                                    3.63
x1.nb2                             1.04534e-08
clk1                                      3.63
x1.xcdec1.c_moscap_int1                  -3.63
x1.xcdec2.c_moscap_int1                  -3.63
e.x1.xcdec2.ec_moscap#branch                 0
e.x1.xcdec1.ec_moscap#branch                 0
vs#branch                           0.00015075
vb2#branch                                   0
vb1#branch                                   0
vb0#branch                                   0
vc#branch                                    0
vdd#branch                         -0.00015075


No. of Data Rows : 2938
tp_a                =  9.28455e-08 targ=  3.02091e-07 trig=  2.09246e-07
i_a                 =  1.86987e-04 from=  2.08221e-07 to=  5.72608e-07
MCVCOPAIR_A tp=9.28455E-08 f=4.30823E+07 i=0.000186987
Doing analysis at TEMP = 125.000000 and TNOM = 27.000000

Using SPARSE 1.3 as Direct Linear Solver

Initial Transient Solution
--------------------------

Node                                   Voltage
----                                   -------
vdd                                       3.63
vc                                         0.9
nb0                                          0
nb1                                          0
nb2                                       3.63
nvs                                       3.63
x1.xbias.na                             1.1312
x1.xbias.vbpc                          2.51998
x1.xbias.nc                           0.183898
x1.xbias.xrcg.11                      0.183607
x1.xbias.xrcg.21                    0.00029037
x1.xbias.nsu                         0.0104793
x1.xbias.vfix                          1.93298
x1.xbias.nmd                          0.826757
x1.xbias.vbp0                          2.74281
x1.xbias.noff                         0.848562
x1.xbias.xroff.11                     0.848328
x1.xbias.xroff.21                  0.000234229
x1.xbias.nvi                          0.163924
x1.xbias.xrdeg.11                     0.163879
x1.xbias.xrdeg.21                   4.5248e-05
x1.xbias.b0b                              3.63
x1.xbias.b1b                              3.63
x1.xbias.b2b                        1.4078e-08
x1.xbias.vbn1                         0.746968
x1.xbias.ga                               3.63
x1.xbias.vbp2                          2.76635
x1.xbias.gb                        1.90367e-09
x1.vbn                                0.865996
x1.xbias.gc                            2.76635
x1.vbp                                 2.61193
x1.xs1.nh                              1.42757
x1.y1                                        0
x1.y5                                        0
x1.xs1.nt                         -5.86627e-18
x1.xs2.nh                                 3.63
x1.y2                                     3.63
x1.xs2.nt                          5.93756e-07
x1.xs3.nh                                 3.63
x1.y3                                        0
x1.xs3.nt                         -3.03724e-17
x1.xs4.nh                                 3.63
x1.y4                                     3.63
x1.xs4.nt                          3.71211e-07
x1.xs5.nh                                 3.63
x1.xs5.nt                          -3.0437e-17
x1.nb1                                    3.63
x1.nb2                             1.04534e-08
clk1                                      3.63
x1.xcdec1.c_moscap_int1                  -3.63
x1.xcdec2.c_moscap_int1                  -3.63
e.x1.xcdec2.ec_moscap#branch                 0
e.x1.xcdec1.ec_moscap#branch                 0
vs#branch                          9.04538e-05
vb2#branch                                   0
vb1#branch                                   0
vb0#branch                                   0
vc#branch                                    0
vdd#branch                        -9.04538e-05


No. of Data Rows : 2855
tp_b                =  1.16401e-07 targ=  4.07788e-07 trig=  2.91387e-07
i_b                 =  1.21004e-04 from=  2.63992e-07 to=  7.25977e-07
MCVCOPAIR_B tp=1.16401E-07 f=3.43639E+07 i=0.000121004
Note: Simulation executed from .control section 
