
Note: Compatibility modes selected: hs a

Warning: m=xx on .subckt line will override multiplier m hierarchy!


Circuit: * generated by simenv.sh -- do not edit; edit sim/vco-tuning-range/testbench/tb_vco_band_pair.sp instead

Doing analysis at TEMP = -40.000000 and TNOM = 27.000000

Using SPARSE 1.3 as Direct Linear Solver

Initial Transient Solution
--------------------------

Node                                   Voltage
----                                   -------
vdd                                       3.63
vc                                         2.7
nb0                                       3.63
nb1                                       3.63
nb2                                          0
nvs                                       3.63
x1.xbias.na                            1.06006
x1.xbias.vbpc                          2.51391
x1.xbias.nc                          0.0994427
x1.xbias.xrcg.11                     0.0992264
x1.xbias.xrcg.21                   0.000216334
x1.xbias.nsu                         0.0168188
x1.xbias.vfix                          2.10853
x1.xbias.nmd                          0.905862
x1.xbias.vbp0                          2.54664
x1.xbias.noff                         0.897906
x1.xbias.xroff.11                     0.897564
x1.xbias.xroff.21                  0.000341818
x1.xbias.nvi                           1.34394
x1.xbias.xrdeg.11                      1.34343
x1.xbias.xrdeg.21                  0.000511616
x1.xbias.b0b                       5.15496e-09
x1.xbias.b1b                       5.15532e-09
x1.xbias.b2b                              3.63
x1.xbias.vbn1                         0.959577
x1.xbias.ga                            2.54664
x1.xbias.vbp2                           2.4268
x1.xbias.gb                           0.959577
x1.vbn                                0.987519
x1.xbias.gc                               3.63
x1.vbp                                 2.48983
x1.xs1.nh                              1.53314
x1.y1                                        0
x1.y5                                        0
x1.xs1.nt                         -8.94691e-18
x1.xs2.nh                                 3.63
x1.y2                                     3.63
x1.xs2.nt                          5.34822e-13
x1.xs3.nh                                 3.63
x1.y3                                        0
x1.xs3.nt                          2.60595e-38
x1.xs4.nh                                 3.63
x1.y4                                     3.63
x1.xs4.nt                          6.06549e-13
x1.xs5.nh                                 3.63
x1.xs5.nt                          1.34732e-38
x1.nb1                                    3.63
x1.nb2                             3.62799e-09
clk1                                      3.63
x1.xcdec1.c_moscap_int1                  -3.63
x1.xcdec2.c_moscap_int1                  -3.63
e.x1.xcdec2.ec_moscap#branch                 0
e.x1.xcdec1.ec_moscap#branch                 0
vs#branch                          0.000110245
vb2#branch                                   0
vb1#branch                                   0
vb0#branch                                   0
vc#branch                                    0
vdd#branch                        -0.000110245


No. of Data Rows : 2915
tp_a                =  1.11201e-07 targ=  3.61643e-07 trig=  2.50442e-07
i_a                 =  1.41054e-04 from=  2.44424e-07 to=  6.72165e-07
MCVCOPAIR_A tp=1.11201E-07 f=3.59708E+07 i=0.000141054
Doing analysis at TEMP = -40.000000 and TNOM = 27.000000

Using SPARSE 1.3 as Direct Linear Solver

Initial Transient Solution
--------------------------

Node                                   Voltage
----                                   -------
vdd                                       3.63
vc                                         0.9
nb0                                          0
nb1                                          0
nb2                                       3.63
nvs                                       3.63
x1.xbias.na                            1.06006
x1.xbias.vbpc                          2.51391
x1.xbias.nc                          0.0994427
x1.xbias.xrcg.11                     0.0992264
x1.xbias.xrcg.21                   0.000216334
x1.xbias.nsu                         0.0168188
x1.xbias.vfix                          2.10853
x1.xbias.nmd                          0.905862
x1.xbias.vbp0                          2.59906
x1.xbias.noff                         0.897993
x1.xbias.xroff.11                     0.897651
x1.xbias.xroff.21                  0.000341851
x1.xbias.nvi                         0.0750669
x1.xbias.xrdeg.11                    0.0750383
x1.xbias.xrdeg.21                  2.85767e-05
x1.xbias.b0b                              3.63
x1.xbias.b1b                              3.63
x1.xbias.b2b                       5.26981e-09
x1.xbias.vbn1                            0.879
x1.xbias.ga                               3.63
x1.xbias.vbp2                          2.60875
x1.xbias.gb                        1.45805e-16
x1.vbn                                0.970588
x1.xbias.gc                            2.60875
x1.vbp                                 2.50933
x1.xs1.nh                              1.51581
x1.y1                                        0
x1.y5                                        0
x1.xs1.nt                         -1.06748e-17
x1.xs2.nh                                 3.63
x1.y2                                     3.63
x1.xs2.nt                          6.15347e-13
x1.xs3.nh                                 3.63
x1.y3                                        0
x1.xs3.nt                         -5.74425e-58
x1.xs4.nh                                 3.63
x1.y4                                     3.63
x1.xs4.nt                           6.9954e-13
x1.xs5.nh                                 3.63
x1.xs5.nt                         -4.91077e-58
x1.nb1                                    3.63
x1.nb2                             3.62799e-09
clk1                                      3.63
x1.xcdec1.c_moscap_int1                  -3.63
x1.xcdec2.c_moscap_int1                  -3.63
e.x1.xcdec2.ec_moscap#branch                 0
e.x1.xcdec1.ec_moscap#branch                 0
vs#branch                          6.08054e-05
vb2#branch                                   0
vb1#branch                                   0
vb0#branch                                   0
vc#branch                                    0
vdd#branch                        -6.08054e-05


No. of Data Rows : 2831
tp_b                =  1.39885e-07 targ=  4.90406e-07 trig=  3.50521e-07
i_b                 =  8.57244e-05 from=  3.29017e-07 to=  9.04797e-07
MCVCOPAIR_B tp=1.39885E-07 f=2.85949E+07 i=8.57244E-05
Note: Simulation executed from .control section 
