
Note: Compatibility modes selected: hs a

Warning: m=xx on .subckt line will override multiplier m hierarchy!


Circuit: * generated by simenv.sh -- do not edit; edit sim/vco-tuning-range/testbench/tb_vco_band_pair.sp instead

Doing analysis at TEMP = 125.000000 and TNOM = 27.000000

Using SPARSE 1.3 as Direct Linear Solver

Initial Transient Solution
--------------------------

Node                                   Voltage
----                                   -------
vdd                                       3.63
vc                                         2.7
nb0                                       3.63
nb1                                       3.63
nb2                                          0
nvs                                       3.63
x1.xbias.na                           0.865671
x1.xbias.vbpc                           2.7988
x1.xbias.nc                           0.174248
x1.xbias.xrcg.11                      0.173973
x1.xbias.xrcg.21                   0.000275133
x1.xbias.nsu                         0.0149422
x1.xbias.vfix                          1.40042
x1.xbias.nmd                          0.606534
x1.xbias.vbp0                          2.92271
x1.xbias.noff                         0.651349
x1.xbias.xroff.11                     0.651169
x1.xbias.xroff.21                  0.000179792
x1.xbias.nvi                           1.62192
x1.xbias.xrdeg.11                      1.62147
x1.xbias.xrdeg.21                  0.000447699
x1.xbias.b0b                       4.44834e-07
x1.xbias.b1b                       3.98449e-07
x1.xbias.b2b                              3.63
x1.xbias.vbn1                         0.635951
x1.xbias.ga                            2.92271
x1.xbias.vbp2                          2.76174
x1.xbias.gb                           0.635951
x1.vbn                                0.656585
x1.xbias.gc                               3.63
x1.vbp                                 2.84247
x1.xs1.nh                              1.16087
x1.y1                                        0
x1.y5                                        0
x1.xs1.nt                          -7.7548e-19
x1.xs2.nh                                 3.63
x1.y2                                     3.63
x1.xs2.nt                          2.75412e-05
x1.xs3.nh                                 3.63
x1.y3                                        0
x1.xs3.nt                         -2.71503e-18
x1.xs4.nh                                 3.63
x1.y4                                     3.63
x1.xs4.nt                          1.90968e-05
x1.xs5.nh                                 3.63
x1.xs5.nt                         -1.21605e-26
x1.nb1                                 3.62999
x1.nb2                              6.3999e-07
clk1                                   3.62999
x1.xcdec1.c_moscap_int1                  -3.63
x1.xcdec2.c_moscap_int1                  -3.63
e.x1.xcdec2.ec_moscap#branch                 0
e.x1.xcdec1.ec_moscap#branch                 0
vs#branch                          0.000155379
vb2#branch                                   0
vb1#branch                                   0
vb0#branch                                   0
vc#branch                                    0
vdd#branch                        -0.000155379


No. of Data Rows : 2840
tp_a                =  1.01414e-07 targ=  3.29911e-07 trig=  2.28496e-07
i_a                 =  2.08175e-04 from=  2.23044e-07 to=  6.13370e-07
MCVCOPAIR_A tp=1.01414E-07 f=3.94421E+07 i=0.000208175
Doing analysis at TEMP = 125.000000 and TNOM = 27.000000

Using SPARSE 1.3 as Direct Linear Solver

Initial Transient Solution
--------------------------

Node                                   Voltage
----                                   -------
vdd                                       3.63
vc                                         0.9
nb0                                          0
nb1                                          0
nb2                                       3.63
nvs                                       3.63
x1.xbias.na                           0.865671
x1.xbias.vbpc                           2.7988
x1.xbias.nc                           0.174248
x1.xbias.xrcg.11                      0.173973
x1.xbias.xrcg.21                   0.000275133
x1.xbias.nsu                         0.0149422
x1.xbias.vfix                          1.40042
x1.xbias.nmd                          0.606534
x1.xbias.vbp0                          3.00245
x1.xbias.noff                          0.65147
x1.xbias.xroff.11                      0.65129
x1.xbias.xroff.21                  0.000179826
x1.xbias.nvi                          0.307125
x1.xbias.xrdeg.11                     0.307041
x1.xbias.xrdeg.21                   8.4776e-05
x1.xbias.b0b                              3.63
x1.xbias.b1b                           3.62999
x1.xbias.b2b                       4.11216e-07
x1.xbias.vbn1                         0.517958
x1.xbias.ga                               3.63
x1.xbias.vbp2                          3.02189
x1.xbias.gb                        1.09307e-07
x1.vbn                                0.627101
x1.xbias.gc                            3.02189
x1.vbp                                  2.8759
x1.xs1.nh                              1.13119
x1.y1                                        0
x1.y5                                        0
x1.xs1.nt                          1.05603e-17
x1.xs2.nh                                 3.63
x1.y2                                     3.63
x1.xs2.nt                          3.26372e-05
x1.xs3.nh                                 3.63
x1.y3                                        0
x1.xs3.nt                          2.07089e-27
x1.xs4.nh                                 3.63
x1.y4                                     3.63
x1.xs4.nt                          2.26035e-05
x1.xs5.nh                                 3.63
x1.xs5.nt                         -2.69621e-35
x1.nb1                                 3.62999
x1.nb2                              6.3999e-07
clk1                                   3.62999
x1.xcdec1.c_moscap_int1                  -3.63
x1.xcdec2.c_moscap_int1                  -3.63
e.x1.xcdec2.ec_moscap#branch                 0
e.x1.xcdec1.ec_moscap#branch                 0
vs#branch                          8.91186e-05
vb2#branch                                   0
vb1#branch                                   0
vb0#branch                                   0
vc#branch                                    0
vdd#branch                        -8.91186e-05


No. of Data Rows : 2917
tp_b                =  1.34534e-07 targ=  4.37242e-07 trig=  3.02708e-07
i_b                 =  1.34755e-04 from=  2.98606e-07 to=  8.21166e-07
MCVCOPAIR_B tp=1.34534E-07 f=2.97323E+07 i=0.000134755
Note: Simulation executed from .control section 
