
Note: Compatibility modes selected: hs a

Warning: m=xx on .subckt line will override multiplier m hierarchy!


Circuit: * generated by simenv.sh -- do not edit; edit sim/vco-tuning-range/testbench/tb_vco_band_pair.sp instead

Doing analysis at TEMP = 125.000000 and TNOM = 27.000000

Using SPARSE 1.3 as Direct Linear Solver

Initial Transient Solution
--------------------------

Node                                   Voltage
----                                   -------
vdd                                       3.63
vc                                         2.7
nb0                                          0
nb1                                          0
nb2                                          0
nvs                                       3.63
x1.xbias.na                            1.11917
x1.xbias.vbpc                          2.52337
x1.xbias.nc                           0.178762
x1.xbias.xrcg.11                       0.17848
x1.xbias.xrcg.21                   0.000282261
x1.xbias.nsu                          0.010776
x1.xbias.vfix                          1.94069
x1.xbias.nmd                          0.827733
x1.xbias.vbp0                          2.66145
x1.xbias.noff                         0.855627
x1.xbias.xroff.11                     0.855391
x1.xbias.xroff.21                  0.000236179
x1.xbias.nvi                           1.40925
x1.xbias.xrdeg.11                      1.40886
x1.xbias.xrdeg.21                  0.000388996
x1.xbias.b0b                              3.63
x1.xbias.b1b                              3.63
x1.xbias.b2b                              3.63
x1.xbias.vbn1                         0.816143
x1.xbias.ga                               3.63
x1.xbias.vbp2                          2.69703
x1.xbias.gb                        2.02042e-09
x1.vbn                                 0.75224
x1.xbias.gc                               3.63
x1.vbp                                 2.74065
x1.xs1.nh                              1.31278
x1.y1                                        0
x1.y5                                        0
x1.xs1.nt                         -1.81586e-23
x1.xs2.nh                                 3.63
x1.y2                                     3.63
x1.xs2.nt                          1.08102e-06
x1.xs3.nh                                 3.63
x1.y3                                        0
x1.xs3.nt                         -1.59152e-35
x1.xs4.nh                                 3.63
x1.y4                                     3.63
x1.xs4.nt                          1.32479e-06
x1.xs5.nh                                 3.63
x1.xs5.nt                          2.00597e-27
x1.nb1                                    3.63
x1.nb2                             1.03059e-08
clk1                                      3.63
x1.xcdec1.c_moscap_int1                  -3.63
x1.xcdec2.c_moscap_int1                  -3.63
e.x1.xcdec2.ec_moscap#branch                 0
e.x1.xcdec1.ec_moscap#branch                 0
vs#branch                          8.18801e-05
vb2#branch                                   0
vb1#branch                                   0
vb0#branch                                   0
vc#branch                                    0
vdd#branch                        -8.18801e-05


No. of Data Rows : 2915
tp_a                =  4.27738e-07 targ=  1.38981e-06 trig=  9.62070e-07
i_a                 =  9.82445e-05 from=  9.56697e-07 to=  2.63092e-06
MCVCOPAIR_A tp=4.27738E-07 f=9.35153E+06 i=9.82445E-05
Doing analysis at TEMP = 125.000000 and TNOM = 27.000000

Using SPARSE 1.3 as Direct Linear Solver

Initial Transient Solution
--------------------------

Node                                   Voltage
----                                   -------
vdd                                       3.63
vc                                         0.9
nb0                                       3.63
nb1                                          0
nb2                                          0
nvs                                       3.63
x1.xbias.na                            1.11917
x1.xbias.vbpc                          2.52337
x1.xbias.nc                           0.178762
x1.xbias.xrcg.11                       0.17848
x1.xbias.xrcg.21                   0.000282261
x1.xbias.nsu                          0.010776
x1.xbias.vfix                          1.94069
x1.xbias.nmd                          0.827733
x1.xbias.vbp0                          2.74117
x1.xbias.noff                         0.855749
x1.xbias.xroff.11                     0.855513
x1.xbias.xroff.21                  0.000236213
x1.xbias.nvi                          0.163512
x1.xbias.xrdeg.11                     0.163467
x1.xbias.xrdeg.21                  4.51343e-05
x1.xbias.b0b                       1.28631e-08
x1.xbias.b1b                              3.63
x1.xbias.b2b                              3.63
x1.xbias.vbn1                         0.789153
x1.xbias.ga                            2.74117
x1.xbias.vbp2                          2.72476
x1.xbias.gb                        2.01242e-09
x1.vbn                                0.731584
x1.xbias.gc                               3.63
x1.vbp                                 2.76364
x1.xs1.nh                              1.29307
x1.y1                                        0
x1.y5                                        0
x1.xs1.nt                         -8.57144e-12
x1.xs2.nh                                 3.63
x1.y2                                     3.63
x1.xs2.nt                            1.325e-06
x1.xs3.nh                                 3.63
x1.y3                                        0
x1.xs3.nt                          1.73873e-17
x1.xs4.nh                                 3.63
x1.y4                                     3.63
x1.xs4.nt                          1.62203e-06
x1.xs5.nh                                 3.63
x1.xs5.nt                          1.66417e-17
x1.nb1                                    3.63
x1.nb2                             1.03059e-08
clk1                                      3.63
x1.xcdec1.c_moscap_int1                  -3.63
x1.xcdec2.c_moscap_int1                  -3.63
e.x1.xcdec2.ec_moscap#branch                 0
e.x1.xcdec1.ec_moscap#branch                 0
vs#branch                          6.06193e-05
vb2#branch                                   0
vb1#branch                                   0
vb0#branch                                   0
vc#branch                                    0
vdd#branch                        -6.06193e-05


No. of Data Rows : 2919
tp_b                =  5.67785e-07 targ=  1.84554e-06 trig=  1.27776e-06
i_b                 =  7.45610e-05 from=  1.26171e-06 to=  3.46971e-06
MCVCOPAIR_B tp=5.67785E-07 f=7.04493E+06 i=7.4561E-05
Note: Simulation executed from .control section 
