
Note: Compatibility modes selected: hs a

Warning: m=xx on .subckt line will override multiplier m hierarchy!


Circuit: * generated by simenv.sh -- do not edit; edit sim/vco-tuning-range/testbench/tb_vco_band_pair.sp instead

Doing analysis at TEMP = 125.000000 and TNOM = 27.000000

Using SPARSE 1.3 as Direct Linear Solver

Initial Transient Solution
--------------------------

Node                                   Voltage
----                                   -------
vdd                                       2.97
vc                                         2.7
nb0                                       2.97
nb1                                       2.97
nb2                                          0
nvs                                       2.97
x1.xbias.na                            1.12266
x1.xbias.vbpc                          1.86398
x1.xbias.nc                           0.178053
x1.xbias.xrcg.11                      0.177772
x1.xbias.xrcg.21                   0.000281141
x1.xbias.nsu                        0.00612843
x1.xbias.vfix                          1.94325
x1.xbias.nmd                          0.833433
x1.xbias.vbp0                          2.00243
x1.xbias.noff                         0.853498
x1.xbias.xroff.11                     0.853263
x1.xbias.xroff.21                  0.000235592
x1.xbias.nvi                           1.40979
x1.xbias.xrdeg.11                       1.4094
x1.xbias.xrdeg.21                  0.000389146
x1.xbias.b0b                       1.18373e-08
x1.xbias.b1b                        1.1855e-08
x1.xbias.b2b                              2.97
x1.xbias.vbn1                         0.869585
x1.xbias.ga                            2.00243
x1.xbias.vbp2                          1.83514
x1.xbias.gb                           0.869585
x1.vbn                                 0.88875
x1.xbias.gc                               2.97
x1.vbp                                 1.92454
x1.xs1.nh                              1.35706
x1.y1                                        0
x1.y5                                        0
x1.xs1.nt                          6.35647e-24
x1.xs2.nh                                 2.97
x1.y2                                     2.97
x1.xs2.nt                          2.35798e-07
x1.xs3.nh                                 2.97
x1.y3                                        0
x1.xs3.nt                         -1.66704e-51
x1.xs4.nh                                 2.97
x1.y4                                     2.97
x1.xs4.nt                          2.19795e-07
x1.xs5.nh                                 2.97
x1.xs5.nt                         -1.01202e-51
x1.nb1                                    2.97
x1.nb2                             9.14589e-09
clk1                                      2.97
x1.xcdec1.c_moscap_int1                  -2.97
x1.xcdec2.c_moscap_int1                  -2.97
e.x1.xcdec2.ec_moscap#branch                 0
e.x1.xcdec1.ec_moscap#branch                 0
vs#branch                          0.000147944
vb2#branch                                   0
vb1#branch                                   0
vb0#branch                                   0
vc#branch                                    0
vdd#branch                        -0.000147944


No. of Data Rows : 2905
tp_a                =  6.64868e-08 targ=  2.33217e-07 trig=  1.66730e-07
i_a                 =  1.76961e-04 from=  1.52378e-07 to=  4.19040e-07
MCVCOPAIR_A tp=6.64867E-08 f=6.01624E+07 i=0.000176961
Doing analysis at TEMP = 125.000000 and TNOM = 27.000000

Using SPARSE 1.3 as Direct Linear Solver

Initial Transient Solution
--------------------------

Node                                   Voltage
----                                   -------
vdd                                       2.97
vc                                         0.9
nb0                                          0
nb1                                          0
nb2                                       2.97
nvs                                       2.97
x1.xbias.na                            1.12266
x1.xbias.vbpc                          1.86398
x1.xbias.nc                           0.178053
x1.xbias.xrcg.11                      0.177772
x1.xbias.xrcg.21                   0.000281141
x1.xbias.nsu                        0.00612843
x1.xbias.vfix                          1.94325
x1.xbias.nmd                          0.833433
x1.xbias.vbp0                          2.08226
x1.xbias.noff                         0.853634
x1.xbias.xroff.11                     0.853398
x1.xbias.xroff.21                  0.000235629
x1.xbias.nvi                           0.16383
x1.xbias.xrdeg.11                     0.163785
x1.xbias.xrdeg.21                  4.52222e-05
x1.xbias.b0b                              2.97
x1.xbias.b1b                              2.97
x1.xbias.b2b                       1.21518e-08
x1.xbias.vbn1                         0.748579
x1.xbias.ga                               2.97
x1.xbias.vbp2                          2.10788
x1.xbias.gb                        2.24358e-09
x1.vbn                                0.861507
x1.xbias.gc                            2.10788
x1.vbp                                 1.95543
x1.xs1.nh                              1.33073
x1.y1                                        0
x1.y5                                        0
x1.xs1.nt                         -1.53315e-17
x1.xs2.nh                                 2.97
x1.y2                                     2.97
x1.xs2.nt                          2.72662e-07
x1.xs3.nh                                 2.97
x1.y3                                        0
x1.xs3.nt                          6.70325e-19
x1.xs4.nh                                 2.97
x1.y4                                     2.97
x1.xs4.nt                          2.54862e-07
x1.xs5.nh                                 2.97
x1.xs5.nt                          1.32111e-18
x1.nb1                                    2.97
x1.nb2                             9.14589e-09
clk1                                      2.97
x1.xcdec1.c_moscap_int1                  -2.97
x1.xcdec2.c_moscap_int1                  -2.97
e.x1.xcdec2.ec_moscap#branch                 0
e.x1.xcdec1.ec_moscap#branch                 0
vs#branch                          8.66642e-05
vb2#branch                                   0
vb1#branch                                   0
vb0#branch                                   0
vc#branch                                    0
vdd#branch                        -8.66642e-05


No. of Data Rows : 2911
tp_b                =  8.59143e-08 targ=  3.01605e-07 trig=  2.15690e-07
i_b                 =  1.11507e-04 from=  1.99569e-07 to=  5.48815e-07
MCVCOPAIR_B tp=8.59143E-08 f=4.6558E+07 i=0.000111507
Note: Simulation executed from .control section 
