
Note: Compatibility modes selected: hs a

Warning: m=xx on .subckt line will override multiplier m hierarchy!


Circuit: * generated by simenv.sh -- do not edit; edit sim/vco-tuning-range/testbench/tb_vco_band_pair.sp instead

Doing analysis at TEMP = 125.000000 and TNOM = 27.000000

Using SPARSE 1.3 as Direct Linear Solver

Initial Transient Solution
--------------------------

Node                                   Voltage
----                                   -------
vdd                                       3.63
vc                                         2.7
nb0                                       3.63
nb1                                       3.63
nb2                                          0
nvs                                       3.63
x1.xbias.na                           0.894257
x1.xbias.vbpc                          2.56948
x1.xbias.nc                           0.169462
x1.xbias.xrcg.11                      0.169195
x1.xbias.xrcg.21                   0.000267577
x1.xbias.nsu                          0.011168
x1.xbias.vfix                          1.46633
x1.xbias.nmd                          0.632235
x1.xbias.vbp0                          2.70006
x1.xbias.noff                         0.670446
x1.xbias.xroff.11                     0.670261
x1.xbias.xroff.21                  0.000185063
x1.xbias.nvi                           1.58666
x1.xbias.xrdeg.11                      1.58623
x1.xbias.xrdeg.21                  0.000437967
x1.xbias.b0b                       1.29244e-08
x1.xbias.b1b                       1.45465e-08
x1.xbias.b2b                              3.63
x1.xbias.vbn1                         0.667244
x1.xbias.ga                            2.70006
x1.xbias.vbp2                          2.53459
x1.xbias.gb                           0.667243
x1.vbn                                0.684371
x1.xbias.gc                               3.63
x1.vbp                                 2.63194
x1.xs1.nh                              1.38774
x1.y1                                        0
x1.y5                                        0
x1.xs1.nt                         -7.67346e-27
x1.xs2.nh                                 3.63
x1.y2                                     3.63
x1.xs2.nt                          1.82768e-05
x1.xs3.nh                                 3.63
x1.y3                                        0
x1.xs3.nt                         -5.85871e-44
x1.xs4.nh                                 3.63
x1.y4                                     3.63
x1.xs4.nt                          1.99448e-05
x1.xs5.nh                                 3.63
x1.xs5.nt                         -1.04553e-43
x1.nb1                                 3.62999
x1.nb2                             1.15678e-08
clk1                                      3.63
x1.xcdec1.c_moscap_int1                  -3.63
x1.xcdec2.c_moscap_int1                  -3.63
e.x1.xcdec2.ec_moscap#branch                 0
e.x1.xcdec1.ec_moscap#branch                 0
vs#branch                          0.000145955
vb2#branch                                   0
vb1#branch                                   0
vb0#branch                                   0
vc#branch                                    0
vdd#branch                        -0.000145955


No. of Data Rows : 2883
tp_a                =  1.05980e-07 targ=  3.44870e-07 trig=  2.38890e-07
i_a                 =  1.87815e-04 from=  2.12652e-07 to=  5.84794e-07
MCVCOPAIR_A tp=1.0598E-07 f=3.7743E+07 i=0.000187815
Doing analysis at TEMP = 125.000000 and TNOM = 27.000000

Using SPARSE 1.3 as Direct Linear Solver

Initial Transient Solution
--------------------------

Node                                   Voltage
----                                   -------
vdd                                       3.63
vc                                         0.9
nb0                                          0
nb1                                          0
nb2                                       3.63
nvs                                       3.63
x1.xbias.na                           0.894257
x1.xbias.vbpc                          2.56948
x1.xbias.nc                           0.169462
x1.xbias.xrcg.11                      0.169195
x1.xbias.xrcg.21                   0.000267577
x1.xbias.nsu                          0.011168
x1.xbias.vfix                          1.46633
x1.xbias.nmd                          0.632235
x1.xbias.vbp0                          2.78388
x1.xbias.noff                         0.670574
x1.xbias.xroff.11                     0.670389
x1.xbias.xroff.21                  0.000185099
x1.xbias.nvi                          0.284526
x1.xbias.xrdeg.11                     0.284447
x1.xbias.xrdeg.21                  7.85378e-05
x1.xbias.b0b                              3.63
x1.xbias.b1b                              3.63
x1.xbias.b2b                       1.26452e-08
x1.xbias.vbn1                         0.547884
x1.xbias.ga                               3.63
x1.xbias.vbp2                          2.80395
x1.xbias.gb                        6.41878e-08
x1.vbn                                0.658129
x1.xbias.gc                            2.80395
x1.vbp                                 2.66341
x1.xs1.nh                              1.36013
x1.y1                                        0
x1.y5                                        0
x1.xs1.nt                          1.07761e-17
x1.xs2.nh                                 3.63
x1.y2                                     3.63
x1.xs2.nt                          2.12739e-05
x1.xs3.nh                                 3.63
x1.y3                                        0
x1.xs3.nt                          2.01077e-43
x1.xs4.nh                                 3.63
x1.y4                                     3.63
x1.xs4.nt                          2.31691e-05
x1.xs5.nh                                 3.63
x1.xs5.nt                         -6.52399e-45
x1.nb1                                 3.62999
x1.nb2                             1.15678e-08
clk1                                      3.63
x1.xcdec1.c_moscap_int1                  -3.63
x1.xcdec2.c_moscap_int1                  -3.63
e.x1.xcdec2.ec_moscap#branch                 0
e.x1.xcdec1.ec_moscap#branch                 0
vs#branch                          8.34427e-05
vb2#branch                                   0
vb1#branch                                   0
vb0#branch                                   0
vc#branch                                    0
vdd#branch                        -8.34427e-05


No. of Data Rows : 2948
tp_b                =  1.37474e-07 targ=  4.47022e-07 trig=  3.09548e-07
i_b                 =  1.20242e-04 from=  2.85846e-07 to=  7.86076e-07
MCVCOPAIR_B tp=1.37474E-07 f=2.90965E+07 i=0.000120242
Note: Simulation executed from .control section 
