
Note: Compatibility modes selected: hs a

Warning: m=xx on .subckt line will override multiplier m hierarchy!


Circuit: * generated by simenv.sh -- do not edit; edit sim/vco-tuning-range/testbench/tb_vco_band_pair.sp instead

Doing analysis at TEMP = -40.000000 and TNOM = 27.000000

Using SPARSE 1.3 as Direct Linear Solver

Initial Transient Solution
--------------------------

Node                                   Voltage
----                                   -------
vdd                                       3.63
vc                                         2.7
nb0                                       3.63
nb1                                       3.63
nb2                                          0
nvs                                       3.63
x1.xbias.na                            1.05281
x1.xbias.vbpc                          2.51489
x1.xbias.nc                          0.0953882
x1.xbias.xrcg.11                     0.0951807
x1.xbias.xrcg.21                   0.000207514
x1.xbias.nsu                         0.0172749
x1.xbias.vfix                           2.1146
x1.xbias.nmd                           0.90877
x1.xbias.vbp0                          2.54703
x1.xbias.noff                         0.902995
x1.xbias.xroff.11                     0.902651
x1.xbias.xroff.21                  0.000343755
x1.xbias.nvi                           1.34423
x1.xbias.xrdeg.11                      1.34372
x1.xbias.xrdeg.21                  0.000511726
x1.xbias.b0b                       5.25985e-09
x1.xbias.b1b                       5.22962e-09
x1.xbias.b2b                              3.63
x1.xbias.vbn1                         0.955684
x1.xbias.ga                            2.54703
x1.xbias.vbp2                          2.44052
x1.xbias.gb                           0.955684
x1.vbn                                0.985884
x1.xbias.gc                               3.63
x1.vbp                                  2.4963
x1.xs1.nh                              1.51828
x1.y1                                        0
x1.y5                                        0
x1.xs1.nt                          9.83126e-31
x1.xs2.nh                                 3.63
x1.y2                                     3.63
x1.xs2.nt                          3.27162e-13
x1.xs3.nh                                 3.63
x1.y3                                        0
x1.xs3.nt                          2.17553e-38
x1.xs4.nh                                 3.63
x1.y4                                     3.63
x1.xs4.nt                          2.48858e-13
x1.xs5.nh                                 3.63
x1.xs5.nt                          2.12728e-38
x1.nb1                                    3.63
x1.nb2                             3.60453e-09
clk1                                      3.63
x1.xcdec1.c_moscap_int1                  -3.63
x1.xcdec2.c_moscap_int1                  -3.63
e.x1.xcdec2.ec_moscap#branch                 0
e.x1.xcdec1.ec_moscap#branch                 0
vs#branch                          0.000104362
vb2#branch                                   0
vb1#branch                                   0
vb0#branch                                   0
vc#branch                                    0
vdd#branch                        -0.000104362


No. of Data Rows : 2940
tp_a                =  1.11195e-07 targ=  3.61338e-07 trig=  2.50143e-07
i_a                 =  1.35611e-04 from=  2.44424e-07 to=  6.72165e-07
MCVCOPAIR_A tp=1.11195E-07 f=3.59729E+07 i=0.000135611
Doing analysis at TEMP = -40.000000 and TNOM = 27.000000

Using SPARSE 1.3 as Direct Linear Solver

Initial Transient Solution
--------------------------

Node                                   Voltage
----                                   -------
vdd                                       3.63
vc                                         0.9
nb0                                          0
nb1                                          0
nb2                                       3.63
nvs                                       3.63
x1.xbias.na                            1.05281
x1.xbias.vbpc                          2.51489
x1.xbias.nc                          0.0953882
x1.xbias.xrcg.11                     0.0951807
x1.xbias.xrcg.21                   0.000207514
x1.xbias.nsu                         0.0172749
x1.xbias.vfix                           2.1146
x1.xbias.nmd                           0.90877
x1.xbias.vbp0                          2.59933
x1.xbias.noff                         0.903081
x1.xbias.xroff.11                     0.902738
x1.xbias.xroff.21                  0.000343788
x1.xbias.nvi                         0.0752574
x1.xbias.xrdeg.11                    0.0752288
x1.xbias.xrdeg.21                  2.86493e-05
x1.xbias.b0b                              3.63
x1.xbias.b1b                              3.63
x1.xbias.b2b                       5.25737e-09
x1.xbias.vbn1                         0.876277
x1.xbias.ga                               3.63
x1.xbias.vbp2                          2.62136
x1.xbias.gb                        1.18818e-16
x1.vbn                                0.958784
x1.xbias.gc                            2.62136
x1.vbp                                 2.52721
x1.xs1.nh                              1.49092
x1.y1                                        0
x1.y5                                        0
x1.xs1.nt                          5.95932e-31
x1.xs2.nh                                 3.63
x1.y2                                     3.63
x1.xs2.nt                          4.10765e-13
x1.xs3.nh                                 3.63
x1.y3                                        0
x1.xs3.nt                         -9.36169e-19
x1.xs4.nh                                 3.63
x1.y4                                     3.63
x1.xs4.nt                          3.16597e-13
x1.xs5.nh                                 3.63
x1.xs5.nt                          8.53004e-19
x1.nb1                                    3.63
x1.nb2                             3.60453e-09
clk1                                      3.63
x1.xcdec1.c_moscap_int1                  -3.63
x1.xcdec2.c_moscap_int1                  -3.63
e.x1.xcdec2.ec_moscap#branch                 0
e.x1.xcdec1.ec_moscap#branch                 0
vs#branch                          5.31085e-05
vb2#branch                                   0
vb1#branch                                   0
vb0#branch                                   0
vc#branch                                    0
vdd#branch                        -5.31085e-05


No. of Data Rows : 2923
tp_b                =  1.62597e-07 targ=  5.28955e-07 trig=  3.66358e-07
i_b                 =  7.85884e-05 from=  3.29017e-07 to=  9.04797e-07
MCVCOPAIR_B tp=1.62597E-07 f=2.46007E+07 i=7.85884E-05
Note: Simulation executed from .control section 
