
Note: Compatibility modes selected: hs a

Warning: m=xx on .subckt line will override multiplier m hierarchy!


Circuit: * generated by simenv.sh -- do not edit; edit sim/vco-tuning-range/testbench/tb_vco_band_pair.sp instead

Doing analysis at TEMP = 125.000000 and TNOM = 27.000000

Using SPARSE 1.3 as Direct Linear Solver

Initial Transient Solution
--------------------------

Node                                   Voltage
----                                   -------
vdd                                       3.63
vc                                         2.7
nb0                                          0
nb1                                       3.63
nb2                                       3.63
nvs                                       3.63
x1.xbias.na                            1.10547
x1.xbias.vbpc                          2.53304
x1.xbias.nc                           0.171933
x1.xbias.xrcg.11                      0.171662
x1.xbias.xrcg.21                   0.000271478
x1.xbias.nsu                         0.0110544
x1.xbias.vfix                           1.9353
x1.xbias.nmd                           0.82783
x1.xbias.vbp0                          2.66265
x1.xbias.noff                         0.852988
x1.xbias.xroff.11                     0.852753
x1.xbias.xroff.21                  0.000235451
x1.xbias.nvi                           1.40973
x1.xbias.xrdeg.11                      1.40934
x1.xbias.xrdeg.21                  0.000389127
x1.xbias.b0b                              3.63
x1.xbias.b1b                       1.23753e-08
x1.xbias.b2b                       1.32011e-08
x1.xbias.vbn1                         0.814908
x1.xbias.ga                               3.63
x1.xbias.vbp2                          2.57212
x1.xbias.gb                           0.814908
x1.vbn                                  1.1774
x1.xbias.gc                            2.57212
x1.vbp                                 2.26348
x1.xs1.nh                              1.74386
x1.y1                                        0
x1.y5                                        0
x1.xs1.nt                         -6.67157e-14
x1.xs2.nh                                 3.63
x1.y2                                     3.63
x1.xs2.nt                          1.62655e-07
x1.xs3.nh                                 3.63
x1.y3                                        0
x1.xs3.nt                         -3.80541e-17
x1.xs4.nh                                 3.63
x1.y4                                     3.63
x1.xs4.nt                          1.27038e-07
x1.xs5.nh                                 3.63
x1.xs5.nt                           -5.217e-17
x1.nb1                                    3.63
x1.nb2                             9.62837e-09
clk1                                      3.63
x1.xcdec1.c_moscap_int1                  -3.63
x1.xcdec2.c_moscap_int1                  -3.63
e.x1.xcdec2.ec_moscap#branch                 0
e.x1.xcdec1.ec_moscap#branch                 0
vs#branch                          0.000314408
vb2#branch                                   0
vb1#branch                                   0
vb0#branch                                   0
vc#branch                                    0
vdd#branch                        -0.000314408


No. of Data Rows : 2815
tp_a                =  1.70123e-08 targ=  5.57001e-08 trig=  3.86878e-08
i_a                 =  4.34518e-04 from=  3.75158e-08 to=  1.03169e-07
MCVCOPAIR_A tp=1.70123E-08 f=2.35124E+08 i=0.000434518
Doing analysis at TEMP = 125.000000 and TNOM = 27.000000

Using SPARSE 1.3 as Direct Linear Solver

Initial Transient Solution
--------------------------

Node                                   Voltage
----                                   -------
vdd                                       3.63
vc                                         0.9
nb0                                       3.63
nb1                                       3.63
nb2                                       3.63
nvs                                       3.63
x1.xbias.na                            1.10547
x1.xbias.vbpc                          2.53304
x1.xbias.nc                           0.171933
x1.xbias.xrcg.11                      0.171662
x1.xbias.xrcg.21                   0.000271478
x1.xbias.nsu                         0.0110544
x1.xbias.vfix                           1.9353
x1.xbias.nmd                           0.82783
x1.xbias.vbp0                          2.74247
x1.xbias.noff                         0.853111
x1.xbias.xroff.11                     0.852875
x1.xbias.xroff.21                  0.000235485
x1.xbias.nvi                          0.163837
x1.xbias.xrdeg.11                     0.163792
x1.xbias.xrdeg.21                   4.5224e-05
x1.xbias.b0b                       1.16747e-08
x1.xbias.b1b                       1.23753e-08
x1.xbias.b2b                       1.32011e-08
x1.xbias.vbn1                         0.788999
x1.xbias.ga                            2.74247
x1.xbias.vbp2                          2.61083
x1.xbias.gb                           0.788999
x1.vbn                                 1.10721
x1.xbias.gc                            2.61083
x1.vbp                                 2.34079
x1.xs1.nh                              1.67487
x1.y1                                        0
x1.y5                                        0
x1.xs1.nt                          9.70439e-15
x1.xs2.nh                                 3.63
x1.y2                                     3.63
x1.xs2.nt                          1.89549e-07
x1.xs3.nh                                 3.63
x1.y3                                        0
x1.xs3.nt                          6.55728e-17
x1.xs4.nh                                 3.63
x1.y4                                     3.63
x1.xs4.nt                          1.47644e-07
x1.xs5.nh                                 3.63
x1.xs5.nt                          6.73985e-17
x1.nb1                                    3.63
x1.nb2                             9.62837e-09
clk1                                      3.63
x1.xcdec1.c_moscap_int1                  -3.63
x1.xcdec2.c_moscap_int1                  -3.63
e.x1.xcdec2.ec_moscap#branch                 0
e.x1.xcdec1.ec_moscap#branch                 0
vs#branch                          0.000238904
vb2#branch                                   0
vb1#branch                                   0
vb0#branch                                   0
vc#branch                                    0
vdd#branch                        -0.000238904


No. of Data Rows : 2835
tp_b                =  2.31948e-08 targ=  7.57977e-08 trig=  5.26029e-08
i_b                 =  3.33809e-04 from=  5.13940e-08 to=  1.41334e-07
MCVCOPAIR_B tp=2.31948E-08 f=1.72452E+08 i=0.000333809
Note: Simulation executed from .control section 
