
Note: Compatibility modes selected: hs a

Warning: m=xx on .subckt line will override multiplier m hierarchy!


Circuit: * generated by simenv.sh -- do not edit; edit sim/vco-tuning-range/testbench/tb_vco_band_pair.sp instead

Doing analysis at TEMP = 125.000000 and TNOM = 27.000000

Using SPARSE 1.3 as Direct Linear Solver

Initial Transient Solution
--------------------------

Node                                   Voltage
----                                   -------
vdd                                       3.63
vc                                         2.7
nb0                                          0
nb1                                          0
nb2                                          0
nvs                                       3.63
x1.xbias.na                            1.17464
x1.xbias.vbpc                          2.49723
x1.xbias.nc                           0.204479
x1.xbias.xrcg.11                      0.204156
x1.xbias.xrcg.21                   0.000322866
x1.xbias.nsu                        0.00949412
x1.xbias.vfix                          1.97937
x1.xbias.nmd                           0.84719
x1.xbias.vbp0                          2.66182
x1.xbias.noff                         0.881085
x1.xbias.xroff.11                     0.880841
x1.xbias.xroff.21                  0.000243206
x1.xbias.nvi                           1.41194
x1.xbias.xrdeg.11                      1.41155
x1.xbias.xrdeg.21                   0.00038974
x1.xbias.b0b                              3.63
x1.xbias.b1b                              3.63
x1.xbias.b2b                              3.63
x1.xbias.vbn1                         0.813171
x1.xbias.ga                               3.63
x1.xbias.vbp2                          2.69549
x1.xbias.gb                         1.6977e-09
x1.vbn                                0.756651
x1.xbias.gc                               3.63
x1.vbp                                 2.73625
x1.xs1.nh                              1.32826
x1.y1                                        0
x1.y5                                        0
x1.xs1.nt                         -1.12076e-18
x1.xs2.nh                                 3.63
x1.y2                                     3.63
x1.xs2.nt                          6.62684e-07
x1.xs3.nh                                 3.63
x1.y3                                        0
x1.xs3.nt                          9.26321e-28
x1.xs4.nh                                 3.63
x1.y4                                     3.63
x1.xs4.nt                          8.87349e-07
x1.xs5.nh                                 3.63
x1.xs5.nt                         -3.22064e-28
x1.nb1                                    3.63
x1.nb2                             1.15839e-08
clk1                                      3.63
x1.xcdec1.c_moscap_int1                  -3.63
x1.xcdec2.c_moscap_int1                  -3.63
e.x1.xcdec2.ec_moscap#branch                 0
e.x1.xcdec1.ec_moscap#branch                 0
vs#branch                          8.69561e-05
vb2#branch                                   0
vb1#branch                                   0
vb0#branch                                   0
vc#branch                                    0
vdd#branch                        -8.69561e-05


No. of Data Rows : 2970
tp_a                =  3.94867e-07 targ=  1.38335e-06 trig=  9.88487e-07
i_a                 =  1.03029e-04 from=  9.56697e-07 to=  2.63092e-06
MCVCOPAIR_A tp=3.94867E-07 f=1.013E+07 i=0.000103029
Doing analysis at TEMP = 125.000000 and TNOM = 27.000000

Using SPARSE 1.3 as Direct Linear Solver

Initial Transient Solution
--------------------------

Node                                   Voltage
----                                   -------
vdd                                       3.63
vc                                         0.9
nb0                                       3.63
nb1                                          0
nb2                                          0
nvs                                       3.63
x1.xbias.na                            1.17464
x1.xbias.vbpc                          2.49723
x1.xbias.nc                           0.204479
x1.xbias.xrcg.11                      0.204156
x1.xbias.xrcg.21                   0.000322866
x1.xbias.nsu                        0.00949412
x1.xbias.vfix                          1.97937
x1.xbias.nmd                           0.84719
x1.xbias.vbp0                           2.7406
x1.xbias.noff                         0.881205
x1.xbias.xroff.11                     0.880962
x1.xbias.xroff.21                   0.00024324
x1.xbias.nvi                          0.165547
x1.xbias.xrdeg.11                     0.165502
x1.xbias.xrdeg.21                  4.56962e-05
x1.xbias.b0b                       1.17797e-08
x1.xbias.b1b                              3.63
x1.xbias.b2b                              3.63
x1.xbias.vbn1                          0.78773
x1.xbias.ga                             2.7406
x1.xbias.vbp2                          2.72163
x1.xbias.gb                        1.69136e-09
x1.vbn                                0.737289
x1.xbias.gc                               3.63
x1.vbp                                 2.75782
x1.xs1.nh                              1.30971
x1.y1                                        0
x1.y5                                        0
x1.xs1.nt                          1.42873e-12
x1.xs2.nh                                 3.63
x1.y2                                     3.63
x1.xs2.nt                          7.92722e-07
x1.xs3.nh                                 3.63
x1.y3                                        0
x1.xs3.nt                          4.18674e-18
x1.xs4.nh                                 3.63
x1.y4                                     3.63
x1.xs4.nt                          1.06311e-06
x1.xs5.nh                                 3.63
x1.xs5.nt                          4.52151e-18
x1.nb1                                    3.63
x1.nb2                             1.15839e-08
clk1                                      3.63
x1.xcdec1.c_moscap_int1                  -3.63
x1.xcdec2.c_moscap_int1                  -3.63
e.x1.xcdec2.ec_moscap#branch                 0
e.x1.xcdec1.ec_moscap#branch                 0
vs#branch                          6.59654e-05
vb2#branch                                   0
vb1#branch                                   0
vb0#branch                                   0
vc#branch                                    0
vdd#branch                        -6.59654e-05


No. of Data Rows : 2887
tp_b                =  5.12949e-07 targ=  1.79616e-06 trig=  1.28321e-06
i_b                 =  8.10698e-05 from=  1.26171e-06 to=  3.46971e-06
MCVCOPAIR_B tp=5.12949E-07 f=7.79804E+06 i=8.10698E-05
Note: Simulation executed from .control section 
