
Note: Compatibility modes selected: hs a

Warning: m=xx on .subckt line will override multiplier m hierarchy!


Circuit: * generated by simenv.sh -- do not edit; edit sim/vco-tuning-range/testbench/tb_vco_band_pair.sp instead

Doing analysis at TEMP = 125.000000 and TNOM = 27.000000

Using SPARSE 1.3 as Direct Linear Solver

Initial Transient Solution
--------------------------

Node                                   Voltage
----                                   -------
vdd                                       3.63
vc                                         2.7
nb0                                       3.63
nb1                                          0
nb2                                          0
nvs                                       3.63
x1.xbias.na                            1.14094
x1.xbias.vbpc                          2.51058
x1.xbias.nc                           0.189527
x1.xbias.xrcg.11                      0.189228
x1.xbias.xrcg.21                   0.000299259
x1.xbias.nsu                         0.0103196
x1.xbias.vfix                          1.95662
x1.xbias.nmd                          0.837337
x1.xbias.vbp0                          2.66195
x1.xbias.noff                         0.864592
x1.xbias.xroff.11                     0.864353
x1.xbias.xroff.21                  0.000238654
x1.xbias.nvi                           1.41043
x1.xbias.xrdeg.11                      1.41004
x1.xbias.xrdeg.21                  0.000389322
x1.xbias.b0b                       1.25523e-08
x1.xbias.b1b                              3.63
x1.xbias.b2b                              3.63
x1.xbias.vbn1                         0.866371
x1.xbias.ga                            2.66195
x1.xbias.vbp2                          2.64664
x1.xbias.gb                        1.54132e-09
x1.vbn                                0.789439
x1.xbias.gc                               3.63
x1.vbp                                  2.7057
x1.xs1.nh                              1.34786
x1.y1                                        0
x1.y5                                        0
x1.xs1.nt                          1.07234e-23
x1.xs2.nh                                 3.63
x1.y2                                     3.63
x1.xs2.nt                          7.72118e-07
x1.xs3.nh                                 3.63
x1.y3                                        0
x1.xs3.nt                         -4.75166e-44
x1.xs4.nh                                 3.63
x1.y4                                     3.63
x1.xs4.nt                          7.18631e-07
x1.xs5.nh                                 3.63
x1.xs5.nt                          1.35772e-52
x1.nb1                                    3.63
x1.nb2                             9.49041e-09
clk1                                      3.63
x1.xcdec1.c_moscap_int1                  -3.63
x1.xcdec2.c_moscap_int1                  -3.63
e.x1.xcdec2.ec_moscap#branch                 0
e.x1.xcdec1.ec_moscap#branch                 0
vs#branch                          0.000101674
vb2#branch                                   0
vb1#branch                                   0
vb0#branch                                   0
vc#branch                                    0
vdd#branch                        -0.000101674


No. of Data Rows : 2914
tp_a                =  2.72609e-07 targ=  8.86265e-07 trig=  6.13656e-07
i_a                 =  1.21785e-04 from=  5.86101e-07 to=  1.61178e-06
MCVCOPAIR_A tp=2.72609E-07 f=1.4673E+07 i=0.000121785
Doing analysis at TEMP = 125.000000 and TNOM = 27.000000

Using SPARSE 1.3 as Direct Linear Solver

Initial Transient Solution
--------------------------

Node                                   Voltage
----                                   -------
vdd                                       3.63
vc                                         0.9
nb0                                          0
nb1                                       3.63
nb2                                          0
nvs                                       3.63
x1.xbias.na                            1.14094
x1.xbias.vbpc                          2.51058
x1.xbias.nc                           0.189527
x1.xbias.xrcg.11                      0.189228
x1.xbias.xrcg.21                   0.000299259
x1.xbias.nsu                         0.0103196
x1.xbias.vfix                          1.95662
x1.xbias.nmd                          0.837337
x1.xbias.vbp0                          2.74135
x1.xbias.noff                         0.864714
x1.xbias.xroff.11                     0.864475
x1.xbias.xroff.21                  0.000238687
x1.xbias.nvi                          0.164401
x1.xbias.xrdeg.11                     0.164355
x1.xbias.xrdeg.21                  4.53797e-05
x1.xbias.b0b                              3.63
x1.xbias.b1b                       1.20245e-08
x1.xbias.b2b                              3.63
x1.xbias.vbn1                         0.745455
x1.xbias.ga                               3.63
x1.xbias.vbp2                          2.68216
x1.xbias.gb                           0.745455
x1.vbn                                 0.76403
x1.xbias.gc                               3.63
x1.vbp                                 2.73423
x1.xs1.nh                              1.32317
x1.y1                                        0
x1.y5                                        0
x1.xs1.nt                         -2.87793e-11
x1.xs2.nh                                 3.63
x1.y2                                     3.63
x1.xs2.nt                          9.45291e-07
x1.xs3.nh                                 3.63
x1.y3                                        0
x1.xs3.nt                          1.96897e-16
x1.xs4.nh                                 3.63
x1.y4                                     3.63
x1.xs4.nt                          8.85703e-07
x1.xs5.nh                                 3.63
x1.xs5.nt                          9.18034e-17
x1.nb1                                    3.63
x1.nb2                             9.49041e-09
clk1                                      3.63
x1.xcdec1.c_moscap_int1                  -3.63
x1.xcdec2.c_moscap_int1                  -3.63
e.x1.xcdec2.ec_moscap#branch                 0
e.x1.xcdec1.ec_moscap#branch                 0
vs#branch                          6.65378e-05
vb2#branch                                   0
vb1#branch                                   0
vb0#branch                                   0
vc#branch                                    0
vdd#branch                        -6.65378e-05


No. of Data Rows : 2949
tp_b                =  3.74511e-07 targ=  1.21815e-06 trig=  8.43638e-07
i_b                 =  8.40868e-05 from=  7.61269e-07 to=  2.09349e-06
MCVCOPAIR_B tp=3.74511E-07 f=1.06806E+07 i=8.40868E-05
Note: Simulation executed from .control section 
