
Note: Compatibility modes selected: hs a

Warning: m=xx on .subckt line will override multiplier m hierarchy!


Circuit: * generated by simenv.sh -- do not edit; edit sim/vco-tuning-range/testbench/tb_vco_band_pair.sp instead

Doing analysis at TEMP = 125.000000 and TNOM = 27.000000

Using SPARSE 1.3 as Direct Linear Solver

Initial Transient Solution
--------------------------

Node                                   Voltage
----                                   -------
vdd                                       3.63
vc                                         2.7
nb0                                       3.63
nb1                                       3.63
nb2                                          0
nvs                                       3.63
x1.xbias.na                            1.13256
x1.xbias.vbpc                          2.51846
x1.xbias.nc                           0.184617
x1.xbias.xrcg.11                      0.184325
x1.xbias.xrcg.21                   0.000291505
x1.xbias.nsu                         0.0104037
x1.xbias.vfix                          1.94673
x1.xbias.nmd                          0.827931
x1.xbias.vbp0                          2.66268
x1.xbias.noff                         0.858956
x1.xbias.xroff.11                     0.858719
x1.xbias.xroff.21                  0.000237098
x1.xbias.nvi                           1.41188
x1.xbias.xrdeg.11                      1.41149
x1.xbias.xrdeg.21                  0.000389722
x1.xbias.b0b                       1.31441e-08
x1.xbias.b1b                       1.32751e-08
x1.xbias.b2b                              3.63
x1.xbias.vbn1                         0.866837
x1.xbias.ga                            2.66268
x1.xbias.vbp2                          2.49183
x1.xbias.gb                           0.866837
x1.vbn                                0.894481
x1.xbias.gc                               3.63
x1.vbp                                 2.57645
x1.xs1.nh                               1.4585
x1.y1                                        0
x1.y5                                        0
x1.xs1.nt                          -1.6207e-16
x1.xs2.nh                                 3.63
x1.y2                                     3.63
x1.xs2.nt                          3.11067e-07
x1.xs3.nh                                 3.63
x1.y3                                        0
x1.xs3.nt                         -1.15052e-35
x1.xs4.nh                                 3.63
x1.y4                                     3.63
x1.xs4.nt                          4.10885e-07
x1.xs5.nh                                 3.63
x1.xs5.nt                          -2.2333e-35
x1.nb1                                    3.63
x1.nb2                             1.12694e-08
clk1                                      3.63
x1.xcdec1.c_moscap_int1                  -3.63
x1.xcdec2.c_moscap_int1                  -3.63
e.x1.xcdec2.ec_moscap#branch                 0
e.x1.xcdec1.ec_moscap#branch                 0
vs#branch                          0.000152779
vb2#branch                                   0
vb1#branch                                   0
vb0#branch                                   0
vc#branch                                    0
vdd#branch                        -0.000152779


No. of Data Rows : 2966
tp_a                =  9.14888e-08 targ=  3.20698e-07 trig=  2.29209e-07
i_a                 =  1.89208e-04 from=  2.08221e-07 to=  5.72608e-07
MCVCOPAIR_A tp=9.14888E-08 f=4.37212E+07 i=0.000189208
Doing analysis at TEMP = 125.000000 and TNOM = 27.000000

Using SPARSE 1.3 as Direct Linear Solver

Initial Transient Solution
--------------------------

Node                                   Voltage
----                                   -------
vdd                                       3.63
vc                                         0.9
nb0                                          0
nb1                                          0
nb2                                       3.63
nvs                                       3.63
x1.xbias.na                            1.13256
x1.xbias.vbpc                          2.51846
x1.xbias.nc                           0.184617
x1.xbias.xrcg.11                      0.184325
x1.xbias.xrcg.21                   0.000291505
x1.xbias.nsu                         0.0104037
x1.xbias.vfix                          1.94673
x1.xbias.nmd                          0.827931
x1.xbias.vbp0                          2.74224
x1.xbias.noff                         0.859078
x1.xbias.xroff.11                     0.858841
x1.xbias.xroff.21                  0.000237132
x1.xbias.nvi                          0.165489
x1.xbias.xrdeg.11                     0.165443
x1.xbias.xrdeg.21                    4.568e-05
x1.xbias.b0b                              3.63
x1.xbias.b1b                              3.63
x1.xbias.b2b                       1.30349e-08
x1.xbias.vbn1                         0.746277
x1.xbias.ga                               3.63
x1.xbias.vbp2                          2.76309
x1.xbias.gb                        1.53111e-09
x1.vbn                                0.872574
x1.xbias.gc                            2.76309
x1.vbp                                 2.60128
x1.xs1.nh                              1.43671
x1.y1                                        0
x1.y5                                        0
x1.xs1.nt                          8.11061e-18
x1.xs2.nh                                 3.63
x1.y2                                     3.63
x1.xs2.nt                          3.48117e-07
x1.xs3.nh                                 3.63
x1.y3                                        0
x1.xs3.nt                         -3.60712e-17
x1.xs4.nh                                 3.63
x1.y4                                     3.63
x1.xs4.nt                          4.60608e-07
x1.xs5.nh                                 3.63
x1.xs5.nt                         -3.05311e-17
x1.nb1                                    3.63
x1.nb2                             1.12694e-08
clk1                                      3.63
x1.xcdec1.c_moscap_int1                  -3.63
x1.xcdec2.c_moscap_int1                  -3.63
e.x1.xcdec2.ec_moscap#branch                 0
e.x1.xcdec1.ec_moscap#branch                 0
vs#branch                          9.29595e-05
vb2#branch                                   0
vb1#branch                                   0
vb0#branch                                   0
vc#branch                                    0
vdd#branch                        -9.29595e-05


No. of Data Rows : 2874
tp_b                =  1.10973e-07 targ=  3.88775e-07 trig=  2.77802e-07
i_b                 =  1.25080e-04 from=  2.63992e-07 to=  7.25977e-07
MCVCOPAIR_B tp=1.10973E-07 f=3.60448E+07 i=0.00012508
Note: Simulation executed from .control section 
