
Note: Compatibility modes selected: hs a

Warning: m=xx on .subckt line will override multiplier m hierarchy!


Circuit: * generated by simenv.sh -- do not edit; edit sim/vco-tuning-range/testbench/tb_vco_band_pair.sp instead

Doing analysis at TEMP = -40.000000 and TNOM = 27.000000

Using SPARSE 1.3 as Direct Linear Solver

Initial Transient Solution
--------------------------

Node                                   Voltage
----                                   -------
vdd                                       3.63
vc                                         2.7
nb0                                       3.63
nb1                                       3.63
nb2                                          0
nvs                                       3.63
x1.xbias.na                            1.05645
x1.xbias.vbpc                          2.51256
x1.xbias.nc                          0.0982547
x1.xbias.xrcg.11                      0.098041
x1.xbias.xrcg.21                    0.00021375
x1.xbias.nsu                          0.016729
x1.xbias.vfix                          2.13347
x1.xbias.nmd                          0.915976
x1.xbias.vbp0                          2.54636
x1.xbias.noff                         0.915835
x1.xbias.xroff.11                     0.915486
x1.xbias.xroff.21                  0.000348643
x1.xbias.nvi                           1.34382
x1.xbias.xrdeg.11                      1.34331
x1.xbias.xrdeg.21                   0.00051157
x1.xbias.b0b                       5.22112e-09
x1.xbias.b1b                        5.1833e-09
x1.xbias.b2b                              3.63
x1.xbias.vbn1                         0.960217
x1.xbias.ga                            2.54636
x1.xbias.vbp2                           2.4317
x1.xbias.gb                           0.960217
x1.vbn                                0.986994
x1.xbias.gc                               3.63
x1.vbp                                 2.47744
x1.xs1.nh                              1.54325
x1.y1                                        0
x1.y5                                        0
x1.xs1.nt                         -8.52188e-18
x1.xs2.nh                                 3.63
x1.y2                                     3.63
x1.xs2.nt                          2.22318e-13
x1.xs3.nh                                 3.63
x1.y3                                        0
x1.xs3.nt                          2.45234e-38
x1.xs4.nh                                 3.63
x1.y4                                     3.63
x1.xs4.nt                          5.59737e-13
x1.xs5.nh                                 3.63
x1.xs5.nt                          2.33617e-38
x1.nb1                                    3.63
x1.nb2                             3.62479e-09
clk1                                      3.63
x1.xcdec1.c_moscap_int1                  -3.63
x1.xcdec2.c_moscap_int1                  -3.63
e.x1.xcdec2.ec_moscap#branch                 0
e.x1.xcdec1.ec_moscap#branch                 0
vs#branch                          0.000112891
vb2#branch                                   0
vb1#branch                                   0
vb0#branch                                   0
vc#branch                                    0
vdd#branch                        -0.000112891


No. of Data Rows : 2891
tp_a                =  9.92161e-08 targ=  3.47669e-07 trig=  2.48452e-07
i_a                 =  1.44359e-04 from=  2.44424e-07 to=  6.72165e-07
MCVCOPAIR_A tp=9.92161E-08 f=4.03161E+07 i=0.000144359
Doing analysis at TEMP = -40.000000 and TNOM = 27.000000

Using SPARSE 1.3 as Direct Linear Solver

Initial Transient Solution
--------------------------

Node                                   Voltage
----                                   -------
vdd                                       3.63
vc                                         0.9
nb0                                          0
nb1                                          0
nb2                                       3.63
nvs                                       3.63
x1.xbias.na                            1.05645
x1.xbias.vbpc                          2.51256
x1.xbias.nc                          0.0982547
x1.xbias.xrcg.11                      0.098041
x1.xbias.xrcg.21                    0.00021375
x1.xbias.nsu                          0.016729
x1.xbias.vfix                          2.13347
x1.xbias.nmd                          0.915976
x1.xbias.vbp0                          2.59836
x1.xbias.noff                         0.915921
x1.xbias.xroff.11                     0.915573
x1.xbias.xroff.21                  0.000348676
x1.xbias.nvi                         0.0749533
x1.xbias.xrdeg.11                    0.0749247
x1.xbias.xrdeg.21                  2.85335e-05
x1.xbias.b0b                              3.63
x1.xbias.b1b                              3.63
x1.xbias.b2b                       5.23781e-09
x1.xbias.vbn1                         0.880975
x1.xbias.ga                               3.63
x1.xbias.vbp2                          2.61283
x1.xbias.gb                        1.45569e-16
x1.vbn                                 0.96507
x1.xbias.gc                            2.61283
x1.vbp                                 2.50295
x1.xs1.nh                               1.5205
x1.y1                                        0
x1.y5                                        0
x1.xs1.nt                          1.32042e-17
x1.xs2.nh                                 3.63
x1.y2                                     3.63
x1.xs2.nt                          2.69862e-13
x1.xs3.nh                                 3.63
x1.y3                                        0
x1.xs3.nt                          9.17281e-19
x1.xs4.nh                                 3.63
x1.y4                                     3.63
x1.xs4.nt                          6.72156e-13
x1.xs5.nh                                 3.63
x1.xs5.nt                         -3.82617e-19
x1.nb1                                    3.63
x1.nb2                             3.62479e-09
clk1                                      3.63
x1.xcdec1.c_moscap_int1                  -3.63
x1.xcdec2.c_moscap_int1                  -3.63
e.x1.xcdec2.ec_moscap#branch                 0
e.x1.xcdec1.ec_moscap#branch                 0
vs#branch                          6.13308e-05
vb2#branch                                   0
vb1#branch                                   0
vb0#branch                                   0
vc#branch                                    0
vdd#branch                        -6.13308e-05


No. of Data Rows : 2943
tp_b                =  1.32694e-07 targ=  4.64311e-07 trig=  3.31617e-07
i_b                 =  8.81968e-05 from=  3.29017e-07 to=  9.04797e-07
MCVCOPAIR_B tp=1.32693E-07 f=3.01447E+07 i=8.81968E-05
Note: Simulation executed from .control section 
