
Note: Compatibility modes selected: hs a

Warning: m=xx on .subckt line will override multiplier m hierarchy!


Circuit: * generated by simenv.sh -- do not edit; edit sim/vco-tuning-range/testbench/tb_vco_band_pair.sp instead

Doing analysis at TEMP = -40.000000 and TNOM = 27.000000

Using SPARSE 1.3 as Direct Linear Solver

Initial Transient Solution
--------------------------

Node                                   Voltage
----                                   -------
vdd                                       3.63
vc                                         2.7
nb0                                       3.63
nb1                                       3.63
nb2                                          0
nvs                                       3.63
x1.xbias.na                            1.02432
x1.xbias.vbpc                          2.52854
x1.xbias.nc                          0.0817557
x1.xbias.xrcg.11                     0.0815779
x1.xbias.xrcg.21                   0.000177857
x1.xbias.nsu                         0.0210841
x1.xbias.vfix                          2.09468
x1.xbias.nmd                          0.898989
x1.xbias.vbp0                          2.54615
x1.xbias.noff                         0.889734
x1.xbias.xroff.11                     0.889395
x1.xbias.xroff.21                  0.000338707
x1.xbias.nvi                            1.3449
x1.xbias.xrdeg.11                      1.34439
x1.xbias.xrdeg.21                  0.000511981
x1.xbias.b0b                       5.31484e-09
x1.xbias.b1b                       5.21684e-09
x1.xbias.b2b                              3.63
x1.xbias.vbn1                         0.953038
x1.xbias.ga                            2.54615
x1.xbias.vbp2                          2.43777
x1.xbias.gb                           0.953038
x1.vbn                                 0.98739
x1.xbias.gc                               3.63
x1.vbp                                 2.49927
x1.xs1.nh                              1.52329
x1.y1                                        0
x1.y5                                        0
x1.xs1.nt                          -6.9189e-18
x1.xs2.nh                                 3.63
x1.y2                                     3.63
x1.xs2.nt                          4.21548e-13
x1.xs3.nh                                 3.63
x1.y3                                        0
x1.xs3.nt                          -9.7891e-39
x1.xs4.nh                                 3.63
x1.y4                                     3.63
x1.xs4.nt                          4.55178e-13
x1.xs5.nh                                 3.63
x1.xs5.nt                         -1.27168e-38
x1.nb1                                    3.63
x1.nb2                             3.60941e-09
clk1                                      3.63
x1.xcdec1.c_moscap_int1                  -3.63
x1.xcdec2.c_moscap_int1                  -3.63
e.x1.xcdec2.ec_moscap#branch                 0
e.x1.xcdec1.ec_moscap#branch                 0
vs#branch                          0.000102796
vb2#branch                                   0
vb1#branch                                   0
vb0#branch                                   0
vc#branch                                    0
vdd#branch                        -0.000102796


No. of Data Rows : 2838
tp_a                =  1.18737e-07 targ=  3.86500e-07 trig=  2.67763e-07
i_a                 =  1.32501e-04 from=  2.44424e-07 to=  6.72165e-07
MCVCOPAIR_A tp=1.18737E-07 f=3.3688E+07 i=0.000132501
Doing analysis at TEMP = -40.000000 and TNOM = 27.000000

Using SPARSE 1.3 as Direct Linear Solver

Initial Transient Solution
--------------------------

Node                                   Voltage
----                                   -------
vdd                                       3.63
vc                                         0.9
nb0                                          0
nb1                                          0
nb2                                       3.63
nvs                                       3.63
x1.xbias.na                            1.02432
x1.xbias.vbpc                          2.52854
x1.xbias.nc                          0.0817557
x1.xbias.xrcg.11                     0.0815779
x1.xbias.xrcg.21                   0.000177857
x1.xbias.nsu                         0.0210841
x1.xbias.vfix                          2.09468
x1.xbias.nmd                          0.898989
x1.xbias.vbp0                          2.59878
x1.xbias.noff                         0.889822
x1.xbias.xroff.11                     0.889483
x1.xbias.xroff.21                   0.00033874
x1.xbias.nvi                         0.0756893
x1.xbias.xrdeg.11                    0.0756605
x1.xbias.xrdeg.21                  2.88137e-05
x1.xbias.b0b                              3.63
x1.xbias.b1b                              3.63
x1.xbias.b2b                       5.21177e-09
x1.xbias.vbn1                         0.872432
x1.xbias.ga                               3.63
x1.xbias.vbp2                          2.61699
x1.xbias.gb                        1.54639e-16
x1.vbn                                0.964996
x1.xbias.gc                            2.61699
x1.vbp                                 2.52492
x1.xs1.nh                              1.50052
x1.y1                                        0
x1.y5                                        0
x1.xs1.nt                          -4.8307e-18
x1.xs2.nh                                 3.63
x1.y2                                     3.63
x1.xs2.nt                          5.08648e-13
x1.xs3.nh                                 3.63
x1.y3                                        0
x1.xs3.nt                          1.66773e-97
x1.xs4.nh                                 3.63
x1.y4                                     3.63
x1.xs4.nt                          5.55776e-13
x1.xs5.nh                                 3.63
x1.xs5.nt                           1.5419e-97
x1.nb1                                    3.63
x1.nb2                             3.60941e-09
clk1                                      3.63
x1.xcdec1.c_moscap_int1                  -3.63
x1.xcdec2.c_moscap_int1                  -3.63
e.x1.xcdec2.ec_moscap#branch                 0
e.x1.xcdec1.ec_moscap#branch                 0
vs#branch                          5.30502e-05
vb2#branch                                   0
vb1#branch                                   0
vb0#branch                                   0
vc#branch                                    0
vdd#branch                        -5.30502e-05


No. of Data Rows : 2847
tp_b                =  1.63612e-07 targ=  5.32169e-07 trig=  3.68558e-07
i_b                 =  7.82153e-05 from=  3.29017e-07 to=  9.04797e-07
MCVCOPAIR_B tp=1.63612E-07 f=2.44481E+07 i=7.82153E-05
Note: Simulation executed from .control section 
