
Note: Compatibility modes selected: hs a

Warning: m=xx on .subckt line will override multiplier m hierarchy!


Circuit: * generated by simenv.sh -- do not edit; edit sim/vco-tuning-range/testbench/tb_vco_band_pair.sp instead

Doing analysis at TEMP = 125.000000 and TNOM = 27.000000

Using SPARSE 1.3 as Direct Linear Solver

Initial Transient Solution
--------------------------

Node                                   Voltage
----                                   -------
vdd                                       3.63
vc                                         2.7
nb0                                       3.63
nb1                                       3.63
nb2                                          0
nvs                                       3.63
x1.xbias.na                            1.09041
x1.xbias.vbpc                           2.7556
x1.xbias.nc                             0.1811
x1.xbias.xrcg.11                      0.180814
x1.xbias.xrcg.21                   0.000285953
x1.xbias.nsu                         0.0142875
x1.xbias.vfix                          1.85057
x1.xbias.nmd                          0.793601
x1.xbias.vbp0                          2.88638
x1.xbias.noff                         0.817209
x1.xbias.xroff.11                     0.816984
x1.xbias.xroff.21                  0.000225575
x1.xbias.nvi                           1.44225
x1.xbias.xrdeg.11                      1.44185
x1.xbias.xrdeg.21                  0.000398105
x1.xbias.b0b                         2.702e-07
x1.xbias.b1b                       3.49974e-07
x1.xbias.b2b                              3.63
x1.xbias.vbn1                         0.835018
x1.xbias.ga                            2.88638
x1.xbias.vbp2                          2.72964
x1.xbias.gb                           0.835018
x1.vbn                                0.860156
x1.xbias.gc                               3.63
x1.vbp                                 2.80892
x1.xs1.nh                              1.20145
x1.y1                                        0
x1.y5                                        0
x1.xs1.nt                          4.30257e-24
x1.xs2.nh                                 3.63
x1.y2                                     3.63
x1.xs2.nt                          8.60652e-07
x1.xs3.nh                                 3.63
x1.y3                                        0
x1.xs3.nt                          6.03267e-19
x1.xs4.nh                                 3.63
x1.y4                                     3.63
x1.xs4.nt                          5.34448e-07
x1.xs5.nh                                 3.63
x1.xs5.nt                         -7.25353e-27
x1.nb1                                    3.63
x1.nb2                             3.13342e-07
clk1                                      3.63
x1.xcdec1.c_moscap_int1                  -3.63
x1.xcdec2.c_moscap_int1                  -3.63
e.x1.xcdec2.ec_moscap#branch                 0
e.x1.xcdec1.ec_moscap#branch                 0
vs#branch                          0.000153271
vb2#branch                                   0
vb1#branch                                   0
vb0#branch                                   0
vc#branch                                    0
vdd#branch                        -0.000153271


No. of Data Rows : 2927
tp_a                =  9.83782e-08 targ=  3.19805e-07 trig=  2.21426e-07
i_a                 =  1.96530e-04 from=  2.20377e-07 to=  6.06038e-07
MCVCOPAIR_A tp=9.83783E-08 f=4.06594E+07 i=0.00019653
Doing analysis at TEMP = 125.000000 and TNOM = 27.000000

Using SPARSE 1.3 as Direct Linear Solver

Initial Transient Solution
--------------------------

Node                                   Voltage
----                                   -------
vdd                                       3.63
vc                                         0.9
nb0                                          0
nb1                                          0
nb2                                       3.63
nvs                                       3.63
x1.xbias.na                            1.09041
x1.xbias.vbpc                           2.7556
x1.xbias.nc                             0.1811
x1.xbias.xrcg.11                      0.180814
x1.xbias.xrcg.21                   0.000285953
x1.xbias.nsu                         0.0142875
x1.xbias.vfix                          1.85057
x1.xbias.nmd                          0.793601
x1.xbias.vbp0                          2.96316
x1.xbias.noff                         0.817325
x1.xbias.xroff.11                     0.817099
x1.xbias.xroff.21                  0.000225607
x1.xbias.nvi                          0.182586
x1.xbias.xrdeg.11                     0.182535
x1.xbias.xrdeg.21                  5.03993e-05
x1.xbias.b0b                              3.63
x1.xbias.b1b                              3.63
x1.xbias.b2b                       4.07048e-07
x1.xbias.vbn1                         0.715646
x1.xbias.ga                               3.63
x1.xbias.vbp2                          2.98394
x1.xbias.gb                        3.16648e-09
x1.vbn                                0.834552
x1.xbias.gc                            2.98394
x1.vbp                                 2.83629
x1.xs1.nh                              1.17727
x1.y1                                        0
x1.y5                                        0
x1.xs1.nt                          6.48506e-18
x1.xs2.nh                                 3.63
x1.y2                                     3.63
x1.xs2.nt                          9.82246e-07
x1.xs3.nh                                 3.63
x1.y3                                        0
x1.xs3.nt                          2.42473e-27
x1.xs4.nh                                 3.63
x1.y4                                     3.63
x1.xs4.nt                          6.12275e-07
x1.xs5.nh                                 3.63
x1.xs5.nt                          2.45463e-27
x1.nb1                                    3.63
x1.nb2                             3.13342e-07
clk1                                      3.63
x1.xcdec1.c_moscap_int1                  -3.63
x1.xcdec2.c_moscap_int1                  -3.63
e.x1.xcdec2.ec_moscap#branch                 0
e.x1.xcdec1.ec_moscap#branch                 0
vs#branch                          9.18228e-05
vb2#branch                                   0
vb1#branch                                   0
vb0#branch                                   0
vc#branch                                    0
vdd#branch                        -9.18228e-05


No. of Data Rows : 2910
tp_b                =  1.23255e-07 targ=  4.31801e-07 trig=  3.08546e-07
i_b                 =  1.29876e-04 from=  2.79453e-07 to=  7.68497e-07
MCVCOPAIR_B tp=1.23255E-07 f=3.2453E+07 i=0.000129876
Note: Simulation executed from .control section 
