
Note: Compatibility modes selected: hs a

Warning: m=xx on .subckt line will override multiplier m hierarchy!


Circuit: * generated by simenv.sh -- do not edit; edit sim/vco-tuning-range/testbench/tb_vco_band_pair.sp instead

Doing analysis at TEMP = 125.000000 and TNOM = 27.000000

Using SPARSE 1.3 as Direct Linear Solver

Initial Transient Solution
--------------------------

Node                                   Voltage
----                                   -------
vdd                                       3.63
vc                                         2.7
nb0                                       3.63
nb1                                       3.63
nb2                                          0
nvs                                       3.63
x1.xbias.na                            1.11788
x1.xbias.vbpc                          2.52442
x1.xbias.nc                           0.178231
x1.xbias.xrcg.11                      0.177949
x1.xbias.xrcg.21                   0.000281422
x1.xbias.nsu                         0.0107713
x1.xbias.vfix                          1.93718
x1.xbias.nmd                          0.824324
x1.xbias.vbp0                          2.66308
x1.xbias.noff                         0.853144
x1.xbias.xroff.11                     0.852908
x1.xbias.xroff.21                  0.000235494
x1.xbias.nvi                           1.40939
x1.xbias.xrdeg.11                        1.409
x1.xbias.xrdeg.21                  0.000389034
x1.xbias.b0b                       1.38463e-08
x1.xbias.b1b                       1.34416e-08
x1.xbias.b2b                              3.63
x1.xbias.vbn1                         0.868346
x1.xbias.ga                            2.66308
x1.xbias.vbp2                          2.49334
x1.xbias.gb                           0.868346
x1.vbn                                0.889259
x1.xbias.gc                               3.63
x1.vbp                                 2.59464
x1.xs1.nh                              1.45131
x1.y1                                        0
x1.y5                                        0
x1.xs1.nt                         -1.59027e-17
x1.xs2.nh                                 3.63
x1.y2                                     3.63
x1.xs2.nt                          3.61814e-07
x1.xs3.nh                                 3.63
x1.y3                                        0
x1.xs3.nt                         -6.93176e-27
x1.xs4.nh                                 3.63
x1.y4                                     3.63
x1.xs4.nt                          3.41897e-07
x1.xs5.nh                                 3.63
x1.xs5.nt                          1.06472e-26
x1.nb1                                    3.63
x1.nb2                             9.84235e-09
clk1                                      3.63
x1.xcdec1.c_moscap_int1                  -3.63
x1.xcdec2.c_moscap_int1                  -3.63
e.x1.xcdec2.ec_moscap#branch                 0
e.x1.xcdec1.ec_moscap#branch                 0
vs#branch                           0.00014787
vb2#branch                                   0
vb1#branch                                   0
vb0#branch                                   0
vc#branch                                    0
vdd#branch                         -0.00014787


No. of Data Rows : 2922
tp_a                =  9.98694e-08 targ=  3.24757e-07 trig=  2.24887e-07
i_a                 =  1.82147e-04 from=  2.08221e-07 to=  5.72608e-07
MCVCOPAIR_A tp=9.98694E-08 f=4.00523E+07 i=0.000182147
Doing analysis at TEMP = 125.000000 and TNOM = 27.000000

Using SPARSE 1.3 as Direct Linear Solver

Initial Transient Solution
--------------------------

Node                                   Voltage
----                                   -------
vdd                                       3.63
vc                                         0.9
nb0                                          0
nb1                                          0
nb2                                       3.63
nvs                                       3.63
x1.xbias.na                            1.11788
x1.xbias.vbpc                          2.52442
x1.xbias.nc                           0.178231
x1.xbias.xrcg.11                      0.177949
x1.xbias.xrcg.21                   0.000281422
x1.xbias.nsu                         0.0107713
x1.xbias.vfix                          1.93718
x1.xbias.nmd                          0.824324
x1.xbias.vbp0                          2.74289
x1.xbias.noff                         0.853266
x1.xbias.xroff.11                     0.853031
x1.xbias.xroff.21                  0.000235528
x1.xbias.nvi                          0.163552
x1.xbias.xrdeg.11                     0.163507
x1.xbias.xrdeg.21                  4.51454e-05
x1.xbias.b0b                              3.63
x1.xbias.b1b                              3.63
x1.xbias.b2b                       1.31063e-08
x1.xbias.vbn1                         0.747191
x1.xbias.ga                               3.63
x1.xbias.vbp2                          2.76224
x1.xbias.gb                        1.57378e-09
x1.vbn                                0.867002
x1.xbias.gc                            2.76224
x1.vbp                                 2.61984
x1.xs1.nh                              1.42918
x1.y1                                        0
x1.y5                                        0
x1.xs1.nt                         -6.31267e-18
x1.xs2.nh                                 3.63
x1.y2                                     3.63
x1.xs2.nt                          4.07949e-07
x1.xs3.nh                                 3.63
x1.y3                                        0
x1.xs3.nt                         -3.04383e-17
x1.xs4.nh                                 3.63
x1.y4                                     3.63
x1.xs4.nt                           3.8342e-07
x1.xs5.nh                                 3.63
x1.xs5.nt                         -3.10147e-17
x1.nb1                                    3.63
x1.nb2                             9.84235e-09
clk1                                      3.63
x1.xcdec1.c_moscap_int1                  -3.63
x1.xcdec2.c_moscap_int1                  -3.63
e.x1.xcdec2.ec_moscap#branch                 0
e.x1.xcdec1.ec_moscap#branch                 0
vs#branch                          8.83287e-05
vb2#branch                                   0
vb1#branch                                   0
vb0#branch                                   0
vc#branch                                    0
vdd#branch                        -8.83287e-05


No. of Data Rows : 2862
tp_b                =  1.22300e-07 targ=  3.98017e-07 trig=  2.75718e-07
i_b                 =  1.19581e-04 from=  2.63992e-07 to=  7.25977e-07
MCVCOPAIR_B tp=1.22299E-07 f=3.27066E+07 i=0.000119581
Note: Simulation executed from .control section 
