
Note: Compatibility modes selected: hs a

Warning: m=xx on .subckt line will override multiplier m hierarchy!


Circuit: * generated by simenv.sh -- do not edit; edit sim/vco-tuning-range/testbench/tb_vco_band_pair.sp instead

Doing analysis at TEMP = 125.000000 and TNOM = 27.000000

Using SPARSE 1.3 as Direct Linear Solver

Initial Transient Solution
--------------------------

Node                                   Voltage
----                                   -------
vdd                                       3.63
vc                                         2.7
nb0                                       3.63
nb1                                       3.63
nb2                                          0
nvs                                       3.63
x1.xbias.na                           0.883532
x1.xbias.vbpc                          2.57536
x1.xbias.nc                            0.16292
x1.xbias.xrcg.11                      0.162663
x1.xbias.xrcg.21                   0.000257246
x1.xbias.nsu                         0.0114697
x1.xbias.vfix                          1.45731
x1.xbias.nmd                          0.626493
x1.xbias.vbp0                          2.70076
x1.xbias.noff                         0.663926
x1.xbias.xroff.11                     0.663742
x1.xbias.xroff.21                  0.000183264
x1.xbias.nvi                           1.58851
x1.xbias.xrdeg.11                      1.58807
x1.xbias.xrdeg.21                  0.000438478
x1.xbias.b0b                       1.45932e-08
x1.xbias.b1b                       1.32973e-08
x1.xbias.b2b                              3.63
x1.xbias.vbn1                         0.668395
x1.xbias.ga                            2.70076
x1.xbias.vbp2                          2.53104
x1.xbias.gb                           0.668395
x1.vbn                                0.693335
x1.xbias.gc                               3.63
x1.vbp                                 2.61781
x1.xs1.nh                              1.40605
x1.y1                                        0
x1.y5                                        0
x1.xs1.nt                         -1.34232e-27
x1.xs2.nh                                 3.63
x1.y2                                     3.63
x1.xs2.nt                          2.12606e-05
x1.xs3.nh                                 3.63
x1.y3                                        0
x1.xs3.nt                          1.15873e-43
x1.xs4.nh                                 3.63
x1.y4                                     3.63
x1.xs4.nt                          1.47449e-05
x1.xs5.nh                                 3.63
x1.xs5.nt                         -5.74312e-44
x1.nb1                                 3.62999
x1.nb2                             1.42847e-08
clk1                                      3.63
x1.xcdec1.c_moscap_int1                  -3.63
x1.xcdec2.c_moscap_int1                  -3.63
e.x1.xcdec2.ec_moscap#branch                 0
e.x1.xcdec1.ec_moscap#branch                 0
vs#branch                          0.000149588
vb2#branch                                   0
vb1#branch                                   0
vb0#branch                                   0
vc#branch                                    0
vdd#branch                        -0.000149588


No. of Data Rows : 2943
tp_a                =  9.53621e-08 targ=  3.10529e-07 trig=  2.15167e-07
i_a                 =  1.94613e-04 from=  2.12652e-07 to=  5.84794e-07
MCVCOPAIR_A tp=9.53621E-08 f=4.19454E+07 i=0.000194613
Doing analysis at TEMP = 125.000000 and TNOM = 27.000000

Using SPARSE 1.3 as Direct Linear Solver

Initial Transient Solution
--------------------------

Node                                   Voltage
----                                   -------
vdd                                       3.63
vc                                         0.9
nb0                                          0
nb1                                          0
nb2                                       3.63
nvs                                       3.63
x1.xbias.na                           0.883532
x1.xbias.vbpc                          2.57536
x1.xbias.nc                            0.16292
x1.xbias.xrcg.11                      0.162663
x1.xbias.xrcg.21                   0.000257246
x1.xbias.nsu                         0.0114697
x1.xbias.vfix                          1.45731
x1.xbias.nmd                          0.626493
x1.xbias.vbp0                          2.78478
x1.xbias.noff                         0.664055
x1.xbias.xroff.11                     0.663871
x1.xbias.xroff.21                  0.000183299
x1.xbias.nvi                          0.286075
x1.xbias.xrdeg.11                     0.285996
x1.xbias.xrdeg.21                  7.89653e-05
x1.xbias.b0b                              3.63
x1.xbias.b1b                              3.63
x1.xbias.b2b                       1.21939e-08
x1.xbias.vbn1                         0.549297
x1.xbias.ga                               3.63
x1.xbias.vbp2                          2.80363
x1.xbias.gb                        7.25734e-08
x1.vbn                                0.663687
x1.xbias.gc                            2.80363
x1.vbp                                 2.65338
x1.xs1.nh                              1.37471
x1.y1                                        0
x1.y5                                        0
x1.xs1.nt                          1.09809e-17
x1.xs2.nh                                 3.63
x1.y2                                     3.63
x1.xs2.nt                          2.51719e-05
x1.xs3.nh                                 3.63
x1.y3                                        0
x1.xs3.nt                           7.9577e-36
x1.xs4.nh                                 3.63
x1.y4                                     3.63
x1.xs4.nt                          1.73717e-05
x1.xs5.nh                                 3.63
x1.xs5.nt                         -7.87453e-36
x1.nb1                                 3.62999
x1.nb2                             1.42847e-08
clk1                                      3.63
x1.xcdec1.c_moscap_int1                  -3.63
x1.xcdec2.c_moscap_int1                  -3.63
e.x1.xcdec2.ec_moscap#branch                 0
e.x1.xcdec1.ec_moscap#branch                 0
vs#branch                           8.4877e-05
vb2#branch                                   0
vb1#branch                                   0
vb0#branch                                   0
vc#branch                                    0
vdd#branch                         -8.4877e-05


No. of Data Rows : 2878
tp_b                =  1.26618e-07 targ=  4.43810e-07 trig=  3.17191e-07
i_b                 =  1.22058e-04 from=  2.85846e-07 to=  7.86076e-07
MCVCOPAIR_B tp=1.26618E-07 f=3.1591E+07 i=0.000122058
Note: Simulation executed from .control section 
