
Note: Compatibility modes selected: hs a

Warning: m=xx on .subckt line will override multiplier m hierarchy!


Circuit: * generated by simenv.sh -- do not edit; edit sim/vco-tuning-range/testbench/tb_vco_band_pair.sp instead

Doing analysis at TEMP = 125.000000 and TNOM = 27.000000

Using SPARSE 1.3 as Direct Linear Solver

Initial Transient Solution
--------------------------

Node                                   Voltage
----                                   -------
vdd                                       2.97
vc                                         2.7
nb0                                       2.97
nb1                                       2.97
nb2                                          0
nvs                                       2.97
x1.xbias.na                            1.16282
x1.xbias.vbpc                          1.84349
x1.xbias.nc                           0.198648
x1.xbias.xrcg.11                      0.198335
x1.xbias.xrcg.21                    0.00031366
x1.xbias.nsu                        0.00561639
x1.xbias.vfix                          1.97269
x1.xbias.nmd                          0.843226
x1.xbias.vbp0                          2.00134
x1.xbias.noff                         0.877058
x1.xbias.xroff.11                     0.876816
x1.xbias.xroff.21                  0.000242095
x1.xbias.nvi                           1.41101
x1.xbias.xrdeg.11                      1.41062
x1.xbias.xrdeg.21                  0.000389483
x1.xbias.b0b                       1.11013e-08
x1.xbias.b1b                       1.14131e-08
x1.xbias.b2b                              2.97
x1.xbias.vbn1                         0.863611
x1.xbias.ga                            2.00134
x1.xbias.vbp2                          1.84233
x1.xbias.gb                           0.863611
x1.vbn                                0.885763
x1.xbias.gc                               2.97
x1.vbp                                 1.93424
x1.xs1.nh                              1.35392
x1.y1                                        0
x1.y5                                        0
x1.xs1.nt                          4.92758e-25
x1.xs2.nh                                 2.97
x1.y2                                     2.97
x1.xs2.nt                          3.33772e-07
x1.xs3.nh                                 2.97
x1.y3                                        0
x1.xs3.nt                          5.84866e-52
x1.xs4.nh                                 2.97
x1.y4                                     2.97
x1.xs4.nt                          3.39237e-07
x1.xs5.nh                              2.97001
x1.xs5.nt                           1.4235e-43
x1.nb1                                    2.97
x1.nb2                             8.54606e-09
clk1                                      2.97
x1.xcdec1.c_moscap_int1                  -2.97
x1.xcdec2.c_moscap_int1                  -2.97
e.x1.xcdec2.ec_moscap#branch                 0
e.x1.xcdec1.ec_moscap#branch                 0
vs#branch                          0.000147705
vb2#branch                                   0
vb1#branch                                   0
vb0#branch                                   0
vc#branch                                    0
vdd#branch                        -0.000147705


No. of Data Rows : 2896
tp_a                =  6.93292e-08 targ=  2.26038e-07 trig=  1.56709e-07
i_a                 =  1.76539e-04 from=  1.52378e-07 to=  4.19040e-07
MCVCOPAIR_A tp=6.93292E-08 f=5.76958E+07 i=0.000176539
Doing analysis at TEMP = 125.000000 and TNOM = 27.000000

Using SPARSE 1.3 as Direct Linear Solver

Initial Transient Solution
--------------------------

Node                                   Voltage
----                                   -------
vdd                                       2.97
vc                                         0.9
nb0                                          0
nb1                                          0
nb2                                       2.97
nvs                                       2.97
x1.xbias.na                            1.16282
x1.xbias.vbpc                          1.84349
x1.xbias.nc                           0.198648
x1.xbias.xrcg.11                      0.198335
x1.xbias.xrcg.21                    0.00031366
x1.xbias.nsu                        0.00561639
x1.xbias.vfix                          1.97269
x1.xbias.nmd                          0.843226
x1.xbias.vbp0                          2.08032
x1.xbias.noff                         0.877193
x1.xbias.xroff.11                     0.876951
x1.xbias.xroff.21                  0.000242132
x1.xbias.nvi                          0.164733
x1.xbias.xrdeg.11                     0.164688
x1.xbias.xrdeg.21                  4.54714e-05
x1.xbias.b0b                              2.97
x1.xbias.b1b                              2.97
x1.xbias.b2b                       1.09399e-08
x1.xbias.vbn1                          0.74442
x1.xbias.ga                               2.97
x1.xbias.vbp2                          2.11179
x1.xbias.gb                         2.0186e-09
x1.vbn                                  0.8585
x1.xbias.gc                            2.11179
x1.vbp                                 1.96515
x1.xs1.nh                              1.32756
x1.y1                                        0
x1.y5                                        0
x1.xs1.nt                         -6.96953e-12
x1.xs2.nh                                 2.97
x1.y2                                     2.97
x1.xs2.nt                          3.84589e-07
x1.xs3.nh                                 2.97
x1.y3                                        0
x1.xs3.nt                          6.61869e-19
x1.xs4.nh                                 2.97
x1.y4                                     2.97
x1.xs4.nt                          3.92543e-07
x1.xs5.nh                                 2.97
x1.xs5.nt                           6.0374e-18
x1.nb1                                    2.97
x1.nb2                             8.54606e-09
clk1                                      2.97
x1.xcdec1.c_moscap_int1                  -2.97
x1.xcdec2.c_moscap_int1                  -2.97
e.x1.xcdec2.ec_moscap#branch                 0
e.x1.xcdec1.ec_moscap#branch                 0
vs#branch                          8.79172e-05
vb2#branch                                   0
vb1#branch                                   0
vb0#branch                                   0
vc#branch                                    0
vdd#branch                        -8.79172e-05


No. of Data Rows : 2900
tp_b                =  9.02223e-08 targ=  2.93967e-07 trig=  2.03745e-07
i_b                 =  1.12309e-04 from=  1.99569e-07 to=  5.48815e-07
MCVCOPAIR_B tp=9.02223E-08 f=4.43349E+07 i=0.000112309
Note: Simulation executed from .control section 
