
Note: Compatibility modes selected: hs a

Warning: m=xx on .subckt line will override multiplier m hierarchy!


Circuit: * generated by simenv.sh -- do not edit; edit sim/vco-tuning-range/testbench/tb_vco_band_pair.sp instead

Doing analysis at TEMP = 125.000000 and TNOM = 27.000000

Using SPARSE 1.3 as Direct Linear Solver

Initial Transient Solution
--------------------------

Node                                   Voltage
----                                   -------
vdd                                       3.63
vc                                         2.7
nb0                                          0
nb1                                       3.63
nb2                                       3.63
nvs                                       3.63
x1.xbias.na                            1.10209
x1.xbias.vbpc                          2.53006
x1.xbias.nc                           0.170684
x1.xbias.xrcg.11                      0.170415
x1.xbias.xrcg.21                   0.000269506
x1.xbias.nsu                          0.011145
x1.xbias.vfix                          1.92907
x1.xbias.nmd                          0.826139
x1.xbias.vbp0                          2.66283
x1.xbias.noff                         0.846948
x1.xbias.xroff.11                     0.846714
x1.xbias.xroff.21                  0.000233784
x1.xbias.nvi                           1.40867
x1.xbias.xrdeg.11                      1.40828
x1.xbias.xrdeg.21                  0.000388836
x1.xbias.b0b                              3.63
x1.xbias.b1b                       1.24929e-08
x1.xbias.b2b                       1.26547e-08
x1.xbias.vbn1                         0.818979
x1.xbias.ga                               3.63
x1.xbias.vbp2                          2.57102
x1.xbias.gb                           0.818979
x1.vbn                                 1.18284
x1.xbias.gc                            2.57102
x1.vbp                                 2.26919
x1.xs1.nh                              1.73772
x1.y1                                        0
x1.y5                                        0
x1.xs1.nt                         -1.54011e-14
x1.xs2.nh                                 3.63
x1.y2                                     3.63
x1.xs2.nt                          1.14719e-07
x1.xs3.nh                                 3.63
x1.y3                                        0
x1.xs3.nt                         -1.64678e-17
x1.xs4.nh                                 3.63
x1.y4                                     3.63
x1.xs4.nt                          1.94535e-07
x1.xs5.nh                                 3.63
x1.xs5.nt                         -1.90225e-17
x1.nb1                                    3.63
x1.nb2                             1.04943e-08
clk1                                      3.63
x1.xcdec1.c_moscap_int1                  -3.63
x1.xcdec2.c_moscap_int1                  -3.63
e.x1.xcdec2.ec_moscap#branch                 0
e.x1.xcdec1.ec_moscap#branch                 0
vs#branch                          0.000316082
vb2#branch                                   0
vb1#branch                                   0
vb0#branch                                   0
vc#branch                                    0
vdd#branch                        -0.000316082


No. of Data Rows : 2814
tp_a                =  1.69125e-08 targ=  5.53878e-08 trig=  3.84753e-08
i_a                 =  4.36643e-04 from=  3.75158e-08 to=  1.03169e-07
MCVCOPAIR_A tp=1.69125E-08 f=2.36512E+08 i=0.000436643
Doing analysis at TEMP = 125.000000 and TNOM = 27.000000

Using SPARSE 1.3 as Direct Linear Solver

Initial Transient Solution
--------------------------

Node                                   Voltage
----                                   -------
vdd                                       3.63
vc                                         0.9
nb0                                       3.63
nb1                                       3.63
nb2                                       3.63
nvs                                       3.63
x1.xbias.na                            1.10209
x1.xbias.vbpc                          2.53006
x1.xbias.nc                           0.170684
x1.xbias.xrcg.11                      0.170415
x1.xbias.xrcg.21                   0.000269506
x1.xbias.nsu                          0.011145
x1.xbias.vfix                          1.92907
x1.xbias.nmd                          0.826139
x1.xbias.vbp0                           2.7429
x1.xbias.noff                         0.847071
x1.xbias.xroff.11                     0.846837
x1.xbias.xroff.21                  0.000233817
x1.xbias.nvi                          0.163037
x1.xbias.xrdeg.11                     0.162992
x1.xbias.xrdeg.21                  4.50032e-05
x1.xbias.b0b                       1.30195e-08
x1.xbias.b1b                       1.24929e-08
x1.xbias.b2b                       1.26547e-08
x1.xbias.vbn1                         0.791049
x1.xbias.ga                             2.7429
x1.xbias.vbp2                          2.61281
x1.xbias.gb                           0.791049
x1.vbn                                 1.10732
x1.xbias.gc                            2.61281
x1.vbp                                 2.35207
x1.xs1.nh                              1.66388
x1.y1                                        0
x1.y5                                        0
x1.xs1.nt                          2.69022e-17
x1.xs2.nh                                 3.63
x1.y2                                     3.63
x1.xs2.nt                          1.34962e-07
x1.xs3.nh                                 3.63
x1.y3                                        0
x1.xs3.nt                          5.58582e-17
x1.xs4.nh                                 3.63
x1.y4                                     3.63
x1.xs4.nt                           2.2919e-07
x1.xs5.nh                                 3.63
x1.xs5.nt                          6.41368e-17
x1.nb1                                    3.63
x1.nb2                             1.04943e-08
clk1                                      3.63
x1.xcdec1.c_moscap_int1                  -3.63
x1.xcdec2.c_moscap_int1                  -3.63
e.x1.xcdec2.ec_moscap#branch                 0
e.x1.xcdec1.ec_moscap#branch                 0
vs#branch                           0.00023598
vb2#branch                                   0
vb1#branch                                   0
vb0#branch                                   0
vc#branch                                    0
vdd#branch                         -0.00023598


No. of Data Rows : 2845
tp_b                =  2.36434e-08 targ=  7.72893e-08 trig=  5.36459e-08
i_b                 =  3.28918e-04 from=  5.13940e-08 to=  1.41334e-07
MCVCOPAIR_B tp=2.36434E-08 f=1.6918E+08 i=0.000328918
Note: Simulation executed from .control section 
