
Note: Compatibility modes selected: hs a

Warning: m=xx on .subckt line will override multiplier m hierarchy!


Circuit: * generated by simenv.sh -- do not edit; edit sim/vco-tuning-range/testbench/tb_vco_band_pair.sp instead

Doing analysis at TEMP = 125.000000 and TNOM = 27.000000

Using SPARSE 1.3 as Direct Linear Solver

Initial Transient Solution
--------------------------

Node                                   Voltage
----                                   -------
vdd                                       3.63
vc                                         2.7
nb0                                       3.63
nb1                                       3.63
nb2                                          0
nvs                                       3.63
x1.xbias.na                            0.96592
x1.xbias.vbpc                          2.67823
x1.xbias.nc                           0.159549
x1.xbias.xrcg.11                      0.159297
x1.xbias.xrcg.21                   0.000251923
x1.xbias.nsu                          0.013562
x1.xbias.vfix                          1.65321
x1.xbias.nmd                          0.708686
x1.xbias.vbp0                          2.79284
x1.xbias.noff                         0.741906
x1.xbias.xroff.11                     0.741702
x1.xbias.xroff.21                  0.000204789
x1.xbias.nvi                           1.51236
x1.xbias.xrdeg.11                      1.51195
x1.xbias.xrdeg.21                  0.000417459
x1.xbias.b0b                       5.83714e-08
x1.xbias.b1b                       4.33424e-08
x1.xbias.b2b                              3.63
x1.xbias.vbn1                         0.752726
x1.xbias.ga                            2.79284
x1.xbias.vbp2                          2.62481
x1.xbias.gb                           0.752726
x1.vbn                                0.784037
x1.xbias.gc                               3.63
x1.vbp                                 2.70083
x1.xs1.nh                              1.31608
x1.y1                                        0
x1.y5                                        0
x1.xs1.nt                          1.28506e-18
x1.xs2.nh                                 3.63
x1.y2                                     3.63
x1.xs2.nt                          3.54177e-06
x1.xs3.nh                                 3.63
x1.y3                                        0
x1.xs3.nt                          1.66358e-43
x1.xs4.nh                                 3.63
x1.y4                                     3.63
x1.xs4.nt                          3.98541e-06
x1.xs5.nh                                 3.63
x1.xs5.nt                         -1.48052e-43
x1.nb1                                    3.63
x1.nb2                             4.57078e-08
clk1                                      3.63
x1.xcdec1.c_moscap_int1                  -3.63
x1.xcdec2.c_moscap_int1                  -3.63
e.x1.xcdec2.ec_moscap#branch                 0
e.x1.xcdec1.ec_moscap#branch                 0
vs#branch                          0.000153288
vb2#branch                                   0
vb1#branch                                   0
vb0#branch                                   0
vc#branch                                    0
vdd#branch                        -0.000153288


No. of Data Rows : 2867
tp_a                =  9.12401e-08 targ=  3.19495e-07 trig=  2.28255e-07
i_a                 =  1.98137e-04 from=  2.16968e-07 to=  5.96662e-07
MCVCOPAIR_A tp=9.12401E-08 f=4.38404E+07 i=0.000198137
Doing analysis at TEMP = 125.000000 and TNOM = 27.000000

Using SPARSE 1.3 as Direct Linear Solver

Initial Transient Solution
--------------------------

Node                                   Voltage
----                                   -------
vdd                                       3.63
vc                                         0.9
nb0                                          0
nb1                                          0
nb2                                       3.63
nvs                                       3.63
x1.xbias.na                            0.96592
x1.xbias.vbpc                          2.67823
x1.xbias.nc                           0.159549
x1.xbias.xrcg.11                      0.159297
x1.xbias.xrcg.21                   0.000251923
x1.xbias.nsu                          0.013562
x1.xbias.vfix                          1.65321
x1.xbias.nmd                          0.708686
x1.xbias.vbp0                          2.87325
x1.xbias.noff                         0.742029
x1.xbias.xroff.11                     0.741824
x1.xbias.xroff.21                  0.000204823
x1.xbias.nvi                          0.231106
x1.xbias.xrdeg.11                     0.231042
x1.xbias.xrdeg.21                  6.37923e-05
x1.xbias.b0b                              3.63
x1.xbias.b1b                              3.63
x1.xbias.b2b                       5.28778e-08
x1.xbias.vbn1                         0.633132
x1.xbias.ga                               3.63
x1.xbias.vbp2                          2.89357
x1.xbias.gb                        1.26024e-08
x1.vbn                                0.754494
x1.xbias.gc                            2.89357
x1.vbp                                 2.73432
x1.xs1.nh                              1.28649
x1.y1                                        0
x1.y5                                        0
x1.xs1.nt                         -2.73779e-17
x1.xs2.nh                                 3.63
x1.y2                                     3.63
x1.xs2.nt                          4.13108e-06
x1.xs3.nh                                 3.63
x1.y3                                        0
x1.xs3.nt                         -9.99854e-36
x1.xs4.nh                                 3.63
x1.y4                                     3.63
x1.xs4.nt                          4.66063e-06
x1.xs5.nh                                 3.63
x1.xs5.nt                          9.78422e-36
x1.nb1                                    3.63
x1.nb2                             4.57078e-08
clk1                                      3.63
x1.xcdec1.c_moscap_int1                  -3.63
x1.xcdec2.c_moscap_int1                  -3.63
e.x1.xcdec2.ec_moscap#branch                 0
e.x1.xcdec1.ec_moscap#branch                 0
vs#branch                          8.82411e-05
vb2#branch                                   0
vb1#branch                                   0
vb0#branch                                   0
vc#branch                                    0
vdd#branch                        -8.82411e-05


No. of Data Rows : 2870
tp_b                =  1.19029e-07 targ=  4.16826e-07 trig=  2.97797e-07
i_b                 =  1.26831e-04 from=  2.83488e-07 to=  7.79593e-07
MCVCOPAIR_B tp=1.19029E-07 f=3.36053E+07 i=0.000126831
Note: Simulation executed from .control section 
