
Note: Compatibility modes selected: hs a

Warning: m=xx on .subckt line will override multiplier m hierarchy!


Circuit: * generated by simenv.sh -- do not edit; edit sim/vco-tuning-range/testbench/tb_vco_band_pair.sp instead

Doing analysis at TEMP = 125.000000 and TNOM = 27.000000

Using SPARSE 1.3 as Direct Linear Solver

Initial Transient Solution
--------------------------

Node                                   Voltage
----                                   -------
vdd                                       3.63
vc                                         2.7
nb0                                       3.63
nb1                                       3.63
nb2                                          0
nvs                                       3.63
x1.xbias.na                           0.860833
x1.xbias.vbpc                          2.58968
x1.xbias.nc                            0.15031
x1.xbias.xrcg.11                      0.150072
x1.xbias.xrcg.21                   0.000237335
x1.xbias.nsu                         0.0121694
x1.xbias.vfix                          1.42574
x1.xbias.nmd                          0.617906
x1.xbias.vbp0                          2.70006
x1.xbias.noff                         0.642917
x1.xbias.xroff.11                      0.64274
x1.xbias.xroff.21                  0.000177465
x1.xbias.nvi                           1.58645
x1.xbias.xrdeg.11                      1.58601
x1.xbias.xrdeg.21                  0.000437909
x1.xbias.b0b                       1.31094e-08
x1.xbias.b1b                       1.34211e-08
x1.xbias.b2b                              3.63
x1.xbias.vbn1                         0.664974
x1.xbias.ga                            2.70006
x1.xbias.vbp2                          2.53926
x1.xbias.gb                           0.664974
x1.vbn                                0.687009
x1.xbias.gc                               3.63
x1.vbp                                 2.61993
x1.xs1.nh                              1.41167
x1.y1                                        0
x1.y5                                        0
x1.xs1.nt                         -8.30582e-18
x1.xs2.nh                                 3.63
x1.y2                                     3.63
x1.xs2.nt                          2.22068e-05
x1.xs3.nh                                 3.63
x1.y3                                        0
x1.xs3.nt                          2.37478e-35
x1.xs4.nh                                 3.63
x1.y4                                     3.63
x1.xs4.nt                           2.2613e-05
x1.xs5.nh                                 3.63
x1.xs5.nt                         -4.33437e-27
x1.nb1                                    3.63
x1.nb2                             1.25858e-08
clk1                                      3.63
x1.xcdec1.c_moscap_int1                  -3.63
x1.xcdec2.c_moscap_int1                  -3.63
e.x1.xcdec2.ec_moscap#branch                 0
e.x1.xcdec1.ec_moscap#branch                 0
vs#branch                          0.000146103
vb2#branch                                   0
vb1#branch                                   0
vb0#branch                                   0
vc#branch                                    0
vdd#branch                        -0.000146103


No. of Data Rows : 2904
tp_a                =  9.73868e-08 targ=  3.16751e-07 trig=  2.19364e-07
i_a                 =  1.89397e-04 from=  2.12652e-07 to=  5.84794e-07
MCVCOPAIR_A tp=9.73868E-08 f=4.10733E+07 i=0.000189397
Doing analysis at TEMP = 125.000000 and TNOM = 27.000000

Using SPARSE 1.3 as Direct Linear Solver

Initial Transient Solution
--------------------------

Node                                   Voltage
----                                   -------
vdd                                       3.63
vc                                         0.9
nb0                                          0
nb1                                          0
nb2                                       3.63
nvs                                       3.63
x1.xbias.na                           0.860833
x1.xbias.vbpc                          2.58968
x1.xbias.nc                            0.15031
x1.xbias.xrcg.11                      0.150072
x1.xbias.xrcg.21                   0.000237335
x1.xbias.nsu                         0.0121694
x1.xbias.vfix                          1.42574
x1.xbias.nmd                          0.617906
x1.xbias.vbp0                            2.785
x1.xbias.noff                         0.643048
x1.xbias.xroff.11                      0.64287
x1.xbias.xroff.21                  0.000177501
x1.xbias.nvi                          0.284364
x1.xbias.xrdeg.11                     0.284285
x1.xbias.xrdeg.21                  7.84931e-05
x1.xbias.b0b                           3.62999
x1.xbias.b1b                              3.63
x1.xbias.b2b                       1.36922e-08
x1.xbias.vbn1                         0.545814
x1.xbias.ga                               3.63
x1.xbias.vbp2                           2.8127
x1.xbias.gb                        5.50616e-08
x1.vbn                                0.652704
x1.xbias.gc                             2.8127
x1.vbp                                 2.66119
x1.xs1.nh                              1.37532
x1.y1                                        0
x1.y5                                        0
x1.xs1.nt                          -2.2923e-18
x1.xs2.nh                                 3.63
x1.y2                                     3.63
x1.xs2.nt                          2.71549e-05
x1.xs3.nh                                 3.63
x1.y3                                        0
x1.xs3.nt                          -4.2165e-27
x1.xs4.nh                                 3.63
x1.y4                                     3.63
x1.xs4.nt                          2.75598e-05
x1.xs5.nh                                 3.63
x1.xs5.nt                         -2.04083e-36
x1.nb1                                    3.63
x1.nb2                             1.25858e-08
clk1                                      3.63
x1.xcdec1.c_moscap_int1                  -3.63
x1.xcdec2.c_moscap_int1                  -3.63
e.x1.xcdec2.ec_moscap#branch                 0
e.x1.xcdec1.ec_moscap#branch                 0
vs#branch                          8.03163e-05
vb2#branch                                   0
vb1#branch                                   0
vb0#branch                                   0
vc#branch                                    0
vdd#branch                        -8.03163e-05


No. of Data Rows : 2867
tp_b                =  1.35683e-07 targ=  4.41343e-07 trig=  3.05660e-07
i_b                 =  1.17255e-04 from=  2.85846e-07 to=  7.86076e-07
MCVCOPAIR_B tp=1.35683E-07 f=2.94804E+07 i=0.000117255
Note: Simulation executed from .control section 
