
Note: Compatibility modes selected: hs a

Warning: m=xx on .subckt line will override multiplier m hierarchy!


Circuit: * generated by simenv.sh -- do not edit; edit sim/vco-tuning-range/testbench/tb_vco_band_pair.sp instead

Doing analysis at TEMP = 125.000000 and TNOM = 27.000000

Using SPARSE 1.3 as Direct Linear Solver

Initial Transient Solution
--------------------------

Node                                   Voltage
----                                   -------
vdd                                       3.63
vc                                         2.7
nb0                                       3.63
nb1                                       3.63
nb2                                          0
nvs                                       3.63
x1.xbias.na                            1.12669
x1.xbias.vbpc                          2.73743
x1.xbias.nc                           0.199873
x1.xbias.xrcg.11                      0.199558
x1.xbias.xrcg.21                   0.000315595
x1.xbias.nsu                         0.0130986
x1.xbias.vfix                          1.88772
x1.xbias.nmd                          0.805376
x1.xbias.vbp0                          2.88545
x1.xbias.noff                         0.843192
x1.xbias.xroff.11                      0.84296
x1.xbias.xroff.21                  0.000232747
x1.xbias.nvi                           1.44271
x1.xbias.xrdeg.11                      1.44232
x1.xbias.xrdeg.21                  0.000398233
x1.xbias.b0b                       3.85314e-07
x1.xbias.b1b                       3.79391e-07
x1.xbias.b2b                              3.63
x1.xbias.vbn1                          0.83856
x1.xbias.ga                            2.88545
x1.xbias.vbp2                          2.72238
x1.xbias.gb                            0.83856
x1.vbn                                0.864421
x1.xbias.gc                               3.63
x1.vbp                                 2.80566
x1.xs1.nh                              1.20325
x1.y1                                        0
x1.y5                                        0
x1.xs1.nt                          4.29214e-18
x1.xs2.nh                                 3.63
x1.y2                                     3.63
x1.xs2.nt                          6.17034e-07
x1.xs3.nh                                 3.63
x1.y3                                        0
x1.xs3.nt                          6.82822e-17
x1.xs4.nh                                 3.63
x1.y4                                     3.63
x1.xs4.nt                          7.21738e-07
x1.xs5.nh                                 3.63
x1.xs5.nt                         -1.25842e-16
x1.nb1                                    3.63
x1.nb2                             3.05601e-07
clk1                                      3.63
x1.xcdec1.c_moscap_int1                  -3.63
x1.xcdec2.c_moscap_int1                  -3.63
e.x1.xcdec2.ec_moscap#branch                 0
e.x1.xcdec1.ec_moscap#branch                 0
vs#branch                          0.000158579
vb2#branch                                   0
vb1#branch                                   0
vb0#branch                                   0
vc#branch                                    0
vdd#branch                        -0.000158579


No. of Data Rows : 2909
tp_a                =  9.65636e-08 targ=  3.38290e-07 trig=  2.41726e-07
i_a                 =  2.01914e-04 from=  2.20377e-07 to=  6.06038e-07
MCVCOPAIR_A tp=9.65636E-08 f=4.14235E+07 i=0.000201914
Doing analysis at TEMP = 125.000000 and TNOM = 27.000000

Using SPARSE 1.3 as Direct Linear Solver

Initial Transient Solution
--------------------------

Node                                   Voltage
----                                   -------
vdd                                       3.63
vc                                         0.9
nb0                                          0
nb1                                          0
nb2                                       3.63
nvs                                       3.63
x1.xbias.na                            1.12669
x1.xbias.vbpc                          2.73743
x1.xbias.nc                           0.199873
x1.xbias.xrcg.11                      0.199558
x1.xbias.xrcg.21                   0.000315595
x1.xbias.nsu                         0.0130986
x1.xbias.vfix                          1.88772
x1.xbias.nmd                          0.805376
x1.xbias.vbp0                          2.96127
x1.xbias.noff                         0.843306
x1.xbias.xroff.11                     0.843074
x1.xbias.xroff.21                  0.000232778
x1.xbias.nvi                          0.182988
x1.xbias.xrdeg.11                     0.182938
x1.xbias.xrdeg.21                  5.05103e-05
x1.xbias.b0b                              3.63
x1.xbias.b1b                              3.63
x1.xbias.b2b                       3.05472e-07
x1.xbias.vbn1                         0.719105
x1.xbias.ga                               3.63
x1.xbias.vbp2                          2.98119
x1.xbias.gb                        3.42733e-09
x1.vbn                                0.841315
x1.xbias.gc                            2.98119
x1.vbp                                 2.83039
x1.xs1.nh                              1.18133
x1.y1                                        0
x1.y5                                        0
x1.xs1.nt                          7.24156e-18
x1.xs2.nh                                 3.63
x1.y2                                     3.63
x1.xs2.nt                          6.95271e-07
x1.xs3.nh                                 3.63
x1.y3                                        0
x1.xs3.nt                          2.41488e-27
x1.xs4.nh                                 3.63
x1.y4                                     3.63
x1.xs4.nt                          8.14152e-07
x1.xs5.nh                                 3.63
x1.xs5.nt                          5.77258e-36
x1.nb1                                    3.63
x1.nb2                             3.05601e-07
clk1                                      3.63
x1.xcdec1.c_moscap_int1                  -3.63
x1.xcdec2.c_moscap_int1                  -3.63
e.x1.xcdec2.ec_moscap#branch                 0
e.x1.xcdec1.ec_moscap#branch                 0
vs#branch                          9.68186e-05
vb2#branch                                   0
vb1#branch                                   0
vb0#branch                                   0
vc#branch                                    0
vdd#branch                        -9.68186e-05


No. of Data Rows : 2861
tp_b                =  1.18156e-07 targ=  4.14010e-07 trig=  2.95854e-07
i_b                 =  1.35295e-04 from=  2.79453e-07 to=  7.68497e-07
MCVCOPAIR_B tp=1.18156E-07 f=3.38535E+07 i=0.000135295
Note: Simulation executed from .control section 
