
Note: Compatibility modes selected: hs a

Warning: m=xx on .subckt line will override multiplier m hierarchy!


Circuit: * generated by simenv.sh -- do not edit; edit sim/vco-tuning-range/testbench/tb_vco_band_pair.sp instead

Doing analysis at TEMP = 125.000000 and TNOM = 27.000000

Using SPARSE 1.3 as Direct Linear Solver

Initial Transient Solution
--------------------------

Node                                   Voltage
----                                   -------
vdd                                       3.63
vc                                         2.7
nb0                                          0
nb1                                       3.63
nb2                                       3.63
nvs                                       3.63
x1.xbias.na                            1.11967
x1.xbias.vbpc                          2.52498
x1.xbias.nc                           0.178792
x1.xbias.xrcg.11                       0.17851
x1.xbias.xrcg.21                   0.000282308
x1.xbias.nsu                         0.0109052
x1.xbias.vfix                          1.94524
x1.xbias.nmd                          0.834058
x1.xbias.vbp0                          2.66274
x1.xbias.noff                          0.85856
x1.xbias.xroff.11                     0.858323
x1.xbias.xroff.21                  0.000236989
x1.xbias.nvi                           1.40954
x1.xbias.xrdeg.11                      1.40915
x1.xbias.xrdeg.21                  0.000389077
x1.xbias.b0b                              3.63
x1.xbias.b1b                       1.31175e-08
x1.xbias.b2b                       1.16253e-08
x1.xbias.vbn1                         0.816792
x1.xbias.ga                               3.63
x1.xbias.vbp2                           2.5722
x1.xbias.gb                           0.816792
x1.vbn                                 1.17709
x1.xbias.gc                             2.5722
x1.vbp                                 2.25921
x1.xs1.nh                              1.74679
x1.y1                                        0
x1.y5                                        0
x1.xs1.nt                         -1.87349e-14
x1.xs2.nh                                 3.63
x1.y2                                     3.63
x1.xs2.nt                          1.34146e-07
x1.xs3.nh                                 3.63
x1.y3                                        0
x1.xs3.nt                         -1.65439e-17
x1.xs4.nh                                 3.63
x1.y4                                     3.63
x1.xs4.nt                          1.95732e-07
x1.xs5.nh                                 3.63
x1.xs5.nt                         -1.98504e-17
x1.nb1                                    3.63
x1.nb2                             1.08856e-08
clk1                                      3.63
x1.xcdec1.c_moscap_int1                  -3.63
x1.xcdec2.c_moscap_int1                  -3.63
e.x1.xcdec2.ec_moscap#branch                 0
e.x1.xcdec1.ec_moscap#branch                 0
vs#branch                          0.000318214
vb2#branch                                   0
vb1#branch                                   0
vb0#branch                                   0
vc#branch                                    0
vdd#branch                        -0.000318214


No. of Data Rows : 2811
tp_a                =  1.69336e-08 targ=  5.54439e-08 trig=  3.85103e-08
i_a                 =  4.37279e-04 from=  3.75158e-08 to=  1.03169e-07
MCVCOPAIR_A tp=1.69336E-08 f=2.36216E+08 i=0.000437279
Doing analysis at TEMP = 125.000000 and TNOM = 27.000000

Using SPARSE 1.3 as Direct Linear Solver

Initial Transient Solution
--------------------------

Node                                   Voltage
----                                   -------
vdd                                       3.63
vc                                         0.9
nb0                                       3.63
nb1                                       3.63
nb2                                       3.63
nvs                                       3.63
x1.xbias.na                            1.11967
x1.xbias.vbpc                          2.52498
x1.xbias.nc                           0.178792
x1.xbias.xrcg.11                       0.17851
x1.xbias.xrcg.21                   0.000282308
x1.xbias.nsu                         0.0109052
x1.xbias.vfix                          1.94524
x1.xbias.nmd                          0.834058
x1.xbias.vbp0                          2.74237
x1.xbias.noff                         0.858682
x1.xbias.xroff.11                     0.858445
x1.xbias.xroff.21                  0.000237022
x1.xbias.nvi                          0.163624
x1.xbias.xrdeg.11                     0.163579
x1.xbias.xrdeg.21                  4.51652e-05
x1.xbias.b0b                       1.30862e-08
x1.xbias.b1b                       1.31175e-08
x1.xbias.b2b                       1.16253e-08
x1.xbias.vbn1                         0.789455
x1.xbias.ga                            2.74237
x1.xbias.vbp2                          2.61303
x1.xbias.gb                           0.789455
x1.vbn                                 1.10331
x1.xbias.gc                            2.61303
x1.vbp                                 2.34047
x1.xs1.nh                              1.67454
x1.y1                                        0
x1.y5                                        0
x1.xs1.nt                          8.80975e-16
x1.xs2.nh                                 3.63
x1.y2                                     3.63
x1.xs2.nt                          1.57719e-07
x1.xs3.nh                                 3.63
x1.y3                                        0
x1.xs3.nt                         -1.39457e-16
x1.xs4.nh                                 3.63
x1.y4                                     3.63
x1.xs4.nt                          2.30673e-07
x1.xs5.nh                                 3.63
x1.xs5.nt                         -2.44656e-16
x1.nb1                                    3.63
x1.nb2                             1.08856e-08
clk1                                      3.63
x1.xcdec1.c_moscap_int1                  -3.63
x1.xcdec2.c_moscap_int1                  -3.63
e.x1.xcdec2.ec_moscap#branch                 0
e.x1.xcdec1.ec_moscap#branch                 0
vs#branch                          0.000239371
vb2#branch                                   0
vb1#branch                                   0
vb0#branch                                   0
vc#branch                                    0
vdd#branch                        -0.000239371


No. of Data Rows : 2843
tp_b                =  2.34452e-08 targ=  7.66245e-08 trig=  5.31793e-08
i_b                 =  3.33215e-04 from=  5.13940e-08 to=  1.41334e-07
MCVCOPAIR_B tp=2.34452E-08 f=1.7061E+08 i=0.000333216
Note: Simulation executed from .control section 
