
Note: Compatibility modes selected: hs a

Warning: m=xx on .subckt line will override multiplier m hierarchy!


Circuit: * generated by simenv.sh -- do not edit; edit sim/vco-tuning-range/testbench/tb_vco_band_pair.sp instead

Doing analysis at TEMP = 125.000000 and TNOM = 27.000000

Using SPARSE 1.3 as Direct Linear Solver

Initial Transient Solution
--------------------------

Node                                   Voltage
----                                   -------
vdd                                       3.63
vc                                         2.7
nb0                                       3.63
nb1                                          0
nb2                                          0
nvs                                       3.63
x1.xbias.na                            1.18633
x1.xbias.vbpc                          2.48911
x1.xbias.nc                            0.21115
x1.xbias.xrcg.11                      0.210817
x1.xbias.xrcg.21                   0.000333401
x1.xbias.nsu                        0.00922206
x1.xbias.vfix                          1.97907
x1.xbias.nmd                          0.844793
x1.xbias.vbp0                          2.66181
x1.xbias.noff                         0.881785
x1.xbias.xroff.11                     0.881542
x1.xbias.xroff.21                    0.0002434
x1.xbias.nvi                            1.4111
x1.xbias.xrdeg.11                      1.41071
x1.xbias.xrdeg.21                  0.000389506
x1.xbias.b0b                       1.23122e-08
x1.xbias.b1b                              3.63
x1.xbias.b2b                              3.63
x1.xbias.vbn1                         0.867978
x1.xbias.ga                            2.66181
x1.xbias.vbp2                          2.64198
x1.xbias.gb                        1.82954e-09
x1.vbn                                0.778168
x1.xbias.gc                               3.63
x1.vbp                                 2.71268
x1.xs1.nh                              1.34238
x1.y1                                        0
x1.y5                                        0
x1.xs1.nt                         -7.13182e-24
x1.xs2.nh                                 3.63
x1.y2                                     3.63
x1.xs2.nt                          8.15944e-07
x1.xs3.nh                                 3.63
x1.y3                                        0
x1.xs3.nt                         -4.45359e-44
x1.xs4.nh                                 3.63
x1.y4                                     3.63
x1.xs4.nt                          9.36727e-07
x1.xs5.nh                                 3.63
x1.xs5.nt                           -4.399e-44
x1.nb1                                    3.63
x1.nb2                             9.65509e-09
clk1                                      3.63
x1.xcdec1.c_moscap_int1                  -3.63
x1.xcdec2.c_moscap_int1                  -3.63
e.x1.xcdec2.ec_moscap#branch                 0
e.x1.xcdec1.ec_moscap#branch                 0
vs#branch                          0.000104159
vb2#branch                                   0
vb1#branch                                   0
vb0#branch                                   0
vc#branch                                    0
vdd#branch                        -0.000104159


No. of Data Rows : 2898
tp_a                =  3.10046e-07 targ=  9.30480e-07 trig=  6.20434e-07
i_a                 =  1.24139e-04 from=  5.86101e-07 to=  1.61178e-06
MCVCOPAIR_A tp=3.10046E-07 f=1.29013E+07 i=0.000124139
Doing analysis at TEMP = 125.000000 and TNOM = 27.000000

Using SPARSE 1.3 as Direct Linear Solver

Initial Transient Solution
--------------------------

Node                                   Voltage
----                                   -------
vdd                                       3.63
vc                                         0.9
nb0                                          0
nb1                                       3.63
nb2                                          0
nvs                                       3.63
x1.xbias.na                            1.18633
x1.xbias.vbpc                          2.48911
x1.xbias.nc                            0.21115
x1.xbias.xrcg.11                      0.210817
x1.xbias.xrcg.21                   0.000333401
x1.xbias.nsu                        0.00922206
x1.xbias.vfix                          1.97907
x1.xbias.nmd                          0.844793
x1.xbias.vbp0                          2.74057
x1.xbias.noff                         0.881906
x1.xbias.xroff.11                     0.881663
x1.xbias.xroff.21                  0.000243433
x1.xbias.nvi                           0.16489
x1.xbias.xrdeg.11                     0.164844
x1.xbias.xrdeg.21                  4.55146e-05
x1.xbias.b0b                              3.63
x1.xbias.b1b                       1.19513e-08
x1.xbias.b2b                              3.63
x1.xbias.vbn1                          0.74832
x1.xbias.ga                               3.63
x1.xbias.vbp2                          2.67533
x1.xbias.gb                            0.74832
x1.vbn                                0.754482
x1.xbias.gc                               3.63
x1.vbp                                 2.73921
x1.xs1.nh                              1.31948
x1.y1                                        0
x1.y5                                        0
x1.xs1.nt                           3.2245e-19
x1.xs2.nh                                 3.63
x1.y2                                     3.63
x1.xs2.nt                          1.00145e-06
x1.xs3.nh                                 3.63
x1.y3                                        0
x1.xs3.nt                         -4.46204e-19
x1.xs4.nh                                 3.63
x1.y4                                     3.63
x1.xs4.nt                          1.15368e-06
x1.xs5.nh                                 3.63
x1.xs5.nt                          6.78387e-27
x1.nb1                                    3.63
x1.nb2                             9.65509e-09
clk1                                      3.63
x1.xcdec1.c_moscap_int1                  -3.63
x1.xcdec2.c_moscap_int1                  -3.63
e.x1.xcdec2.ec_moscap#branch                 0
e.x1.xcdec1.ec_moscap#branch                 0
vs#branch                          6.97293e-05
vb2#branch                                   0
vb1#branch                                   0
vb0#branch                                   0
vc#branch                                    0
vdd#branch                        -6.97293e-05


No. of Data Rows : 2910
tp_b                =  4.20397e-07 targ=  1.26188e-06 trig=  8.41484e-07
i_b                 =  8.67548e-05 from=  7.61269e-07 to=  2.09349e-06
MCVCOPAIR_B tp=4.20397E-07 f=9.51482E+06 i=8.67548E-05
Note: Simulation executed from .control section 
