
Note: Compatibility modes selected: hs a

Warning: m=xx on .subckt line will override multiplier m hierarchy!


Circuit: * generated by simenv.sh -- do not edit; edit sim/vco-tuning-range/testbench/tb_vco_band_pair.sp instead

Doing analysis at TEMP = 125.000000 and TNOM = 27.000000

Using SPARSE 1.3 as Direct Linear Solver

Initial Transient Solution
--------------------------

Node                                   Voltage
----                                   -------
vdd                                       3.63
vc                                         2.7
nb0                                       3.63
nb1                                          0
nb2                                          0
nvs                                       3.63
x1.xbias.na                            1.11967
x1.xbias.vbpc                          2.52498
x1.xbias.nc                           0.178792
x1.xbias.xrcg.11                       0.17851
x1.xbias.xrcg.21                   0.000282308
x1.xbias.nsu                         0.0109052
x1.xbias.vfix                          1.94524
x1.xbias.nmd                          0.834058
x1.xbias.vbp0                          2.66274
x1.xbias.noff                          0.85856
x1.xbias.xroff.11                     0.858323
x1.xbias.xroff.21                  0.000236989
x1.xbias.nvi                           1.40954
x1.xbias.xrdeg.11                      1.40915
x1.xbias.xrdeg.21                  0.000389077
x1.xbias.b0b                       1.30862e-08
x1.xbias.b1b                              3.63
x1.xbias.b2b                              3.63
x1.xbias.vbn1                          0.86924
x1.xbias.ga                            2.66274
x1.xbias.vbp2                          2.64237
x1.xbias.gb                        2.08944e-09
x1.vbn                                0.789355
x1.xbias.gc                               3.63
x1.vbp                                 2.69453
x1.xs1.nh                              1.36294
x1.y1                                        0
x1.y5                                        0
x1.xs1.nt                           3.3038e-23
x1.xs2.nh                                 3.63
x1.y2                                     3.63
x1.xs2.nt                          6.23538e-07
x1.xs3.nh                                 3.63
x1.y3                                        0
x1.xs3.nt                         -4.46521e-44
x1.xs4.nh                                 3.63
x1.y4                                     3.63
x1.xs4.nt                          9.41352e-07
x1.xs5.nh                                 3.63
x1.xs5.nt                         -9.04354e-44
x1.nb1                                    3.63
x1.nb2                             1.08856e-08
clk1                                      3.63
x1.xcdec1.c_moscap_int1                  -3.63
x1.xcdec2.c_moscap_int1                  -3.63
e.x1.xcdec2.ec_moscap#branch                 0
e.x1.xcdec1.ec_moscap#branch                 0
vs#branch                          0.000100916
vb2#branch                                   0
vb1#branch                                   0
vb0#branch                                   0
vc#branch                                    0
vdd#branch                        -0.000100916


No. of Data Rows : 2885
tp_a                =  2.59031e-07 targ=  9.06277e-07 trig=  6.47246e-07
i_a                 =  1.20806e-04 from=  5.86101e-07 to=  1.61178e-06
MCVCOPAIR_A tp=2.59031E-07 f=1.54422E+07 i=0.000120807
Doing analysis at TEMP = 125.000000 and TNOM = 27.000000

Using SPARSE 1.3 as Direct Linear Solver

Initial Transient Solution
--------------------------

Node                                   Voltage
----                                   -------
vdd                                       3.63
vc                                         0.9
nb0                                          0
nb1                                       3.63
nb2                                          0
nvs                                       3.63
x1.xbias.na                            1.11967
x1.xbias.vbpc                          2.52498
x1.xbias.nc                           0.178792
x1.xbias.xrcg.11                       0.17851
x1.xbias.xrcg.21                   0.000282308
x1.xbias.nsu                         0.0109052
x1.xbias.vfix                          1.94524
x1.xbias.nmd                          0.834058
x1.xbias.vbp0                          2.74237
x1.xbias.noff                         0.858682
x1.xbias.xroff.11                     0.858445
x1.xbias.xroff.21                  0.000237022
x1.xbias.nvi                          0.163624
x1.xbias.xrdeg.11                     0.163579
x1.xbias.xrdeg.21                  4.51652e-05
x1.xbias.b0b                              3.63
x1.xbias.b1b                       1.31175e-08
x1.xbias.b2b                              3.63
x1.xbias.vbn1                         0.749356
x1.xbias.ga                               3.63
x1.xbias.vbp2                          2.67074
x1.xbias.gb                           0.749356
x1.vbn                                0.769257
x1.xbias.gc                               3.63
x1.vbp                                 2.71714
x1.xs1.nh                               1.3434
x1.y1                                        0
x1.y5                                        0
x1.xs1.nt                          2.72988e-17
x1.xs2.nh                                 3.63
x1.y2                                     3.63
x1.xs2.nt                          7.36792e-07
x1.xs3.nh                                 3.63
x1.y3                                        0
x1.xs3.nt                         -4.70468e-19
x1.xs4.nh                                 3.63
x1.y4                                     3.63
x1.xs4.nt                          1.11733e-06
x1.xs5.nh                                 3.63
x1.xs5.nt                         -5.13364e-18
x1.nb1                                    3.63
x1.nb2                             1.08856e-08
clk1                                      3.63
x1.xcdec1.c_moscap_int1                  -3.63
x1.xcdec2.c_moscap_int1                  -3.63
e.x1.xcdec2.ec_moscap#branch                 0
e.x1.xcdec1.ec_moscap#branch                 0
vs#branch                           6.7107e-05
vb2#branch                                   0
vb1#branch                                   0
vb0#branch                                   0
vc#branch                                    0
vdd#branch                         -6.7107e-05


No. of Data Rows : 2958
tp_b                =  3.30449e-07 targ=  1.15767e-06 trig=  8.27223e-07
i_b                 =  8.58863e-05 from=  7.61269e-07 to=  2.09349e-06
MCVCOPAIR_B tp=3.30449E-07 f=1.21047E+07 i=8.58863E-05
Note: Simulation executed from .control section 
