
Note: Compatibility modes selected: hs a

Warning: m=xx on .subckt line will override multiplier m hierarchy!


Circuit: * generated by simenv.sh -- do not edit; edit sim/vco-tuning-range/testbench/tb_vco_band_pair.sp instead

Doing analysis at TEMP = 125.000000 and TNOM = 27.000000

Using SPARSE 1.3 as Direct Linear Solver

Initial Transient Solution
--------------------------

Node                                   Voltage
----                                   -------
vdd                                       3.63
vc                                         2.7
nb0                                          0
nb1                                          0
nb2                                          0
nvs                                       3.63
x1.xbias.na                            1.14208
x1.xbias.vbpc                          2.51151
x1.xbias.nc                           0.190123
x1.xbias.xrcg.11                      0.189822
x1.xbias.xrcg.21                   0.000300199
x1.xbias.nsu                         0.0102069
x1.xbias.vfix                          1.96022
x1.xbias.nmd                          0.834363
x1.xbias.vbp0                          2.66302
x1.xbias.noff                         0.867071
x1.xbias.xroff.11                     0.866832
x1.xbias.xroff.21                  0.000239338
x1.xbias.nvi                            1.4099
x1.xbias.xrdeg.11                      1.40951
x1.xbias.xrdeg.21                  0.000389175
x1.xbias.b0b                              3.63
x1.xbias.b1b                              3.63
x1.xbias.b2b                              3.63
x1.xbias.vbn1                         0.811781
x1.xbias.ga                               3.63
x1.xbias.vbp2                           2.7049
x1.xbias.gb                        1.56059e-09
x1.vbn                                0.734686
x1.xbias.gc                               3.63
x1.vbp                                 2.75891
x1.xs1.nh                              1.30279
x1.y1                                        0
x1.y5                                        0
x1.xs1.nt                         -8.82258e-24
x1.xs2.nh                                 3.63
x1.y2                                     3.63
x1.xs2.nt                          1.15008e-06
x1.xs3.nh                                 3.63
x1.y3                                        0
x1.xs3.nt                           1.1395e-27
x1.xs4.nh                                 3.63
x1.y4                                     3.63
x1.xs4.nt                          6.75308e-07
x1.xs5.nh                                 3.63
x1.xs5.nt                         -9.86538e-28
x1.nb1                                    3.63
x1.nb2                             1.02975e-08
clk1                                      3.63
x1.xcdec1.c_moscap_int1                  -3.63
x1.xcdec2.c_moscap_int1                  -3.63
e.x1.xcdec2.ec_moscap#branch                 0
e.x1.xcdec1.ec_moscap#branch                 0
vs#branch                           8.1103e-05
vb2#branch                                   0
vb1#branch                                   0
vb0#branch                                   0
vc#branch                                    0
vdd#branch                         -8.1103e-05


No. of Data Rows : 2863
tp_a                =  5.25814e-07 targ=  1.57655e-06 trig=  1.05074e-06
i_a                 =  9.71487e-05 from=  9.56697e-07 to=  2.63092e-06
MCVCOPAIR_A tp=5.25814E-07 f=7.60725E+06 i=9.71487E-05
Doing analysis at TEMP = 125.000000 and TNOM = 27.000000

Using SPARSE 1.3 as Direct Linear Solver

Initial Transient Solution
--------------------------

Node                                   Voltage
----                                   -------
vdd                                       3.63
vc                                         0.9
nb0                                       3.63
nb1                                          0
nb2                                          0
nvs                                       3.63
x1.xbias.na                            1.14208
x1.xbias.vbpc                          2.51151
x1.xbias.nc                           0.190123
x1.xbias.xrcg.11                      0.189822
x1.xbias.xrcg.21                   0.000300199
x1.xbias.nsu                         0.0102069
x1.xbias.vfix                          1.96022
x1.xbias.nmd                          0.834363
x1.xbias.vbp0                          2.74231
x1.xbias.noff                         0.867192
x1.xbias.xroff.11                     0.866953
x1.xbias.xroff.21                  0.000239372
x1.xbias.nvi                             0.164
x1.xbias.xrdeg.11                     0.163955
x1.xbias.xrdeg.21                  4.52691e-05
x1.xbias.b0b                       1.12853e-08
x1.xbias.b1b                              3.63
x1.xbias.b2b                              3.63
x1.xbias.vbn1                         0.785409
x1.xbias.ga                            2.74231
x1.xbias.vbp2                          2.73204
x1.xbias.gb                        1.55454e-09
x1.vbn                                0.714378
x1.xbias.gc                               3.63
x1.vbp                                 2.78136
x1.xs1.nh                              1.28358
x1.y1                                        0
x1.y5                                        0
x1.xs1.nt                         -6.04311e-16
x1.xs2.nh                                 3.63
x1.y2                                     3.63
x1.xs2.nt                           1.4216e-06
x1.xs3.nh                                 3.63
x1.y3                                        0
x1.xs3.nt                          1.55028e-51
x1.xs4.nh                                 3.63
x1.y4                                     3.63
x1.xs4.nt                          8.31474e-07
x1.xs5.nh                                 3.63
x1.xs5.nt                          1.80749e-51
x1.nb1                                    3.63
x1.nb2                             1.02975e-08
clk1                                      3.63
x1.xcdec1.c_moscap_int1                  -3.63
x1.xcdec2.c_moscap_int1                  -3.63
e.x1.xcdec2.ec_moscap#branch                 0
e.x1.xcdec1.ec_moscap#branch                 0
vs#branch                          6.04663e-05
vb2#branch                                   0
vb1#branch                                   0
vb0#branch                                   0
vc#branch                                    0
vdd#branch                        -6.04663e-05


No. of Data Rows : 2878
tp_b                =  7.02946e-07 targ=  2.10784e-06 trig=  1.40490e-06
i_b                 =  7.52490e-05 from=  1.26171e-06 to=  3.46971e-06
MCVCOPAIR_B tp=7.02946E-07 f=5.69033E+06 i=7.5249E-05
Note: Simulation executed from .control section 
