
Note: Compatibility modes selected: hs a

Warning: m=xx on .subckt line will override multiplier m hierarchy!


Circuit: * generated by simenv.sh -- do not edit; edit sim/vco-tuning-range/testbench/tb_vco_band_pair.sp instead

Doing analysis at TEMP = 125.000000 and TNOM = 27.000000

Using SPARSE 1.3 as Direct Linear Solver

Initial Transient Solution
--------------------------

Node                                   Voltage
----                                   -------
vdd                                       2.97
vc                                         2.7
nb0                                       2.97
nb1                                       2.97
nb2                                          0
nvs                                       2.97
x1.xbias.na                            1.11714
x1.xbias.vbpc                          1.86338
x1.xbias.nc                           0.177808
x1.xbias.xrcg.11                      0.177527
x1.xbias.xrcg.21                   0.000280754
x1.xbias.nsu                        0.00629315
x1.xbias.vfix                          1.95234
x1.xbias.nmd                          0.830996
x1.xbias.vbp0                          2.00237
x1.xbias.noff                         0.862293
x1.xbias.xroff.11                     0.862055
x1.xbias.xroff.21                  0.000238019
x1.xbias.nvi                           1.40897
x1.xbias.xrdeg.11                      1.40858
x1.xbias.xrdeg.21                  0.000388919
x1.xbias.b0b                       1.20046e-08
x1.xbias.b1b                       1.06129e-08
x1.xbias.b2b                              2.97
x1.xbias.vbn1                         0.868096
x1.xbias.ga                            2.00237
x1.xbias.vbp2                          1.83259
x1.xbias.gb                           0.868096
x1.vbn                                0.888296
x1.xbias.gc                               2.97
x1.vbp                                 1.93737
x1.xs1.nh                              1.35602
x1.y1                                        0
x1.y5                                        0
x1.xs1.nt                          5.83725e-18
x1.xs2.nh                                 2.97
x1.y2                                     2.97
x1.xs2.nt                          3.34597e-07
x1.xs3.nh                                 2.97
x1.y3                                        0
x1.xs3.nt                          1.55171e-35
x1.xs4.nh                                 2.97
x1.y4                                     2.97
x1.xs4.nt                          2.11059e-07
x1.xs5.nh                                 2.97
x1.xs5.nt                          -2.3474e-43
x1.nb1                                    2.97
x1.nb2                             9.82747e-09
clk1                                      2.97
x1.xcdec1.c_moscap_int1                  -2.97
x1.xcdec2.c_moscap_int1                  -2.97
e.x1.xcdec2.ec_moscap#branch                 0
e.x1.xcdec1.ec_moscap#branch                 0
vs#branch                          0.000145881
vb2#branch                                   0
vb1#branch                                   0
vb0#branch                                   0
vc#branch                                    0
vdd#branch                        -0.000145881


No. of Data Rows : 2856
tp_a                =  6.99658e-08 targ=  2.28190e-07 trig=  1.58224e-07
i_a                 =  1.74239e-04 from=  1.52378e-07 to=  4.19040e-07
MCVCOPAIR_A tp=6.99658E-08 f=5.71708E+07 i=0.000174239
Doing analysis at TEMP = 125.000000 and TNOM = 27.000000

Using SPARSE 1.3 as Direct Linear Solver

Initial Transient Solution
--------------------------

Node                                   Voltage
----                                   -------
vdd                                       2.97
vc                                         0.9
nb0                                          0
nb1                                          0
nb2                                       2.97
nvs                                       2.97
x1.xbias.na                            1.11714
x1.xbias.vbpc                          1.86338
x1.xbias.nc                           0.177808
x1.xbias.xrcg.11                      0.177527
x1.xbias.xrcg.21                   0.000280754
x1.xbias.nsu                        0.00629315
x1.xbias.vfix                          1.95234
x1.xbias.nmd                          0.830996
x1.xbias.vbp0                          2.08189
x1.xbias.noff                         0.862428
x1.xbias.xroff.11                      0.86219
x1.xbias.xroff.21                  0.000238057
x1.xbias.nvi                          0.163335
x1.xbias.xrdeg.11                      0.16329
x1.xbias.xrdeg.21                  4.50855e-05
x1.xbias.b0b                              2.97
x1.xbias.b1b                              2.97
x1.xbias.b2b                       1.09715e-08
x1.xbias.vbn1                         0.747476
x1.xbias.ga                               2.97
x1.xbias.vbp2                          2.10748
x1.xbias.gb                         2.2765e-09
x1.vbn                                0.859143
x1.xbias.gc                            2.10748
x1.vbp                                 1.97044
x1.xs1.nh                              1.32777
x1.y1                                        0
x1.y5                                        0
x1.xs1.nt                          -1.0498e-11
x1.xs2.nh                                 2.97
x1.y2                                     2.97
x1.xs2.nt                           3.9089e-07
x1.xs3.nh                                 2.97
x1.y3                                        0
x1.xs3.nt                          8.42142e-18
x1.xs4.nh                                 2.97
x1.y4                                     2.97
x1.xs4.nt                          2.46613e-07
x1.xs5.nh                                 2.97
x1.xs5.nt                          1.79723e-17
x1.nb1                                    2.97
x1.nb2                             9.82747e-09
clk1                                      2.97
x1.xcdec1.c_moscap_int1                  -2.97
x1.xcdec2.c_moscap_int1                  -2.97
e.x1.xcdec2.ec_moscap#branch                 0
e.x1.xcdec1.ec_moscap#branch                 0
vs#branch                          8.40154e-05
vb2#branch                                   0
vb1#branch                                   0
vb0#branch                                   0
vc#branch                                    0
vdd#branch                        -8.40154e-05


No. of Data Rows : 2921
tp_b                =  9.31298e-08 targ=  3.03243e-07 trig=  2.10113e-07
i_b                 =  1.07493e-04 from=  1.99569e-07 to=  5.48815e-07
MCVCOPAIR_B tp=9.31298E-08 f=4.29508E+07 i=0.000107493
Note: Simulation executed from .control section 
