
Note: Compatibility modes selected: hs a

Warning: m=xx on .subckt line will override multiplier m hierarchy!


Circuit: * generated by simenv.sh -- do not edit; edit sim/vco-tuning-range/testbench/tb_vco_band_pair.sp instead

Doing analysis at TEMP = 125.000000 and TNOM = 27.000000

Using SPARSE 1.3 as Direct Linear Solver

Initial Transient Solution
--------------------------

Node                                   Voltage
----                                   -------
vdd                                       3.63
vc                                         2.7
nb0                                          0
nb1                                       3.63
nb2                                       3.63
nvs                                       3.63
x1.xbias.na                            1.18633
x1.xbias.vbpc                          2.48911
x1.xbias.nc                            0.21115
x1.xbias.xrcg.11                      0.210817
x1.xbias.xrcg.21                   0.000333401
x1.xbias.nsu                        0.00922206
x1.xbias.vfix                          1.97907
x1.xbias.nmd                          0.844793
x1.xbias.vbp0                          2.66181
x1.xbias.noff                         0.881785
x1.xbias.xroff.11                     0.881542
x1.xbias.xroff.21                    0.0002434
x1.xbias.nvi                            1.4111
x1.xbias.xrdeg.11                      1.41071
x1.xbias.xrdeg.21                  0.000389506
x1.xbias.b0b                              3.63
x1.xbias.b1b                       1.19513e-08
x1.xbias.b2b                       1.40723e-08
x1.xbias.vbn1                          0.81503
x1.xbias.ga                               3.63
x1.xbias.vbp2                          2.57821
x1.xbias.gb                            0.81503
x1.vbn                                 1.15679
x1.xbias.gc                            2.57821
x1.vbp                                 2.28706
x1.xs1.nh                              1.71797
x1.y1                                        0
x1.y5                                        0
x1.xs1.nt                         -8.35475e-14
x1.xs2.nh                                 3.63
x1.y2                                     3.63
x1.xs2.nt                          1.71563e-07
x1.xs3.nh                                 3.63
x1.y3                                        0
x1.xs3.nt                         -6.03838e-17
x1.xs4.nh                                 3.63
x1.y4                                     3.63
x1.xs4.nt                          1.92641e-07
x1.xs5.nh                                 3.63
x1.xs5.nt                         -5.41482e-17
x1.nb1                                    3.63
x1.nb2                             9.65509e-09
clk1                                      3.63
x1.xcdec1.c_moscap_int1                  -3.63
x1.xcdec2.c_moscap_int1                  -3.63
e.x1.xcdec2.ec_moscap#branch                 0
e.x1.xcdec1.ec_moscap#branch                 0
vs#branch                          0.000307939
vb2#branch                                   0
vb1#branch                                   0
vb0#branch                                   0
vc#branch                                    0
vdd#branch                        -0.000307939


No. of Data Rows : 2809
tp_a                =  1.85447e-08 targ=  6.06800e-08 trig=  4.21353e-08
i_a                 =  4.19195e-04 from=  3.75158e-08 to=  1.03169e-07
MCVCOPAIR_A tp=1.85447E-08 f=2.15695E+08 i=0.000419195
Doing analysis at TEMP = 125.000000 and TNOM = 27.000000

Using SPARSE 1.3 as Direct Linear Solver

Initial Transient Solution
--------------------------

Node                                   Voltage
----                                   -------
vdd                                       3.63
vc                                         0.9
nb0                                       3.63
nb1                                       3.63
nb2                                       3.63
nvs                                       3.63
x1.xbias.na                            1.18633
x1.xbias.vbpc                          2.48911
x1.xbias.nc                            0.21115
x1.xbias.xrcg.11                      0.210817
x1.xbias.xrcg.21                   0.000333401
x1.xbias.nsu                        0.00922206
x1.xbias.vfix                          1.97907
x1.xbias.nmd                          0.844793
x1.xbias.vbp0                          2.74057
x1.xbias.noff                         0.881906
x1.xbias.xroff.11                     0.881663
x1.xbias.xroff.21                  0.000243433
x1.xbias.nvi                           0.16489
x1.xbias.xrdeg.11                     0.164844
x1.xbias.xrdeg.21                  4.55146e-05
x1.xbias.b0b                       1.23122e-08
x1.xbias.b1b                       1.19513e-08
x1.xbias.b2b                       1.40723e-08
x1.xbias.vbn1                         0.789056
x1.xbias.ga                            2.74057
x1.xbias.vbp2                           2.6169
x1.xbias.gb                           0.789056
x1.vbn                                 1.08747
x1.xbias.gc                             2.6169
x1.vbp                                 2.36367
x1.xs1.nh                              1.64973
x1.y1                                        0
x1.y5                                        0
x1.xs1.nt                          3.74771e-16
x1.xs2.nh                                 3.63
x1.y2                                     3.63
x1.xs2.nt                           2.0084e-07
x1.xs3.nh                                 3.63
x1.y3                                        0
x1.xs3.nt                         -1.68462e-16
x1.xs4.nh                                 3.63
x1.y4                                     3.63
x1.xs4.nt                          2.25849e-07
x1.xs5.nh                                 3.63
x1.xs5.nt                         -1.48881e-16
x1.nb1                                    3.63
x1.nb2                             9.65509e-09
clk1                                      3.63
x1.xcdec1.c_moscap_int1                  -3.63
x1.xcdec2.c_moscap_int1                  -3.63
e.x1.xcdec2.ec_moscap#branch                 0
e.x1.xcdec1.ec_moscap#branch                 0
vs#branch                          0.000234274
vb2#branch                                   0
vb1#branch                                   0
vb0#branch                                   0
vc#branch                                    0
vdd#branch                        -0.000234274


No. of Data Rows : 2831
tp_b                =  2.56249e-08 targ=  7.73013e-08 trig=  5.16763e-08
i_b                 =  3.22245e-04 from=  5.13940e-08 to=  1.41334e-07
MCVCOPAIR_B tp=2.56249E-08 f=1.56098E+08 i=0.000322246
Note: Simulation executed from .control section 
