
Note: Compatibility modes selected: hs a

Warning: m=xx on .subckt line will override multiplier m hierarchy!


Circuit: * generated by simenv.sh -- do not edit; edit sim/vco-tuning-range/testbench/tb_vco_band_pair.sp instead

Doing analysis at TEMP = -40.000000 and TNOM = 27.000000

Using SPARSE 1.3 as Direct Linear Solver

Initial Transient Solution
--------------------------

Node                                   Voltage
----                                   -------
vdd                                       3.63
vc                                         2.7
nb0                                       3.63
nb1                                       3.63
nb2                                          0
nvs                                       3.63
x1.xbias.na                            1.07308
x1.xbias.vbpc                          2.50678
x1.xbias.nc                           0.107775
x1.xbias.xrcg.11                      0.107541
x1.xbias.xrcg.21                   0.000234461
x1.xbias.nsu                         0.0155295
x1.xbias.vfix                           2.1397
x1.xbias.nmd                          0.916267
x1.xbias.vbp0                          2.54585
x1.xbias.noff                         0.921548
x1.xbias.xroff.11                     0.921197
x1.xbias.xroff.21                  0.000350818
x1.xbias.nvi                           1.34471
x1.xbias.xrdeg.11                       1.3442
x1.xbias.xrdeg.21                  0.000511908
x1.xbias.b0b                       5.19567e-09
x1.xbias.b1b                       5.12155e-09
x1.xbias.b2b                              3.63
x1.xbias.vbn1                         0.954301
x1.xbias.ga                            2.54585
x1.xbias.vbp2                          2.44017
x1.xbias.gb                           0.954301
x1.vbn                                0.986182
x1.xbias.gc                               3.63
x1.vbp                                 2.47807
x1.xs1.nh                              1.53775
x1.y1                                        0
x1.y5                                        0
x1.xs1.nt                          4.99224e-31
x1.xs2.nh                                 3.63
x1.y2                                     3.63
x1.xs2.nt                          2.37509e-13
x1.xs3.nh                                 3.63
x1.y3                                        0
x1.xs3.nt                         -1.02832e-39
x1.xs4.nh                                 3.63
x1.y4                                     3.63
x1.xs4.nt                          3.49849e-13
x1.xs5.nh                                 3.63
x1.xs5.nt                         -4.29927e-38
x1.nb1                                    3.63
x1.nb2                             3.63713e-09
clk1                                      3.63
x1.xcdec1.c_moscap_int1                  -3.63
x1.xcdec2.c_moscap_int1                  -3.63
e.x1.xcdec2.ec_moscap#branch                 0
e.x1.xcdec1.ec_moscap#branch                 0
vs#branch                          0.000111803
vb2#branch                                   0
vb1#branch                                   0
vb0#branch                                   0
vc#branch                                    0
vdd#branch                        -0.000111803


No. of Data Rows : 2900
tp_a                =  1.04637e-07 targ=  3.67014e-07 trig=  2.62377e-07
i_a                 =  1.43877e-04 from=  2.44424e-07 to=  6.72165e-07
MCVCOPAIR_A tp=1.04637E-07 f=3.82275E+07 i=0.000143877
Doing analysis at TEMP = -40.000000 and TNOM = 27.000000

Using SPARSE 1.3 as Direct Linear Solver

Initial Transient Solution
--------------------------

Node                                   Voltage
----                                   -------
vdd                                       3.63
vc                                         0.9
nb0                                          0
nb1                                          0
nb2                                       3.63
nvs                                       3.63
x1.xbias.na                            1.07308
x1.xbias.vbpc                          2.50678
x1.xbias.nc                           0.107775
x1.xbias.xrcg.11                      0.107541
x1.xbias.xrcg.21                   0.000234461
x1.xbias.nsu                         0.0155295
x1.xbias.vfix                           2.1397
x1.xbias.nmd                          0.916267
x1.xbias.vbp0                          2.59772
x1.xbias.noff                         0.921634
x1.xbias.xroff.11                     0.921283
x1.xbias.xroff.21                  0.000350851
x1.xbias.nvi                         0.0755869
x1.xbias.xrdeg.11                    0.0755582
x1.xbias.xrdeg.21                  2.87747e-05
x1.xbias.b0b                              3.63
x1.xbias.b1b                              3.63
x1.xbias.b2b                       5.21346e-09
x1.xbias.vbn1                         0.875147
x1.xbias.ga                               3.63
x1.xbias.vbp2                           2.6168
x1.xbias.gb                        1.24004e-16
x1.vbn                                0.964094
x1.xbias.gc                             2.6168
x1.vbp                                 2.50394
x1.xs1.nh                               1.5147
x1.y1                                        0
x1.y5                                        0
x1.xs1.nt                           1.5248e-17
x1.xs2.nh                                 3.63
x1.y2                                     3.63
x1.xs2.nt                          2.90021e-13
x1.xs3.nh                                 3.63
x1.y3                                        0
x1.xs3.nt                          4.73761e-19
x1.xs4.nh                                 3.63
x1.y4                                     3.63
x1.xs4.nt                          4.24358e-13
x1.xs5.nh                                 3.63
x1.xs5.nt                         -8.37809e-19
x1.nb1                                    3.63
x1.nb2                             3.63713e-09
clk1                                      3.63
x1.xcdec1.c_moscap_int1                  -3.63
x1.xcdec2.c_moscap_int1                  -3.63
e.x1.xcdec2.ec_moscap#branch                 0
e.x1.xcdec1.ec_moscap#branch                 0
vs#branch                          6.15984e-05
vb2#branch                                   0
vb1#branch                                   0
vb0#branch                                   0
vc#branch                                    0
vdd#branch                        -6.15984e-05


No. of Data Rows : 2931
tp_b                =  1.40980e-07 targ=  4.94045e-07 trig=  3.53065e-07
i_b                 =  8.66512e-05 from=  3.29017e-07 to=  9.04797e-07
MCVCOPAIR_B tp=1.4098E-07 f=2.83728E+07 i=8.66512E-05
Note: Simulation executed from .control section 
