
Note: Compatibility modes selected: hs a

Warning: m=xx on .subckt line will override multiplier m hierarchy!


Circuit: * generated by simenv.sh -- do not edit; edit sim/vco-tuning-range/testbench/tb_vco_band_pair.sp instead

Doing analysis at TEMP = -40.000000 and TNOM = 27.000000

Using SPARSE 1.3 as Direct Linear Solver

Initial Transient Solution
--------------------------

Node                                   Voltage
----                                   -------
vdd                                       2.97
vc                                         2.7
nb0                                       2.97
nb1                                       2.97
nb2                                          0
nvs                                       2.97
x1.xbias.na                            1.04259
x1.xbias.vbpc                          1.85966
x1.xbias.nc                          0.0923687
x1.xbias.xrcg.11                     0.0921677
x1.xbias.xrcg.21                   0.000200945
x1.xbias.nsu                         0.0102547
x1.xbias.vfix                          2.09672
x1.xbias.nmd                          0.900725
x1.xbias.vbp0                          1.88709
x1.xbias.noff                         0.886524
x1.xbias.xroff.11                     0.886186
x1.xbias.xroff.21                  0.000337485
x1.xbias.nvi                           1.34439
x1.xbias.xrdeg.11                      1.34388
x1.xbias.xrdeg.21                  0.000511786
x1.xbias.b0b                         4.507e-09
x1.xbias.b1b                       4.40934e-09
x1.xbias.b2b                              2.97
x1.xbias.vbn1                         0.957348
x1.xbias.ga                            1.88709
x1.xbias.vbp2                          1.77872
x1.xbias.gb                           0.957348
x1.vbn                                0.984392
x1.xbias.gc                               2.97
x1.vbp                                 1.83758
x1.xs1.nh                              1.43605
x1.y1                                        0
x1.y5                                        0
x1.xs1.nt                          1.20123e-17
x1.xs2.nh                                 2.97
x1.y2                                     2.97
x1.xs2.nt                          1.62775e-13
x1.xs3.nh                                 2.97
x1.y3                                        0
x1.xs3.nt                          5.19495e-38
x1.xs4.nh                                 2.97
x1.y4                                     2.97
x1.xs4.nt                          1.10703e-13
x1.xs5.nh                                 2.97
x1.xs5.nt                          4.60091e-38
x1.nb1                                    2.97
x1.nb2                             2.97498e-09
clk1                                      2.97
x1.xcdec1.c_moscap_int1                  -2.97
x1.xcdec2.c_moscap_int1                  -2.97
e.x1.xcdec2.ec_moscap#branch                 0
e.x1.xcdec1.ec_moscap#branch                 0
vs#branch                          0.000103213
vb2#branch                                   0
vb1#branch                                   0
vb0#branch                                   0
vc#branch                                    0
vdd#branch                        -0.000103213


No. of Data Rows : 2852
tp_a                =  7.83069e-08 targ=  2.55376e-07 trig=  1.77069e-07
i_a                 =  1.26989e-04 from=  1.74660e-07 to=  4.80316e-07
MCVCOPAIR_A tp=7.83069E-08 f=5.1081E+07 i=0.000126989
Doing analysis at TEMP = -40.000000 and TNOM = 27.000000

Using SPARSE 1.3 as Direct Linear Solver

Initial Transient Solution
--------------------------

Node                                   Voltage
----                                   -------
vdd                                       2.97
vc                                         0.9
nb0                                          0
nb1                                          0
nb2                                       2.97
nvs                                       2.97
x1.xbias.na                            1.04259
x1.xbias.vbpc                          1.85966
x1.xbias.nc                          0.0923687
x1.xbias.xrcg.11                     0.0921677
x1.xbias.xrcg.21                   0.000200945
x1.xbias.nsu                         0.0102547
x1.xbias.vfix                          2.09672
x1.xbias.nmd                          0.900725
x1.xbias.vbp0                          1.93982
x1.xbias.noff                         0.886619
x1.xbias.xroff.11                     0.886282
x1.xbias.xroff.21                  0.000337521
x1.xbias.nvi                         0.0751511
x1.xbias.xrdeg.11                    0.0751225
x1.xbias.xrdeg.21                  2.86088e-05
x1.xbias.b0b                              2.97
x1.xbias.b1b                              2.97
x1.xbias.b2b                       4.49045e-09
x1.xbias.vbn1                         0.877386
x1.xbias.ga                               2.97
x1.xbias.vbp2                          1.95606
x1.xbias.gb                        1.05778e-16
x1.vbn                                0.960698
x1.xbias.gc                            1.95606
x1.vbp                                 1.86474
x1.xs1.nh                              1.41268
x1.y1                                        0
x1.y5                                        0
x1.xs1.nt                         -1.24734e-17
x1.xs2.nh                                 2.97
x1.y2                                     2.97
x1.xs2.nt                          2.01172e-13
x1.xs3.nh                                 2.97
x1.y3                                        0
x1.xs3.nt                           7.6988e-78
x1.xs4.nh                                 2.97
x1.y4                                     2.97
x1.xs4.nt                          1.36016e-13
x1.xs5.nh                                 2.97
x1.xs5.nt                          1.64381e-77
x1.nb1                                    2.97
x1.nb2                             2.97498e-09
clk1                                      2.97
x1.xcdec1.c_moscap_int1                  -2.97
x1.xcdec2.c_moscap_int1                  -2.97
e.x1.xcdec2.ec_moscap#branch                 0
e.x1.xcdec1.ec_moscap#branch                 0
vs#branch                          5.32037e-05
vb2#branch                                   0
vb1#branch                                   0
vb0#branch                                   0
vc#branch                                    0
vdd#branch                        -5.32037e-05


No. of Data Rows : 2930
tp_b                =  1.11180e-07 targ=  3.62388e-07 trig=  2.51208e-07
i_b                 =  7.21088e-05 from=  2.44620e-07 to=  6.72704e-07
MCVCOPAIR_B tp=1.1118E-07 f=3.59776E+07 i=7.21088E-05
Note: Simulation executed from .control section 
