
Note: Compatibility modes selected: hs a

Warning: m=xx on .subckt line will override multiplier m hierarchy!


Circuit: * generated by simenv.sh -- do not edit; edit sim/vco-tuning-range/testbench/tb_vco_band_pair.sp instead

Doing analysis at TEMP = 125.000000 and TNOM = 27.000000

Using SPARSE 1.3 as Direct Linear Solver

Initial Transient Solution
--------------------------

Node                                   Voltage
----                                   -------
vdd                                       2.97
vc                                         2.7
nb0                                       2.97
nb1                                       2.97
nb2                                          0
nvs                                       2.97
x1.xbias.na                            1.13619
x1.xbias.vbpc                          1.85429
x1.xbias.nc                           0.186008
x1.xbias.xrcg.11                      0.185715
x1.xbias.xrcg.21                   0.000293703
x1.xbias.nsu                        0.00599981
x1.xbias.vfix                          1.95795
x1.xbias.nmd                           0.83638
x1.xbias.vbp0                          2.00187
x1.xbias.noff                         0.866478
x1.xbias.xroff.11                     0.866239
x1.xbias.xroff.21                  0.000239174
x1.xbias.nvi                           1.40786
x1.xbias.xrdeg.11                      1.40747
x1.xbias.xrdeg.21                  0.000388612
x1.xbias.b0b                       1.12291e-08
x1.xbias.b1b                       1.12868e-08
x1.xbias.b2b                              2.97
x1.xbias.vbn1                         0.871595
x1.xbias.ga                            2.00187
x1.xbias.vbp2                          1.83361
x1.xbias.gb                           0.871595
x1.vbn                                0.893807
x1.xbias.gc                               2.97
x1.vbp                                 1.93196
x1.xs1.nh                              1.35688
x1.y1                                        0
x1.y5                                        0
x1.xs1.nt                         -1.66026e-17
x1.xs2.nh                                 2.97
x1.y2                                     2.97
x1.xs2.nt                          1.69844e-07
x1.xs3.nh                                 2.97
x1.y3                                        0
x1.xs3.nt                          6.72138e-19
x1.xs4.nh                                 2.97
x1.y4                                     2.97
x1.xs4.nt                          2.55619e-07
x1.xs5.nh                                 2.97
x1.xs5.nt                          6.88016e-19
x1.nb1                                    2.97
x1.nb2                              9.0847e-09
clk1                                      2.97
x1.xcdec1.c_moscap_int1                  -2.97
x1.xcdec2.c_moscap_int1                  -2.97
e.x1.xcdec2.ec_moscap#branch                 0
e.x1.xcdec1.ec_moscap#branch                 0
vs#branch                          0.000148983
vb2#branch                                   0
vb1#branch                                   0
vb0#branch                                   0
vc#branch                                    0
vdd#branch                        -0.000148983


No. of Data Rows : 2897
tp_a                =  6.64742e-08 targ=  2.33395e-07 trig=  1.66921e-07
i_a                 =  1.79180e-04 from=  1.52378e-07 to=  4.19040e-07
MCVCOPAIR_A tp=6.64742E-08 f=6.01737E+07 i=0.00017918
Doing analysis at TEMP = 125.000000 and TNOM = 27.000000

Using SPARSE 1.3 as Direct Linear Solver

Initial Transient Solution
--------------------------

Node                                   Voltage
----                                   -------
vdd                                       2.97
vc                                         0.9
nb0                                          0
nb1                                          0
nb2                                       2.97
nvs                                       2.97
x1.xbias.na                            1.13619
x1.xbias.vbpc                          1.85429
x1.xbias.nc                           0.186008
x1.xbias.xrcg.11                      0.185715
x1.xbias.xrcg.21                   0.000293703
x1.xbias.nsu                        0.00599981
x1.xbias.vfix                          1.95795
x1.xbias.nmd                           0.83638
x1.xbias.vbp0                          2.08126
x1.xbias.noff                         0.866614
x1.xbias.xroff.11                     0.866374
x1.xbias.xroff.21                  0.000239212
x1.xbias.nvi                          0.162475
x1.xbias.xrdeg.11                      0.16243
x1.xbias.xrdeg.21                  4.48479e-05
x1.xbias.b0b                              2.97
x1.xbias.b1b                              2.97
x1.xbias.b2b                       1.12107e-08
x1.xbias.vbn1                         0.752489
x1.xbias.ga                               2.97
x1.xbias.vbp2                          2.10409
x1.xbias.gb                        2.15477e-09
x1.vbn                                0.871401
x1.xbias.gc                            2.10409
x1.vbp                                 1.95733
x1.xs1.nh                              1.33525
x1.y1                                        0
x1.y5                                        0
x1.xs1.nt                          3.78836e-12
x1.xs2.nh                                 2.97
x1.y2                                     2.97
x1.xs2.nt                          1.89795e-07
x1.xs3.nh                                 2.97
x1.y3                                        0
x1.xs3.nt                          4.38499e-17
x1.xs4.nh                                 2.97
x1.y4                                     2.97
x1.xs4.nt                           2.8676e-07
x1.xs5.nh                                 2.97
x1.xs5.nt                          2.86041e-17
x1.nb1                                    2.97
x1.nb2                              9.0847e-09
clk1                                      2.97
x1.xcdec1.c_moscap_int1                  -2.97
x1.xcdec2.c_moscap_int1                  -2.97
e.x1.xcdec2.ec_moscap#branch                 0
e.x1.xcdec1.ec_moscap#branch                 0
vs#branch                          8.94742e-05
vb2#branch                                   0
vb1#branch                                   0
vb0#branch                                   0
vc#branch                                    0
vdd#branch                        -8.94742e-05


No. of Data Rows : 2821
tp_b                =  8.22398e-08 targ=  2.88508e-07 trig=  2.06268e-07
i_b                 =  1.15814e-04 from=  1.99569e-07 to=  5.48815e-07
MCVCOPAIR_B tp=8.22398E-08 f=4.86383E+07 i=0.000115814
Note: Simulation executed from .control section 
