
Note: Compatibility modes selected: hs a

Warning: m=xx on .subckt line will override multiplier m hierarchy!


Circuit: * generated by simenv.sh -- do not edit; edit sim/vco-tuning-range/testbench/tb_vco_band_pair.sp instead

Doing analysis at TEMP = 125.000000 and TNOM = 27.000000

Using SPARSE 1.3 as Direct Linear Solver

Initial Transient Solution
--------------------------

Node                                   Voltage
----                                   -------
vdd                                       3.63
vc                                         2.7
nb0                                       3.63
nb1                                       3.63
nb2                                          0
nvs                                       3.63
x1.xbias.na                            1.14003
x1.xbias.vbpc                          2.51373
x1.xbias.nc                            0.18997
x1.xbias.xrcg.11                       0.18967
x1.xbias.xrcg.21                   0.000299958
x1.xbias.nsu                         0.0101262
x1.xbias.vfix                          1.93633
x1.xbias.nmd                          0.826881
x1.xbias.vbp0                          2.66441
x1.xbias.noff                         0.851222
x1.xbias.xroff.11                     0.850987
x1.xbias.xroff.21                  0.000234963
x1.xbias.nvi                           1.40987
x1.xbias.xrdeg.11                      1.40948
x1.xbias.xrdeg.21                  0.000389168
x1.xbias.b0b                       1.44104e-08
x1.xbias.b1b                       1.25584e-08
x1.xbias.b2b                              3.63
x1.xbias.vbn1                         0.865037
x1.xbias.ga                            2.66441
x1.xbias.vbp2                          2.50022
x1.xbias.gb                           0.865037
x1.vbn                                0.887141
x1.xbias.gc                               3.63
x1.vbp                                 2.59144
x1.xs1.nh                              1.44888
x1.y1                                        0
x1.y5                                        0
x1.xs1.nt                         -1.43822e-14
x1.xs2.nh                                 3.63
x1.y2                                     3.63
x1.xs2.nt                          3.89492e-07
x1.xs3.nh                                 3.63
x1.y3                                        0
x1.xs3.nt                         -5.18104e-27
x1.xs4.nh                                 3.63
x1.y4                                     3.63
x1.xs4.nt                          2.99564e-07
x1.xs5.nh                                 3.63
x1.xs5.nt                         -2.18112e-35
x1.nb1                                    3.63
x1.nb2                             1.05663e-08
clk1                                      3.63
x1.xcdec1.c_moscap_int1                  -3.63
x1.xcdec2.c_moscap_int1                  -3.63
e.x1.xcdec2.ec_moscap#branch                 0
e.x1.xcdec1.ec_moscap#branch                 0
vs#branch                          0.000147853
vb2#branch                                   0
vb1#branch                                   0
vb0#branch                                   0
vc#branch                                    0
vdd#branch                        -0.000147853


No. of Data Rows : 2879
tp_a                =  9.96410e-08 targ=  3.24272e-07 trig=  2.24631e-07
i_a                 =  1.82944e-04 from=  2.08221e-07 to=  5.72608e-07
MCVCOPAIR_A tp=9.9641E-08 f=4.01441E+07 i=0.000182944
Doing analysis at TEMP = 125.000000 and TNOM = 27.000000

Using SPARSE 1.3 as Direct Linear Solver

Initial Transient Solution
--------------------------

Node                                   Voltage
----                                   -------
vdd                                       3.63
vc                                         0.9
nb0                                          0
nb1                                          0
nb2                                       3.63
nvs                                       3.63
x1.xbias.na                            1.14003
x1.xbias.vbpc                          2.51373
x1.xbias.nc                            0.18997
x1.xbias.xrcg.11                       0.18967
x1.xbias.xrcg.21                   0.000299958
x1.xbias.nsu                         0.0101262
x1.xbias.vfix                          1.93633
x1.xbias.nmd                          0.826881
x1.xbias.vbp0                          2.74427
x1.xbias.noff                         0.851344
x1.xbias.xroff.11                     0.851109
x1.xbias.xroff.21                  0.000234997
x1.xbias.nvi                          0.163941
x1.xbias.xrdeg.11                     0.163895
x1.xbias.xrdeg.21                  4.52526e-05
x1.xbias.b0b                              3.63
x1.xbias.b1b                              3.63
x1.xbias.b2b                       1.26734e-08
x1.xbias.vbn1                         0.744628
x1.xbias.ga                               3.63
x1.xbias.vbp2                          2.76982
x1.xbias.gb                        1.62228e-09
x1.vbn                                0.859853
x1.xbias.gc                            2.76982
x1.vbp                                 2.62246
x1.xs1.nh                              1.42171
x1.y1                                        0
x1.y5                                        0
x1.xs1.nt                         -1.32823e-17
x1.xs2.nh                                 3.63
x1.y2                                     3.63
x1.xs2.nt                           4.5166e-07
x1.xs3.nh                                 3.63
x1.y3                                        0
x1.xs3.nt                          -3.2569e-17
x1.xs4.nh                                 3.63
x1.y4                                     3.63
x1.xs4.nt                          3.46293e-07
x1.xs5.nh                                 3.63
x1.xs5.nt                         -3.23661e-17
x1.nb1                                    3.63
x1.nb2                             1.05663e-08
clk1                                      3.63
x1.xcdec1.c_moscap_int1                  -3.63
x1.xcdec2.c_moscap_int1                  -3.63
e.x1.xcdec2.ec_moscap#branch                 0
e.x1.xcdec1.ec_moscap#branch                 0
vs#branch                          8.74578e-05
vb2#branch                                   0
vb1#branch                                   0
vb0#branch                                   0
vc#branch                                    0
vdd#branch                        -8.74578e-05


No. of Data Rows : 2936
tp_b                =  1.28046e-07 targ=  4.16659e-07 trig=  2.88613e-07
i_b                 =  1.18049e-04 from=  2.63992e-07 to=  7.25977e-07
MCVCOPAIR_B tp=1.28046E-07 f=3.12388E+07 i=0.000118049
Note: Simulation executed from .control section 
