
Note: Compatibility modes selected: hs a

Warning: m=xx on .subckt line will override multiplier m hierarchy!


Circuit: * generated by simenv.sh -- do not edit; edit sim/vco-tuning-range/testbench/tb_vco_band_pair.sp instead

Doing analysis at TEMP = -40.000000 and TNOM = 27.000000

Using SPARSE 1.3 as Direct Linear Solver

Initial Transient Solution
--------------------------

Node                                   Voltage
----                                   -------
vdd                                       3.63
vc                                         2.7
nb0                                       3.63
nb1                                       3.63
nb2                                          0
nvs                                       3.63
x1.xbias.na                             1.0349
x1.xbias.vbpc                          2.52407
x1.xbias.nc                          0.0881789
x1.xbias.xrcg.11                     0.0879871
x1.xbias.xrcg.21                    0.00019183
x1.xbias.nsu                         0.0200569
x1.xbias.vfix                          2.10374
x1.xbias.nmd                          0.904015
x1.xbias.vbp0                           2.5461
x1.xbias.noff                         0.895229
x1.xbias.xroff.11                     0.894888
x1.xbias.xroff.21                  0.000340799
x1.xbias.nvi                           1.34257
x1.xbias.xrdeg.11                      1.34206
x1.xbias.xrdeg.21                  0.000511096
x1.xbias.b0b                       5.18818e-09
x1.xbias.b1b                       5.19531e-09
x1.xbias.b2b                              3.63
x1.xbias.vbn1                         0.956989
x1.xbias.ga                             2.5461
x1.xbias.vbp2                          2.44124
x1.xbias.gb                           0.956989
x1.vbn                                0.978743
x1.xbias.gc                               3.63
x1.vbp                                 2.49355
x1.xs1.nh                              1.52482
x1.y1                                        0
x1.y5                                        0
x1.xs1.nt                         -1.51469e-30
x1.xs2.nh                                 3.63
x1.y2                                     3.63
x1.xs2.nt                          4.05702e-13
x1.xs3.nh                                 3.63
x1.y3                                        0
x1.xs3.nt                         -2.61509e-38
x1.xs4.nh                                 3.63
x1.y4                                     3.63
x1.xs4.nt                          2.77389e-13
x1.xs5.nh                                 3.63
x1.xs5.nt                           7.1443e-39
x1.nb1                                    3.63
x1.nb2                             3.65106e-09
clk1                                      3.63
x1.xcdec1.c_moscap_int1                  -3.63
x1.xcdec2.c_moscap_int1                  -3.63
e.x1.xcdec2.ec_moscap#branch                 0
e.x1.xcdec1.ec_moscap#branch                 0
vs#branch                          0.000103134
vb2#branch                                   0
vb1#branch                                   0
vb0#branch                                   0
vc#branch                                    0
vdd#branch                        -0.000103134


No. of Data Rows : 2876
tp_a                =  1.18435e-07 targ=  3.85426e-07 trig=  2.66991e-07
i_a                 =  1.32924e-04 from=  2.44424e-07 to=  6.72165e-07
MCVCOPAIR_A tp=1.18435E-07 f=3.37739E+07 i=0.000132924
Doing analysis at TEMP = -40.000000 and TNOM = 27.000000

Using SPARSE 1.3 as Direct Linear Solver

Initial Transient Solution
--------------------------

Node                                   Voltage
----                                   -------
vdd                                       3.63
vc                                         0.9
nb0                                          0
nb1                                          0
nb2                                       3.63
nvs                                       3.63
x1.xbias.na                             1.0349
x1.xbias.vbpc                          2.52407
x1.xbias.nc                          0.0881789
x1.xbias.xrcg.11                     0.0879871
x1.xbias.xrcg.21                    0.00019183
x1.xbias.nsu                         0.0200569
x1.xbias.vfix                          2.10374
x1.xbias.nmd                          0.904015
x1.xbias.vbp0                          2.59861
x1.xbias.noff                         0.895317
x1.xbias.xroff.11                     0.894976
x1.xbias.xroff.21                  0.000340832
x1.xbias.nvi                          0.074103
x1.xbias.xrdeg.11                    0.0740748
x1.xbias.xrdeg.21                  2.82098e-05
x1.xbias.b0b                              3.63
x1.xbias.b1b                              3.63
x1.xbias.b2b                       5.21112e-09
x1.xbias.vbn1                         0.877392
x1.xbias.ga                               3.63
x1.xbias.vbp2                          2.61457
x1.xbias.gb                        1.24503e-16
x1.vbn                                0.961015
x1.xbias.gc                            2.61457
x1.vbp                                 2.51395
x1.xs1.nh                              1.50678
x1.y1                                        0
x1.y5                                        0
x1.xs1.nt                         -3.08311e-18
x1.xs2.nh                                 3.63
x1.y2                                     3.63
x1.xs2.nt                          4.78362e-13
x1.xs3.nh                                 3.63
x1.y3                                        0
x1.xs3.nt                         -8.45723e-19
x1.xs4.nh                                 3.63
x1.y4                                     3.63
x1.xs4.nt                          3.23878e-13
x1.xs5.nh                                 3.63
x1.xs5.nt                           -4.337e-19
x1.nb1                                    3.63
x1.nb2                             3.65106e-09
clk1                                      3.63
x1.xcdec1.c_moscap_int1                  -3.63
x1.xcdec2.c_moscap_int1                  -3.63
e.x1.xcdec2.ec_moscap#branch                 0
e.x1.xcdec1.ec_moscap#branch                 0
vs#branch                          5.60901e-05
vb2#branch                                   0
vb1#branch                                   0
vb0#branch                                   0
vc#branch                                    0
vdd#branch                        -5.60901e-05


No. of Data Rows : 2949
tp_b                =  1.51546e-07 targ=  4.93063e-07 trig=  3.41517e-07
i_b                 =  8.00850e-05 from=  3.29017e-07 to=  9.04797e-07
MCVCOPAIR_B tp=1.51546E-07 f=2.63946E+07 i=8.0085E-05
Note: Simulation executed from .control section 
