
Note: Compatibility modes selected: hs a

Warning: m=xx on .subckt line will override multiplier m hierarchy!


Circuit: * generated by simenv.sh -- do not edit; edit sim/vco-tuning-range/testbench/tb_vco_band_pair.sp instead

Doing analysis at TEMP = 125.000000 and TNOM = 27.000000

Using SPARSE 1.3 as Direct Linear Solver

Initial Transient Solution
--------------------------

Node                                   Voltage
----                                   -------
vdd                                       3.63
vc                                         2.7
nb0                                       3.63
nb1                                       3.63
nb2                                          0
nvs                                       3.63
x1.xbias.na                           0.847737
x1.xbias.vbpc                          2.59368
x1.xbias.nc                           0.146467
x1.xbias.xrcg.11                      0.146236
x1.xbias.xrcg.21                   0.000231267
x1.xbias.nsu                         0.0127073
x1.xbias.vfix                          1.43345
x1.xbias.nmd                          0.614881
x1.xbias.vbp0                          2.70256
x1.xbias.noff                         0.646742
x1.xbias.xroff.11                     0.646563
x1.xbias.xroff.21                  0.000178521
x1.xbias.nvi                           1.58498
x1.xbias.xrdeg.11                      1.58454
x1.xbias.xrdeg.21                  0.000437503
x1.xbias.b0b                       1.40645e-08
x1.xbias.b1b                        1.4364e-08
x1.xbias.b2b                              3.63
x1.xbias.vbn1                         0.665786
x1.xbias.ga                            2.70256
x1.xbias.vbp2                          2.53486
x1.xbias.gb                           0.665786
x1.vbn                                0.684727
x1.xbias.gc                               3.63
x1.vbp                                 2.63477
x1.xs1.nh                              1.38949
x1.y1                                        0
x1.y5                                        0
x1.xs1.nt                          2.95278e-18
x1.xs2.nh                                 3.63
x1.y2                                     3.63
x1.xs2.nt                          1.97497e-05
x1.xs3.nh                                 3.63
x1.y3                                        0
x1.xs3.nt                          2.43043e-35
x1.xs4.nh                                 3.63
x1.y4                                     3.63
x1.xs4.nt                          2.25347e-05
x1.xs5.nh                                 3.63
x1.xs5.nt                         -4.27239e-27
x1.nb1                                 3.62999
x1.nb2                             1.18809e-08
clk1                                      3.63
x1.xcdec1.c_moscap_int1                  -3.63
x1.xcdec2.c_moscap_int1                  -3.63
e.x1.xcdec2.ec_moscap#branch                 0
e.x1.xcdec1.ec_moscap#branch                 0
vs#branch                          0.000140879
vb2#branch                                   0
vb1#branch                                   0
vb0#branch                                   0
vc#branch                                    0
vdd#branch                        -0.000140879


No. of Data Rows : 2869
tp_a                =  1.07486e-07 targ=  3.22909e-07 trig=  2.15423e-07
i_a                 =  1.82567e-04 from=  2.12652e-07 to=  5.84794e-07
MCVCOPAIR_A tp=1.07486E-07 f=3.72141E+07 i=0.000182567
Doing analysis at TEMP = 125.000000 and TNOM = 27.000000

Using SPARSE 1.3 as Direct Linear Solver

Initial Transient Solution
--------------------------

Node                                   Voltage
----                                   -------
vdd                                       3.63
vc                                         0.9
nb0                                          0
nb1                                          0
nb2                                       3.63
nvs                                       3.63
x1.xbias.na                           0.847737
x1.xbias.vbpc                          2.59368
x1.xbias.nc                           0.146467
x1.xbias.xrcg.11                      0.146236
x1.xbias.xrcg.21                   0.000231267
x1.xbias.nsu                         0.0127073
x1.xbias.vfix                          1.43345
x1.xbias.nmd                          0.614881
x1.xbias.vbp0                          2.78736
x1.xbias.noff                         0.646872
x1.xbias.xroff.11                     0.646693
x1.xbias.xroff.21                  0.000178556
x1.xbias.nvi                          0.283213
x1.xbias.xrdeg.11                     0.283134
x1.xbias.xrdeg.21                  7.81754e-05
x1.xbias.b0b                              3.63
x1.xbias.b1b                              3.63
x1.xbias.b2b                       1.36358e-08
x1.xbias.vbn1                         0.545981
x1.xbias.ga                               3.63
x1.xbias.vbp2                          2.81354
x1.xbias.gb                        4.91356e-08
x1.vbn                                0.646573
x1.xbias.gc                            2.81354
x1.vbp                                 2.68051
x1.xs1.nh                              1.34944
x1.y1                                        0
x1.y5                                        0
x1.xs1.nt                          6.64134e-18
x1.xs2.nh                                 3.63
x1.y2                                     3.63
x1.xs2.nt                          2.48929e-05
x1.xs3.nh                                 3.63
x1.y3                                        0
x1.xs3.nt                         -8.08822e-36
x1.xs4.nh                                 3.63
x1.y4                                     3.63
x1.xs4.nt                          2.82336e-05
x1.xs5.nh                                 3.63
x1.xs5.nt                          -4.1289e-27
x1.nb1                                 3.62999
x1.nb2                             1.18809e-08
clk1                                      3.63
x1.xcdec1.c_moscap_int1                  -3.63
x1.xcdec2.c_moscap_int1                  -3.63
e.x1.xcdec2.ec_moscap#branch                 0
e.x1.xcdec1.ec_moscap#branch                 0
vs#branch                          7.41573e-05
vb2#branch                                   0
vb1#branch                                   0
vb0#branch                                   0
vc#branch                                    0
vdd#branch                        -7.41573e-05


No. of Data Rows : 2872
tp_b                =  1.58340e-07 targ=  4.75585e-07 trig=  3.17245e-07
i_b                 =  1.07771e-04 from=  2.85846e-07 to=  7.86076e-07
MCVCOPAIR_B tp=1.5834E-07 f=2.52621E+07 i=0.000107772
Note: Simulation executed from .control section 
