
Note: Compatibility modes selected: hs a

Warning: m=xx on .subckt line will override multiplier m hierarchy!


Circuit: * generated by simenv.sh -- do not edit; edit sim/vco-tuning-range/testbench/tb_vco_band_pair.sp instead

Doing analysis at TEMP = 125.000000 and TNOM = 27.000000

Using SPARSE 1.3 as Direct Linear Solver

Initial Transient Solution
--------------------------

Node                                   Voltage
----                                   -------
vdd                                       3.63
vc                                         2.7
nb0                                       3.63
nb1                                          0
nb2                                          0
nvs                                       3.63
x1.xbias.na                            1.13757
x1.xbias.vbpc                          2.51434
x1.xbias.nc                           0.186944
x1.xbias.xrcg.11                      0.186649
x1.xbias.xrcg.21                    0.00029518
x1.xbias.nsu                         0.0103161
x1.xbias.vfix                          1.94483
x1.xbias.nmd                           0.82773
x1.xbias.vbp0                           2.6627
x1.xbias.noff                         0.858283
x1.xbias.xroff.11                     0.858046
x1.xbias.xroff.21                  0.000236912
x1.xbias.nvi                           1.41042
x1.xbias.xrdeg.11                      1.41003
x1.xbias.xrdeg.21                   0.00038932
x1.xbias.b0b                       1.45133e-08
x1.xbias.b1b                              3.63
x1.xbias.b2b                              3.63
x1.xbias.vbn1                         0.871315
x1.xbias.ga                             2.6627
x1.xbias.vbp2                          2.64069
x1.xbias.gb                        1.63638e-09
x1.vbn                                0.787223
x1.xbias.gc                               3.63
x1.vbp                                 2.70222
x1.xs1.nh                              1.34492
x1.y1                                        0
x1.y5                                        0
x1.xs1.nt                         -1.12897e-24
x1.xs2.nh                                 3.63
x1.y2                                     3.63
x1.xs2.nt                          5.99227e-07
x1.xs3.nh                                 3.63
x1.y3                                        0
x1.xs3.nt                            7.366e-52
x1.xs4.nh                                 3.63
x1.y4                                     3.63
x1.xs4.nt                          9.51245e-07
x1.xs5.nh                                 3.63
x1.xs5.nt                          2.23679e-43
x1.nb1                                    3.63
x1.nb2                             1.03762e-08
clk1                                      3.63
x1.xcdec1.c_moscap_int1                  -3.63
x1.xcdec2.c_moscap_int1                  -3.63
e.x1.xcdec2.ec_moscap#branch                 0
e.x1.xcdec1.ec_moscap#branch                 0
vs#branch                          0.000101784
vb2#branch                                   0
vb1#branch                                   0
vb0#branch                                   0
vc#branch                                    0
vdd#branch                        -0.000101784


No. of Data Rows : 2907
tp_a                =  2.74813e-07 targ=  8.93965e-07 trig=  6.19152e-07
i_a                 =  1.22581e-04 from=  5.86101e-07 to=  1.61178e-06
MCVCOPAIR_A tp=2.74813E-07 f=1.45553E+07 i=0.000122581
Doing analysis at TEMP = 125.000000 and TNOM = 27.000000

Using SPARSE 1.3 as Direct Linear Solver

Initial Transient Solution
--------------------------

Node                                   Voltage
----                                   -------
vdd                                       3.63
vc                                         0.9
nb0                                          0
nb1                                       3.63
nb2                                          0
nvs                                       3.63
x1.xbias.na                            1.13757
x1.xbias.vbpc                          2.51434
x1.xbias.nc                           0.186944
x1.xbias.xrcg.11                      0.186649
x1.xbias.xrcg.21                    0.00029518
x1.xbias.nsu                         0.0103161
x1.xbias.vfix                          1.94483
x1.xbias.nmd                           0.82773
x1.xbias.vbp0                          2.74232
x1.xbias.noff                         0.858405
x1.xbias.xroff.11                     0.858168
x1.xbias.xroff.21                  0.000236946
x1.xbias.nvi                          0.164312
x1.xbias.xrdeg.11                     0.164267
x1.xbias.xrdeg.21                  4.53552e-05
x1.xbias.b0b                              3.63
x1.xbias.b1b                        1.2708e-08
x1.xbias.b2b                              3.63
x1.xbias.vbn1                          0.75113
x1.xbias.ga                               3.63
x1.xbias.vbp2                          2.66809
x1.xbias.gb                            0.75113
x1.vbn                                0.767871
x1.xbias.gc                               3.63
x1.vbp                                 2.72392
x1.xs1.nh                              1.32621
x1.y1                                        0
x1.y5                                        0
x1.xs1.nt                         -5.86539e-18
x1.xs2.nh                                 3.63
x1.y2                                     3.63
x1.xs2.nt                          7.02191e-07
x1.xs3.nh                                 3.63
x1.y3                                        0
x1.xs3.nt                           4.6916e-19
x1.xs4.nh                                 3.63
x1.y4                                     3.63
x1.xs4.nt                          1.11283e-06
x1.xs5.nh                                 3.63
x1.xs5.nt                          2.82093e-27
x1.nb1                                    3.63
x1.nb2                             1.03762e-08
clk1                                      3.63
x1.xcdec1.c_moscap_int1                  -3.63
x1.xcdec2.c_moscap_int1                  -3.63
e.x1.xcdec2.ec_moscap#branch                 0
e.x1.xcdec1.ec_moscap#branch                 0
vs#branch                          6.82815e-05
vb2#branch                                   0
vb1#branch                                   0
vb0#branch                                   0
vc#branch                                    0
vdd#branch                        -6.82815e-05


No. of Data Rows : 2896
tp_b                =  3.49444e-07 targ=  1.13633e-06 trig=  7.86888e-07
i_b                 =  8.62848e-05 from=  7.61269e-07 to=  2.09349e-06
MCVCOPAIR_B tp=3.49444E-07 f=1.14467E+07 i=8.62848E-05
Note: Simulation executed from .control section 
