
Note: Compatibility modes selected: hs a

Warning: m=xx on .subckt line will override multiplier m hierarchy!


Circuit: * generated by simenv.sh -- do not edit; edit sim/vco-tuning-range/testbench/tb_vco_band_pair.sp instead

Doing analysis at TEMP = -40.000000 and TNOM = 27.000000

Using SPARSE 1.3 as Direct Linear Solver

Initial Transient Solution
--------------------------

Node                                   Voltage
----                                   -------
vdd                                       3.63
vc                                         2.7
nb0                                       3.63
nb1                                       3.63
nb2                                          0
nvs                                       3.63
x1.xbias.na                            1.04045
x1.xbias.vbpc                          2.52275
x1.xbias.nc                          0.0903287
x1.xbias.xrcg.11                     0.0901322
x1.xbias.xrcg.21                   0.000196507
x1.xbias.nsu                          0.018451
x1.xbias.vfix                          2.10434
x1.xbias.nmd                           0.90006
x1.xbias.vbp0                          2.54576
x1.xbias.noff                         0.893342
x1.xbias.xroff.11                     0.893002
x1.xbias.xroff.21                   0.00034008
x1.xbias.nvi                           1.34606
x1.xbias.xrdeg.11                      1.34555
x1.xbias.xrdeg.21                  0.000512422
x1.xbias.b0b                       5.19201e-09
x1.xbias.b1b                       5.17444e-09
x1.xbias.b2b                              3.63
x1.xbias.vbn1                         0.957134
x1.xbias.ga                            2.54576
x1.xbias.vbp2                          2.43218
x1.xbias.gb                           0.957134
x1.vbn                                0.987073
x1.xbias.gc                               3.63
x1.vbp                                 2.48425
x1.xs1.nh                              1.53304
x1.y1                                        0
x1.y5                                        0
x1.xs1.nt                         -8.73107e-18
x1.xs2.nh                                 3.63
x1.y2                                     3.63
x1.xs2.nt                          3.68483e-13
x1.xs3.nh                                 3.63
x1.y3                                        0
x1.xs3.nt                          2.44206e-38
x1.xs4.nh                                 3.63
x1.y4                                     3.63
x1.xs4.nt                          2.14611e-13
x1.xs5.nh                                 3.63
x1.xs5.nt                          5.36492e-39
x1.nb1                                    3.63
x1.nb2                             3.65883e-09
clk1                                      3.63
x1.xcdec1.c_moscap_int1                  -3.63
x1.xcdec2.c_moscap_int1                  -3.63
e.x1.xcdec2.ec_moscap#branch                 0
e.x1.xcdec1.ec_moscap#branch                 0
vs#branch                          0.000109264
vb2#branch                                   0
vb1#branch                                   0
vb0#branch                                   0
vc#branch                                    0
vdd#branch                        -0.000109264


No. of Data Rows : 2911
tp_a                =  1.07227e-07 targ=  3.75747e-07 trig=  2.68520e-07
i_a                 =  1.40785e-04 from=  2.44424e-07 to=  6.72165e-07
MCVCOPAIR_A tp=1.07227E-07 f=3.7304E+07 i=0.000140785
Doing analysis at TEMP = -40.000000 and TNOM = 27.000000

Using SPARSE 1.3 as Direct Linear Solver

Initial Transient Solution
--------------------------

Node                                   Voltage
----                                   -------
vdd                                       3.63
vc                                         0.9
nb0                                          0
nb1                                          0
nb2                                       3.63
nvs                                       3.63
x1.xbias.na                            1.04045
x1.xbias.vbpc                          2.52275
x1.xbias.nc                          0.0903287
x1.xbias.xrcg.11                     0.0901322
x1.xbias.xrcg.21                   0.000196507
x1.xbias.nsu                          0.018451
x1.xbias.vfix                          2.10434
x1.xbias.nmd                           0.90006
x1.xbias.vbp0                          2.59829
x1.xbias.noff                         0.893429
x1.xbias.xroff.11                     0.893089
x1.xbias.xroff.21                  0.000340114
x1.xbias.nvi                         0.0765298
x1.xbias.xrdeg.11                    0.0765007
x1.xbias.xrdeg.21                  2.91336e-05
x1.xbias.b0b                              3.63
x1.xbias.b1b                              3.63
x1.xbias.b2b                       5.25865e-09
x1.xbias.vbn1                         0.877176
x1.xbias.ga                               3.63
x1.xbias.vbp2                          2.61321
x1.xbias.gb                        1.51909e-16
x1.vbn                                0.965021
x1.xbias.gc                            2.61321
x1.vbp                                 2.50996
x1.xs1.nh                              1.51022
x1.y1                                        0
x1.y5                                        0
x1.xs1.nt                          -1.3442e-13
x1.xs2.nh                                 3.63
x1.y2                                     3.63
x1.xs2.nt                          3.17682e-13
x1.xs3.nh                                 3.63
x1.y3                                        0
x1.xs3.nt                          2.02991e-16
x1.xs4.nh                                 3.63
x1.y4                                     3.63
x1.xs4.nt                          1.14112e-13
x1.xs5.nh                                 3.63
x1.xs5.nt                          1.98018e-17
x1.nb1                                    3.63
x1.nb2                             3.65883e-09
clk1                                      3.63
x1.xcdec1.c_moscap_int1                  -3.63
x1.xcdec2.c_moscap_int1                  -3.63
e.x1.xcdec2.ec_moscap#branch                 0
e.x1.xcdec1.ec_moscap#branch                 0
vs#branch                          5.84089e-05
vb2#branch                                   0
vb1#branch                                   0
vb0#branch                                   0
vc#branch                                    0
vdd#branch                        -5.84089e-05


No. of Data Rows : 2957
tp_b                =  1.45159e-07 targ=  5.08447e-07 trig=  3.63289e-07
i_b                 =  8.42508e-05 from=  3.29017e-07 to=  9.04797e-07
MCVCOPAIR_B tp=1.45159E-07 f=2.7556E+07 i=8.42508E-05
Note: Simulation executed from .control section 
