
Note: Compatibility modes selected: hs a

Warning: m=xx on .subckt line will override multiplier m hierarchy!


Circuit: * generated by simenv.sh -- do not edit; edit sim/vco-tuning-range/testbench/tb_vco_band_pair.sp instead

Doing analysis at TEMP = 125.000000 and TNOM = 27.000000

Using SPARSE 1.3 as Direct Linear Solver

Initial Transient Solution
--------------------------

Node                                   Voltage
----                                   -------
vdd                                       2.97
vc                                         2.7
nb0                                       2.97
nb1                                       2.97
nb2                                          0
nvs                                       2.97
x1.xbias.na                            1.13486
x1.xbias.vbpc                          1.85735
x1.xbias.nc                           0.184856
x1.xbias.xrcg.11                      0.184565
x1.xbias.xrcg.21                   0.000291884
x1.xbias.nsu                        0.00604799
x1.xbias.vfix                          1.96725
x1.xbias.nmd                          0.845923
x1.xbias.vbp0                          2.00144
x1.xbias.noff                         0.872836
x1.xbias.xroff.11                     0.872596
x1.xbias.xroff.21                   0.00024093
x1.xbias.nvi                           1.40879
x1.xbias.xrdeg.11                       1.4084
x1.xbias.xrdeg.21                  0.000388869
x1.xbias.b0b                       1.09185e-08
x1.xbias.b1b                       1.13339e-08
x1.xbias.b2b                              2.97
x1.xbias.vbn1                         0.864582
x1.xbias.ga                            2.00144
x1.xbias.vbp2                          1.83432
x1.xbias.gb                           0.864582
x1.vbn                                0.896107
x1.xbias.gc                               2.97
x1.vbp                                 1.92326
x1.xs1.nh                              1.36782
x1.y1                                        0
x1.y5                                        0
x1.xs1.nt                         -2.05682e-17
x1.xs2.nh                                 2.97
x1.y2                                     2.97
x1.xs2.nt                          3.21181e-07
x1.xs3.nh                                 2.97
x1.y3                                        0
x1.xs3.nt                         -6.74817e-19
x1.xs4.nh                                 2.97
x1.y4                                     2.97
x1.xs4.nt                          3.88663e-07
x1.xs5.nh                                 2.97
x1.xs5.nt                         -1.34242e-18
x1.nb1                                    2.97
x1.nb2                             1.04099e-08
clk1                                      2.97
x1.xcdec1.c_moscap_int1                  -2.97
x1.xcdec2.c_moscap_int1                  -2.97
e.x1.xcdec2.ec_moscap#branch                 0
e.x1.xcdec1.ec_moscap#branch                 0
vs#branch                          0.000150633
vb2#branch                                   0
vb1#branch                                   0
vb0#branch                                   0
vc#branch                                    0
vdd#branch                        -0.000150633


No. of Data Rows : 2896
tp_a                =  6.57556e-08 targ=  2.30792e-07 trig=  1.65037e-07
i_a                 =  1.80126e-04 from=  1.52378e-07 to=  4.19040e-07
MCVCOPAIR_A tp=6.57556E-08 f=6.08313E+07 i=0.000180126
Doing analysis at TEMP = 125.000000 and TNOM = 27.000000

Using SPARSE 1.3 as Direct Linear Solver

Initial Transient Solution
--------------------------

Node                                   Voltage
----                                   -------
vdd                                       2.97
vc                                         0.9
nb0                                          0
nb1                                          0
nb2                                       2.97
nvs                                       2.97
x1.xbias.na                            1.13486
x1.xbias.vbpc                          1.85735
x1.xbias.nc                           0.184856
x1.xbias.xrcg.11                      0.184565
x1.xbias.xrcg.21                   0.000291884
x1.xbias.nsu                        0.00604799
x1.xbias.vfix                          1.96725
x1.xbias.nmd                          0.845923
x1.xbias.vbp0                           2.0806
x1.xbias.noff                         0.872972
x1.xbias.xroff.11                     0.872731
x1.xbias.xroff.21                  0.000240967
x1.xbias.nvi                          0.163136
x1.xbias.xrdeg.11                     0.163091
x1.xbias.xrdeg.21                  4.50305e-05
x1.xbias.b0b                              2.97
x1.xbias.b1b                              2.97
x1.xbias.b2b                       1.07243e-08
x1.xbias.vbn1                         0.744187
x1.xbias.ga                               2.97
x1.xbias.vbp2                          2.10896
x1.xbias.gb                        2.04107e-09
x1.vbn                                0.866438
x1.xbias.gc                            2.10896
x1.vbp                                 1.95687
x1.xs1.nh                              1.33908
x1.y1                                        0
x1.y5                                        0
x1.xs1.nt                         -7.91418e-12
x1.xs2.nh                                 2.97
x1.y2                                     2.97
x1.xs2.nt                          3.75233e-07
x1.xs3.nh                                 2.97
x1.y3                                        0
x1.xs3.nt                          5.22748e-17
x1.xs4.nh                                 2.97
x1.y4                                     2.97
x1.xs4.nt                           4.5278e-07
x1.xs5.nh                                 2.97
x1.xs5.nt                          5.32427e-17
x1.nb1                                    2.97
x1.nb2                             1.04099e-08
clk1                                      2.97
x1.xcdec1.c_moscap_int1                  -2.97
x1.xcdec2.c_moscap_int1                  -2.97
e.x1.xcdec2.ec_moscap#branch                 0
e.x1.xcdec1.ec_moscap#branch                 0
vs#branch                          8.83119e-05
vb2#branch                                   0
vb1#branch                                   0
vb0#branch                                   0
vc#branch                                    0
vdd#branch                        -8.83119e-05


No. of Data Rows : 2822
tp_b                =  8.69594e-08 targ=  3.05239e-07 trig=  2.18279e-07
i_b                 =  1.12681e-04 from=  1.99569e-07 to=  5.48815e-07
MCVCOPAIR_B tp=8.69594E-08 f=4.59985E+07 i=0.000112681
Note: Simulation executed from .control section 
