
Note: Compatibility modes selected: hs a


Circuit: * cp-compliance-dc @ ff_-40c_2.97v_code01 -- generated by sim/harness, do not edit

Doing analysis at TEMP = -40.000000 and TNOM = 27.000000

Using SPARSE 1.3 as Direct Linear Solver
 Reference value :  0.00000e+00
 Reference value :  1.60000e-01
 Reference value :  2.60000e-01
 Reference value :  3.40000e-01
 Reference value :  4.20000e-01
 Reference value :  5.40000e-01
 Reference value :  7.00000e-01
 Reference value :  9.60000e-01
 Reference value :  1.30000e+00
 Reference value :  1.62000e+00
 Reference value :  1.88000e+00
 Reference value :  2.16000e+00
 Reference value :  2.28000e+00
 Reference value :  2.34000e+00
 Reference value :  2.42000e+00
 Reference value :  2.50000e+00
 Reference value :  2.58000e+00
 Reference value :  2.72000e+00
 Reference value :  3.06000e+00
 Reference value :  3.40000e+00
No. of Data Rows : 182

  Measurements for DC Analysis

iup_lo              =  3.43886e-06
idn_lo              =  3.31613e-06
iup_mid             =  3.43356e-06
idn_mid             =  3.33257e-06
iup_hi              =  3.42249e-06
idn_hi              =  3.34181e-06
satlo_ncasc_vds     =  8.27754e-01
satlo_ncasc_vdsat   =  7.04660e-02
satlo_pcasc_vds     =  1.75465e+00
satlo_pcasc_vdsat   =  7.63062e-02
satlo_nbot_vds      =  7.13145e-02
satlo_nbot_vdsat    =  7.32749e-02
satlo_ptop_vds      =  7.34358e-02
satlo_ptop_vdsat    =  8.06835e-02
sathi_ncasc_vds     =  2.01516e+00
sathi_ncasc_vdsat   =  6.90555e-02
sathi_pcasc_vds     =  4.94792e-01
sathi_pcasc_vdsat   =  7.71281e-02
sathi_nbot_vds      =  7.35391e-02
sathi_nbot_vdsat    =  7.32749e-02
sathi_ptop_vds      =  7.24029e-02
sathi_ptop_vdsat    =  8.06835e-02

Doing analysis at TEMP = -40.000000 and TNOM = 27.000000

Using SPARSE 1.3 as Direct Linear Solver

  Measurements for DC Analysis

iup_lo              =  3.43886e-06
idn_lo              =  3.31613e-06
iup_mid             =  3.43356e-06
idn_mid             =  3.33257e-06
iup_hi              =  3.42249e-06
idn_hi              =  3.34181e-06
satlo_ncasc_vds     =  8.27754e-01
satlo_ncasc_vdsat   =  7.04660e-02
satlo_pcasc_vds     =  1.75465e+00
satlo_pcasc_vdsat   =  7.63062e-02
satlo_nbot_vds      =  7.13145e-02
satlo_nbot_vdsat    =  7.32749e-02
satlo_ptop_vds      =  7.34358e-02
satlo_ptop_vdsat    =  8.06835e-02
sathi_ncasc_vds     =  2.01516e+00
sathi_ncasc_vdsat   =  6.90555e-02
sathi_pcasc_vds     =  4.94792e-01
sathi_pcasc_vdsat   =  7.71281e-02
sathi_nbot_vds      =  7.35391e-02
sathi_nbot_vdsat    =  7.32749e-02
sathi_ptop_vds      =  7.24029e-02
sathi_ptop_vdsat    =  8.06835e-02


Total analysis time (seconds) = 95.8944

Total elapsed time (seconds) = 102.254 

Total DRAM available = 98304.000 MB.
DRAM currently available = 21281.062 MB.
Maximum ngspice program size =   20.125 MB.
Current ngspice program size =   20.125 MB.


Warning: m=xx on .subckt line will override multiplier m hierarchy!

Note: Starting dynamic gmin stepping
Note: Dynamic gmin stepping completed
Note: Starting dynamic gmin stepping
Note: Dynamic gmin stepping completed
Note: Starting dynamic gmin stepping
Note: Dynamic gmin stepping completed
Note: Starting dynamic gmin stepping
Note: Dynamic gmin stepping completed
Note: Starting dynamic gmin stepping
Note: Dynamic gmin stepping completed
Note: Starting dynamic gmin stepping
Note: Dynamic gmin stepping completed
Note: Starting dynamic gmin stepping
Note: Dynamic gmin stepping completed
Note: Starting dynamic gmin stepping
Note: Dynamic gmin stepping completed
Note: Starting dynamic gmin stepping
Note: Dynamic gmin stepping completed
Note: Starting dynamic gmin stepping
Note: Dynamic gmin stepping completed
Note: Starting dynamic gmin stepping
Note: Dynamic gmin stepping completed
Note: Starting dynamic gmin stepping
Note: Dynamic gmin stepping completed
Note: Starting dynamic gmin stepping
Note: Dynamic gmin stepping completed
Note: Starting dynamic gmin stepping
Note: Dynamic gmin stepping completed
Note: Starting dynamic gmin stepping
Note: Dynamic gmin stepping completed
Note: Starting dynamic gmin stepping
Note: Dynamic gmin stepping completed
Note: Starting dynamic gmin stepping
Note: Dynamic gmin stepping completed
Note: Starting dynamic gmin stepping
Note: Dynamic gmin stepping completed
Note: Starting dynamic gmin stepping
Note: Dynamic gmin stepping completed
Note: Starting dynamic gmin stepping
Note: Dynamic gmin stepping completed
Note: Starting dynamic gmin stepping
Note: Dynamic gmin stepping completed
Note: Starting dynamic gmin stepping
Note: Dynamic gmin stepping completed
Note: Starting dynamic gmin stepping
Note: Dynamic gmin stepping completed
Note: Starting dynamic gmin stepping
Note: Dynamic gmin stepping completed
Note: Starting dynamic gmin stepping
Note: Dynamic gmin stepping completed
Note: Starting dynamic gmin stepping
Note: Dynamic gmin stepping completed
Note: Starting dynamic gmin stepping
Note: Dynamic gmin stepping completed
Note: Starting dynamic gmin stepping
Note: Dynamic gmin stepping completed
Note: Starting dynamic gmin stepping
Note: Dynamic gmin stepping completed
Note: Starting dynamic gmin stepping
Note: Dynamic gmin stepping completed
Note: Starting dynamic gmin stepping
Note: Dynamic gmin stepping completed
Note: Starting dynamic gmin stepping
Note: Dynamic gmin stepping completed
Note: Starting dynamic gmin stepping
Note: Dynamic gmin stepping completed
