
Note: Compatibility modes selected: hs a


Circuit: * cp-compliance-dc @ ff_27c_2.97v_code00 -- generated by sim/harness, do not edit

Doing analysis at TEMP = 27.000000 and TNOM = 27.000000

Using SPARSE 1.3 as Direct Linear Solver
 Reference value :  0.00000e+00
 Reference value :  2.40000e-01
 Reference value :  4.40000e-01
 Reference value :  7.20000e-01
 Reference value :  1.12000e+00
 Reference value :  1.34000e+00
 Reference value :  1.62000e+00
 Reference value :  1.88000e+00
 Reference value :  2.18000e+00
 Reference value :  2.34000e+00
 Reference value :  2.40000e+00
 Reference value :  2.48000e+00
 Reference value :  2.56000e+00
 Reference value :  2.72000e+00
 Reference value :  3.02000e+00
 Reference value :  3.34000e+00
 Reference value :  3.58000e+00
No. of Data Rows : 182

  Measurements for DC Analysis

iup_lo              =  1.75108e-06
idn_lo              =  1.73633e-06
iup_mid             =  1.74820e-06
idn_mid             =  1.74501e-06
iup_hi              =  1.74291e-06
idn_hi              =  1.75088e-06
satlo_ncasc_vds     =  8.17452e-01
satlo_ncasc_vdsat   =  9.01132e-02
satlo_pcasc_vds     =  1.83333e+00
satlo_pcasc_vdsat   =  9.10163e-02
satlo_nbot_vds      =  8.19308e-02
satlo_nbot_vdsat    =  9.37206e-02
satlo_ptop_vds      =  8.60672e-02
satlo_ptop_vdsat    =  9.52099e-02
sathi_ncasc_vds     =  2.08930e+00
sathi_ncasc_vdsat   =  8.85971e-02
sathi_pcasc_vds     =  4.83453e-01
sathi_pcasc_vdsat   =  9.19361e-02
sathi_nbot_vds      =  8.41447e-02
sathi_nbot_vdsat    =  9.37206e-02
sathi_ptop_vds      =  8.48460e-02
sathi_ptop_vdsat    =  9.52099e-02

Doing analysis at TEMP = 27.000000 and TNOM = 27.000000

Using SPARSE 1.3 as Direct Linear Solver

  Measurements for DC Analysis

iup_lo              =  1.75108e-06
idn_lo              =  1.73633e-06
iup_mid             =  1.74820e-06
idn_mid             =  1.74501e-06
iup_hi              =  1.74291e-06
idn_hi              =  1.75088e-06
satlo_ncasc_vds     =  8.17452e-01
satlo_ncasc_vdsat   =  9.01132e-02
satlo_pcasc_vds     =  1.83333e+00
satlo_pcasc_vdsat   =  9.10163e-02
satlo_nbot_vds      =  8.19308e-02
satlo_nbot_vdsat    =  9.37206e-02
satlo_ptop_vds      =  8.60672e-02
satlo_ptop_vdsat    =  9.52099e-02
sathi_ncasc_vds     =  2.08930e+00
sathi_ncasc_vdsat   =  8.85971e-02
sathi_pcasc_vds     =  4.83453e-01
sathi_pcasc_vdsat   =  9.19361e-02
sathi_nbot_vds      =  8.41447e-02
sathi_nbot_vdsat    =  9.37206e-02
sathi_ptop_vds      =  8.48460e-02
sathi_ptop_vdsat    =  9.52099e-02


Total analysis time (seconds) = 87.5413

Total elapsed time (seconds) = 93.344 

Total DRAM available = 98304.000 MB.
DRAM currently available = 20234.016 MB.
Maximum ngspice program size =   20.031 MB.
Current ngspice program size =   20.031 MB.


Warning: m=xx on .subckt line will override multiplier m hierarchy!

Note: Starting dynamic gmin stepping
Note: Dynamic gmin stepping completed
Note: Starting dynamic gmin stepping
Note: Dynamic gmin stepping completed
Note: Starting dynamic gmin stepping
Note: Dynamic gmin stepping completed
Note: Starting dynamic gmin stepping
Note: Dynamic gmin stepping completed
Note: Starting dynamic gmin stepping
Note: Dynamic gmin stepping completed
Note: Starting dynamic gmin stepping
Note: Dynamic gmin stepping completed
Note: Starting dynamic gmin stepping
Note: Dynamic gmin stepping completed
Note: Starting dynamic gmin stepping
Note: Dynamic gmin stepping completed
Note: Starting dynamic gmin stepping
Note: Dynamic gmin stepping completed
Note: Starting dynamic gmin stepping
Note: Dynamic gmin stepping completed
Note: Starting dynamic gmin stepping
Note: Dynamic gmin stepping completed
Note: Starting dynamic gmin stepping
Note: Dynamic gmin stepping completed
Note: Starting dynamic gmin stepping
Note: Dynamic gmin stepping completed
Note: Starting dynamic gmin stepping
Note: Dynamic gmin stepping completed
