
Note: Compatibility modes selected: hs a


Circuit: * cp-compliance-dc @ fs_27c_3.30v_code10 -- generated by sim/harness, do not edit

Doing analysis at TEMP = 27.000000 and TNOM = 27.000000

Using SPARSE 1.3 as Direct Linear Solver
 Reference value :  0.00000e+00
 Reference value :  2.20000e-01
 Reference value :  3.00000e-01
 Reference value :  4.00000e-01
 Reference value :  4.80000e-01
 Reference value :  6.00000e-01
 Reference value :  7.60000e-01
 Reference value :  1.02000e+00
 Reference value :  1.30000e+00
 Reference value :  1.60000e+00
 Reference value :  1.86000e+00
 Reference value :  2.10000e+00
 Reference value :  2.38000e+00
 Reference value :  2.48000e+00
 Reference value :  2.56000e+00
 Reference value :  2.64000e+00
 Reference value :  2.72000e+00
 Reference value :  2.80000e+00
 Reference value :  2.92000e+00
 Reference value :  3.20000e+00
 Reference value :  3.50000e+00
No. of Data Rows : 182

  Measurements for DC Analysis

iup_lo              =  5.23578e-06
idn_lo              =  5.19523e-06
iup_mid             =  5.23197e-06
idn_mid             =  5.22094e-06
iup_hi              =  5.21987e-06
idn_hi              =  5.24577e-06
satlo_ncasc_vds     =  8.15790e-01
satlo_ncasc_vdsat   =  9.08528e-02
satlo_pcasc_vds     =  1.83303e+00
satlo_pcasc_vdsat   =  9.44455e-02
satlo_nbot_vds      =  8.25044e-02
satlo_nbot_vdsat    =  9.45001e-02
satlo_ptop_vds      =  8.92113e-02
satlo_ptop_vdsat    =  9.87046e-02
sathi_ncasc_vds     =  2.27124e+00
sathi_ncasc_vdsat   =  8.91196e-02
sathi_pcasc_vds     =  8.04488e-01
sathi_pcasc_vdsat   =  9.50989e-02
sathi_nbot_vds      =  8.50086e-02
sathi_nbot_vdsat    =  9.45001e-02
sathi_ptop_vds      =  8.83727e-02
sathi_ptop_vdsat    =  9.87046e-02

Doing analysis at TEMP = 27.000000 and TNOM = 27.000000

Using SPARSE 1.3 as Direct Linear Solver

  Measurements for DC Analysis

iup_lo              =  5.23578e-06
idn_lo              =  5.19523e-06
iup_mid             =  5.23197e-06
idn_mid             =  5.22094e-06
iup_hi              =  5.21987e-06
idn_hi              =  5.24577e-06
satlo_ncasc_vds     =  8.15790e-01
satlo_ncasc_vdsat   =  9.08528e-02
satlo_pcasc_vds     =  1.83303e+00
satlo_pcasc_vdsat   =  9.44455e-02
satlo_nbot_vds      =  8.25044e-02
satlo_nbot_vdsat    =  9.45001e-02
satlo_ptop_vds      =  8.92113e-02
satlo_ptop_vdsat    =  9.87046e-02
sathi_ncasc_vds     =  2.27124e+00
sathi_ncasc_vdsat   =  8.91196e-02
sathi_pcasc_vds     =  8.04488e-01
sathi_pcasc_vdsat   =  9.50989e-02
sathi_nbot_vds      =  8.50086e-02
sathi_nbot_vdsat    =  9.45001e-02
sathi_ptop_vds      =  8.83727e-02
sathi_ptop_vdsat    =  9.87046e-02


Total analysis time (seconds) = 93.3421

Total elapsed time (seconds) = 98.646 

Total DRAM available = 98304.000 MB.
DRAM currently available =  958.031 MB.
Maximum ngspice program size =   20.047 MB.
Current ngspice program size =   20.047 MB.


Warning: m=xx on .subckt line will override multiplier m hierarchy!

Note: Starting dynamic gmin stepping
Note: Dynamic gmin stepping completed
Note: Starting dynamic gmin stepping
Note: Dynamic gmin stepping completed
Note: Starting dynamic gmin stepping
Note: Dynamic gmin stepping completed
Note: Starting dynamic gmin stepping
Note: Dynamic gmin stepping completed
Note: Starting dynamic gmin stepping
Note: Dynamic gmin stepping completed
Note: Starting dynamic gmin stepping
Note: Dynamic gmin stepping completed
Note: Starting dynamic gmin stepping
Note: Dynamic gmin stepping completed
Note: Starting dynamic gmin stepping
Note: Dynamic gmin stepping completed
Note: Starting dynamic gmin stepping
Note: Dynamic gmin stepping completed
Note: Starting dynamic gmin stepping
Note: Dynamic gmin stepping completed
Note: Starting dynamic gmin stepping
Note: Dynamic gmin stepping completed
Note: Starting dynamic gmin stepping
Note: Dynamic gmin stepping completed
Note: Starting dynamic gmin stepping
Note: Dynamic gmin stepping completed
Note: Starting dynamic gmin stepping
Note: Dynamic gmin stepping completed
Note: Starting dynamic gmin stepping
Note: Dynamic gmin stepping completed
Note: Starting dynamic gmin stepping
Note: Dynamic gmin stepping completed
Note: Starting dynamic gmin stepping
Note: Dynamic gmin stepping completed
Note: Starting dynamic gmin stepping
Note: Dynamic gmin stepping completed
Note: Starting dynamic gmin stepping
Note: Dynamic gmin stepping completed
Note: Starting dynamic gmin stepping
Note: Dynamic gmin stepping completed
Note: Starting dynamic gmin stepping
Note: Dynamic gmin stepping completed
Note: Starting dynamic gmin stepping
Note: Dynamic gmin stepping completed
Note: Starting dynamic gmin stepping
Note: Dynamic gmin stepping completed
Note: Starting dynamic gmin stepping
Note: Dynamic gmin stepping completed
Note: Starting dynamic gmin stepping
Note: Dynamic gmin stepping completed
Note: Starting dynamic gmin stepping
Note: Dynamic gmin stepping completed
Note: Starting dynamic gmin stepping
Note: Dynamic gmin stepping completed
