
Note: Compatibility modes selected: hs a


Circuit: * cp-compliance-dc @ sf_125c_3.30v_code10 -- generated by sim/harness, do not edit

Doing analysis at TEMP = 125.000000 and TNOM = 27.000000

Using SPARSE 1.3 as Direct Linear Solver
 Reference value :  0.00000e+00
 Reference value :  3.00000e-01
 Reference value :  4.20000e-01
 Reference value :  5.20000e-01
 Reference value :  6.40000e-01
 Reference value :  7.40000e-01
 Reference value :  8.40000e-01
 Reference value :  9.60000e-01
 Reference value :  1.04000e+00
 Reference value :  1.16000e+00
 Reference value :  1.32000e+00
 Reference value :  1.44000e+00
 Reference value :  1.60000e+00
 Reference value :  1.72000e+00
 Reference value :  1.90000e+00
 Reference value :  2.06000e+00
 Reference value :  2.22000e+00
 Reference value :  2.36000e+00
 Reference value :  2.54000e+00
 Reference value :  2.72000e+00
 Reference value :  2.86000e+00
 Reference value :  2.96000e+00
 Reference value :  3.08000e+00
 Reference value :  3.32000e+00
 Reference value :  3.54000e+00
No. of Data Rows : 182

  Measurements for DC Analysis

iup_lo              =  5.35800e-06
idn_lo              =  5.36455e-06
iup_mid             =  5.35138e-06
idn_mid             =  5.39003e-06
iup_hi              =  5.33970e-06
idn_hi              =  5.41161e-06
satlo_ncasc_vds     =  7.97359e-01
satlo_ncasc_vdsat   =  1.22047e-01
satlo_pcasc_vds     =  2.08658e+00
satlo_pcasc_vdsat   =  1.12084e-01
satlo_nbot_vds      =  9.98766e-02
satlo_nbot_vdsat    =  1.27170e-01
satlo_ptop_vds      =  1.04435e-01
satlo_ptop_vdsat    =  1.15878e-01
sathi_ncasc_vds     =  2.19481e+00
sathi_ncasc_vdsat   =  1.20332e-01
sathi_pcasc_vds     =  7.89748e-01
sathi_pcasc_vdsat   =  1.12892e-01
sathi_nbot_vds      =  1.02139e-01
sathi_nbot_vdsat    =  1.27170e-01
sathi_ptop_vds      =  1.03294e-01
sathi_ptop_vdsat    =  1.15878e-01

Doing analysis at TEMP = 125.000000 and TNOM = 27.000000

Using SPARSE 1.3 as Direct Linear Solver

  Measurements for DC Analysis

iup_lo              =  5.35800e-06
idn_lo              =  5.36455e-06
iup_mid             =  5.35138e-06
idn_mid             =  5.39003e-06
iup_hi              =  5.33970e-06
idn_hi              =  5.41161e-06
satlo_ncasc_vds     =  7.97359e-01
satlo_ncasc_vdsat   =  1.22047e-01
satlo_pcasc_vds     =  2.08658e+00
satlo_pcasc_vdsat   =  1.12084e-01
satlo_nbot_vds      =  9.98766e-02
satlo_nbot_vdsat    =  1.27170e-01
satlo_ptop_vds      =  1.04435e-01
satlo_ptop_vdsat    =  1.15878e-01
sathi_ncasc_vds     =  2.19481e+00
sathi_ncasc_vdsat   =  1.20332e-01
sathi_pcasc_vds     =  7.89748e-01
sathi_pcasc_vdsat   =  1.12892e-01
sathi_nbot_vds      =  1.02139e-01
sathi_nbot_vdsat    =  1.27170e-01
sathi_ptop_vds      =  1.03294e-01
sathi_ptop_vdsat    =  1.15878e-01


Total analysis time (seconds) = 122.621

Total elapsed time (seconds) = 128.781 

Total DRAM available = 98304.000 MB.
DRAM currently available =  526.156 MB.
Maximum ngspice program size =   20.156 MB.
Current ngspice program size =   20.156 MB.


Warning: m=xx on .subckt line will override multiplier m hierarchy!

Note: Starting dynamic gmin stepping
Note: Dynamic gmin stepping completed
Note: Starting dynamic gmin stepping
Note: Dynamic gmin stepping completed
Note: Starting dynamic gmin stepping
Note: Dynamic gmin stepping completed
Note: Starting dynamic gmin stepping
Note: Dynamic gmin stepping completed
Note: Starting dynamic gmin stepping
Note: Dynamic gmin stepping completed
Note: Starting dynamic gmin stepping
Note: Dynamic gmin stepping completed
Note: Starting dynamic gmin stepping
Note: Dynamic gmin stepping completed
Note: Starting dynamic gmin stepping
Note: Dynamic gmin stepping completed
Note: Starting dynamic gmin stepping
Warning: Dynamic gmin stepping failed
Note: Starting true gmin stepping
Note: True gmin stepping completed
Note: Starting dynamic gmin stepping
Note: Dynamic gmin stepping completed
Note: Starting dynamic gmin stepping
Note: Dynamic gmin stepping completed
Note: Starting dynamic gmin stepping
Warning: Dynamic gmin stepping failed
Note: Starting true gmin stepping
Note: True gmin stepping completed
Note: Starting dynamic gmin stepping
Note: Dynamic gmin stepping completed
Note: Starting dynamic gmin stepping
Note: Dynamic gmin stepping completed
Note: Starting dynamic gmin stepping
Warning: Dynamic gmin stepping failed
Note: Starting true gmin stepping
Note: True gmin stepping completed
Note: Starting dynamic gmin stepping
Note: Dynamic gmin stepping completed
Note: Starting dynamic gmin stepping
Note: Dynamic gmin stepping completed
Note: Starting dynamic gmin stepping
Note: Dynamic gmin stepping completed
Note: Starting dynamic gmin stepping
Note: Dynamic gmin stepping completed
Note: Starting dynamic gmin stepping
Note: Dynamic gmin stepping completed
Note: Starting dynamic gmin stepping
Note: Dynamic gmin stepping completed
Note: Starting dynamic gmin stepping
Warning: Dynamic gmin stepping failed
Note: Starting true gmin stepping
Note: True gmin stepping completed
Note: Starting dynamic gmin stepping
Note: Dynamic gmin stepping completed
Note: Starting dynamic gmin stepping
Note: Dynamic gmin stepping completed
Note: Starting dynamic gmin stepping
Note: Dynamic gmin stepping completed
Note: Starting dynamic gmin stepping
Note: Dynamic gmin stepping completed
Note: Starting dynamic gmin stepping
Warning: Dynamic gmin stepping failed
Note: Starting true gmin stepping
Note: True gmin stepping completed
Note: Starting dynamic gmin stepping
Note: Dynamic gmin stepping completed
Note: Starting dynamic gmin stepping
Note: Dynamic gmin stepping completed
Note: Starting dynamic gmin stepping
Note: Dynamic gmin stepping completed
Note: Starting dynamic gmin stepping
Note: Dynamic gmin stepping completed
Note: Starting dynamic gmin stepping
Note: Dynamic gmin stepping completed
Note: Starting dynamic gmin stepping
Note: Dynamic gmin stepping completed
Note: Starting dynamic gmin stepping
Note: Dynamic gmin stepping completed
Note: Starting dynamic gmin stepping
Note: Dynamic gmin stepping completed
Note: Starting dynamic gmin stepping
Note: Dynamic gmin stepping completed
Note: Starting dynamic gmin stepping
Note: Dynamic gmin stepping completed
Note: Starting dynamic gmin stepping
Note: Dynamic gmin stepping completed
Note: Starting dynamic gmin stepping
Note: Dynamic gmin stepping completed
Note: Starting dynamic gmin stepping
Note: Dynamic gmin stepping completed
