
Note: Compatibility modes selected: hs a


Circuit: * cp-compliance-dc @ ss_-40c_3.30v_code11 -- generated by sim/harness, do not edit

Doing analysis at TEMP = -40.000000 and TNOM = 27.000000

Using SPARSE 1.3 as Direct Linear Solver
 Reference value :  0.00000e+00
 Reference value :  1.80000e-01
 Reference value :  2.60000e-01
 Reference value :  3.60000e-01
 Reference value :  4.20000e-01
 Reference value :  5.00000e-01
 Reference value :  5.60000e-01
 Reference value :  6.20000e-01
 Reference value :  6.80000e-01
 Reference value :  7.80000e-01
 Reference value :  8.60000e-01
 Reference value :  1.00000e+00
 Reference value :  1.32000e+00
 Reference value :  1.60000e+00
 Reference value :  1.84000e+00
 Reference value :  2.10000e+00
 Reference value :  2.32000e+00
 Reference value :  2.38000e+00
 Reference value :  2.44000e+00
 Reference value :  2.52000e+00
 Reference value :  2.60000e+00
 Reference value :  2.68000e+00
 Reference value :  2.76000e+00
 Reference value :  2.84000e+00
 Reference value :  2.90000e+00
 Reference value :  3.16000e+00
 Reference value :  3.42000e+00
No. of Data Rows : 182

  Measurements for DC Analysis

iup_lo              =  6.85314e-06
idn_lo              =  6.55427e-06
iup_mid             =  6.84954e-06
idn_mid             =  6.58539e-06
iup_hi              =  6.83271e-06
idn_hi              =  6.60511e-06
satlo_ncasc_vds     =  8.24346e-01
satlo_ncasc_vdsat   =  7.32761e-02
satlo_pcasc_vds     =  1.73737e+00
satlo_pcasc_vdsat   =  7.98357e-02
satlo_nbot_vds      =  7.36022e-02
satlo_nbot_vdsat    =  7.62017e-02
satlo_ptop_vds      =  7.68658e-02
satlo_ptop_vdsat    =  8.42937e-02
sathi_ncasc_vds     =  2.06185e+00
sathi_ncasc_vdsat   =  7.17682e-02
sathi_pcasc_vds     =  8.15493e-01
sathi_pcasc_vdsat   =  8.04062e-02
sathi_nbot_vds      =  7.58583e-02
sathi_nbot_vdsat    =  7.62017e-02
sathi_ptop_vds      =  7.61735e-02
sathi_ptop_vdsat    =  8.42937e-02

Doing analysis at TEMP = -40.000000 and TNOM = 27.000000

Using SPARSE 1.3 as Direct Linear Solver

  Measurements for DC Analysis

iup_lo              =  6.85314e-06
idn_lo              =  6.55427e-06
iup_mid             =  6.84954e-06
idn_mid             =  6.58539e-06
iup_hi              =  6.83271e-06
idn_hi              =  6.60511e-06
satlo_ncasc_vds     =  8.24346e-01
satlo_ncasc_vdsat   =  7.32761e-02
satlo_pcasc_vds     =  1.73737e+00
satlo_pcasc_vdsat   =  7.98357e-02
satlo_nbot_vds      =  7.36022e-02
satlo_nbot_vdsat    =  7.62017e-02
satlo_ptop_vds      =  7.68658e-02
satlo_ptop_vdsat    =  8.42937e-02
sathi_ncasc_vds     =  2.06185e+00
sathi_ncasc_vdsat   =  7.17682e-02
sathi_pcasc_vds     =  8.15493e-01
sathi_pcasc_vdsat   =  8.04062e-02
sathi_nbot_vds      =  7.58583e-02
sathi_nbot_vdsat    =  7.62017e-02
sathi_ptop_vds      =  7.61735e-02
sathi_ptop_vdsat    =  8.42937e-02


Total analysis time (seconds) = 130.813

Total elapsed time (seconds) = 136.536 

Total DRAM available = 98304.000 MB.
DRAM currently available =  204.062 MB.
Maximum ngspice program size =   20.109 MB.
Current ngspice program size =   20.109 MB.


Warning: m=xx on .subckt line will override multiplier m hierarchy!

Note: Starting dynamic gmin stepping
Note: Dynamic gmin stepping completed
Note: Starting dynamic gmin stepping
Note: Dynamic gmin stepping completed
Note: Starting dynamic gmin stepping
Note: Dynamic gmin stepping completed
Note: Starting dynamic gmin stepping
Note: Dynamic gmin stepping completed
Note: Starting dynamic gmin stepping
Note: Dynamic gmin stepping completed
Note: Starting dynamic gmin stepping
Note: Dynamic gmin stepping completed
Note: Starting dynamic gmin stepping
Note: Dynamic gmin stepping completed
Note: Starting dynamic gmin stepping
Note: Dynamic gmin stepping completed
Note: Starting dynamic gmin stepping
Note: Dynamic gmin stepping completed
Note: Starting dynamic gmin stepping
Note: Dynamic gmin stepping completed
Note: Starting dynamic gmin stepping
Note: Dynamic gmin stepping completed
Note: Starting dynamic gmin stepping
Note: Dynamic gmin stepping completed
Note: Starting dynamic gmin stepping
Note: Dynamic gmin stepping completed
Note: Starting dynamic gmin stepping
Note: Dynamic gmin stepping completed
Note: Starting dynamic gmin stepping
Note: Dynamic gmin stepping completed
Note: Starting dynamic gmin stepping
Note: Dynamic gmin stepping completed
Note: Starting dynamic gmin stepping
Note: Dynamic gmin stepping completed
Note: Starting dynamic gmin stepping
Note: Dynamic gmin stepping completed
Note: Starting dynamic gmin stepping
Note: Dynamic gmin stepping completed
Note: Starting dynamic gmin stepping
Note: Dynamic gmin stepping completed
Note: Starting dynamic gmin stepping
Note: Dynamic gmin stepping completed
Note: Starting dynamic gmin stepping
Note: Dynamic gmin stepping completed
Note: Starting dynamic gmin stepping
Note: Dynamic gmin stepping completed
Note: Starting dynamic gmin stepping
Note: Dynamic gmin stepping completed
Note: Starting dynamic gmin stepping
Note: Dynamic gmin stepping completed
Note: Starting dynamic gmin stepping
Note: Dynamic gmin stepping completed
Note: Starting dynamic gmin stepping
Note: Dynamic gmin stepping completed
Note: Starting dynamic gmin stepping
Note: Dynamic gmin stepping completed
Note: Starting dynamic gmin stepping
Note: Dynamic gmin stepping completed
Note: Starting dynamic gmin stepping
Note: Dynamic gmin stepping completed
Note: Starting dynamic gmin stepping
Note: Dynamic gmin stepping completed
Note: Starting dynamic gmin stepping
Note: Dynamic gmin stepping completed
Note: Starting dynamic gmin stepping
Note: Dynamic gmin stepping completed
Note: Starting dynamic gmin stepping
Note: Dynamic gmin stepping completed
Note: Starting dynamic gmin stepping
Note: Dynamic gmin stepping completed
Note: Starting dynamic gmin stepping
Note: Dynamic gmin stepping completed
Note: Starting dynamic gmin stepping
Note: Dynamic gmin stepping completed
Note: Starting dynamic gmin stepping
Note: Dynamic gmin stepping completed
Note: Starting dynamic gmin stepping
Note: Dynamic gmin stepping completed
Note: Starting dynamic gmin stepping
Note: Dynamic gmin stepping completed
Note: Starting dynamic gmin stepping
Note: Dynamic gmin stepping completed
Note: Starting dynamic gmin stepping
Note: Dynamic gmin stepping completed
Note: Starting dynamic gmin stepping
Note: Dynamic gmin stepping completed
Note: Starting dynamic gmin stepping
Note: Dynamic gmin stepping completed
Note: Starting dynamic gmin stepping
Note: Dynamic gmin stepping completed
Note: Starting dynamic gmin stepping
Note: Dynamic gmin stepping completed
Note: Starting dynamic gmin stepping
Note: Dynamic gmin stepping completed
Note: Starting dynamic gmin stepping
Note: Dynamic gmin stepping completed
Note: Starting dynamic gmin stepping
Note: Dynamic gmin stepping completed
Note: Starting dynamic gmin stepping
Note: Dynamic gmin stepping completed
Note: Starting dynamic gmin stepping
Note: Dynamic gmin stepping completed
Note: Starting dynamic gmin stepping
Note: Dynamic gmin stepping completed
