
Note: Compatibility modes selected: hs a


Circuit: * cp-compliance-dc @ typical_-40c_3.63v_code00 -- generated by sim/harness, do not edit

Doing analysis at TEMP = -40.000000 and TNOM = 27.000000

Using SPARSE 1.3 as Direct Linear Solver
 Reference value :  0.00000e+00
 Reference value :  1.60000e-01
 Reference value :  3.00000e-01
 Reference value :  4.20000e-01
 Reference value :  5.00000e-01
 Reference value :  5.80000e-01
 Reference value :  7.60000e-01
 Reference value :  8.80000e-01
 Reference value :  1.00000e+00
 Reference value :  1.30000e+00
 Reference value :  1.52000e+00
 Reference value :  1.82000e+00
 Reference value :  2.16000e+00
 Reference value :  2.38000e+00
 Reference value :  2.54000e+00
 Reference value :  2.66000e+00
 Reference value :  2.86000e+00
 Reference value :  2.94000e+00
 Reference value :  3.00000e+00
 Reference value :  3.08000e+00
 Reference value :  3.16000e+00
 Reference value :  3.30000e+00
 Reference value :  3.54000e+00
No. of Data Rows : 182

  Measurements for DC Analysis

iup_lo              =  1.71903e-06
idn_lo              =  1.64777e-06
iup_mid             =  1.71764e-06
idn_mid             =  1.65580e-06
iup_hi              =  1.71389e-06
idn_hi              =  1.66427e-06
satlo_ncasc_vds     =  8.27162e-01
satlo_ncasc_vdsat   =  7.18761e-02
satlo_pcasc_vds     =  2.22418e+00
satlo_pcasc_vdsat   =  7.79124e-02
satlo_nbot_vds      =  7.24121e-02
satlo_nbot_vdsat    =  7.47494e-02
satlo_ptop_vds      =  7.54189e-02
satlo_ptop_vdsat    =  8.25435e-02
sathi_ncasc_vds     =  2.32225e+00
sathi_ncasc_vdsat   =  7.00977e-02
sathi_pcasc_vds     =  1.15341e+00
sathi_pcasc_vdsat   =  7.84594e-02
sathi_nbot_vds      =  7.51467e-02
sathi_nbot_vdsat    =  7.47494e-02
sathi_ptop_vds      =  7.47425e-02
sathi_ptop_vdsat    =  8.25435e-02

Doing analysis at TEMP = -40.000000 and TNOM = 27.000000

Using SPARSE 1.3 as Direct Linear Solver

  Measurements for DC Analysis

iup_lo              =  1.71903e-06
idn_lo              =  1.64777e-06
iup_mid             =  1.71764e-06
idn_mid             =  1.65580e-06
iup_hi              =  1.71389e-06
idn_hi              =  1.66427e-06
satlo_ncasc_vds     =  8.27162e-01
satlo_ncasc_vdsat   =  7.18761e-02
satlo_pcasc_vds     =  2.22418e+00
satlo_pcasc_vdsat   =  7.79124e-02
satlo_nbot_vds      =  7.24121e-02
satlo_nbot_vdsat    =  7.47494e-02
satlo_ptop_vds      =  7.54189e-02
satlo_ptop_vdsat    =  8.25435e-02
sathi_ncasc_vds     =  2.32225e+00
sathi_ncasc_vdsat   =  7.00977e-02
sathi_pcasc_vds     =  1.15341e+00
sathi_pcasc_vdsat   =  7.84594e-02
sathi_nbot_vds      =  7.51467e-02
sathi_nbot_vdsat    =  7.47494e-02
sathi_ptop_vds      =  7.47425e-02
sathi_ptop_vdsat    =  8.25435e-02


Total analysis time (seconds) = 113.274

Total elapsed time (seconds) = 120.152 

Total DRAM available = 98304.000 MB.
DRAM currently available = 19776.344 MB.
Maximum ngspice program size =   19.953 MB.
Current ngspice program size =   19.953 MB.


Warning: m=xx on .subckt line will override multiplier m hierarchy!

Note: Starting dynamic gmin stepping
Note: Dynamic gmin stepping completed
Note: Starting dynamic gmin stepping
Note: Dynamic gmin stepping completed
Note: Starting dynamic gmin stepping
Note: Dynamic gmin stepping completed
Note: Starting dynamic gmin stepping
Note: Dynamic gmin stepping completed
Note: Starting dynamic gmin stepping
Note: Dynamic gmin stepping completed
Note: Starting dynamic gmin stepping
Note: Dynamic gmin stepping completed
Note: Starting dynamic gmin stepping
Note: Dynamic gmin stepping completed
Note: Starting dynamic gmin stepping
Note: Dynamic gmin stepping completed
Note: Starting dynamic gmin stepping
Note: Dynamic gmin stepping completed
Note: Starting dynamic gmin stepping
Note: Dynamic gmin stepping completed
Note: Starting dynamic gmin stepping
Note: Dynamic gmin stepping completed
Note: Starting dynamic gmin stepping
Note: Dynamic gmin stepping completed
Note: Starting dynamic gmin stepping
Note: Dynamic gmin stepping completed
Note: Starting dynamic gmin stepping
Note: Dynamic gmin stepping completed
Note: Starting dynamic gmin stepping
Note: Dynamic gmin stepping completed
Note: Starting dynamic gmin stepping
Note: Dynamic gmin stepping completed
Note: Starting dynamic gmin stepping
Note: Dynamic gmin stepping completed
Note: Starting dynamic gmin stepping
Note: Dynamic gmin stepping completed
Note: Starting dynamic gmin stepping
Note: Dynamic gmin stepping completed
Note: Starting dynamic gmin stepping
Note: Dynamic gmin stepping completed
Note: Starting dynamic gmin stepping
Note: Dynamic gmin stepping completed
Note: Starting dynamic gmin stepping
Note: Dynamic gmin stepping completed
Note: Starting dynamic gmin stepping
Note: Dynamic gmin stepping completed
Note: Starting dynamic gmin stepping
Note: Dynamic gmin stepping completed
Note: Starting dynamic gmin stepping
Note: Dynamic gmin stepping completed
Note: Starting dynamic gmin stepping
Note: Dynamic gmin stepping completed
Note: Starting dynamic gmin stepping
Note: Dynamic gmin stepping completed
Note: Starting dynamic gmin stepping
Note: Dynamic gmin stepping completed
Note: Starting dynamic gmin stepping
Note: Dynamic gmin stepping completed
Note: Starting dynamic gmin stepping
Note: Dynamic gmin stepping completed
Note: Starting dynamic gmin stepping
Note: Dynamic gmin stepping completed
Note: Starting dynamic gmin stepping
Note: Dynamic gmin stepping completed
Note: Starting dynamic gmin stepping
Note: Dynamic gmin stepping completed
