
Note: Compatibility modes selected: hs a

Warning: m=xx on .subckt line will override multiplier m hierarchy!


Circuit: * generated by simenv.sh -- do not edit; edit sim/mc-cp-mismatch/work/dut_dff.sp instead

Doing analysis at TEMP = -40.000000 and TNOM = 27.000000

Using SPARSE 1.3 as Direct Linear Solver

Initial Transient Solution
--------------------------

Node                                   Voltage
----                                   -------
vdd                                       3.63
ck                                           0
dr                                           0
xr.ckb                                    3.63
xr.ckbb                            5.09694e-09
xr.nm                               9.4846e-09
xr.nma                                    3.63
xr.nmb                             1.03572e-08
xr.ns                                     3.63
qr                                 5.11452e-09
nr                                        3.63
df                                        3.63
xf.ckb                                    3.63
xf.ckbb                            5.15983e-09
xf.nm                                     3.63
xf.nma                             1.03244e-08
xf.nmb                                    3.63
xf.ns                                     3.63
qf                                 5.15977e-09
nf                                        3.63
vdf#branch                        -1.08915e-11
vdr#branch                         1.16784e-11
vck#branch                                   0
vdd#branch                        -9.82591e-11


No. of Data Rows : 6032

  Measurements for Transient Analysis

tcq_r               =  1.65763e-10 targ=  2.52158e-08 trig=  2.50500e-08
tcq_f               =  1.44097e-10 targ=  2.51941e-08 trig=  2.50500e-08


Total analysis time (seconds) = 2.9036

Total elapsed time (seconds) = 3.236 

Total DRAM available = 49152.000 MB.
DRAM currently available = 1901.094 MB.
Maximum ngspice program size =   13.203 MB.
Current ngspice program size =   13.203 MB.

