
Note: Compatibility modes selected: hs a

Warning: m=xx on .subckt line will override multiplier m hierarchy!


Circuit: * generated by simenv.sh -- do not edit; edit sim/mc-cp-mismatch/work/dut_dff.sp instead

Doing analysis at TEMP = -40.000000 and TNOM = 27.000000

Using SPARSE 1.3 as Direct Linear Solver

Initial Transient Solution
--------------------------

Node                                   Voltage
----                                   -------
vdd                                       2.97
ck                                           0
dr                                           0
xr.ckb                                    2.97
xr.ckbb                            3.78278e-09
xr.nm                              7.64159e-09
xr.nma                                    2.97
xr.nmb                             7.67355e-09
xr.ns                                     2.97
qr                                 3.79194e-09
nr                                        2.97
df                                        2.97
xf.ckb                                    2.97
xf.ckbb                            3.81282e-09
xf.nm                                     2.97
xf.nma                             7.63274e-09
xf.nmb                                    2.97
xf.ns                                     2.97
qf                                 3.85691e-09
nf                                        2.97
vdf#branch                        -8.90694e-12
vdr#branch                         8.99366e-12
vck#branch                                   0
vdd#branch                        -7.50963e-11


No. of Data Rows : 6032

  Measurements for Transient Analysis

tcq_r               =  1.88819e-10 targ=  2.52388e-08 trig=  2.50500e-08
tcq_f               =  1.64544e-10 targ=  2.52145e-08 trig=  2.50500e-08


Total analysis time (seconds) = 1.31043

Total elapsed time (seconds) = 1.750 

Total DRAM available = 49152.000 MB.
DRAM currently available =  146.438 MB.
Maximum ngspice program size =   13.188 MB.
Current ngspice program size =   13.188 MB.

