
Note: Compatibility modes selected: hs a

Warning: m=xx on .subckt line will override multiplier m hierarchy!


Circuit: * generated by simenv.sh -- do not edit; edit sim/mc-cp-mismatch/work/dut_dff.sp instead

Doing analysis at TEMP = 125.000000 and TNOM = 27.000000

Using SPARSE 1.3 as Direct Linear Solver

Initial Transient Solution
--------------------------

Node                                   Voltage
----                                   -------
vdd                                       3.63
ck                                           0
dr                                           0
xr.ckb                                    3.63
xr.ckbb                            4.49766e-07
xr.nm                              1.44673e-08
xr.nma                                    3.63
xr.nmb                             7.09431e-07
xr.ns                                  1.83161
qr                                     1.79783
nr                                     1.83161
df                                        3.63
xf.ckb                                 3.62999
xf.ckbb                             7.0952e-07
xf.nm                                     3.63
xf.nma                             5.07285e-06
xf.nmb                                 3.62999
xf.ns                                  3.62999
qf                                 7.53866e-07
nf                                     3.62999
vdf#branch                        -1.11716e-11
vdr#branch                         1.23193e-11
vck#branch                                   0
vdd#branch                        -0.000411397


No. of Data Rows : 6032

  Measurements for Transient Analysis

tcq_r               =  2.16460e-10 targ=  2.52665e-08 trig=  2.50500e-08
tcq_f               =  1.89224e-10 targ=  2.52392e-08 trig=  2.50500e-08


Total analysis time (seconds) = 4.69562

Total elapsed time (seconds) = 5.276 

Total DRAM available = 49152.000 MB.
DRAM currently available =  107.719 MB.
Maximum ngspice program size =   13.141 MB.
Current ngspice program size =   13.141 MB.

