
Note: Compatibility modes selected: hs a

Warning: m=xx on .subckt line will override multiplier m hierarchy!


Circuit: * generated by simenv.sh -- do not edit; edit sim/mc-cp-mismatch/work/dut_dff.sp instead

Doing analysis at TEMP = 125.000000 and TNOM = 27.000000

Using SPARSE 1.3 as Direct Linear Solver

Initial Transient Solution
--------------------------

Node                                   Voltage
----                                   -------
vdd                                       3.63
ck                                           0
dr                                           0
xr.ckb                                    3.63
xr.ckbb                            5.27985e-07
xr.nm                              1.47834e-08
xr.nma                                    3.63
xr.nmb                             5.32296e-07
xr.ns                                  1.82671
qr                                      1.8203
nr                                     1.82671
df                                        3.63
xf.ckb                                    3.63
xf.ckbb                            6.48485e-07
xf.nm                                     3.63
xf.nma                             6.86783e-07
xf.nmb                                 3.62999
xf.ns                              5.42859e-07
qf                                        3.63
nf                                 5.27913e-07
vdf#branch                        -1.11707e-11
vdr#branch                          1.2318e-11
vck#branch                                   0
vdd#branch                        -0.000407388


No. of Data Rows : 6032

  Measurements for Transient Analysis

tcq_r               =  2.15820e-10 targ=  2.52658e-08 trig=  2.50500e-08
tcq_f               =  1.90076e-10 targ=  2.52401e-08 trig=  2.50500e-08


Total analysis time (seconds) = 4.94735

Total elapsed time (seconds) = 5.565 

Total DRAM available = 49152.000 MB.
DRAM currently available =  107.719 MB.
Maximum ngspice program size =   13.109 MB.
Current ngspice program size =   13.109 MB.

