
Note: Compatibility modes selected: hs a

Warning: m=xx on .subckt line will override multiplier m hierarchy!


Circuit: * generated by simenv.sh -- do not edit; edit sim/mc-cp-mismatch/work/dut_dff.sp instead

Doing analysis at TEMP = 125.000000 and TNOM = 27.000000

Using SPARSE 1.3 as Direct Linear Solver

Initial Transient Solution
--------------------------

Node                                   Voltage
----                                   -------
vdd                                       2.97
ck                                           0
dr                                           0
xr.ckb                                    2.97
xr.ckbb                            2.58154e-07
xr.nm                              1.47598e-08
xr.nma                                    2.97
xr.nmb                             3.29293e-07
xr.ns                                  1.57727
qr                                        1.57
nr                                     1.57727
df                                        2.97
xf.ckb                                    2.97
xf.ckbb                            2.60838e-07
xf.nm                                     2.97
xf.nma                             6.72469e-07
xf.nmb                                    2.97
xf.ns                                     2.97
qf                                 2.57858e-07
nf                                        2.97
vdf#branch                        -9.17816e-12
vdr#branch                         9.60581e-12
vck#branch                                   0
vdd#branch                        -0.000199516


No. of Data Rows : 6032

  Measurements for Transient Analysis

tcq_r               =  2.99024e-10 targ=  2.53490e-08 trig=  2.50500e-08
tcq_f               =  2.74968e-10 targ=  2.53250e-08 trig=  2.50500e-08


Total analysis time (seconds) = 3.06719

Total elapsed time (seconds) = 3.457 

Total DRAM available = 49152.000 MB.
DRAM currently available = 16407.547 MB.
Maximum ngspice program size =   13.297 MB.
Current ngspice program size =   13.297 MB.

