
Note: Compatibility modes selected: hs a

Warning: m=xx on .subckt line will override multiplier m hierarchy!


Circuit: * generated by simenv.sh -- do not edit; edit sim/mc-cp-mismatch/work/dut_dff.sp instead

Doing analysis at TEMP = -40.000000 and TNOM = 27.000000

Using SPARSE 1.3 as Direct Linear Solver

Initial Transient Solution
--------------------------

Node                                   Voltage
----                                   -------
vdd                                       2.97
ck                                           0
dr                                           0
xr.ckb                                    2.97
xr.ckbb                            4.40837e-09
xr.nm                              9.00811e-09
xr.nma                                    2.97
xr.nmb                             8.95849e-09
xr.ns                              2.66913e-08
qr                                        2.97
nr                                 1.78327e-08
df                                        2.97
xf.ckb                                    2.97
xf.ckbb                            4.44708e-09
xf.nm                                     2.97
xf.nma                             8.84415e-09
xf.nmb                                    2.97
xf.ns                                     2.97
qf                                 4.50552e-09
nf                                        2.97
vdf#branch                         -8.9087e-12
vdr#branch                         8.94118e-12
vck#branch                                   0
vdd#branch                        -7.44904e-11


No. of Data Rows : 6032

  Measurements for Transient Analysis

tcq_r               =  2.78565e-10 targ=  2.53286e-08 trig=  2.50500e-08
tcq_f               =  2.42782e-10 targ=  2.52928e-08 trig=  2.50500e-08


Total analysis time (seconds) = 23.3347

Total elapsed time (seconds) = 26.420 

Total DRAM available = 49152.000 MB.
DRAM currently available = 6514.625 MB.
Maximum ngspice program size =   13.047 MB.
Current ngspice program size =   13.047 MB.

