
Note: Compatibility modes selected: hs a

Warning: m=xx on .subckt line will override multiplier m hierarchy!


Circuit: * generated by simenv.sh -- do not edit; edit sim/mc-cp-mismatch/work/dut_dff.sp instead

Doing analysis at TEMP = 125.000000 and TNOM = 27.000000

Using SPARSE 1.3 as Direct Linear Solver

Initial Transient Solution
--------------------------

Node                                   Voltage
----                                   -------
vdd                                       2.97
ck                                           0
dr                                           0
xr.ckb                                    2.97
xr.ckbb                            1.22476e-08
xr.nm                               1.5556e-08
xr.nma                                    2.97
xr.nmb                              1.9761e-08
xr.ns                                     2.97
qr                                  1.2045e-08
nr                                        2.97
df                                        2.97
xf.ckb                                    2.97
xf.ckbb                            1.19186e-08
xf.nm                                     2.97
xf.nma                             1.93546e-08
xf.nmb                                    2.97
xf.ns                              5.28688e-08
qf                                        2.97
nf                                 3.76425e-08
vdf#branch                        -9.17992e-12
vdr#branch                         9.57614e-12
vck#branch                                   0
vdd#branch                        -1.99923e-10


No. of Data Rows : 6032

  Measurements for Transient Analysis

tcq_r               =  3.67884e-10 targ=  2.54179e-08 trig=  2.50500e-08
tcq_f               =  3.17749e-10 targ=  2.53677e-08 trig=  2.50500e-08


Total analysis time (seconds) = 1.43699

Total elapsed time (seconds) = 1.765 

Total DRAM available = 49152.000 MB.
DRAM currently available = 5385.484 MB.
Maximum ngspice program size =   13.078 MB.
Current ngspice program size =   13.078 MB.

