
Note: Compatibility modes selected: hs a

Warning: m=xx on .subckt line will override multiplier m hierarchy!


Circuit: * generated by simenv.sh -- do not edit; edit sim/mc-cp-mismatch/work/dut_dff.sp instead

Doing analysis at TEMP = 125.000000 and TNOM = 27.000000

Using SPARSE 1.3 as Direct Linear Solver

Initial Transient Solution
--------------------------

Node                                   Voltage
----                                   -------
vdd                                       2.97
ck                                           0
dr                                           0
xr.ckb                                    2.97
xr.ckbb                            1.17977e-08
xr.nm                              1.55448e-08
xr.nma                                    2.97
xr.nmb                             2.03908e-08
xr.ns                                     2.97
qr                                 1.24503e-08
nr                                        2.97
df                                        2.97
xf.ckb                                    2.97
xf.ckbb                            1.14951e-08
xf.nm                                     2.97
xf.nma                             2.00853e-08
xf.nmb                                    2.97
xf.ns                              5.10335e-08
qf                                        2.97
nf                                 3.53128e-08
vdf#branch                        -9.17639e-12
vdr#branch                         9.57614e-12
vck#branch                                   0
vdd#branch                        -1.93583e-10


No. of Data Rows : 6032

  Measurements for Transient Analysis

tcq_r               =  3.69870e-10 targ=  2.54199e-08 trig=  2.50500e-08
tcq_f               =  3.20269e-10 targ=  2.53703e-08 trig=  2.50500e-08


Total analysis time (seconds) = 4.93194

Total elapsed time (seconds) = 5.489 

Total DRAM available = 49152.000 MB.
DRAM currently available = 5927.531 MB.
Maximum ngspice program size =   13.203 MB.
Current ngspice program size =   13.203 MB.

