
Note: Compatibility modes selected: hs a

Warning: m=xx on .subckt line will override multiplier m hierarchy!


Circuit: * generated by simenv.sh -- do not edit; edit sim/mc-cp-mismatch/work/dut_dff.sp instead

Doing analysis at TEMP = -40.000000 and TNOM = 27.000000

Using SPARSE 1.3 as Direct Linear Solver

Initial Transient Solution
--------------------------

Node                                   Voltage
----                                   -------
vdd                                       3.63
ck                                           0
dr                                           0
xr.ckb                                    3.63
xr.ckbb                            5.49293e-09
xr.nm                              1.03093e-08
xr.nma                                    3.63
xr.nmb                             1.12405e-08
xr.ns                                     3.63
qr                                 5.51932e-09
nr                                        3.63
df                                        3.63
xf.ckb                                    3.63
xf.ckbb                            5.59888e-09
xf.nm                                     3.63
xf.nma                             1.10503e-08
xf.nmb                                    3.63
xf.ns                                     3.63
qf                                 5.51283e-09
nf                                        3.63
vdf#branch                        -1.08907e-11
vdr#branch                         1.15002e-11
vck#branch                                   0
vdd#branch                        -9.61138e-11


No. of Data Rows : 6032

  Measurements for Transient Analysis

tcq_r               =  1.93544e-10 targ=  2.52435e-08 trig=  2.50500e-08
tcq_f               =  1.76832e-10 targ=  2.52268e-08 trig=  2.50500e-08


Total analysis time (seconds) = 3.31527

Total elapsed time (seconds) = 3.671 

Total DRAM available = 49152.000 MB.
DRAM currently available = 14765.250 MB.
Maximum ngspice program size =   13.062 MB.
Current ngspice program size =   13.062 MB.

