
Note: Compatibility modes selected: hs a

Warning: m=xx on .subckt line will override multiplier m hierarchy!


Circuit: * generated by simenv.sh -- do not edit; edit sim/mc-cp-mismatch/testbench/tb_mc_pfd_cp.sp instead

Doing analysis at TEMP = -40.000000 and TNOM = 27.000000

Using SPARSE 1.3 as Direct Linear Solver
Note: Starting dynamic gmin stepping
Warning: Dynamic gmin stepping failed
Note: Starting true gmin stepping
Note: True gmin stepping completed

Initial Transient Solution
--------------------------

Node                                   Voltage
----                                   -------
vdd                                       3.63
vss                                          0
ref                                          0
fb                                           0
b0                                           0
b1                                        3.63
ibn                                   0.857354
icn                                   0.956046
ibp                                    2.80383
icp                                    2.70337
xdut.xpfd.xed_ref.d1                      3.63
xdut.xpfd.xed_ref.d2               1.07263e-08
xdut.xpfd.xed_ref.d3                      3.63
xdut.xpfd.xed_ref.d4               1.06972e-08
xdut.xpfd.xed_ref.d5                      3.63
xdut.xpfd.xed_ref.nn                      3.63
xdut.xpfd.xed_ref.xnd.ni           2.74182e-14
xdut.xpfd.pr                       1.07553e-08
xdut.xpfd.xed_fb.d1                       3.63
xdut.xpfd.xed_fb.d2                1.04669e-08
xdut.xpfd.xed_fb.d3                       3.63
xdut.xpfd.xed_fb.d4                1.06895e-08
xdut.xpfd.xed_fb.d5                       3.63
xdut.xpfd.xed_fb.nn                       3.63
xdut.xpfd.xed_fb.xnd.ni            3.69531e-14
xdut.xpfd.pf                       1.04026e-08
xdut.xpfd.sbr                             3.63
xdut.xpfd.sbf                             3.63
up                                 2.19199e-08
xdut.xpfd.upb                             3.63
xdut.xpfd.xlat_ref.xn1.ni          1.08784e-08
xdut.xpfd.rb                              3.63
xdut.xpfd.xlat_ref.xn2.ni              2.79768
dn                                 2.20089e-08
xdut.xpfd.dnb                             3.63
xdut.xpfd.xlat_fb.xn1.ni           1.09896e-08
xdut.xpfd.xlat_fb.xn2.ni               2.80336
xdut.xpfd.nrst                            3.63
xdut.xpfd.xnand_rst.ni             8.60262e-06
xdut.xpfd.rst_raw                  1.05533e-08
xdut.xpfd.rd1                             3.63
xdut.xpfd.rd2                      1.05547e-08
xdut.xpfd.rd3                             3.63
xdut.xpfd.rd4                       1.0671e-08
xdut.xpfd.rd5                             3.63
xdut.xpfd.rd6                      1.05113e-08
xdut.xpfd.rd7                             3.63
xdut.xpfd.rd8                      1.07783e-08
xdut.xpfd.rd9                             3.63
xdut.xpfd.rd10                     1.05672e-08
xdut.xpfd.rd11                            3.63
xdut.xpfd.rd12                     1.05813e-08
xdut.xpfd.rd13                            3.63
xdut.xpfd.rd14                      1.0605e-08
xdut.xpfd.rd15                            3.63
xdut.xpfd.rd16                     1.04422e-08
xdut.xpfd.rd17                            3.63
xdut.xpfd.rd18                     1.05342e-08
xdut.xpfd.rd19                            3.63
xdut.xpfd.rd20                     1.06343e-08
xdut.xpfd.rd21                            3.63
xdut.xpfd.rd22                     1.04127e-08
xdut.xpfd.rd23                            3.63
xdut.xpfd.rst_dly                  1.06105e-08
xdut.xcp.b0b                              3.63
xdut.xcp.b1b                       1.05255e-08
xdut.xcp.upb                              3.63
xdut.xcp.dnb                              3.63
xdut.xcp.xn_base.bg                   0.857354
xdut.xcp.xn_base.mid                 0.0773509
xdut.xcp.dnt                            1.6505
xdut.xcp.xn_t0.bg                  4.18059e-15
xdut.xcp.xn_t0.mid                    0.386353
xdut.xcp.xn_t1a.bg                    0.857354
xdut.xcp.xn_t1a.mid                   0.081527
xdut.xcp.xn_t1b.bg                    0.857354
xdut.xcp.xn_t1b.mid                  0.0751847
xdut.xcp.xp_base.bg                    2.80383
xdut.xcp.xp_base.mid                   3.55343
xdut.xcp.upt                           1.66372
xdut.xcp.xp_t0.bg                         3.63
xdut.xcp.xp_t0.mid                     1.45466
xdut.xcp.xp_t1a.bg                     2.80383
xdut.xcp.xp_t1a.mid                    3.55232
xdut.xcp.xp_t1b.bg                     2.80383
xdut.xcp.xp_t1b.mid                    3.55322
vout                                      1.65
xdut.xcp.vdump                         1.65236
xdut.xcp.xbuf.nsrc                    0.619164
xdut.xcp.xbuf.nda                       2.8057
xdut.xcp.xbuf.psrc                      2.4411
xdut.xcp.xbuf.pda                     0.829221
vctrl_src                                 1.65
vctrl#branch                       -1.2207e-11
vam#branch                         -1.0557e-11
vb1#branch                           -3.63e-12
vb0#branch                                   0
vfb#branch                                   0
vref#branch                                  0
vss#branch                         3.67257e-05
vdd#branch                        -5.27265e-05


No. of Data Rows : 7327
qnet2               =  -5.23003e-15 from=  6.00000e-08 to=  1.40000e-07
MCPFD qnet=-2.61502E-15
Note: Simulation executed from .control section 
