
Note: Compatibility modes selected: hs a

Warning: m=xx on .subckt line will override multiplier m hierarchy!


Circuit: * generated by simenv.sh -- do not edit; edit sim/mc-cp-mismatch/testbench/tb_mc_pfd_cp.sp instead

Doing analysis at TEMP = -40.000000 and TNOM = 27.000000

Using SPARSE 1.3 as Direct Linear Solver
Note: Starting dynamic gmin stepping
Warning: Dynamic gmin stepping failed
Note: Starting true gmin stepping
Note: True gmin stepping completed

Initial Transient Solution
--------------------------

Node                                   Voltage
----                                   -------
vdd                                       2.97
vss                                          0
ref                                          0
fb                                           0
b0                                           0
b1                                        2.97
ibn                                   0.860429
icn                                   0.953866
ibp                                    2.14368
icp                                    2.04629
xdut.xpfd.xed_ref.d1                      2.97
xdut.xpfd.xed_ref.d2               8.88156e-09
xdut.xpfd.xed_ref.d3                      2.97
xdut.xpfd.xed_ref.d4                8.9277e-09
xdut.xpfd.xed_ref.d5                      2.97
xdut.xpfd.xed_ref.nn                      2.97
xdut.xpfd.xed_ref.xnd.ni            9.9496e-15
xdut.xpfd.pr                       9.10285e-09
xdut.xpfd.xed_fb.d1                       2.97
xdut.xpfd.xed_fb.d2                 8.7866e-09
xdut.xpfd.xed_fb.d3                       2.97
xdut.xpfd.xed_fb.d4                8.81085e-09
xdut.xpfd.xed_fb.d5                       2.97
xdut.xpfd.xed_fb.nn                       2.97
xdut.xpfd.xed_fb.xnd.ni            8.67944e-15
xdut.xpfd.pf                       8.91718e-09
xdut.xpfd.sbr                             2.97
xdut.xpfd.sbf                             2.97
up                                 1.80968e-08
xdut.xpfd.upb                             2.97
xdut.xpfd.xlat_ref.xn1.ni          9.10142e-09
xdut.xpfd.rb                              2.97
xdut.xpfd.xlat_ref.xn2.ni              2.18355
dn                                 1.81815e-08
xdut.xpfd.dnb                             2.97
xdut.xpfd.xlat_fb.xn1.ni           9.07954e-09
xdut.xpfd.xlat_fb.xn2.ni               2.19275
xdut.xpfd.nrst                            2.97
xdut.xpfd.xnand_rst.ni             6.41682e-06
xdut.xpfd.rst_raw                  8.81979e-09
xdut.xpfd.rd1                             2.97
xdut.xpfd.rd2                       9.0545e-09
xdut.xpfd.rd3                             2.97
xdut.xpfd.rd4                      8.88958e-09
xdut.xpfd.rd5                             2.97
xdut.xpfd.rd6                      8.91485e-09
xdut.xpfd.rd7                             2.97
xdut.xpfd.rd8                      8.85955e-09
xdut.xpfd.rd9                             2.97
xdut.xpfd.rd10                     8.97503e-09
xdut.xpfd.rd11                            2.97
xdut.xpfd.rd12                     9.04618e-09
xdut.xpfd.rd13                            2.97
xdut.xpfd.rd14                     9.10251e-09
xdut.xpfd.rd15                            2.97
xdut.xpfd.rd16                      8.8479e-09
xdut.xpfd.rd17                            2.97
xdut.xpfd.rd18                     8.97029e-09
xdut.xpfd.rd19                            2.97
xdut.xpfd.rd20                     8.95153e-09
xdut.xpfd.rd21                            2.97
xdut.xpfd.rd22                      8.8295e-09
xdut.xpfd.rd23                            2.97
xdut.xpfd.rst_dly                  8.78501e-09
xdut.xcp.b0b                              2.97
xdut.xcp.b1b                       8.77969e-09
xdut.xcp.upb                              2.97
xdut.xcp.dnb                              2.97
xdut.xcp.xn_base.bg                   0.860429
xdut.xcp.xn_base.mid                 0.0721646
xdut.xcp.dnt                           1.64521
xdut.xcp.xn_t0.bg                  7.23277e-15
xdut.xcp.xn_t0.mid                     0.38603
xdut.xcp.xn_t1a.bg                    0.860429
xdut.xcp.xn_t1a.mid                  0.0693994
xdut.xcp.xn_t1b.bg                    0.860429
xdut.xcp.xn_t1b.mid                  0.0749008
xdut.xcp.xp_base.bg                    2.14368
xdut.xcp.xp_base.mid                   2.89704
xdut.xcp.upt                           1.66046
xdut.xcp.xp_t0.bg                         2.97
xdut.xcp.xp_t0.mid                     1.18962
xdut.xcp.xp_t1a.bg                     2.14368
xdut.xcp.xp_t1a.mid                    2.89827
xdut.xcp.xp_t1b.bg                     2.14368
xdut.xcp.xp_t1b.mid                    2.89774
vout                                      1.65
xdut.xcp.vdump                         1.65095
xdut.xcp.xbuf.nsrc                    0.618962
xdut.xcp.xbuf.nda                      2.14688
xdut.xcp.xbuf.psrc                     2.44305
xdut.xcp.xbuf.pda                     0.825444
vctrl_src                                 1.65
vctrl#branch                      -1.41868e-11
vam#branch                        -1.25368e-11
vb1#branch                           -2.97e-12
vb0#branch                                   0
vfb#branch                                   0
vref#branch                                  0
vss#branch                         3.69574e-05
vdd#branch                         -5.2958e-05


No. of Data Rows : 7245
qnet2               =  -1.21369e-15 from=  6.00000e-08 to=  1.40000e-07
MCPFD qnet=-6.06842E-16
Note: Simulation executed from .control section 
