
Note: Compatibility modes selected: hs a

Warning: m=xx on .subckt line will override multiplier m hierarchy!


Circuit: * generated by simenv.sh -- do not edit; edit sim/mc-cp-mismatch/testbench/tb_mc_pfd_cp.sp instead

Doing analysis at TEMP = -40.000000 and TNOM = 27.000000

Using SPARSE 1.3 as Direct Linear Solver
Note: Starting dynamic gmin stepping
Warning: Dynamic gmin stepping failed
Note: Starting true gmin stepping
Note: True gmin stepping completed

Initial Transient Solution
--------------------------

Node                                   Voltage
----                                   -------
vdd                                       2.97
vss                                          0
ref                                          0
fb                                           0
b0                                           0
b1                                        2.97
ibn                                   0.669645
icn                                   0.761717
ibp                                    2.17822
icp                                    2.07863
xdut.xpfd.xed_ref.d1                      2.97
xdut.xpfd.xed_ref.d2               7.53193e-09
xdut.xpfd.xed_ref.d3                      2.97
xdut.xpfd.xed_ref.d4               7.66351e-09
xdut.xpfd.xed_ref.d5                      2.97
xdut.xpfd.xed_ref.nn                      2.97
xdut.xpfd.xed_ref.xnd.ni           7.83266e-12
xdut.xpfd.pr                       7.56774e-09
xdut.xpfd.xed_fb.d1                       2.97
xdut.xpfd.xed_fb.d2                7.64254e-09
xdut.xpfd.xed_fb.d3                       2.97
xdut.xpfd.xed_fb.d4                 7.6574e-09
xdut.xpfd.xed_fb.d5                       2.97
xdut.xpfd.xed_fb.nn                       2.97
xdut.xpfd.xed_fb.xnd.ni            1.27906e-11
xdut.xpfd.pf                       7.54291e-09
xdut.xpfd.sbr                             2.97
xdut.xpfd.sbf                             2.97
up                                 1.59701e-08
xdut.xpfd.upb                             2.97
xdut.xpfd.xlat_ref.xn1.ni          7.91986e-09
xdut.xpfd.rb                              2.97
xdut.xpfd.xlat_ref.xn2.ni              2.35717
dn                                 1.58062e-08
xdut.xpfd.dnb                             2.97
xdut.xpfd.xlat_fb.xn1.ni           7.90489e-09
xdut.xpfd.xlat_fb.xn2.ni               2.37944
xdut.xpfd.nrst                            2.97
xdut.xpfd.xnand_rst.ni             0.000959864
xdut.xpfd.rst_raw                  7.47814e-09
xdut.xpfd.rd1                             2.97
xdut.xpfd.rd2                       7.6337e-09
xdut.xpfd.rd3                             2.97
xdut.xpfd.rd4                      7.55043e-09
xdut.xpfd.rd5                             2.97
xdut.xpfd.rd6                      7.63006e-09
xdut.xpfd.rd7                             2.97
xdut.xpfd.rd8                      7.65698e-09
xdut.xpfd.rd9                             2.97
xdut.xpfd.rd10                     7.59256e-09
xdut.xpfd.rd11                            2.97
xdut.xpfd.rd12                     7.49507e-09
xdut.xpfd.rd13                            2.97
xdut.xpfd.rd14                     7.74609e-09
xdut.xpfd.rd15                            2.97
xdut.xpfd.rd16                     7.59999e-09
xdut.xpfd.rd17                            2.97
xdut.xpfd.rd18                     7.58615e-09
xdut.xpfd.rd19                            2.97
xdut.xpfd.rd20                     7.67834e-09
xdut.xpfd.rd21                            2.97
xdut.xpfd.rd22                     7.64019e-09
xdut.xpfd.rd23                            2.97
xdut.xpfd.rst_dly                  7.68953e-09
xdut.xcp.b0b                              2.97
xdut.xcp.b1b                       7.67557e-09
xdut.xcp.upb                              2.97
xdut.xcp.dnb                              2.97
xdut.xcp.xn_base.bg                   0.669645
xdut.xcp.xn_base.mid                 0.0759733
xdut.xcp.dnt                           1.64349
xdut.xcp.xn_t0.bg                  8.43396e-13
xdut.xcp.xn_t0.mid                    0.386452
xdut.xcp.xn_t1a.bg                    0.669645
xdut.xcp.xn_t1a.mid                  0.0732875
xdut.xcp.xn_t1b.bg                    0.669645
xdut.xcp.xn_t1b.mid                    0.07533
xdut.xcp.xp_base.bg                    2.17822
xdut.xcp.xp_base.mid                   2.89689
xdut.xcp.upt                           1.65512
xdut.xcp.xp_t0.bg                         2.97
xdut.xcp.xp_t0.mid                     1.18968
xdut.xcp.xp_t1a.bg                     2.17822
xdut.xcp.xp_t1a.mid                     2.8947
xdut.xcp.xp_t1b.bg                     2.17822
xdut.xcp.xp_t1b.mid                    2.89433
vout                                      1.65
xdut.xcp.vdump                         1.64654
xdut.xcp.xbuf.nsrc                    0.777263
xdut.xcp.xbuf.nda                      2.17839
xdut.xcp.xbuf.psrc                     2.40619
xdut.xcp.xbuf.pda                     0.636314
vctrl_src                                 1.65
vctrl#branch                      -1.41832e-11
vam#branch                        -1.25332e-11
vb1#branch                           -2.97e-12
vb0#branch                                   0
vfb#branch                                   0
vref#branch                                  0
vss#branch                         3.72033e-05
vdd#branch                        -5.32039e-05


No. of Data Rows : 7382
qnet2               =  7.03722e-15 from=  6.00000e-08 to=  1.40000e-07
MCPFD qnet=3.51861E-15
Note: Simulation executed from .control section 
