
Note: Compatibility modes selected: hs a

Warning: m=xx on .subckt line will override multiplier m hierarchy!


Circuit: * generated by simenv.sh -- do not edit; edit sim/mc-cp-mismatch/testbench/tb_mc_pfd_cp.sp instead

Doing analysis at TEMP = 125.000000 and TNOM = 27.000000

Using SPARSE 1.3 as Direct Linear Solver
Note: Starting dynamic gmin stepping
Warning: Dynamic gmin stepping failed
Note: Starting true gmin stepping
Note: True gmin stepping completed

Initial Transient Solution
--------------------------

Node                                   Voltage
----                                   -------
vdd                                       3.63
vss                                          0
ref                                          0
fb                                           0
b0                                           0
b1                                        3.63
ibn                                   0.747749
icn                                   0.875335
ibp                                    2.75226
icp                                    2.60253
xdut.xpfd.xed_ref.d1                      3.63
xdut.xpfd.xed_ref.d2               2.02011e-08
xdut.xpfd.xed_ref.d3                      3.63
xdut.xpfd.xed_ref.d4               2.00519e-08
xdut.xpfd.xed_ref.d5                      3.63
xdut.xpfd.xed_ref.nn                      3.63
xdut.xpfd.xed_ref.xnd.ni           2.67981e-08
xdut.xpfd.pr                       2.14432e-08
xdut.xpfd.xed_fb.d1                       3.63
xdut.xpfd.xed_fb.d2                2.14951e-08
xdut.xpfd.xed_fb.d3                       3.63
xdut.xpfd.xed_fb.d4                2.16252e-08
xdut.xpfd.xed_fb.d5                       3.63
xdut.xpfd.xed_fb.nn                       3.63
xdut.xpfd.xed_fb.xnd.ni            1.75638e-08
xdut.xpfd.pf                       1.92626e-08
xdut.xpfd.sbr                             3.63
xdut.xpfd.sbf                             3.63
up                                 4.43674e-08
xdut.xpfd.upb                             3.63
xdut.xpfd.xlat_ref.xn1.ni          2.22916e-08
xdut.xpfd.rb                              3.63
xdut.xpfd.xlat_ref.xn2.ni              3.03841
dn                                 4.37559e-08
xdut.xpfd.dnb                             3.63
xdut.xpfd.xlat_fb.xn1.ni           2.20541e-08
xdut.xpfd.xlat_fb.xn2.ni               3.05413
xdut.xpfd.nrst                            3.63
xdut.xpfd.xnand_rst.ni                0.055547
xdut.xpfd.rst_raw                  1.99387e-08
xdut.xpfd.rd1                             3.63
xdut.xpfd.rd2                      2.12314e-08
xdut.xpfd.rd3                             3.63
xdut.xpfd.rd4                      2.12344e-08
xdut.xpfd.rd5                             3.63
xdut.xpfd.rd6                         2.02e-08
xdut.xpfd.rd7                             3.63
xdut.xpfd.rd8                      2.05902e-08
xdut.xpfd.rd9                             3.63
xdut.xpfd.rd10                      2.2173e-08
xdut.xpfd.rd11                            3.63
xdut.xpfd.rd12                     2.10121e-08
xdut.xpfd.rd13                            3.63
xdut.xpfd.rd14                     1.96887e-08
xdut.xpfd.rd15                            3.63
xdut.xpfd.rd16                     2.11369e-08
xdut.xpfd.rd17                            3.63
xdut.xpfd.rd18                     1.94773e-08
xdut.xpfd.rd19                            3.63
xdut.xpfd.rd20                     1.98876e-08
xdut.xpfd.rd21                            3.63
xdut.xpfd.rd22                     2.18482e-08
xdut.xpfd.rd23                            3.63
xdut.xpfd.rst_dly                  1.97126e-08
xdut.xcp.b0b                              3.63
xdut.xcp.b1b                       1.95119e-08
xdut.xcp.upb                              3.63
xdut.xcp.dnb                              3.63
xdut.xcp.xn_base.bg                   0.747749
xdut.xcp.xn_base.mid                  0.101107
xdut.xcp.dnt                            1.6413
xdut.xcp.xn_t0.bg                  5.29528e-09
xdut.xcp.xn_t0.mid                    0.579669
xdut.xcp.xn_t1a.bg                    0.747749
xdut.xcp.xn_t1a.mid                   0.101169
xdut.xcp.xn_t1b.bg                    0.747749
xdut.xcp.xn_t1b.mid                   0.102251
xdut.xcp.xp_base.bg                    2.75226
xdut.xcp.xp_base.mid                    3.5199
xdut.xcp.upt                           1.67328
xdut.xcp.xp_t0.bg                         3.63
xdut.xcp.xp_t0.mid                      1.8611
xdut.xcp.xp_t1a.bg                     2.75226
xdut.xcp.xp_t1a.mid                     3.5213
xdut.xcp.xp_t1b.bg                     2.75226
xdut.xcp.xp_t1b.mid                    3.52036
vout                                      1.65
xdut.xcp.vdump                         1.64543
xdut.xcp.xbuf.nsrc                    0.704824
xdut.xcp.xbuf.nda                      2.74748
xdut.xcp.xbuf.psrc                     2.47185
xdut.xcp.xbuf.pda                     0.697868
vctrl_src                                 1.65
vctrl#branch                      -1.21246e-11
vam#branch                        -1.04746e-11
vb1#branch                           -3.63e-12
vb0#branch                                   0
vfb#branch                                   0
vref#branch                                  0
vss#branch                         3.81488e-05
vdd#branch                        -5.41496e-05


No. of Data Rows : 7143
qnet2               =  1.49887e-15 from=  6.00000e-08 to=  1.40000e-07
MCPFD qnet=7.49436E-16
Note: Simulation executed from .control section 
