
Note: Compatibility modes selected: hs a

Warning: m=xx on .subckt line will override multiplier m hierarchy!


Circuit: * generated by simenv.sh -- do not edit; edit sim/mc-cp-mismatch/testbench/tb_mc_pfd_cp.sp instead

Doing analysis at TEMP = -40.000000 and TNOM = 27.000000

Using SPARSE 1.3 as Direct Linear Solver
Note: Starting dynamic gmin stepping
Warning: Dynamic gmin stepping failed
Note: Starting true gmin stepping
Note: True gmin stepping completed

Initial Transient Solution
--------------------------

Node                                   Voltage
----                                   -------
vdd                                       2.97
vss                                          0
ref                                          0
fb                                           0
b0                                           0
b1                                        2.97
ibn                                   0.859748
icn                                   0.957955
ibp                                    2.14437
icp                                    2.04442
xdut.xpfd.xed_ref.d1                      2.97
xdut.xpfd.xed_ref.d2               8.94563e-09
xdut.xpfd.xed_ref.d3                      2.97
xdut.xpfd.xed_ref.d4               9.16279e-09
xdut.xpfd.xed_ref.d5                      2.97
xdut.xpfd.xed_ref.nn                      2.97
xdut.xpfd.xed_ref.xnd.ni           1.07619e-14
xdut.xpfd.pr                       8.91844e-09
xdut.xpfd.xed_fb.d1                       2.97
xdut.xpfd.xed_fb.d2                 8.7155e-09
xdut.xpfd.xed_fb.d3                       2.97
xdut.xpfd.xed_fb.d4                8.86383e-09
xdut.xpfd.xed_fb.d5                       2.97
xdut.xpfd.xed_fb.nn                       2.97
xdut.xpfd.xed_fb.xnd.ni            2.65995e-14
xdut.xpfd.pf                       8.95477e-09
xdut.xpfd.sbr                             2.97
xdut.xpfd.sbf                             2.97
up                                 1.80964e-08
xdut.xpfd.upb                             2.97
xdut.xpfd.xlat_ref.xn1.ni          9.10841e-09
xdut.xpfd.rb                              2.97
xdut.xpfd.xlat_ref.xn2.ni              2.21653
dn                                 1.82483e-08
xdut.xpfd.dnb                             2.97
xdut.xpfd.xlat_fb.xn1.ni           9.19941e-09
xdut.xpfd.xlat_fb.xn2.ni               2.18112
xdut.xpfd.nrst                            2.97
xdut.xpfd.xnand_rst.ni             6.54685e-06
xdut.xpfd.rst_raw                  8.86992e-09
xdut.xpfd.rd1                             2.97
xdut.xpfd.rd2                      8.91797e-09
xdut.xpfd.rd3                             2.97
xdut.xpfd.rd4                      8.79501e-09
xdut.xpfd.rd5                             2.97
xdut.xpfd.rd6                      8.77435e-09
xdut.xpfd.rd7                             2.97
xdut.xpfd.rd8                      8.85599e-09
xdut.xpfd.rd9                             2.97
xdut.xpfd.rd10                     8.97529e-09
xdut.xpfd.rd11                            2.97
xdut.xpfd.rd12                     8.88236e-09
xdut.xpfd.rd13                            2.97
xdut.xpfd.rd14                     8.92248e-09
xdut.xpfd.rd15                            2.97
xdut.xpfd.rd16                     8.95582e-09
xdut.xpfd.rd17                            2.97
xdut.xpfd.rd18                     8.78473e-09
xdut.xpfd.rd19                            2.97
xdut.xpfd.rd20                      8.8168e-09
xdut.xpfd.rd21                            2.97
xdut.xpfd.rd22                     8.95726e-09
xdut.xpfd.rd23                            2.97
xdut.xpfd.rst_dly                   8.9655e-09
xdut.xcp.b0b                              2.97
xdut.xcp.b1b                       9.06825e-09
xdut.xcp.upb                              2.97
xdut.xcp.dnb                              2.97
xdut.xcp.xn_base.bg                   0.859748
xdut.xcp.xn_base.mid                 0.0783414
xdut.xcp.dnt                           1.64276
xdut.xcp.xn_t0.bg                  8.39811e-15
xdut.xcp.xn_t0.mid                    0.389075
xdut.xcp.xn_t1a.bg                    0.859748
xdut.xcp.xn_t1a.mid                   0.075204
xdut.xcp.xn_t1b.bg                    0.859748
xdut.xcp.xn_t1b.mid                  0.0718187
xdut.xcp.xp_base.bg                    2.14437
xdut.xcp.xp_base.mid                   2.89463
xdut.xcp.upt                           1.65782
xdut.xcp.xp_t0.bg                         2.97
xdut.xcp.xp_t0.mid                     1.18962
xdut.xcp.xp_t1a.bg                     2.14437
xdut.xcp.xp_t1a.mid                     2.8949
xdut.xcp.xp_t1b.bg                     2.14437
xdut.xcp.xp_t1b.mid                    2.89861
vout                                      1.65
xdut.xcp.vdump                         1.64845
xdut.xcp.xbuf.nsrc                    0.615937
xdut.xcp.xbuf.nda                      2.14475
xdut.xcp.xbuf.psrc                     2.43978
xdut.xcp.xbuf.pda                     0.825501
vctrl_src                                 1.65
vctrl#branch                      -1.41921e-11
vam#branch                        -1.25421e-11
vb1#branch                           -2.97e-12
vb0#branch                                   0
vfb#branch                                   0
vref#branch                                  0
vss#branch                         3.68802e-05
vdd#branch                        -5.28808e-05


No. of Data Rows : 7262
qnet2               =  -1.05541e-15 from=  6.00000e-08 to=  1.40000e-07
MCPFD qnet=-5.27706E-16
Note: Simulation executed from .control section 
