
Note: Compatibility modes selected: hs a

Warning: m=xx on .subckt line will override multiplier m hierarchy!


Circuit: * generated by simenv.sh -- do not edit; edit sim/mc-cp-mismatch/testbench/tb_mc_pfd_cp.sp instead

Doing analysis at TEMP = 125.000000 and TNOM = 27.000000

Using SPARSE 1.3 as Direct Linear Solver
Note: Starting dynamic gmin stepping
Warning: Dynamic gmin stepping failed
Note: Starting true gmin stepping
Note: True gmin stepping completed

Initial Transient Solution
--------------------------

Node                                   Voltage
----                                   -------
vdd                                       3.63
vss                                          0
ref                                          0
fb                                           0
b0                                           0
b1                                        3.63
ibn                                   0.632651
icn                                    0.75977
ibp                                    2.87909
icp                                    2.73373
xdut.xpfd.xed_ref.d1                      3.63
xdut.xpfd.xed_ref.d2               4.73983e-08
xdut.xpfd.xed_ref.d3                      3.63
xdut.xpfd.xed_ref.d4               4.65051e-08
xdut.xpfd.xed_ref.d5                      3.63
xdut.xpfd.xed_ref.nn                      3.63
xdut.xpfd.xed_ref.xnd.ni           2.94588e-07
xdut.xpfd.pr                       7.22023e-08
xdut.xpfd.xed_fb.d1                       3.63
xdut.xpfd.xed_fb.d2                5.26414e-08
xdut.xpfd.xed_fb.d3                       3.63
xdut.xpfd.xed_fb.d4                5.63722e-08
xdut.xpfd.xed_fb.d5                       3.63
xdut.xpfd.xed_fb.nn                       3.63
xdut.xpfd.xed_fb.xnd.ni            2.65376e-07
xdut.xpfd.pf                       5.83522e-08
xdut.xpfd.sbr                             3.63
xdut.xpfd.sbf                             3.63
up                                 1.10387e-07
xdut.xpfd.upb                             3.63
xdut.xpfd.xlat_ref.xn1.ni          5.58362e-08
xdut.xpfd.rb                              3.63
xdut.xpfd.xlat_ref.xn2.ni              3.09492
dn                                 1.09043e-07
xdut.xpfd.dnb                             3.63
xdut.xpfd.xlat_fb.xn1.ni           5.41232e-08
xdut.xpfd.xlat_fb.xn2.ni               3.09398
xdut.xpfd.nrst                            3.63
xdut.xpfd.xnand_rst.ni                0.067596
xdut.xpfd.rst_raw                  6.31787e-08
xdut.xpfd.rd1                             3.63
xdut.xpfd.rd2                      5.77567e-08
xdut.xpfd.rd3                             3.63
xdut.xpfd.rd4                        5.501e-08
xdut.xpfd.rd5                             3.63
xdut.xpfd.rd6                      4.37464e-08
xdut.xpfd.rd7                             3.63
xdut.xpfd.rd8                      4.64893e-08
xdut.xpfd.rd9                             3.63
xdut.xpfd.rd10                      6.1888e-08
xdut.xpfd.rd11                            3.63
xdut.xpfd.rd12                      5.5953e-08
xdut.xpfd.rd13                            3.63
xdut.xpfd.rd14                     5.77073e-08
xdut.xpfd.rd15                            3.63
xdut.xpfd.rd16                     5.32865e-08
xdut.xpfd.rd17                            3.63
xdut.xpfd.rd18                     5.40874e-08
xdut.xpfd.rd19                            3.63
xdut.xpfd.rd20                     4.99219e-08
xdut.xpfd.rd21                            3.63
xdut.xpfd.rd22                      4.8352e-08
xdut.xpfd.rd23                            3.63
xdut.xpfd.rst_dly                  4.96939e-08
xdut.xcp.b0b                              3.63
xdut.xcp.b1b                       4.84481e-08
xdut.xcp.upb                              3.63
xdut.xcp.dnb                              3.63
xdut.xcp.xn_base.bg                   0.632651
xdut.xcp.xn_base.mid                 0.0988446
xdut.xcp.dnt                           1.64694
xdut.xcp.xn_t0.bg                  7.39871e-08
xdut.xcp.xn_t0.mid                     0.53664
xdut.xcp.xn_t1a.bg                    0.632651
xdut.xcp.xn_t1a.mid                   0.102747
xdut.xcp.xn_t1b.bg                     0.63265
xdut.xcp.xn_t1b.mid                   0.102752
xdut.xcp.xp_base.bg                    2.87909
xdut.xcp.xp_base.mid                   3.52422
xdut.xcp.upt                            1.6692
xdut.xcp.xp_t0.bg                         3.63
xdut.xcp.xp_t0.mid                     2.21112
xdut.xcp.xp_t1a.bg                     2.87909
xdut.xcp.xp_t1a.mid                    3.52421
xdut.xcp.xp_t1b.bg                     2.87909
xdut.xcp.xp_t1b.mid                    3.52361
vout                                      1.65
xdut.xcp.vdump                         1.65028
xdut.xcp.xbuf.nsrc                    0.801906
xdut.xcp.xbuf.nda                      2.87568
xdut.xcp.xbuf.psrc                      2.3472
xdut.xcp.xbuf.pda                     0.586175
vctrl_src                                 1.65
vctrl#branch                      -1.21283e-11
vam#branch                        -1.04783e-11
vb1#branch                           -3.63e-12
vb0#branch                                   0
vfb#branch                                   0
vref#branch                                  0
vss#branch                         3.78509e-05
vdd#branch                        -5.38517e-05


No. of Data Rows : 7180
qnet2               =  -5.82826e-15 from=  6.00000e-08 to=  1.40000e-07
MCPFD qnet=-2.91413E-15
Note: Simulation executed from .control section 
