
Note: Compatibility modes selected: hs a

Warning: m=xx on .subckt line will override multiplier m hierarchy!


Circuit: * generated by simenv.sh -- do not edit; edit sim/mc-cp-mismatch/testbench/tb_mc_pfd_cp.sp instead

Doing analysis at TEMP = -40.000000 and TNOM = 27.000000

Using SPARSE 1.3 as Direct Linear Solver
Note: Starting dynamic gmin stepping
Warning: Dynamic gmin stepping failed
Note: Starting true gmin stepping
Note: True gmin stepping completed

Initial Transient Solution
--------------------------

Node                                   Voltage
----                                   -------
vdd                                       2.97
vss                                          0
ref                                          0
fb                                           0
b0                                           0
b1                                        2.97
ibn                                   0.863444
icn                                   0.959164
ibp                                    2.14358
icp                                    2.04613
xdut.xpfd.xed_ref.d1                      2.97
xdut.xpfd.xed_ref.d2                8.8598e-09
xdut.xpfd.xed_ref.d3                      2.97
xdut.xpfd.xed_ref.d4               9.03802e-09
xdut.xpfd.xed_ref.d5                      2.97
xdut.xpfd.xed_ref.nn                      2.97
xdut.xpfd.xed_ref.xnd.ni           1.07716e-14
xdut.xpfd.pr                       8.93602e-09
xdut.xpfd.xed_fb.d1                       2.97
xdut.xpfd.xed_fb.d2                8.73393e-09
xdut.xpfd.xed_fb.d3                       2.97
xdut.xpfd.xed_fb.d4                8.84615e-09
xdut.xpfd.xed_fb.d5                       2.97
xdut.xpfd.xed_fb.nn                       2.97
xdut.xpfd.xed_fb.xnd.ni            1.37972e-14
xdut.xpfd.pf                        8.7877e-09
xdut.xpfd.sbr                             2.97
xdut.xpfd.sbf                             2.97
up                                 1.82513e-08
xdut.xpfd.upb                             2.97
xdut.xpfd.xlat_ref.xn1.ni           9.0983e-09
xdut.xpfd.rb                              2.97
xdut.xpfd.xlat_ref.xn2.ni              2.19381
dn                                 1.83077e-08
xdut.xpfd.dnb                             2.97
xdut.xpfd.xlat_fb.xn1.ni           9.13243e-09
xdut.xpfd.xlat_fb.xn2.ni               2.16708
xdut.xpfd.nrst                            2.97
xdut.xpfd.xnand_rst.ni              3.2564e-06
xdut.xpfd.rst_raw                  9.02893e-09
xdut.xpfd.rd1                             2.97
xdut.xpfd.rd2                      8.84048e-09
xdut.xpfd.rd3                             2.97
xdut.xpfd.rd4                      8.65452e-09
xdut.xpfd.rd5                             2.97
xdut.xpfd.rd6                      8.82287e-09
xdut.xpfd.rd7                             2.97
xdut.xpfd.rd8                      9.05591e-09
xdut.xpfd.rd9                             2.97
xdut.xpfd.rd10                     9.09327e-09
xdut.xpfd.rd11                            2.97
xdut.xpfd.rd12                     8.99438e-09
xdut.xpfd.rd13                            2.97
xdut.xpfd.rd14                     8.83358e-09
xdut.xpfd.rd15                            2.97
xdut.xpfd.rd16                     8.88912e-09
xdut.xpfd.rd17                            2.97
xdut.xpfd.rd18                     8.82202e-09
xdut.xpfd.rd19                            2.97
xdut.xpfd.rd20                     8.91632e-09
xdut.xpfd.rd21                            2.97
xdut.xpfd.rd22                     8.78998e-09
xdut.xpfd.rd23                            2.97
xdut.xpfd.rst_dly                  8.95397e-09
xdut.xcp.b0b                              2.97
xdut.xcp.b1b                       8.82406e-09
xdut.xcp.upb                              2.97
xdut.xcp.dnb                              2.97
xdut.xcp.xn_base.bg                   0.863444
xdut.xcp.xn_base.mid                 0.0752151
xdut.xcp.dnt                           1.64284
xdut.xcp.xn_t0.bg                  1.86993e-15
xdut.xcp.xn_t0.mid                    0.388499
xdut.xcp.xn_t1a.bg                    0.863444
xdut.xcp.xn_t1a.mid                  0.0795117
xdut.xcp.xn_t1b.bg                    0.863444
xdut.xcp.xn_t1b.mid                  0.0720917
xdut.xcp.xp_base.bg                    2.14358
xdut.xcp.xp_base.mid                   2.89569
xdut.xcp.upt                           1.65834
xdut.xcp.xp_t0.bg                         2.97
xdut.xcp.xp_t0.mid                     1.18962
xdut.xcp.xp_t1a.bg                     2.14358
xdut.xcp.xp_t1a.mid                    2.89631
xdut.xcp.xp_t1b.bg                     2.14358
xdut.xcp.xp_t1b.mid                    2.89625
vout                                      1.65
xdut.xcp.vdump                         1.64913
xdut.xcp.xbuf.nsrc                    0.611738
xdut.xcp.xbuf.nda                      2.13884
xdut.xcp.xbuf.psrc                     2.44065
xdut.xcp.xbuf.pda                     0.825748
vctrl_src                                 1.65
vctrl#branch                      -1.41832e-11
vam#branch                        -1.25332e-11
vb1#branch                           -2.97e-12
vb0#branch                                   0
vfb#branch                                   0
vref#branch                                  0
vss#branch                         3.77302e-05
vdd#branch                        -5.37309e-05


No. of Data Rows : 7343
qnet2               =  -1.13710e-14 from=  6.00000e-08 to=  1.40000e-07
MCPFD qnet=-5.6855E-15
Note: Simulation executed from .control section 
