
Note: Compatibility modes selected: hs a

Warning: m=xx on .subckt line will override multiplier m hierarchy!


Circuit: * generated by simenv.sh -- do not edit; edit sim/mc-cp-mismatch/testbench/tb_mc_pfd_cp.sp instead

Doing analysis at TEMP = 125.000000 and TNOM = 27.000000

Using SPARSE 1.3 as Direct Linear Solver
Note: Starting dynamic gmin stepping
Warning: Dynamic gmin stepping failed
Note: Starting true gmin stepping
Note: True gmin stepping completed

Initial Transient Solution
--------------------------

Node                                   Voltage
----                                   -------
vdd                                       2.97
vss                                          0
ref                                          0
fb                                           0
b0                                           0
b1                                        2.97
ibn                                    0.74589
icn                                   0.877255
ibp                                    2.09262
icp                                    1.94063
xdut.xpfd.xed_ref.d1                      2.97
xdut.xpfd.xed_ref.d2               1.83168e-08
xdut.xpfd.xed_ref.d3                      2.97
xdut.xpfd.xed_ref.d4               1.90986e-08
xdut.xpfd.xed_ref.d5                      2.97
xdut.xpfd.xed_ref.nn                      2.97
xdut.xpfd.xed_ref.xnd.ni           1.87022e-08
xdut.xpfd.pr                       1.88443e-08
xdut.xpfd.xed_fb.d1                       2.97
xdut.xpfd.xed_fb.d2                1.99744e-08
xdut.xpfd.xed_fb.d3                       2.97
xdut.xpfd.xed_fb.d4                1.96684e-08
xdut.xpfd.xed_fb.d5                       2.97
xdut.xpfd.xed_fb.nn                       2.97
xdut.xpfd.xed_fb.xnd.ni            2.47376e-08
xdut.xpfd.pf                         1.921e-08
xdut.xpfd.sbr                             2.97
xdut.xpfd.sbf                             2.97
up                                 4.11731e-08
xdut.xpfd.upb                             2.97
xdut.xpfd.xlat_ref.xn1.ni          2.03447e-08
xdut.xpfd.rb                              2.97
xdut.xpfd.xlat_ref.xn2.ni              2.41999
dn                                 4.07193e-08
xdut.xpfd.dnb                             2.97
xdut.xpfd.xlat_fb.xn1.ni           2.03794e-08
xdut.xpfd.xlat_fb.xn2.ni               2.44894
xdut.xpfd.nrst                            2.97
xdut.xpfd.xnand_rst.ni                0.042253
xdut.xpfd.rst_raw                  1.93791e-08
xdut.xpfd.rd1                             2.97
xdut.xpfd.rd2                      1.88932e-08
xdut.xpfd.rd3                             2.97
xdut.xpfd.rd4                      1.91146e-08
xdut.xpfd.rd5                             2.97
xdut.xpfd.rd6                      1.95121e-08
xdut.xpfd.rd7                             2.97
xdut.xpfd.rd8                      2.09206e-08
xdut.xpfd.rd9                             2.97
xdut.xpfd.rd10                     1.83483e-08
xdut.xpfd.rd11                            2.97
xdut.xpfd.rd12                     1.84689e-08
xdut.xpfd.rd13                            2.97
xdut.xpfd.rd14                     2.17146e-08
xdut.xpfd.rd15                            2.97
xdut.xpfd.rd16                     1.87908e-08
xdut.xpfd.rd17                            2.97
xdut.xpfd.rd18                     1.91164e-08
xdut.xpfd.rd19                            2.97
xdut.xpfd.rd20                     1.92644e-08
xdut.xpfd.rd21                            2.97
xdut.xpfd.rd22                     1.97352e-08
xdut.xpfd.rd23                            2.97
xdut.xpfd.rst_dly                  1.99571e-08
xdut.xcp.b0b                              2.97
xdut.xcp.b1b                       1.91263e-08
xdut.xcp.upb                              2.97
xdut.xcp.dnb                              2.97
xdut.xcp.xn_base.bg                    0.74589
xdut.xcp.xn_base.mid                  0.104919
xdut.xcp.dnt                            1.6351
xdut.xcp.xn_t0.bg                  6.02126e-09
xdut.xcp.xn_t0.mid                    0.578565
xdut.xcp.xn_t1a.bg                     0.74589
xdut.xcp.xn_t1a.mid                   0.102616
xdut.xcp.xn_t1b.bg                     0.74589
xdut.xcp.xn_t1b.mid                   0.104325
xdut.xcp.xp_base.bg                    2.09262
xdut.xcp.xp_base.mid                    2.8627
xdut.xcp.upt                           1.66619
xdut.xcp.xp_t0.bg                         2.97
xdut.xcp.xp_t0.mid                     1.59724
xdut.xcp.xp_t1a.bg                     2.09262
xdut.xcp.xp_t1a.mid                     2.8605
xdut.xcp.xp_t1b.bg                     2.09262
xdut.xcp.xp_t1b.mid                     2.8602
vout                                      1.65
xdut.xcp.vdump                         1.64493
xdut.xcp.xbuf.nsrc                    0.707256
xdut.xcp.xbuf.nda                      2.09257
xdut.xcp.xbuf.psrc                     2.46975
xdut.xcp.xbuf.pda                     0.695765
vctrl_src                                 1.65
vctrl#branch                      -1.41071e-11
vam#branch                        -1.24571e-11
vb1#branch                           -2.97e-12
vb0#branch                                   0
vfb#branch                                   0
vref#branch                                  0
vss#branch                         3.73334e-05
vdd#branch                        -5.33341e-05


No. of Data Rows : 7062
qnet2               =  -1.51586e-15 from=  6.00000e-08 to=  1.40000e-07
MCPFD qnet=-7.57929E-16
Note: Simulation executed from .control section 
