
Note: Compatibility modes selected: hs a

Warning: m=xx on .subckt line will override multiplier m hierarchy!


Circuit: * generated by simenv.sh -- do not edit; edit sim/mc-cp-mismatch/testbench/tb_mc_pfd_cp.sp instead

Doing analysis at TEMP = 125.000000 and TNOM = 27.000000

Using SPARSE 1.3 as Direct Linear Solver
Note: Starting dynamic gmin stepping
Warning: Dynamic gmin stepping failed
Note: Starting true gmin stepping
Note: True gmin stepping completed

Initial Transient Solution
--------------------------

Node                                   Voltage
----                                   -------
vdd                                       3.63
vss                                          0
ref                                          0
fb                                           0
b0                                           0
b1                                        3.63
ibn                                   0.713869
icn                                   0.844792
ibp                                    2.97208
icp                                    2.82984
xdut.xpfd.xed_ref.d1                      3.63
xdut.xpfd.xed_ref.d2               2.78983e-07
xdut.xpfd.xed_ref.d3                      3.63
xdut.xpfd.xed_ref.d4               3.20872e-07
xdut.xpfd.xed_ref.d5                      3.63
xdut.xpfd.xed_ref.nn                      3.63
xdut.xpfd.xed_ref.xnd.ni           2.95157e-08
xdut.xpfd.pr                       3.21892e-07
xdut.xpfd.xed_fb.d1                       3.63
xdut.xpfd.xed_fb.d2                2.77555e-07
xdut.xpfd.xed_fb.d3                       3.63
xdut.xpfd.xed_fb.d4                2.96307e-07
xdut.xpfd.xed_fb.d5                       3.63
xdut.xpfd.xed_fb.nn                       3.63
xdut.xpfd.xed_fb.xnd.ni             4.9915e-08
xdut.xpfd.pf                       2.45848e-07
xdut.xpfd.sbr                             3.63
xdut.xpfd.sbf                             3.63
up                                 6.70483e-07
xdut.xpfd.upb                             3.63
xdut.xpfd.xlat_ref.xn1.ni           3.3738e-07
xdut.xpfd.rb                              3.63
xdut.xpfd.xlat_ref.xn2.ni              3.08085
dn                                 6.18855e-07
xdut.xpfd.dnb                             3.63
xdut.xpfd.xlat_fb.xn1.ni           3.12156e-07
xdut.xpfd.xlat_fb.xn2.ni               3.05044
xdut.xpfd.nrst                            3.63
xdut.xpfd.xnand_rst.ni               0.0891645
xdut.xpfd.rst_raw                   2.9679e-07
xdut.xpfd.rd1                             3.63
xdut.xpfd.rd2                      2.45217e-07
xdut.xpfd.rd3                             3.63
xdut.xpfd.rd4                      3.14159e-07
xdut.xpfd.rd5                             3.63
xdut.xpfd.rd6                      2.63433e-07
xdut.xpfd.rd7                             3.63
xdut.xpfd.rd8                      4.60298e-07
xdut.xpfd.rd9                             3.63
xdut.xpfd.rd10                      2.7525e-07
xdut.xpfd.rd11                            3.63
xdut.xpfd.rd12                     3.55776e-07
xdut.xpfd.rd13                            3.63
xdut.xpfd.rd14                     2.21074e-07
xdut.xpfd.rd15                            3.63
xdut.xpfd.rd16                       4.144e-07
xdut.xpfd.rd17                            3.63
xdut.xpfd.rd18                     2.02248e-07
xdut.xpfd.rd19                            3.63
xdut.xpfd.rd20                     3.11452e-07
xdut.xpfd.rd21                            3.63
xdut.xpfd.rd22                     2.95196e-07
xdut.xpfd.rd23                            3.63
xdut.xpfd.rst_dly                  1.72113e-07
xdut.xcp.b0b                              3.63
xdut.xcp.b1b                       3.16703e-07
xdut.xcp.upb                              3.63
xdut.xcp.dnb                              3.63
xdut.xcp.xn_base.bg                   0.713869
xdut.xcp.xn_base.mid                  0.104639
xdut.xcp.dnt                           1.64424
xdut.xcp.xn_t0.bg                  1.56138e-08
xdut.xcp.xn_t0.mid                    0.573198
xdut.xcp.xn_t1a.bg                    0.713869
xdut.xcp.xn_t1a.mid                   0.101708
xdut.xcp.xn_t1b.bg                    0.713869
xdut.xcp.xn_t1b.mid                  0.0985792
xdut.xcp.xp_base.bg                    2.97208
xdut.xcp.xp_base.mid                     3.524
xdut.xcp.upt                           1.66302
xdut.xcp.xp_t0.bg                         3.63
xdut.xcp.xp_t0.mid                     3.05903
xdut.xcp.xp_t1a.bg                     2.97208
xdut.xcp.xp_t1a.mid                     3.5243
xdut.xcp.xp_t1b.bg                     2.97208
xdut.xcp.xp_t1b.mid                    3.52809
vout                                      1.65
xdut.xcp.vdump                         1.64802
xdut.xcp.xbuf.nsrc                    0.736106
xdut.xcp.xbuf.nda                      2.97017
xdut.xcp.xbuf.psrc                     2.25521
xdut.xcp.xbuf.pda                      0.66716
vctrl_src                                 1.65
vctrl#branch                      -1.21274e-11
vam#branch                        -1.04774e-11
vb1#branch                           -3.63e-12
vb0#branch                                   0
vfb#branch                                   0
vref#branch                                  0
vss#branch                         3.76544e-05
vdd#branch                        -5.36552e-05


No. of Data Rows : 7210
qnet2               =  7.92486e-16 from=  6.00000e-08 to=  1.40000e-07
MCPFD qnet=3.96243E-16
Note: Simulation executed from .control section 
