
Note: Compatibility modes selected: hs a

Warning: m=xx on .subckt line will override multiplier m hierarchy!


Circuit: * generated by simenv.sh -- do not edit; edit sim/mc-cp-mismatch/testbench/tb_mc_pfd_cp.sp instead

Doing analysis at TEMP = 125.000000 and TNOM = 27.000000

Using SPARSE 1.3 as Direct Linear Solver
Note: Starting dynamic gmin stepping
Warning: Dynamic gmin stepping failed
Note: Starting true gmin stepping
Note: True gmin stepping completed

Initial Transient Solution
--------------------------

Node                                   Voltage
----                                   -------
vdd                                       2.97
vss                                          0
ref                                          0
fb                                           0
b0                                           0
b1                                        2.97
ibn                                   0.744852
icn                                    0.87304
ibp                                    2.09243
icp                                    1.94204
xdut.xpfd.xed_ref.d1                      2.97
xdut.xpfd.xed_ref.d2               1.81635e-08
xdut.xpfd.xed_ref.d3                      2.97
xdut.xpfd.xed_ref.d4               2.01572e-08
xdut.xpfd.xed_ref.d5                      2.97
xdut.xpfd.xed_ref.nn                      2.97
xdut.xpfd.xed_ref.xnd.ni           1.91707e-08
xdut.xpfd.pr                       1.93504e-08
xdut.xpfd.xed_fb.d1                       2.97
xdut.xpfd.xed_fb.d2                1.95597e-08
xdut.xpfd.xed_fb.d3                       2.97
xdut.xpfd.xed_fb.d4                2.04394e-08
xdut.xpfd.xed_fb.d5                       2.97
xdut.xpfd.xed_fb.nn                       2.97
xdut.xpfd.xed_fb.xnd.ni            2.68199e-08
xdut.xpfd.pf                        1.9058e-08
xdut.xpfd.sbr                             2.97
xdut.xpfd.sbf                             2.97
up                                 3.83717e-08
xdut.xpfd.upb                             2.97
xdut.xpfd.xlat_ref.xn1.ni          1.95988e-08
xdut.xpfd.rb                              2.97
xdut.xpfd.xlat_ref.xn2.ni              2.44531
dn                                 3.98183e-08
xdut.xpfd.dnb                             2.97
xdut.xpfd.xlat_fb.xn1.ni           1.96708e-08
xdut.xpfd.xlat_fb.xn2.ni               2.43978
xdut.xpfd.nrst                            2.97
xdut.xpfd.xnand_rst.ni               0.0517834
xdut.xpfd.rst_raw                  1.90232e-08
xdut.xpfd.rd1                             2.97
xdut.xpfd.rd2                      1.88255e-08
xdut.xpfd.rd3                             2.97
xdut.xpfd.rd4                      1.76985e-08
xdut.xpfd.rd5                             2.97
xdut.xpfd.rd6                      1.98595e-08
xdut.xpfd.rd7                             2.97
xdut.xpfd.rd8                      1.94435e-08
xdut.xpfd.rd9                             2.97
xdut.xpfd.rd10                     1.87707e-08
xdut.xpfd.rd11                            2.97
xdut.xpfd.rd12                     1.88518e-08
xdut.xpfd.rd13                            2.97
xdut.xpfd.rd14                      1.8416e-08
xdut.xpfd.rd15                            2.97
xdut.xpfd.rd16                     1.87549e-08
xdut.xpfd.rd17                            2.97
xdut.xpfd.rd18                     1.86295e-08
xdut.xpfd.rd19                            2.97
xdut.xpfd.rd20                     1.90076e-08
xdut.xpfd.rd21                            2.97
xdut.xpfd.rd22                      2.0109e-08
xdut.xpfd.rd23                            2.97
xdut.xpfd.rst_dly                  1.96276e-08
xdut.xcp.b0b                              2.97
xdut.xcp.b1b                       1.85074e-08
xdut.xcp.upb                              2.97
xdut.xcp.dnb                              2.97
xdut.xcp.xn_base.bg                   0.744852
xdut.xcp.xn_base.mid                  0.102577
xdut.xcp.dnt                           1.63924
xdut.xcp.xn_t0.bg                  1.27031e-08
xdut.xcp.xn_t0.mid                    0.577189
xdut.xcp.xn_t1a.bg                    0.744852
xdut.xcp.xn_t1a.mid                   0.102792
xdut.xcp.xn_t1b.bg                    0.744852
xdut.xcp.xn_t1b.mid                  0.0996009
xdut.xcp.xp_base.bg                    2.09243
xdut.xcp.xp_base.mid                   2.86402
xdut.xcp.upt                           1.66973
xdut.xcp.xp_t0.bg                         2.97
xdut.xcp.xp_t0.mid                       1.596
xdut.xcp.xp_t1a.bg                     2.09243
xdut.xcp.xp_t1a.mid                    2.86003
xdut.xcp.xp_t1b.bg                     2.09243
xdut.xcp.xp_t1b.mid                    2.86261
vout                                      1.65
xdut.xcp.vdump                         1.64847
xdut.xcp.xbuf.nsrc                    0.706605
xdut.xcp.xbuf.nda                      2.09173
xdut.xcp.xbuf.psrc                     2.47154
xdut.xcp.xbuf.pda                     0.696509
vctrl_src                                 1.65
vctrl#branch                      -1.41088e-11
vam#branch                        -1.24588e-11
vb1#branch                           -2.97e-12
vb0#branch                                   0
vfb#branch                                   0
vref#branch                                  0
vss#branch                         3.75753e-05
vdd#branch                         -5.3576e-05


No. of Data Rows : 7105
qnet2               =  -1.08731e-14 from=  6.00000e-08 to=  1.40000e-07
MCPFD qnet=-5.43653E-15
Note: Simulation executed from .control section 
