
Note: Compatibility modes selected: hs a

Warning: m=xx on .subckt line will override multiplier m hierarchy!


Circuit: * generated by simenv.sh -- do not edit; edit sim/mc-cp-mismatch/testbench/tb_mc_pfd_cp.sp instead

Doing analysis at TEMP = -40.000000 and TNOM = 27.000000

Using SPARSE 1.3 as Direct Linear Solver
Note: Starting dynamic gmin stepping
Warning: Dynamic gmin stepping failed
Note: Starting true gmin stepping
Note: True gmin stepping completed

Initial Transient Solution
--------------------------

Node                                   Voltage
----                                   -------
vdd                                       2.97
vss                                          0
ref                                          0
fb                                           0
b0                                           0
b1                                        2.97
ibn                                   0.670682
icn                                   0.759114
ibp                                    2.17783
icp                                    2.08012
xdut.xpfd.xed_ref.d1                      2.97
xdut.xpfd.xed_ref.d2               7.57123e-09
xdut.xpfd.xed_ref.d3                      2.97
xdut.xpfd.xed_ref.d4               7.62074e-09
xdut.xpfd.xed_ref.d5                      2.97
xdut.xpfd.xed_ref.nn                      2.97
xdut.xpfd.xed_ref.xnd.ni           1.34795e-11
xdut.xpfd.pr                       7.67474e-09
xdut.xpfd.xed_fb.d1                       2.97
xdut.xpfd.xed_fb.d2                7.66055e-09
xdut.xpfd.xed_fb.d3                       2.97
xdut.xpfd.xed_fb.d4                 7.6485e-09
xdut.xpfd.xed_fb.d5                       2.97
xdut.xpfd.xed_fb.nn                       2.97
xdut.xpfd.xed_fb.xnd.ni            1.01175e-11
xdut.xpfd.pf                       7.64565e-09
xdut.xpfd.sbr                             2.97
xdut.xpfd.sbf                             2.97
up                                 1.57849e-08
xdut.xpfd.upb                             2.97
xdut.xpfd.xlat_ref.xn1.ni          7.99011e-09
xdut.xpfd.rb                              2.97
xdut.xpfd.xlat_ref.xn2.ni              2.36826
dn                                 1.58794e-08
xdut.xpfd.dnb                             2.97
xdut.xpfd.xlat_fb.xn1.ni           7.94564e-09
xdut.xpfd.xlat_fb.xn2.ni                 2.373
xdut.xpfd.nrst                            2.97
xdut.xpfd.xnand_rst.ni              0.00214988
xdut.xpfd.rst_raw                  7.59729e-09
xdut.xpfd.rd1                             2.97
xdut.xpfd.rd2                       7.7601e-09
xdut.xpfd.rd3                             2.97
xdut.xpfd.rd4                      7.61538e-09
xdut.xpfd.rd5                             2.97
xdut.xpfd.rd6                      7.59279e-09
xdut.xpfd.rd7                             2.97
xdut.xpfd.rd8                      7.60479e-09
xdut.xpfd.rd9                             2.97
xdut.xpfd.rd10                     7.64525e-09
xdut.xpfd.rd11                            2.97
xdut.xpfd.rd12                     7.63738e-09
xdut.xpfd.rd13                            2.97
xdut.xpfd.rd14                     7.60925e-09
xdut.xpfd.rd15                            2.97
xdut.xpfd.rd16                     7.69055e-09
xdut.xpfd.rd17                            2.97
xdut.xpfd.rd18                     7.77611e-09
xdut.xpfd.rd19                            2.97
xdut.xpfd.rd20                     7.47868e-09
xdut.xpfd.rd21                            2.97
xdut.xpfd.rd22                     7.71922e-09
xdut.xpfd.rd23                            2.97
xdut.xpfd.rst_dly                  7.74651e-09
xdut.xcp.b0b                              2.97
xdut.xcp.b1b                       7.57088e-09
xdut.xcp.upb                              2.97
xdut.xcp.dnb                              2.97
xdut.xcp.xn_base.bg                   0.670682
xdut.xcp.xn_base.mid                 0.0734537
xdut.xcp.dnt                           1.64973
xdut.xcp.xn_t0.bg                  7.64672e-13
xdut.xcp.xn_t0.mid                    0.382865
xdut.xcp.xn_t1a.bg                    0.670682
xdut.xcp.xn_t1a.mid                  0.0731495
xdut.xcp.xn_t1b.bg                    0.670682
xdut.xcp.xn_t1b.mid                  0.0728245
xdut.xcp.xp_base.bg                    2.17783
xdut.xcp.xp_base.mid                    2.8935
xdut.xcp.upt                           1.66122
xdut.xcp.xp_t0.bg                         2.97
xdut.xcp.xp_t0.mid                     1.18968
xdut.xcp.xp_t1a.bg                     2.17783
xdut.xcp.xp_t1a.mid                    2.89599
xdut.xcp.xp_t1b.bg                     2.17783
xdut.xcp.xp_t1b.mid                    2.89353
vout                                      1.65
xdut.xcp.vdump                         1.65271
xdut.xcp.xbuf.nsrc                    0.778166
xdut.xcp.xbuf.nda                      2.17406
xdut.xcp.xbuf.psrc                     2.40942
xdut.xcp.xbuf.pda                     0.637954
vctrl_src                                 1.65
vctrl#branch                      -1.41832e-11
vam#branch                        -1.25332e-11
vb1#branch                           -2.97e-12
vb0#branch                                   0
vfb#branch                                   0
vref#branch                                  0
vss#branch                            3.77e-05
vdd#branch                        -5.37006e-05


No. of Data Rows : 7396
qnet2               =  -1.17373e-14 from=  6.00000e-08 to=  1.40000e-07
MCPFD qnet=-5.86863E-15
Note: Simulation executed from .control section 
