
Note: Compatibility modes selected: hs a

Warning: m=xx on .subckt line will override multiplier m hierarchy!


Circuit: * generated by simenv.sh -- do not edit; edit sim/mc-cp-mismatch/testbench/tb_mc_pfd_cp.sp instead

Doing analysis at TEMP = -40.000000 and TNOM = 27.000000

Using SPARSE 1.3 as Direct Linear Solver
Note: Starting dynamic gmin stepping
Warning: Dynamic gmin stepping failed
Note: Starting true gmin stepping
Note: True gmin stepping completed

Initial Transient Solution
--------------------------

Node                                   Voltage
----                                   -------
vdd                                       3.63
vss                                          0
ref                                          0
fb                                           0
b0                                           0
b1                                        3.63
ibn                                   0.700124
icn                                   0.792064
ibp                                    2.62111
icp                                    2.51582
xdut.xpfd.xed_ref.d1                      3.63
xdut.xpfd.xed_ref.d2               9.34979e-09
xdut.xpfd.xed_ref.d3                      3.63
xdut.xpfd.xed_ref.d4                9.2781e-09
xdut.xpfd.xed_ref.d5                      3.63
xdut.xpfd.xed_ref.nn                      3.63
xdut.xpfd.xed_ref.xnd.ni           8.97809e-12
xdut.xpfd.pr                       9.32438e-09
xdut.xpfd.xed_fb.d1                       3.63
xdut.xpfd.xed_fb.d2                9.25037e-09
xdut.xpfd.xed_fb.d3                       3.63
xdut.xpfd.xed_fb.d4                9.34995e-09
xdut.xpfd.xed_fb.d5                       3.63
xdut.xpfd.xed_fb.nn                       3.63
xdut.xpfd.xed_fb.xnd.ni            9.02675e-12
xdut.xpfd.pf                       9.22165e-09
xdut.xpfd.sbr                             3.63
xdut.xpfd.sbf                             3.63
up                                  1.9027e-08
xdut.xpfd.upb                             3.63
xdut.xpfd.xlat_ref.xn1.ni          9.46385e-09
xdut.xpfd.rb                              3.63
xdut.xpfd.xlat_ref.xn2.ni              2.95756
dn                                 1.93032e-08
xdut.xpfd.dnb                             3.63
xdut.xpfd.xlat_fb.xn1.ni           9.67774e-09
xdut.xpfd.xlat_fb.xn2.ni                2.9625
xdut.xpfd.nrst                            3.63
xdut.xpfd.xnand_rst.ni             0.000715153
xdut.xpfd.rst_raw                  9.14246e-09
xdut.xpfd.rd1                             3.63
xdut.xpfd.rd2                      9.08577e-09
xdut.xpfd.rd3                             3.63
xdut.xpfd.rd4                      9.16628e-09
xdut.xpfd.rd5                             3.63
xdut.xpfd.rd6                      9.03275e-09
xdut.xpfd.rd7                             3.63
xdut.xpfd.rd8                      9.06874e-09
xdut.xpfd.rd9                             3.63
xdut.xpfd.rd10                     9.24378e-09
xdut.xpfd.rd11                            3.63
xdut.xpfd.rd12                     9.08363e-09
xdut.xpfd.rd13                            3.63
xdut.xpfd.rd14                     9.19153e-09
xdut.xpfd.rd15                            3.63
xdut.xpfd.rd16                      9.1395e-09
xdut.xpfd.rd17                            3.63
xdut.xpfd.rd18                     9.22234e-09
xdut.xpfd.rd19                            3.63
xdut.xpfd.rd20                     9.23998e-09
xdut.xpfd.rd21                            3.63
xdut.xpfd.rd22                     9.15117e-09
xdut.xpfd.rd23                            3.63
xdut.xpfd.rst_dly                  9.28538e-09
xdut.xcp.b0b                              3.63
xdut.xcp.b1b                       9.16074e-09
xdut.xcp.upb                              3.63
xdut.xcp.dnb                              3.63
xdut.xcp.xn_base.bg                   0.700124
xdut.xcp.xn_base.mid                 0.0708846
xdut.xcp.dnt                           1.64886
xdut.xcp.xn_t0.bg                   4.2904e-13
xdut.xcp.xn_t0.mid                    0.384518
xdut.xcp.xn_t1a.bg                    0.700124
xdut.xcp.xn_t1a.mid                  0.0724679
xdut.xcp.xn_t1b.bg                    0.700124
xdut.xcp.xn_t1b.mid                  0.0672791
xdut.xcp.xp_base.bg                    2.62111
xdut.xcp.xp_base.mid                   3.55334
xdut.xcp.upt                           1.67277
xdut.xcp.xp_t0.bg                         3.63
xdut.xcp.xp_t0.mid                     1.45448
xdut.xcp.xp_t1a.bg                     2.62111
xdut.xcp.xp_t1a.mid                    3.55269
xdut.xcp.xp_t1b.bg                     2.62111
xdut.xcp.xp_t1b.mid                    3.55092
vout                                      1.65
xdut.xcp.vdump                         1.65056
xdut.xcp.xbuf.nsrc                    0.746798
xdut.xcp.xbuf.nda                      2.61819
xdut.xcp.xbuf.psrc                     2.62308
xdut.xcp.xbuf.pda                     0.668836
vctrl_src                                 1.65
vctrl#branch                      -1.22081e-11
vam#branch                        -1.05581e-11
vb1#branch                           -3.63e-12
vb0#branch                                   0
vfb#branch                                   0
vref#branch                                  0
vss#branch                         3.82913e-05
vdd#branch                        -5.42921e-05


No. of Data Rows : 7386
qnet2               =  -5.40042e-15 from=  6.00000e-08 to=  1.40000e-07
MCPFD qnet=-2.70021E-15
Note: Simulation executed from .control section 
