
Note: Compatibility modes selected: hs a

Warning: m=xx on .subckt line will override multiplier m hierarchy!


Circuit: * generated by simenv.sh -- do not edit; edit sim/mc-cp-mismatch/testbench/tb_mc_cp_switch.sp instead

Doing analysis at TEMP = -40.000000 and TNOM = 27.000000

Using SPARSE 1.3 as Direct Linear Solver

Initial Transient Solution
--------------------------

Node                                   Voltage
----                                   -------
vdd                                       2.97
vss                                          0
hi                                        2.97
lo                                           0
b0                                           0
b1                                        2.97
ctl                                          0
ibn_u                                 0.700794
icn_u                                 0.789381
ibp_u                                  1.96236
icp_u                                  1.85798
xcpu.b0b                                  2.97
xcpu.b1b                           7.81743e-09
xcpu.upb                                  2.97
xcpu.dnb                                  2.97
xcpu.xn_base.bg                       0.700794
xcpu.xn_base.mid                     0.0696234
xcpu.dnt                               1.64451
xcpu.xn_t0.bg                      4.42714e-13
xcpu.xn_t0.mid                        0.381634
xcpu.xn_t1a.bg                        0.700794
xcpu.xn_t1a.mid                      0.0716941
xcpu.xn_t1b.bg                        0.700794
xcpu.xn_t1b.mid                      0.0702895
xcpu.xp_base.bg                        1.96236
xcpu.xp_base.mid                       2.89378
xcpu.upt                               1.66337
xcpu.xp_t0.bg                             2.97
xcpu.xp_t0.mid                         1.18956
xcpu.xp_t1a.bg                         1.96236
xcpu.xp_t1a.mid                        2.89299
xcpu.xp_t1b.bg                         1.96236
xcpu.xp_t1b.mid                        2.89301
outu                                      1.65
xcpu.vdump                             1.64765
xcpu.xbuf.nsrc                        0.747395
xcpu.xbuf.nda                          1.96244
xcpu.xbuf.psrc                          2.6182
xcpu.xbuf.pda                         0.664479
ibn_d                                 0.699561
icn_d                                 0.794062
ibp_d                                  1.96242
icp_d                                  1.86099
xcpd.b0b                                  2.97
xcpd.b1b                           7.92984e-09
xcpd.upb                                  2.97
xcpd.dnb                                  2.97
xcpd.xn_base.bg                       0.699561
xcpd.xn_base.mid                     0.0776349
xcpd.dnt                               1.64457
xcpd.xn_t0.bg                       1.0034e-12
xcpd.xn_t0.mid                        0.387084
xcpd.xn_t1a.bg                        0.699561
xcpd.xn_t1a.mid                        0.07509
xcpd.xn_t1b.bg                        0.699561
xcpd.xn_t1b.mid                      0.0778222
xcpd.xp_base.bg                        1.96242
xcpd.xp_base.mid                       2.89558
xcpd.upt                                1.6635
xcpd.xp_t0.bg                             2.97
xcpd.xp_t0.mid                         1.18956
xcpd.xp_t1a.bg                         1.96242
xcpd.xp_t1a.mid                        2.89663
xcpd.xp_t1b.bg                         1.96242
xcpd.xp_t1b.mid                         2.8945
outd                                      1.65
xcpd.vdump                             1.64767
xcpd.xbuf.nsrc                        0.748546
xcpd.xbuf.nda                          1.96099
xcpd.xbuf.psrc                         2.61761
xcpd.xbuf.pda                         0.665122
vod#branch                         -1.2535e-11
vou#branch                        -1.25368e-11
vctl#branch                                  0
vb1#branch                           -2.97e-12
vb0#branch                                   0
vlo#branch                                   0
vhi#branch                           -2.97e-12
vss#branch                         7.43588e-05
vdd#branch                        -0.000106359


No. of Data Rows : 4528
iup_ss              =  5.16967e-06 from=  1.40000e-08 to=  1.50025e-08
idn_ss              =  -4.91826e-06 from=  1.40000e-08 to=  1.50025e-08
qup                 =  2.21636e-14 from=  9.50000e-09 to=  1.50000e-08
qdn                 =  -2.17886e-14 from=  9.50000e-09 to=  1.50000e-08
MCSW iup_ss=5.16967E-06 idn_ss=-4.91826E-06 qup=2.21636E-14 qdn=-2.17886E-14 wup=4.28724E-09 wdn=4.43015E-09 wskew=-1.42909E-10
Note: Simulation executed from .control section 
