
Note: Compatibility modes selected: hs a

Warning: m=xx on .subckt line will override multiplier m hierarchy!


Circuit: * generated by simenv.sh -- do not edit; edit sim/mc-cp-mismatch/testbench/tb_mc_cp_switch.sp instead

Doing analysis at TEMP = -40.000000 and TNOM = 27.000000

Using SPARSE 1.3 as Direct Linear Solver

Initial Transient Solution
--------------------------

Node                                   Voltage
----                                   -------
vdd                                       2.97
vss                                          0
hi                                        2.97
lo                                           0
b0                                           0
b1                                        2.97
ctl                                          0
ibn_u                                 0.670327
icn_u                                 0.761975
ibp_u                                    2.177
icp_u                                  2.08175
xcpu.b0b                                  2.97
xcpu.b1b                           7.60692e-09
xcpu.upb                                  2.97
xcpu.dnb                                  2.97
xcpu.xn_base.bg                       0.670327
xcpu.xn_base.mid                     0.0751238
xcpu.dnt                               1.64873
xcpu.xn_t0.bg                      1.78679e-12
xcpu.xn_t0.mid                        0.387332
xcpu.xn_t1a.bg                        0.670327
xcpu.xn_t1a.mid                      0.0703783
xcpu.xn_t1b.bg                        0.670327
xcpu.xn_t1b.mid                      0.0722758
xcpu.xp_base.bg                          2.177
xcpu.xp_base.mid                       2.89668
xcpu.upt                               1.66044
xcpu.xp_t0.bg                             2.97
xcpu.xp_t0.mid                         1.18968
xcpu.xp_t1a.bg                           2.177
xcpu.xp_t1a.mid                        2.89954
xcpu.xp_t1b.bg                           2.177
xcpu.xp_t1b.mid                        2.89811
outu                                      1.65
xcpu.vdump                              1.6517
xcpu.xbuf.nsrc                        0.778197
xcpu.xbuf.nda                          2.17901
xcpu.xbuf.psrc                         2.41007
xcpu.xbuf.pda                         0.636736
ibn_d                                 0.666955
icn_d                                  0.75609
ibp_d                                   2.1775
icp_d                                  2.08018
xcpd.b0b                                  2.97
xcpd.b1b                            7.6229e-09
xcpd.upb                                  2.97
xcpd.dnb                                  2.97
xcpd.xn_base.bg                       0.666955
xcpd.xn_base.mid                     0.0695215
xcpd.dnt                               1.64316
xcpd.xn_t0.bg                      9.12372e-13
xcpd.xn_t0.mid                        0.382271
xcpd.xn_t1a.bg                        0.666955
xcpd.xn_t1a.mid                      0.0727464
xcpd.xn_t1b.bg                        0.666955
xcpd.xn_t1b.mid                      0.0728392
xcpd.xp_base.bg                         2.1775
xcpd.xp_base.mid                       2.89461
xcpd.upt                               1.65456
xcpd.xp_t0.bg                             2.97
xcpd.xp_t0.mid                         1.18968
xcpd.xp_t1a.bg                          2.1775
xcpd.xp_t1a.mid                        2.89756
xcpd.xp_t1b.bg                          2.1775
xcpd.xp_t1b.mid                        2.89624
outd                                      1.65
xcpd.vdump                             1.64603
xcpd.xbuf.nsrc                        0.777726
xcpd.xbuf.nda                          2.18136
xcpd.xbuf.psrc                         2.40654
xcpd.xbuf.pda                         0.637082
vod#branch                        -1.25359e-11
vou#branch                        -1.25359e-11
vctl#branch                                  0
vb1#branch                           -2.97e-12
vb0#branch                                   0
vlo#branch                                   0
vhi#branch                           -2.97e-12
vss#branch                           7.445e-05
vdd#branch                         -0.00010645


No. of Data Rows : 4090
iup_ss              =  5.32919e-06 from=  1.40000e-08 to=  1.50025e-08
idn_ss              =  -5.06038e-06 from=  1.40000e-08 to=  1.50025e-08
qup                 =  2.26669e-14 from=  9.50000e-09 to=  1.50000e-08
qdn                 =  -2.20773e-14 from=  9.50000e-09 to=  1.50000e-08
MCSW iup_ss=5.32919E-06 idn_ss=-5.06038E-06 qup=2.26669E-14 qdn=-2.20773E-14 wup=4.25335E-09 wdn=4.36277E-09 wskew=-1.09415E-10
Note: Simulation executed from .control section 
