
Note: Compatibility modes selected: hs a

Warning: m=xx on .subckt line will override multiplier m hierarchy!


Circuit: * generated by simenv.sh -- do not edit; edit sim/mc-cp-mismatch/testbench/tb_mc_cp_switch.sp instead

Doing analysis at TEMP = -40.000000 and TNOM = 27.000000

Using SPARSE 1.3 as Direct Linear Solver

Initial Transient Solution
--------------------------

Node                                   Voltage
----                                   -------
vdd                                       3.63
vss                                          0
hi                                        3.63
lo                                           0
b0                                           0
b1                                        3.63
ctl                                          0
ibn_u                                 0.671108
icn_u                                 0.757943
ibp_u                                  2.83703
icp_u                                   2.7435
xcpu.b0b                                  3.63
xcpu.b1b                           9.48807e-09
xcpu.upb                                  3.63
xcpu.dnb                                  3.63
xcpu.xn_base.bg                       0.671108
xcpu.xn_base.mid                     0.0686689
xcpu.dnt                               1.64963
xcpu.xn_t0.bg                      1.08062e-12
xcpu.xn_t0.mid                        0.382898
xcpu.xn_t1a.bg                        0.671108
xcpu.xn_t1a.mid                      0.0722337
xcpu.xn_t1b.bg                        0.671108
xcpu.xn_t1b.mid                      0.0727179
xcpu.xp_base.bg                        2.83703
xcpu.xp_base.mid                       3.55689
xcpu.upt                               1.66153
xcpu.xp_t0.bg                             3.63
xcpu.xp_t0.mid                         1.45516
xcpu.xp_t1a.bg                         2.83703
xcpu.xp_t1a.mid                        3.55795
xcpu.xp_t1b.bg                         2.83703
xcpu.xp_t1b.mid                        3.55809
outu                                      1.65
xcpu.vdump                             1.65115
xcpu.xbuf.nsrc                        0.776799
xcpu.xbuf.nda                          2.83571
xcpu.xbuf.psrc                         2.40779
xcpu.xbuf.pda                         0.637977
ibn_d                                 0.668041
icn_d                                  0.76186
ibp_d                                  2.83858
icp_d                                  2.74303
xcpd.b0b                                  3.63
xcpd.b1b                           9.43685e-09
xcpd.upb                                  3.63
xcpd.dnb                                  3.63
xcpd.xn_base.bg                       0.668041
xcpd.xn_base.mid                     0.0743152
xcpd.dnt                               1.65201
xcpd.xn_t0.bg                      1.35879e-12
xcpd.xn_t0.mid                        0.385745
xcpd.xn_t1a.bg                        0.668041
xcpd.xn_t1a.mid                      0.0747889
xcpd.xn_t1b.bg                        0.668041
xcpd.xn_t1b.mid                      0.0773963
xcpd.xp_base.bg                        2.83858
xcpd.xp_base.mid                       3.55584
xcpd.upt                               1.66347
xcpd.xp_t0.bg                             3.63
xcpd.xp_t0.mid                         1.45458
xcpd.xp_t1a.bg                         2.83858
xcpd.xp_t1a.mid                        3.55636
xcpd.xp_t1b.bg                         2.83858
xcpd.xp_t1b.mid                        3.55797
outd                                      1.65
xcpd.vdump                             1.65352
xcpd.xbuf.nsrc                        0.780324
xcpd.xbuf.nda                          2.83727
xcpd.xbuf.psrc                         2.40891
xcpd.xbuf.pda                         0.635682
vod#branch                        -1.05536e-11
vou#branch                        -1.05598e-11
vctl#branch                                  0
vb1#branch                           -3.63e-12
vb0#branch                                   0
vlo#branch                                   0
vhi#branch                           -3.63e-12
vss#branch                         7.46674e-05
vdd#branch                        -0.000106668


No. of Data Rows : 4059
iup_ss              =  5.23758e-06 from=  1.40000e-08 to=  1.50025e-08
idn_ss              =  -4.90560e-06 from=  1.40000e-08 to=  1.50025e-08
qup                 =  2.22201e-14 from=  9.50000e-09 to=  1.50000e-08
qdn                 =  -2.16330e-14 from=  9.50000e-09 to=  1.50000e-08
MCSW iup_ss=5.23758E-06 idn_ss=-4.9056E-06 qup=2.22201E-14 qdn=-2.1633E-14 wup=4.24244E-09 wdn=4.40985E-09 wskew=-1.67413E-10
Note: Simulation executed from .control section 
