
Note: Compatibility modes selected: hs a

Warning: m=xx on .subckt line will override multiplier m hierarchy!


Circuit: * generated by simenv.sh -- do not edit; edit sim/mc-cp-mismatch/testbench/tb_mc_cp_switch.sp instead

Doing analysis at TEMP = -40.000000 and TNOM = 27.000000

Using SPARSE 1.3 as Direct Linear Solver

Initial Transient Solution
--------------------------

Node                                   Voltage
----                                   -------
vdd                                       3.63
vss                                          0
hi                                        3.63
lo                                           0
b0                                           0
b1                                        3.63
ctl                                          0
ibn_u                                 0.670619
icn_u                                 0.758032
ibp_u                                  2.83774
icp_u                                  2.73997
xcpu.b0b                                  3.63
xcpu.b1b                           9.50527e-09
xcpu.upb                                  3.63
xcpu.dnb                                  3.63
xcpu.xn_base.bg                       0.670619
xcpu.xn_base.mid                     0.0691949
xcpu.dnt                               1.64755
xcpu.xn_t0.bg                      8.92865e-13
xcpu.xn_t0.mid                        0.381152
xcpu.xn_t1a.bg                        0.670619
xcpu.xn_t1a.mid                      0.0712812
xcpu.xn_t1b.bg                        0.670619
xcpu.xn_t1b.mid                      0.0698699
xcpu.xp_base.bg                        2.83774
xcpu.xp_base.mid                       3.55619
xcpu.upt                               1.65935
xcpu.xp_t0.bg                             3.63
xcpu.xp_t0.mid                         1.45458
xcpu.xp_t1a.bg                         2.83774
xcpu.xp_t1a.mid                        3.55538
xcpu.xp_t1b.bg                         2.83774
xcpu.xp_t1b.mid                         3.5554
outu                                      1.65
xcpu.vdump                             1.64907
xcpu.xbuf.nsrc                        0.777122
xcpu.xbuf.nda                          2.83729
xcpu.xbuf.psrc                         2.40686
xcpu.xbuf.pda                         0.636874
ibn_d                                 0.669386
icn_d                                 0.762709
ibp_d                                  2.83781
icp_d                                  2.74298
xcpd.b0b                                  3.63
xcpd.b1b                           9.64259e-09
xcpd.upb                                  3.63
xcpd.dnb                                  3.63
xcpd.xn_base.bg                       0.669386
xcpd.xn_base.mid                     0.0772646
xcpd.dnt                               1.64759
xcpd.xn_t0.bg                      2.03256e-12
xcpd.xn_t0.mid                        0.386634
xcpd.xn_t1a.bg                        0.669386
xcpd.xn_t1a.mid                      0.0746982
xcpd.xn_t1b.bg                        0.669386
xcpd.xn_t1b.mid                      0.0774484
xcpd.xp_base.bg                        2.83781
xcpd.xp_base.mid                       3.55804
xcpd.upt                               1.65944
xcpd.xp_t0.bg                             3.63
xcpd.xp_t0.mid                         1.45516
xcpd.xp_t1a.bg                         2.83781
xcpd.xp_t1a.mid                        3.55911
xcpd.xp_t1b.bg                         2.83781
xcpd.xp_t1b.mid                        3.55693
outd                                      1.65
xcpd.vdump                              1.6491
xcpd.xbuf.nsrc                        0.778286
xcpd.xbuf.nda                           2.8358
xcpd.xbuf.psrc                         2.40625
xcpd.xbuf.pda                         0.637507
vod#branch                        -1.05536e-11
vou#branch                        -1.05554e-11
vctl#branch                                  0
vb1#branch                           -3.63e-12
vb0#branch                                   0
vlo#branch                                   0
vhi#branch                           -3.63e-12
vss#branch                         7.52998e-05
vdd#branch                          -0.0001073


No. of Data Rows : 4065
iup_ss              =  5.27325e-06 from=  1.40000e-08 to=  1.50025e-08
idn_ss              =  -4.97788e-06 from=  1.40000e-08 to=  1.50025e-08
qup                 =  2.23514e-14 from=  9.50000e-09 to=  1.50000e-08
qdn                 =  -2.20991e-14 from=  9.50000e-09 to=  1.50000e-08
MCSW iup_ss=5.27325E-06 idn_ss=-4.97788E-06 qup=2.23514E-14 qdn=-2.20991E-14 wup=4.23864E-09 wdn=4.43947E-09 wskew=-2.00832E-10
Note: Simulation executed from .control section 
