
Note: Compatibility modes selected: hs a

Warning: m=xx on .subckt line will override multiplier m hierarchy!


Circuit: * generated by simenv.sh -- do not edit; edit sim/mc-cp-mismatch/testbench/tb_mc_cp_switch.sp instead

Doing analysis at TEMP = -40.000000 and TNOM = 27.000000

Using SPARSE 1.3 as Direct Linear Solver

Initial Transient Solution
--------------------------

Node                                   Voltage
----                                   -------
vdd                                       3.63
vss                                          0
hi                                        3.63
lo                                           0
b0                                           0
b1                                        3.63
ctl                                          0
ibn_u                                 0.698306
icn_u                                 0.788729
ibp_u                                  2.62198
icp_u                                  2.51867
xcpu.b0b                                  3.63
xcpu.b1b                           9.19303e-09
xcpu.upb                                  3.63
xcpu.dnb                                  3.63
xcpu.xn_base.bg                       0.698306
xcpu.xn_base.mid                     0.0740237
xcpu.dnt                               1.65041
xcpu.xn_t0.bg                      4.20312e-13
xcpu.xn_t0.mid                        0.377286
xcpu.xn_t1a.bg                        0.698306
xcpu.xn_t1a.mid                      0.0732376
xcpu.xn_t1b.bg                        0.698306
xcpu.xn_t1b.mid                      0.0747633
xcpu.xp_base.bg                        2.62198
xcpu.xp_base.mid                       3.55134
xcpu.upt                               1.67456
xcpu.xp_t0.bg                             3.63
xcpu.xp_t0.mid                         1.45448
xcpu.xp_t1a.bg                         2.62198
xcpu.xp_t1a.mid                        3.55282
xcpu.xp_t1b.bg                         2.62198
xcpu.xp_t1b.mid                        3.55343
outu                                      1.65
xcpu.vdump                             1.65189
xcpu.xbuf.nsrc                         0.75012
xcpu.xbuf.nda                          2.62656
xcpu.xbuf.psrc                         2.62181
xcpu.xbuf.pda                         0.670486
ibn_d                                 0.700069
icn_d                                 0.793924
ibp_d                                  2.62318
icp_d                                  2.52128
xcpd.b0b                                  3.63
xcpd.b1b                           9.08625e-09
xcpd.upb                                  3.63
xcpd.dnb                                  3.63
xcpd.xn_base.bg                       0.700069
xcpd.xn_base.mid                     0.0728773
xcpd.dnt                                1.6488
xcpd.xn_t0.bg                      3.27389e-13
xcpd.xn_t0.mid                        0.385032
xcpd.xn_t1a.bg                        0.700069
xcpd.xn_t1a.mid                      0.0765978
xcpd.xn_t1b.bg                        0.700069
xcpd.xn_t1b.mid                      0.0695507
xcpd.xp_base.bg                        2.62318
xcpd.xp_base.mid                       3.55416
xcpd.upt                               1.67215
xcpd.xp_t0.bg                             3.63
xcpd.xp_t0.mid                         1.45448
xcpd.xp_t1a.bg                         2.62318
xcpd.xp_t1a.mid                        3.55467
xcpd.xp_t1b.bg                         2.62318
xcpd.xp_t1b.mid                        3.55574
outd                                      1.65
xcpd.vdump                             1.65051
xcpd.xbuf.nsrc                        0.749008
xcpd.xbuf.nda                          2.61531
xcpd.xbuf.psrc                         2.62122
xcpd.xbuf.pda                         0.665233
vod#branch                        -1.05554e-11
vou#branch                        -1.05536e-11
vctl#branch                                  0
vb1#branch                           -3.63e-12
vb0#branch                                   0
vlo#branch                                   0
vhi#branch                           -3.63e-12
vss#branch                          7.4719e-05
vdd#branch                         -0.00010672


No. of Data Rows : 4622
iup_ss              =  5.23910e-06 from=  1.40000e-08 to=  1.50025e-08
idn_ss              =  -5.39405e-06 from=  1.40000e-08 to=  1.50025e-08
qup                 =  2.25676e-14 from=  9.50000e-09 to=  1.50000e-08
qdn                 =  -2.40003e-14 from=  9.50000e-09 to=  1.50000e-08
MCSW iup_ss=5.2391E-06 idn_ss=-5.39405E-06 qup=2.25676E-14 qdn=-2.40003E-14 wup=4.30754E-09 wdn=4.4494E-09 wskew=-1.41853E-10
Note: Simulation executed from .control section 
