
Note: Compatibility modes selected: hs a

Warning: m=xx on .subckt line will override multiplier m hierarchy!


Circuit: * generated by simenv.sh -- do not edit; edit sim/mc-cp-mismatch/testbench/tb_mc_cp_switch.sp instead

Doing analysis at TEMP = -40.000000 and TNOM = 27.000000

Using SPARSE 1.3 as Direct Linear Solver

Initial Transient Solution
--------------------------

Node                                   Voltage
----                                   -------
vdd                                       2.97
vss                                          0
hi                                        2.97
lo                                           0
b0                                           0
b1                                        2.97
ctl                                          0
ibn_u                                 0.668596
icn_u                                 0.758228
ibp_u                                  2.17704
icp_u                                  2.08256
xcpu.b0b                                  2.97
xcpu.b1b                           7.54843e-09
xcpu.upb                                  2.97
xcpu.dnb                                  2.97
xcpu.xn_base.bg                       0.668596
xcpu.xn_base.mid                     0.0762706
xcpu.dnt                               1.65055
xcpu.xn_t0.bg                      1.08187e-12
xcpu.xn_t0.mid                        0.380409
xcpu.xn_t1a.bg                        0.668596
xcpu.xn_t1a.mid                      0.0707782
xcpu.xn_t1b.bg                        0.668596
xcpu.xn_t1b.mid                      0.0704122
xcpu.xp_base.bg                        2.17704
xcpu.xp_base.mid                       2.89889
xcpu.upt                                1.6619
xcpu.xp_t0.bg                             2.97
xcpu.xp_t0.mid                         1.18968
xcpu.xp_t1a.bg                         2.17704
xcpu.xp_t1a.mid                        2.89686
xcpu.xp_t1b.bg                         2.17704
xcpu.xp_t1b.mid                        2.89756
outu                                      1.65
xcpu.vdump                             1.65335
xcpu.xbuf.nsrc                        0.778487
xcpu.xbuf.nda                          2.17991
xcpu.xbuf.psrc                         2.41006
xcpu.xbuf.pda                         0.639423
ibn_d                                 0.668394
icn_d                                 0.759587
ibp_d                                  2.17745
icp_d                                  2.08297
xcpd.b0b                                  2.97
xcpd.b1b                           7.61657e-09
xcpd.upb                                  2.97
xcpd.dnb                                  2.97
xcpd.xn_base.bg                       0.668394
xcpd.xn_base.mid                     0.0734439
xcpd.dnt                               1.64386
xcpd.xn_t0.bg                       1.1438e-12
xcpd.xn_t0.mid                        0.384824
xcpd.xn_t1a.bg                        0.668394
xcpd.xn_t1a.mid                       0.076678
xcpd.xn_t1b.bg                        0.668394
xcpd.xn_t1b.mid                      0.0681131
xcpd.xp_base.bg                        2.17745
xcpd.xp_base.mid                       2.89887
xcpd.upt                               1.65508
xcpd.xp_t0.bg                             2.97
xcpd.xp_t0.mid                         1.18968
xcpd.xp_t1a.bg                         2.17745
xcpd.xp_t1a.mid                        2.89705
xcpd.xp_t1b.bg                         2.17745
xcpd.xp_t1b.mid                         2.8969
outd                                      1.65
xcpd.vdump                             1.64671
xcpd.xbuf.nsrc                        0.776275
xcpd.xbuf.nda                          2.17638
xcpd.xbuf.psrc                         2.40626
xcpd.xbuf.pda                         0.634234
vod#branch                         -1.2535e-11
vou#branch                        -1.25386e-11
vctl#branch                                  0
vb1#branch                           -2.97e-12
vb0#branch                                   0
vlo#branch                                   0
vhi#branch                           -2.97e-12
vss#branch                         7.43515e-05
vdd#branch                        -0.000106352


No. of Data Rows : 4080
iup_ss              =  5.23527e-06 from=  1.40000e-08 to=  1.50025e-08
idn_ss              =  -5.14380e-06 from=  1.40000e-08 to=  1.50025e-08
qup                 =  2.22740e-14 from=  9.50000e-09 to=  1.50000e-08
qdn                 =  -2.24006e-14 from=  9.50000e-09 to=  1.50000e-08
MCSW iup_ss=5.23527E-06 idn_ss=-5.1438E-06 qup=2.22741E-14 qdn=-2.24006E-14 wup=4.25461E-09 wdn=4.35487E-09 wskew=-1.00259E-10
Note: Simulation executed from .control section 
