
Note: Compatibility modes selected: hs a

Warning: m=xx on .subckt line will override multiplier m hierarchy!


Circuit: * generated by simenv.sh -- do not edit; edit sim/mc-cp-mismatch/testbench/tb_mc_cp_switch.sp instead

Doing analysis at TEMP = 125.000000 and TNOM = 27.000000

Using SPARSE 1.3 as Direct Linear Solver
Note: Starting dynamic gmin stepping
Note: Dynamic gmin stepping completed

Initial Transient Solution
--------------------------

Node                                   Voltage
----                                   -------
vdd                                       3.63
vss                                          0
hi                                        3.63
lo                                           0
b0                                           0
b1                                        3.63
ctl                                          0
ibn_u                                 0.553084
icn_u                                 0.672722
ibp_u                                  2.78738
icp_u                                  2.63944
xcpu.b0b                                  3.63
xcpu.b1b                           1.84074e-08
xcpu.upb                                  3.63
xcpu.dnb                                  3.63
xcpu.xn_base.bg                       0.553084
xcpu.xn_base.mid                     0.0954437
xcpu.dnt                               1.64418
xcpu.xn_t0.bg                      1.64081e-07
xcpu.xn_t0.mid                         0.48547
xcpu.xn_t1a.bg                        0.553084
xcpu.xn_t1a.mid                      0.0973355
xcpu.xn_t1b.bg                        0.553084
xcpu.xn_t1b.mid                      0.0958845
xcpu.xp_base.bg                        2.78738
xcpu.xp_base.mid                       3.52265
xcpu.upt                               1.67155
xcpu.xp_t0.bg                             3.63
xcpu.xp_t0.mid                         1.89662
xcpu.xp_t1a.bg                         2.78738
xcpu.xp_t1a.mid                        3.52188
xcpu.xp_t1b.bg                         2.78738
xcpu.xp_t1b.mid                        3.52189
outu                                      1.65
xcpu.vdump                             1.64717
xcpu.xbuf.nsrc                        0.870064
xcpu.xbuf.nda                          2.78479
xcpu.xbuf.psrc                         2.43598
xcpu.xbuf.pda                          0.50461
ibn_d                                 0.551848
icn_d                                 0.677556
ibp_d                                  2.78743
icp_d                                  2.64246
xcpd.b0b                                  3.63
xcpd.b1b                           1.98315e-08
xcpd.upb                                  3.63
xcpd.dnb                                  3.63
xcpd.xn_base.bg                       0.551848
xcpd.xn_base.mid                      0.102826
xcpd.dnt                                1.6438
xcpd.xn_t0.bg                      2.65676e-07
xcpd.xn_t0.mid                        0.493774
xcpd.xn_t1a.bg                        0.551848
xcpd.xn_t1a.mid                       0.100587
xcpd.xn_t1b.bg                        0.551848
xcpd.xn_t1b.mid                       0.103215
xcpd.xp_base.bg                        2.78743
xcpd.xp_base.mid                       3.52449
xcpd.upt                               1.67134
xcpd.xp_t0.bg                             3.63
xcpd.xp_t0.mid                         1.89816
xcpd.xp_t1a.bg                         2.78743
xcpd.xp_t1a.mid                        3.52553
xcpd.xp_t1b.bg                         2.78743
xcpd.xp_t1b.mid                        3.52337
outd                                      1.65
xcpd.vdump                              1.6468
xcpd.xbuf.nsrc                        0.871063
xcpd.xbuf.nda                          2.78311
xcpd.xbuf.psrc                         2.43517
xcpd.xbuf.pda                         0.505082
vod#branch                        -1.04783e-11
vou#branch                        -1.04783e-11
vctl#branch                                  0
vb1#branch                           -3.63e-12
vb0#branch                                   0
vlo#branch                                   0
vhi#branch                           -3.63e-12
vss#branch                         7.57739e-05
vdd#branch                        -0.000107774


No. of Data Rows : 4271
iup_ss              =  4.87699e-06 from=  1.40000e-08 to=  1.50025e-08
idn_ss              =  -5.02795e-06 from=  1.40000e-08 to=  1.50025e-08
qup                 =  2.19096e-14 from=  9.50000e-09 to=  1.50000e-08
qdn                 =  -2.44027e-14 from=  9.50000e-09 to=  1.50000e-08
MCSW iup_ss=4.87699E-06 idn_ss=-5.02795E-06 qup=2.19096E-14 qdn=-2.44027E-14 wup=4.49244E-09 wdn=4.85341E-09 wskew=-3.60973E-10
Note: Simulation executed from .control section 
