
Note: Compatibility modes selected: hs a

Warning: m=xx on .subckt line will override multiplier m hierarchy!


Circuit: * generated by simenv.sh -- do not edit; edit sim/mc-cp-mismatch/testbench/tb_mc_cp_switch.sp instead

Doing analysis at TEMP = 125.000000 and TNOM = 27.000000

Using SPARSE 1.3 as Direct Linear Solver
Note: Starting dynamic gmin stepping
Note: Dynamic gmin stepping completed

Initial Transient Solution
--------------------------

Node                                   Voltage
----                                   -------
vdd                                       3.63
vss                                          0
hi                                        3.63
lo                                           0
b0                                           0
b1                                        3.63
ctl                                          0
ibn_u                                 0.553647
icn_u                                  0.67274
ibp_u                                  2.78791
icp_u                                  2.64333
xcpu.b0b                                  3.63
xcpu.b1b                           2.08866e-08
xcpu.upb                                  3.63
xcpu.dnb                                  3.63
xcpu.xn_base.bg                       0.553647
xcpu.xn_base.mid                      0.100109
xcpu.dnt                               1.64557
xcpu.xn_t0.bg                      2.43768e-07
xcpu.xn_t0.mid                        0.488202
xcpu.xn_t1a.bg                        0.553647
xcpu.xn_t1a.mid                      0.0981122
xcpu.xn_t1b.bg                        0.553647
xcpu.xn_t1b.mid                      0.0977865
xcpu.xp_base.bg                        2.78791
xcpu.xp_base.mid                       3.52549
xcpu.upt                               1.67297
xcpu.xp_t0.bg                             3.63
xcpu.xp_t0.mid                         1.89988
xcpu.xp_t1a.bg                         2.78791
xcpu.xp_t1a.mid                        3.52563
xcpu.xp_t1b.bg                         2.78791
xcpu.xp_t1b.mid                        3.52507
outu                                      1.65
xcpu.vdump                             1.64859
xcpu.xbuf.nsrc                        0.868903
xcpu.xbuf.nda                          2.78115
xcpu.xbuf.psrc                         2.43592
xcpu.xbuf.pda                         0.505206
ibn_d                                 0.553214
icn_d                                 0.672738
ibp_d                                  2.78766
icp_d                                  2.64121
xcpd.b0b                                  3.63
xcpd.b1b                           2.12089e-08
xcpd.upb                                  3.63
xcpd.dnb                                  3.63
xcpd.xn_base.bg                       0.553214
xcpd.xn_base.mid                     0.0963923
xcpd.dnt                                1.6471
xcpd.xn_t0.bg                      1.69282e-07
xcpd.xn_t0.mid                        0.485498
xcpd.xn_t1a.bg                        0.553214
xcpd.xn_t1a.mid                      0.0983671
xcpd.xn_t1b.bg                        0.553214
xcpd.xn_t1b.mid                       0.100689
xcpd.xp_base.bg                        2.78766
xcpd.xp_base.mid                       3.52348
xcpd.upt                               1.67476
xcpd.xp_t0.bg                             3.63
xcpd.xp_t0.mid                         1.89616
xcpd.xp_t1a.bg                         2.78766
xcpd.xp_t1a.mid                         3.5243
xcpd.xp_t1b.bg                         2.78766
xcpd.xp_t1b.mid                        3.52116
outd                                      1.65
xcpd.vdump                             1.65006
xcpd.xbuf.nsrc                        0.870124
xcpd.xbuf.nda                          2.78322
xcpd.xbuf.psrc                         2.43941
xcpd.xbuf.pda                          0.50357
vod#branch                        -1.04783e-11
vou#branch                        -1.04774e-11
vctl#branch                                  0
vb1#branch                           -3.63e-12
vb0#branch                                   0
vlo#branch                                   0
vhi#branch                           -3.63e-12
vss#branch                         7.59225e-05
vdd#branch                        -0.000107923


No. of Data Rows : 4374
iup_ss              =  4.84087e-06 from=  1.40000e-08 to=  1.50025e-08
idn_ss              =  -4.99455e-06 from=  1.40000e-08 to=  1.50025e-08
qup                 =  2.17662e-14 from=  9.50000e-09 to=  1.50000e-08
qdn                 =  -2.42017e-14 from=  9.50000e-09 to=  1.50000e-08
MCSW iup_ss=4.84086E-06 idn_ss=-4.99454E-06 qup=2.17662E-14 qdn=-2.42017E-14 wup=4.49635E-09 wdn=4.84562E-09 wskew=-3.49267E-10
Note: Simulation executed from .control section 
