
Note: Compatibility modes selected: hs a

Warning: m=xx on .subckt line will override multiplier m hierarchy!


Circuit: * generated by simenv.sh -- do not edit; edit sim/mc-cp-mismatch/testbench/tb_mc_cp_switch.sp instead

Doing analysis at TEMP = -40.000000 and TNOM = 27.000000

Using SPARSE 1.3 as Direct Linear Solver

Initial Transient Solution
--------------------------

Node                                   Voltage
----                                   -------
vdd                                       2.97
vss                                          0
hi                                        2.97
lo                                           0
b0                                           0
b1                                        2.97
ctl                                          0
ibn_u                                 0.859932
icn_u                                 0.956549
ibp_u                                  2.14236
icp_u                                   2.0453
xcpu.b0b                                  2.97
xcpu.b1b                           8.86029e-09
xcpu.upb                                  2.97
xcpu.dnb                                  2.97
xcpu.xn_base.bg                       0.859932
xcpu.xn_base.mid                       0.07051
xcpu.dnt                               1.64676
xcpu.xn_t0.bg                      2.61568e-15
xcpu.xn_t0.mid                        0.389412
xcpu.xn_t1a.bg                        0.859932
xcpu.xn_t1a.mid                      0.0712757
xcpu.xn_t1b.bg                        0.859932
xcpu.xn_t1b.mid                      0.0801205
xcpu.xp_base.bg                        2.14236
xcpu.xp_base.mid                       2.89629
xcpu.upt                               1.66201
xcpu.xp_t0.bg                             2.97
xcpu.xp_t0.mid                         1.18962
xcpu.xp_t1a.bg                         2.14236
xcpu.xp_t1a.mid                        2.89662
xcpu.xp_t1b.bg                         2.14236
xcpu.xp_t1b.mid                        2.89545
outu                                      1.65
xcpu.vdump                             1.65248
xcpu.xbuf.nsrc                        0.618182
xcpu.xbuf.nda                          2.14584
xcpu.xbuf.psrc                         2.44344
xcpu.xbuf.pda                         0.829022
ibn_d                                 0.860028
icn_d                                 0.954992
ibp_d                                  2.14322
icp_d                                  2.04471
xcpd.b0b                                  2.97
xcpd.b1b                           8.88554e-09
xcpd.upb                                  2.97
xcpd.dnb                                  2.97
xcpd.xn_base.bg                       0.860028
xcpd.xn_base.mid                     0.0716899
xcpd.dnt                               1.64432
xcpd.xn_t0.bg                      5.11339e-15
xcpd.xn_t0.mid                        0.386753
xcpd.xn_t1a.bg                        0.860028
xcpd.xn_t1a.mid                      0.0750917
xcpd.xn_t1b.bg                        0.860028
xcpd.xn_t1b.mid                      0.0724654
xcpd.xp_base.bg                        2.14322
xcpd.xp_base.mid                       2.89588
xcpd.upt                               1.65948
xcpd.xp_t0.bg                             2.97
xcpd.xp_t0.mid                         1.18962
xcpd.xp_t1a.bg                         2.14322
xcpd.xp_t1a.mid                        2.89573
xcpd.xp_t1b.bg                         2.14322
xcpd.xp_t1b.mid                        2.89665
outd                                      1.65
xcpd.vdump                             1.64992
xcpd.xbuf.nsrc                        0.615212
xcpd.xbuf.nda                          2.14469
xcpd.xbuf.psrc                         2.44226
xcpd.xbuf.pda                         0.829014
vod#branch                        -1.25368e-11
vou#branch                        -1.25359e-11
vctl#branch                                  0
vb1#branch                           -2.97e-12
vb0#branch                                   0
vlo#branch                                   0
vhi#branch                           -2.97e-12
vss#branch                          7.4622e-05
vdd#branch                        -0.000106622


No. of Data Rows : 4163
iup_ss              =  5.25709e-06 from=  1.40000e-08 to=  1.50025e-08
idn_ss              =  -5.04161e-06 from=  1.40000e-08 to=  1.50025e-08
qup                 =  2.25373e-14 from=  9.50000e-09 to=  1.50000e-08
qdn                 =  -2.26518e-14 from=  9.50000e-09 to=  1.50000e-08
MCSW iup_ss=5.25709E-06 idn_ss=-5.04161E-06 qup=2.25373E-14 qdn=-2.26518E-14 wup=4.28703E-09 wdn=4.49296E-09 wskew=-2.05928E-10
Note: Simulation executed from .control section 
