
Note: Compatibility modes selected: hs a

Warning: m=xx on .subckt line will override multiplier m hierarchy!


Circuit: * generated by simenv.sh -- do not edit; edit sim/mc-cp-mismatch/testbench/tb_mc_cp_switch.sp instead

Doing analysis at TEMP = 125.000000 and TNOM = 27.000000

Using SPARSE 1.3 as Direct Linear Solver

Initial Transient Solution
--------------------------

Node                                   Voltage
----                                   -------
vdd                                       3.63
vss                                          0
hi                                        3.63
lo                                           0
b0                                           0
b1                                        3.63
ctl                                          0
ibn_u                                 0.712683
icn_u                                  0.84163
ibp_u                                  2.97123
icp_u                                  2.83145
xcpu.b0b                                  3.63
xcpu.b1b                           3.20871e-07
xcpu.upb                                  3.63
xcpu.dnb                                  3.63
xcpu.xn_base.bg                       0.712683
xcpu.xn_base.mid                      0.100749
xcpu.dnt                               1.64603
xcpu.xn_t0.bg                      1.00547e-08
xcpu.xn_t0.mid                        0.571403
xcpu.xn_t1a.bg                        0.712683
xcpu.xn_t1a.mid                       0.100928
xcpu.xn_t1b.bg                        0.712683
xcpu.xn_t1b.mid                       0.100608
xcpu.xp_base.bg                        2.97123
xcpu.xp_base.mid                       3.52508
xcpu.upt                                1.6642
xcpu.xp_t0.bg                             3.63
xcpu.xp_t0.mid                         3.05723
xcpu.xp_t1a.bg                         2.97123
xcpu.xp_t1a.mid                        3.52444
xcpu.xp_t1b.bg                         2.97123
xcpu.xp_t1b.mid                        3.52429
outu                                      1.65
xcpu.vdump                             1.64968
xcpu.xbuf.nsrc                        0.736965
xcpu.xbuf.nda                           2.9731
xcpu.xbuf.psrc                          2.2563
xcpu.xbuf.pda                         0.668012
ibn_d                                  0.71395
icn_d                                 0.839696
ibp_d                                  2.97038
icp_d                                  2.83045
xcpd.b0b                                  3.63
xcpd.b1b                             2.371e-07
xcpd.upb                                  3.63
xcpd.dnb                                  3.63
xcpd.xn_base.bg                        0.71395
xcpd.xn_base.mid                     0.0998396
xcpd.dnt                               1.64923
xcpd.xn_t0.bg                      1.01091e-08
xcpd.xn_t0.mid                        0.570121
xcpd.xn_t1a.bg                         0.71395
xcpd.xn_t1a.mid                       0.101265
xcpd.xn_t1b.bg                         0.71395
xcpd.xn_t1b.mid                       0.104494
xcpd.xp_base.bg                        2.97038
xcpd.xp_base.mid                       3.52578
xcpd.upt                               1.66764
xcpd.xp_t0.bg                             3.63
xcpd.xp_t0.mid                         3.05721
xcpd.xp_t1a.bg                         2.97038
xcpd.xp_t1a.mid                         3.5269
xcpd.xp_t1b.bg                         2.97038
xcpd.xp_t1b.mid                        3.52505
outd                                      1.65
xcpd.vdump                             1.65284
xcpd.xbuf.nsrc                        0.739649
xcpd.xbuf.nda                          2.97333
xcpd.xbuf.psrc                         2.25937
xcpd.xbuf.pda                         0.668527
vod#branch                         -1.0481e-11
vou#branch                         -1.0481e-11
vctl#branch                                  0
vb1#branch                           -3.63e-12
vb0#branch                                   0
vlo#branch                                   0
vhi#branch                           -3.63e-12
vss#branch                         7.47524e-05
vdd#branch                        -0.000106753


No. of Data Rows : 4220
iup_ss              =  4.70097e-06 from=  1.40000e-08 to=  1.50025e-08
idn_ss              =  -4.82347e-06 from=  1.40000e-08 to=  1.50025e-08
qup                 =  2.13180e-14 from=  9.50000e-09 to=  1.50000e-08
qdn                 =  -2.38999e-14 from=  9.50000e-09 to=  1.50000e-08
MCSW iup_ss=4.70097E-06 idn_ss=-4.82347E-06 qup=2.1318E-14 qdn=-2.38999E-14 wup=4.53481E-09 wdn=4.95491E-09 wskew=-4.20108E-10
Note: Simulation executed from .control section 
