
Note: Compatibility modes selected: hs a

Warning: m=xx on .subckt line will override multiplier m hierarchy!


Circuit: * generated by simenv.sh -- do not edit; edit sim/mc-cp-mismatch/testbench/tb_mc_cp_switch.sp instead

Doing analysis at TEMP = -40.000000 and TNOM = 27.000000

Using SPARSE 1.3 as Direct Linear Solver

Initial Transient Solution
--------------------------

Node                                   Voltage
----                                   -------
vdd                                       2.97
vss                                          0
hi                                        2.97
lo                                           0
b0                                           0
b1                                        2.97
ctl                                          0
ibn_u                                 0.890256
icn_u                                 0.988642
ibp_u                                  1.92757
icp_u                                  1.82693
xcpu.b0b                                  2.97
xcpu.b1b                           9.26402e-09
xcpu.upb                                  2.97
xcpu.dnb                                  2.97
xcpu.xn_base.bg                       0.890256
xcpu.xn_base.mid                     0.0801068
xcpu.dnt                               1.64461
xcpu.xn_t0.bg                      1.39639e-15
xcpu.xn_t0.mid                        0.388568
xcpu.xn_t1a.bg                        0.890256
xcpu.xn_t1a.mid                      0.0762346
xcpu.xn_t1b.bg                        0.890256
xcpu.xn_t1b.mid                      0.0764802
xcpu.xp_base.bg                        1.92757
xcpu.xp_base.mid                       2.89552
xcpu.upt                               1.66858
xcpu.xp_t0.bg                             2.97
xcpu.xp_t0.mid                         1.18954
xcpu.xp_t1a.bg                         1.92757
xcpu.xp_t1a.mid                        2.89616
xcpu.xp_t1b.bg                         1.92757
xcpu.xp_t1b.mid                        2.89601
outu                                      1.65
xcpu.vdump                             1.65081
xcpu.xbuf.nsrc                        0.588524
xcpu.xbuf.nda                          1.92927
xcpu.xbuf.psrc                         2.65451
xcpu.xbuf.pda                         0.855978
ibn_d                                 0.888569
icn_d                                 0.982404
ibp_d                                  1.92798
icp_d                                  1.82303
xcpd.b0b                                  2.97
xcpd.b1b                           9.11162e-09
xcpd.upb                                  2.97
xcpd.dnb                                  2.97
xcpd.xn_base.bg                       0.888569
xcpd.xn_base.mid                     0.0728779
xcpd.dnt                               1.64534
xcpd.xn_t0.bg                      1.53024e-15
xcpd.xn_t0.mid                        0.383505
xcpd.xn_t1a.bg                        0.888569
xcpd.xn_t1a.mid                      0.0722543
xcpd.xn_t1b.bg                        0.888569
xcpd.xn_t1b.mid                      0.0764888
xcpd.xp_base.bg                        1.92798
xcpd.xp_base.mid                       2.89419
xcpd.upt                               1.66964
xcpd.xp_t0.bg                             2.97
xcpd.xp_t0.mid                         1.18954
xcpd.xp_t1a.bg                         1.92798
xcpd.xp_t1a.mid                        2.89312
xcpd.xp_t1b.bg                         1.92798
xcpd.xp_t1b.mid                         2.8913
outd                                      1.65
xcpd.vdump                             1.65195
xcpd.xbuf.nsrc                        0.590911
xcpd.xbuf.nda                           1.9277
xcpd.xbuf.psrc                         2.65641
xcpd.xbuf.pda                         0.857104
vod#branch                         -1.2535e-11
vou#branch                         -1.2535e-11
vctl#branch                                  0
vb1#branch                           -2.97e-12
vb0#branch                                   0
vlo#branch                                   0
vhi#branch                           -2.97e-12
vss#branch                         7.43004e-05
vdd#branch                        -0.000106301


No. of Data Rows : 4579
iup_ss              =  5.10745e-06 from=  1.40000e-08 to=  1.50025e-08
idn_ss              =  -4.81544e-06 from=  1.40000e-08 to=  1.50025e-08
qup                 =  2.21560e-14 from=  9.50000e-09 to=  1.50000e-08
qdn                 =  -2.18863e-14 from=  9.50000e-09 to=  1.50000e-08
MCSW iup_ss=5.10745E-06 idn_ss=-4.81544E-06 qup=2.2156E-14 qdn=-2.18863E-14 wup=4.33798E-09 wdn=4.54503E-09 wskew=-2.0705E-10
Note: Simulation executed from .control section 
