
Note: Compatibility modes selected: hs a

Warning: m=xx on .subckt line will override multiplier m hierarchy!


Circuit: * generated by simenv.sh -- do not edit; edit sim/mc-cp-mismatch/testbench/tb_mc_cp_switch.sp instead

Doing analysis at TEMP = 125.000000 and TNOM = 27.000000

Using SPARSE 1.3 as Direct Linear Solver

Initial Transient Solution
--------------------------

Node                                   Voltage
----                                   -------
vdd                                       2.97
vss                                          0
hi                                        2.97
lo                                           0
b0                                           0
b1                                        2.97
ctl                                          0
ibn_u                                 0.712683
icn_u                                  0.84163
ibp_u                                  2.31123
icp_u                                  2.17145
xcpu.b0b                                  2.97
xcpu.b1b                            3.0645e-07
xcpu.upb                                  2.97
xcpu.dnb                                  2.97
xcpu.xn_base.bg                       0.712683
xcpu.xn_base.mid                       0.10074
xcpu.dnt                               1.64023
xcpu.xn_t0.bg                      1.14586e-08
xcpu.xn_t0.mid                        0.571392
xcpu.xn_t1a.bg                        0.712683
xcpu.xn_t1a.mid                       0.100919
xcpu.xn_t1b.bg                        0.712683
xcpu.xn_t1b.mid                       0.100599
xcpu.xp_base.bg                        2.31123
xcpu.xp_base.mid                       2.86562
xcpu.upt                               1.66079
xcpu.xp_t0.bg                             2.97
xcpu.xp_t0.mid                         2.40803
xcpu.xp_t1a.bg                         2.31123
xcpu.xp_t1a.mid                        2.86498
xcpu.xp_t1b.bg                         2.31123
xcpu.xp_t1b.mid                        2.86483
outu                                      1.65
xcpu.vdump                             1.64849
xcpu.xbuf.nsrc                        0.735922
xcpu.xbuf.nda                          2.31335
xcpu.xbuf.psrc                         2.25469
xcpu.xbuf.pda                         0.666531
ibn_d                                  0.71395
icn_d                                 0.839696
ibp_d                                  2.31038
icp_d                                  2.17045
xcpd.b0b                                  2.97
xcpd.b1b                           2.25289e-07
xcpd.upb                                  2.97
xcpd.dnb                                  2.97
xcpd.xn_base.bg                        0.71395
xcpd.xn_base.mid                     0.0998306
xcpd.dnt                               1.64354
xcpd.xn_t0.bg                      1.15186e-08
xcpd.xn_t0.mid                        0.570108
xcpd.xn_t1a.bg                         0.71395
xcpd.xn_t1a.mid                       0.101256
xcpd.xn_t1b.bg                         0.71395
xcpd.xn_t1b.mid                       0.104485
xcpd.xp_base.bg                        2.31038
xcpd.xp_base.mid                       2.86632
xcpd.upt                               1.66415
xcpd.xp_t0.bg                             2.97
xcpd.xp_t0.mid                          2.4076
xcpd.xp_t1a.bg                         2.31038
xcpd.xp_t1a.mid                        2.86744
xcpd.xp_t1b.bg                         2.31038
xcpd.xp_t1b.mid                         2.8656
outd                                      1.65
xcpd.vdump                             1.65162
xcpd.xbuf.nsrc                        0.738596
xcpd.xbuf.nda                          2.31357
xcpd.xbuf.psrc                         2.25775
xcpd.xbuf.pda                         0.667045
vod#branch                        -1.24635e-11
vou#branch                        -1.24635e-11
vctl#branch                                  0
vb1#branch                           -2.97e-12
vb0#branch                                   0
vlo#branch                                   0
vhi#branch                           -2.97e-12
vss#branch                           7.437e-05
vdd#branch                         -0.00010637


No. of Data Rows : 4336
iup_ss              =  4.66942e-06 from=  1.40000e-08 to=  1.50025e-08
idn_ss              =  -4.86798e-06 from=  1.40000e-08 to=  1.50025e-08
qup                 =  2.10833e-14 from=  9.50000e-09 to=  1.50000e-08
qdn                 =  -2.25106e-14 from=  9.50000e-09 to=  1.50000e-08
MCSW iup_ss=4.66942E-06 idn_ss=-4.86798E-06 qup=2.10833E-14 qdn=-2.25106E-14 wup=4.51518E-09 wdn=4.62421E-09 wskew=-1.09038E-10
Note: Simulation executed from .control section 
