
Note: Compatibility modes selected: hs a

Warning: m=xx on .subckt line will override multiplier m hierarchy!


Circuit: * generated by simenv.sh -- do not edit; edit sim/mc-cp-mismatch/testbench/tb_mc_cp_switch.sp instead

Doing analysis at TEMP = -40.000000 and TNOM = 27.000000

Using SPARSE 1.3 as Direct Linear Solver

Initial Transient Solution
--------------------------

Node                                   Voltage
----                                   -------
vdd                                       2.97
vss                                          0
hi                                        2.97
lo                                           0
b0                                           0
b1                                        2.97
ctl                                          0
ibn_u                                 0.892033
icn_u                                 0.985088
ibp_u                                   1.9279
icp_u                                  1.82186
xcpu.b0b                                  2.97
xcpu.b1b                           9.15415e-09
xcpu.upb                                  2.97
xcpu.dnb                                  2.97
xcpu.xn_base.bg                       0.892033
xcpu.xn_base.mid                      0.071526
xcpu.dnt                               1.64174
xcpu.xn_t0.bg                      1.48511e-15
xcpu.xn_t0.mid                        0.383998
xcpu.xn_t1a.bg                        0.892033
xcpu.xn_t1a.mid                      0.0735581
xcpu.xn_t1b.bg                        0.892033
xcpu.xn_t1b.mid                      0.0721685
xcpu.xp_base.bg                         1.9279
xcpu.xp_base.mid                        2.8932
xcpu.upt                               1.66623
xcpu.xp_t0.bg                             2.97
xcpu.xp_t0.mid                         1.18954
xcpu.xp_t1a.bg                          1.9279
xcpu.xp_t1a.mid                        2.89242
xcpu.xp_t1b.bg                          1.9279
xcpu.xp_t1b.mid                        2.89244
outu                                      1.65
xcpu.vdump                             1.64827
xcpu.xbuf.nsrc                        0.588116
xcpu.xbuf.nda                          1.92966
xcpu.xbuf.psrc                         2.65244
xcpu.xbuf.pda                         0.854493
ibn_d                                 0.890796
icn_d                                 0.989802
ibp_d                                  1.92796
icp_d                                  1.82487
xcpd.b0b                                  2.97
xcpd.b1b                           9.29424e-09
xcpd.upb                                  2.97
xcpd.dnb                                  2.97
xcpd.xn_base.bg                       0.890796
xcpd.xn_base.mid                     0.0793955
xcpd.dnt                               1.64187
xcpd.xn_t0.bg                      3.43555e-15
xcpd.xn_t0.mid                        0.389372
xcpd.xn_t1a.bg                        0.890796
xcpd.xn_t1a.mid                      0.0769062
xcpd.xn_t1b.bg                        0.890796
xcpd.xn_t1b.mid                      0.0795935
xcpd.xp_base.bg                        1.92796
xcpd.xp_base.mid                       2.89499
xcpd.upt                               1.66638
xcpd.xp_t0.bg                             2.97
xcpd.xp_t0.mid                         1.18954
xcpd.xp_t1a.bg                         1.92796
xcpd.xp_t1a.mid                        2.89602
xcpd.xp_t1b.bg                         1.92796
xcpd.xp_t1b.mid                        2.89391
outd                                      1.65
xcpd.vdump                             1.64829
xcpd.xbuf.nsrc                        0.589233
xcpd.xbuf.nda                          1.92818
xcpd.xbuf.psrc                         2.65185
xcpd.xbuf.pda                         0.855141
vod#branch                        -1.25359e-11
vou#branch                        -1.25359e-11
vctl#branch                                  0
vb1#branch                           -2.97e-12
vb0#branch                                   0
vlo#branch                                   0
vhi#branch                           -2.97e-12
vss#branch                         7.38216e-05
vdd#branch                        -0.000105822


No. of Data Rows : 5151
iup_ss              =  5.10670e-06 from=  1.40000e-08 to=  1.50025e-08
idn_ss              =  -4.84826e-06 from=  1.40000e-08 to=  1.50025e-08
qup                 =  2.20894e-14 from=  9.50000e-09 to=  1.50000e-08
qdn                 =  -2.21747e-14 from=  9.50000e-09 to=  1.50000e-08
MCSW iup_ss=5.1067E-06 idn_ss=-4.84826E-06 qup=2.20894E-14 qdn=-2.21747E-14 wup=4.32557E-09 wdn=4.57375E-09 wskew=-2.48175E-10
Note: Simulation executed from .control section 
