
Note: Compatibility modes selected: hs a

Warning: m=xx on .subckt line will override multiplier m hierarchy!


Circuit: * generated by simenv.sh -- do not edit; edit sim/mc-cp-mismatch/testbench/tb_mc_cp_switch.sp instead

Doing analysis at TEMP = -40.000000 and TNOM = 27.000000

Using SPARSE 1.3 as Direct Linear Solver

Initial Transient Solution
--------------------------

Node                                   Voltage
----                                   -------
vdd                                       3.63
vss                                          0
hi                                        3.63
lo                                           0
b0                                           0
b1                                        3.63
ctl                                          0
ibn_u                                 0.861864
icn_u                                 0.953671
ibp_u                                   2.8033
icp_u                                   2.7039
xcpu.b0b                                  3.63
xcpu.b1b                           1.05907e-08
xcpu.upb                                  3.63
xcpu.dnb                                  3.63
xcpu.xn_base.bg                       0.861864
xcpu.xn_base.mid                     0.0710713
xcpu.dnt                               1.64778
xcpu.xn_t0.bg                      2.78641e-15
xcpu.xn_t0.mid                        0.383483
xcpu.xn_t1a.bg                        0.861864
xcpu.xn_t1a.mid                       0.073118
xcpu.xn_t1b.bg                        0.861864
xcpu.xn_t1b.mid                       0.071722
xcpu.xp_base.bg                         2.8033
xcpu.xp_base.mid                        3.5556
xcpu.upt                               1.66128
xcpu.xp_t0.bg                             3.63
xcpu.xp_t0.mid                         1.45466
xcpu.xp_t1a.bg                          2.8033
xcpu.xp_t1a.mid                         3.5548
xcpu.xp_t1b.bg                          2.8033
xcpu.xp_t1b.mid                        3.55482
outu                                      1.65
xcpu.vdump                             1.64973
xcpu.xbuf.nsrc                        0.616122
xcpu.xbuf.nda                          2.80444
xcpu.xbuf.psrc                          2.4412
xcpu.xbuf.pda                         0.827053
ibn_d                                 0.860627
icn_d                                 0.958382
ibp_d                                  2.80337
icp_d                                  2.70691
xcpd.b0b                                  3.63
xcpd.b1b                            1.0757e-08
xcpd.upb                                  3.63
xcpd.dnb                                  3.63
xcpd.xn_base.bg                       0.860627
xcpd.xn_base.mid                      0.078996
xcpd.dnt                               1.64782
xcpd.xn_t0.bg                      6.46564e-15
xcpd.xn_t0.mid                         0.38889
xcpd.xn_t1a.bg                        0.860627
xcpd.xn_t1a.mid                      0.0764864
xcpd.xn_t1b.bg                        0.860627
xcpd.xn_t1b.mid                      0.0791907
xcpd.xp_base.bg                        2.80337
xcpd.xp_base.mid                       3.55744
xcpd.upt                               1.66137
xcpd.xp_t0.bg                             3.63
xcpd.xp_t0.mid                         1.45466
xcpd.xp_t1a.bg                         2.80337
xcpd.xp_t1a.mid                         3.5585
xcpd.xp_t1b.bg                         2.80337
xcpd.xp_t1b.mid                        3.55633
outd                                      1.65
xcpd.vdump                             1.64975
xcpd.xbuf.nsrc                        0.617251
xcpd.xbuf.nda                          2.80293
xcpd.xbuf.psrc                         2.44059
xcpd.xbuf.pda                         0.827687
vod#branch                        -1.05552e-11
vou#branch                        -1.05552e-11
vctl#branch                                  0
vb1#branch                           -3.63e-12
vb0#branch                                   0
vlo#branch                                   0
vhi#branch                           -3.63e-12
vss#branch                         7.47736e-05
vdd#branch                        -0.000106774


No. of Data Rows : 4229
iup_ss              =  5.20655e-06 from=  1.40000e-08 to=  1.50025e-08
idn_ss              =  -4.89597e-06 from=  1.40000e-08 to=  1.50025e-08
qup                 =  2.22971e-14 from=  9.50000e-09 to=  1.50000e-08
qdn                 =  -2.27756e-14 from=  9.50000e-09 to=  1.50000e-08
MCSW iup_ss=5.20655E-06 idn_ss=-4.89597E-06 qup=2.22971E-14 qdn=-2.27756E-14 wup=4.2825E-09 wdn=4.65192E-09 wskew=-3.69411E-10
Note: Simulation executed from .control section 
