
Note: Compatibility modes selected: hs a

Warning: m=xx on .subckt line will override multiplier m hierarchy!


Circuit: * generated by simenv.sh -- do not edit; edit sim/mc-cp-mismatch/testbench/tb_mc_cp_switch.sp instead

Doing analysis at TEMP = -40.000000 and TNOM = 27.000000

Using SPARSE 1.3 as Direct Linear Solver

Initial Transient Solution
--------------------------

Node                                   Voltage
----                                   -------
vdd                                       2.97
vss                                          0
hi                                        2.97
lo                                           0
b0                                           0
b1                                        2.97
ctl                                          0
ibn_u                                 0.780647
icn_u                                 0.873558
ibp_u                                  2.05293
icp_u                                  1.95002
xcpu.b0b                                  2.97
xcpu.b1b                           8.22856e-09
xcpu.upb                                  2.97
xcpu.dnb                                  2.97
xcpu.xn_base.bg                       0.780647
xcpu.xn_base.mid                     0.0759387
xcpu.dnt                               1.64566
xcpu.xn_t0.bg                      1.02404e-13
xcpu.xn_t0.mid                         0.38659
xcpu.xn_t1a.bg                        0.780647
xcpu.xn_t1a.mid                      0.0729687
xcpu.xn_t1b.bg                        0.780647
xcpu.xn_t1b.mid                      0.0755584
xcpu.xp_base.bg                        2.05293
xcpu.xp_base.mid                       2.89361
xcpu.upt                               1.66199
xcpu.xp_t0.bg                             2.97
xcpu.xp_t0.mid                         1.18958
xcpu.xp_t1a.bg                         2.05293
xcpu.xp_t1a.mid                        2.89266
xcpu.xp_t1b.bg                         2.05293
xcpu.xp_t1b.mid                        2.89455
outu                                      1.65
xcpu.vdump                             1.64976
xcpu.xbuf.nsrc                        0.684248
xcpu.xbuf.nda                          2.05613
xcpu.xbuf.psrc                         2.52966
xcpu.xbuf.pda                          0.74707
ibn_d                                 0.779924
icn_d                                 0.870856
ibp_d                                  2.05271
icp_d                                  1.95116
xcpd.b0b                                  2.97
xcpd.b1b                           8.16811e-09
xcpd.upb                                  2.97
xcpd.dnb                                  2.97
xcpd.xn_base.bg                       0.779924
xcpd.xn_base.mid                     0.0728708
xcpd.dnt                               1.64266
xcpd.xn_t0.bg                      2.68848e-14
xcpd.xn_t0.mid                        0.382089
xcpd.xn_t1a.bg                        0.779924
xcpd.xn_t1a.mid                      0.0756907
xcpd.xn_t1b.bg                        0.779924
xcpd.xn_t1b.mid                      0.0719697
xcpd.xp_base.bg                        2.05271
xcpd.xp_base.mid                       2.89432
xcpd.upt                               1.65864
xcpd.xp_t0.bg                             2.97
xcpd.xp_t0.mid                         1.18958
xcpd.xp_t1a.bg                         2.05271
xcpd.xp_t1a.mid                        2.89415
xcpd.xp_t1b.bg                         2.05271
xcpd.xp_t1b.mid                        2.89477
outd                                      1.65
xcpd.vdump                             1.64663
xcpd.xbuf.nsrc                        0.679123
xcpd.xbuf.nda                          2.05121
xcpd.xbuf.psrc                         2.52944
xcpd.xbuf.pda                         0.749596
vod#branch                        -1.25359e-11
vou#branch                        -1.25368e-11
vctl#branch                                  0
vb1#branch                           -2.97e-12
vb0#branch                                   0
vlo#branch                                   0
vhi#branch                           -2.97e-12
vss#branch                         7.42108e-05
vdd#branch                        -0.000106211


No. of Data Rows : 4707
iup_ss              =  5.19681e-06 from=  1.40000e-08 to=  1.50025e-08
idn_ss              =  -4.87108e-06 from=  1.40000e-08 to=  1.50025e-08
qup                 =  2.22918e-14 from=  9.50000e-09 to=  1.50000e-08
qdn                 =  -2.18743e-14 from=  9.50000e-09 to=  1.50000e-08
MCSW iup_ss=5.19682E-06 idn_ss=-4.87108E-06 qup=2.22918E-14 qdn=-2.18743E-14 wup=4.2895E-09 wdn=4.49064E-09 wskew=-2.01142E-10
Note: Simulation executed from .control section 
