
Note: Compatibility modes selected: hs a

Warning: m=xx on .subckt line will override multiplier m hierarchy!


Circuit: * generated by simenv.sh -- do not edit; edit sim/mc-cp-mismatch/testbench/tb_mc_cp_switch.sp instead

Doing analysis at TEMP = 125.000000 and TNOM = 27.000000

Using SPARSE 1.3 as Direct Linear Solver

Initial Transient Solution
--------------------------

Node                                   Voltage
----                                   -------
vdd                                       2.97
vss                                          0
hi                                        2.97
lo                                           0
b0                                           0
b1                                        2.97
ctl                                          0
ibn_u                                 0.632717
icn_u                                 0.760108
ibp_u                                  2.21881
icp_u                                  2.07951
xcpu.b0b                                  2.97
xcpu.b1b                           5.57345e-08
xcpu.upb                                  2.97
xcpu.dnb                                  2.97
xcpu.xn_base.bg                       0.632717
xcpu.xn_base.mid                      0.104598
xcpu.dnt                               1.64244
xcpu.xn_t0.bg                      3.72187e-08
xcpu.xn_t0.mid                         0.53852
xcpu.xn_t1a.bg                        0.632717
xcpu.xn_t1a.mid                       0.100934
xcpu.xn_t1b.bg                        0.632717
xcpu.xn_t1b.mid                       0.101251
xcpu.xp_base.bg                        2.21881
xcpu.xp_base.mid                       2.86702
xcpu.upt                               1.66427
xcpu.xp_t0.bg                             2.97
xcpu.xp_t0.mid                         1.95846
xcpu.xp_t1a.bg                         2.21881
xcpu.xp_t1a.mid                        2.86764
xcpu.xp_t1b.bg                         2.21881
xcpu.xp_t1b.mid                        2.86749
outu                                      1.65
xcpu.vdump                             1.64893
xcpu.xbuf.nsrc                        0.801419
xcpu.xbuf.nda                          2.21724
xcpu.xbuf.psrc                         2.34603
xcpu.xbuf.pda                         0.585667
ibn_d                                 0.631008
icn_d                                 0.753828
ibp_d                                  2.21922
icp_d                                  2.07554
xcpd.b0b                                  2.97
xcpd.b1b                           4.55231e-08
xcpd.upb                                  2.97
xcpd.dnb                                  2.97
xcpd.xn_base.bg                       0.631008
xcpd.xn_base.mid                     0.0978214
xcpd.dnt                               1.64365
xcpd.xn_t0.bg                      4.29196e-08
xcpd.xn_t0.mid                        0.534215
xcpd.xn_t1a.bg                        0.631008
xcpd.xn_t1a.mid                      0.0973026
xcpd.xn_t1b.bg                        0.631008
xcpd.xn_t1b.mid                       0.101192
xcpd.xp_base.bg                        2.21922
xcpd.xp_base.mid                       2.86563
xcpd.upt                                1.6656
xcpd.xp_t0.bg                             2.97
xcpd.xp_t0.mid                         1.97416
xcpd.xp_t1a.bg                         2.21922
xcpd.xp_t1a.mid                        2.86451
xcpd.xp_t1b.bg                         2.21922
xcpd.xp_t1b.mid                        2.86264
outd                                      1.65
xcpd.vdump                             1.65032
xcpd.xbuf.nsrc                        0.803989
xcpd.xbuf.nda                          2.21584
xcpd.xbuf.psrc                         2.34809
xcpd.xbuf.pda                         0.586946
vod#branch                        -1.24626e-11
vou#branch                        -1.24617e-11
vctl#branch                                  0
vb1#branch                           -2.97e-12
vb0#branch                                   0
vlo#branch                                   0
vhi#branch                           -2.97e-12
vss#branch                          7.5641e-05
vdd#branch                        -0.000107641


No. of Data Rows : 4341
iup_ss              =  4.83449e-06 from=  1.40000e-08 to=  1.50025e-08
idn_ss              =  -4.99637e-06 from=  1.40000e-08 to=  1.50025e-08
qup                 =  2.17430e-14 from=  9.50000e-09 to=  1.50000e-08
qdn                 =  -2.28574e-14 from=  9.50000e-09 to=  1.50000e-08
MCSW iup_ss=4.83449E-06 idn_ss=-4.99637E-06 qup=2.1743E-14 qdn=-2.28574E-14 wup=4.49748E-09 wdn=4.57481E-09 wskew=-7.73293E-11
Note: Simulation executed from .control section 
