
Note: Compatibility modes selected: hs a

Warning: m=xx on .subckt line will override multiplier m hierarchy!


Circuit: * generated by simenv.sh -- do not edit; edit sim/mc-cp-mismatch/testbench/tb_mc_cp_switch.sp instead

Doing analysis at TEMP = 125.000000 and TNOM = 27.000000

Using SPARSE 1.3 as Direct Linear Solver
Note: Starting dynamic gmin stepping
Note: Dynamic gmin stepping completed

Initial Transient Solution
--------------------------

Node                                   Voltage
----                                   -------
vdd                                       3.63
vss                                          0
hi                                        3.63
lo                                           0
b0                                           0
b1                                        3.63
ctl                                          0
ibn_u                                 0.633358
icn_u                                 0.758228
ibp_u                                   2.8787
icp_u                                  2.73774
xcpu.b0b                                  3.63
xcpu.b1b                           4.75145e-08
xcpu.upb                                  3.63
xcpu.dnb                                  3.63
xcpu.xn_base.bg                       0.633358
xcpu.xn_base.mid                      0.100973
xcpu.dnt                                1.6478
xcpu.xn_t0.bg                      5.49559e-08
xcpu.xn_t0.mid                        0.537789
xcpu.xn_t1a.bg                        0.633358
xcpu.xn_t1a.mid                       0.101582
xcpu.xn_t1b.bg                        0.633358
xcpu.xn_t1b.mid                      0.0997246
xcpu.xp_base.bg                         2.8787
xcpu.xp_base.mid                       3.52441
xcpu.upt                               1.66978
xcpu.xp_t0.bg                             3.63
xcpu.xp_t0.mid                         2.24803
xcpu.xp_t1a.bg                          2.8787
xcpu.xp_t1a.mid                        3.52557
xcpu.xp_t1b.bg                          2.8787
xcpu.xp_t1b.mid                        3.52494
outu                                      1.65
xcpu.vdump                             1.65109
xcpu.xbuf.nsrc                        0.802528
xcpu.xbuf.nda                          2.87493
xcpu.xbuf.psrc                         2.34894
xcpu.xbuf.pda                         0.587506
ibn_d                                 0.634059
icn_d                                 0.755252
ibp_d                                  2.88051
icp_d                                  2.73692
xcpd.b0b                                  3.63
xcpd.b1b                           4.91917e-08
xcpd.upb                                  3.63
xcpd.dnb                                  3.63
xcpd.xn_base.bg                       0.634058
xcpd.xn_base.mid                      0.100297
xcpd.dnt                               1.64324
xcpd.xn_t0.bg                      2.50801e-08
xcpd.xn_t0.mid                        0.532855
xcpd.xn_t1a.bg                        0.634058
xcpd.xn_t1a.mid                      0.0985264
xcpd.xn_t1b.bg                        0.634058
xcpd.xn_t1b.mid                      0.0947447
xcpd.xp_base.bg                        2.88051
xcpd.xp_base.mid                       3.52335
xcpd.upt                               1.66506
xcpd.xp_t0.bg                             3.63
xcpd.xp_t0.mid                         2.22987
xcpd.xp_t1a.bg                         2.88051
xcpd.xp_t1a.mid                        3.52318
xcpd.xp_t1b.bg                         2.88051
xcpd.xp_t1b.mid                         3.5262
outd                                      1.65
xcpd.vdump                             1.64657
xcpd.xbuf.nsrc                        0.801384
xcpd.xbuf.nda                          2.87381
xcpd.xbuf.psrc                         2.34482
xcpd.xbuf.pda                         0.586273
vod#branch                        -1.04782e-11
vou#branch                        -1.04773e-11
vctl#branch                                  0
vb1#branch                           -3.63e-12
vb0#branch                                   0
vlo#branch                                   0
vhi#branch                           -3.63e-12
vss#branch                          7.5973e-05
vdd#branch                        -0.000107974


No. of Data Rows : 4299
iup_ss              =  4.82932e-06 from=  1.40000e-08 to=  1.50025e-08
idn_ss              =  -5.04173e-06 from=  1.40000e-08 to=  1.50025e-08
qup                 =  2.18429e-14 from=  9.50000e-09 to=  1.50000e-08
qdn                 =  -2.47660e-14 from=  9.50000e-09 to=  1.50000e-08
MCSW iup_ss=4.82932E-06 idn_ss=-5.04173E-06 qup=2.18429E-14 qdn=-2.4766E-14 wup=4.52297E-09 wdn=4.9122E-09 wskew=-3.89226E-10
Note: Simulation executed from .control section 
