
Note: Compatibility modes selected: hs a


Circuit: * pfd-deadzone @ ff_125c_3.63v_d-200p -- generated by sim/harness, do not edit

Doing analysis at TEMP = 125.000000 and TNOM = 27.000000

Using SPARSE 1.3 as Direct Linear Solver

Initial Transient Solution
--------------------------

Node                                   Voltage
----                                   -------
vdd                                       3.63
vss                                          0
ref                                          0
fb                                           0
b0                                           0
b1                                        3.63
ibn                                   0.520852
icn                                   0.641316
ibp                                    3.00655
icp                                    2.86841
xdut.xpfd.xed_ref.d1                      3.63
xdut.xpfd.xed_ref.d2               4.17246e-07
xdut.xpfd.xed_ref.d3                      3.63
xdut.xpfd.xed_ref.d4               4.17246e-07
xdut.xpfd.xed_ref.d5                      3.63
xdut.xpfd.xed_ref.nn                      3.63
xdut.xpfd.xed_ref.xnd.ni           1.90904e-06
xdut.xpfd.pr                       4.17254e-07
xdut.xpfd.xed_fb.d1                       3.63
xdut.xpfd.xed_fb.d2                4.17246e-07
xdut.xpfd.xed_fb.d3                       3.63
xdut.xpfd.xed_fb.d4                4.17246e-07
xdut.xpfd.xed_fb.d5                       3.63
xdut.xpfd.xed_fb.nn                       3.63
xdut.xpfd.xed_fb.xnd.ni            1.90904e-06
xdut.xpfd.pf                       4.17254e-07
xdut.xpfd.sbr                             3.63
xdut.xpfd.sbf                             3.63
up                                 8.93093e-07
xdut.xpfd.upb                             3.63
xdut.xpfd.xlat_ref.xn1.ni          4.46546e-07
xdut.xpfd.rb                              3.63
xdut.xpfd.xlat_ref.xn2.ni              3.12437
dn                                 8.93093e-07
xdut.xpfd.dnb                             3.63
xdut.xpfd.xlat_fb.xn1.ni           4.46546e-07
xdut.xpfd.xlat_fb.xn2.ni               3.12437
xdut.xpfd.nrst                            3.63
xdut.xpfd.xnand_rst.ni               0.0827909
xdut.xpfd.rst_raw                  4.17226e-07
xdut.xpfd.rd1                             3.63
xdut.xpfd.rd2                      4.17246e-07
xdut.xpfd.rd3                             3.63
xdut.xpfd.rd4                      4.17246e-07
xdut.xpfd.rd5                             3.63
xdut.xpfd.rd6                      4.17246e-07
xdut.xpfd.rd7                             3.63
xdut.xpfd.rd8                      4.17246e-07
xdut.xpfd.rd9                             3.63
xdut.xpfd.rd10                     4.17246e-07
xdut.xpfd.rd11                            3.63
xdut.xpfd.rd12                     4.17246e-07
xdut.xpfd.rd13                            3.63
xdut.xpfd.rd14                     4.17246e-07
xdut.xpfd.rd15                            3.63
xdut.xpfd.rd16                     4.17246e-07
xdut.xpfd.rd17                            3.63
xdut.xpfd.rd18                     4.17246e-07
xdut.xpfd.rd19                            3.63
xdut.xpfd.rd20                     4.17246e-07
xdut.xpfd.rd21                            3.63
xdut.xpfd.rd22                     4.17246e-07
xdut.xpfd.rd23                            3.63
xdut.xpfd.rst_dly                  4.17246e-07
xdut.xcp.b0b                              3.63
xdut.xcp.b1b                       4.17224e-07
xdut.xcp.upb                              3.63
xdut.xcp.dnb                              3.63
xdut.xcp.xn_base.bg                   0.520851
xdut.xcp.xn_base.mid                 0.0979355
xdut.xcp.dnt                           1.64624
xdut.xcp.xn_t0.bg                   3.0128e-07
xdut.xcp.xn_t0.mid                     0.46876
xdut.xcp.xn_t1a.bg                    0.520851
xdut.xcp.xn_t1a.mid                  0.0979355
xdut.xcp.xn_t1b.bg                    0.520851
xdut.xcp.xn_t1b.mid                  0.0979355
xdut.xcp.xp_base.bg                    3.00655
xdut.xcp.xp_base.mid                   3.52646
xdut.xcp.upt                           1.66268
xdut.xcp.xp_t0.bg                         3.63
xdut.xcp.xp_t0.mid                     3.09349
xdut.xcp.xp_t1a.bg                     3.00655
xdut.xcp.xp_t1a.mid                    3.52646
xdut.xcp.xp_t1b.bg                     3.00655
xdut.xcp.xp_t1b.mid                    3.52646
vout                                      1.65
xdut.xcp.vdump                         1.64911
xdut.xcp.xbuf.nsrc                    0.900313
xdut.xcp.xbuf.nda                      3.00267
xdut.xcp.xbuf.psrc                     2.22126
xdut.xcp.xbuf.pda                      0.47602
vctrl_src                                 1.65
vctrl#branch                      -1.21274e-11
vam#branch                        -1.04774e-11
vb1#branch                           -3.63e-12
vb0#branch                                   0
vfb#branch                                   0
vref#branch                                  0
vss#branch                          3.8037e-05
vdd#branch                        -5.40377e-05

 Reference value :  0.00000e+00
 Reference value :  1.26560e-09
 Reference value :  2.60560e-09
 Reference value :  3.40560e-09
 Reference value :  4.02560e-09
 Reference value :  4.94560e-09
 Reference value :  5.58560e-09
 Reference value :  6.50560e-09
 Reference value :  7.90560e-09
 Reference value :  9.06560e-09
 Reference value :  1.00856e-08
 Reference value :  1.10856e-08
 Reference value :  1.18256e-08
 Reference value :  1.27456e-08
 Reference value :  1.39656e-08
 Reference value :  1.55056e-08
 Reference value :  1.68256e-08
 Reference value :  1.83256e-08
 Reference value :  1.96256e-08
 Reference value :  2.11559e-08
 Reference value :  2.26159e-08
 Reference value :  2.47481e-08
 Reference value :  2.75081e-08
 Reference value :  3.02681e-08
 Reference value :  3.36681e-08
 Reference value :  3.80281e-08
 Reference value :  4.16287e-08
 Reference value :  4.64087e-08
 Reference value :  4.93087e-08
 Reference value :  5.23287e-08
 Reference value :  5.55087e-08
 Reference value :  5.85887e-08
 Reference value :  6.05400e-08
 Reference value :  6.16178e-08
 Reference value :  6.28168e-08
 Reference value :  6.48667e-08
 Reference value :  6.73667e-08
 Reference value :  6.99067e-08
 Reference value :  7.23067e-08
 Reference value :  7.48467e-08
 Reference value :  7.73467e-08
 Reference value :  7.98267e-08
 Reference value :  8.15087e-08
 Reference value :  8.43687e-08
 Reference value :  8.73287e-08
 Reference value :  9.01887e-08
 Reference value :  9.30487e-08
 Reference value :  9.60687e-08
 Reference value :  9.88887e-08
 Reference value :  1.00637e-07
 Reference value :  1.01703e-07
 Reference value :  1.02829e-07
 Reference value :  1.04827e-07
 Reference value :  1.07247e-07
 Reference value :  1.09747e-07
 Reference value :  1.12147e-07
 Reference value :  1.14587e-07
 Reference value :  1.17067e-07
 Reference value :  1.19447e-07
 Reference value :  1.21089e-07
 Reference value :  1.23929e-07
 Reference value :  1.26869e-07
 Reference value :  1.29709e-07
 Reference value :  1.32789e-07
 Reference value :  1.35689e-07
 Reference value :  1.38509e-07
No. of Data Rows : 7284

  Measurements for Transient Analysis

qnet2               =   -1.23048e-14 from=  6.00000e-08 to=  1.40000e-07
qnet                =  -6.15240e-15
width_up            =  1.50033e-09 targ=  1.01900e-07 trig=  1.00400e-07
width_dn            =  1.73658e-09 targ=  1.01908e-07 trig=  1.00172e-07

ngspice-46 done

Warning: m=xx on .subckt line will override multiplier m hierarchy!

Note: Starting dynamic gmin stepping
Warning: Dynamic gmin stepping failed
Note: Starting true gmin stepping
Note: True gmin stepping completed
