
Note: Compatibility modes selected: hs a


Circuit: * pfd-deadzone @ fs_-40c_2.97v_d-1n -- generated by sim/harness, do not edit

Doing analysis at TEMP = -40.000000 and TNOM = 27.000000

Using SPARSE 1.3 as Direct Linear Solver

Initial Transient Solution
--------------------------

Node                                   Voltage
----                                   -------
vdd                                       2.97
vss                                          0
ref                                          0
fb                                           0
b0                                           0
b1                                        2.97
ibn                                   0.699443
icn                                   0.790698
ibp                                    1.96257
icp                                    1.85958
xdut.xpfd.xed_ref.d1                      2.97
xdut.xpfd.xed_ref.d2               7.82116e-09
xdut.xpfd.xed_ref.d3                      2.97
xdut.xpfd.xed_ref.d4               7.82116e-09
xdut.xpfd.xed_ref.d5                      2.97
xdut.xpfd.xed_ref.nn                      2.97
xdut.xpfd.xed_ref.xnd.ni           4.51341e-12
xdut.xpfd.pr                       7.82116e-09
xdut.xpfd.xed_fb.d1                       2.97
xdut.xpfd.xed_fb.d2                7.82116e-09
xdut.xpfd.xed_fb.d3                       2.97
xdut.xpfd.xed_fb.d4                7.82116e-09
xdut.xpfd.xed_fb.d5                       2.97
xdut.xpfd.xed_fb.nn                       2.97
xdut.xpfd.xed_fb.xnd.ni            4.51341e-12
xdut.xpfd.pf                       7.82116e-09
xdut.xpfd.sbr                             2.97
xdut.xpfd.sbf                             2.97
up                                 1.61175e-08
xdut.xpfd.upb                             2.97
xdut.xpfd.xlat_ref.xn1.ni          8.05874e-09
xdut.xpfd.rb                              2.97
xdut.xpfd.xlat_ref.xn2.ni              2.34311
dn                                 1.61175e-08
xdut.xpfd.dnb                             2.97
xdut.xpfd.xlat_fb.xn1.ni           8.05874e-09
xdut.xpfd.xlat_fb.xn2.ni               2.34311
xdut.xpfd.nrst                            2.97
xdut.xpfd.xnand_rst.ni             0.000648407
xdut.xpfd.rst_raw                  7.82116e-09
xdut.xpfd.rd1                             2.97
xdut.xpfd.rd2                      7.82116e-09
xdut.xpfd.rd3                             2.97
xdut.xpfd.rd4                      7.82116e-09
xdut.xpfd.rd5                             2.97
xdut.xpfd.rd6                      7.82116e-09
xdut.xpfd.rd7                             2.97
xdut.xpfd.rd8                      7.82116e-09
xdut.xpfd.rd9                             2.97
xdut.xpfd.rd10                     7.82116e-09
xdut.xpfd.rd11                            2.97
xdut.xpfd.rd12                     7.82116e-09
xdut.xpfd.rd13                            2.97
xdut.xpfd.rd14                     7.82116e-09
xdut.xpfd.rd15                            2.97
xdut.xpfd.rd16                     7.82116e-09
xdut.xpfd.rd17                            2.97
xdut.xpfd.rd18                     7.82116e-09
xdut.xpfd.rd19                            2.97
xdut.xpfd.rd20                     7.82116e-09
xdut.xpfd.rd21                            2.97
xdut.xpfd.rd22                     7.82116e-09
xdut.xpfd.rd23                            2.97
xdut.xpfd.rst_dly                  7.82116e-09
xdut.xcp.b0b                              2.97
xdut.xcp.b1b                       7.82116e-09
xdut.xcp.upb                              2.97
xdut.xcp.dnb                              2.97
xdut.xcp.xn_base.bg                   0.699443
xdut.xcp.xn_base.mid                 0.0731495
xdut.xcp.dnt                           1.64622
xdut.xcp.xn_t0.bg                  5.57458e-13
xdut.xcp.xn_t0.mid                    0.384052
xdut.xcp.xn_t1a.bg                    0.699443
xdut.xcp.xn_t1a.mid                  0.0731495
xdut.xcp.xn_t1b.bg                    0.699443
xdut.xcp.xn_t1b.mid                  0.0731495
xdut.xcp.xp_base.bg                    1.96257
xdut.xcp.xp_base.mid                   2.89406
xdut.xcp.upt                             1.665
xdut.xcp.xp_t0.bg                         2.97
xdut.xcp.xp_t0.mid                     1.18956
xdut.xcp.xp_t1a.bg                     1.96257
xdut.xcp.xp_t1a.mid                    2.89406
xdut.xcp.xp_t1b.bg                     1.96257
xdut.xcp.xp_t1b.mid                    2.89406
vout                                      1.65
xdut.xcp.vdump                         1.64939
xdut.xcp.xbuf.nsrc                    0.748042
xdut.xcp.xbuf.nda                       1.9615
xdut.xcp.xbuf.psrc                     2.61945
xdut.xcp.xbuf.pda                     0.665506
vctrl_src                                 1.65
vctrl#branch                      -1.41895e-11
vam#branch                        -1.25395e-11
vb1#branch                           -2.97e-12
vb0#branch                                   0
vfb#branch                                   0
vref#branch                                  0
vss#branch                         3.71365e-05
vdd#branch                        -5.31371e-05

 Reference value :  0.00000e+00
 Reference value :  5.65600e-10
 Reference value :  1.04560e-09
 Reference value :  1.62560e-09
 Reference value :  2.42560e-09
 Reference value :  2.96560e-09
 Reference value :  3.76560e-09
 Reference value :  4.22560e-09
 Reference value :  4.64560e-09
 Reference value :  5.14560e-09
 Reference value :  5.72560e-09
 Reference value :  6.36560e-09
 Reference value :  7.06560e-09
 Reference value :  7.72560e-09
 Reference value :  8.44560e-09
 Reference value :  9.24560e-09
 Reference value :  1.00456e-08
 Reference value :  1.09256e-08
 Reference value :  1.16056e-08
 Reference value :  1.23256e-08
 Reference value :  1.29456e-08
 Reference value :  1.34256e-08
 Reference value :  1.41256e-08
 Reference value :  1.48856e-08
 Reference value :  1.58456e-08
 Reference value :  1.64656e-08
 Reference value :  1.69856e-08
 Reference value :  1.77456e-08
 Reference value :  1.80856e-08
 Reference value :  1.87256e-08
 Reference value :  2.03207e-08
 Reference value :  2.14546e-08
 Reference value :  2.25158e-08
 Reference value :  2.41430e-08
 Reference value :  2.66230e-08
 Reference value :  2.90830e-08
 Reference value :  3.16230e-08
 Reference value :  3.40830e-08
 Reference value :  3.65030e-08
 Reference value :  3.89630e-08
 Reference value :  4.05378e-08
 Reference value :  4.27569e-08
 Reference value :  4.51369e-08
 Reference value :  4.76169e-08
 Reference value :  5.02169e-08
 Reference value :  5.27569e-08
 Reference value :  5.52169e-08
 Reference value :  5.76169e-08
 Reference value :  5.95793e-08
 Reference value :  6.09990e-08
 Reference value :  6.20920e-08
 Reference value :  6.31694e-08
 Reference value :  6.56430e-08
 Reference value :  6.80430e-08
 Reference value :  7.05230e-08
 Reference value :  7.30030e-08
 Reference value :  7.54430e-08
 Reference value :  7.78830e-08
 Reference value :  7.98969e-08
 Reference value :  8.18969e-08
 Reference value :  8.43569e-08
 Reference value :  8.67569e-08
 Reference value :  8.91769e-08
 Reference value :  9.16169e-08
 Reference value :  9.40369e-08
 Reference value :  9.64969e-08
 Reference value :  9.88969e-08
 Reference value :  1.00493e-07
 Reference value :  1.01578e-07
 Reference value :  1.02701e-07
 Reference value :  1.04583e-07
 Reference value :  1.07023e-07
 Reference value :  1.09443e-07
 Reference value :  1.11923e-07
 Reference value :  1.14383e-07
 Reference value :  1.16863e-07
 Reference value :  1.19290e-07
 Reference value :  1.20857e-07
 Reference value :  1.23257e-07
 Reference value :  1.25797e-07
 Reference value :  1.28157e-07
 Reference value :  1.30577e-07
 Reference value :  1.33117e-07
 Reference value :  1.35717e-07
 Reference value :  1.38157e-07
No. of Data Rows : 7302

  Measurements for Transient Analysis

qnet2               =   -1.12037e-14 from=  6.00000e-08 to=  1.40000e-07
qnet                =  -5.60184e-15
width_up            =  1.50315e-09 targ=  1.01918e-07 trig=  1.00415e-07
width_dn            =  2.52853e-09 targ=  1.01910e-07 trig=  9.93817e-08

ngspice-46 done

Warning: m=xx on .subckt line will override multiplier m hierarchy!

Note: Starting dynamic gmin stepping
Warning: Dynamic gmin stepping failed
Note: Starting true gmin stepping
Note: True gmin stepping completed
