
Note: Compatibility modes selected: hs a


Circuit: * pfd-deadzone @ sf_-40c_3.63v_d-1n -- generated by sim/harness, do not edit

Doing analysis at TEMP = -40.000000 and TNOM = 27.000000

Using SPARSE 1.3 as Direct Linear Solver

Initial Transient Solution
--------------------------

Node                                   Voltage
----                                   -------
vdd                                       3.63
vss                                          0
ref                                          0
fb                                           0
b0                                           0
b1                                        3.63
ibn                                   0.860509
icn                                   0.954995
ibp                                    2.80351
icp                                     2.7055
xdut.xpfd.xed_ref.d1                      3.63
xdut.xpfd.xed_ref.d2               1.05999e-08
xdut.xpfd.xed_ref.d3                      3.63
xdut.xpfd.xed_ref.d4               1.05999e-08
xdut.xpfd.xed_ref.d5                      3.63
xdut.xpfd.xed_ref.nn                      3.63
xdut.xpfd.xed_ref.xnd.ni           3.06426e-14
xdut.xpfd.pr                       1.05999e-08
xdut.xpfd.xed_fb.d1                       3.63
xdut.xpfd.xed_fb.d2                1.05999e-08
xdut.xpfd.xed_fb.d3                       3.63
xdut.xpfd.xed_fb.d4                1.05999e-08
xdut.xpfd.xed_fb.d5                       3.63
xdut.xpfd.xed_fb.nn                       3.63
xdut.xpfd.xed_fb.xnd.ni            3.06426e-14
xdut.xpfd.pf                       1.05999e-08
xdut.xpfd.sbr                             3.63
xdut.xpfd.sbf                             3.63
up                                 2.18875e-08
xdut.xpfd.upb                             3.63
xdut.xpfd.xlat_ref.xn1.ni          1.09438e-08
xdut.xpfd.rb                              3.63
xdut.xpfd.xlat_ref.xn2.ni              2.80052
dn                                 2.18875e-08
xdut.xpfd.dnb                             3.63
xdut.xpfd.xlat_fb.xn1.ni           1.09438e-08
xdut.xpfd.xlat_fb.xn2.ni               2.80052
xdut.xpfd.nrst                            3.63
xdut.xpfd.xnand_rst.ni             4.45054e-06
xdut.xpfd.rst_raw                  1.05999e-08
xdut.xpfd.rd1                             3.63
xdut.xpfd.rd2                      1.05999e-08
xdut.xpfd.rd3                             3.63
xdut.xpfd.rd4                      1.05999e-08
xdut.xpfd.rd5                             3.63
xdut.xpfd.rd6                      1.05999e-08
xdut.xpfd.rd7                             3.63
xdut.xpfd.rd8                      1.05999e-08
xdut.xpfd.rd9                             3.63
xdut.xpfd.rd10                     1.05999e-08
xdut.xpfd.rd11                            3.63
xdut.xpfd.rd12                     1.05999e-08
xdut.xpfd.rd13                            3.63
xdut.xpfd.rd14                     1.05999e-08
xdut.xpfd.rd15                            3.63
xdut.xpfd.rd16                     1.05999e-08
xdut.xpfd.rd17                            3.63
xdut.xpfd.rd18                     1.05999e-08
xdut.xpfd.rd19                            3.63
xdut.xpfd.rd20                     1.05999e-08
xdut.xpfd.rd21                            3.63
xdut.xpfd.rd22                     1.05999e-08
xdut.xpfd.rd23                            3.63
xdut.xpfd.rst_dly                  1.05999e-08
xdut.xcp.b0b                              3.63
xdut.xcp.b1b                       1.05999e-08
xdut.xcp.upb                              3.63
xdut.xcp.dnb                              3.63
xdut.xcp.xn_base.bg                   0.860509
xdut.xcp.xn_base.mid                 0.0745599
xdut.xcp.dnt                           1.64953
xdut.xcp.xn_t0.bg                   3.4951e-15
xdut.xcp.xn_t0.mid                    0.385876
xdut.xcp.xn_t1a.bg                    0.860509
xdut.xcp.xn_t1a.mid                  0.0745599
xdut.xcp.xn_t1b.bg                    0.860509
xdut.xcp.xn_t1b.mid                  0.0745599
xdut.xcp.xp_base.bg                    2.80351
xdut.xcp.xp_base.mid                   3.55589
xdut.xcp.upt                           1.66295
xdut.xcp.xp_t0.bg                         3.63
xdut.xcp.xp_t0.mid                     1.45466
xdut.xcp.xp_t1a.bg                     2.80351
xdut.xcp.xp_t1a.mid                    3.55589
xdut.xcp.xp_t1b.bg                     2.80351
xdut.xcp.xp_t1b.mid                    3.55589
vout                                      1.65
xdut.xcp.vdump                          1.6515
xdut.xcp.xbuf.nsrc                    0.616767
xdut.xcp.xbuf.nda                       2.8034
xdut.xcp.xbuf.psrc                     2.44246
xdut.xcp.xbuf.pda                     0.828131
vctrl_src                                 1.65
vctrl#branch                      -1.22079e-11
vam#branch                        -1.05579e-11
vb1#branch                           -3.63e-12
vb0#branch                                   0
vfb#branch                                   0
vref#branch                                  0
vss#branch                         3.73566e-05
vdd#branch                        -5.33574e-05

 Reference value :  0.00000e+00
 Reference value :  2.16560e-09
 Reference value :  3.92560e-09
 Reference value :  5.86560e-09
 Reference value :  7.34560e-09
 Reference value :  8.44560e-09
 Reference value :  9.56560e-09
 Reference value :  1.04856e-08
 Reference value :  1.14656e-08
 Reference value :  1.26856e-08
 Reference value :  1.35456e-08
 Reference value :  1.43056e-08
 Reference value :  1.52056e-08
 Reference value :  1.58856e-08
 Reference value :  1.64656e-08
 Reference value :  1.70856e-08
 Reference value :  1.80656e-08
 Reference value :  1.91100e-08
 Reference value :  2.05935e-08
 Reference value :  2.17509e-08
 Reference value :  2.28323e-08
 Reference value :  2.54829e-08
 Reference value :  2.82229e-08
 Reference value :  3.10029e-08
 Reference value :  3.37629e-08
 Reference value :  3.65029e-08
 Reference value :  3.92020e-08
 Reference value :  4.07444e-08
 Reference value :  4.34244e-08
 Reference value :  4.61444e-08
 Reference value :  4.88044e-08
 Reference value :  5.15044e-08
 Reference value :  5.42244e-08
 Reference value :  5.70244e-08
 Reference value :  5.93759e-08
 Reference value :  6.07919e-08
 Reference value :  6.19011e-08
 Reference value :  6.31428e-08
 Reference value :  6.59628e-08
 Reference value :  6.88828e-08
 Reference value :  7.23628e-08
 Reference value :  7.51028e-08
 Reference value :  7.79428e-08
 Reference value :  8.01244e-08
 Reference value :  8.23044e-08
 Reference value :  8.51444e-08
 Reference value :  8.79244e-08
 Reference value :  9.06844e-08
 Reference value :  9.34244e-08
 Reference value :  9.61244e-08
 Reference value :  9.88644e-08
 Reference value :  1.00487e-07
 Reference value :  1.01557e-07
 Reference value :  1.02717e-07
 Reference value :  1.05203e-07
 Reference value :  1.07963e-07
 Reference value :  1.10763e-07
 Reference value :  1.13423e-07
 Reference value :  1.16123e-07
 Reference value :  1.18903e-07
 Reference value :  1.20548e-07
 Reference value :  1.23264e-07
 Reference value :  1.26004e-07
 Reference value :  1.28824e-07
 Reference value :  1.31504e-07
 Reference value :  1.34344e-07
 Reference value :  1.37044e-07
 Reference value :  1.39427e-07
No. of Data Rows : 7423

  Measurements for Transient Analysis

qnet2               =   -1.72901e-14 from=  6.00000e-08 to=  1.40000e-07
qnet                =  -8.64504e-15
width_up            =  1.33823e-09 targ=  1.01697e-07 trig=  1.00359e-07
width_dn            =  2.35930e-09 targ=  1.01701e-07 trig=  9.93418e-08

ngspice-46 done

Warning: m=xx on .subckt line will override multiplier m hierarchy!

Note: Starting dynamic gmin stepping
Warning: Dynamic gmin stepping failed
Note: Starting true gmin stepping
Note: True gmin stepping completed
