
Note: Compatibility modes selected: hs a


Circuit: * pfd-deadzone @ sf_125c_3.63v_d-1n -- generated by sim/harness, do not edit

Doing analysis at TEMP = 125.000000 and TNOM = 27.000000

Using SPARSE 1.3 as Direct Linear Solver

Initial Transient Solution
--------------------------

Node                                   Voltage
----                                   -------
vdd                                       3.63
vss                                          0
ref                                          0
fb                                           0
b0                                           0
b1                                        3.63
ibn                                   0.714647
icn                                    0.84197
ibp                                     2.9712
icp                                    2.83092
xdut.xpfd.xed_ref.d1                      3.63
xdut.xpfd.xed_ref.d2               2.75097e-07
xdut.xpfd.xed_ref.d3                      3.63
xdut.xpfd.xed_ref.d4               2.75097e-07
xdut.xpfd.xed_ref.d5                      3.63
xdut.xpfd.xed_ref.nn                      3.63
xdut.xpfd.xed_ref.xnd.ni           4.29078e-08
xdut.xpfd.pr                       2.75097e-07
xdut.xpfd.xed_fb.d1                       3.63
xdut.xpfd.xed_fb.d2                2.75097e-07
xdut.xpfd.xed_fb.d3                       3.63
xdut.xpfd.xed_fb.d4                2.75097e-07
xdut.xpfd.xed_fb.d5                       3.63
xdut.xpfd.xed_fb.nn                       3.63
xdut.xpfd.xed_fb.xnd.ni            4.29078e-08
xdut.xpfd.pf                       2.75097e-07
xdut.xpfd.sbr                             3.63
xdut.xpfd.sbf                             3.63
up                                 5.80032e-07
xdut.xpfd.upb                             3.63
xdut.xpfd.xlat_ref.xn1.ni          2.90016e-07
xdut.xpfd.rb                              3.63
xdut.xpfd.xlat_ref.xn2.ni              3.05885
dn                                 5.80032e-07
xdut.xpfd.dnb                             3.63
xdut.xpfd.xlat_fb.xn1.ni           2.90016e-07
xdut.xpfd.xlat_fb.xn2.ni               3.05885
xdut.xpfd.nrst                            3.63
xdut.xpfd.xnand_rst.ni               0.0662717
xdut.xpfd.rst_raw                  2.75096e-07
xdut.xpfd.rd1                             3.63
xdut.xpfd.rd2                      2.75097e-07
xdut.xpfd.rd3                             3.63
xdut.xpfd.rd4                      2.75097e-07
xdut.xpfd.rd5                             3.63
xdut.xpfd.rd6                      2.75097e-07
xdut.xpfd.rd7                             3.63
xdut.xpfd.rd8                      2.75097e-07
xdut.xpfd.rd9                             3.63
xdut.xpfd.rd10                     2.75097e-07
xdut.xpfd.rd11                            3.63
xdut.xpfd.rd12                     2.75097e-07
xdut.xpfd.rd13                            3.63
xdut.xpfd.rd14                     2.75097e-07
xdut.xpfd.rd15                            3.63
xdut.xpfd.rd16                     2.75097e-07
xdut.xpfd.rd17                            3.63
xdut.xpfd.rd18                     2.75097e-07
xdut.xpfd.rd19                            3.63
xdut.xpfd.rd20                     2.75097e-07
xdut.xpfd.rd21                            3.63
xdut.xpfd.rd22                     2.75097e-07
xdut.xpfd.rd23                            3.63
xdut.xpfd.rst_dly                  2.75097e-07
xdut.xcp.b0b                              3.63
xdut.xcp.b1b                       2.75096e-07
xdut.xcp.upb                              3.63
xdut.xcp.dnb                              3.63
xdut.xcp.xn_base.bg                   0.714647
xdut.xcp.xn_base.mid                  0.101138
xdut.xcp.dnt                           1.64624
xdut.xcp.xn_t0.bg                  1.00056e-08
xdut.xcp.xn_t0.mid                    0.569297
xdut.xcp.xn_t1a.bg                    0.714647
xdut.xcp.xn_t1a.mid                   0.101138
xdut.xcp.xn_t1b.bg                    0.714647
xdut.xcp.xn_t1b.mid                   0.101138
xdut.xcp.xp_base.bg                     2.9712
xdut.xcp.xp_base.mid                   3.52573
xdut.xcp.upt                           1.66493
xdut.xcp.xp_t0.bg                         3.63
xdut.xcp.xp_t0.mid                     3.05941
xdut.xcp.xp_t1a.bg                      2.9712
xdut.xcp.xp_t1a.mid                    3.52573
xdut.xcp.xp_t1b.bg                      2.9712
xdut.xcp.xp_t1b.mid                    3.52573
vout                                      1.65
xdut.xcp.vdump                         1.64998
xdut.xcp.xbuf.nsrc                    0.735853
xdut.xcp.xbuf.nda                      2.96915
xdut.xcp.xbuf.psrc                     2.25644
xdut.xcp.xbuf.pda                     0.668251
vctrl_src                                 1.65
vctrl#branch                      -1.21274e-11
vam#branch                        -1.04774e-11
vb1#branch                           -3.63e-12
vb0#branch                                   0
vfb#branch                                   0
vref#branch                                  0
vss#branch                         3.77994e-05
vdd#branch                        -5.38002e-05

 Reference value :  0.00000e+00
 Reference value :  1.38560e-09
 Reference value :  3.46560e-09
 Reference value :  4.42560e-09
 Reference value :  5.58560e-09
 Reference value :  6.90560e-09
 Reference value :  7.38560e-09
 Reference value :  7.72310e-09
 Reference value :  8.76310e-09
 Reference value :  9.18060e-09
 Reference value :  9.70060e-09
 Reference value :  1.00206e-08
 Reference value :  1.02631e-08
 Reference value :  1.07556e-08
 Reference value :  1.14756e-08
 Reference value :  1.24556e-08
 Reference value :  1.27331e-08
 Reference value :  1.32131e-08
 Reference value :  1.38531e-08
 Reference value :  1.43931e-08
 Reference value :  1.44906e-08
 Reference value :  1.49706e-08
 Reference value :  1.57506e-08
 Reference value :  1.67906e-08
 Reference value :  1.72331e-08
 Reference value :  1.77281e-08
 Reference value :  1.82106e-08
 Reference value :  1.84431e-08
 Reference value :  2.01850e-08
 Reference value :  2.17584e-08
 Reference value :  2.34368e-08
 Reference value :  2.59117e-08
 Reference value :  2.85917e-08
 Reference value :  3.12517e-08
 Reference value :  3.38917e-08
 Reference value :  3.66717e-08
 Reference value :  3.92140e-08
 Reference value :  4.11376e-08
 Reference value :  4.37376e-08
 Reference value :  4.64576e-08
 Reference value :  4.91176e-08
 Reference value :  5.17776e-08
 Reference value :  5.44176e-08
 Reference value :  5.70776e-08
 Reference value :  5.94077e-08
 Reference value :  6.11514e-08
 Reference value :  6.27837e-08
 Reference value :  6.47116e-08
 Reference value :  6.73516e-08
 Reference value :  7.00316e-08
 Reference value :  7.27516e-08
 Reference value :  7.54716e-08
 Reference value :  7.81716e-08
 Reference value :  8.03500e-08
 Reference value :  8.26976e-08
 Reference value :  8.53576e-08
 Reference value :  8.79776e-08
 Reference value :  9.06976e-08
 Reference value :  9.33576e-08
 Reference value :  9.59576e-08
 Reference value :  9.85776e-08
 Reference value :  1.00526e-07
 Reference value :  1.02116e-07
 Reference value :  1.03666e-07
 Reference value :  1.06352e-07
 Reference value :  1.09692e-07
 Reference value :  1.12332e-07
 Reference value :  1.15532e-07
 Reference value :  1.18172e-07
 Reference value :  1.20310e-07
 Reference value :  1.22578e-07
 Reference value :  1.25798e-07
 Reference value :  1.28518e-07
 Reference value :  1.31678e-07
 Reference value :  1.34378e-07
 Reference value :  1.37038e-07
 Reference value :  1.39408e-07
No. of Data Rows : 7234

  Measurements for Transient Analysis

qnet2               =   -2.10575e-14 from=  6.00000e-08 to=  1.40000e-07
qnet                =  -1.05287e-14
width_up            =  1.82695e-09 targ=  1.02274e-07 trig=  1.00447e-07
width_dn            =  2.86101e-09 targ=  1.02283e-07 trig=  9.94220e-08

ngspice-46 done

Warning: m=xx on .subckt line will override multiplier m hierarchy!

Note: Starting dynamic gmin stepping
Warning: Dynamic gmin stepping failed
Note: Starting true gmin stepping
Note: True gmin stepping completed
