
Note: Compatibility modes selected: hs a


Circuit: * pfd-deadzone @ typical_27c_3.30v_d-1n -- generated by sim/harness, do not edit

Doing analysis at TEMP = 27.000000 and TNOM = 27.000000

Using SPARSE 1.3 as Direct Linear Solver

Initial Transient Solution
--------------------------

Node                                   Voltage
----                                   -------
vdd                                        3.3
vss                                          0
ref                                          0
fb                                           0
b0                                           0
b1                                         3.3
ibn                                   0.718977
icn                                   0.825422
ibp                                    2.44912
icp                                    2.33081
xdut.xpfd.xed_ref.d1                       3.3
xdut.xpfd.xed_ref.d2               1.08169e-08
xdut.xpfd.xed_ref.d3                       3.3
xdut.xpfd.xed_ref.d4               1.08169e-08
xdut.xpfd.xed_ref.d5                       3.3
xdut.xpfd.xed_ref.nn                       3.3
xdut.xpfd.xed_ref.xnd.ni           4.20894e-10
xdut.xpfd.pr                       1.08169e-08
xdut.xpfd.xed_fb.d1                        3.3
xdut.xpfd.xed_fb.d2                1.08169e-08
xdut.xpfd.xed_fb.d3                        3.3
xdut.xpfd.xed_fb.d4                1.08169e-08
xdut.xpfd.xed_fb.d5                        3.3
xdut.xpfd.xed_fb.nn                        3.3
xdut.xpfd.xed_fb.xnd.ni            4.20894e-10
xdut.xpfd.pf                       1.08169e-08
xdut.xpfd.sbr                              3.3
xdut.xpfd.sbf                              3.3
up                                  2.2511e-08
xdut.xpfd.upb                              3.3
xdut.xpfd.xlat_ref.xn1.ni          1.12555e-08
xdut.xpfd.rb                               3.3
xdut.xpfd.xlat_ref.xn2.ni              2.68894
dn                                  2.2511e-08
xdut.xpfd.dnb                              3.3
xdut.xpfd.xlat_fb.xn1.ni           1.12555e-08
xdut.xpfd.xlat_fb.xn2.ni               2.68894
xdut.xpfd.nrst                             3.3
xdut.xpfd.xnand_rst.ni               0.0209843
xdut.xpfd.rst_raw                  1.08169e-08
xdut.xpfd.rd1                              3.3
xdut.xpfd.rd2                      1.08169e-08
xdut.xpfd.rd3                              3.3
xdut.xpfd.rd4                      1.08169e-08
xdut.xpfd.rd5                              3.3
xdut.xpfd.rd6                      1.08169e-08
xdut.xpfd.rd7                              3.3
xdut.xpfd.rd8                      1.08169e-08
xdut.xpfd.rd9                              3.3
xdut.xpfd.rd10                     1.08169e-08
xdut.xpfd.rd11                             3.3
xdut.xpfd.rd12                     1.08169e-08
xdut.xpfd.rd13                             3.3
xdut.xpfd.rd14                     1.08169e-08
xdut.xpfd.rd15                             3.3
xdut.xpfd.rd16                     1.08169e-08
xdut.xpfd.rd17                             3.3
xdut.xpfd.rd18                     1.08169e-08
xdut.xpfd.rd19                             3.3
xdut.xpfd.rd20                     1.08169e-08
xdut.xpfd.rd21                             3.3
xdut.xpfd.rd22                     1.08169e-08
xdut.xpfd.rd23                             3.3
xdut.xpfd.rst_dly                  1.08169e-08
xdut.xcp.b0b                               3.3
xdut.xcp.b1b                       1.08169e-08
xdut.xcp.upb                               3.3
xdut.xcp.dnb                               3.3
xdut.xcp.xn_base.bg                   0.718977
xdut.xcp.xn_base.mid                 0.0847169
xdut.xcp.dnt                           1.64656
xdut.xcp.xn_t0.bg                  7.20789e-11
xdut.xcp.xn_t0.mid                    0.468625
xdut.xcp.xn_t1a.bg                    0.718977
xdut.xcp.xn_t1a.mid                  0.0847169
xdut.xcp.xn_t1b.bg                    0.718977
xdut.xcp.xn_t1b.mid                  0.0847169
xdut.xcp.xp_base.bg                    2.44912
xdut.xcp.xp_base.mid                   3.21225
xdut.xcp.upt                           1.66481
xdut.xcp.xp_t0.bg                          3.3
xdut.xcp.xp_t0.mid                     1.32278
xdut.xcp.xp_t1a.bg                     2.44912
xdut.xcp.xp_t1a.mid                    3.21225
xdut.xcp.xp_t1b.bg                     2.44912
xdut.xcp.xp_t1b.mid                    3.21225
vout                                      1.65
xdut.xcp.vdump                         1.64968
xdut.xcp.xbuf.nsrc                    0.731938
xdut.xcp.xbuf.nda                      2.44764
xdut.xcp.xbuf.psrc                     2.45727
xdut.xcp.xbuf.pda                     0.680326
vctrl_src                                 1.65
vctrl#branch                      -1.31986e-11
vam#branch                        -1.15486e-11
vb1#branch                            -3.3e-12
vb0#branch                                   0
vfb#branch                                   0
vref#branch                                  0
vss#branch                         3.74889e-05
vdd#branch                        -5.34896e-05

 Reference value :  0.00000e+00
 Reference value :  1.06560e-09
 Reference value :  2.86560e-09
 Reference value :  3.32810e-09
 Reference value :  3.82310e-09
 Reference value :  4.36310e-09
 Reference value :  5.18310e-09
 Reference value :  6.56310e-09
 Reference value :  8.08310e-09
 Reference value :  9.88310e-09
 Reference value :  1.09631e-08
 Reference value :  1.19231e-08
 Reference value :  1.29831e-08
 Reference value :  1.40431e-08
 Reference value :  1.53231e-08
 Reference value :  1.67231e-08
 Reference value :  1.75431e-08
 Reference value :  1.84431e-08
 Reference value :  2.00300e-08
 Reference value :  2.12651e-08
 Reference value :  2.25095e-08
 Reference value :  2.39433e-08
 Reference value :  2.64233e-08
 Reference value :  2.89033e-08
 Reference value :  3.13833e-08
 Reference value :  3.38233e-08
 Reference value :  3.62433e-08
 Reference value :  3.87633e-08
 Reference value :  4.05166e-08
 Reference value :  4.27773e-08
 Reference value :  4.52573e-08
 Reference value :  4.77173e-08
 Reference value :  5.01773e-08
 Reference value :  5.25573e-08
 Reference value :  5.50173e-08
 Reference value :  5.75573e-08
 Reference value :  5.95703e-08
 Reference value :  6.10567e-08
 Reference value :  6.23045e-08
 Reference value :  6.35276e-08
 Reference value :  6.60676e-08
 Reference value :  6.85676e-08
 Reference value :  7.10076e-08
 Reference value :  7.34676e-08
 Reference value :  7.60076e-08
 Reference value :  7.85076e-08
 Reference value :  8.04000e-08
 Reference value :  8.25373e-08
 Reference value :  8.50573e-08
 Reference value :  8.75773e-08
 Reference value :  9.00573e-08
 Reference value :  9.25573e-08
 Reference value :  9.49773e-08
 Reference value :  9.74373e-08
 Reference value :  9.94819e-08
 Reference value :  1.00954e-07
 Reference value :  1.02201e-07
 Reference value :  1.03302e-07
 Reference value :  1.05868e-07
 Reference value :  1.08308e-07
 Reference value :  1.10868e-07
 Reference value :  1.13348e-07
 Reference value :  1.15908e-07
 Reference value :  1.18368e-07
 Reference value :  1.20330e-07
 Reference value :  1.22317e-07
 Reference value :  1.24757e-07
 Reference value :  1.27157e-07
 Reference value :  1.29577e-07
 Reference value :  1.31957e-07
 Reference value :  1.34477e-07
 Reference value :  1.36857e-07
 Reference value :  1.39214e-07
No. of Data Rows : 7285

  Measurements for Transient Analysis

qnet2               =   -1.47931e-14 from=  6.00000e-08 to=  1.40000e-07
qnet                =  -7.39654e-15
width_up            =  1.60802e-09 targ=  1.02028e-07 trig=  1.00420e-07
width_dn            =  2.63495e-09 targ=  1.02027e-07 trig=  9.93923e-08

ngspice-46 done

Warning: m=xx on .subckt line will override multiplier m hierarchy!

Note: Starting dynamic gmin stepping
Warning: Dynamic gmin stepping failed
Note: Starting true gmin stepping
Note: True gmin stepping completed
