
Note: No compatibility mode selected!


Circuit: * cp-compliance @ ff_27c_3.30v_code00 -- generated by sim/harness, do not edit

Doing analysis at TEMP = 27.000000 and TNOM = 27.000000

 Reference value :  0.00000e+00
 Reference value :  4.80000e-01
 Reference value :  1.12000e+00
 Reference value :  1.78000e+00
 Reference value :  2.20000e+00
 Reference value :  2.60000e+00
 Reference value :  2.84000e+00
 Reference value :  2.88000e+00
 Reference value :  3.06000e+00
 Reference value :  3.30000e+00
No. of Data Rows : 182
Doing analysis at TEMP = 27.000000 and TNOM = 27.000000

 Reference value :  0.00000e+00
No. of Data Rows : 1
Doing analysis at TEMP = 27.000000 and TNOM = 27.000000

 Reference value :  0.00000e+00
No. of Data Rows : 1
m_satchk_ncasc_hi_v = 2.2153415817e+00
m_satchk_pcasc_hi_v = 7.2132618594e-01
Note: Simulation executed from .control section 

Using SPARSE 1.3 as Direct Linear Solver
Note: Starting dynamic gmin stepping
Warning: Dynamic gmin stepping failed
Note: Starting true gmin stepping
Warning: True gmin stepping failed
Note: Starting source stepping
Warning: source stepping failed
Note: Transient op started
Note: Transient op finished successfully
Note: Starting dynamic gmin stepping
Note: Dynamic gmin stepping completed
Using SPARSE 1.3 as Direct Linear Solver
Using SPARSE 1.3 as Direct Linear Solver
