
Note: No compatibility mode selected!


Circuit: * cp-compliance @ fs_-40c_3.63v_code00 -- generated by sim/harness, do not edit

Doing analysis at TEMP = -40.000000 and TNOM = 27.000000

 Reference value :  8.00000e-02
 Reference value :  5.60000e-01
 Reference value :  8.60000e-01
 Reference value :  1.68000e+00
 Reference value :  2.08000e+00
 Reference value :  2.64000e+00
 Reference value :  3.28000e+00
No. of Data Rows : 182
Doing analysis at TEMP = -40.000000 and TNOM = 27.000000

 Reference value :  0.00000e+00
No. of Data Rows : 1
Doing analysis at TEMP = -40.000000 and TNOM = 27.000000

 Reference value :  0.00000e+00
No. of Data Rows : 1
m_satchk_ncasc_hi_v = 2.2545537022e+00
m_satchk_pcasc_hi_v = 1.0723892622e+00
Note: Simulation executed from .control section 

Using SPARSE 1.3 as Direct Linear Solver
Using SPARSE 1.3 as Direct Linear Solver
Using SPARSE 1.3 as Direct Linear Solver
Note: Starting dynamic gmin stepping
Note: Dynamic gmin stepping completed
