
Note: No compatibility mode selected!


Circuit: * cp-compliance @ fs_125c_3.63v_code10 -- generated by sim/harness, do not edit

Doing analysis at TEMP = 125.000000 and TNOM = 27.000000

 Reference value :  0.00000e+00
 Reference value :  3.80000e-01
 Reference value :  9.20000e-01
 Reference value :  1.36000e+00
 Reference value :  1.76000e+00
 Reference value :  2.14000e+00
 Reference value :  2.54000e+00
 Reference value :  3.04000e+00
 Reference value :  3.22000e+00
 Reference value :  3.50000e+00
No. of Data Rows : 182
Doing analysis at TEMP = 125.000000 and TNOM = 27.000000

 Reference value :  0.00000e+00
No. of Data Rows : 1
Doing analysis at TEMP = 125.000000 and TNOM = 27.000000

 Reference value :  0.00000e+00
No. of Data Rows : 1
m_satchk_ncasc_hi_v = 2.1748361696e+00
m_satchk_pcasc_hi_v = 9.9840606241e-01
Note: Simulation executed from .control section 

Using SPARSE 1.3 as Direct Linear Solver
Note: Starting dynamic gmin stepping
Note: Dynamic gmin stepping completed
Note: Starting dynamic gmin stepping
Warning: Dynamic gmin stepping failed
Note: Starting true gmin stepping
Warning: True gmin stepping failed
Note: Starting source stepping
Warning: source stepping failed
Note: Transient op started
Note: Transient op finished successfully
Using SPARSE 1.3 as Direct Linear Solver
Note: Starting dynamic gmin stepping
Note: Dynamic gmin stepping completed
Using SPARSE 1.3 as Direct Linear Solver
Note: Starting dynamic gmin stepping
Note: Dynamic gmin stepping completed
