
Note: No compatibility mode selected!


Circuit: * cp-compliance @ fs_27c_3.63v_code00 -- generated by sim/harness, do not edit

Doing analysis at TEMP = 27.000000 and TNOM = 27.000000

 Reference value :  0.00000e+00
 Reference value :  4.40000e-01
 Reference value :  7.20000e-01
 Reference value :  1.44000e+00
 Reference value :  1.84000e+00
 Reference value :  2.56000e+00
 Reference value :  2.96000e+00
 Reference value :  3.18000e+00
 Reference value :  3.28000e+00
 Reference value :  3.62000e+00
No. of Data Rows : 182
Doing analysis at TEMP = 27.000000 and TNOM = 27.000000


No. of Data Rows : 1
Doing analysis at TEMP = 27.000000 and TNOM = 27.000000

 Reference value :  0.00000e+00
No. of Data Rows : 1
m_satchk_ncasc_hi_v = 2.2237929829e+00
m_satchk_pcasc_hi_v = 1.0439227791e+00
Note: Simulation executed from .control section 

Using SPARSE 1.3 as Direct Linear Solver
Using SPARSE 1.3 as Direct Linear Solver
Using SPARSE 1.3 as Direct Linear Solver
