
Note: No compatibility mode selected!


Circuit: * cp-compliance @ sf_27c_2.97v_code00 -- generated by sim/harness, do not edit

Doing analysis at TEMP = 27.000000 and TNOM = 27.000000

 Reference value :  0.00000e+00
 Reference value :  3.20000e-01
 Reference value :  6.40000e-01
 Reference value :  9.40000e-01
 Reference value :  1.36000e+00
 Reference value :  1.76000e+00
 Reference value :  2.16000e+00
 Reference value :  2.52000e+00
 Reference value :  2.72000e+00
 Reference value :  3.06000e+00
 Reference value :  3.52000e+00
No. of Data Rows : 182
Doing analysis at TEMP = 27.000000 and TNOM = 27.000000


No. of Data Rows : 1
Doing analysis at TEMP = 27.000000 and TNOM = 27.000000

 Reference value :  0.00000e+00
No. of Data Rows : 1
m_satchk_ncasc_hi_v = 1.8155799212e+00
m_satchk_pcasc_hi_v = 3.9006379938e-01
Note: Simulation executed from .control section 

Using SPARSE 1.3 as Direct Linear Solver
Using SPARSE 1.3 as Direct Linear Solver
Using SPARSE 1.3 as Direct Linear Solver
Note: Starting dynamic gmin stepping
Note: Dynamic gmin stepping completed
