
Note: No compatibility mode selected!


Circuit: * cp-compliance @ ss_-40c_2.97v_code01 -- generated by sim/harness, do not edit

Doing analysis at TEMP = -40.000000 and TNOM = 27.000000

 Reference value :  0.00000e+00
 Reference value :  3.00000e-01
 Reference value :  8.00000e-01
 Reference value :  1.18000e+00
 Reference value :  1.82000e+00
 Reference value :  2.40000e+00
 Reference value :  2.62000e+00
 Reference value :  2.80000e+00
 Reference value :  3.00000e+00
No. of Data Rows : 182
Doing analysis at TEMP = -40.000000 and TNOM = 27.000000

 Reference value :  0.00000e+00
No. of Data Rows : 1
Doing analysis at TEMP = -40.000000 and TNOM = 27.000000

 Reference value :  0.00000e+00
No. of Data Rows : 1
m_satchk_ncasc_hi_v = 1.7297703776e+00
m_satchk_pcasc_hi_v = 4.0960756174e-01
Note: Simulation executed from .control section 

Using SPARSE 1.3 as Direct Linear Solver
Using SPARSE 1.3 as Direct Linear Solver
Using SPARSE 1.3 as Direct Linear Solver
Note: Starting dynamic gmin stepping
Note: Dynamic gmin stepping completed
