
Note: No compatibility mode selected!


Circuit: * vco-bias-current @ fs_27c_2.97v_band0 -- generated by sim/harness, do not edit

Doing analysis at TEMP = 27.000000 and TNOM = 27.000000

Using SPARSE 1.3 as Direct Linear Solver

No. of Data Rows : 1
m_r3k_cg = 1.8187950081e+04
m_r3k_off = 1.0398586383e+05
m_ru_cg = 2.1910287503e+03
m_ru_off = 1.2294612156e+04
m_rsh_ratio = 8.3011006033e+00
m_ibias_a_lo_ua = 3.2837119252e+01
m_ibias_a_mid_ua = 4.4949856340e+01
m_ibias_a_hi_ua = 5.8022786984e+01
m_ibias_b_lo_ua = 6.5330942723e+02
m_ibias_b_mid_ua = 7.4157759063e+02
m_ibias_b_hi_ua = 8.3794381539e+02
m_ibias_ratio_mid = 1.6497885667e+01
m_ibias_a_100m_ua = 1.0174921346e+02
m_ibias_b_100m_ua = 1.2882757626e+03
m_ibias_ratio_100m = 1.2661284729e+01
m_itail_a_lo_ua = 1.5038207337e+00
m_itail_a_mid_ua = 2.4620695065e+00
m_itail_a_hi_ua = 3.4760010523e+00
m_itail_b_lo_ua = 1.6483102331e+01
m_itail_b_mid_ua = 2.2866513181e+01
m_itail_b_hi_ua = 2.9775644674e+01
m_itail_ratio_mid = 9.2875173184e+00
m_ihead_a_mid_ua = 2.6972400313e+00
m_ihead_b_mid_ua = 2.3692727584e+01
m_vbn_a_mid = 6.1768219052e-01
m_vbn_b_mid = 7.8551780067e-01
m_vbp_a_mid = 2.0531167408e+00
m_vbp_b_mid = 1.8560463995e+00
m_iring_a_mid_ua = 1.2310347532e+01
m_iring_b_mid_ua = 1.1433256590e+02
m_itail_a_100m_ua = 2.7833474854e+01
m_itail_b_100m_ua = 2.6414289283e+02
m_iring_a_100m_ua = 1.3916737427e+02
m_iring_b_100m_ua = 1.3207144642e+03
m_ivco_a_100m_ua = 2.4091658773e+02
m_ivco_b_100m_ua = 2.6089902267e+03
Note: Simulation executed from .control section 

