
Note: No compatibility mode selected!


Circuit: * vco-bias-current @ res_ff_27c_2.97v_band7 -- generated by sim/harness, do not edit

Doing analysis at TEMP = 27.000000 and TNOM = 27.000000

Using SPARSE 1.3 as Direct Linear Solver

No. of Data Rows : 1
m_r3k_cg = 1.3658195993e+04
m_r3k_off = 7.8006631306e+04
m_ru_cg = 1.7780385100e+03
m_ru_off = 9.8609052345e+03
m_rsh_ratio = 7.6816086468e+00
m_ibias_a_lo_ua = 1.8657366799e+02
m_ibias_a_mid_ua = 2.8231150796e+02
m_ibias_a_hi_ua = 3.8624110128e+02
m_ibias_b_lo_ua = 1.9636671536e+03
m_ibias_b_mid_ua = 2.4095472586e+03
m_ibias_b_hi_ua = 2.7206279638e+03
m_ibias_ratio_mid = 8.5350656655e+00
m_ibias_a_100m_ua = 1.4363575758e+02
m_ibias_b_100m_ua = 1.4665273804e+03
m_ibias_ratio_100m = 1.0210043830e+01
m_itail_a_lo_ua = 6.3139718670e+01
m_itail_a_mid_ua = 1.0025670711e+02
m_itail_a_hi_ua = 1.4041931034e+02
m_itail_b_lo_ua = 5.8998821190e+02
m_itail_b_mid_ua = 7.9568474990e+02
m_itail_b_hi_ua = 9.0501517105e+02
m_itail_ratio_mid = 7.9364740056e+00
m_ihead_a_mid_ua = 1.0148584903e+02
m_ihead_b_mid_ua = 6.0938818710e+02
m_vbn_a_mid = 1.1213243922e+00
m_vbn_b_mid = 2.3338435447e+00
m_vbp_a_mid = 1.6581796021e+00
m_vbp_b_mid = 6.8404483789e-01
m_iring_a_mid_ua = 5.0128353557e+02
m_iring_b_mid_ua = 3.9784237495e+03
m_itail_a_100m_ua = 3.7485505743e+01
m_itail_b_100m_ua = 3.0933980333e+02
m_iring_a_100m_ua = 1.8742752872e+02
m_iring_b_100m_ua = 1.5466990167e+03
m_ivco_a_100m_ua = 3.3106328629e+02
m_ivco_b_100m_ua = 3.0132263970e+03
Note: Simulation executed from .control section 

