
Note: No compatibility mode selected!


Circuit: * vco-bias-current @ sf_125c_3.63v_band0 -- generated by sim/harness, do not edit

Doing analysis at TEMP = 125.000000 and TNOM = 27.000000

Using SPARSE 1.3 as Direct Linear Solver

No. of Data Rows : 1
m_r3k_cg = 1.5874444568e+04
m_r3k_off = 9.0806388540e+04
m_ru_cg = 2.1700843288e+03
m_ru_off = 1.2255247659e+04
m_rsh_ratio = 7.3151279687e+00
m_ibias_a_lo_ua = 5.1262364978e+01
m_ibias_a_mid_ua = 6.4591880572e+01
m_ibias_a_hi_ua = 7.9230555911e+01
m_ibias_b_lo_ua = 8.0855647500e+02
m_ibias_b_mid_ua = 8.8951170680e+02
m_ibias_b_hi_ua = 9.8288600445e+02
m_ibias_ratio_mid = 1.3771261944e+01
m_ibias_a_100m_ua = 1.3674360178e+02
m_ibias_b_100m_ua = 1.5161672606e+03
m_ibias_ratio_100m = 1.1087665097e+01
m_itail_a_lo_ua = 2.0480322158e+00
m_itail_a_mid_ua = 3.1313315283e+00
m_itail_a_hi_ua = 4.2963160665e+00
m_itail_b_lo_ua = 2.0274743949e+01
m_itail_b_mid_ua = 2.6227586310e+01
m_itail_b_hi_ua = 3.3039658124e+01
m_itail_ratio_mid = 8.3758573862e+00
m_ihead_a_mid_ua = 3.6499619593e+00
m_ihead_b_mid_ua = 2.8268621220e+01
m_vbn_a_mid = 6.9923764419e-01
m_vbn_b_mid = 9.1320600177e-01
m_vbp_a_mid = 2.9850439576e+00
m_vbp_b_mid = 2.7561167563e+00
m_iring_a_mid_ua = 1.5656657641e+01
m_iring_b_mid_ua = 1.3113793155e+02
m_itail_a_100m_ua = 3.5250428316e+01
m_itail_b_100m_ua = 3.0145507835e+02
m_iring_a_100m_ua = 1.7625214158e+02
m_iring_b_100m_ua = 1.5072753917e+03
m_ivco_a_100m_ua = 3.1299574336e+02
m_ivco_b_100m_ua = 3.0234426524e+03
Note: Simulation executed from .control section 

