
Note: No compatibility mode selected!


Circuit: * lock-window-trim @ ff_125c_3.63v_c6 -- generated by sim/harness, do not edit

Doing analysis at TEMP = 125.000000 and TNOM = 27.000000

Using SPARSE 1.3 as Direct Linear Solver

Initial Transient Solution
--------------------------

Node                                   Voltage
----                                   -------
vdd                                       3.63
t0                                           0
t1                                        3.63
t2                                        3.63
step                                         0
xdly.t0b                                  3.63
xdly.t1b                           5.56388e-07
xdly.t2b                           5.56388e-07
xdly.d1                                3.62999
xdly.s10                           1.65084e-05
xdly.s11                               3.62999
xdly.s12                               3.62999
xdly.d2                            5.88807e-07
xdly.s20                           3.47708e-08
xdly.s21                           6.02095e-07
xdly.s22                           5.96107e-07
xdly.d3                                3.62999
xdly.s30                           1.65084e-05
xdly.s31                               3.62999
xdly.s32                               3.62999
wout                               5.88807e-07
xdly.s40                           3.47708e-08
xdly.s41                           6.02095e-07
xdly.s42                           5.96107e-07
vstep#branch                                 0
vt2#branch                                   0
vt1#branch                                   0
vt0#branch                                   0
vdd#branch                        -1.24858e-08

 Reference value :  3.72750e-09
 Reference value :  9.59250e-09
 Reference value :  1.53075e-08
 Reference value :  2.10725e-08
 Reference value :  2.68925e-08
 Reference value :  3.29925e-08
 Reference value :  3.91325e-08
No. of Data Rows : 8020

  Measurements for Transient Analysis

twin_r              =  1.48945e-09 targ=  3.53945e-09 trig=  2.05000e-09
twin_f              =  1.46012e-09 targ=  2.36101e-08 trig=  2.21500e-08

ngspice-46 done

