
Note: No compatibility mode selected!


Circuit: * lock-window-trim @ fs_-40c_3.30v_c4 -- generated by sim/harness, do not edit

Doing analysis at TEMP = -40.000000 and TNOM = 27.000000

Using SPARSE 1.3 as Direct Linear Solver

Initial Transient Solution
--------------------------

Node                                   Voltage
----                                   -------
vdd                                        3.3
t0                                           0
t1                                           0
t2                                         3.3
step                                         0
xdly.t0b                                   3.3
xdly.t1b                                   3.3
xdly.t2b                           4.22634e-09
xdly.d1                                    3.3
xdly.s10                           2.15834e-08
xdly.s11                           1.31606e-08
xdly.s12                                   3.3
xdly.d2                            2.05949e-08
xdly.s20                           2.13825e-08
xdly.s21                           1.31056e-08
xdly.s22                           2.52136e-08
xdly.d3                                    3.3
xdly.s30                           2.15834e-08
xdly.s31                           1.31606e-08
xdly.s32                                   3.3
wout                               2.05949e-08
xdly.s40                           2.13825e-08
xdly.s41                           1.31056e-08
xdly.s42                           2.52136e-08
vstep#branch                                 0
vt2#branch                                   0
vt1#branch                                   0
vt0#branch                                   0
vdd#branch                        -1.09611e-10

 Reference value :  3.65750e-09
 Reference value :  9.68250e-09
 Reference value :  1.51025e-08
 Reference value :  2.05625e-08
 Reference value :  2.61925e-08
 Reference value :  3.12825e-08
 Reference value :  3.70925e-08
No. of Data Rows : 8020

  Measurements for Transient Analysis

twin_r              =  1.21654e-09 targ=  3.26654e-09 trig=  2.05000e-09
twin_f              =  1.19040e-09 targ=  2.33404e-08 trig=  2.21500e-08

ngspice-46 done

