
Note: No compatibility mode selected!


Circuit: * lock-window-trim @ fs_125c_3.30v_c2 -- generated by sim/harness, do not edit

Doing analysis at TEMP = 125.000000 and TNOM = 27.000000

Using SPARSE 1.3 as Direct Linear Solver

Initial Transient Solution
--------------------------

Node                                   Voltage
----                                   -------
vdd                                        3.3
t0                                           0
t1                                         3.3
t2                                           0
step                                         0
xdly.t0b                                   3.3
xdly.t1b                           1.37559e-08
xdly.t2b                                   3.3
xdly.d1                                3.29999
xdly.s10                           7.76444e-06
xdly.s11                               3.29999
xdly.s12                           3.07819e-06
xdly.d2                            3.93081e-08
xdly.s20                           3.51061e-08
xdly.s21                           5.26839e-08
xdly.s22                           1.15683e-08
xdly.d3                                3.29999
xdly.s30                           7.76444e-06
xdly.s31                               3.29999
xdly.s32                           3.07819e-06
wout                               3.93081e-08
xdly.s40                           3.51061e-08
xdly.s41                           5.26839e-08
xdly.s42                           1.15683e-08
vstep#branch                                 0
vt2#branch                                   0
vt1#branch                                   0
vt0#branch                                   0
vdd#branch                        -7.67758e-09

 Reference value :  2.75250e-09
 Reference value :  8.26250e-09
 Reference value :  1.35525e-08
 Reference value :  1.91175e-08
 Reference value :  2.44075e-08
 Reference value :  2.97375e-08
 Reference value :  3.52725e-08
No. of Data Rows : 8020

  Measurements for Transient Analysis

twin_r              =  1.45415e-09 targ=  3.50415e-09 trig=  2.05000e-09
twin_f              =  1.42048e-09 targ=  2.35705e-08 trig=  2.21500e-08

ngspice-46 done

