
Note: No compatibility mode selected!


Circuit: * lock-window-trim @ fs_125c_3.63v_c0 -- generated by sim/harness, do not edit

Doing analysis at TEMP = 125.000000 and TNOM = 27.000000

Using SPARSE 1.3 as Direct Linear Solver

Initial Transient Solution
--------------------------

Node                                   Voltage
----                                   -------
vdd                                       3.63
t0                                           0
t1                                           0
t2                                           0
step                                         0
xdly.t0b                                  3.63
xdly.t1b                                  3.63
xdly.t2b                                  3.63
xdly.d1                                3.62999
xdly.s10                           9.16031e-06
xdly.s11                           4.89004e-06
xdly.s12                           3.66232e-06
xdly.d2                            3.52033e-08
xdly.s20                           3.62456e-08
xdly.s21                           2.24388e-08
xdly.s22                           1.22151e-08
xdly.d3                                3.62999
xdly.s30                           9.16031e-06
xdly.s31                           4.89004e-06
xdly.s32                           3.66232e-06
wout                               3.52033e-08
xdly.s40                           3.62456e-08
xdly.s41                           2.24388e-08
xdly.s42                           1.22151e-08
vstep#branch                                 0
vt2#branch                                   0
vt1#branch                                   0
vt0#branch                                   0
vdd#branch                         -1.2917e-08

 Reference value :  3.37250e-09
 Reference value :  8.80250e-09
 Reference value :  1.42175e-08
 Reference value :  1.94875e-08
 Reference value :  2.47325e-08
 Reference value :  3.02925e-08
 Reference value :  3.56425e-08
No. of Data Rows : 8020

  Measurements for Transient Analysis

twin_r              =  1.21336e-09 targ=  3.26336e-09 trig=  2.05000e-09
twin_f              =  1.18953e-09 targ=  2.33395e-08 trig=  2.21500e-08

ngspice-46 done

