
Note: No compatibility mode selected!


Circuit: * lock-window-trim @ sf_125c_3.30v_c6 -- generated by sim/harness, do not edit

Doing analysis at TEMP = 125.000000 and TNOM = 27.000000

Using SPARSE 1.3 as Direct Linear Solver

Initial Transient Solution
--------------------------

Node                                   Voltage
----                                   -------
vdd                                        3.3
t0                                           0
t1                                         3.3
t2                                         3.3
step                                         0
xdly.t0b                                   3.3
xdly.t1b                           3.30931e-07
xdly.t2b                           3.30931e-07
xdly.d1                                    3.3
xdly.s10                           8.64996e-07
xdly.s11                                   3.3
xdly.s12                                   3.3
xdly.d2                            3.67264e-07
xdly.s20                           4.12027e-08
xdly.s21                           3.82658e-07
xdly.s22                           3.75521e-07
xdly.d3                                    3.3
xdly.s30                           8.64996e-07
xdly.s31                                   3.3
xdly.s32                                   3.3
wout                               3.67264e-07
xdly.s40                           4.12027e-08
xdly.s41                           3.82658e-07
xdly.s42                           3.75521e-07
vstep#branch                                 0
vt2#branch                                   0
vt1#branch                                   0
vt0#branch                                   0
vdd#branch                        -9.58404e-10

 Reference value :  3.24250e-09
 Reference value :  8.44250e-09
 Reference value :  1.37675e-08
 Reference value :  1.89575e-08
 Reference value :  2.43325e-08
 Reference value :  2.96075e-08
 Reference value :  3.49275e-08
No. of Data Rows : 8020

  Measurements for Transient Analysis

twin_r              =  1.75160e-09 targ=  3.80160e-09 trig=  2.05000e-09
twin_f              =  1.73485e-09 targ=  2.38848e-08 trig=  2.21500e-08

ngspice-46 done

