
Note: No compatibility mode selected!


Circuit: * lock-window-trim @ ss_125c_3.63v_c5 -- generated by sim/harness, do not edit

Doing analysis at TEMP = 125.000000 and TNOM = 27.000000

Using SPARSE 1.3 as Direct Linear Solver

Initial Transient Solution
--------------------------

Node                                   Voltage
----                                   -------
vdd                                       3.63
t0                                        3.63
t1                                           0
t2                                        3.63
step                                         0
xdly.t0b                           1.35003e-08
xdly.t1b                                  3.63
xdly.t2b                           1.35003e-08
xdly.d1                                   3.63
xdly.s10                                  3.63
xdly.s11                           1.36395e-07
xdly.s12                                  3.63
xdly.d2                            5.24992e-08
xdly.s20                           8.03867e-08
xdly.s21                           2.65716e-08
xdly.s22                           6.13526e-08
xdly.d3                                   3.63
xdly.s30                                  3.63
xdly.s31                           1.36395e-07
xdly.s32                                  3.63
wout                               5.24992e-08
xdly.s40                           8.03867e-08
xdly.s41                           2.65716e-08
xdly.s42                           6.13526e-08
vstep#branch                                 0
vt2#branch                                   0
vt1#branch                                   0
vt0#branch                                   0
vdd#branch                        -2.49298e-10

 Reference value :  3.62250e-09
 Reference value :  8.98750e-09
 Reference value :  1.45875e-08
 Reference value :  1.98725e-08
 Reference value :  2.51275e-08
 Reference value :  3.07675e-08
 Reference value :  3.63025e-08
No. of Data Rows : 8020

  Measurements for Transient Analysis

twin_r              =  1.82269e-09 targ=  3.87269e-09 trig=  2.05000e-09
twin_f              =  1.78321e-09 targ=  2.39332e-08 trig=  2.21500e-08

ngspice-46 done

