
Note: No compatibility mode selected!


Circuit: * lock-window-trim @ ss_27c_2.97v_c7 -- generated by sim/harness, do not edit

Doing analysis at TEMP = 27.000000 and TNOM = 27.000000

Using SPARSE 1.3 as Direct Linear Solver

Initial Transient Solution
--------------------------

Node                                   Voltage
----                                   -------
vdd                                       2.97
t0                                        2.97
t1                                        2.97
t2                                        2.97
step                                         0
xdly.t0b                           5.51741e-09
xdly.t1b                           5.51741e-09
xdly.t2b                           5.51741e-09
xdly.d1                                   2.97
xdly.s10                                  2.97
xdly.s11                                  2.97
xdly.s12                                  2.97
xdly.d2                            3.83498e-08
xdly.s20                            5.8243e-08
xdly.s21                           5.02491e-08
xdly.s22                           4.45507e-08
xdly.d3                                   2.97
xdly.s30                                  2.97
xdly.s31                                  2.97
xdly.s32                                  2.97
wout                               3.83498e-08
xdly.s40                            5.8243e-08
xdly.s41                           5.02491e-08
xdly.s42                           4.45507e-08
vstep#branch                                 0
vt2#branch                                   0
vt1#branch                                   0
vt0#branch                                   0
vdd#branch                        -1.10103e-10

 Reference value :  3.45750e-09
 Reference value :  9.37750e-09
 Reference value :  1.52575e-08
 Reference value :  2.10625e-08
 Reference value :  2.68025e-08
 Reference value :  3.26425e-08
 Reference value :  3.82975e-08
No. of Data Rows : 8020

  Measurements for Transient Analysis

twin_r              =  1.95255e-09 targ=  4.00255e-09 trig=  2.05000e-09
twin_f              =  1.92290e-09 targ=  2.40729e-08 trig=  2.21500e-08

ngspice-46 done

