
Note: No compatibility mode selected!


Circuit: * generated by simenv.sh -- do not edit; edit /home/ubuntu/github/gf180-pll/.loom/worktrees/issue-146/sim/vco-tuning-range/testbench/tb_vco_mismatch.sp instead

Doing analysis at TEMP = 27.000000 and TNOM = 27.000000

Using SPARSE 1.3 as Direct Linear Solver

Initial Transient Solution
--------------------------

Node                                   Voltage
----                                   -------
vdd                                        3.3
vc                                         1.8
nb0                                          0
nb1                                          0
nb2                                          0
nvs                                        3.3
x1.xbias.na                           0.947834
x1.xbias.vbpc                          2.32739
x1.xbias.nc                           0.124989
x1.xbias.xrcg.11                      0.124752
x1.xbias.xrcg.21                   0.000236859
x1.xbias.nsu                         0.0128465
x1.xbias.vfix                          1.77463
x1.xbias.nmd                          0.768511
x1.xbias.vbp0                          2.41949
x1.xbias.noff                          0.77865
x1.xbias.xroff.11                     0.778392
x1.xbias.xroff.21                  0.000258089
x1.xbias.nvi                           0.79582
x1.xbias.xrdeg.11                     0.795556
x1.xbias.xrdeg.21                   0.00026378
x1.xbias.b0b                               3.3
x1.xbias.b1b                               3.3
x1.xbias.b2b                               3.3
x1.xbias.vbn1                         0.738483
x1.xbias.ga                                3.3
x1.xbias.vbp2                          2.44223
x1.xbias.gb                        1.48408e-11
x1.vbn                                0.709502
x1.xbias.gc                                3.3
x1.vbp                                 2.45552
x1.xs1.nh                              1.20771
x1.y1                                        0
x1.y5                                        0
x1.xs1.nt                          5.29487e-18
x1.xs2.nh                                  3.3
x1.y2                                      3.3
x1.xs2.nt                          3.32398e-08
x1.xs3.nh                                  3.3
x1.y3                                        0
x1.xs3.nt                          4.26905e-46
x1.xs4.nh                                  3.3
x1.y4                                      3.3
x1.xs4.nt                          2.16921e-08
x1.xs5.nh                                  3.3
x1.xs5.nt                          5.77089e-46
x1.nb1                                     3.3
x1.nb2                             3.76872e-09
clk1                                       3.3
x1.xcdec1.c_moscap_int1                   -3.3
x1.xcdec2.c_moscap_int1                   -3.3
e.x1.xcdec2.ec_moscap#branch                 0
e.x1.xcdec1.ec_moscap#branch                 0
vs#branch                          5.20683e-05
vb2#branch                                   0
vb1#branch                                   0
vb0#branch                                   0
vc#branch                                    0
vdd#branch                        -5.20683e-05


No. of Data Rows : 2099

  Measurements for Transient Analysis

tp1                 =  4.84566e-07 targ=  1.57331e-06 trig=  1.08875e-06
f1                  =  8.25481e+06
i1                  =  6.72175e-05 from=  1.05070e-06 to=  2.88942e-06


Total analysis time (seconds) = 54.0321

Total elapsed time (seconds) = 54.085 

Total DRAM available = 15700.234 MB.
DRAM currently available = 5461.504 MB.
Maximum ngspice program size =   78.285 MB.
Current ngspice program size =   16.516 MB.

Shared ngspice pages =    9.062 MB.
Text (code) pages =    6.355 MB.
Stack = 0 bytes.
Library pages =   63.602 MB.

