
Note: No compatibility mode selected!


Circuit: * generated by simenv.sh -- do not edit; edit /home/ubuntu/github/gf180-pll/.loom/worktrees/issue-146/sim/vco-tuning-range/testbench/tb_vco_mismatch.sp instead

Doing analysis at TEMP = 27.000000 and TNOM = 27.000000

Using SPARSE 1.3 as Direct Linear Solver

Initial Transient Solution
--------------------------

Node                                   Voltage
----                                   -------
vdd                                        3.3
vc                                         1.8
nb0                                        3.3
nb1                                        3.3
nb2                                        3.3
nvs                                        3.3
x1.xbias.na                           0.943538
x1.xbias.vbpc                          2.32719
x1.xbias.nc                           0.123728
x1.xbias.xrcg.11                      0.123493
x1.xbias.xrcg.21                   0.000234469
x1.xbias.nsu                         0.0131122
x1.xbias.vfix                          1.75681
x1.xbias.nmd                          0.759499
x1.xbias.vbp0                          2.42025
x1.xbias.noff                         0.767579
x1.xbias.xroff.11                     0.767324
x1.xbias.xroff.21                  0.000254419
x1.xbias.nvi                          0.798053
x1.xbias.xrdeg.11                     0.797788
x1.xbias.xrdeg.21                   0.00026452
x1.xbias.b0b                       5.39421e-09
x1.xbias.b1b                       5.42414e-09
x1.xbias.b2b                         5.477e-09
x1.xbias.vbn1                         0.774423
x1.xbias.ga                            2.42025
x1.xbias.vbp2                          2.31311
x1.xbias.gb                           0.774423
x1.vbn                                 1.04613
x1.xbias.gc                            2.31311
x1.vbp                                 2.07743
x1.xs1.nh                              1.53103
x1.y1                                        0
x1.y5                                        0
x1.xs1.nt                          1.02265e-26
x1.xs2.nh                                  3.3
x1.y2                                      3.3
x1.xs2.nt                          3.24675e-09
x1.xs3.nh                                  3.3
x1.y3                                        0
x1.xs3.nt                         -4.17765e-32
x1.xs4.nh                                  3.3
x1.y4                                      3.3
x1.xs4.nt                          3.72043e-09
x1.xs5.nh                                  3.3
x1.xs5.nt                         -2.05547e-32
x1.nb1                                     3.3
x1.nb2                             3.78263e-09
clk1                                       3.3
x1.xcdec1.c_moscap_int1                   -3.3
x1.xcdec2.c_moscap_int1                   -3.3
e.x1.xcdec2.ec_moscap#branch                 0
e.x1.xcdec1.ec_moscap#branch                 0
vs#branch                          0.000277133
vb2#branch                                   0
vb1#branch                                   0
vb0#branch                                   0
vc#branch                                    0
vdd#branch                        -0.000277133


No. of Data Rows : 2009

  Measurements for Transient Analysis

tp1                 =  1.65415e-08 targ=  4.58267e-08 trig=  2.92852e-08
f1                  =  2.41817e+08
i1                  =  3.89417e-04 from=  2.61776e-08 to=  7.19884e-08


Total analysis time (seconds) = 0.48492

Total elapsed time (seconds) = 0.531 

Total DRAM available = 15700.234 MB.
DRAM currently available = 5478.566 MB.
Maximum ngspice program size =   78.281 MB.
Current ngspice program size =   16.555 MB.

Shared ngspice pages =    9.102 MB.
Text (code) pages =    6.355 MB.
Stack = 0 bytes.
Library pages =   63.598 MB.

