
Note: No compatibility mode selected!


Circuit: * generated by simenv.sh -- do not edit; edit /home/ubuntu/github/gf180-pll/.loom/worktrees/issue-146/sim/vco-tuning-range/testbench/tb_vco_mismatch.sp instead

Doing analysis at TEMP = 27.000000 and TNOM = 27.000000

Using SPARSE 1.3 as Direct Linear Solver

Initial Transient Solution
--------------------------

Node                                   Voltage
----                                   -------
vdd                                        3.3
vc                                         1.8
nb0                                          0
nb1                                          0
nb2                                          0
nvs                                        3.3
x1.xbias.na                           0.947141
x1.xbias.vbpc                          2.32618
x1.xbias.nc                           0.122978
x1.xbias.xrcg.11                      0.122745
x1.xbias.xrcg.21                   0.000233049
x1.xbias.nsu                         0.0125212
x1.xbias.vfix                          1.76308
x1.xbias.nmd                          0.761344
x1.xbias.vbp0                          2.42103
x1.xbias.noff                         0.771683
x1.xbias.xroff.11                     0.771427
x1.xbias.xroff.21                   0.00025578
x1.xbias.nvi                          0.797431
x1.xbias.xrdeg.11                     0.797167
x1.xbias.xrdeg.21                  0.000264314
x1.xbias.b0b                               3.3
x1.xbias.b1b                               3.3
x1.xbias.b2b                               3.3
x1.xbias.vbn1                         0.740067
x1.xbias.ga                                3.3
x1.xbias.vbp2                          2.44321
x1.xbias.gb                        1.24968e-11
x1.vbn                                0.699447
x1.xbias.gc                                3.3
x1.vbp                                 2.47325
x1.xs1.nh                              1.19166
x1.y1                                        0
x1.y5                                        0
x1.xs1.nt                         -2.57561e-18
x1.xs2.nh                                  3.3
x1.y2                                      3.3
x1.xs2.nt                          2.89689e-08
x1.xs3.nh                                  3.3
x1.y3                                        0
x1.xs3.nt                         -1.44577e-59
x1.xs4.nh                                  3.3
x1.y4                                      3.3
x1.xs4.nt                          5.57108e-08
x1.xs5.nh                                  3.3
x1.xs5.nt                          4.46384e-47
x1.nb1                                     3.3
x1.nb2                             3.74798e-09
clk1                                       3.3
x1.xcdec1.c_moscap_int1                   -3.3
x1.xcdec2.c_moscap_int1                   -3.3
e.x1.xcdec2.ec_moscap#branch                 0
e.x1.xcdec1.ec_moscap#branch                 0
vs#branch                          4.99145e-05
vb2#branch                                   0
vb1#branch                                   0
vb0#branch                                   0
vc#branch                                    0
vdd#branch                        -4.99145e-05


No. of Data Rows : 2078

  Measurements for Transient Analysis

tp1                 =  6.47907e-07 targ=  1.77815e-06 trig=  1.13025e-06
f1                  =  6.17372e+06
i1                  =  6.52733e-05 from=  1.05070e-06 to=  2.88942e-06


Total analysis time (seconds) = 39.6482

Total elapsed time (seconds) = 39.706 

Total DRAM available = 15700.234 MB.
DRAM currently available = 5484.754 MB.
Maximum ngspice program size =   78.285 MB.
Current ngspice program size =   16.355 MB.

Shared ngspice pages =    8.898 MB.
Text (code) pages =    6.355 MB.
Stack = 0 bytes.
Library pages =   63.602 MB.

