==== generated deck (e0400-fs_125c_3.63v) ====
* GENERATED by simenv.sh -- do not edit; edit /Users/rwalters/GitHub/gf180-pll/.loom/worktrees/issue-32/sim/lock-detector/work/dut_lock.sp instead
* tag=lk_fs_125_3p63_4n libs=fs temp=125C
.include "/Users/rwalters/.volare/gf180mcuD/libs.tech/ngspice/design.ngspice"
.lib "/Users/rwalters/.volare/gf180mcuD/libs.tech/ngspice/sm141064.ngspice" fs
.temp 125
.param sim_temp=125
.param vsup=3.63
.param kfref=25e6
.param ktrst=1n
.param kterr=4n
.param kterrbig=8n
.param ktpert=2.40u
.param ktstep=200p
.param ktstop=3.40u
.include "/Users/rwalters/GitHub/gf180-pll/.loom/worktrees/issue-32/sim/lock-detector/work/dut_lock.sp"
.end

==== ngspice output ====

Note: Compatibility modes selected: hs a

Warning: m=xx on .subckt line will override multiplier m hierarchy!


Circuit: * generated by simenv.sh -- do not edit; edit /users/rwalters/github/gf180-pll/.loom/worktrees/issue-32/sim/lock-detector/work/dut_lock.sp instead

Doing analysis at TEMP = 125.000000 and TNOM = 27.000000

Using SPARSE 1.3 as Direct Linear Solver

Initial Transient Solution
--------------------------

Node                                   Voltage
----                                   -------
vdd                                       3.63
upa                                          0
dna                                          0
xa.xerr.n1                                3.63
xa.xerr.xg1.nmid                      0.100041
xa.xerr.n2                             3.62999
xa.xerr.xg2.nmid                   2.50868e-06
xa.xerr.n3                             3.62999
xa.xerr.xg3.nmid                   2.50868e-06
xa.err                             2.99763e-08
xa.xerr.xg4.nmid                   1.49882e-08
xa.xdly.d1                                3.63
xa.xdly.d2                          1.4857e-08
xa.xdly.d3                                3.63
xa.errd                             1.4857e-08
xa.wideb                                  3.63
xa.xnw.nmid                           0.100041
xa.wide                            1.48566e-08
vwina                                        0
xa.xsch.p1                                3.63
xa.lockb                                  3.63
xa.xsch.n1                             3.13517
locka                              1.48566e-08
upb                                          0
dnb                                          0
xb.xerr.n1                                3.63
xb.xerr.xg1.nmid                      0.100041
xb.xerr.n2                             3.62999
xb.xerr.xg2.nmid                   2.50868e-06
xb.xerr.n3                             3.62999
xb.xerr.xg3.nmid                   2.50868e-06
xb.err                             2.99763e-08
xb.xerr.xg4.nmid                   1.49882e-08
xb.xdly.d1                                3.63
xb.xdly.d2                          1.4857e-08
xb.xdly.d3                                3.63
xb.errd                             1.4857e-08
xb.wideb                                  3.63
xb.xnw.nmid                           0.100041
xb.wide                            1.48566e-08
vwinb                                        0
xb.xsch.p1                                3.63
xb.lockb                                  3.63
xb.xsch.n1                             3.13517
lockb                              1.48566e-08
upc                                          0
dnc                                          0
xc.xerr.n1                                3.63
xc.xerr.xg1.nmid                      0.100041
xc.xerr.n2                             3.62999
xc.xerr.xg2.nmid                   2.50868e-06
xc.xerr.n3                             3.62999
xc.xerr.xg3.nmid                   2.50868e-06
xc.err                             2.99763e-08
xc.xerr.xg4.nmid                   1.49882e-08
xc.xdly.d1                                3.63
xc.xdly.d2                          1.4857e-08
xc.xdly.d3                                3.63
xc.errd                             1.4857e-08
xc.wideb                                  3.63
xc.xnw.nmid                           0.100041
xc.wide                            1.48566e-08
vwinc                                        0
xc.xsch.p1                                3.63
xc.lockb                                  3.63
xc.xsch.n1                             3.13517
lockc                              1.48566e-08
upd                                          0
dnd                                          0
xd.xerr.n1                                3.63
xd.xerr.xg1.nmid                      0.100041
xd.xerr.n2                             3.62999
xd.xerr.xg2.nmid                   2.50868e-06
xd.xerr.n3                             3.62999
xd.xerr.xg3.nmid                   2.50868e-06
xd.err                             2.99763e-08
xd.xerr.xg4.nmid                   1.49882e-08
xd.xdly.d1                                3.63
xd.xdly.d2                          1.4857e-08
xd.xdly.d3                                3.63
xd.errd                             1.4857e-08
xd.wideb                                  3.63
xd.xnw.nmid                           0.100041
xd.wide                            1.48566e-08
vwind                                        0
xd.xsch.p1                                3.63
xd.lockb                                  3.63
xd.xsch.n1                             3.13517
lockd                              1.48566e-08
upe1                                         0
upe2                                         0
upe1n                                     3.63
upe2n                                     3.63
upe                                2.99753e-08
xoe3.nmid                          1.49876e-08
dne                                          0
xe.xerr.n1                                3.63
xe.xerr.xg1.nmid                      0.100041
xe.xerr.n2                             3.62999
xe.xerr.xg2.nmid                   2.50868e-06
xe.xerr.n3                             3.62999
xe.xerr.xg3.nmid                   2.50868e-06
xe.err                             2.99763e-08
xe.xerr.xg4.nmid                   1.49882e-08
xe.xdly.d1                                3.63
xe.xdly.d2                          1.4857e-08
xe.xdly.d3                                3.63
xe.errd                             1.4857e-08
xe.wideb                                  3.63
xe.xnw.nmid                           0.100041
xe.wide                            1.48566e-08
vwine                                        0
xe.xsch.p1                                3.63
xe.lockb                                  3.63
xe.xsch.n1                             3.13517
locke                              1.48566e-08
wstep                                        0
xw.d1                                     3.63
xw.d2                               1.4857e-08
xw.d3                                     3.63
wout                                1.4857e-08
vwstep#branch                                0
vdne#branch                                  0
vupe2#branch                                 0
vupe1#branch                                 0
vdnd#branch                                  0
vupd#branch                                  0
vdnc#branch                                  0
vupc#branch                                  0
vdnb#branch                                  0
vupb#branch                                  0
vdna#branch                                  0
vupa#branch                                  0
vdd#branch                        -4.30688e-06


No. of Data Rows : 22555

  Measurements for Transient Analysis


Error: measure  ta_asrt  when(WHEN) : out of interval
 .meas tran ta_asrt when v(locka)=    1.815000000000000e+00     rise=1 failed!


Error: measure  tc_asrt  when(WHEN) : out of interval
 .meas tran tc_asrt when v(lockc)=    1.815000000000000e+00     rise=1 failed!


Error: measure  td_asrt  when(WHEN) : out of interval
 .meas tran td_asrt when v(lockd)=    1.815000000000000e+00     rise=1 failed!

twin_r              =  1.31333e-09 targ=  4.13633e-08 trig=  4.00500e-08
twin_f              =  1.28573e-09 targ=  2.41436e-07 trig=  2.40150e-07
tb_asrt             =   1.40381e-06
te_asrt             =   1.40381e-06
la_lvl              =  1.53416e-08 from=  3.06000e-06 to=  3.40000e-06
lb_lvl              =  3.63000e+00 from=  3.06000e-06 to=  3.40000e-06
lc_lvl              =  1.54952e-08 from=  3.06000e-06 to=  3.40000e-06
ld_lvl              =  1.41898e-08 from=  3.06000e-06 to=  3.40000e-06
le_lvl              =  1.13882e-08 from=  3.06000e-06 to=  3.40000e-06
va_lvl              =  3.49112e-02 from=  3.06000e-06 to=  3.40000e-06
te_deas             =   2.40468e-06
le_pre              =  3.63000e+00 from=  2.16000e-06 to=  2.40001e-06
iavg                =  -1.86932e-04 from=  1.70000e-06 to=  3.40000e-06


Total analysis time (seconds) = 993.129

Total elapsed time (seconds) = 1002.408 

Total DRAM available = 98304.000 MB.
DRAM currently available = 6858.734 MB.
Maximum ngspice program size =   24.078 MB.
Current ngspice program size =   24.078 MB.

