
Note: Compatibility modes selected: hs a


Circuit: * vco-tuning-range @ all-slow_125c_3.30v_band4 -- generated by sim/harness, do not edit

Doing analysis at TEMP = 125.000000 and TNOM = 27.000000

Using SPARSE 1.3 as Direct Linear Solver

Initial Transient Solution
--------------------------

Node                                   Voltage
----                                   -------
vdd                                        3.3
nb0                                          0
nb1                                          0
nb2                                        3.3
vc1                                        0.9
vc2                                        1.2
vc3                                        1.5
vc4                                        1.8
vc5                                        2.1
vc6                                        2.4
vc7                                        2.7
nv1                                        3.3
nv2                                        3.3
nv3                                        3.3
nv4                                        3.3
nv5                                        3.3
nv6                                        3.3
nv7                                        3.3
x1.xbias.na                            1.03305
x1.xbias.vbpc                          2.25744
x1.xbias.nc                           0.148294
x1.xbias.xrcg.11                      0.148107
x1.xbias.xrcg.21                    0.00018744
x1.xbias.nsu                         0.0102442
x1.xbias.vfix                          1.85205
x1.xbias.nmd                          0.790746
x1.xbias.vbp0                          2.43499
x1.xbias.noff                         0.804898
x1.xbias.xroff.11                     0.804721
x1.xbias.xroff.21                  0.000177761
x1.xbias.nvi                          0.172208
x1.xbias.xrdeg.11                      0.17217
x1.xbias.xrdeg.21                  3.80319e-05
x1.xbias.b0b                               3.3
x1.xbias.b1b                               3.3
x1.xbias.b2b                       1.18311e-08
x1.xbias.vbn1                         0.727638
x1.xbias.ga                                3.3
x1.xbias.vbp2                          2.45852
x1.xbias.gb                        1.84986e-09
x1.vbn                                0.835295
x1.xbias.gc                            2.45852
x1.vbp                                 2.32293
x1.xs1.nh                              1.35182
x1.y1                                        0
x1.y5                                        0
x1.xs1.nt                          5.06677e-18
x1.xs2.nh                                  3.3
x1.y2                                      3.3
x1.xs2.nt                          4.40533e-07
x1.xs3.nh                                  3.3
x1.y3                                        0
x1.xs3.nt                           -7.447e-17
x1.xs4.nh                                  3.3
x1.y4                                      3.3
x1.xs4.nt                          4.40533e-07
x1.xs5.nh                                  3.3
x1.xs5.nt                           -7.447e-17
x1.nb1                                     3.3
x1.nb2                             9.84683e-09
clk1                                       3.3
x1.xcdec1.c_moscap_int1                   -3.3
x1.xcdec2.c_moscap_int1                   -3.3
x2.xbias.na                            1.03305
x2.xbias.vbpc                          2.25744
x2.xbias.nc                           0.148294
x2.xbias.xrcg.11                      0.148107
x2.xbias.xrcg.21                    0.00018744
x2.xbias.nsu                         0.0102442
x2.xbias.vfix                          1.85205
x2.xbias.nmd                          0.790746
x2.xbias.vbp0                          2.42032
x2.xbias.noff                         0.804875
x2.xbias.xroff.11                     0.804698
x2.xbias.xroff.21                  0.000177756
x2.xbias.nvi                          0.357712
x2.xbias.xrdeg.11                     0.357633
x2.xbias.xrdeg.21                  7.90002e-05
x2.xbias.b0b                               3.3
x2.xbias.b1b                               3.3
x2.xbias.b2b                       1.18311e-08
x2.xbias.vbn1                         0.740213
x2.xbias.ga                                3.3
x2.xbias.vbp2                          2.44534
x2.xbias.gb                        1.85337e-09
x2.vbn                                0.852575
x2.xbias.gc                            2.44534
x2.vbp                                 2.30337
x2.xs1.nh                               1.3687
x2.y1                                        0
x2.y5                                        0
x2.xs1.nt                          1.15086e-15
x2.xs2.nh                                  3.3
x2.y2                                      3.3
x2.xs2.nt                          3.96566e-07
x2.xs3.nh                                  3.3
x2.y3                                        0
x2.xs3.nt                         -1.60295e-16
x2.xs4.nh                                  3.3
x2.y4                                      3.3
x2.xs4.nt                          3.96566e-07
x2.xs5.nh                                  3.3
x2.xs5.nt                         -1.60295e-16
x2.nb1                                     3.3
x2.nb2                             9.84683e-09
clk2                                       3.3
x2.xcdec1.c_moscap_int1                   -3.3
x2.xcdec2.c_moscap_int1                   -3.3
x3.xbias.na                            1.03305
x3.xbias.vbpc                          2.25744
x3.xbias.nc                           0.148294
x3.xbias.xrcg.11                      0.148107
x3.xbias.xrcg.21                    0.00018744
x3.xbias.nsu                         0.0102442
x3.xbias.vfix                          1.85205
x3.xbias.nmd                          0.790746
x3.xbias.vbp0                           2.4063
x3.xbias.noff                         0.804853
x3.xbias.xroff.11                     0.804675
x3.xbias.xroff.21                  0.000177751
x3.xbias.nvi                          0.558424
x3.xbias.xrdeg.11                     0.558301
x3.xbias.xrdeg.21                  0.000123327
x3.xbias.b0b                               3.3
x3.xbias.b1b                               3.3
x3.xbias.b2b                       1.18311e-08
x3.xbias.vbn1                         0.752188
x3.xbias.ga                                3.3
x3.xbias.vbp2                          2.43282
x3.xbias.gb                        1.85671e-09
x3.vbn                                0.869445
x3.xbias.gc                            2.43282
x3.vbp                                 2.28426
x3.xs1.nh                              1.38522
x3.y1                                        0
x3.y5                                        0
x3.xs1.nt                         -1.52304e-17
x3.xs2.nh                                  3.3
x3.y2                                      3.3
x3.xs2.nt                          3.60602e-07
x3.xs3.nh                                  3.3
x3.y3                                        0
x3.xs3.nt                          9.57342e-18
x3.xs4.nh                                  3.3
x3.y4                                      3.3
x3.xs4.nt                          3.60602e-07
x3.xs5.nh                                  3.3
x3.xs5.nt                          9.57342e-18
x3.nb1                                     3.3
x3.nb2                             9.84683e-09
clk3                                       3.3
x3.xcdec1.c_moscap_int1                   -3.3
x3.xcdec2.c_moscap_int1                   -3.3
x4.xbias.na                            1.03305
x4.xbias.vbpc                          2.25744
x4.xbias.nc                           0.148294
x4.xbias.xrcg.11                      0.148107
x4.xbias.xrcg.21                    0.00018744
x4.xbias.nsu                         0.0102442
x4.xbias.vfix                          1.85205
x4.xbias.nmd                          0.790746
x4.xbias.vbp0                          2.39318
x4.xbias.noff                         0.804832
x4.xbias.xroff.11                     0.804654
x4.xbias.xroff.21                  0.000177746
x4.xbias.nvi                          0.767826
x4.xbias.xrdeg.11                     0.767656
x4.xbias.xrdeg.21                  0.000169573
x4.xbias.b0b                               3.3
x4.xbias.b1b                               3.3
x4.xbias.b2b                       1.18311e-08
x4.xbias.vbn1                          0.76335
x4.xbias.ga                                3.3
x4.xbias.vbp2                          2.42118
x4.xbias.gb                         1.8598e-09
x4.vbn                                0.885535
x4.xbias.gc                            2.42118
x4.vbp                                 2.26603
x4.xs1.nh                                1.401
x4.y1                                        0
x4.y5                                        0
x4.xs1.nt                          4.54816e-19
x4.xs2.nh                                  3.3
x4.y2                                      3.3
x4.xs2.nt                          3.31435e-07
x4.xs3.nh                                  3.3
x4.y3                                        0
x4.xs3.nt                          6.33593e-19
x4.xs4.nh                                  3.3
x4.y4                                      3.3
x4.xs4.nt                          3.31435e-07
x4.xs5.nh                                  3.3
x4.xs5.nt                          6.33593e-19
x4.nb1                                     3.3
x4.nb2                             9.84683e-09
clk4                                       3.3
x4.xcdec1.c_moscap_int1                   -3.3
x4.xcdec2.c_moscap_int1                   -3.3
x5.xbias.na                            1.03305
x5.xbias.vbpc                          2.25744
x5.xbias.nc                           0.148294
x5.xbias.xrcg.11                      0.148107
x5.xbias.xrcg.21                    0.00018744
x5.xbias.nsu                         0.0102442
x5.xbias.vfix                          1.85205
x5.xbias.nmd                          0.790746
x5.xbias.vbp0                          2.38091
x5.xbias.noff                         0.804813
x5.xbias.xroff.11                     0.804635
x5.xbias.xroff.21                  0.000177742
x5.xbias.nvi                          0.983355
x5.xbias.xrdeg.11                     0.983138
x5.xbias.xrdeg.21                  0.000217173
x5.xbias.b0b                               3.3
x5.xbias.b1b                               3.3
x5.xbias.b2b                       1.18311e-08
x5.xbias.vbn1                          0.77376
x5.xbias.ga                                3.3
x5.xbias.vbp2                          2.41036
x5.xbias.gb                        1.86269e-09
x5.vbn                                 0.90085
x5.xbias.gc                            2.41036
x5.vbp                                 2.24868
x5.xs1.nh                              1.41605
x5.y1                                        0
x5.y5                                        0
x5.xs1.nt                         -8.47668e-18
x5.xs2.nh                                  3.3
x5.y2                                      3.3
x5.xs2.nt                          3.07462e-07
x5.xs3.nh                                  3.3
x5.y3                                        0
x5.xs3.nt                          1.51997e-26
x5.xs4.nh                                  3.3
x5.y4                                      3.3
x5.xs4.nt                          3.07462e-07
x5.xs5.nh                                  3.3
x5.xs5.nt                          1.51997e-26
x5.nb1                                     3.3
x5.nb2                             9.84683e-09
clk5                                       3.3
x5.xcdec1.c_moscap_int1                   -3.3
x5.xcdec2.c_moscap_int1                   -3.3
x6.xbias.na                            1.03305
x6.xbias.vbpc                          2.25744
x6.xbias.nc                           0.148294
x6.xbias.xrcg.11                      0.148107
x6.xbias.xrcg.21                    0.00018744
x6.xbias.nsu                         0.0102442
x6.xbias.vfix                          1.85205
x6.xbias.nmd                          0.790746
x6.xbias.vbp0                          2.36938
x6.xbias.noff                         0.804794
x6.xbias.xroff.11                     0.804617
x6.xbias.xroff.21                  0.000177738
x6.xbias.nvi                           1.20366
x6.xbias.xrdeg.11                       1.2034
x6.xbias.xrdeg.21                  0.000265827
x6.xbias.b0b                               3.3
x6.xbias.b1b                               3.3
x6.xbias.b2b                       1.18311e-08
x6.xbias.vbn1                         0.783515
x6.xbias.ga                                3.3
x6.xbias.vbp2                          2.40025
x6.xbias.gb                        1.86538e-09
x6.vbn                                0.915469
x6.xbias.gc                            2.40025
x6.vbp                                 2.23212
x6.xs1.nh                              1.43042
x6.y1                                        0
x6.y5                                        0
x6.xs1.nt                         -2.36638e-42
x6.xs2.nh                                  3.3
x6.y2                                      3.3
x6.xs2.nt                          2.87435e-07
x6.xs3.nh                                  3.3
x6.y3                                        0
x6.xs3.nt                          3.61416e-60
x6.xs4.nh                                  3.3
x6.y4                                      3.3
x6.xs4.nt                          2.87435e-07
x6.xs5.nh                                  3.3
x6.xs5.nt                          3.61416e-60
x6.nb1                                     3.3
x6.nb2                             9.84683e-09
clk6                                       3.3
x6.xcdec1.c_moscap_int1                   -3.3
x6.xcdec2.c_moscap_int1                   -3.3
x7.xbias.na                            1.03305
x7.xbias.vbpc                          2.25744
x7.xbias.nc                           0.148294
x7.xbias.xrcg.11                      0.148107
x7.xbias.xrcg.21                    0.00018744
x7.xbias.nsu                         0.0102442
x7.xbias.vfix                          1.85205
x7.xbias.nmd                          0.790746
x7.xbias.vbp0                          2.35849
x7.xbias.noff                         0.804777
x7.xbias.xroff.11                     0.804599
x7.xbias.xroff.21                  0.000177734
x7.xbias.nvi                           1.42789
x7.xbias.xrdeg.11                      1.42758
x7.xbias.xrdeg.21                  0.000315349
x7.xbias.b0b                               3.3
x7.xbias.b1b                               3.3
x7.xbias.b2b                       1.18311e-08
x7.xbias.vbn1                         0.792707
x7.xbias.ga                                3.3
x7.xbias.vbp2                          2.39075
x7.xbias.gb                        1.86792e-09
x7.vbn                                0.929474
x7.xbias.gc                            2.39075
x7.vbp                                 2.21627
x7.xs1.nh                               1.4442
x7.y1                                        0
x7.y5                                        0
x7.xs1.nt                           5.7464e-30
x7.xs2.nh                                  3.3
x7.y2                                      3.3
x7.xs2.nt                          2.70451e-07
x7.xs3.nh                                  3.3
x7.y3                                        0
x7.xs3.nt                          1.23132e-35
x7.xs4.nh                                  3.3
x7.y4                                      3.3
x7.xs4.nt                          2.70451e-07
x7.xs5.nh                                  3.3
x7.xs5.nt                          1.23132e-35
x7.nb1                                     3.3
x7.nb2                             9.84683e-09
clk7                                       3.3
x7.xcdec1.c_moscap_int1                   -3.3
x7.xcdec2.c_moscap_int1                   -3.3
e.x7.xcdec2.ec_moscap#branch                 0
e.x7.xcdec1.ec_moscap#branch                 0
e.x6.xcdec2.ec_moscap#branch                 0
e.x6.xcdec1.ec_moscap#branch                 0
e.x5.xcdec2.ec_moscap#branch                 0
e.x5.xcdec1.ec_moscap#branch                 0
e.x4.xcdec2.ec_moscap#branch                 0
e.x4.xcdec1.ec_moscap#branch                 0
e.x3.xcdec2.ec_moscap#branch                 0
e.x3.xcdec1.ec_moscap#branch                 0
e.x2.xcdec2.ec_moscap#branch                 0
e.x2.xcdec1.ec_moscap#branch                 0
e.x1.xcdec2.ec_moscap#branch                 0
e.x1.xcdec1.ec_moscap#branch                 0
vs7#branch                         0.000120639
vs6#branch                         0.000110755
vs5#branch                         0.000101001
vs4#branch                           9.141e-05
vs3#branch                         8.20386e-05
vs2#branch                         7.29978e-05
vs1#branch                         6.45791e-05
vv7#branch                                   0
vv6#branch                                   0
vv5#branch                                   0
vv4#branch                                   0
vv3#branch                                   0
vv2#branch                                   0
vv1#branch                                   0
vb2#branch                                   0
vb1#branch                                   0
vb0#branch                                   0
vdd#branch                        -0.000643421

 Reference value :  0.00000e+00
 Reference value :  5.66489e-09
 Reference value :  9.64107e-09
 Reference value :  1.35265e-08
 Reference value :  1.72209e-08
 Reference value :  2.11847e-08
 Reference value :  2.51047e-08
 Reference value :  2.91393e-08
 Reference value :  3.28137e-08
 Reference value :  3.70509e-08
 Reference value :  4.10662e-08
 Reference value :  4.47404e-08
 Reference value :  4.91332e-08
 Reference value :  5.26211e-08
 Reference value :  5.64821e-08
 Reference value :  6.01532e-08
 Reference value :  6.39314e-08
 Reference value :  6.75855e-08
 Reference value :  7.27456e-08
 Reference value :  7.62151e-08
 Reference value :  8.11611e-08
 Reference value :  8.61636e-08
 Reference value :  8.98829e-08
 Reference value :  9.42417e-08
 Reference value :  9.82254e-08
 Reference value :  1.02448e-07
 Reference value :  1.06494e-07
 Reference value :  1.10873e-07
 Reference value :  1.15199e-07
 Reference value :  1.19682e-07
 Reference value :  1.23973e-07
 Reference value :  1.27761e-07
 Reference value :  1.32085e-07
 Reference value :  1.35103e-07
 Reference value :  1.41101e-07
 Reference value :  1.45218e-07
 Reference value :  1.49918e-07
 Reference value :  1.52704e-07
 Reference value :  1.57914e-07
 Reference value :  1.62785e-07
 Reference value :  1.67065e-07
 Reference value :  1.71617e-07
 Reference value :  1.75332e-07
 Reference value :  1.78957e-07
 Reference value :  1.83230e-07
 Reference value :  1.87758e-07
 Reference value :  1.93081e-07
 Reference value :  1.96604e-07
 Reference value :  2.01409e-07
 Reference value :  2.04949e-07
 Reference value :  2.08788e-07
 Reference value :  2.13400e-07
 Reference value :  2.16860e-07
 Reference value :  2.21488e-07
 Reference value :  2.25936e-07
 Reference value :  2.30042e-07
 Reference value :  2.34404e-07
 Reference value :  2.38992e-07
 Reference value :  2.43355e-07
 Reference value :  2.47972e-07
 Reference value :  2.52056e-07
 Reference value :  2.56020e-07
 Reference value :  2.61232e-07
 Reference value :  2.66012e-07
 Reference value :  2.69485e-07
 Reference value :  2.74796e-07
 Reference value :  2.79308e-07
 Reference value :  2.83237e-07
 Reference value :  2.87735e-07
 Reference value :  2.92752e-07
 Reference value :  2.96934e-07
 Reference value :  3.01079e-07
 Reference value :  3.04432e-07
 Reference value :  3.09106e-07
 Reference value :  3.13838e-07
 Reference value :  3.18109e-07
 Reference value :  3.22525e-07
 Reference value :  3.26771e-07
 Reference value :  3.30087e-07
 Reference value :  3.34954e-07
 Reference value :  3.38827e-07
 Reference value :  3.43223e-07
 Reference value :  3.47604e-07
 Reference value :  3.52100e-07
 Reference value :  3.57098e-07
 Reference value :  3.60467e-07
 Reference value :  3.65677e-07
 Reference value :  3.70285e-07
 Reference value :  3.73520e-07
 Reference value :  3.78174e-07
 Reference value :  3.81690e-07
 Reference value :  3.86793e-07
 Reference value :  3.90716e-07
 Reference value :  3.94557e-07
 Reference value :  4.00159e-07
 Reference value :  4.03573e-07
 Reference value :  4.08943e-07
 Reference value :  4.13725e-07
 Reference value :  4.18310e-07
 Reference value :  4.22856e-07
 Reference value :  4.27182e-07
No. of Data Rows : 4451

  Measurements for Transient Analysis

tp1                 =  1.42085e-07 targ=  3.20183e-07 trig=  1.78098e-07
tp2                 =  1.18850e-07 targ=  2.97630e-07 trig=  1.78780e-07
tp3                 =  1.00748e-07 targ=  2.77569e-07 trig=  1.76822e-07
tp4                 =  8.67474e-08 targ=  2.60718e-07 trig=  1.73971e-07
tp5                 =  7.57127e-08 targ=  2.46548e-07 trig=  1.70836e-07
tp6                 =  6.68734e-08 targ=  2.34537e-07 trig=  1.67663e-07
tp7                 =  5.96153e-08 targ=  2.24193e-07 trig=  1.64578e-07
f1                  =  2.81521e+07
f2                  =  3.36560e+07
f3                  =  3.97031e+07
f4                  =  4.61109e+07
f5                  =  5.28313e+07
f6                  =  5.98145e+07
f7                  =  6.70969e+07
i1                  =  8.67351e-05 from=  1.56765e-07 to=  4.31104e-07
i2                  =  9.77555e-05 from=  1.56765e-07 to=  4.31104e-07
i3                  =  1.09250e-04 from=  1.56765e-07 to=  4.31104e-07
i4                  =  1.21144e-04 from=  1.56765e-07 to=  4.31104e-07
i5                  =  1.33887e-04 from=  1.56765e-07 to=  4.31104e-07
i6                  =  1.46791e-04 from=  1.56765e-07 to=  4.31104e-07
i7                  =  1.59253e-04 from=  1.56765e-07 to=  4.31104e-07
sw1hi               =  3.37299e+00 at=  4.26860e-07
sw1lo               =  -1.10598e-01 at=  4.08131e-07
sw7hi               =  3.38792e+00 at=  2.69063e-07
sw7lo               =  -1.25136e-01 at=  4.10411e-07

ngspice-46 done

Warning: m=xx on .subckt line will override multiplier m hierarchy!

