
Note: Compatibility modes selected: hs a


Circuit: * vco-tuning-range @ all-slow_-40c_2.97v_band7 -- generated by sim/harness, do not edit

Doing analysis at TEMP = -40.000000 and TNOM = 27.000000

Using SPARSE 1.3 as Direct Linear Solver

Initial Transient Solution
--------------------------

Node                                   Voltage
----                                   -------
vdd                                       2.97
nb0                                       2.97
nb1                                       2.97
nb2                                       2.97
vc1                                        0.9
vc2                                        1.2
vc3                                        1.5
vc4                                        1.8
vc5                                        2.1
vc6                                        2.4
vc7                                        2.7
nv1                                       2.97
nv2                                       2.97
nv3                                       2.97
nv4                                       2.97
nv5                                       2.97
nv6                                       2.97
nv7                                       2.97
x1.xbias.na                            1.01763
x1.xbias.vbpc                          1.88334
x1.xbias.nc                          0.0849721
x1.xbias.xrcg.11                     0.0848241
x1.xbias.xrcg.21                   0.000148012
x1.xbias.nsu                         0.0121177
x1.xbias.vfix                           2.0745
x1.xbias.nmd                          0.889963
x1.xbias.vbp0                          1.95122
x1.xbias.noff                         0.880989
x1.xbias.xroff.11                     0.880721
x1.xbias.xroff.21                  0.000268343
x1.xbias.nvi                         0.0789547
x1.xbias.xrdeg.11                    0.0789307
x1.xbias.xrdeg.21                  2.40491e-05
x1.xbias.b0b                       4.45473e-09
x1.xbias.b1b                       4.45473e-09
x1.xbias.b2b                       4.45473e-09
x1.xbias.vbn1                          0.88952
x1.xbias.ga                            1.95122
x1.xbias.vbp2                          1.88062
x1.xbias.gb                            0.88952
x1.vbn                                 1.07009
x1.xbias.gc                            1.88062
x1.vbp                                 1.72963
x1.xs1.nh                              1.52934
x1.y1                                        0
x1.y5                                        0
x1.xs1.nt                          -2.1871e-30
x1.xs2.nh                                 2.97
x1.y2                                     2.97
x1.xs2.nt                          1.29471e-13
x1.xs3.nh                                 2.97
x1.y3                                        0
x1.xs3.nt                          2.79879e-58
x1.xs4.nh                                 2.97
x1.y4                                     2.97
x1.xs4.nt                          1.29471e-13
x1.xs5.nh                                 2.97
x1.xs5.nt                          2.79879e-58
x1.nb1                                    2.97
x1.nb2                              2.9659e-09
clk1                                      2.97
x1.xcdec1.c_moscap_int1                  -2.97
x1.xcdec2.c_moscap_int1                  -2.97
x2.xbias.na                            1.01763
x2.xbias.vbpc                          1.88334
x2.xbias.nc                          0.0849721
x2.xbias.xrcg.11                     0.0848241
x2.xbias.xrcg.21                   0.000148012
x2.xbias.nsu                         0.0121177
x2.xbias.vfix                           2.0745
x2.xbias.nmd                          0.889963
x2.xbias.vbp0                          1.94202
x2.xbias.noff                         0.880972
x2.xbias.xroff.11                     0.880704
x2.xbias.xroff.21                  0.000268338
x2.xbias.nvi                          0.262342
x2.xbias.xrdeg.11                     0.262262
x2.xbias.xrdeg.21                  7.99077e-05
x2.xbias.b0b                       4.45473e-09
x2.xbias.b1b                       4.45473e-09
x2.xbias.b2b                       4.45473e-09
x2.xbias.vbn1                         0.898971
x2.xbias.ga                            1.94202
x2.xbias.vbp2                          1.86744
x2.xbias.gb                           0.898971
x2.vbn                                 1.09064
x2.xbias.gc                            1.86744
x2.vbp                                 1.70439
x2.xs1.nh                              1.55145
x2.y1                                        0
x2.y5                                        0
x2.xs1.nt                         -7.60188e-31
x2.xs2.nh                                 2.97
x2.y2                                     2.97
x2.xs2.nt                           1.1712e-13
x2.xs3.nh                                 2.97
x2.y3                                        0
x2.xs3.nt                         -2.63851e-58
x2.xs4.nh                                 2.97
x2.y4                                     2.97
x2.xs4.nt                           1.1712e-13
x2.xs5.nh                                 2.97
x2.xs5.nt                         -2.63824e-58
x2.nb1                                    2.97
x2.nb2                              2.9659e-09
clk2                                      2.97
x2.xcdec1.c_moscap_int1                  -2.97
x2.xcdec2.c_moscap_int1                  -2.97
x3.xbias.na                            1.01763
x3.xbias.vbpc                          1.88334
x3.xbias.nc                          0.0849721
x3.xbias.xrcg.11                     0.0848241
x3.xbias.xrcg.21                   0.000148012
x3.xbias.nsu                         0.0121177
x3.xbias.vfix                           2.0745
x3.xbias.nmd                          0.889963
x3.xbias.vbp0                          1.93298
x3.xbias.noff                         0.880956
x3.xbias.xroff.11                     0.880688
x3.xbias.xroff.21                  0.000268333
x3.xbias.nvi                          0.466176
x3.xbias.xrdeg.11                     0.466034
x3.xbias.xrdeg.21                  0.000141994
x3.xbias.b0b                       4.45473e-09
x3.xbias.b1b                       4.45473e-09
x3.xbias.b2b                       4.45473e-09
x3.xbias.vbn1                         0.908233
x3.xbias.ga                            1.93298
x3.xbias.vbp2                          1.85418
x3.xbias.gb                           0.908233
x3.vbn                                 1.11169
x3.xbias.gc                            1.85418
x3.vbp                                 1.67852
x3.xs1.nh                              1.57414
x3.y1                                        0
x3.y5                                        0
x3.xs1.nt                          1.12867e-43
x3.xs2.nh                                 2.97
x3.y2                                     2.97
x3.xs2.nt                          1.06742e-13
x3.xs3.nh                                 2.97
x3.y3                                        0
x3.xs3.nt                         -1.14266e-57
x3.xs4.nh                                 2.97
x3.y4                                     2.97
x3.xs4.nt                          1.06742e-13
x3.xs5.nh                                 2.97
x3.xs5.nt                         -1.14266e-57
x3.nb1                                    2.97
x3.nb2                              2.9659e-09
clk3                                      2.97
x3.xcdec1.c_moscap_int1                  -2.97
x3.xcdec2.c_moscap_int1                  -2.97
x4.xbias.na                            1.01763
x4.xbias.vbpc                          1.88334
x4.xbias.nc                          0.0849721
x4.xbias.xrcg.11                     0.0848241
x4.xbias.xrcg.21                   0.000148012
x4.xbias.nsu                         0.0121177
x4.xbias.vfix                           2.0745
x4.xbias.nmd                          0.889963
x4.xbias.vbp0                          1.92448
x4.xbias.noff                          0.88094
x4.xbias.xroff.11                     0.880672
x4.xbias.xroff.21                  0.000268328
x4.xbias.nvi                           0.67971
x4.xbias.xrdeg.11                     0.679503
x4.xbias.xrdeg.21                  0.000207035
x4.xbias.b0b                       4.45473e-09
x4.xbias.b1b                       4.45473e-09
x4.xbias.b2b                       4.45473e-09
x4.xbias.vbn1                         0.916898
x4.xbias.ga                            1.92448
x4.xbias.vbp2                          1.84148
x4.xbias.gb                           0.916898
x4.vbn                                 1.13222
x4.xbias.gc                            1.84148
x4.vbp                                 1.65334
x4.xs1.nh                              1.59627
x4.y1                                        0
x4.y5                                        0
x4.xs1.nt                          1.20956e-43
x4.xs2.nh                                 2.97
x4.y2                                     2.97
x4.xs2.nt                          9.82554e-14
x4.xs3.nh                                 2.97
x4.y3                                        0
x4.xs3.nt                         -4.53315e-58
x4.xs4.nh                                 2.97
x4.y4                                     2.97
x4.xs4.nt                          9.82554e-14
x4.xs5.nh                                 2.97
x4.xs5.nt                         -4.53316e-58
x4.nb1                                    2.97
x4.nb2                              2.9659e-09
clk4                                      2.97
x4.xcdec1.c_moscap_int1                  -2.97
x4.xcdec2.c_moscap_int1                  -2.97
x5.xbias.na                            1.01763
x5.xbias.vbpc                          1.88334
x5.xbias.nc                          0.0849721
x5.xbias.xrcg.11                     0.0848241
x5.xbias.xrcg.21                   0.000148012
x5.xbias.nsu                         0.0121177
x5.xbias.vfix                           2.0745
x5.xbias.nmd                          0.889963
x5.xbias.vbp0                          1.91652
x5.xbias.noff                         0.880926
x5.xbias.xroff.11                     0.880657
x5.xbias.xroff.21                  0.000268324
x5.xbias.nvi                          0.899851
x5.xbias.xrdeg.11                     0.899577
x5.xbias.xrdeg.21                  0.000274088
x5.xbias.b0b                       4.45473e-09
x5.xbias.b1b                       4.45473e-09
x5.xbias.b2b                       4.45473e-09
x5.xbias.vbn1                         0.924984
x5.xbias.ga                            1.91652
x5.xbias.vbp2                          1.82935
x5.xbias.gb                           0.924984
x5.vbn                                 1.15213
x5.xbias.gc                            1.82935
x5.vbp                                 1.62902
x5.xs1.nh                              1.61768
x5.y1                                        0
x5.y5                                        0
x5.xs1.nt                         -1.32693e-44
x5.xs2.nh                                 2.97
x5.y2                                     2.97
x5.xs2.nt                          9.12802e-14
x5.xs3.nh                                 2.97
x5.y3                                        0
x5.xs3.nt                         -3.89955e-58
x5.xs4.nh                                 2.97
x5.y4                                     2.97
x5.xs4.nt                          9.12802e-14
x5.xs5.nh                                 2.97
x5.xs5.nt                         -3.89955e-58
x5.nb1                                    2.97
x5.nb2                              2.9659e-09
clk5                                      2.97
x5.xcdec1.c_moscap_int1                  -2.97
x5.xcdec2.c_moscap_int1                  -2.97
x6.xbias.na                            1.01763
x6.xbias.vbpc                          1.88334
x6.xbias.nc                          0.0849721
x6.xbias.xrcg.11                     0.0848241
x6.xbias.xrcg.21                   0.000148012
x6.xbias.nsu                         0.0121177
x6.xbias.vfix                           2.0745
x6.xbias.nmd                          0.889963
x6.xbias.vbp0                          1.90903
x6.xbias.noff                         0.880912
x6.xbias.xroff.11                     0.880644
x6.xbias.xroff.21                   0.00026832
x6.xbias.nvi                           1.12509
x6.xbias.xrdeg.11                      1.12474
x6.xbias.xrdeg.21                  0.000342693
x6.xbias.b0b                       4.45473e-09
x6.xbias.b1b                       4.45473e-09
x6.xbias.b2b                       4.45473e-09
x6.xbias.vbn1                         0.932561
x6.xbias.ga                            1.90903
x6.xbias.vbp2                          1.81777
x6.xbias.gb                           0.932561
x6.vbn                                 1.17145
x6.xbias.gc                            1.81777
x6.vbp                                 1.60554
x6.xs1.nh                              1.63836
x6.y1                                        0
x6.y5                                        0
x6.xs1.nt                         -2.21396e-43
x6.xs2.nh                                 2.97
x6.y2                                     2.97
x6.xs2.nt                          8.54587e-14
x6.xs3.nh                                 2.97
x6.y3                                        0
x6.xs3.nt                          3.81545e-60
x6.xs4.nh                                 2.97
x6.y4                                     2.97
x6.xs4.nt                          8.54587e-14
x6.xs5.nh                                 2.97
x6.xs5.nt                          3.87484e-60
x6.nb1                                    2.97
x6.nb2                              2.9659e-09
clk6                                      2.97
x6.xcdec1.c_moscap_int1                  -2.97
x6.xcdec2.c_moscap_int1                  -2.97
x7.xbias.na                            1.01763
x7.xbias.vbpc                          1.88334
x7.xbias.nc                          0.0849721
x7.xbias.xrcg.11                     0.0848241
x7.xbias.xrcg.21                   0.000148012
x7.xbias.nsu                         0.0121177
x7.xbias.vfix                           2.0745
x7.xbias.nmd                          0.889963
x7.xbias.vbp0                          1.90195
x7.xbias.noff                         0.880899
x7.xbias.xroff.11                     0.880631
x7.xbias.xroff.21                  0.000268316
x7.xbias.nvi                           1.35447
x7.xbias.xrdeg.11                      1.35405
x7.xbias.xrdeg.21                  0.000412561
x7.xbias.b0b                       4.45473e-09
x7.xbias.b1b                       4.45473e-09
x7.xbias.b2b                       4.45473e-09
x7.xbias.vbn1                         0.939696
x7.xbias.ga                            1.90195
x7.xbias.vbp2                          1.80666
x7.xbias.gb                           0.939696
x7.vbn                                 1.19023
x7.xbias.gc                            1.80666
x7.vbp                                 1.58285
x7.xs1.nh                              1.65838
x7.y1                                        0
x7.y5                                        0
x7.xs1.nt                          1.53197e-43
x7.xs2.nh                                 2.97
x7.y2                                     2.97
x7.xs2.nt                          8.04501e-14
x7.xs3.nh                                 2.97
x7.y3                                        0
x7.xs3.nt                          5.97837e-78
x7.xs4.nh                                 2.97
x7.y4                                     2.97
x7.xs4.nt                          8.04501e-14
x7.xs5.nh                                 2.97
x7.xs5.nt                          5.97839e-78
x7.nb1                                    2.97
x7.nb2                              2.9659e-09
clk7                                      2.97
x7.xcdec1.c_moscap_int1                  -2.97
x7.xcdec2.c_moscap_int1                  -2.97
e.x7.xcdec2.ec_moscap#branch                 0
e.x7.xcdec1.ec_moscap#branch                 0
e.x6.xcdec2.ec_moscap#branch                 0
e.x6.xcdec1.ec_moscap#branch                 0
e.x5.xcdec2.ec_moscap#branch                 0
e.x5.xcdec1.ec_moscap#branch                 0
e.x4.xcdec2.ec_moscap#branch                 0
e.x4.xcdec1.ec_moscap#branch                 0
e.x3.xcdec2.ec_moscap#branch                 0
e.x3.xcdec1.ec_moscap#branch                 0
e.x2.xcdec2.ec_moscap#branch                 0
e.x2.xcdec1.ec_moscap#branch                 0
e.x1.xcdec2.ec_moscap#branch                 0
e.x1.xcdec1.ec_moscap#branch                 0
vs7#branch                         0.000269369
vs6#branch                         0.000243627
vs5#branch                         0.000218245
vs4#branch                         0.000193325
vs3#branch                         0.000169031
vs2#branch                         0.000145708
vs1#branch                         0.000124592
vv7#branch                                   0
vv6#branch                                   0
vv5#branch                                   0
vv4#branch                                   0
vv3#branch                                   0
vv2#branch                                   0
vv1#branch                                   0
vb2#branch                                   0
vb1#branch                                   0
vb0#branch                                   0
vdd#branch                          -0.0013639

 Reference value :  0.00000e+00
 Reference value :  1.25666e-09
 Reference value :  2.59354e-09
 Reference value :  3.82122e-09
 Reference value :  5.00362e-09
 Reference value :  6.42674e-09
 Reference value :  7.84987e-09
 Reference value :  9.25083e-09
 Reference value :  1.05867e-08
 Reference value :  1.20953e-08
 Reference value :  1.35180e-08
 Reference value :  1.49196e-08
 Reference value :  1.62349e-08
 Reference value :  1.75275e-08
 Reference value :  1.89482e-08
 Reference value :  2.02410e-08
 Reference value :  2.14482e-08
 Reference value :  2.28058e-08
 Reference value :  2.42290e-08
 Reference value :  2.55003e-08
 Reference value :  2.67725e-08
 Reference value :  2.79572e-08
 Reference value :  2.92288e-08
 Reference value :  3.05657e-08
 Reference value :  3.18163e-08
 Reference value :  3.30454e-08
 Reference value :  3.43379e-08
 Reference value :  3.56726e-08
 Reference value :  3.72249e-08
 Reference value :  3.85618e-08
 Reference value :  3.98768e-08
 Reference value :  4.11702e-08
 Reference value :  4.23545e-08
 Reference value :  4.37326e-08
 Reference value :  4.48754e-08
 Reference value :  4.59967e-08
 Reference value :  4.72689e-08
 Reference value :  4.86044e-08
 Reference value :  4.98968e-08
 Reference value :  5.12110e-08
 Reference value :  5.25466e-08
 Reference value :  5.39913e-08
 Reference value :  5.53066e-08
 Reference value :  5.66860e-08
 Reference value :  5.81513e-08
 Reference value :  5.94437e-08
 Reference value :  6.08237e-08
 Reference value :  6.22037e-08
 Reference value :  6.33897e-08
 Reference value :  6.47481e-08
 Reference value :  6.60171e-08
 Reference value :  6.72246e-08
 Reference value :  6.84752e-08
 Reference value :  6.97686e-08
 Reference value :  7.10838e-08
 Reference value :  7.24195e-08
 Reference value :  7.37990e-08
 Reference value :  7.51559e-08
 Reference value :  7.65143e-08
 Reference value :  7.77650e-08
 Reference value :  7.92719e-08
 Reference value :  8.06280e-08
 Reference value :  8.20505e-08
 Reference value :  8.33864e-08
 Reference value :  8.48311e-08
No. of Data Rows : 3983

  Measurements for Transient Analysis

tp1                 =  2.83112e-08 targ=  6.42393e-08 trig=  3.59281e-08
tp2                 =  2.36474e-08 targ=  5.96278e-08 trig=  3.59804e-08
tp3                 =  2.00273e-08 targ=  5.55538e-08 trig=  3.55265e-08
tp4                 =  1.73033e-08 targ=  5.23597e-08 trig=  3.50563e-08
tp5                 =  1.52156e-08 targ=  4.98788e-08 trig=  3.46632e-08
tp6                 =  1.35813e-08 targ=  4.79433e-08 trig=  3.43621e-08
tp7                 =  1.22740e-08 targ=  4.64242e-08 trig=  3.41501e-08
f1                  =  1.41287e+08
f2                  =  1.69152e+08
f3                  =  1.99727e+08
f4                  =  2.31169e+08
f5                  =  2.62889e+08
f6                  =  2.94523e+08
f7                  =  3.25891e+08
i1                  =  1.73965e-04 from=  3.11462e-08 to=  8.56522e-08
i2                  =  2.00976e-04 from=  3.11462e-08 to=  8.56522e-08
i3                  =  2.33528e-04 from=  3.11462e-08 to=  8.56522e-08
i4                  =  2.65472e-04 from=  3.11462e-08 to=  8.56522e-08
i5                  =  2.97764e-04 from=  3.11462e-08 to=  8.56522e-08
i6                  =  3.31699e-04 from=  3.11462e-08 to=  8.56522e-08
i7                  =  3.64178e-04 from=  3.11462e-08 to=  8.56522e-08
sw1hi               =  3.02928e+00 at=  5.33876e-08
sw1lo               =  -4.10161e-02 at=  5.00038e-08
sw7hi               =  3.04003e+00 at=  5.39697e-08
sw7lo               =  -4.94540e-02 at=  4.94238e-08

ngspice-46 done

Warning: m=xx on .subckt line will override multiplier m hierarchy!

