
Note: Compatibility modes selected: hs a


Circuit: * vco-tuning-range @ all-fast_27c_2.97v_band2 -- generated by sim/harness, do not edit

Doing analysis at TEMP = 27.000000 and TNOM = 27.000000

Using SPARSE 1.3 as Direct Linear Solver

Initial Transient Solution
--------------------------

Node                                   Voltage
----                                   -------
vdd                                       2.97
nb0                                          0
nb1                                       2.97
nb2                                          0
vc1                                        0.9
vc2                                        1.2
vc3                                        1.5
vc4                                        1.8
vc5                                        2.1
vc6                                        2.4
vc7                                        2.7
nv1                                       2.97
nv2                                       2.97
nv3                                       2.97
nv4                                       2.97
nv5                                       2.97
nv6                                       2.97
nv7                                       2.97
x1.xbias.na                           0.894733
x1.xbias.vbpc                          2.07767
x1.xbias.nc                           0.143656
x1.xbias.xrcg.11                      0.143294
x1.xbias.xrcg.21                   0.000362521
x1.xbias.nsu                        0.00915759
x1.xbias.vfix                          1.56551
x1.xbias.nmd                          0.677176
x1.xbias.vbp0                          2.23225
x1.xbias.noff                         0.702866
x1.xbias.xroff.11                     0.702555
x1.xbias.xroff.21                  0.000310558
x1.xbias.nvi                          0.240732
x1.xbias.xrdeg.11                     0.240626
x1.xbias.xrdeg.21                  0.000106366
x1.xbias.b0b                              2.97
x1.xbias.b1b                       5.17554e-09
x1.xbias.b2b                              2.97
x1.xbias.vbn1                         0.613546
x1.xbias.ga                               2.97
x1.xbias.vbp2                          2.17963
x1.xbias.gb                           0.613546
x1.vbn                                0.634403
x1.xbias.gc                               2.97
x1.vbp                                 2.21603
x1.xs1.nh                              1.05637
x1.y1                                        0
x1.y5                                        0
x1.xs1.nt                         -3.39018e-15
x1.xs2.nh                                 2.97
x1.y2                                     2.97
x1.xs2.nt                          2.50017e-07
x1.xs3.nh                                 2.97
x1.y3                                        0
x1.xs3.nt                          2.56302e-17
x1.xs4.nh                                 2.97
x1.y4                                     2.97
x1.xs4.nt                          2.50017e-07
x1.xs5.nh                                 2.97
x1.xs5.nt                          2.56302e-17
x1.nb1                                    2.97
x1.nb2                              3.7395e-09
clk1                                      2.97
x1.xcdec1.c_moscap_int1                  -2.97
x1.xcdec2.c_moscap_int1                  -2.97
x2.xbias.na                           0.894733
x2.xbias.vbpc                          2.07767
x2.xbias.nc                           0.143656
x2.xbias.xrcg.11                      0.143294
x2.xbias.xrcg.21                   0.000362521
x2.xbias.nsu                        0.00915759
x2.xbias.vfix                          1.56551
x2.xbias.nmd                          0.677176
x2.xbias.vbp0                          2.21857
x2.xbias.noff                         0.702843
x2.xbias.xroff.11                     0.702533
x2.xbias.xroff.21                  0.000310548
x2.xbias.nvi                          0.442509
x2.xbias.xrdeg.11                     0.442313
x2.xbias.xrdeg.21                   0.00019552
x2.xbias.b0b                              2.97
x2.xbias.b1b                       5.17554e-09
x2.xbias.b2b                              2.97
x2.xbias.vbn1                         0.625518
x2.xbias.ga                               2.97
x2.xbias.vbp2                          2.16292
x2.xbias.gb                           0.625518
x2.vbn                                0.646467
x2.xbias.gc                               2.97
x2.vbp                                 2.20287
x2.xs1.nh                              1.06777
x2.y1                                        0
x2.y5                                        0
x2.xs1.nt                         -1.92512e-17
x2.xs2.nh                                 2.97
x2.y2                                     2.97
x2.xs2.nt                          2.19978e-07
x2.xs3.nh                                 2.97
x2.y3                                        0
x2.xs3.nt                         -1.19301e-32
x2.xs4.nh                                 2.97
x2.y4                                     2.97
x2.xs4.nt                          2.19978e-07
x2.xs5.nh                                 2.97
x2.xs5.nt                         -1.19301e-32
x2.nb1                                    2.97
x2.nb2                              3.7395e-09
clk2                                      2.97
x2.xcdec1.c_moscap_int1                  -2.97
x2.xcdec2.c_moscap_int1                  -2.97
x3.xbias.na                           0.894733
x3.xbias.vbpc                          2.07767
x3.xbias.nc                           0.143656
x3.xbias.xrcg.11                      0.143294
x3.xbias.xrcg.21                   0.000362521
x3.xbias.nsu                        0.00915759
x3.xbias.vfix                          1.56551
x3.xbias.nmd                          0.677176
x3.xbias.vbp0                          2.20584
x3.xbias.noff                         0.702822
x3.xbias.xroff.11                     0.702511
x3.xbias.xroff.21                  0.000310539
x3.xbias.nvi                          0.655323
x3.xbias.xrdeg.11                     0.655034
x3.xbias.xrdeg.21                  0.000289552
x3.xbias.b0b                              2.97
x3.xbias.b1b                       5.17554e-09
x3.xbias.b2b                              2.97
x3.xbias.vbn1                         0.636576
x3.xbias.ga                               2.97
x3.xbias.vbp2                          2.14715
x3.xbias.gb                           0.636576
x3.vbn                                0.657629
x3.xbias.gc                               2.97
x3.vbp                                 2.19059
x3.xs1.nh                              1.07841
x3.y1                                        0
x3.y5                                        0
x3.xs1.nt                         -7.67354e-25
x3.xs2.nh                                 2.97
x3.y2                                     2.97
x3.xs2.nt                          1.96932e-07
x3.xs3.nh                                 2.97
x3.y3                                        0
x3.xs3.nt                          2.51181e-59
x3.xs4.nh                                 2.97
x3.y4                                     2.97
x3.xs4.nt                          1.96932e-07
x3.xs5.nh                                 2.97
x3.xs5.nt                          2.51181e-59
x3.nb1                                    2.97
x3.nb2                              3.7395e-09
clk3                                      2.97
x3.xcdec1.c_moscap_int1                  -2.97
x3.xcdec2.c_moscap_int1                  -2.97
x4.xbias.na                           0.894733
x4.xbias.vbpc                          2.07767
x4.xbias.nc                           0.143656
x4.xbias.xrcg.11                      0.143294
x4.xbias.xrcg.21                   0.000362521
x4.xbias.nsu                        0.00915759
x4.xbias.vfix                          1.56551
x4.xbias.nmd                          0.677176
x4.xbias.vbp0                          2.19401
x4.xbias.noff                         0.702802
x4.xbias.xroff.11                     0.702491
x4.xbias.xroff.21                   0.00031053
x4.xbias.nvi                          0.875236
x4.xbias.xrdeg.11                     0.874849
x4.xbias.xrdeg.21                  0.000386719
x4.xbias.b0b                              2.97
x4.xbias.b1b                       5.17554e-09
x4.xbias.b2b                              2.97
x4.xbias.vbn1                         0.646775
x4.xbias.ga                               2.97
x4.xbias.vbp2                          2.13233
x4.xbias.gb                           0.646775
x4.vbn                                0.667938
x4.xbias.gc                               2.97
x4.vbp                                 2.17918
x4.xs1.nh                              1.08833
x4.y1                                        0
x4.y5                                        0
x4.xs1.nt                          3.28006e-25
x4.xs2.nh                                 2.97
x4.y2                                     2.97
x4.xs2.nt                          1.78898e-07
x4.xs3.nh                                 2.97
x4.y3                                        0
x4.xs3.nt                          -1.1491e-45
x4.xs4.nh                                 2.97
x4.y4                                     2.97
x4.xs4.nt                          1.78898e-07
x4.xs5.nh                                 2.97
x4.xs5.nt                          -1.1491e-45
x4.nb1                                    2.97
x4.nb2                              3.7395e-09
clk4                                      2.97
x4.xcdec1.c_moscap_int1                  -2.97
x4.xcdec2.c_moscap_int1                  -2.97
x5.xbias.na                           0.894733
x5.xbias.vbpc                          2.07767
x5.xbias.nc                           0.143656
x5.xbias.xrcg.11                      0.143294
x5.xbias.xrcg.21                   0.000362521
x5.xbias.nsu                        0.00915759
x5.xbias.vfix                          1.56551
x5.xbias.nmd                          0.677176
x5.xbias.vbp0                          2.18296
x5.xbias.noff                         0.702783
x5.xbias.xroff.11                     0.702473
x5.xbias.xroff.21                  0.000310522
x5.xbias.nvi                           1.10046
x5.xbias.xrdeg.11                      1.09997
x5.xbias.xrdeg.21                  0.000486233
x5.xbias.b0b                              2.97
x5.xbias.b1b                       5.17554e-09
x5.xbias.b2b                              2.97
x5.xbias.vbn1                         0.656242
x5.xbias.ga                               2.97
x5.xbias.vbp2                          2.11834
x5.xbias.gb                           0.656242
x5.vbn                                0.677519
x5.xbias.gc                               2.97
x5.vbp                                  2.1685
x5.xs1.nh                              1.09762
x5.y1                                        0
x5.y5                                        0
x5.xs1.nt                          5.21928e-25
x5.xs2.nh                                 2.97
x5.y2                                     2.97
x5.xs2.nt                          1.64431e-07
x5.xs3.nh                                 2.97
x5.y3                                        0
x5.xs3.nt                         -1.56615e-32
x5.xs4.nh                                 2.97
x5.y4                                     2.97
x5.xs4.nt                          1.64431e-07
x5.xs5.nh                                 2.97
x5.xs5.nt                         -1.56615e-32
x5.nb1                                    2.97
x5.nb2                              3.7395e-09
clk5                                      2.97
x5.xcdec1.c_moscap_int1                  -2.97
x5.xcdec2.c_moscap_int1                  -2.97
x6.xbias.na                           0.894733
x6.xbias.vbpc                          2.07767
x6.xbias.nc                           0.143656
x6.xbias.xrcg.11                      0.143294
x6.xbias.xrcg.21                   0.000362521
x6.xbias.nsu                        0.00915759
x6.xbias.vfix                          1.56551
x6.xbias.nmd                          0.677176
x6.xbias.vbp0                          2.17257
x6.xbias.noff                         0.702766
x6.xbias.xroff.11                     0.702455
x6.xbias.xroff.21                  0.000310514
x6.xbias.nvi                           1.32995
x6.xbias.xrdeg.11                      1.32936
x6.xbias.xrdeg.21                   0.00058763
x6.xbias.b0b                              2.97
x6.xbias.b1b                       5.17554e-09
x6.xbias.b2b                              2.97
x6.xbias.vbn1                         0.665094
x6.xbias.ga                               2.97
x6.xbias.vbp2                          2.10506
x6.xbias.gb                           0.665094
x6.vbn                                0.686489
x6.xbias.gc                               2.97
x6.vbp                                 2.15845
x6.xs1.nh                              1.10639
x6.y1                                        0
x6.y5                                        0
x6.xs1.nt                         -1.03853e-25
x6.xs2.nh                                 2.97
x6.y2                                     2.97
x6.xs2.nt                          1.52567e-07
x6.xs3.nh                                 2.97
x6.y3                                        0
x6.xs3.nt                          2.59562e-32
x6.xs4.nh                                 2.97
x6.y4                                     2.97
x6.xs4.nt                          1.52567e-07
x6.xs5.nh                                 2.97
x6.xs5.nt                          2.59562e-32
x6.nb1                                    2.97
x6.nb2                              3.7395e-09
clk6                                      2.97
x6.xcdec1.c_moscap_int1                  -2.97
x6.xcdec2.c_moscap_int1                  -2.97
x7.xbias.na                           0.894733
x7.xbias.vbpc                          2.07767
x7.xbias.nc                           0.143656
x7.xbias.xrcg.11                      0.143294
x7.xbias.xrcg.21                   0.000362521
x7.xbias.nsu                        0.00915759
x7.xbias.vfix                          1.56551
x7.xbias.nmd                          0.677176
x7.xbias.vbp0                          2.16273
x7.xbias.noff                         0.702749
x7.xbias.xroff.11                     0.702439
x7.xbias.xroff.21                  0.000310507
x7.xbias.nvi                           1.56296
x7.xbias.xrdeg.11                      1.56227
x7.xbias.xrdeg.21                  0.000690585
x7.xbias.b0b                              2.97
x7.xbias.b1b                       5.17554e-09
x7.xbias.b2b                              2.97
x7.xbias.vbn1                         0.673423
x7.xbias.ga                               2.97
x7.xbias.vbp2                          2.09239
x7.xbias.gb                           0.673423
x7.vbn                                0.694939
x7.xbias.gc                               2.97
x7.vbp                                 2.14893
x7.xs1.nh                               1.1147
x7.y1                                        0
x7.y5                                        0
x7.xs1.nt                         -4.34977e-32
x7.xs2.nh                                 2.97
x7.y2                                     2.97
x7.xs2.nt                          1.42651e-07
x7.xs3.nh                                 2.97
x7.y3                                        0
x7.xs3.nt                         -1.61461e-32
x7.xs4.nh                                 2.97
x7.y4                                     2.97
x7.xs4.nt                          1.42651e-07
x7.xs5.nh                                 2.97
x7.xs5.nt                         -1.61461e-32
x7.nb1                                    2.97
x7.nb2                              3.7395e-09
clk7                                      2.97
x7.xcdec1.c_moscap_int1                  -2.97
x7.xcdec2.c_moscap_int1                  -2.97
e.x7.xcdec2.ec_moscap#branch                 0
e.x7.xcdec1.ec_moscap#branch                 0
e.x6.xcdec2.ec_moscap#branch                 0
e.x6.xcdec1.ec_moscap#branch                 0
e.x5.xcdec2.ec_moscap#branch                 0
e.x5.xcdec1.ec_moscap#branch                 0
e.x4.xcdec2.ec_moscap#branch                 0
e.x4.xcdec1.ec_moscap#branch                 0
e.x3.xcdec2.ec_moscap#branch                 0
e.x3.xcdec1.ec_moscap#branch                 0
e.x2.xcdec2.ec_moscap#branch                 0
e.x2.xcdec1.ec_moscap#branch                 0
e.x1.xcdec2.ec_moscap#branch                 0
e.x1.xcdec1.ec_moscap#branch                 0
vs7#branch                          0.00012426
vs6#branch                         0.000114352
vs5#branch                         0.000104564
vs4#branch                         9.49253e-05
vs3#branch                         8.54764e-05
vs2#branch                         7.62898e-05
vs1#branch                         6.75315e-05
vv7#branch                                   0
vv6#branch                                   0
vv5#branch                                   0
vv4#branch                                   0
vv3#branch                                   0
vv2#branch                                   0
vv1#branch                                   0
vb2#branch                                   0
vb1#branch                                   0
vb0#branch                                   0
vdd#branch                        -0.000667399

 Reference value :  0.00000e+00
 Reference value :  1.11286e-08
 Reference value :  1.66267e-08
 Reference value :  2.39740e-08
 Reference value :  3.03348e-08
 Reference value :  3.91685e-08
 Reference value :  4.52309e-08
 Reference value :  5.20246e-08
 Reference value :  5.84131e-08
 Reference value :  6.59240e-08
 Reference value :  7.01949e-08
 Reference value :  7.89704e-08
 Reference value :  8.65041e-08
 Reference value :  9.38522e-08
 Reference value :  1.03560e-07
 Reference value :  1.10259e-07
 Reference value :  1.17381e-07
 Reference value :  1.25950e-07
 Reference value :  1.33086e-07
 Reference value :  1.38045e-07
 Reference value :  1.47200e-07
 Reference value :  1.54601e-07
 Reference value :  1.60200e-07
 Reference value :  1.67895e-07
 Reference value :  1.73968e-07
 Reference value :  1.80113e-07
 Reference value :  1.85379e-07
 Reference value :  1.93127e-07
 Reference value :  2.01406e-07
 Reference value :  2.11403e-07
 Reference value :  2.20300e-07
 Reference value :  2.29069e-07
 Reference value :  2.37672e-07
 Reference value :  2.45923e-07
 Reference value :  2.55079e-07
 Reference value :  2.64254e-07
 Reference value :  2.70128e-07
 Reference value :  2.79663e-07
 Reference value :  2.85908e-07
 Reference value :  2.94078e-07
 Reference value :  3.03216e-07
 Reference value :  3.12528e-07
 Reference value :  3.19129e-07
 Reference value :  3.26030e-07
 Reference value :  3.34373e-07
 Reference value :  3.42143e-07
 Reference value :  3.49514e-07
 Reference value :  3.58075e-07
 Reference value :  3.67536e-07
 Reference value :  3.77118e-07
 Reference value :  3.85246e-07
 Reference value :  3.91233e-07
 Reference value :  4.02410e-07
 Reference value :  4.09316e-07
 Reference value :  4.17213e-07
 Reference value :  4.23561e-07
 Reference value :  4.32055e-07
 Reference value :  4.40153e-07
 Reference value :  4.47145e-07
 Reference value :  4.54681e-07
 Reference value :  4.63069e-07
 Reference value :  4.73238e-07
 Reference value :  4.81389e-07
 Reference value :  4.91333e-07
 Reference value :  4.98290e-07
 Reference value :  5.07992e-07
 Reference value :  5.14069e-07
 Reference value :  5.22393e-07
 Reference value :  5.29993e-07
 Reference value :  5.37057e-07
 Reference value :  5.41419e-07
 Reference value :  5.52063e-07
 Reference value :  5.57467e-07
 Reference value :  5.67312e-07
 Reference value :  5.75677e-07
 Reference value :  5.82024e-07
 Reference value :  5.90423e-07
 Reference value :  5.98976e-07
 Reference value :  6.08851e-07
 Reference value :  6.17232e-07
 Reference value :  6.27877e-07
 Reference value :  6.36886e-07
 Reference value :  6.44985e-07
 Reference value :  6.54931e-07
 Reference value :  6.61083e-07
 Reference value :  6.71410e-07
 Reference value :  6.81428e-07
 Reference value :  6.90570e-07
 Reference value :  6.98537e-07
 Reference value :  7.07708e-07
 Reference value :  7.12911e-07
 Reference value :  7.24107e-07
 Reference value :  7.31888e-07
 Reference value :  7.41716e-07
 Reference value :  7.51217e-07
 Reference value :  7.61184e-07
 Reference value :  7.67495e-07
 Reference value :  7.76881e-07
 Reference value :  7.86757e-07
 Reference value :  7.91949e-07
 Reference value :  8.01960e-07
 Reference value :  8.08647e-07
 Reference value :  8.16608e-07
 Reference value :  8.25358e-07
 Reference value :  8.35420e-07
 Reference value :  8.44151e-07
 Reference value :  8.53717e-07
 Reference value :  8.62690e-07
 Reference value :  8.70984e-07
 Reference value :  8.79787e-07
 Reference value :  8.88462e-07
 Reference value :  8.93464e-07
 Reference value :  9.01961e-07
 Reference value :  9.10720e-07
 Reference value :  9.17852e-07
 Reference value :  9.26505e-07
 Reference value :  9.38048e-07
 Reference value :  9.45800e-07
 Reference value :  9.54595e-07
 Reference value :  9.62635e-07
 Reference value :  9.71201e-07
 Reference value :  9.78913e-07
 Reference value :  9.87199e-07
 Reference value :  9.96067e-07
 Reference value :  1.00360e-06
 Reference value :  1.01234e-06
 Reference value :  1.02208e-06
 Reference value :  1.02896e-06
 Reference value :  1.04028e-06
 Reference value :  1.04908e-06
 Reference value :  1.05946e-06
 Reference value :  1.06937e-06
 Reference value :  1.07797e-06
 Reference value :  1.08599e-06
 Reference value :  1.09413e-06
 Reference value :  1.09991e-06
 Reference value :  1.11030e-06
 Reference value :  1.11705e-06
 Reference value :  1.12736e-06
 Reference value :  1.13701e-06
 Reference value :  1.14629e-06
 Reference value :  1.15581e-06
 Reference value :  1.16552e-06
 Reference value :  1.17391e-06
No. of Data Rows : 4739

  Measurements for Transient Analysis

tp1                 =  2.54585e-07 targ=  7.00901e-07 trig=  4.46316e-07
tp2                 =  2.11050e-07 targ=  6.85993e-07 trig=  4.74943e-07
tp3                 =  1.78495e-07 targ=  6.25120e-07 trig=  4.46625e-07
tp4                 =  1.53862e-07 targ=  6.16049e-07 trig=  4.62187e-07
tp5                 =  1.34949e-07 targ=  5.73404e-07 trig=  4.38456e-07
tp6                 =  1.19633e-07 targ=  5.68655e-07 trig=  4.49022e-07
tp7                 =  1.07230e-07 targ=  5.36664e-07 trig=  4.29435e-07
f1                  =  1.57118e+07
f2                  =  1.89528e+07
f3                  =  2.24096e+07
f4                  =  2.59973e+07
f5                  =  2.96409e+07
f6                  =  3.34356e+07
f7                  =  3.73031e+07
i1                  =  8.86903e-05 from=  4.28711e-07 to=  1.17895e-06
i2                  =  9.82353e-05 from=  4.28711e-07 to=  1.17895e-06
i3                  =  1.09368e-04 from=  4.28711e-07 to=  1.17895e-06
i4                  =  1.20387e-04 from=  4.28711e-07 to=  1.17895e-06
i5                  =  1.32133e-04 from=  4.28711e-07 to=  1.17895e-06
i6                  =  1.43603e-04 from=  4.28711e-07 to=  1.17895e-06
i7                  =  1.56152e-04 from=  4.28711e-07 to=  1.17895e-06
sw1hi               =  3.06364e+00 at=  9.56129e-07
sw1lo               =  -8.41131e-02 at=  9.21840e-07
sw7hi               =  3.06760e+00 at=  8.58613e-07
sw7lo               =  -1.03527e-01 at=  8.44243e-07

ngspice-46 done

Warning: m=xx on .subckt line will override multiplier m hierarchy!

