
Note: Compatibility modes selected: hs a


Circuit: * vco-tuning-range @ ff_-40c_3.30v_band4 -- generated by sim/harness, do not edit

Doing analysis at TEMP = -40.000000 and TNOM = 27.000000

Using SPARSE 1.3 as Direct Linear Solver

Initial Transient Solution
--------------------------

Node                                   Voltage
----                                   -------
vdd                                        3.3
nb0                                          0
nb1                                          0
nb2                                        3.3
vc1                                        0.9
vc2                                        1.2
vc3                                        1.5
vc4                                        1.8
vc5                                        2.1
vc6                                        2.4
vc7                                        2.7
nv1                                        3.3
nv2                                        3.3
nv3                                        3.3
nv4                                        3.3
nv5                                        3.3
nv6                                        3.3
nv7                                        3.3
x1.xbias.na                           0.819209
x1.xbias.vbpc                          2.44358
x1.xbias.nc                          0.0933283
x1.xbias.xrcg.11                     0.0931253
x1.xbias.xrcg.21                   0.000203033
x1.xbias.nsu                         0.0196062
x1.xbias.vfix                          1.58517
x1.xbias.nmd                          0.686347
x1.xbias.vbp0                          2.52156
x1.xbias.noff                         0.694352
x1.xbias.xroff.11                     0.694087
x1.xbias.xroff.21                  0.000264328
x1.xbias.nvi                          0.210355
x1.xbias.xrdeg.11                     0.210274
x1.xbias.xrdeg.21                  8.00785e-05
x1.xbias.b0b                               3.3
x1.xbias.b1b                               3.3
x1.xbias.b2b                       4.23862e-09
x1.xbias.vbn1                         0.652434
x1.xbias.ga                                3.3
x1.xbias.vbp2                          2.53616
x1.xbias.gb                         1.6904e-13
x1.vbn                                0.731745
x1.xbias.gc                            2.53616
x1.vbp                                 2.44108
x1.xs1.nh                              1.18184
x1.y1                                        0
x1.y5                                        0
x1.xs1.nt                         -1.05637e-17
x1.xs2.nh                                  3.3
x1.y2                                      3.3
x1.xs2.nt                          5.71231e-10
x1.xs3.nh                                  3.3
x1.y3                                        0
x1.xs3.nt                         -9.61353e-39
x1.xs4.nh                                  3.3
x1.y4                                      3.3
x1.xs4.nt                          5.71231e-10
x1.xs5.nh                                  3.3
x1.xs5.nt                         -9.61353e-39
x1.nb1                                     3.3
x1.nb2                             2.99142e-09
clk1                                       3.3
x1.xcdec1.c_moscap_int1                   -3.3
x1.xcdec2.c_moscap_int1                   -3.3
x2.xbias.na                           0.819209
x2.xbias.vbpc                          2.44358
x2.xbias.nc                          0.0933283
x2.xbias.xrcg.11                     0.0931253
x2.xbias.xrcg.21                   0.000203033
x2.xbias.nsu                         0.0196062
x2.xbias.vfix                          1.58517
x2.xbias.nmd                          0.686347
x2.xbias.vbp0                          2.51101
x2.xbias.noff                         0.694333
x2.xbias.xroff.11                     0.694069
x2.xbias.xroff.21                  0.000264321
x2.xbias.nvi                          0.415207
x2.xbias.xrdeg.11                     0.415049
x2.xbias.xrdeg.21                  0.000158062
x2.xbias.b0b                               3.3
x2.xbias.b1b                               3.3
x2.xbias.b2b                       4.23862e-09
x2.xbias.vbn1                         0.662193
x2.xbias.ga                                3.3
x2.xbias.vbp2                          2.52679
x2.xbias.gb                        1.69428e-13
x2.vbn                                0.744578
x2.xbias.gc                            2.52679
x2.vbp                                 2.42663
x2.xs1.nh                              1.19466
x2.y1                                        0
x2.y5                                        0
x2.xs1.nt                         -1.22779e-17
x2.xs2.nh                                  3.3
x2.y2                                      3.3
x2.xs2.nt                          5.03088e-10
x2.xs3.nh                                  3.3
x2.y3                                        0
x2.xs3.nt                         -1.81257e-38
x2.xs4.nh                                  3.3
x2.y4                                      3.3
x2.xs4.nt                          5.03088e-10
x2.xs5.nh                                  3.3
x2.xs5.nt                         -1.81257e-38
x2.nb1                                     3.3
x2.nb2                             2.99142e-09
clk2                                       3.3
x2.xcdec1.c_moscap_int1                   -3.3
x2.xcdec2.c_moscap_int1                   -3.3
x3.xbias.na                           0.819209
x3.xbias.vbpc                          2.44358
x3.xbias.nc                          0.0933283
x3.xbias.xrcg.11                     0.0931253
x3.xbias.xrcg.21                   0.000203033
x3.xbias.nsu                         0.0196062
x3.xbias.vfix                          1.58517
x3.xbias.nmd                          0.686347
x3.xbias.vbp0                          2.50129
x3.xbias.noff                         0.694316
x3.xbias.xroff.11                     0.694052
x3.xbias.xroff.21                  0.000264315
x3.xbias.nvi                          0.631493
x3.xbias.xrdeg.11                     0.631253
x3.xbias.xrdeg.21                  0.000240399
x3.xbias.b0b                               3.3
x3.xbias.b1b                               3.3
x3.xbias.b2b                       4.23862e-09
x3.xbias.vbn1                         0.671074
x3.xbias.ga                                3.3
x3.xbias.vbp2                          2.51821
x3.xbias.gb                         1.6978e-13
x3.vbn                                0.756483
x3.xbias.gc                            2.51821
x3.vbp                                   2.413
x3.xs1.nh                              1.20679
x3.y1                                        0
x3.y5                                        0
x3.xs1.nt                          2.72383e-18
x3.xs2.nh                                  3.3
x3.y2                                      3.3
x3.xs2.nt                          4.51083e-10
x3.xs3.nh                                  3.3
x3.y3                                        0
x3.xs3.nt                         -2.13885e-38
x3.xs4.nh                                  3.3
x3.y4                                      3.3
x3.xs4.nt                          4.51083e-10
x3.xs5.nh                                  3.3
x3.xs5.nt                         -2.13885e-38
x3.nb1                                     3.3
x3.nb2                             2.99142e-09
clk3                                       3.3
x3.xcdec1.c_moscap_int1                   -3.3
x3.xcdec2.c_moscap_int1                   -3.3
x4.xbias.na                           0.819209
x4.xbias.vbpc                          2.44358
x4.xbias.nc                          0.0933283
x4.xbias.xrcg.11                     0.0931253
x4.xbias.xrcg.21                   0.000203033
x4.xbias.nsu                         0.0196062
x4.xbias.vfix                          1.58517
x4.xbias.nmd                          0.686347
x4.xbias.vbp0                          2.49233
x4.xbias.noff                           0.6943
x4.xbias.xroff.11                     0.694036
x4.xbias.xroff.21                  0.000264309
x4.xbias.nvi                           0.85499
x4.xbias.xrdeg.11                     0.854665
x4.xbias.xrdeg.21                  0.000325481
x4.xbias.b0b                               3.3
x4.xbias.b1b                               3.3
x4.xbias.b2b                       4.23862e-09
x4.xbias.vbn1                         0.679155
x4.xbias.ga                                3.3
x4.xbias.vbp2                          2.51038
x4.xbias.gb                        1.70103e-13
x4.vbn                                0.767513
x4.xbias.gc                            2.51038
x4.vbp                                 2.40018
x4.xs1.nh                              1.21821
x4.y1                                        0
x4.y5                                        0
x4.xs1.nt                         -2.43111e-18
x4.xs2.nh                                  3.3
x4.y2                                      3.3
x4.xs2.nt                          4.10517e-10
x4.xs3.nh                                  3.3
x4.y3                                        0
x4.xs3.nt                          6.52178e-19
x4.xs4.nh                                  3.3
x4.y4                                      3.3
x4.xs4.nt                          4.10517e-10
x4.xs5.nh                                  3.3
x4.xs5.nt                          6.52178e-19
x4.nb1                                     3.3
x4.nb2                             2.99142e-09
clk4                                       3.3
x4.xcdec1.c_moscap_int1                   -3.3
x4.xcdec2.c_moscap_int1                   -3.3
x5.xbias.na                           0.819209
x5.xbias.vbpc                          2.44358
x5.xbias.nc                          0.0933283
x5.xbias.xrcg.11                     0.0931253
x5.xbias.xrcg.21                   0.000203033
x5.xbias.nsu                         0.0196062
x5.xbias.vfix                          1.58517
x5.xbias.nmd                          0.686347
x5.xbias.vbp0                          2.48403
x5.xbias.noff                         0.694286
x5.xbias.xroff.11                     0.694021
x5.xbias.xroff.21                  0.000264303
x5.xbias.nvi                           1.08386
x5.xbias.xrdeg.11                      1.08345
x5.xbias.xrdeg.21                  0.000412607
x5.xbias.b0b                               3.3
x5.xbias.b1b                               3.3
x5.xbias.b2b                       4.23862e-09
x5.xbias.vbn1                         0.686567
x5.xbias.ga                                3.3
x5.xbias.vbp2                          2.50315
x5.xbias.gb                        1.70396e-13
x5.vbn                                0.777801
x5.xbias.gc                            2.50315
x5.vbp                                 2.38807
x5.xs1.nh                              1.22902
x5.y1                                        0
x5.y5                                        0
x5.xs1.nt                         -6.10971e-18
x5.xs2.nh                                  3.3
x5.y2                                      3.3
x5.xs2.nt                          3.78029e-10
x5.xs3.nh                                  3.3
x5.y3                                        0
x5.xs3.nt                          2.47796e-18
x5.xs4.nh                                  3.3
x5.y4                                      3.3
x5.xs4.nt                          3.78029e-10
x5.xs5.nh                                  3.3
x5.xs5.nt                          2.47796e-18
x5.nb1                                     3.3
x5.nb2                             2.99142e-09
clk5                                       3.3
x5.xcdec1.c_moscap_int1                   -3.3
x5.xcdec2.c_moscap_int1                   -3.3
x6.xbias.na                           0.819209
x6.xbias.vbpc                          2.44358
x6.xbias.nc                          0.0933283
x6.xbias.xrcg.11                     0.0931253
x6.xbias.xrcg.21                   0.000203033
x6.xbias.nsu                         0.0196062
x6.xbias.vfix                          1.58517
x6.xbias.nmd                          0.686347
x6.xbias.vbp0                          2.47626
x6.xbias.noff                         0.694272
x6.xbias.xroff.11                     0.694008
x6.xbias.xroff.21                  0.000264298
x6.xbias.nvi                           1.31703
x6.xbias.xrdeg.11                      1.31653
x6.xbias.xrdeg.21                  0.000501371
x6.xbias.b0b                               3.3
x6.xbias.b1b                               3.3
x6.xbias.b2b                       4.23862e-09
x6.xbias.vbn1                         0.693423
x6.xbias.ga                                3.3
x6.xbias.vbp2                          2.49643
x6.xbias.gb                        1.70667e-13
x6.vbn                                0.787471
x6.xbias.gc                            2.49643
x6.vbp                                 2.37658
x6.xs1.nh                              1.23931
x6.y1                                        0
x6.y5                                        0
x6.xs1.nt                         -1.68467e-17
x6.xs2.nh                                  3.3
x6.y2                                      3.3
x6.xs2.nt                          3.51399e-10
x6.xs3.nh                                  3.3
x6.y3                                        0
x6.xs3.nt                         -7.49907e-39
x6.xs4.nh                                  3.3
x6.y4                                      3.3
x6.xs4.nt                          3.51399e-10
x6.xs5.nh                                  3.3
x6.xs5.nt                         -7.49907e-39
x6.nb1                                     3.3
x6.nb2                             2.99142e-09
clk6                                       3.3
x6.xcdec1.c_moscap_int1                   -3.3
x6.xcdec2.c_moscap_int1                   -3.3
x7.xbias.na                           0.819209
x7.xbias.vbpc                          2.44358
x7.xbias.nc                          0.0933283
x7.xbias.xrcg.11                     0.0931253
x7.xbias.xrcg.21                   0.000203033
x7.xbias.nsu                         0.0196062
x7.xbias.vfix                          1.58517
x7.xbias.nmd                          0.686347
x7.xbias.vbp0                          2.46895
x7.xbias.noff                         0.694259
x7.xbias.xroff.11                     0.693995
x7.xbias.xroff.21                  0.000264293
x7.xbias.nvi                           1.55378
x7.xbias.xrdeg.11                      1.55319
x7.xbias.xrdeg.21                  0.000591499
x7.xbias.b0b                               3.3
x7.xbias.b1b                               3.3
x7.xbias.b2b                       4.23862e-09
x7.xbias.vbn1                         0.699816
x7.xbias.ga                                3.3
x7.xbias.vbp2                          2.49014
x7.xbias.gb                        1.70919e-13
x7.vbn                                 0.79662
x7.xbias.gc                            2.49014
x7.vbp                                  2.3656
x7.xs1.nh                              1.24915
x7.y1                                        0
x7.y5                                        0
x7.xs1.nt                          1.10739e-18
x7.xs2.nh                                  3.3
x7.y2                                      3.3
x7.xs2.nt                           3.2914e-10
x7.xs3.nh                                  3.3
x7.y3                                        0
x7.xs3.nt                         -1.44657e-38
x7.xs4.nh                                  3.3
x7.y4                                      3.3
x7.xs4.nt                           3.2914e-10
x7.xs5.nh                                  3.3
x7.xs5.nt                         -1.44661e-38
x7.nb1                                     3.3
x7.nb2                             2.99142e-09
clk7                                       3.3
x7.xcdec1.c_moscap_int1                   -3.3
x7.xcdec2.c_moscap_int1                   -3.3
e.x7.xcdec2.ec_moscap#branch                 0
e.x7.xcdec1.ec_moscap#branch                 0
e.x6.xcdec2.ec_moscap#branch                 0
e.x6.xcdec1.ec_moscap#branch                 0
e.x5.xcdec2.ec_moscap#branch                 0
e.x5.xcdec1.ec_moscap#branch                 0
e.x4.xcdec2.ec_moscap#branch                 0
e.x4.xcdec1.ec_moscap#branch                 0
e.x3.xcdec2.ec_moscap#branch                 0
e.x3.xcdec1.ec_moscap#branch                 0
e.x2.xcdec2.ec_moscap#branch                 0
e.x2.xcdec1.ec_moscap#branch                 0
e.x1.xcdec2.ec_moscap#branch                 0
e.x1.xcdec1.ec_moscap#branch                 0
vs7#branch                         0.000114885
vs6#branch                         0.000104628
vs5#branch                         9.44742e-05
vs4#branch                         8.44482e-05
vs3#branch                         7.45897e-05
vs2#branch                         6.49707e-05
vs1#branch                         5.57668e-05
vv7#branch                                   0
vv6#branch                                   0
vv5#branch                                   0
vv4#branch                                   0
vv3#branch                                   0
vv2#branch                                   0
vv1#branch                                   0
vb2#branch                                   0
vb1#branch                                   0
vb0#branch                                   0
vdd#branch                        -0.000593763

 Reference value :  0.00000e+00
 Reference value :  6.44006e-09
 Reference value :  9.83228e-09
 Reference value :  1.45395e-08
 Reference value :  1.78122e-08
 Reference value :  2.08617e-08
 Reference value :  2.46695e-08
 Reference value :  2.75024e-08
 Reference value :  3.17046e-08
 Reference value :  3.57299e-08
 Reference value :  3.90836e-08
 Reference value :  4.25786e-08
 Reference value :  4.61690e-08
 Reference value :  4.95210e-08
 Reference value :  5.32531e-08
 Reference value :  5.63512e-08
 Reference value :  6.12053e-08
 Reference value :  6.43669e-08
 Reference value :  6.86404e-08
 Reference value :  7.20240e-08
 Reference value :  7.69554e-08
 Reference value :  7.95088e-08
 Reference value :  8.44492e-08
 Reference value :  8.87274e-08
 Reference value :  9.20936e-08
 Reference value :  9.57763e-08
 Reference value :  9.94731e-08
 Reference value :  1.03751e-07
 Reference value :  1.08620e-07
 Reference value :  1.13615e-07
 Reference value :  1.18114e-07
 Reference value :  1.23934e-07
 Reference value :  1.28373e-07
 Reference value :  1.32097e-07
 Reference value :  1.36218e-07
 Reference value :  1.40159e-07
 Reference value :  1.43634e-07
 Reference value :  1.48926e-07
 Reference value :  1.53773e-07
 Reference value :  1.58148e-07
 Reference value :  1.62298e-07
 Reference value :  1.66845e-07
 Reference value :  1.70534e-07
 Reference value :  1.75161e-07
 Reference value :  1.79793e-07
 Reference value :  1.84081e-07
 Reference value :  1.87953e-07
 Reference value :  1.91872e-07
 Reference value :  1.96180e-07
 Reference value :  1.99407e-07
 Reference value :  2.03978e-07
 Reference value :  2.07433e-07
 Reference value :  2.11000e-07
 Reference value :  2.15661e-07
 Reference value :  2.19090e-07
 Reference value :  2.22859e-07
 Reference value :  2.26811e-07
 Reference value :  2.28393e-07
 Reference value :  2.34121e-07
 Reference value :  2.37496e-07
 Reference value :  2.41591e-07
 Reference value :  2.45330e-07
 Reference value :  2.48836e-07
 Reference value :  2.52154e-07
 Reference value :  2.56971e-07
 Reference value :  2.61239e-07
 Reference value :  2.64569e-07
 Reference value :  2.67202e-07
 Reference value :  2.71983e-07
 Reference value :  2.75890e-07
 Reference value :  2.80407e-07
 Reference value :  2.83162e-07
 Reference value :  2.87632e-07
 Reference value :  2.91523e-07
 Reference value :  2.97317e-07
 Reference value :  3.02067e-07
 Reference value :  3.06250e-07
 Reference value :  3.12471e-07
 Reference value :  3.17134e-07
 Reference value :  3.22638e-07
 Reference value :  3.27822e-07
 Reference value :  3.31124e-07
 Reference value :  3.36753e-07
 Reference value :  3.41221e-07
 Reference value :  3.45608e-07
 Reference value :  3.50134e-07
 Reference value :  3.54675e-07
 Reference value :  3.59215e-07
 Reference value :  3.63043e-07
 Reference value :  3.68238e-07
 Reference value :  3.72605e-07
 Reference value :  3.76514e-07
 Reference value :  3.79698e-07
 Reference value :  3.84384e-07
 Reference value :  3.88310e-07
 Reference value :  3.95042e-07
 Reference value :  4.00638e-07
 Reference value :  4.07800e-07
 Reference value :  4.14251e-07
 Reference value :  4.20608e-07
 Reference value :  4.28595e-07
 Reference value :  4.34439e-07
 Reference value :  4.39970e-07
 Reference value :  4.46814e-07
 Reference value :  4.53659e-07
 Reference value :  4.61544e-07
 Reference value :  4.67882e-07
 Reference value :  4.74205e-07
 Reference value :  4.80587e-07
 Reference value :  4.86914e-07
 Reference value :  4.93477e-07
 Reference value :  4.98319e-07
 Reference value :  5.02104e-07
No. of Data Rows : 4559

  Measurements for Transient Analysis

tp1                 =  1.51665e-07 targ=  3.41597e-07 trig=  1.89932e-07
tp2                 =  1.24888e-07 targ=  3.12548e-07 trig=  1.87661e-07
tp3                 =  1.05240e-07 targ=  2.89789e-07 trig=  1.84549e-07
tp4                 =  9.04979e-08 targ=  2.94537e-07 trig=  2.04039e-07
tp5                 =  7.91122e-08 targ=  2.77231e-07 trig=  1.98119e-07
tp6                 =  7.00841e-08 targ=  2.63132e-07 trig=  1.93048e-07
tp7                 =  6.27628e-08 targ=  2.51385e-07 trig=  1.88622e-07
f1                  =  2.63738e+07
f2                  =  3.20288e+07
f3                  =  3.80082e+07
f4                  =  4.41999e+07
f5                  =  5.05611e+07
f6                  =  5.70743e+07
f7                  =  6.37320e+07
i1                  =  8.70777e-05 from=  1.83330e-07 to=  5.04158e-07
i2                  =  1.00184e-04 from=  1.83330e-07 to=  5.04158e-07
i3                  =  1.12823e-04 from=  1.83330e-07 to=  5.04158e-07
i4                  =  1.25665e-04 from=  1.83330e-07 to=  5.04158e-07
i5                  =  1.38644e-04 from=  1.83330e-07 to=  5.04158e-07
i6                  =  1.52768e-04 from=  1.83330e-07 to=  5.04158e-07
i7                  =  1.66025e-04 from=  1.83330e-07 to=  5.04158e-07
sw1hi               =  3.38614e+00 at=  4.17559e-07
sw1lo               =  -1.04610e-01 at=  2.83497e-07
sw7hi               =  3.44033e+00 at=  4.86914e-07
sw7lo               =  -1.52568e-01 at=  4.47203e-07

ngspice-46 done

Warning: m=xx on .subckt line will override multiplier m hierarchy!

