
Note: Compatibility modes selected: hs a


Circuit: * vco-tuning-range @ ff_125c_3.63v_band3 -- generated by sim/harness, do not edit

Doing analysis at TEMP = 125.000000 and TNOM = 27.000000

Using SPARSE 1.3 as Direct Linear Solver

Initial Transient Solution
--------------------------

Node                                   Voltage
----                                   -------
vdd                                       3.63
nb0                                       3.63
nb1                                       3.63
nb2                                          0
vc1                                        0.9
vc2                                        1.2
vc3                                        1.5
vc4                                        1.8
vc5                                        2.1
vc6                                        2.4
vc7                                        2.7
nv1                                       3.63
nv2                                       3.63
nv3                                       3.63
nv4                                       3.63
nv5                                       3.63
nv6                                       3.63
nv7                                       3.63
x1.xbias.na                           0.858471
x1.xbias.vbpc                          2.80335
x1.xbias.nc                           0.168444
x1.xbias.xrcg.11                      0.168178
x1.xbias.xrcg.21                   0.000265969
x1.xbias.nsu                         0.0150104
x1.xbias.vfix                          1.38287
x1.xbias.nmd                          0.595965
x1.xbias.vbp0                          3.00336
x1.xbias.noff                         0.637289
x1.xbias.xroff.11                     0.637113
x1.xbias.xroff.21                  0.000175911
x1.xbias.nvi                          0.306975
x1.xbias.xrdeg.11                      0.30689
x1.xbias.xrdeg.21                  8.47345e-05
x1.xbias.b0b                       4.74399e-07
x1.xbias.b1b                       4.74399e-07
x1.xbias.b2b                           3.62999
x1.xbias.vbn1                         0.555805
x1.xbias.ga                            3.00336
x1.xbias.vbp2                          2.88343
x1.xbias.gb                           0.555805
x1.vbn                                0.577066
x1.xbias.gc                               3.63
x1.vbp                                 2.93642
x1.xs1.nh                              1.07752
x1.y1                                        0
x1.y5                                        0
x1.xs1.nt                         -4.79111e-59
x1.xs2.nh                                 3.63
x1.y2                                     3.63
x1.xs2.nt                          5.71317e-05
x1.xs3.nh                              3.62999
x1.y3                                        0
x1.xs3.nt                        -1.81849e-119
x1.xs4.nh                                 3.63
x1.y4                                     3.63
x1.xs4.nt                          5.71317e-05
x1.xs5.nh                              3.62999
x1.xs5.nt                        -1.81849e-119
x1.nb1                                 3.62999
x1.nb2                             5.16163e-07
clk1                                   3.62999
x1.xcdec1.c_moscap_int1                  -3.63
x1.xcdec2.c_moscap_int1                  -3.63
x2.xbias.na                           0.858471
x2.xbias.vbpc                          2.80335
x2.xbias.nc                           0.168444
x2.xbias.xrcg.11                      0.168178
x2.xbias.xrcg.21                   0.000265969
x2.xbias.nsu                         0.0150104
x2.xbias.vfix                          1.38287
x2.xbias.nmd                          0.595965
x2.xbias.vbp0                          2.98722
x2.xbias.noff                         0.637264
x2.xbias.xroff.11                     0.637088
x2.xbias.xroff.21                  0.000175904
x2.xbias.nvi                          0.508984
x2.xbias.xrdeg.11                     0.508844
x2.xbias.xrdeg.21                  0.000140495
x2.xbias.b0b                       4.74399e-07
x2.xbias.b1b                       4.74399e-07
x2.xbias.b2b                           3.62999
x2.xbias.vbn1                         0.571684
x2.xbias.ga                            2.98722
x2.xbias.vbp2                           2.8604
x2.xbias.gb                           0.571684
x2.vbn                                0.593011
x2.xbias.gc                               3.63
x2.vbp                                 2.91847
x2.xs1.nh                               1.0933
x2.y1                                        0
x2.y5                                        0
x2.xs1.nt                         -1.49539e-30
x2.xs2.nh                                 3.63
x2.y2                                     3.63
x2.xs2.nt                          5.06694e-05
x2.xs3.nh                              3.62999
x2.y3                                        0
x2.xs3.nt                          -2.6605e-44
x2.xs4.nh                                 3.63
x2.y4                                     3.63
x2.xs4.nt                          5.06694e-05
x2.xs5.nh                              3.62999
x2.xs5.nt                          -2.6605e-44
x2.nb1                                 3.62999
x2.nb2                             5.16163e-07
clk2                                   3.62999
x2.xcdec1.c_moscap_int1                  -3.63
x2.xcdec2.c_moscap_int1                  -3.63
x3.xbias.na                           0.858471
x3.xbias.vbpc                          2.80335
x3.xbias.nc                           0.168444
x3.xbias.xrcg.11                      0.168178
x3.xbias.xrcg.21                   0.000265969
x3.xbias.nsu                         0.0150104
x3.xbias.vfix                          1.38287
x3.xbias.nmd                          0.595965
x3.xbias.vbp0                           2.9724
x3.xbias.noff                         0.637242
x3.xbias.xroff.11                     0.637066
x3.xbias.xroff.21                  0.000175898
x3.xbias.nvi                          0.720907
x3.xbias.xrdeg.11                     0.720708
x3.xbias.xrdeg.21                  0.000198992
x3.xbias.b0b                       4.74399e-07
x3.xbias.b1b                       4.74399e-07
x3.xbias.b2b                           3.62999
x3.xbias.vbn1                         0.586393
x3.xbias.ga                             2.9724
x3.xbias.vbp2                           2.8387
x3.xbias.gb                           0.586393
x3.vbn                                0.607816
x3.xbias.gc                               3.63
x3.vbp                                 2.90177
x3.xs1.nh                              1.10802
x3.y1                                        0
x3.y5                                        0
x3.xs1.nt                         -1.07731e-30
x3.xs2.nh                                 3.63
x3.y2                                     3.63
x3.xs2.nt                          4.56873e-05
x3.xs3.nh                                 3.63
x3.y3                                        0
x3.xs3.nt                         -9.81569e-53
x3.xs4.nh                                 3.63
x3.y4                                     3.63
x3.xs4.nt                          4.56873e-05
x3.xs5.nh                                 3.63
x3.xs5.nt                         -9.81569e-53
x3.nb1                                 3.62999
x3.nb2                             5.16163e-07
clk3                                   3.62999
x3.xcdec1.c_moscap_int1                  -3.63
x3.xcdec2.c_moscap_int1                  -3.63
x4.xbias.na                           0.858471
x4.xbias.vbpc                          2.80335
x4.xbias.nc                           0.168444
x4.xbias.xrcg.11                      0.168178
x4.xbias.xrcg.21                   0.000265969
x4.xbias.nsu                         0.0150104
x4.xbias.vfix                          1.38287
x4.xbias.nmd                          0.595965
x4.xbias.vbp0                          2.95874
x4.xbias.noff                         0.637221
x4.xbias.xroff.11                     0.637045
x4.xbias.xroff.21                  0.000175892
x4.xbias.nvi                          0.939449
x4.xbias.xrdeg.11                     0.939189
x4.xbias.xrdeg.21                  0.000259317
x4.xbias.b0b                       4.74399e-07
x4.xbias.b1b                       4.74399e-07
x4.xbias.b2b                           3.62999
x4.xbias.vbn1                         0.600052
x4.xbias.ga                            2.95874
x4.xbias.vbp2                          2.81827
x4.xbias.gb                           0.600052
x4.vbn                                0.621594
x4.xbias.gc                               3.63
x4.vbp                                 2.88619
x4.xs1.nh                              1.12177
x4.y1                                        0
x4.y5                                        0
x4.xs1.nt                         -4.59571e-43
x4.xs2.nh                                 3.63
x4.y2                                     3.63
x4.xs2.nt                           4.1756e-05
x4.xs3.nh                                 3.63
x4.y3                                        0
x4.xs3.nt                         -3.54293e-61
x4.xs4.nh                                 3.63
x4.y4                                     3.63
x4.xs4.nt                           4.1756e-05
x4.xs5.nh                                 3.63
x4.xs5.nt                         -3.54293e-61
x4.nb1                                 3.62999
x4.nb2                             5.16163e-07
clk4                                   3.62999
x4.xcdec1.c_moscap_int1                  -3.63
x4.xcdec2.c_moscap_int1                  -3.63
x5.xbias.na                           0.858471
x5.xbias.vbpc                          2.80335
x5.xbias.nc                           0.168444
x5.xbias.xrcg.11                      0.168178
x5.xbias.xrcg.21                   0.000265969
x5.xbias.nsu                         0.0150104
x5.xbias.vfix                          1.38287
x5.xbias.nmd                          0.595965
x5.xbias.vbp0                          2.94607
x5.xbias.noff                         0.637202
x5.xbias.xroff.11                     0.637026
x5.xbias.xroff.21                  0.000175887
x5.xbias.nvi                             1.163
x5.xbias.xrdeg.11                      1.16268
x5.xbias.xrdeg.21                  0.000321024
x5.xbias.b0b                       4.74399e-07
x5.xbias.b1b                       4.74399e-07
x5.xbias.b2b                           3.62999
x5.xbias.vbn1                         0.612823
x5.xbias.ga                            2.94607
x5.xbias.vbp2                          2.79895
x5.xbias.gb                           0.612823
x5.vbn                                0.634498
x5.xbias.gc                               3.63
x5.vbp                                 2.87159
x5.xs1.nh                               1.1347
x5.y1                                        0
x5.y5                                        0
x5.xs1.nt                         -2.64034e-43
x5.xs2.nh                                 3.63
x5.y2                                     3.63
x5.xs2.nt                          3.85781e-05
x5.xs3.nh                                 3.63
x5.y3                                        0
x5.xs3.nt                          1.25477e-69
x5.xs4.nh                                 3.63
x5.y4                                     3.63
x5.xs4.nt                          3.85781e-05
x5.xs5.nh                                 3.63
x5.xs5.nt                          1.25477e-69
x5.nb1                                 3.62999
x5.nb2                             5.16163e-07
clk5                                   3.62999
x5.xcdec1.c_moscap_int1                  -3.63
x5.xcdec2.c_moscap_int1                  -3.63
x6.xbias.na                           0.858471
x6.xbias.vbpc                          2.80335
x6.xbias.nc                           0.168444
x6.xbias.xrcg.11                      0.168178
x6.xbias.xrcg.21                   0.000265969
x6.xbias.nsu                         0.0150104
x6.xbias.vfix                          1.38287
x6.xbias.nmd                          0.595965
x6.xbias.vbp0                          2.93421
x6.xbias.noff                         0.637183
x6.xbias.xroff.11                     0.637008
x6.xbias.xroff.21                  0.000175882
x6.xbias.nvi                           1.39061
x6.xbias.xrdeg.11                      1.39023
x6.xbias.xrdeg.21                  0.000383851
x6.xbias.b0b                       4.74399e-07
x6.xbias.b1b                       4.74399e-07
x6.xbias.b2b                           3.62999
x6.xbias.vbn1                         0.624844
x6.xbias.ga                            2.93421
x6.xbias.vbp2                          2.78058
x6.xbias.gb                           0.624844
x6.vbn                                0.646666
x6.xbias.gc                               3.63
x6.vbp                                  2.8578
x6.xs1.nh                              1.14692
x6.y1                                        0
x6.y5                                        0
x6.xs1.nt                         -2.48469e-86
x6.xs2.nh                                 3.63
x6.y2                                     3.63
x6.xs2.nt                          3.59544e-05
x6.xs3.nh                                 3.63
x6.y3                                        0
x6.xs3.nt                         4.16723e-154
x6.xs4.nh                                 3.63
x6.y4                                     3.63
x6.xs4.nt                          3.59544e-05
x6.xs5.nh                                 3.63
x6.xs5.nt                         4.16723e-154
x6.nb1                                 3.62999
x6.nb2                             5.16163e-07
clk6                                   3.62999
x6.xcdec1.c_moscap_int1                  -3.63
x6.xcdec2.c_moscap_int1                  -3.63
x7.xbias.na                           0.858471
x7.xbias.vbpc                          2.80335
x7.xbias.nc                           0.168444
x7.xbias.xrcg.11                      0.168178
x7.xbias.xrcg.21                   0.000265969
x7.xbias.nsu                         0.0150104
x7.xbias.vfix                          1.38287
x7.xbias.nmd                          0.595965
x7.xbias.vbp0                          2.92306
x7.xbias.noff                         0.637166
x7.xbias.xroff.11                     0.636991
x7.xbias.xroff.21                  0.000175877
x7.xbias.nvi                           1.62163
x7.xbias.xrdeg.11                      1.62118
x7.xbias.xrdeg.21                   0.00044762
x7.xbias.b0b                       4.74399e-07
x7.xbias.b1b                       4.74399e-07
x7.xbias.b2b                           3.62999
x7.xbias.vbn1                          0.63623
x7.xbias.ga                            2.92306
x7.xbias.vbp2                          2.76303
x7.xbias.gb                            0.63623
x7.vbn                                0.658207
x7.xbias.gc                               3.63
x7.vbp                                 2.84472
x7.xs1.nh                              1.15854
x7.y1                                        0
x7.y5                                        0
x7.xs1.nt                         -9.11137e-16
x7.xs2.nh                                 3.63
x7.y2                                     3.63
x7.xs2.nt                          3.37486e-05
x7.xs3.nh                                 3.63
x7.y3                                        0
x7.xs3.nt                          4.05891e-17
x7.xs4.nh                                 3.63
x7.y4                                     3.63
x7.xs4.nt                          3.37486e-05
x7.xs5.nh                                 3.63
x7.xs5.nt                          4.05891e-17
x7.nb1                                 3.62999
x7.nb2                             5.16163e-07
clk7                                   3.62999
x7.xcdec1.c_moscap_int1                  -3.63
x7.xcdec2.c_moscap_int1                  -3.63
e.x7.xcdec2.ec_moscap#branch                 0
e.x7.xcdec1.ec_moscap#branch                 0
e.x6.xcdec2.ec_moscap#branch                 0
e.x6.xcdec1.ec_moscap#branch                 0
e.x5.xcdec2.ec_moscap#branch                 0
e.x5.xcdec1.ec_moscap#branch                 0
e.x4.xcdec2.ec_moscap#branch                 0
e.x4.xcdec1.ec_moscap#branch                 0
e.x3.xcdec2.ec_moscap#branch                 0
e.x3.xcdec1.ec_moscap#branch                 0
e.x2.xcdec2.ec_moscap#branch                 0
e.x2.xcdec1.ec_moscap#branch                 0
e.x1.xcdec2.ec_moscap#branch                 0
e.x1.xcdec1.ec_moscap#branch                 0
vs7#branch                         0.000153501
vs6#branch                         0.000140996
vs5#branch                         0.000128624
vs4#branch                         0.000116418
vs3#branch                         0.000104426
vs2#branch                          9.2729e-05
vs1#branch                         8.14902e-05
vv7#branch                                   0
vv6#branch                                   0
vv5#branch                                   0
vv4#branch                                   0
vv3#branch                                   0
vv2#branch                                   0
vv1#branch                                   0
vb2#branch                                   0
vb1#branch                                   0
vb0#branch                                   0
vdd#branch                        -0.000818185

 Reference value :  0.00000e+00
 Reference value :  8.32950e-09
 Reference value :  1.52142e-08
 Reference value :  2.06185e-08
 Reference value :  2.70565e-08
 Reference value :  3.23678e-08
 Reference value :  3.82755e-08
 Reference value :  4.40841e-08
 Reference value :  5.04600e-08
 Reference value :  5.61118e-08
 Reference value :  6.25392e-08
 Reference value :  6.88570e-08
 Reference value :  7.56872e-08
 Reference value :  8.17470e-08
 Reference value :  8.77822e-08
 Reference value :  9.41992e-08
 Reference value :  9.95603e-08
 Reference value :  1.04709e-07
 Reference value :  1.11590e-07
 Reference value :  1.19597e-07
 Reference value :  1.26466e-07
 Reference value :  1.28419e-07
 Reference value :  1.36899e-07
 Reference value :  1.43263e-07
 Reference value :  1.48792e-07
 Reference value :  1.54358e-07
 Reference value :  1.61516e-07
 Reference value :  1.67370e-07
 Reference value :  1.73176e-07
 Reference value :  1.80019e-07
 Reference value :  1.87142e-07
 Reference value :  1.92425e-07
 Reference value :  1.99120e-07
 Reference value :  2.04335e-07
 Reference value :  2.10736e-07
 Reference value :  2.17240e-07
 Reference value :  2.24077e-07
 Reference value :  2.30643e-07
 Reference value :  2.37832e-07
 Reference value :  2.43349e-07
 Reference value :  2.52654e-07
 Reference value :  2.56373e-07
 Reference value :  2.64317e-07
 Reference value :  2.69910e-07
 Reference value :  2.75985e-07
 Reference value :  2.83844e-07
 Reference value :  2.91812e-07
 Reference value :  2.96897e-07
 Reference value :  3.03148e-07
 Reference value :  3.09563e-07
 Reference value :  3.18020e-07
 Reference value :  3.24298e-07
 Reference value :  3.31521e-07
 Reference value :  3.37455e-07
 Reference value :  3.44817e-07
 Reference value :  3.51243e-07
 Reference value :  3.57877e-07
 Reference value :  3.65275e-07
 Reference value :  3.70847e-07
 Reference value :  3.79461e-07
 Reference value :  3.84742e-07
 Reference value :  3.95111e-07
 Reference value :  4.01109e-07
 Reference value :  4.09545e-07
 Reference value :  4.16783e-07
 Reference value :  4.23579e-07
 Reference value :  4.31968e-07
 Reference value :  4.38914e-07
 Reference value :  4.46093e-07
 Reference value :  4.53225e-07
 Reference value :  4.60719e-07
 Reference value :  4.68454e-07
 Reference value :  4.76974e-07
 Reference value :  4.83856e-07
 Reference value :  4.90891e-07
 Reference value :  4.97065e-07
 Reference value :  5.03875e-07
 Reference value :  5.10850e-07
 Reference value :  5.15738e-07
 Reference value :  5.25429e-07
 Reference value :  5.34558e-07
 Reference value :  5.43144e-07
 Reference value :  5.49003e-07
 Reference value :  5.57224e-07
 Reference value :  5.63872e-07
 Reference value :  5.69382e-07
 Reference value :  5.76421e-07
 Reference value :  5.83247e-07
 Reference value :  5.90125e-07
 Reference value :  5.97502e-07
 Reference value :  6.05368e-07
 Reference value :  6.11744e-07
 Reference value :  6.18821e-07
 Reference value :  6.24268e-07
 Reference value :  6.30050e-07
 Reference value :  6.37308e-07
 Reference value :  6.42675e-07
 Reference value :  6.50130e-07
 Reference value :  6.55339e-07
 Reference value :  6.60487e-07
 Reference value :  6.68285e-07
 Reference value :  6.74302e-07
 Reference value :  6.82242e-07
 Reference value :  6.89998e-07
 Reference value :  6.94688e-07
 Reference value :  7.02244e-07
 Reference value :  7.09267e-07
 Reference value :  7.16162e-07
 Reference value :  7.20204e-07
 Reference value :  7.28145e-07
 Reference value :  7.34366e-07
 Reference value :  7.41519e-07
 Reference value :  7.48418e-07
 Reference value :  7.55400e-07
 Reference value :  7.64085e-07
 Reference value :  7.68690e-07
 Reference value :  7.76704e-07
 Reference value :  7.82581e-07
 Reference value :  7.90894e-07
 Reference value :  7.97341e-07
 Reference value :  8.02070e-07
 Reference value :  8.08682e-07
 Reference value :  8.17157e-07
 Reference value :  8.22120e-07
 Reference value :  8.30546e-07
No. of Data Rows : 4731

  Measurements for Transient Analysis

tp1                 =  2.38856e-07 targ=  5.97113e-07 trig=  3.58257e-07
tp2                 =  1.98454e-07 targ=  5.45745e-07 trig=  3.47291e-07
tp3                 =  1.68452e-07 targ=  5.05488e-07 trig=  3.37036e-07
tp4                 =  1.45811e-07 targ=  4.73790e-07 trig=  3.27979e-07
tp5                 =  1.27891e-07 targ=  4.48037e-07 trig=  3.20146e-07
tp6                 =  1.13771e-07 targ=  4.26931e-07 trig=  3.13161e-07
tp7                 =  1.02234e-07 targ=  4.09141e-07 trig=  3.06907e-07
f1                  =  1.67465e+07
f2                  =  2.01558e+07
f3                  =  2.37456e+07
f4                  =  2.74327e+07
f5                  =  3.12767e+07
f6                  =  3.51585e+07
f7                  =  3.91261e+07
i1                  =  1.15948e-04 from=  3.02478e-07 to=  8.31814e-07
i2                  =  1.30441e-04 from=  3.02478e-07 to=  8.31814e-07
i3                  =  1.45092e-04 from=  3.02478e-07 to=  8.31814e-07
i4                  =  1.59954e-04 from=  3.02478e-07 to=  8.31814e-07
i5                  =  1.75582e-04 from=  3.02478e-07 to=  8.31814e-07
i6                  =  1.90578e-04 from=  3.02478e-07 to=  8.31814e-07
i7                  =  2.05852e-04 from=  3.02478e-07 to=  8.31814e-07
sw1hi               =  3.72970e+00 at=  5.97356e-07
sw1lo               =  -9.42177e-02 at=  6.85045e-07
sw7hi               =  3.74850e+00 at=  7.16042e-07
sw7lo               =  -1.24608e-01 at=  7.02591e-07

ngspice-46 done

Warning: m=xx on .subckt line will override multiplier m hierarchy!

