
Note: Compatibility modes selected: hs a


Circuit: * vco-tuning-range @ ff_125c_2.97v_band3 -- generated by sim/harness, do not edit

Doing analysis at TEMP = 125.000000 and TNOM = 27.000000

Using SPARSE 1.3 as Direct Linear Solver

Initial Transient Solution
--------------------------

Node                                   Voltage
----                                   -------
vdd                                       2.97
nb0                                       2.97
nb1                                       2.97
nb2                                          0
vc1                                        0.9
vc2                                        1.2
vc3                                        1.5
vc4                                        1.8
vc5                                        2.1
vc6                                        2.4
vc7                                        2.7
nv1                                       2.97
nv2                                       2.97
nv3                                       2.97
nv4                                       2.97
nv5                                       2.97
nv6                                       2.97
nv7                                       2.97
x1.xbias.na                           0.849438
x1.xbias.vbpc                          2.14853
x1.xbias.nc                           0.163147
x1.xbias.xrcg.11                      0.162889
x1.xbias.xrcg.21                   0.000257604
x1.xbias.nsu                        0.00936194
x1.xbias.vfix                          1.37364
x1.xbias.nmd                          0.591929
x1.xbias.vbp0                          2.34423
x1.xbias.noff                         0.629723
x1.xbias.xroff.11                     0.629549
x1.xbias.xroff.21                  0.000173823
x1.xbias.nvi                          0.305951
x1.xbias.xrdeg.11                     0.305867
x1.xbias.xrdeg.21                   8.4452e-05
x1.xbias.b0b                       4.14167e-07
x1.xbias.b1b                       4.14167e-07
x1.xbias.b2b                              2.97
x1.xbias.vbn1                          0.55421
x1.xbias.ga                            2.34423
x1.xbias.vbp2                          2.22861
x1.xbias.gb                           0.554209
x1.vbn                                 0.57281
x1.xbias.gc                               2.97
x1.vbp                                 2.28574
x1.xs1.nh                              0.99884
x1.y1                                        0
x1.y5                                        0
x1.xs1.nt                          2.22279e-47
x1.xs2.nh                                 2.97
x1.y2                                     2.97
x1.xs2.nt                          3.68786e-05
x1.xs3.nh                                 2.97
x1.y3                                        0
x1.xs3.nt                         -1.27366e-85
x1.xs4.nh                                 2.97
x1.y4                                     2.97
x1.xs4.nt                          3.68786e-05
x1.xs5.nh                                 2.97
x1.xs5.nt                         -1.27366e-85
x1.nb1                                    2.97
x1.nb2                             4.47941e-07
clk1                                      2.97
x1.xcdec1.c_moscap_int1                  -2.97
x1.xcdec2.c_moscap_int1                  -2.97
x2.xbias.na                           0.849438
x2.xbias.vbpc                          2.14853
x2.xbias.nc                           0.163147
x2.xbias.xrcg.11                      0.162889
x2.xbias.xrcg.21                   0.000257604
x2.xbias.nsu                        0.00936194
x2.xbias.vfix                          1.37364
x2.xbias.nmd                          0.591929
x2.xbias.vbp0                          2.32794
x2.xbias.noff                         0.629697
x2.xbias.xroff.11                     0.629523
x2.xbias.xroff.21                  0.000173816
x2.xbias.nvi                           0.50796
x2.xbias.xrdeg.11                      0.50782
x2.xbias.xrdeg.21                  0.000140213
x2.xbias.b0b                       4.14167e-07
x2.xbias.b1b                       4.14167e-07
x2.xbias.b2b                              2.97
x2.xbias.vbn1                         0.570208
x2.xbias.ga                            2.32794
x2.xbias.vbp2                          2.20546
x2.xbias.gb                           0.570208
x2.vbn                                0.588879
x2.xbias.gc                               2.97
x2.vbp                                 2.26768
x2.xs1.nh                              1.01441
x2.y1                                        0
x2.y5                                        0
x2.xs1.nt                            6.905e-47
x2.xs2.nh                                 2.97
x2.y2                                     2.97
x2.xs2.nt                          3.25943e-05
x2.xs3.nh                                 2.97
x2.y3                                        0
x2.xs3.nt                            1.182e-85
x2.xs4.nh                                 2.97
x2.y4                                     2.97
x2.xs4.nt                          3.25943e-05
x2.xs5.nh                                 2.97
x2.xs5.nt                            1.182e-85
x2.nb1                                    2.97
x2.nb2                             4.47941e-07
clk2                                      2.97
x2.xcdec1.c_moscap_int1                  -2.97
x2.xcdec2.c_moscap_int1                  -2.97
x3.xbias.na                           0.849438
x3.xbias.vbpc                          2.14853
x3.xbias.nc                           0.163147
x3.xbias.xrcg.11                      0.162889
x3.xbias.xrcg.21                   0.000257604
x3.xbias.nsu                        0.00936194
x3.xbias.vfix                          1.37364
x3.xbias.nmd                          0.591929
x3.xbias.vbp0                          2.31301
x3.xbias.noff                         0.629673
x3.xbias.xroff.11                       0.6295
x3.xbias.xroff.21                  0.000173809
x3.xbias.nvi                          0.719882
x3.xbias.xrdeg.11                     0.719683
x3.xbias.xrdeg.21                  0.000198709
x3.xbias.b0b                       4.14167e-07
x3.xbias.b1b                       4.14167e-07
x3.xbias.b2b                              2.97
x3.xbias.vbn1                         0.585004
x3.xbias.ga                            2.31301
x3.xbias.vbp2                          2.18369
x3.xbias.gb                           0.585004
x3.vbn                                0.603768
x3.xbias.gc                               2.97
x3.vbp                                  2.2509
x3.xs1.nh                               1.0289
x3.y1                                        0
x3.y5                                        0
x3.xs1.nt                          4.81653e-51
x3.xs2.nh                                 2.97
x3.y2                                     2.97
x3.xs2.nt                          2.93105e-05
x3.xs3.nh                                 2.97
x3.y3                                        0
x3.xs3.nt                          5.02632e-94
x3.xs4.nh                                 2.97
x3.y4                                     2.97
x3.xs4.nt                          2.93105e-05
x3.xs5.nh                                 2.97
x3.xs5.nt                          5.02632e-94
x3.nb1                                    2.97
x3.nb2                             4.47941e-07
clk3                                      2.97
x3.xcdec1.c_moscap_int1                  -2.97
x3.xcdec2.c_moscap_int1                  -2.97
x4.xbias.na                           0.849438
x4.xbias.vbpc                          2.14853
x4.xbias.nc                           0.163147
x4.xbias.xrcg.11                      0.162889
x4.xbias.xrcg.21                   0.000257604
x4.xbias.nsu                        0.00936194
x4.xbias.vfix                          1.37364
x4.xbias.nmd                          0.591929
x4.xbias.vbp0                          2.29928
x4.xbias.noff                         0.629652
x4.xbias.xroff.11                     0.629478
x4.xbias.xroff.21                  0.000173803
x4.xbias.nvi                          0.938414
x4.xbias.xrdeg.11                     0.938155
x4.xbias.xrdeg.21                  0.000259031
x4.xbias.b0b                       4.14167e-07
x4.xbias.b1b                       4.14167e-07
x4.xbias.b2b                              2.97
x4.xbias.vbn1                         0.598716
x4.xbias.ga                            2.29928
x4.xbias.vbp2                          2.16322
x4.xbias.gb                           0.598716
x4.vbn                                0.617589
x4.xbias.gc                               2.97
x4.vbp                                  2.2353
x4.xs1.nh                              1.04241
x4.y1                                        0
x4.y5                                        0
x4.xs1.nt                         -1.52705e-18
x4.xs2.nh                                 2.97
x4.y2                                     2.97
x4.xs2.nt                          2.67332e-05
x4.xs3.nh                                 2.97
x4.y3                                        0
x4.xs3.nt                          6.11193e-19
x4.xs4.nh                                 2.97
x4.y4                                     2.97
x4.xs4.nt                          2.67332e-05
x4.xs5.nh                                 2.97
x4.xs5.nt                          6.11193e-19
x4.nb1                                    2.97
x4.nb2                             4.47941e-07
clk4                                      2.97
x4.xcdec1.c_moscap_int1                  -2.97
x4.xcdec2.c_moscap_int1                  -2.97
x5.xbias.na                           0.849438
x5.xbias.vbpc                          2.14853
x5.xbias.nc                           0.163147
x5.xbias.xrcg.11                      0.162889
x5.xbias.xrcg.21                   0.000257604
x5.xbias.nsu                        0.00936194
x5.xbias.vfix                          1.37364
x5.xbias.nmd                          0.591929
x5.xbias.vbp0                          2.28656
x5.xbias.noff                         0.629631
x5.xbias.xroff.11                     0.629457
x5.xbias.xroff.21                  0.000173797
x5.xbias.nvi                           1.16194
x5.xbias.xrdeg.11                      1.16162
x5.xbias.xrdeg.21                  0.000320732
x5.xbias.b0b                       4.14167e-07
x5.xbias.b1b                       4.14167e-07
x5.xbias.b2b                              2.97
x5.xbias.vbn1                         0.611516
x5.xbias.ga                            2.28656
x5.xbias.vbp2                          2.14388
x5.xbias.gb                           0.611516
x5.vbn                                0.630511
x5.xbias.gc                               2.97
x5.vbp                                  2.2207
x5.xs1.nh                              1.05506
x5.y1                                        0
x5.y5                                        0
x5.xs1.nt                          1.04411e-26
x5.xs2.nh                                 2.97
x5.y2                                     2.97
x5.xs2.nt                          2.46587e-05
x5.xs3.nh                                 2.97
x5.y3                                        0
x5.xs3.nt                         -9.67746e-36
x5.xs4.nh                                 2.97
x5.y4                                     2.97
x5.xs4.nt                          2.46587e-05
x5.xs5.nh                                 2.97
x5.xs5.nt                         -9.67746e-36
x5.nb1                                    2.97
x5.nb2                             4.47941e-07
clk5                                      2.97
x5.xcdec1.c_moscap_int1                  -2.97
x5.xcdec2.c_moscap_int1                  -2.97
x6.xbias.na                           0.849438
x6.xbias.vbpc                          2.14853
x6.xbias.nc                           0.163147
x6.xbias.xrcg.11                      0.162889
x6.xbias.xrcg.21                   0.000257604
x6.xbias.nsu                        0.00936194
x6.xbias.vfix                          1.37364
x6.xbias.nmd                          0.591929
x6.xbias.vbp0                          2.27467
x6.xbias.noff                         0.629612
x6.xbias.xroff.11                     0.629438
x6.xbias.xroff.21                  0.000173792
x6.xbias.nvi                            1.3895
x6.xbias.xrdeg.11                      1.38912
x6.xbias.xrdeg.21                  0.000383545
x6.xbias.b0b                       4.14167e-07
x6.xbias.b1b                       4.14167e-07
x6.xbias.b2b                              2.97
x6.xbias.vbn1                         0.623553
x6.xbias.ga                            2.27467
x6.xbias.vbp2                          2.12552
x6.xbias.gb                           0.623553
x6.vbn                                0.642678
x6.xbias.gc                               2.97
x6.vbp                                 2.20694
x6.xs1.nh                              1.06701
x6.y1                                        0
x6.y5                                        0
x6.xs1.nt                         -4.47177e-48
x6.xs2.nh                                 2.97
x6.y2                                     2.97
x6.xs2.nt                          2.29513e-05
x6.xs3.nh                                 2.97
x6.y3                                        0
x6.xs3.nt                         -1.60702e-77
x6.xs4.nh                                 2.97
x6.y4                                     2.97
x6.xs4.nt                          2.29513e-05
x6.xs5.nh                                 2.97
x6.xs5.nt                         -1.60702e-77
x6.nb1                                    2.97
x6.nb2                             4.47941e-07
clk6                                      2.97
x6.xcdec1.c_moscap_int1                  -2.97
x6.xcdec2.c_moscap_int1                  -2.97
x7.xbias.na                           0.849438
x7.xbias.vbpc                          2.14853
x7.xbias.nc                           0.163147
x7.xbias.xrcg.11                      0.162889
x7.xbias.xrcg.21                   0.000257604
x7.xbias.nsu                        0.00936194
x7.xbias.vfix                          1.37364
x7.xbias.nmd                          0.591929
x7.xbias.vbp0                          2.26348
x7.xbias.noff                         0.629594
x7.xbias.xroff.11                      0.62942
x7.xbias.xroff.21                  0.000173787
x7.xbias.nvi                            1.6204
x7.xbias.xrdeg.11                      1.61996
x7.xbias.xrdeg.21                  0.000447281
x7.xbias.b0b                       4.14167e-07
x7.xbias.b1b                       4.14167e-07
x7.xbias.b2b                              2.97
x7.xbias.vbn1                         0.634943
x7.xbias.ga                            2.26348
x7.xbias.vbp2                          2.10799
x7.xbias.gb                           0.634943
x7.vbn                                0.654206
x7.xbias.gc                               2.97
x7.vbp                                 2.19389
x7.xs1.nh                              1.07835
x7.y1                                        0
x7.y5                                        0
x7.xs1.nt                          1.25604e-31
x7.xs2.nh                                 2.97
x7.y2                                     2.97
x7.xs2.nt                          2.15197e-05
x7.xs3.nh                                 2.97
x7.y3                                        0
x7.xs3.nt                           7.5258e-53
x7.xs4.nh                                 2.97
x7.y4                                     2.97
x7.xs4.nt                          2.15197e-05
x7.xs5.nh                                 2.97
x7.xs5.nt                           7.5258e-53
x7.nb1                                    2.97
x7.nb2                             4.47941e-07
clk7                                      2.97
x7.xcdec1.c_moscap_int1                  -2.97
x7.xcdec2.c_moscap_int1                  -2.97
e.x7.xcdec2.ec_moscap#branch                 0
e.x7.xcdec1.ec_moscap#branch                 0
e.x6.xcdec2.ec_moscap#branch                 0
e.x6.xcdec1.ec_moscap#branch                 0
e.x5.xcdec2.ec_moscap#branch                 0
e.x5.xcdec1.ec_moscap#branch                 0
e.x4.xcdec2.ec_moscap#branch                 0
e.x4.xcdec1.ec_moscap#branch                 0
e.x3.xcdec2.ec_moscap#branch                 0
e.x3.xcdec1.ec_moscap#branch                 0
e.x2.xcdec2.ec_moscap#branch                 0
e.x2.xcdec1.ec_moscap#branch                 0
e.x1.xcdec2.ec_moscap#branch                 0
e.x1.xcdec1.ec_moscap#branch                 0
vs7#branch                         0.000147523
vs6#branch                         0.000135291
vs5#branch                         0.000123195
vs4#branch                         0.000111268
vs3#branch                         9.95567e-05
vs2#branch                         8.81412e-05
vs1#branch                         7.71935e-05
vv7#branch                                   0
vv6#branch                                   0
vv5#branch                                   0
vv4#branch                                   0
vv3#branch                                   0
vv2#branch                                   0
vv1#branch                                   0
vb2#branch                                   0
vb1#branch                                   0
vb0#branch                                   0
vdd#branch                        -0.000782169

 Reference value :  0.00000e+00
 Reference value :  7.21671e-09
 Reference value :  1.26297e-08
 Reference value :  1.84733e-08
 Reference value :  2.35505e-08
 Reference value :  3.00577e-08
 Reference value :  3.65940e-08
 Reference value :  4.27692e-08
 Reference value :  4.82674e-08
 Reference value :  5.21084e-08
 Reference value :  5.97976e-08
 Reference value :  6.71598e-08
 Reference value :  7.21474e-08
 Reference value :  7.76514e-08
 Reference value :  8.23570e-08
 Reference value :  8.89183e-08
 Reference value :  9.30129e-08
 Reference value :  9.98501e-08
 Reference value :  1.03845e-07
 Reference value :  1.11342e-07
 Reference value :  1.16951e-07
 Reference value :  1.22328e-07
 Reference value :  1.27066e-07
 Reference value :  1.32446e-07
 Reference value :  1.38099e-07
 Reference value :  1.42782e-07
 Reference value :  1.47844e-07
 Reference value :  1.53623e-07
 Reference value :  1.59445e-07
 Reference value :  1.64303e-07
 Reference value :  1.70362e-07
 Reference value :  1.75901e-07
 Reference value :  1.81583e-07
 Reference value :  1.86647e-07
 Reference value :  1.92579e-07
 Reference value :  1.98545e-07
 Reference value :  2.04209e-07
 Reference value :  2.06613e-07
 Reference value :  2.13164e-07
 Reference value :  2.19072e-07
 Reference value :  2.23762e-07
 Reference value :  2.29938e-07
 Reference value :  2.35293e-07
 Reference value :  2.40712e-07
 Reference value :  2.45624e-07
 Reference value :  2.50612e-07
 Reference value :  2.57166e-07
 Reference value :  2.62922e-07
 Reference value :  2.67754e-07
 Reference value :  2.73472e-07
 Reference value :  2.79200e-07
 Reference value :  2.84601e-07
 Reference value :  2.90009e-07
 Reference value :  2.95246e-07
 Reference value :  3.01051e-07
 Reference value :  3.05869e-07
 Reference value :  3.11489e-07
 Reference value :  3.18479e-07
 Reference value :  3.24358e-07
 Reference value :  3.28262e-07
 Reference value :  3.34755e-07
 Reference value :  3.40243e-07
 Reference value :  3.45418e-07
 Reference value :  3.49540e-07
 Reference value :  3.55079e-07
 Reference value :  3.61004e-07
 Reference value :  3.66952e-07
 Reference value :  3.71753e-07
 Reference value :  3.76060e-07
 Reference value :  3.82895e-07
 Reference value :  3.87490e-07
 Reference value :  3.94824e-07
 Reference value :  3.99575e-07
 Reference value :  4.06625e-07
 Reference value :  4.11101e-07
 Reference value :  4.15826e-07
 Reference value :  4.21152e-07
 Reference value :  4.26725e-07
 Reference value :  4.31693e-07
 Reference value :  4.36766e-07
 Reference value :  4.42562e-07
 Reference value :  4.46930e-07
 Reference value :  4.52001e-07
 Reference value :  4.57823e-07
 Reference value :  4.63628e-07
 Reference value :  4.69072e-07
 Reference value :  4.75215e-07
 Reference value :  4.81076e-07
 Reference value :  4.87652e-07
 Reference value :  4.91581e-07
 Reference value :  4.97366e-07
 Reference value :  5.02292e-07
 Reference value :  5.09168e-07
 Reference value :  5.14581e-07
 Reference value :  5.19661e-07
 Reference value :  5.26198e-07
 Reference value :  5.31189e-07
 Reference value :  5.37670e-07
 Reference value :  5.43837e-07
 Reference value :  5.48176e-07
 Reference value :  5.53002e-07
 Reference value :  5.58942e-07
 Reference value :  5.65137e-07
 Reference value :  5.69151e-07
 Reference value :  5.74807e-07
 Reference value :  5.80703e-07
 Reference value :  5.88037e-07
 Reference value :  5.92849e-07
 Reference value :  6.00748e-07
 Reference value :  6.07884e-07
 Reference value :  6.13553e-07
 Reference value :  6.18788e-07
 Reference value :  6.24390e-07
 Reference value :  6.30577e-07
 Reference value :  6.36481e-07
No. of Data Rows : 4518

  Measurements for Transient Analysis

tp1                 =  1.98310e-07 targ=  4.46617e-07 trig=  2.48307e-07
tp2                 =  1.63148e-07 targ=  4.08135e-07 trig=  2.44987e-07
tp3                 =  1.37299e-07 targ=  3.77931e-07 trig=  2.40632e-07
tp4                 =  1.17913e-07 targ=  3.53956e-07 trig=  2.36043e-07
tp5                 =  1.02740e-07 targ=  3.60134e-07 trig=  2.57395e-07
tp6                 =  9.08563e-08 targ=  3.41058e-07 trig=  2.50202e-07
tp7                 =  8.11739e-08 targ=  3.25033e-07 trig=  2.43860e-07
f1                  =  2.01705e+07
f2                  =  2.45176e+07
f3                  =  2.91334e+07
f4                  =  3.39234e+07
f5                  =  3.89334e+07
f6                  =  4.40255e+07
f7                  =  4.92769e+07
i1                  =  1.01400e-04 from=  2.34589e-07 to=  6.45120e-07
i2                  =  1.14589e-04 from=  2.34589e-07 to=  6.45120e-07
i3                  =  1.28755e-04 from=  2.34589e-07 to=  6.45120e-07
i4                  =  1.42999e-04 from=  2.34589e-07 to=  6.45120e-07
i5                  =  1.57068e-04 from=  2.34589e-07 to=  6.45120e-07
i6                  =  1.72111e-04 from=  2.34589e-07 to=  6.45120e-07
i7                  =  1.86285e-04 from=  2.34589e-07 to=  6.45120e-07
sw1hi               =  3.08874e+00 at=  2.98126e-07
sw1lo               =  -9.78735e-02 at=  5.19661e-07
sw7hi               =  3.08795e+00 at=  5.28193e-07
sw7lo               =  -1.27086e-01 at=  4.76889e-07

ngspice-46 done

Warning: m=xx on .subckt line will override multiplier m hierarchy!

