
Note: Compatibility modes selected: hs a


Circuit: * vco-tuning-range @ sf_125c_3.63v_band0 -- generated by sim/harness, do not edit

Doing analysis at TEMP = 125.000000 and TNOM = 27.000000

Using SPARSE 1.3 as Direct Linear Solver

Initial Transient Solution
--------------------------

Node                                   Voltage
----                                   -------
vdd                                       3.63
nb0                                          0
nb1                                          0
nb2                                          0
vc1                                        0.9
vc2                                        1.2
vc3                                        1.5
vc4                                        1.8
vc5                                        2.1
vc6                                        2.4
vc7                                        2.7
nv1                                       3.63
nv2                                       3.63
nv3                                       3.63
nv4                                       3.63
nv5                                       3.63
nv6                                       3.63
nv7                                       3.63
x1.xbias.na                            1.10166
x1.xbias.vbpc                          2.74798
x1.xbias.nc                           0.186943
x1.xbias.xrcg.11                      0.186647
x1.xbias.xrcg.21                   0.000295177
x1.xbias.nsu                         0.0138381
x1.xbias.vfix                          1.87701
x1.xbias.nmd                          0.804392
x1.xbias.vbp0                          2.96154
x1.xbias.noff                         0.836954
x1.xbias.xroff.11                     0.836723
x1.xbias.xroff.21                  0.000231025
x1.xbias.nvi                          0.183395
x1.xbias.xrdeg.11                     0.183345
x1.xbias.xrdeg.21                  5.06227e-05
x1.xbias.b0b                              3.63
x1.xbias.b1b                              3.63
x1.xbias.b2b                              3.63
x1.xbias.vbn1                         0.717086
x1.xbias.ga                               3.63
x1.xbias.vbp2                          2.98331
x1.xbias.gb                        2.89224e-09
x1.vbn                                0.669976
x1.xbias.gc                               3.63
x1.vbp                                  3.0161
x1.xs1.nh                               1.0233
x1.y1                                        0
x1.y5                                        0
x1.xs1.nt                         -1.27205e-12
x1.xs2.nh                                 3.63
x1.y2                                     3.63
x1.xs2.nt                          2.90857e-06
x1.xs3.nh                              3.62999
x1.y3                                        0
x1.xs3.nt                         -2.61362e-36
x1.xs4.nh                                 3.63
x1.y4                                     3.63
x1.xs4.nt                          2.90857e-06
x1.xs5.nh                              3.62999
x1.xs5.nt                         -2.61362e-36
x1.nb1                                    3.63
x1.nb2                             3.25262e-07
clk1                                      3.63
x1.xcdec1.c_moscap_int1                  -3.63
x1.xcdec2.c_moscap_int1                  -3.63
x2.xbias.na                            1.10166
x2.xbias.vbpc                          2.74798
x2.xbias.nc                           0.186943
x2.xbias.xrcg.11                      0.186647
x2.xbias.xrcg.21                   0.000295177
x2.xbias.nsu                         0.0138381
x2.xbias.vfix                          1.87701
x2.xbias.nmd                          0.804392
x2.xbias.vbp0                          2.94708
x2.xbias.noff                         0.836933
x2.xbias.xroff.11                     0.836702
x2.xbias.xroff.21                  0.000231019
x2.xbias.nvi                           0.37042
x2.xbias.xrdeg.11                     0.370318
x2.xbias.xrdeg.21                  0.000102247
x2.xbias.b0b                              3.63
x2.xbias.b1b                              3.63
x2.xbias.b2b                              3.63
x2.xbias.vbn1                         0.729899
x2.xbias.ga                               3.63
x2.xbias.vbp2                           2.9704
x2.xbias.gb                        2.89784e-09
x2.vbn                                0.680392
x2.xbias.gc                               3.63
x2.vbp                                 3.00507
x2.xs1.nh                              1.03275
x2.y1                                        0
x2.y5                                        0
x2.xs1.nt                         -5.91141e-34
x2.xs2.nh                                 3.63
x2.y2                                     3.63
x2.xs2.nt                          2.57858e-06
x2.xs3.nh                              3.62999
x2.y3                                        0
x2.xs3.nt                         -6.45691e-53
x2.xs4.nh                                 3.63
x2.y4                                     3.63
x2.xs4.nt                          2.57858e-06
x2.xs5.nh                              3.62999
x2.xs5.nt                         -6.45691e-53
x2.nb1                                    3.63
x2.nb2                             3.25262e-07
clk2                                      3.63
x2.xcdec1.c_moscap_int1                  -3.63
x2.xcdec2.c_moscap_int1                  -3.63
x3.xbias.na                            1.10166
x3.xbias.vbpc                          2.74798
x3.xbias.nc                           0.186943
x3.xbias.xrcg.11                      0.186647
x3.xbias.xrcg.21                   0.000295177
x3.xbias.nsu                         0.0138381
x3.xbias.vfix                          1.87701
x3.xbias.nmd                          0.804392
x3.xbias.vbp0                          2.93323
x3.xbias.noff                         0.836912
x3.xbias.xroff.11                     0.836681
x3.xbias.xroff.21                  0.000231013
x3.xbias.nvi                          0.571957
x3.xbias.xrdeg.11                     0.571799
x3.xbias.xrdeg.21                  0.000157877
x3.xbias.b0b                              3.63
x3.xbias.b1b                              3.63
x3.xbias.b2b                              3.63
x3.xbias.vbn1                         0.742152
x3.xbias.ga                               3.63
x3.xbias.vbp2                          2.95813
x3.xbias.gb                        2.90318e-09
x3.vbn                                0.690187
x3.xbias.gc                               3.63
x3.vbp                                 2.99467
x3.xs1.nh                              1.04168
x3.y1                                        0
x3.y5                                        0
x3.xs1.nt                          1.05297e-34
x3.xs2.nh                                 3.63
x3.y2                                     3.63
x3.xs2.nt                          2.31334e-06
x3.xs3.nh                              3.62999
x3.y3                                        0
x3.xs3.nt                         -7.61922e-53
x3.xs4.nh                                 3.63
x3.y4                                     3.63
x3.xs4.nt                          2.31334e-06
x3.xs5.nh                              3.62999
x3.xs5.nt                         -7.61922e-53
x3.nb1                                    3.63
x3.nb2                             3.25262e-07
clk3                                      3.63
x3.xcdec1.c_moscap_int1                  -3.63
x3.xcdec2.c_moscap_int1                  -3.63
x4.xbias.na                            1.10166
x4.xbias.vbpc                          2.74798
x4.xbias.nc                           0.186943
x4.xbias.xrcg.11                      0.186647
x4.xbias.xrcg.21                   0.000295177
x4.xbias.nsu                         0.0138381
x4.xbias.vfix                          1.87701
x4.xbias.nmd                          0.804392
x4.xbias.vbp0                          2.92021
x4.xbias.noff                         0.836892
x4.xbias.xroff.11                     0.836661
x4.xbias.xroff.21                  0.000231008
x4.xbias.nvi                          0.781946
x4.xbias.xrdeg.11                      0.78173
x4.xbias.xrdeg.21                  0.000215841
x4.xbias.b0b                              3.63
x4.xbias.b1b                              3.63
x4.xbias.b2b                              3.63
x4.xbias.vbn1                         0.753656
x4.xbias.ga                               3.63
x4.xbias.vbp2                          2.94666
x4.xbias.gb                        2.90818e-09
x4.vbn                                0.699238
x4.xbias.gc                               3.63
x4.vbp                                 2.98504
x4.xs1.nh                              1.04997
x4.y1                                        0
x4.y5                                        0
x4.xs1.nt                         -9.02293e-24
x4.xs2.nh                                 3.63
x4.y2                                     3.63
x4.xs2.nt                          2.10092e-06
x4.xs3.nh                              3.62999
x4.y3                                        0
x4.xs3.nt                          7.76062e-36
x4.xs4.nh                                 3.63
x4.y4                                     3.63
x4.xs4.nt                          2.10092e-06
x4.xs5.nh                              3.62999
x4.xs5.nt                          7.76062e-36
x4.nb1                                    3.63
x4.nb2                             3.25262e-07
clk4                                      3.63
x4.xcdec1.c_moscap_int1                  -3.63
x4.xcdec2.c_moscap_int1                  -3.63
x5.xbias.na                            1.10166
x5.xbias.vbpc                          2.74798
x5.xbias.nc                           0.186943
x5.xbias.xrcg.11                      0.186647
x5.xbias.xrcg.21                   0.000295177
x5.xbias.nsu                         0.0138381
x5.xbias.vfix                          1.87701
x5.xbias.nmd                          0.804392
x5.xbias.vbp0                          2.90797
x5.xbias.noff                         0.836874
x5.xbias.xroff.11                     0.836643
x5.xbias.xroff.21                  0.000231003
x5.xbias.nvi                          0.997953
x5.xbias.xrdeg.11                     0.997678
x5.xbias.xrdeg.21                  0.000275466
x5.xbias.b0b                              3.63
x5.xbias.b1b                              3.63
x5.xbias.b2b                              3.63
x5.xbias.vbn1                          0.76446
x5.xbias.ga                               3.63
x5.xbias.vbp2                          2.93594
x5.xbias.gb                        2.91286e-09
x5.vbn                                0.707612
x5.xbias.gc                               3.63
x5.vbp                                 2.97612
x5.xs1.nh                              1.05767
x5.y1                                        0
x5.y5                                        0
x5.xs1.nt                         -6.07083e-29
x5.xs2.nh                                 3.63
x5.y2                                     3.63
x5.xs2.nt                          1.92825e-06
x5.xs3.nh                              3.62999
x5.y3                                        0
x5.xs3.nt                          1.11312e-43
x5.xs4.nh                                 3.63
x5.y4                                     3.63
x5.xs4.nt                          1.92825e-06
x5.xs5.nh                              3.62999
x5.xs5.nt                          1.11312e-43
x5.nb1                                    3.63
x5.nb2                             3.25262e-07
clk5                                      3.63
x5.xcdec1.c_moscap_int1                  -3.63
x5.xcdec2.c_moscap_int1                  -3.63
x6.xbias.na                            1.10166
x6.xbias.vbpc                          2.74798
x6.xbias.nc                           0.186943
x6.xbias.xrcg.11                      0.186647
x6.xbias.xrcg.21                   0.000295177
x6.xbias.nsu                         0.0138381
x6.xbias.vfix                          1.87701
x6.xbias.nmd                          0.804392
x6.xbias.vbp0                          2.89642
x6.xbias.noff                         0.836857
x6.xbias.xroff.11                     0.836626
x6.xbias.xroff.21                  0.000230998
x6.xbias.nvi                           1.21868
x6.xbias.xrdeg.11                      1.21835
x6.xbias.xrdeg.21                  0.000336394
x6.xbias.b0b                              3.63
x6.xbias.b1b                              3.63
x6.xbias.b2b                              3.63
x6.xbias.vbn1                         0.774645
x6.xbias.ga                               3.63
x6.xbias.vbp2                          2.92588
x6.xbias.gb                        2.91727e-09
x6.vbn                                  0.7154
x6.xbias.gc                               3.63
x6.vbp                                 2.96781
x6.xs1.nh                              1.06486
x6.y1                                        0
x6.y5                                        0
x6.xs1.nt                          7.12874e-29
x6.xs2.nh                                 3.63
x6.y2                                     3.63
x6.xs2.nt                          1.78552e-06
x6.xs3.nh                              3.62999
x6.y3                                        0
x6.xs3.nt                         -5.60144e-36
x6.xs4.nh                                 3.63
x6.y4                                     3.63
x6.xs4.nt                          1.78552e-06
x6.xs5.nh                              3.62999
x6.xs5.nt                         -5.60144e-36
x6.nb1                                    3.63
x6.nb2                             3.25262e-07
clk6                                      3.63
x6.xcdec1.c_moscap_int1                  -3.63
x6.xcdec2.c_moscap_int1                  -3.63
x7.xbias.na                            1.10166
x7.xbias.vbpc                          2.74798
x7.xbias.nc                           0.186943
x7.xbias.xrcg.11                      0.186647
x7.xbias.xrcg.21                   0.000295177
x7.xbias.nsu                         0.0138381
x7.xbias.vfix                          1.87701
x7.xbias.nmd                          0.804392
x7.xbias.vbp0                          2.88549
x7.xbias.noff                          0.83684
x7.xbias.xroff.11                     0.836609
x7.xbias.xroff.21                  0.000230993
x7.xbias.nvi                           1.44332
x7.xbias.xrdeg.11                      1.44292
x7.xbias.xrdeg.21                  0.000398399
x7.xbias.b0b                              3.63
x7.xbias.b1b                              3.63
x7.xbias.b2b                              3.63
x7.xbias.vbn1                         0.784292
x7.xbias.ga                               3.63
x7.xbias.vbp2                          2.91639
x7.xbias.gb                        2.92143e-09
x7.vbn                                0.722683
x7.xbias.gc                               3.63
x7.vbp                                 2.96003
x7.xs1.nh                               1.0716
x7.y1                                        0
x7.y5                                        0
x7.xs1.nt                         -1.64656e-34
x7.xs2.nh                                 3.63
x7.y2                                     3.63
x7.xs2.nt                          1.66566e-06
x7.xs3.nh                                 3.63
x7.y3                                        0
x7.xs3.nt                          8.04284e-52
x7.xs4.nh                                 3.63
x7.y4                                     3.63
x7.xs4.nt                          1.66566e-06
x7.xs5.nh                                 3.63
x7.xs5.nt                          8.04284e-52
x7.nb1                                    3.63
x7.nb2                             3.25262e-07
clk7                                      3.63
x7.xcdec1.c_moscap_int1                  -3.63
x7.xcdec2.c_moscap_int1                  -3.63
e.x7.xcdec2.ec_moscap#branch                 0
e.x7.xcdec1.ec_moscap#branch                 0
e.x6.xcdec2.ec_moscap#branch                 0
e.x6.xcdec1.ec_moscap#branch                 0
e.x5.xcdec2.ec_moscap#branch                 0
e.x5.xcdec1.ec_moscap#branch                 0
e.x4.xcdec2.ec_moscap#branch                 0
e.x4.xcdec1.ec_moscap#branch                 0
e.x3.xcdec2.ec_moscap#branch                 0
e.x3.xcdec1.ec_moscap#branch                 0
e.x2.xcdec2.ec_moscap#branch                 0
e.x2.xcdec1.ec_moscap#branch                 0
e.x1.xcdec2.ec_moscap#branch                 0
e.x1.xcdec1.ec_moscap#branch                 0
vs7#branch                         8.43131e-05
vs6#branch                         7.89052e-05
vs5#branch                         7.35781e-05
vs4#branch                         6.83514e-05
vs3#branch                         6.32565e-05
vs2#branch                         5.83496e-05
vs1#branch                         5.37703e-05
vv7#branch                                   0
vv6#branch                                   0
vv5#branch                                   0
vv4#branch                                   0
vv3#branch                                   0
vv2#branch                                   0
vv1#branch                                   0
vb2#branch                                   0
vb1#branch                                   0
vb0#branch                                   0
vdd#branch                        -0.000480524

 Reference value :  0.00000e+00
 Reference value :  4.67239e-08
 Reference value :  7.11866e-08
 Reference value :  9.79448e-08
 Reference value :  1.23831e-07
 Reference value :  1.51675e-07
 Reference value :  1.73628e-07
 Reference value :  1.98432e-07
 Reference value :  2.26288e-07
 Reference value :  2.49179e-07
 Reference value :  2.74046e-07
 Reference value :  2.99307e-07
 Reference value :  3.13376e-07
 Reference value :  3.45386e-07
 Reference value :  3.75965e-07
 Reference value :  4.02954e-07
 Reference value :  4.30163e-07
 Reference value :  4.53447e-07
 Reference value :  4.81541e-07
 Reference value :  5.07866e-07
 Reference value :  5.35685e-07
 Reference value :  5.58969e-07
 Reference value :  5.86902e-07
 Reference value :  6.19783e-07
 Reference value :  6.33599e-07
 Reference value :  6.68439e-07
 Reference value :  6.91148e-07
 Reference value :  7.14833e-07
 Reference value :  7.35205e-07
 Reference value :  7.65918e-07
 Reference value :  7.93233e-07
 Reference value :  8.17573e-07
 Reference value :  8.39197e-07
 Reference value :  8.70494e-07
 Reference value :  9.00593e-07
 Reference value :  9.31088e-07
 Reference value :  9.55039e-07
 Reference value :  9.81872e-07
 Reference value :  1.01314e-06
 Reference value :  1.04129e-06
 Reference value :  1.07071e-06
 Reference value :  1.09606e-06
 Reference value :  1.12599e-06
 Reference value :  1.15452e-06
 Reference value :  1.18735e-06
 Reference value :  1.21744e-06
 Reference value :  1.24865e-06
 Reference value :  1.27398e-06
 Reference value :  1.30901e-06
 Reference value :  1.33387e-06
 Reference value :  1.36525e-06
 Reference value :  1.39708e-06
 Reference value :  1.42726e-06
 Reference value :  1.45297e-06
 Reference value :  1.48601e-06
 Reference value :  1.51816e-06
 Reference value :  1.55080e-06
 Reference value :  1.57889e-06
 Reference value :  1.60678e-06
 Reference value :  1.63918e-06
 Reference value :  1.66939e-06
 Reference value :  1.68989e-06
 Reference value :  1.72241e-06
 Reference value :  1.74878e-06
 Reference value :  1.78204e-06
 Reference value :  1.80785e-06
 Reference value :  1.83583e-06
 Reference value :  1.86746e-06
 Reference value :  1.88900e-06
 Reference value :  1.92665e-06
 Reference value :  1.95363e-06
 Reference value :  1.98817e-06
 Reference value :  2.02043e-06
 Reference value :  2.04822e-06
 Reference value :  2.08735e-06
 Reference value :  2.12227e-06
 Reference value :  2.15732e-06
 Reference value :  2.18479e-06
 Reference value :  2.21475e-06
 Reference value :  2.24952e-06
 Reference value :  2.27768e-06
 Reference value :  2.31826e-06
 Reference value :  2.35325e-06
 Reference value :  2.38272e-06
 Reference value :  2.42365e-06
 Reference value :  2.46830e-06
 Reference value :  2.49553e-06
 Reference value :  2.52797e-06
 Reference value :  2.55837e-06
 Reference value :  2.58628e-06
 Reference value :  2.62303e-06
 Reference value :  2.65477e-06
 Reference value :  2.68311e-06
 Reference value :  2.72132e-06
 Reference value :  2.76432e-06
 Reference value :  2.79192e-06
 Reference value :  2.83222e-06
 Reference value :  2.86933e-06
 Reference value :  2.89541e-06
 Reference value :  2.93315e-06
 Reference value :  2.97152e-06
 Reference value :  3.00233e-06
 Reference value :  3.04198e-06
 Reference value :  3.07040e-06
 Reference value :  3.11121e-06
 Reference value :  3.14739e-06
 Reference value :  3.18874e-06
 Reference value :  3.22332e-06
 Reference value :  3.25687e-06
 Reference value :  3.28626e-06
 Reference value :  3.30843e-06
 Reference value :  3.34269e-06
 Reference value :  3.37363e-06
 Reference value :  3.39886e-06
 Reference value :  3.43311e-06
 Reference value :  3.46328e-06
 Reference value :  3.49394e-06
 Reference value :  3.52634e-06
 Reference value :  3.56049e-06
 Reference value :  3.59723e-06
 Reference value :  3.62169e-06
 Reference value :  3.65880e-06
 Reference value :  3.69498e-06
 Reference value :  3.72546e-06
No. of Data Rows : 4497

  Measurements for Transient Analysis

tp1                 =  9.65303e-07 targ=  2.41146e-06 trig=  1.44616e-06
tp2                 =  8.24420e-07 targ=  2.26622e-06 trig=  1.44180e-06
tp3                 =  7.12975e-07 targ=  2.13921e-06 trig=  1.42623e-06
tp4                 =  6.26347e-07 targ=  2.03447e-06 trig=  1.40812e-06
tp5                 =  5.56739e-07 targ=  1.94708e-06 trig=  1.39034e-06
tp6                 =  4.99534e-07 targ=  1.87303e-06 trig=  1.37350e-06
tp7                 =  4.53160e-07 targ=  1.81116e-06 trig=  1.35800e-06
f1                  =  4.14378e+06
f2                  =  4.85190e+06
f3                  =  5.61029e+06
f4                  =  6.38623e+06
f5                  =  7.18470e+06
f6                  =  8.00747e+06
f7                  =  8.82691e+06
i1                  =  7.15139e-05 from=  1.35471e-06 to=  3.72546e-06
i2                  =  7.67724e-05 from=  1.35471e-06 to=  3.72546e-06
i3                  =  8.21634e-05 from=  1.35471e-06 to=  3.72546e-06
i4                  =  8.83684e-05 from=  1.35471e-06 to=  3.72546e-06
i5                  =  9.36287e-05 from=  1.35471e-06 to=  3.72546e-06
i6                  =  9.94342e-05 from=  1.35471e-06 to=  3.72546e-06
i7                  =  1.05964e-04 from=  1.35471e-06 to=  3.72546e-06
sw1hi               =  3.69438e+00 at=  3.61827e-06
sw1lo               =  -5.59571e-02 at=  2.52715e-06
sw7hi               =  3.70500e+00 at=  3.39638e-06
sw7lo               =  -7.36477e-02 at=  1.41345e-06

ngspice-46 done

Warning: m=xx on .subckt line will override multiplier m hierarchy!

