
Note: Compatibility modes selected: hs a


Circuit: * vco-tuning-range @ sf_125c_2.97v_band2 -- generated by sim/harness, do not edit

Doing analysis at TEMP = 125.000000 and TNOM = 27.000000

Using SPARSE 1.3 as Direct Linear Solver

Initial Transient Solution
--------------------------

Node                                   Voltage
----                                   -------
vdd                                       2.97
nb0                                          0
nb1                                       2.97
nb2                                          0
vc1                                        0.9
vc2                                        1.2
vc3                                        1.5
vc4                                        1.8
vc5                                        2.1
vc6                                        2.4
vc7                                        2.7
nv1                                       2.97
nv2                                       2.97
nv3                                       2.97
nv4                                       2.97
nv5                                       2.97
nv6                                       2.97
nv7                                       2.97
x1.xbias.na                            1.09157
x1.xbias.vbpc                          2.09332
x1.xbias.nc                            0.18117
x1.xbias.xrcg.11                      0.180884
x1.xbias.xrcg.21                   0.000286063
x1.xbias.nsu                        0.00856944
x1.xbias.vfix                          1.86664
x1.xbias.nmd                          0.799861
x1.xbias.vbp0                           2.3024
x1.xbias.noff                          0.82851
x1.xbias.xroff.11                     0.828281
x1.xbias.xroff.21                  0.000228694
x1.xbias.nvi                          0.182413
x1.xbias.xrdeg.11                     0.182363
x1.xbias.xrdeg.21                  5.03515e-05
x1.xbias.b0b                              2.97
x1.xbias.b1b                       2.69861e-07
x1.xbias.b2b                              2.97
x1.xbias.vbn1                         0.715665
x1.xbias.ga                               2.97
x1.xbias.vbp2                          2.23909
x1.xbias.gb                           0.715665
x1.vbn                                  0.7352
x1.xbias.gc                               2.97
x1.vbp                                 2.29083
x1.xs1.nh                              1.00648
x1.y1                                        0
x1.y5                                        0
x1.xs1.nt                         -7.27258e-18
x1.xs2.nh                                 2.97
x1.y2                                     2.97
x1.xs2.nt                          1.00412e-06
x1.xs3.nh                                 2.97
x1.y3                                        0
x1.xs3.nt                          5.04391e-27
x1.xs4.nh                                 2.97
x1.y4                                     2.97
x1.xs4.nt                          1.00412e-06
x1.xs5.nh                                 2.97
x1.xs5.nt                          5.04391e-27
x1.nb1                                    2.97
x1.nb2                             2.89506e-07
clk1                                      2.97
x1.xcdec1.c_moscap_int1                  -2.97
x1.xcdec2.c_moscap_int1                  -2.97
x2.xbias.na                            1.09157
x2.xbias.vbpc                          2.09332
x2.xbias.nc                            0.18117
x2.xbias.xrcg.11                      0.180884
x2.xbias.xrcg.21                   0.000286063
x2.xbias.nsu                        0.00856944
x2.xbias.vfix                          1.86664
x2.xbias.nmd                          0.799861
x2.xbias.vbp0                          2.28783
x2.xbias.noff                         0.828487
x2.xbias.xroff.11                     0.828258
x2.xbias.xroff.21                  0.000228688
x2.xbias.nvi                          0.369413
x2.xbias.xrdeg.11                     0.369311
x2.xbias.xrdeg.21                  0.000101969
x2.xbias.b0b                              2.97
x2.xbias.b1b                       2.69861e-07
x2.xbias.b2b                              2.97
x2.xbias.vbn1                         0.728562
x2.xbias.ga                               2.97
x2.xbias.vbp2                          2.22173
x2.xbias.gb                           0.728562
x2.vbn                                0.748202
x2.xbias.gc                               2.97
x2.vbp                                 2.27688
x2.xs1.nh                              1.01839
x2.y1                                        0
x2.y5                                        0
x2.xs1.nt                           8.4274e-19
x2.xs2.nh                                 2.97
x2.y2                                     2.97
x2.xs2.nt                          8.98046e-07
x2.xs3.nh                                 2.97
x2.y3                                        0
x2.xs3.nt                          5.41166e-19
x2.xs4.nh                                 2.97
x2.y4                                     2.97
x2.xs4.nt                          8.98046e-07
x2.xs5.nh                                 2.97
x2.xs5.nt                          5.41166e-19
x2.nb1                                    2.97
x2.nb2                             2.89506e-07
clk2                                      2.97
x2.xcdec1.c_moscap_int1                  -2.97
x2.xcdec2.c_moscap_int1                  -2.97
x3.xbias.na                            1.09157
x3.xbias.vbpc                          2.09332
x3.xbias.nc                            0.18117
x3.xbias.xrcg.11                      0.180884
x3.xbias.xrcg.21                   0.000286063
x3.xbias.nsu                        0.00856944
x3.xbias.vfix                          1.86664
x3.xbias.nmd                          0.799861
x3.xbias.vbp0                          2.27388
x3.xbias.noff                         0.828464
x3.xbias.xroff.11                     0.828235
x3.xbias.xroff.21                  0.000228681
x3.xbias.nvi                          0.570944
x3.xbias.xrdeg.11                     0.570786
x3.xbias.xrdeg.21                  0.000157598
x3.xbias.b0b                              2.97
x3.xbias.b1b                       2.69861e-07
x3.xbias.b2b                              2.97
x3.xbias.vbn1                         0.740893
x3.xbias.ga                               2.97
x3.xbias.vbp2                          2.20489
x3.xbias.gb                           0.740893
x3.vbn                                0.760657
x3.xbias.gc                               2.97
x3.vbp                                 2.26352
x3.xs1.nh                              1.02982
x3.y1                                        0
x3.y5                                        0
x3.xs1.nt                          6.08506e-18
x3.xs2.nh                                 2.97
x3.y2                                     2.97
x3.xs2.nt                          8.12009e-07
x3.xs3.nh                                 2.97
x3.y3                                        0
x3.xs3.nt                         -7.85925e-28
x3.xs4.nh                                 2.97
x3.y4                                     2.97
x3.xs4.nt                          8.12009e-07
x3.xs5.nh                                 2.97
x3.xs5.nt                         -7.85925e-28
x3.nb1                                    2.97
x3.nb2                             2.89506e-07
clk3                                      2.97
x3.xcdec1.c_moscap_int1                  -2.97
x3.xcdec2.c_moscap_int1                  -2.97
x4.xbias.na                            1.09157
x4.xbias.vbpc                          2.09332
x4.xbias.nc                            0.18117
x4.xbias.xrcg.11                      0.180884
x4.xbias.xrcg.21                   0.000286063
x4.xbias.nsu                        0.00856944
x4.xbias.vfix                          1.86664
x4.xbias.nmd                          0.799861
x4.xbias.vbp0                          2.26079
x4.xbias.noff                         0.828443
x4.xbias.xroff.11                     0.828214
x4.xbias.xroff.21                  0.000228676
x4.xbias.nvi                          0.780923
x4.xbias.xrdeg.11                     0.780708
x4.xbias.xrdeg.21                  0.000215559
x4.xbias.b0b                              2.97
x4.xbias.b1b                       2.69861e-07
x4.xbias.b2b                              2.97
x4.xbias.vbn1                         0.752451
x4.xbias.ga                               2.97
x4.xbias.vbp2                          2.18889
x4.xbias.gb                           0.752451
x4.vbn                                0.772355
x4.xbias.gc                               2.97
x4.vbp                                 2.25096
x4.xs1.nh                              1.04059
x4.y1                                        0
x4.y5                                        0
x4.xs1.nt                         -1.38753e-17
x4.xs2.nh                                 2.97
x4.y2                                     2.97
x4.xs2.nt                           7.4262e-07
x4.xs3.nh                                 2.97
x4.y3                                        0
x4.xs3.nt                          5.34514e-27
x4.xs4.nh                                 2.97
x4.y4                                     2.97
x4.xs4.nt                           7.4262e-07
x4.xs5.nh                                 2.97
x4.xs5.nt                          5.34514e-27
x4.nb1                                    2.97
x4.nb2                             2.89506e-07
clk4                                      2.97
x4.xcdec1.c_moscap_int1                  -2.97
x4.xcdec2.c_moscap_int1                  -2.97
x5.xbias.na                            1.09157
x5.xbias.vbpc                          2.09332
x5.xbias.nc                            0.18117
x5.xbias.xrcg.11                      0.180884
x5.xbias.xrcg.21                   0.000286063
x5.xbias.nsu                        0.00856944
x5.xbias.vfix                          1.86664
x5.xbias.nmd                          0.799861
x5.xbias.vbp0                           2.2485
x5.xbias.noff                         0.828423
x5.xbias.xroff.11                     0.828194
x5.xbias.xroff.21                   0.00022867
x5.xbias.nvi                          0.996911
x5.xbias.xrdeg.11                     0.996636
x5.xbias.xrdeg.21                  0.000275178
x5.xbias.b0b                              2.97
x5.xbias.b1b                       2.69861e-07
x5.xbias.b2b                              2.97
x5.xbias.vbn1                         0.763289
x5.xbias.ga                               2.97
x5.xbias.vbp2                          2.17373
x5.xbias.gb                           0.763289
x5.vbn                                0.783342
x5.xbias.gc                               2.97
x5.vbp                                 2.23916
x5.xs1.nh                              1.05071
x5.y1                                        0
x5.y5                                        0
x5.xs1.nt                          1.47362e-17
x5.xs2.nh                                 2.97
x5.y2                                     2.97
x5.xs2.nt                           6.8586e-07
x5.xs3.nh                                 2.97
x5.y3                                        0
x5.xs3.nt                          8.82697e-27
x5.xs4.nh                                 2.97
x5.y4                                     2.97
x5.xs4.nt                           6.8586e-07
x5.xs5.nh                                 2.97
x5.xs5.nt                          8.82697e-27
x5.nb1                                    2.97
x5.nb2                             2.89506e-07
clk5                                      2.97
x5.xcdec1.c_moscap_int1                  -2.97
x5.xcdec2.c_moscap_int1                  -2.97
x6.xbias.na                            1.09157
x6.xbias.vbpc                          2.09332
x6.xbias.nc                            0.18117
x6.xbias.xrcg.11                      0.180884
x6.xbias.xrcg.21                   0.000286063
x6.xbias.nsu                        0.00856944
x6.xbias.vfix                          1.86664
x6.xbias.nmd                          0.799861
x6.xbias.vbp0                          2.23691
x6.xbias.noff                         0.828404
x6.xbias.xroff.11                     0.828176
x6.xbias.xroff.21                  0.000228665
x6.xbias.nvi                            1.2176
x6.xbias.xrdeg.11                      1.21727
x6.xbias.xrdeg.21                  0.000336095
x6.xbias.b0b                              2.97
x6.xbias.b1b                       2.69861e-07
x6.xbias.b2b                              2.97
x6.xbias.vbn1                         0.773494
x6.xbias.ga                               2.97
x6.xbias.vbp2                          2.15931
x6.xbias.gb                           0.773494
x6.vbn                                0.793704
x6.xbias.gc                               2.97
x6.vbp                                 2.22804
x6.xs1.nh                              1.06027
x6.y1                                        0
x6.y5                                        0
x6.xs1.nt                         -3.63382e-35
x6.xs2.nh                                 2.97
x6.y2                                     2.97
x6.xs2.nt                          6.38652e-07
x6.xs3.nh                                 2.97
x6.y3                                        0
x6.xs3.nt                         -1.61786e-43
x6.xs4.nh                                 2.97
x6.y4                                     2.97
x6.xs4.nt                          6.38652e-07
x6.xs5.nh                                 2.97
x6.xs5.nt                         -1.61786e-43
x6.nb1                                    2.97
x6.nb2                             2.89506e-07
clk6                                      2.97
x6.xcdec1.c_moscap_int1                  -2.97
x6.xcdec2.c_moscap_int1                  -2.97
x7.xbias.na                            1.09157
x7.xbias.vbpc                          2.09332
x7.xbias.nc                            0.18117
x7.xbias.xrcg.11                      0.180884
x7.xbias.xrcg.21                   0.000286063
x7.xbias.nsu                        0.00856944
x7.xbias.vfix                          1.86664
x7.xbias.nmd                          0.799861
x7.xbias.vbp0                          2.22594
x7.xbias.noff                         0.828386
x7.xbias.xroff.11                     0.828158
x7.xbias.xroff.21                   0.00022866
x7.xbias.nvi                           1.44215
x7.xbias.xrdeg.11                      1.44176
x7.xbias.xrdeg.21                  0.000398079
x7.xbias.b0b                              2.97
x7.xbias.b1b                       2.69861e-07
x7.xbias.b2b                              2.97
x7.xbias.vbn1                         0.783151
x7.xbias.ga                               2.97
x7.xbias.vbp2                          2.14555
x7.xbias.gb                           0.783151
x7.vbn                                0.803524
x7.xbias.gc                               2.97
x7.vbp                                  2.2175
x7.xs1.nh                              1.06934
x7.y1                                        0
x7.y5                                        0
x7.xs1.nt                         -1.31394e-23
x7.xs2.nh                                 2.97
x7.y2                                     2.97
x7.xs2.nt                           5.9878e-07
x7.xs3.nh                                 2.97
x7.y3                                        0
x7.xs3.nt                         -2.93741e-27
x7.xs4.nh                                 2.97
x7.y4                                     2.97
x7.xs4.nt                           5.9878e-07
x7.xs5.nh                                 2.97
x7.xs5.nt                         -2.93741e-27
x7.nb1                                    2.97
x7.nb2                             2.89506e-07
clk7                                      2.97
x7.xcdec1.c_moscap_int1                  -2.97
x7.xcdec2.c_moscap_int1                  -2.97
e.x7.xcdec2.ec_moscap#branch                 0
e.x7.xcdec1.ec_moscap#branch                 0
e.x6.xcdec2.ec_moscap#branch                 0
e.x6.xcdec1.ec_moscap#branch                 0
e.x5.xcdec2.ec_moscap#branch                 0
e.x5.xcdec1.ec_moscap#branch                 0
e.x4.xcdec2.ec_moscap#branch                 0
e.x4.xcdec1.ec_moscap#branch                 0
e.x3.xcdec2.ec_moscap#branch                 0
e.x3.xcdec1.ec_moscap#branch                 0
e.x2.xcdec2.ec_moscap#branch                 0
e.x2.xcdec1.ec_moscap#branch                 0
e.x1.xcdec2.ec_moscap#branch                 0
e.x1.xcdec1.ec_moscap#branch                 0
vs7#branch                         0.000111638
vs6#branch                         0.000103461
vs5#branch                          9.5403e-05
vs4#branch                          8.7492e-05
vs3#branch                         7.97739e-05
vs2#branch                         7.23367e-05
vs1#branch                         6.54039e-05
vv7#branch                                   0
vv6#branch                                   0
vv5#branch                                   0
vv4#branch                                   0
vv3#branch                                   0
vv2#branch                                   0
vv1#branch                                   0
vb2#branch                                   0
vb1#branch                                   0
vb0#branch                                   0
vdd#branch                        -0.000615509

 Reference value :  0.00000e+00
 Reference value :  1.62991e-08
 Reference value :  2.52260e-08
 Reference value :  3.58411e-08
 Reference value :  4.58408e-08
 Reference value :  5.56664e-08
 Reference value :  6.74536e-08
 Reference value :  8.00566e-08
 Reference value :  9.19506e-08
 Reference value :  1.02629e-07
 Reference value :  1.11733e-07
 Reference value :  1.23099e-07
 Reference value :  1.31586e-07
 Reference value :  1.43505e-07
 Reference value :  1.51875e-07
 Reference value :  1.64667e-07
 Reference value :  1.74979e-07
 Reference value :  1.86956e-07
 Reference value :  1.93761e-07
 Reference value :  2.07667e-07
 Reference value :  2.19979e-07
 Reference value :  2.30575e-07
 Reference value :  2.44094e-07
 Reference value :  2.55275e-07
 Reference value :  2.66444e-07
 Reference value :  2.79100e-07
 Reference value :  2.89989e-07
 Reference value :  3.01050e-07
 Reference value :  3.10860e-07
 Reference value :  3.20698e-07
 Reference value :  3.31668e-07
 Reference value :  3.39207e-07
 Reference value :  3.51763e-07
 Reference value :  3.64657e-07
 Reference value :  3.77090e-07
 Reference value :  3.86646e-07
 Reference value :  3.99349e-07
 Reference value :  4.10199e-07
 Reference value :  4.17312e-07
 Reference value :  4.27993e-07
 Reference value :  4.38423e-07
 Reference value :  4.48824e-07
 Reference value :  4.60038e-07
 Reference value :  4.71641e-07
 Reference value :  4.80203e-07
 Reference value :  4.90102e-07
 Reference value :  5.03895e-07
 Reference value :  5.15756e-07
 Reference value :  5.26921e-07
 Reference value :  5.39133e-07
 Reference value :  5.47623e-07
 Reference value :  5.60869e-07
 Reference value :  5.69007e-07
 Reference value :  5.79151e-07
 Reference value :  5.90931e-07
 Reference value :  6.02408e-07
 Reference value :  6.14350e-07
 Reference value :  6.27068e-07
 Reference value :  6.38771e-07
 Reference value :  6.51490e-07
 Reference value :  6.62067e-07
 Reference value :  6.73226e-07
 Reference value :  6.83500e-07
 Reference value :  6.98697e-07
 Reference value :  7.07571e-07
 Reference value :  7.20493e-07
 Reference value :  7.31842e-07
 Reference value :  7.45410e-07
 Reference value :  7.55331e-07
 Reference value :  7.63893e-07
 Reference value :  7.74843e-07
 Reference value :  7.86902e-07
 Reference value :  7.94751e-07
 Reference value :  8.09159e-07
 Reference value :  8.22317e-07
 Reference value :  8.32290e-07
 Reference value :  8.46807e-07
 Reference value :  8.57274e-07
 Reference value :  8.67143e-07
 Reference value :  8.77290e-07
 Reference value :  8.90208e-07
 Reference value :  8.99642e-07
 Reference value :  9.11321e-07
 Reference value :  9.20895e-07
 Reference value :  9.32583e-07
 Reference value :  9.44642e-07
 Reference value :  9.54620e-07
 Reference value :  9.68028e-07
 Reference value :  9.78420e-07
 Reference value :  9.89461e-07
 Reference value :  1.00290e-06
 Reference value :  1.01416e-06
 Reference value :  1.02068e-06
 Reference value :  1.03333e-06
 Reference value :  1.04379e-06
 Reference value :  1.05689e-06
 Reference value :  1.06844e-06
 Reference value :  1.07980e-06
 Reference value :  1.09188e-06
No. of Data Rows : 4616

  Measurements for Transient Analysis

tp1                 =  3.00893e-07 targ=  7.52661e-07 trig=  4.51768e-07
tp2                 =  2.54070e-07 targ=  6.98829e-07 trig=  4.44759e-07
tp3                 =  2.17123e-07 targ=  6.51916e-07 trig=  4.34793e-07
tp4                 =  1.88497e-07 targ=  6.13136e-07 trig=  4.24639e-07
tp5                 =  1.65792e-07 targ=  5.80706e-07 trig=  4.14914e-07
tp6                 =  1.47525e-07 targ=  5.53465e-07 trig=  4.05940e-07
tp7                 =  1.32493e-07 targ=  5.63439e-07 trig=  4.30946e-07
f1                  =  1.32938e+07
f2                  =  1.57437e+07
f3                  =  1.84228e+07
f4                  =  2.12205e+07
f5                  =  2.41266e+07
f6                  =  2.71141e+07
f7                  =  3.01902e+07
i1                  =  8.10854e-05 from=  3.98738e-07 to=  1.09653e-06
i2                  =  8.89618e-05 from=  3.98738e-07 to=  1.09653e-06
i3                  =  9.78306e-05 from=  3.98738e-07 to=  1.09653e-06
i4                  =  1.07396e-04 from=  3.98738e-07 to=  1.09653e-06
i5                  =  1.15877e-04 from=  3.98738e-07 to=  1.09653e-06
i6                  =  1.25769e-04 from=  3.98738e-07 to=  1.09653e-06
i7                  =  1.35318e-04 from=  3.98738e-07 to=  1.09653e-06
sw1hi               =  3.05992e+00 at=  7.52982e-07
sw1lo               =  -1.00439e-01 at=  6.38614e-07
sw7hi               =  3.08302e+00 at=  8.28557e-07
sw7lo               =  -1.42291e-01 at=  4.14263e-07

ngspice-46 done

Warning: m=xx on .subckt line will override multiplier m hierarchy!

