
Note: Compatibility modes selected: hs a


Circuit: * vco-tuning-range @ sf_27c_3.63v_band7 -- generated by sim/harness, do not edit

Doing analysis at TEMP = 27.000000 and TNOM = 27.000000

Using SPARSE 1.3 as Direct Linear Solver

Initial Transient Solution
--------------------------

Node                                   Voltage
----                                   -------
vdd                                       3.63
nb0                                       3.63
nb1                                       3.63
nb2                                       3.63
vc1                                        0.9
vc2                                        1.2
vc3                                        1.5
vc4                                        1.8
vc5                                        2.1
vc6                                        2.4
vc7                                        2.7
nv1                                       3.63
nv2                                       3.63
nv3                                       3.63
nv4                                       3.63
nv5                                       3.63
nv6                                       3.63
nv7                                       3.63
x1.xbias.na                            1.03507
x1.xbias.vbpc                          2.74965
x1.xbias.nc                            0.12654
x1.xbias.xrcg.11                        0.1263
x1.xbias.xrcg.21                   0.000239798
x1.xbias.nsu                         0.0185918
x1.xbias.vfix                          1.95794
x1.xbias.nmd                          0.841138
x1.xbias.vbp0                            2.874
x1.xbias.noff                         0.849145
x1.xbias.xroff.11                     0.848863
x1.xbias.xroff.21                  0.000281455
x1.xbias.nvi                            0.1305
x1.xbias.xrdeg.11                     0.130457
x1.xbias.xrdeg.21                  4.32553e-05
x1.xbias.b0b                       6.92489e-09
x1.xbias.b1b                       6.92489e-09
x1.xbias.b2b                       6.92489e-09
x1.xbias.vbn1                         0.823091
x1.xbias.ga                              2.874
x1.xbias.vbp2                          2.77921
x1.xbias.gb                           0.823091
x1.vbn                                 1.06765
x1.xbias.gc                            2.77921
x1.vbp                                 2.57999
x1.xs1.nh                               1.4039
x1.y1                                        0
x1.y5                                        0
x1.xs1.nt                         -2.65949e-27
x1.xs2.nh                                 3.63
x1.y2                                     3.63
x1.xs2.nt                           6.1849e-10
x1.xs3.nh                                 3.63
x1.y3                                        0
x1.xs3.nt                         -2.51427e-32
x1.xs4.nh                                 3.63
x1.y4                                     3.63
x1.xs4.nt                           6.1849e-10
x1.xs5.nh                                 3.63
x1.xs5.nt                         -2.51427e-32
x1.nb1                                    3.63
x1.nb2                             5.22387e-09
clk1                                      3.63
x1.xcdec1.c_moscap_int1                  -3.63
x1.xcdec2.c_moscap_int1                  -3.63
x2.xbias.na                            1.03507
x2.xbias.vbpc                          2.74965
x2.xbias.nc                            0.12654
x2.xbias.xrcg.11                        0.1263
x2.xbias.xrcg.21                   0.000239798
x2.xbias.nsu                         0.0185918
x2.xbias.vfix                          1.95794
x2.xbias.nmd                          0.841138
x2.xbias.vbp0                          2.86238
x2.xbias.noff                         0.849126
x2.xbias.xroff.11                     0.848845
x2.xbias.xroff.21                  0.000281449
x2.xbias.nvi                          0.317724
x2.xbias.xrdeg.11                     0.317619
x2.xbias.xrdeg.21                  0.000105312
x2.xbias.b0b                       6.92489e-09
x2.xbias.b1b                       6.92489e-09
x2.xbias.b2b                       6.92489e-09
x2.xbias.vbn1                         0.835181
x2.xbias.ga                            2.86238
x2.xbias.vbp2                          2.76233
x2.xbias.gb                           0.835181
x2.vbn                                 1.09754
x2.xbias.gc                            2.76233
x2.vbp                                 2.54712
x2.xs1.nh                              1.43377
x2.y1                                        0
x2.y5                                        0
x2.xs1.nt                          6.73709e-27
x2.xs2.nh                                 3.63
x2.y2                                     3.63
x2.xs2.nt                          5.62523e-10
x2.xs3.nh                                 3.63
x2.y3                                        0
x2.xs3.nt                         -7.77257e-46
x2.xs4.nh                                 3.63
x2.y4                                     3.63
x2.xs4.nt                          5.62523e-10
x2.xs5.nh                                 3.63
x2.xs5.nt                         -7.77257e-46
x2.nb1                                    3.63
x2.nb2                             5.22387e-09
clk2                                      3.63
x2.xcdec1.c_moscap_int1                  -3.63
x2.xcdec2.c_moscap_int1                  -3.63
x3.xbias.na                            1.03507
x3.xbias.vbpc                          2.74965
x3.xbias.nc                            0.12654
x3.xbias.xrcg.11                        0.1263
x3.xbias.xrcg.21                   0.000239798
x3.xbias.nsu                         0.0185918
x3.xbias.vfix                          1.95794
x3.xbias.nmd                          0.841138
x3.xbias.vbp0                          2.85118
x3.xbias.noff                         0.849109
x3.xbias.xroff.11                     0.848827
x3.xbias.xroff.21                  0.000281443
x3.xbias.nvi                          0.521595
x3.xbias.xrdeg.11                     0.521422
x3.xbias.xrdeg.21                  0.000172887
x3.xbias.b0b                       6.92489e-09
x3.xbias.b1b                       6.92489e-09
x3.xbias.b2b                       6.92489e-09
x3.xbias.vbn1                         0.846887
x3.xbias.ga                            2.85118
x3.xbias.vbp2                          2.74568
x3.xbias.gb                           0.846887
x3.vbn                                 1.12771
x3.xbias.gc                            2.74568
x3.vbp                                 2.51411
x3.xs1.nh                              1.46385
x3.y1                                        0
x3.y5                                        0
x3.xs1.nt                          4.81588e-27
x3.xs2.nh                                 3.63
x3.y2                                     3.63
x3.xs2.nt                          5.15905e-10
x3.xs3.nh                                 3.63
x3.y3                                        0
x3.xs3.nt                         -3.42051e-46
x3.xs4.nh                                 3.63
x3.y4                                     3.63
x3.xs4.nt                          5.15905e-10
x3.xs5.nh                                 3.63
x3.xs5.nt                         -3.42051e-46
x3.nb1                                    3.63
x3.nb2                             5.22387e-09
clk3                                      3.63
x3.xcdec1.c_moscap_int1                  -3.63
x3.xcdec2.c_moscap_int1                  -3.63
x4.xbias.na                            1.03507
x4.xbias.vbpc                          2.74965
x4.xbias.nc                            0.12654
x4.xbias.xrcg.11                        0.1263
x4.xbias.xrcg.21                   0.000239798
x4.xbias.nsu                         0.0185918
x4.xbias.vfix                          1.95794
x4.xbias.nmd                          0.841138
x4.xbias.vbp0                          2.84066
x4.xbias.noff                         0.849092
x4.xbias.xroff.11                     0.848811
x4.xbias.xroff.21                  0.000281438
x4.xbias.nvi                          0.734417
x4.xbias.xrdeg.11                     0.734174
x4.xbias.xrdeg.21                  0.000243428
x4.xbias.b0b                       6.92489e-09
x4.xbias.b1b                       6.92489e-09
x4.xbias.b2b                       6.92489e-09
x4.xbias.vbn1                         0.857917
x4.xbias.ga                            2.84066
x4.xbias.vbp2                          2.72972
x4.xbias.gb                           0.857917
x4.vbn                                 1.15723
x4.xbias.gc                            2.72972
x4.vbp                                 2.48201
x4.xs1.nh                              1.49317
x4.y1                                        0
x4.y5                                        0
x4.xs1.nt                         -2.62038e-27
x4.xs2.nh                                 3.63
x4.y2                                     3.63
x4.xs2.nt                          4.77662e-10
x4.xs3.nh                                 3.63
x4.y3                                        0
x4.xs3.nt                          2.04802e-46
x4.xs4.nh                                 3.63
x4.y4                                     3.63
x4.xs4.nt                          4.77662e-10
x4.xs5.nh                                 3.63
x4.xs5.nt                          2.04802e-46
x4.nb1                                    3.63
x4.nb2                             5.22387e-09
clk4                                      3.63
x4.xcdec1.c_moscap_int1                  -3.63
x4.xcdec2.c_moscap_int1                  -3.63
x5.xbias.na                            1.03507
x5.xbias.vbpc                          2.74965
x5.xbias.nc                            0.12654
x5.xbias.xrcg.11                        0.1263
x5.xbias.xrcg.21                   0.000239798
x5.xbias.nsu                         0.0185918
x5.xbias.vfix                          1.95794
x5.xbias.nmd                          0.841138
x5.xbias.vbp0                          2.83079
x5.xbias.noff                         0.849076
x5.xbias.xroff.11                     0.848795
x5.xbias.xroff.21                  0.000281433
x5.xbias.nvi                          0.953506
x5.xbias.xrdeg.11                      0.95319
x5.xbias.xrdeg.21                  0.000316046
x5.xbias.b0b                       6.92489e-09
x5.xbias.b1b                       6.92489e-09
x5.xbias.b2b                       6.92489e-09
x5.xbias.vbn1                         0.868301
x5.xbias.ga                            2.83079
x5.xbias.vbp2                          2.71448
x5.xbias.gb                           0.868301
x5.vbn                                 1.18596
x5.xbias.gc                            2.71448
x5.vbp                                 2.45096
x5.xs1.nh                              1.52158
x5.y1                                        0
x5.y5                                        0
x5.xs1.nt                         -8.69303e-28
x5.xs2.nh                                 3.63
x5.y2                                     3.63
x5.xs2.nt                          4.45921e-10
x5.xs3.nh                                 3.63
x5.y3                                        0
x5.xs3.nt                         -5.30722e-46
x5.xs4.nh                                 3.63
x5.y4                                     3.63
x5.xs4.nt                          4.45921e-10
x5.xs5.nh                                 3.63
x5.xs5.nt                         -5.30722e-46
x5.nb1                                    3.63
x5.nb2                             5.22387e-09
clk5                                      3.63
x5.xcdec1.c_moscap_int1                  -3.63
x5.xcdec2.c_moscap_int1                  -3.63
x6.xbias.na                            1.03507
x6.xbias.vbpc                          2.74965
x6.xbias.nc                            0.12654
x6.xbias.xrcg.11                        0.1263
x6.xbias.xrcg.21                   0.000239798
x6.xbias.nsu                         0.0185918
x6.xbias.vfix                          1.95794
x6.xbias.nmd                          0.841138
x6.xbias.vbp0                          2.82149
x6.xbias.noff                         0.849062
x6.xbias.xroff.11                      0.84878
x6.xbias.xroff.21                  0.000281428
x6.xbias.nvi                           1.17749
x6.xbias.xrdeg.11                      1.17709
x6.xbias.xrdeg.21                  0.000390286
x6.xbias.b0b                       6.92489e-09
x6.xbias.b1b                       6.92489e-09
x6.xbias.b2b                       6.92489e-09
x6.xbias.vbn1                         0.878113
x6.xbias.ga                            2.82149
x6.xbias.vbp2                          2.69989
x6.xbias.gb                           0.878113
x6.vbn                                 1.21394
x6.xbias.gc                            2.69989
x6.vbp                                 2.42095
x6.xs1.nh                              1.54911
x6.y1                                        0
x6.y5                                        0
x6.xs1.nt                         -4.66732e-37
x6.xs2.nh                                 3.63
x6.y2                                     3.63
x6.xs2.nt                          4.19189e-10
x6.xs3.nh                                 3.63
x6.y3                                        0
x6.xs3.nt                          6.29001e-46
x6.xs4.nh                                 3.63
x6.y4                                     3.63
x6.xs4.nt                          4.19189e-10
x6.xs5.nh                                 3.63
x6.xs5.nt                          6.29001e-46
x6.nb1                                    3.63
x6.nb2                             5.22387e-09
clk6                                      3.63
x6.xcdec1.c_moscap_int1                  -3.63
x6.xcdec2.c_moscap_int1                  -3.63
x7.xbias.na                            1.03507
x7.xbias.vbpc                          2.74965
x7.xbias.nc                            0.12654
x7.xbias.xrcg.11                        0.1263
x7.xbias.xrcg.21                   0.000239798
x7.xbias.nsu                         0.0185918
x7.xbias.vfix                          1.95794
x7.xbias.nmd                          0.841138
x7.xbias.vbp0                          2.81268
x7.xbias.noff                         0.849048
x7.xbias.xroff.11                     0.848766
x7.xbias.xroff.21                  0.000281423
x7.xbias.nvi                            1.4055
x7.xbias.xrdeg.11                      1.40503
x7.xbias.xrdeg.21                  0.000465862
x7.xbias.b0b                       6.92489e-09
x7.xbias.b1b                       6.92489e-09
x7.xbias.b2b                       6.92489e-09
x7.xbias.vbn1                         0.887423
x7.xbias.ga                            2.81268
x7.xbias.vbp2                          2.68588
x7.xbias.gb                           0.887423
x7.vbn                                 1.24122
x7.xbias.gc                            2.68588
x7.vbp                                 2.39191
x7.xs1.nh                               1.5758
x7.y1                                        0
x7.y5                                        0
x7.xs1.nt                          3.37643e-29
x7.xs2.nh                                 3.63
x7.y2                                     3.63
x7.xs2.nt                          3.96362e-10
x7.xs3.nh                                 3.63
x7.y3                                        0
x7.xs3.nt                         -1.57552e-32
x7.xs4.nh                                 3.63
x7.y4                                     3.63
x7.xs4.nt                          3.96362e-10
x7.xs5.nh                                 3.63
x7.xs5.nt                         -1.57552e-32
x7.nb1                                    3.63
x7.nb2                             5.22387e-09
clk7                                      3.63
x7.xcdec1.c_moscap_int1                  -3.63
x7.xcdec2.c_moscap_int1                  -3.63
e.x7.xcdec2.ec_moscap#branch                 0
e.x7.xcdec1.ec_moscap#branch                 0
e.x6.xcdec2.ec_moscap#branch                 0
e.x6.xcdec1.ec_moscap#branch                 0
e.x5.xcdec2.ec_moscap#branch                 0
e.x5.xcdec1.ec_moscap#branch                 0
e.x4.xcdec2.ec_moscap#branch                 0
e.x4.xcdec1.ec_moscap#branch                 0
e.x3.xcdec2.ec_moscap#branch                 0
e.x3.xcdec1.ec_moscap#branch                 0
e.x2.xcdec2.ec_moscap#branch                 0
e.x2.xcdec1.ec_moscap#branch                 0
e.x1.xcdec2.ec_moscap#branch                 0
e.x1.xcdec1.ec_moscap#branch                 0
vs7#branch                          0.00041544
vs6#branch                         0.000377427
vs5#branch                         0.000339887
vs4#branch                         0.000302959
vs3#branch                         0.000266863
vs2#branch                          0.00023202
vs1#branch                         0.000199689
vv7#branch                                   0
vv6#branch                                   0
vv5#branch                                   0
vv4#branch                                   0
vv3#branch                                   0
vv2#branch                                   0
vv1#branch                                   0
vb2#branch                                   0
vb1#branch                                   0
vb0#branch                                   0
vdd#branch                         -0.00213428

 Reference value :  0.00000e+00
 Reference value :  1.29181e-09
 Reference value :  2.49465e-09
 Reference value :  3.70359e-09
 Reference value :  4.88181e-09
 Reference value :  6.20510e-09
 Reference value :  7.61689e-09
 Reference value :  8.70353e-09
 Reference value :  9.84478e-09
 Reference value :  1.11875e-08
 Reference value :  1.25313e-08
 Reference value :  1.38719e-08
 Reference value :  1.53338e-08
 Reference value :  1.65781e-08
 Reference value :  1.78594e-08
 Reference value :  1.91945e-08
 Reference value :  2.05862e-08
 Reference value :  2.19288e-08
 Reference value :  2.32369e-08
 Reference value :  2.45511e-08
 Reference value :  2.59406e-08
 Reference value :  2.72844e-08
 Reference value :  2.85983e-08
 Reference value :  2.98835e-08
 Reference value :  3.10552e-08
 Reference value :  3.20715e-08
 Reference value :  3.34438e-08
 Reference value :  3.46621e-08
 Reference value :  3.59171e-08
 Reference value :  3.70161e-08
 Reference value :  3.81519e-08
 Reference value :  3.93985e-08
 Reference value :  4.06251e-08
 Reference value :  4.18363e-08
 Reference value :  4.29482e-08
 Reference value :  4.43079e-08
 Reference value :  4.56026e-08
 Reference value :  4.70333e-08
 Reference value :  4.84728e-08
 Reference value :  4.98434e-08
 Reference value :  5.12310e-08
 Reference value :  5.26214e-08
 Reference value :  5.39816e-08
 Reference value :  5.54390e-08
 Reference value :  5.65645e-08
 Reference value :  5.79449e-08
 Reference value :  5.93369e-08
 Reference value :  6.07802e-08
 Reference value :  6.21870e-08
 Reference value :  6.34857e-08
 Reference value :  6.48566e-08
 Reference value :  6.62037e-08
 Reference value :  6.77178e-08
 Reference value :  6.88947e-08
 Reference value :  7.01107e-08
 Reference value :  7.17554e-08
 Reference value :  7.32221e-08
 Reference value :  7.46477e-08
 Reference value :  7.60671e-08
 Reference value :  7.74838e-08
 Reference value :  7.88829e-08
 Reference value :  8.02042e-08
 Reference value :  8.16596e-08
 Reference value :  8.31976e-08
 Reference value :  8.45707e-08
 Reference value :  8.60426e-08
 Reference value :  8.73001e-08
 Reference value :  8.86760e-08
 Reference value :  9.01758e-08
 Reference value :  9.15493e-08
 Reference value :  9.29998e-08
 Reference value :  9.43119e-08
 Reference value :  9.55479e-08
 Reference value :  9.69089e-08
 Reference value :  9.83255e-08
 Reference value :  9.97012e-08
 Reference value :  1.01036e-07
 Reference value :  1.02503e-07
 Reference value :  1.03868e-07
 Reference value :  1.05168e-07
 Reference value :  1.06572e-07
 Reference value :  1.07844e-07
 Reference value :  1.09288e-07
No. of Data Rows : 4435

  Measurements for Transient Analysis

tp1                 =  3.02285e-08 targ=  7.58735e-08 trig=  4.56450e-08
tp2                 =  2.50095e-08 targ=  6.90827e-08 trig=  4.40732e-08
tp3                 =  2.09554e-08 targ=  6.31717e-08 trig=  4.22163e-08
tp4                 =  1.78568e-08 targ=  5.83325e-08 trig=  4.04756e-08
tp5                 =  1.54563e-08 targ=  5.82547e-08 trig=  4.27984e-08
tp6                 =  1.35653e-08 targ=  5.45591e-08 trig=  4.09938e-08
tp7                 =  1.20577e-08 targ=  5.45484e-08 trig=  4.24908e-08
f1                  =  1.32325e+08
f2                  =  1.59939e+08
f3                  =  1.90882e+08
f4                  =  2.24004e+08
f5                  =  2.58795e+08
f6                  =  2.94870e+08
f7                  =  3.31739e+08
i1                  =  2.84893e-04 from=  4.00837e-08 to=  1.10230e-07
i2                  =  3.30344e-04 from=  4.00837e-08 to=  1.10230e-07
i3                  =  3.76324e-04 from=  4.00837e-08 to=  1.10230e-07
i4                  =  4.29694e-04 from=  4.00837e-08 to=  1.10230e-07
i5                  =  4.79581e-04 from=  4.00837e-08 to=  1.10230e-07
i6                  =  5.31646e-04 from=  4.00837e-08 to=  1.10230e-07
i7                  =  5.84337e-04 from=  4.00837e-08 to=  1.10230e-07
sw1hi               =  3.66191e+00 at=  4.17079e-08
sw1lo               =  -3.03106e-02 at=  6.82253e-08
sw7hi               =  3.67760e+00 at=  8.30949e-08
sw7lo               =  -4.32571e-02 at=  5.91084e-08

ngspice-46 done

Warning: m=xx on .subckt line will override multiplier m hierarchy!

