
Note: Compatibility modes selected: hs a


Circuit: * vco-tuning-range @ ss_-40c_3.30v_band7 -- generated by sim/harness, do not edit

Doing analysis at TEMP = -40.000000 and TNOM = 27.000000

Using SPARSE 1.3 as Direct Linear Solver

Initial Transient Solution
--------------------------

Node                                   Voltage
----                                   -------
vdd                                        3.3
nb0                                        3.3
nb1                                        3.3
nb2                                        3.3
vc1                                        0.9
vc2                                        1.2
vc3                                        1.5
vc4                                        1.8
vc5                                        2.1
vc6                                        2.4
vc7                                        2.7
nv1                                        3.3
nv2                                        3.3
nv3                                        3.3
nv4                                        3.3
nv5                                        3.3
nv6                                        3.3
nv7                                        3.3
x1.xbias.na                            1.05358
x1.xbias.vbpc                           2.1856
x1.xbias.nc                          0.0965464
x1.xbias.xrcg.11                     0.0963363
x1.xbias.xrcg.21                   0.000210034
x1.xbias.nsu                         0.0132747
x1.xbias.vfix                          2.11776
x1.xbias.nmd                          0.909006
x1.xbias.vbp0                          2.26833
x1.xbias.noff                         0.904093
x1.xbias.xroff.11                     0.903749
x1.xbias.xroff.21                  0.000344173
x1.xbias.nvi                         0.0749909
x1.xbias.xrdeg.11                    0.0749624
x1.xbias.xrdeg.21                  2.85478e-05
x1.xbias.b0b                       4.75265e-09
x1.xbias.b1b                       4.75265e-09
x1.xbias.b2b                       4.75265e-09
x1.xbias.vbn1                         0.903078
x1.xbias.ga                            2.26833
x1.xbias.vbp2                          2.19033
x1.xbias.gb                           0.903078
x1.vbn                                 1.10252
x1.xbias.gc                            2.19033
x1.vbp                                 2.01733
x1.xs1.nh                              1.61406
x1.y1                                        0
x1.y5                                        0
x1.xs1.nt                          2.11581e-57
x1.xs2.nh                                  3.3
x1.y2                                      3.3
x1.xs2.nt                           1.4929e-13
x1.xs3.nh                                  3.3
x1.y3                                        0
x1.xs3.nt                          5.38116e-78
x1.xs4.nh                                  3.3
x1.y4                                      3.3
x1.xs4.nt                           1.4929e-13
x1.xs5.nh                                  3.3
x1.xs5.nt                          5.38116e-78
x1.nb1                                     3.3
x1.nb2                             3.21469e-09
clk1                                       3.3
x1.xcdec1.c_moscap_int1                   -3.3
x1.xcdec2.c_moscap_int1                   -3.3
x2.xbias.na                            1.05358
x2.xbias.vbpc                           2.1856
x2.xbias.nc                          0.0965464
x2.xbias.xrcg.11                     0.0963363
x2.xbias.xrcg.21                   0.000210034
x2.xbias.nsu                         0.0132747
x2.xbias.vfix                          2.11776
x2.xbias.nmd                          0.909006
x2.xbias.vbp0                          2.25876
x2.xbias.noff                         0.904076
x2.xbias.xroff.11                     0.903732
x2.xbias.xroff.21                  0.000344167
x2.xbias.nvi                          0.256421
x2.xbias.xrdeg.11                     0.256323
x2.xbias.xrdeg.21                  9.76152e-05
x2.xbias.b0b                       4.75265e-09
x2.xbias.b1b                       4.75265e-09
x2.xbias.b2b                       4.75265e-09
x2.xbias.vbn1                         0.912865
x2.xbias.ga                            2.25876
x2.xbias.vbp2                          2.17614
x2.xbias.gb                           0.912865
x2.vbn                                 1.12534
x2.xbias.gc                            2.17614
x2.vbp                                 1.98924
x2.xs1.nh                              1.63919
x2.y1                                        0
x2.y5                                        0
x2.xs1.nt                          4.58902e-56
x2.xs2.nh                                  3.3
x2.y2                                      3.3
x2.xs2.nt                          1.35726e-13
x2.xs3.nh                                  3.3
x2.y3                                        0
x2.xs3.nt                           1.9513e-97
x2.xs4.nh                                  3.3
x2.y4                                      3.3
x2.xs4.nt                          1.35726e-13
x2.xs5.nh                                  3.3
x2.xs5.nt                           1.9513e-97
x2.nb1                                     3.3
x2.nb2                             3.21469e-09
clk2                                       3.3
x2.xcdec1.c_moscap_int1                   -3.3
x2.xcdec2.c_moscap_int1                   -3.3
x3.xbias.na                            1.05358
x3.xbias.vbpc                           2.1856
x3.xbias.nc                          0.0965464
x3.xbias.xrcg.11                     0.0963363
x3.xbias.xrcg.21                   0.000210034
x3.xbias.nsu                         0.0132747
x3.xbias.vfix                          2.11776
x3.xbias.nmd                          0.909006
x3.xbias.vbp0                          2.24923
x3.xbias.noff                          0.90406
x3.xbias.xroff.11                     0.903716
x3.xbias.xroff.21                  0.000344161
x3.xbias.nvi                          0.459033
x3.xbias.xrdeg.11                     0.458859
x3.xbias.xrdeg.21                  0.000174746
x3.xbias.b0b                       4.75265e-09
x3.xbias.b1b                       4.75265e-09
x3.xbias.b2b                       4.75265e-09
x3.xbias.vbn1                         0.922565
x3.xbias.ga                            2.24923
x3.xbias.vbp2                           2.1617
x3.xbias.gb                           0.922565
x3.vbn                                   1.149
x3.xbias.gc                             2.1617
x3.vbp                                 1.96023
x3.xs1.nh                              1.66521
x3.y1                                        0
x3.y5                                        0
x3.xs1.nt                         -1.15333e-30
x3.xs2.nh                                  3.3
x3.y2                                      3.3
x3.xs2.nt                          1.24135e-13
x3.xs3.nh                                  3.3
x3.y3                                        0
x3.xs3.nt                          4.58134e-58
x3.xs4.nh                                  3.3
x3.y4                                      3.3
x3.xs4.nt                          1.24135e-13
x3.xs5.nh                                  3.3
x3.xs5.nt                          4.58134e-58
x3.nb1                                     3.3
x3.nb2                             3.21469e-09
clk3                                       3.3
x3.xcdec1.c_moscap_int1                   -3.3
x3.xcdec2.c_moscap_int1                   -3.3
x4.xbias.na                            1.05358
x4.xbias.vbpc                           2.1856
x4.xbias.nc                          0.0965464
x4.xbias.xrcg.11                     0.0963363
x4.xbias.xrcg.21                   0.000210034
x4.xbias.nsu                         0.0132747
x4.xbias.vfix                          2.11776
x4.xbias.nmd                          0.909006
x4.xbias.vbp0                          2.24021
x4.xbias.noff                         0.904045
x4.xbias.xroff.11                       0.9037
x4.xbias.xroff.21                  0.000344155
x4.xbias.nvi                          0.671586
x4.xbias.xrdeg.11                      0.67133
x4.xbias.xrdeg.21                  0.000255662
x4.xbias.b0b                       4.75265e-09
x4.xbias.b1b                       4.75265e-09
x4.xbias.b2b                       4.75265e-09
x4.xbias.vbn1                         0.931702
x4.xbias.ga                            2.24021
x4.xbias.vbp2                          2.14776
x4.xbias.gb                           0.931702
x4.vbn                                 1.17226
x4.xbias.gc                            2.14776
x4.vbp                                 1.93188
x4.xs1.nh                               1.6907
x4.y1                                        0
x4.y5                                        0
x4.xs1.nt                         -4.75145e-31
x4.xs2.nh                                  3.3
x4.y2                                      3.3
x4.xs2.nt                          1.14627e-13
x4.xs3.nh                                  3.3
x4.y3                                        0
x4.xs3.nt                         -5.95202e-58
x4.xs4.nh                                  3.3
x4.y4                                      3.3
x4.xs4.nt                          1.14627e-13
x4.xs5.nh                                  3.3
x4.xs5.nt                         -5.95194e-58
x4.nb1                                     3.3
x4.nb2                             3.21469e-09
clk4                                       3.3
x4.xcdec1.c_moscap_int1                   -3.3
x4.xcdec2.c_moscap_int1                   -3.3
x5.xbias.na                            1.05358
x5.xbias.vbpc                           2.1856
x5.xbias.nc                          0.0965464
x5.xbias.xrcg.11                     0.0963363
x5.xbias.xrcg.21                   0.000210034
x5.xbias.nsu                         0.0132747
x5.xbias.vfix                          2.11776
x5.xbias.nmd                          0.909006
x5.xbias.vbp0                          2.23171
x5.xbias.noff                          0.90403
x5.xbias.xroff.11                     0.903686
x5.xbias.xroff.21                  0.000344149
x5.xbias.nvi                          0.890875
x5.xbias.xrdeg.11                     0.890536
x5.xbias.xrdeg.21                  0.000339141
x5.xbias.b0b                       4.75265e-09
x5.xbias.b1b                       4.75265e-09
x5.xbias.b2b                       4.75265e-09
x5.xbias.vbn1                         0.940276
x5.xbias.ga                            2.23171
x5.xbias.vbp2                          2.13441
x5.xbias.gb                           0.940276
x5.vbn                                 1.19494
x5.xbias.gc                            2.13441
x5.vbp                                 1.90443
x5.xs1.nh                              1.71542
x5.y1                                        0
x5.y5                                        0
x5.xs1.nt                          4.66219e-31
x5.xs2.nh                                  3.3
x5.y2                                      3.3
x5.xs2.nt                          1.06699e-13
x5.xs3.nh                                  3.3
x5.y3                                        0
x5.xs3.nt                          1.37131e-58
x5.xs4.nh                                  3.3
x5.y4                                      3.3
x5.xs4.nt                          1.06699e-13
x5.xs5.nh                                  3.3
x5.xs5.nt                          1.37131e-58
x5.nb1                                     3.3
x5.nb2                             3.21469e-09
clk5                                       3.3
x5.xcdec1.c_moscap_int1                   -3.3
x5.xcdec2.c_moscap_int1                   -3.3
x6.xbias.na                            1.05358
x6.xbias.vbpc                           2.1856
x6.xbias.nc                          0.0965464
x6.xbias.xrcg.11                     0.0963363
x6.xbias.xrcg.21                   0.000210034
x6.xbias.nsu                         0.0132747
x6.xbias.vfix                          2.11776
x6.xbias.nmd                          0.909006
x6.xbias.vbp0                          2.22367
x6.xbias.noff                         0.904016
x6.xbias.xroff.11                     0.903672
x6.xbias.xroff.21                  0.000344144
x6.xbias.nvi                           1.11535
x6.xbias.xrdeg.11                      1.11492
x6.xbias.xrdeg.21                  0.000424594
x6.xbias.b0b                       4.75265e-09
x6.xbias.b1b                       4.75265e-09
x6.xbias.b2b                       4.75265e-09
x6.xbias.vbn1                         0.948346
x6.xbias.ga                            2.22367
x6.xbias.vbp2                          2.12159
x6.xbias.gb                           0.948346
x6.vbn                                 1.21705
x6.xbias.gc                            2.12159
x6.vbp                                 1.87788
x6.xs1.nh                              1.73937
x6.y1                                        0
x6.y5                                        0
x6.xs1.nt                          -5.4697e-44
x6.xs2.nh                                  3.3
x6.y2                                      3.3
x6.xs2.nt                          1.00098e-13
x6.xs3.nh                                  3.3
x6.y3                                        0
x6.xs3.nt                         -5.53372e-59
x6.xs4.nh                                  3.3
x6.y4                                      3.3
x6.xs4.nt                          1.00098e-13
x6.xs5.nh                                  3.3
x6.xs5.nt                          -5.5344e-59
x6.nb1                                     3.3
x6.nb2                             3.21469e-09
clk6                                       3.3
x6.xcdec1.c_moscap_int1                   -3.3
x6.xcdec2.c_moscap_int1                   -3.3
x7.xbias.na                            1.05358
x7.xbias.vbpc                           2.1856
x7.xbias.nc                          0.0965464
x7.xbias.xrcg.11                     0.0963363
x7.xbias.xrcg.21                   0.000210034
x7.xbias.nsu                         0.0132747
x7.xbias.vfix                          2.11776
x7.xbias.nmd                          0.909006
x7.xbias.vbp0                          2.21603
x7.xbias.noff                         0.904003
x7.xbias.xroff.11                     0.903659
x7.xbias.xroff.21                  0.000344139
x7.xbias.nvi                           1.34404
x7.xbias.xrdeg.11                      1.34353
x7.xbias.xrdeg.21                  0.000511655
x7.xbias.b0b                       4.75265e-09
x7.xbias.b1b                       4.75265e-09
x7.xbias.b2b                       4.75265e-09
x7.xbias.vbn1                         0.955975
x7.xbias.ga                            2.21603
x7.xbias.vbp2                          2.10928
x7.xbias.gb                           0.955975
x7.vbn                                 1.23863
x7.xbias.gc                            2.10928
x7.vbp                                 1.85217
x7.xs1.nh                               1.7626
x7.y1                                        0
x7.y5                                        0
x7.xs1.nt                           1.6853e-43
x7.xs2.nh                                  3.3
x7.y2                                      3.3
x7.xs2.nt                          9.44536e-14
x7.xs3.nh                                  3.3
x7.y3                                        0
x7.xs3.nt                         -1.46455e-77
x7.xs4.nh                                  3.3
x7.y4                                      3.3
x7.xs4.nt                          9.44536e-14
x7.xs5.nh                                  3.3
x7.xs5.nt                         -2.36561e-78
x7.nb1                                     3.3
x7.nb2                             3.21469e-09
clk7                                       3.3
x7.xcdec1.c_moscap_int1                   -3.3
x7.xcdec2.c_moscap_int1                   -3.3
e.x7.xcdec2.ec_moscap#branch                 0
e.x7.xcdec1.ec_moscap#branch                 0
e.x6.xcdec2.ec_moscap#branch                 0
e.x6.xcdec1.ec_moscap#branch                 0
e.x5.xcdec2.ec_moscap#branch                 0
e.x5.xcdec1.ec_moscap#branch                 0
e.x4.xcdec2.ec_moscap#branch                 0
e.x4.xcdec1.ec_moscap#branch                 0
e.x3.xcdec2.ec_moscap#branch                 0
e.x3.xcdec1.ec_moscap#branch                 0
e.x2.xcdec2.ec_moscap#branch                 0
e.x2.xcdec1.ec_moscap#branch                 0
e.x1.xcdec2.ec_moscap#branch                 0
e.x1.xcdec1.ec_moscap#branch                 0
vs7#branch                         0.000345843
vs6#branch                         0.000313357
vs5#branch                         0.000281329
vs4#branch                         0.000249886
vs3#branch                         0.000219245
vs2#branch                         0.000189857
vs1#branch                         0.000163356
vv7#branch                                   0
vv6#branch                                   0
vv5#branch                                   0
vv4#branch                                   0
vv3#branch                                   0
vv2#branch                                   0
vv1#branch                                   0
vb2#branch                                   0
vb1#branch                                   0
vb0#branch                                   0
vdd#branch                         -0.00176287

 Reference value :  0.00000e+00
 Reference value :  1.12854e-09
 Reference value :  2.15591e-09
 Reference value :  3.22666e-09
 Reference value :  4.32860e-09
 Reference value :  5.25455e-09
 Reference value :  6.34778e-09
 Reference value :  7.40214e-09
 Reference value :  8.50360e-09
 Reference value :  9.58095e-09
 Reference value :  1.05757e-08
 Reference value :  1.15697e-08
 Reference value :  1.25683e-08
 Reference value :  1.36215e-08
 Reference value :  1.46955e-08
 Reference value :  1.58092e-08
 Reference value :  1.68045e-08
 Reference value :  1.78827e-08
 Reference value :  1.89354e-08
 Reference value :  2.00067e-08
 Reference value :  2.10800e-08
 Reference value :  2.20982e-08
 Reference value :  2.32006e-08
 Reference value :  2.40865e-08
 Reference value :  2.51535e-08
 Reference value :  2.62062e-08
 Reference value :  2.71931e-08
 Reference value :  2.82891e-08
 Reference value :  2.95061e-08
 Reference value :  3.04197e-08
 Reference value :  3.14466e-08
 Reference value :  3.24904e-08
 Reference value :  3.35356e-08
 Reference value :  3.45620e-08
 Reference value :  3.55901e-08
 Reference value :  3.66566e-08
 Reference value :  3.77070e-08
 Reference value :  3.87892e-08
 Reference value :  3.98662e-08
 Reference value :  4.09822e-08
 Reference value :  4.21229e-08
 Reference value :  4.32600e-08
 Reference value :  4.42823e-08
 Reference value :  4.53300e-08
 Reference value :  4.63854e-08
 Reference value :  4.73135e-08
 Reference value :  4.83359e-08
 Reference value :  4.94069e-08
 Reference value :  5.04369e-08
 Reference value :  5.15428e-08
 Reference value :  5.25433e-08
 Reference value :  5.35529e-08
 Reference value :  5.46831e-08
 Reference value :  5.58452e-08
 Reference value :  5.68625e-08
 Reference value :  5.79608e-08
 Reference value :  5.90345e-08
 Reference value :  6.01112e-08
 Reference value :  6.11490e-08
 Reference value :  6.21781e-08
 Reference value :  6.32621e-08
 Reference value :  6.42871e-08
 Reference value :  6.52808e-08
 Reference value :  6.63538e-08
 Reference value :  6.73489e-08
 Reference value :  6.84520e-08
 Reference value :  6.96168e-08
 Reference value :  7.06632e-08
 Reference value :  7.17480e-08
 Reference value :  7.27803e-08
 Reference value :  7.38885e-08
 Reference value :  7.49539e-08
 Reference value :  7.61236e-08
 Reference value :  7.74095e-08
 Reference value :  7.88115e-08
 Reference value :  7.99501e-08
 Reference value :  8.10851e-08
 Reference value :  8.22562e-08
 Reference value :  8.34363e-08
 Reference value :  8.47721e-08
 Reference value :  8.59423e-08
 Reference value :  8.71182e-08
 Reference value :  8.84278e-08
 Reference value :  8.96139e-08
 Reference value :  9.08439e-08
 Reference value :  9.20180e-08
 Reference value :  9.31164e-08
 Reference value :  9.42096e-08
 Reference value :  9.52717e-08
 Reference value :  9.63428e-08
 Reference value :  9.76776e-08
 Reference value :  9.88957e-08
 Reference value :  9.99139e-08
 Reference value :  1.01292e-07
No. of Data Rows : 4165

  Measurements for Transient Analysis

tp1                 =  2.63049e-08 targ=  6.61984e-08 trig=  3.98935e-08
tp2                 =  2.19403e-08 targ=  6.07458e-08 trig=  3.88055e-08
tp3                 =  1.85015e-08 targ=  5.59038e-08 trig=  3.74023e-08
tp4                 =  1.59040e-08 targ=  5.60474e-08 trig=  4.01434e-08
tp5                 =  1.39167e-08 targ=  5.25490e-08 trig=  3.86323e-08
tp6                 =  1.23608e-08 targ=  4.97930e-08 trig=  3.74322e-08
tp7                 =  1.11209e-08 targ=  5.03867e-08 trig=  3.92658e-08
f1                  =  1.52063e+08
f2                  =  1.82313e+08
f3                  =  2.16199e+08
f4                  =  2.51509e+08
f5                  =  2.87423e+08
f6                  =  3.23603e+08
f7                  =  3.59683e+08
i1                  =  2.26561e-04 from=  3.68589e-08 to=  1.01362e-07
i2                  =  2.63405e-04 from=  3.68589e-08 to=  1.01362e-07
i3                  =  3.05105e-04 from=  3.68589e-08 to=  1.01362e-07
i4                  =  3.45849e-04 from=  3.68589e-08 to=  1.01362e-07
i5                  =  3.89062e-04 from=  3.68589e-08 to=  1.01362e-07
i6                  =  4.32130e-04 from=  3.68589e-08 to=  1.01362e-07
i7                  =  4.73834e-04 from=  3.68589e-08 to=  1.01362e-07
sw1hi               =  3.35559e+00 at=  6.26952e-08
sw1lo               =  -4.15879e-02 at=  5.95457e-08
sw7hi               =  3.36906e+00 at=  7.94646e-08
sw7lo               =  -4.98511e-02 at=  9.75839e-08

ngspice-46 done

Warning: m=xx on .subckt line will override multiplier m hierarchy!

