
Note: Compatibility modes selected: hs a


Circuit: * vco-tuning-range @ ss_-40c_3.30v_band4 -- generated by sim/harness, do not edit

Doing analysis at TEMP = -40.000000 and TNOM = 27.000000

Using SPARSE 1.3 as Direct Linear Solver

Initial Transient Solution
--------------------------

Node                                   Voltage
----                                   -------
vdd                                        3.3
nb0                                          0
nb1                                          0
nb2                                        3.3
vc1                                        0.9
vc2                                        1.2
vc3                                        1.5
vc4                                        1.8
vc5                                        2.1
vc6                                        2.4
vc7                                        2.7
nv1                                        3.3
nv2                                        3.3
nv3                                        3.3
nv4                                        3.3
nv5                                        3.3
nv6                                        3.3
nv7                                        3.3
x1.xbias.na                            1.05358
x1.xbias.vbpc                           2.1856
x1.xbias.nc                          0.0965464
x1.xbias.xrcg.11                     0.0963363
x1.xbias.xrcg.21                   0.000210034
x1.xbias.nsu                         0.0132747
x1.xbias.vfix                          2.11776
x1.xbias.nmd                          0.909006
x1.xbias.vbp0                          2.26833
x1.xbias.noff                         0.904093
x1.xbias.xroff.11                     0.903749
x1.xbias.xroff.21                  0.000344173
x1.xbias.nvi                         0.0749909
x1.xbias.xrdeg.11                    0.0749624
x1.xbias.xrdeg.21                  2.85478e-05
x1.xbias.b0b                               3.3
x1.xbias.b1b                               3.3
x1.xbias.b2b                       4.75265e-09
x1.xbias.vbn1                         0.876372
x1.xbias.ga                                3.3
x1.xbias.vbp2                          2.28653
x1.xbias.gb                        1.57855e-16
x1.vbn                                0.959577
x1.xbias.gc                            2.28653
x1.vbp                                 2.18927
x1.xs1.nh                               1.4618
x1.y1                                        0
x1.y5                                        0
x1.xs1.nt                          2.56204e-30
x1.xs2.nh                                  3.3
x1.y2                                      3.3
x1.xs2.nt                          3.76546e-13
x1.xs3.nh                                  3.3
x1.y3                                        0
x1.xs3.nt                          3.10971e-99
x1.xs4.nh                                  3.3
x1.y4                                      3.3
x1.xs4.nt                          3.76546e-13
x1.xs5.nh                                  3.3
x1.xs5.nt                          3.10971e-99
x1.nb1                                     3.3
x1.nb2                             3.21469e-09
clk1                                       3.3
x1.xcdec1.c_moscap_int1                   -3.3
x1.xcdec2.c_moscap_int1                   -3.3
x2.xbias.na                            1.05358
x2.xbias.vbpc                           2.1856
x2.xbias.nc                          0.0965464
x2.xbias.xrcg.11                     0.0963363
x2.xbias.xrcg.21                   0.000210034
x2.xbias.nsu                         0.0132747
x2.xbias.vfix                          2.11776
x2.xbias.nmd                          0.909006
x2.xbias.vbp0                          2.25876
x2.xbias.noff                         0.904076
x2.xbias.xroff.11                     0.903732
x2.xbias.xroff.21                  0.000344167
x2.xbias.nvi                          0.256421
x2.xbias.xrdeg.11                     0.256323
x2.xbias.xrdeg.21                  9.76152e-05
x2.xbias.b0b                               3.3
x2.xbias.b1b                               3.3
x2.xbias.b2b                       4.75265e-09
x2.xbias.vbn1                         0.885015
x2.xbias.ga                                3.3
x2.xbias.vbp2                           2.2781
x2.xbias.gb                        1.58151e-16
x2.vbn                                 0.97127
x2.xbias.gc                             2.2781
x2.vbp                                 2.17591
x2.xs1.nh                              1.47351
x2.y1                                        0
x2.y5                                        0
x2.xs1.nt                         -3.02683e-30
x2.xs2.nh                                  3.3
x2.y2                                      3.3
x2.xs2.nt                          3.38501e-13
x2.xs3.nh                                  3.3
x2.y3                                        0
x2.xs3.nt                         -3.48411e-98
x2.xs4.nh                                  3.3
x2.y4                                      3.3
x2.xs4.nt                          3.38501e-13
x2.xs5.nh                                  3.3
x2.xs5.nt                         -3.48411e-98
x2.nb1                                     3.3
x2.nb2                             3.21469e-09
clk2                                       3.3
x2.xcdec1.c_moscap_int1                   -3.3
x2.xcdec2.c_moscap_int1                   -3.3
x3.xbias.na                            1.05358
x3.xbias.vbpc                           2.1856
x3.xbias.nc                          0.0965464
x3.xbias.xrcg.11                     0.0963363
x3.xbias.xrcg.21                   0.000210034
x3.xbias.nsu                         0.0132747
x3.xbias.vfix                          2.11776
x3.xbias.nmd                          0.909006
x3.xbias.vbp0                          2.24923
x3.xbias.noff                          0.90406
x3.xbias.xroff.11                     0.903716
x3.xbias.xroff.21                  0.000344161
x3.xbias.nvi                          0.459033
x3.xbias.xrdeg.11                     0.458859
x3.xbias.xrdeg.21                  0.000174746
x3.xbias.b0b                               3.3
x3.xbias.b1b                               3.3
x3.xbias.b2b                       4.75265e-09
x3.xbias.vbn1                         0.893519
x3.xbias.ga                                3.3
x3.xbias.vbp2                          2.26977
x3.xbias.gb                        1.58441e-16
x3.vbn                                0.982988
x3.xbias.gc                            2.26977
x3.vbp                                 2.16232
x3.xs1.nh                              1.48543
x3.y1                                        0
x3.y5                                        0
x3.xs1.nt                         -5.69509e-43
x3.xs2.nh                                  3.3
x3.y2                                      3.3
x3.xs2.nt                          3.06433e-13
x3.xs3.nh                                  3.3
x3.y3                                        0
x3.xs3.nt                         -9.36817e-78
x3.xs4.nh                                  3.3
x3.y4                                      3.3
x3.xs4.nt                          3.06433e-13
x3.xs5.nh                                  3.3
x3.xs5.nt                         -9.36817e-78
x3.nb1                                     3.3
x3.nb2                             3.21469e-09
clk3                                       3.3
x3.xcdec1.c_moscap_int1                   -3.3
x3.xcdec2.c_moscap_int1                   -3.3
x4.xbias.na                            1.05358
x4.xbias.vbpc                           2.1856
x4.xbias.nc                          0.0965464
x4.xbias.xrcg.11                     0.0963363
x4.xbias.xrcg.21                   0.000210034
x4.xbias.nsu                         0.0132747
x4.xbias.vfix                          2.11776
x4.xbias.nmd                          0.909006
x4.xbias.vbp0                          2.24021
x4.xbias.noff                         0.904045
x4.xbias.xroff.11                       0.9037
x4.xbias.xroff.21                  0.000344155
x4.xbias.nvi                          0.671586
x4.xbias.xrdeg.11                      0.67133
x4.xbias.xrdeg.21                  0.000255662
x4.xbias.b0b                               3.3
x4.xbias.b1b                               3.3
x4.xbias.b2b                       4.75265e-09
x4.xbias.vbn1                         0.901473
x4.xbias.ga                                3.3
x4.xbias.vbp2                          2.26193
x4.xbias.gb                        1.58713e-16
x4.vbn                                0.994148
x4.xbias.gc                            2.26193
x4.vbp                                 2.14922
x4.xs1.nh                              1.49696
x4.y1                                        0
x4.y5                                        0
x4.xs1.nt                          5.18014e-69
x4.xs2.nh                                  3.3
x4.y2                                      3.3
x4.xs2.nt                          2.80429e-13
x4.xs3.nh                                  3.3
x4.y3                                        0
x4.xs3.nt                          4.18449e-97
x4.xs4.nh                                  3.3
x4.y4                                      3.3
x4.xs4.nt                          2.80429e-13
x4.xs5.nh                                  3.3
x4.xs5.nt                          4.18442e-97
x4.nb1                                     3.3
x4.nb2                             3.21469e-09
clk4                                       3.3
x4.xcdec1.c_moscap_int1                   -3.3
x4.xcdec2.c_moscap_int1                   -3.3
x5.xbias.na                            1.05358
x5.xbias.vbpc                           2.1856
x5.xbias.nc                          0.0965464
x5.xbias.xrcg.11                     0.0963363
x5.xbias.xrcg.21                   0.000210034
x5.xbias.nsu                         0.0132747
x5.xbias.vfix                          2.11776
x5.xbias.nmd                          0.909006
x5.xbias.vbp0                          2.23171
x5.xbias.noff                          0.90403
x5.xbias.xroff.11                     0.903686
x5.xbias.xroff.21                  0.000344149
x5.xbias.nvi                          0.890875
x5.xbias.xrdeg.11                     0.890536
x5.xbias.xrdeg.21                  0.000339141
x5.xbias.b0b                               3.3
x5.xbias.b1b                               3.3
x5.xbias.b2b                       4.75265e-09
x5.xbias.vbn1                         0.908887
x5.xbias.ga                                3.3
x5.xbias.vbp2                           2.2546
x5.xbias.gb                        1.58966e-16
x5.vbn                                 1.00473
x5.xbias.gc                             2.2546
x5.vbp                                 2.13667
x5.xs1.nh                              1.50802
x5.y1                                        0
x5.y5                                        0
x5.xs1.nt                          2.76779e-30
x5.xs2.nh                                  3.3
x5.y2                                      3.3
x5.xs2.nt                          2.59165e-13
x5.xs3.nh                                  3.3
x5.y3                                        0
x5.xs3.nt                         8.01491e-117
x5.xs4.nh                                  3.3
x5.y4                                      3.3
x5.xs4.nt                          2.59165e-13
x5.xs5.nh                                  3.3
x5.xs5.nt                         8.01491e-117
x5.nb1                                     3.3
x5.nb2                             3.21469e-09
clk5                                       3.3
x5.xcdec1.c_moscap_int1                   -3.3
x5.xcdec2.c_moscap_int1                   -3.3
x6.xbias.na                            1.05358
x6.xbias.vbpc                           2.1856
x6.xbias.nc                          0.0965464
x6.xbias.xrcg.11                     0.0963363
x6.xbias.xrcg.21                   0.000210034
x6.xbias.nsu                         0.0132747
x6.xbias.vfix                          2.11776
x6.xbias.nmd                          0.909006
x6.xbias.vbp0                          2.22367
x6.xbias.noff                         0.904016
x6.xbias.xroff.11                     0.903672
x6.xbias.xroff.21                  0.000344144
x6.xbias.nvi                           1.11535
x6.xbias.xrdeg.11                      1.11492
x6.xbias.xrdeg.21                  0.000424594
x6.xbias.b0b                               3.3
x6.xbias.b1b                               3.3
x6.xbias.b2b                       4.75265e-09
x6.xbias.vbn1                         0.915822
x6.xbias.ga                                3.3
x6.xbias.vbp2                           2.2477
x6.xbias.gb                        1.59203e-16
x6.vbn                                 1.01479
x6.xbias.gc                             2.2477
x6.vbp                                 2.12464
x6.xs1.nh                              1.51865
x6.y1                                        0
x6.y5                                        0
x6.xs1.nt                         -8.76405e-56
x6.xs2.nh                                  3.3
x6.y2                                      3.3
x6.xs2.nt                          2.41489e-13
x6.xs3.nh                                  3.3
x6.y3                                        0
x6.xs3.nt                         -4.03087e-78
x6.xs4.nh                                  3.3
x6.y4                                      3.3
x6.xs4.nt                          2.41489e-13
x6.xs5.nh                                  3.3
x6.xs5.nt                         -4.03087e-78
x6.nb1                                     3.3
x6.nb2                             3.21469e-09
clk6                                       3.3
x6.xcdec1.c_moscap_int1                   -3.3
x6.xcdec2.c_moscap_int1                   -3.3
x7.xbias.na                            1.05358
x7.xbias.vbpc                           2.1856
x7.xbias.nc                          0.0965464
x7.xbias.xrcg.11                     0.0963363
x7.xbias.xrcg.21                   0.000210034
x7.xbias.nsu                         0.0132747
x7.xbias.vfix                          2.11776
x7.xbias.nmd                          0.909006
x7.xbias.vbp0                          2.21603
x7.xbias.noff                         0.904003
x7.xbias.xroff.11                     0.903659
x7.xbias.xroff.21                  0.000344139
x7.xbias.nvi                           1.34404
x7.xbias.xrdeg.11                      1.34353
x7.xbias.xrdeg.21                  0.000511655
x7.xbias.b0b                               3.3
x7.xbias.b1b                               3.3
x7.xbias.b2b                       4.75265e-09
x7.xbias.vbn1                         0.922342
x7.xbias.ga                                3.3
x7.xbias.vbp2                          2.24118
x7.xbias.gb                        1.59425e-16
x7.vbn                                 1.02439
x7.xbias.gc                            2.24118
x7.vbp                                 2.11307
x7.xs1.nh                              1.52888
x7.y1                                        0
x7.y5                                        0
x7.xs1.nt                         -1.42848e-55
x7.xs2.nh                                  3.3
x7.y2                                      3.3
x7.xs2.nt                          2.26537e-13
x7.xs3.nh                                  3.3
x7.y3                                        0
x7.xs3.nt                         -1.04516e-97
x7.xs4.nh                                  3.3
x7.y4                                      3.3
x7.xs4.nt                          2.26537e-13
x7.xs5.nh                                  3.3
x7.xs5.nt                         -1.04586e-97
x7.nb1                                     3.3
x7.nb2                             3.21469e-09
clk7                                       3.3
x7.xcdec1.c_moscap_int1                   -3.3
x7.xcdec2.c_moscap_int1                   -3.3
e.x7.xcdec2.ec_moscap#branch                 0
e.x7.xcdec1.ec_moscap#branch                 0
e.x6.xcdec2.ec_moscap#branch                 0
e.x6.xcdec1.ec_moscap#branch                 0
e.x5.xcdec2.ec_moscap#branch                 0
e.x5.xcdec1.ec_moscap#branch                 0
e.x4.xcdec2.ec_moscap#branch                 0
e.x4.xcdec1.ec_moscap#branch                 0
e.x3.xcdec2.ec_moscap#branch                 0
e.x3.xcdec1.ec_moscap#branch                 0
e.x2.xcdec2.ec_moscap#branch                 0
e.x2.xcdec1.ec_moscap#branch                 0
e.x1.xcdec2.ec_moscap#branch                 0
e.x1.xcdec1.ec_moscap#branch                 0
vs7#branch                         0.000108938
vs6#branch                         9.94353e-05
vs5#branch                         9.00743e-05
vs4#branch                         8.08922e-05
vs3#branch                         7.19504e-05
vs2#branch                         6.33805e-05
vs1#branch                         5.56571e-05
vv7#branch                                   0
vv6#branch                                   0
vv5#branch                                   0
vv4#branch                                   0
vv3#branch                                   0
vv2#branch                                   0
vv1#branch                                   0
vb2#branch                                   0
vb1#branch                                   0
vb0#branch                                   0
vdd#branch                        -0.000570328

 Reference value :  0.00000e+00
 Reference value :  4.87186e-09
 Reference value :  8.40312e-09
 Reference value :  1.19946e-08
 Reference value :  1.63749e-08
 Reference value :  2.15278e-08
 Reference value :  2.68508e-08
 Reference value :  3.09273e-08
 Reference value :  3.52756e-08
 Reference value :  3.95573e-08
 Reference value :  4.30973e-08
 Reference value :  4.72737e-08
 Reference value :  5.08387e-08
 Reference value :  5.49177e-08
 Reference value :  5.75013e-08
 Reference value :  6.23078e-08
 Reference value :  6.55395e-08
 Reference value :  7.10092e-08
 Reference value :  7.34892e-08
 Reference value :  7.87638e-08
 Reference value :  8.27269e-08
 Reference value :  8.49205e-08
 Reference value :  8.81791e-08
 Reference value :  9.25490e-08
 Reference value :  9.69172e-08
 Reference value :  1.00740e-07
 Reference value :  1.05243e-07
 Reference value :  1.08549e-07
 Reference value :  1.13245e-07
 Reference value :  1.17020e-07
 Reference value :  1.20668e-07
 Reference value :  1.24844e-07
 Reference value :  1.28261e-07
 Reference value :  1.32919e-07
 Reference value :  1.35583e-07
 Reference value :  1.41046e-07
 Reference value :  1.44264e-07
 Reference value :  1.48948e-07
 Reference value :  1.52296e-07
 Reference value :  1.55032e-07
 Reference value :  1.59373e-07
 Reference value :  1.63613e-07
 Reference value :  1.67091e-07
 Reference value :  1.69419e-07
 Reference value :  1.74643e-07
 Reference value :  1.77829e-07
 Reference value :  1.82025e-07
 Reference value :  1.85203e-07
 Reference value :  1.89807e-07
 Reference value :  1.93605e-07
 Reference value :  1.97808e-07
 Reference value :  2.01329e-07
 Reference value :  2.05907e-07
 Reference value :  2.08419e-07
 Reference value :  2.14306e-07
 Reference value :  2.17699e-07
 Reference value :  2.23167e-07
 Reference value :  2.26687e-07
 Reference value :  2.30792e-07
 Reference value :  2.35015e-07
 Reference value :  2.38696e-07
 Reference value :  2.42456e-07
 Reference value :  2.47443e-07
 Reference value :  2.51828e-07
 Reference value :  2.56399e-07
 Reference value :  2.61144e-07
 Reference value :  2.65834e-07
 Reference value :  2.70011e-07
 Reference value :  2.75332e-07
 Reference value :  2.80538e-07
 Reference value :  2.86452e-07
 Reference value :  2.90444e-07
 Reference value :  2.95329e-07
 Reference value :  2.98935e-07
 Reference value :  3.04774e-07
 Reference value :  3.09761e-07
 Reference value :  3.14975e-07
 Reference value :  3.19467e-07
 Reference value :  3.24420e-07
 Reference value :  3.29926e-07
 Reference value :  3.35309e-07
 Reference value :  3.41156e-07
 Reference value :  3.47347e-07
 Reference value :  3.50931e-07
 Reference value :  3.56552e-07
 Reference value :  3.60440e-07
 Reference value :  3.65933e-07
 Reference value :  3.70244e-07
 Reference value :  3.75526e-07
 Reference value :  3.79987e-07
 Reference value :  3.84419e-07
 Reference value :  3.90631e-07
 Reference value :  3.95086e-07
 Reference value :  4.00955e-07
 Reference value :  4.05586e-07
 Reference value :  4.09772e-07
 Reference value :  4.13979e-07
 Reference value :  4.19169e-07
 Reference value :  4.22257e-07
 Reference value :  4.26941e-07
 Reference value :  4.32057e-07
 Reference value :  4.35439e-07
 Reference value :  4.40405e-07
 Reference value :  4.44041e-07
 Reference value :  4.48522e-07
 Reference value :  4.52122e-07
 Reference value :  4.55596e-07
 Reference value :  4.61186e-07
 Reference value :  4.64725e-07
 Reference value :  4.68008e-07
 Reference value :  4.72864e-07
 Reference value :  4.76431e-07
 Reference value :  4.79928e-07
 Reference value :  4.83391e-07
 Reference value :  4.87882e-07
 Reference value :  4.91416e-07
 Reference value :  4.95122e-07
 Reference value :  5.00206e-07
 Reference value :  5.03439e-07
No. of Data Rows : 4503

  Measurements for Transient Analysis

tp1                 =  1.33316e-07 targ=  3.33885e-07 trig=  2.00569e-07
tp2                 =  1.12337e-07 targ=  3.09520e-07 trig=  1.97183e-07
tp3                 =  9.53958e-08 targ=  2.86728e-07 trig=  1.91333e-07
tp4                 =  8.22343e-08 targ=  2.67804e-07 trig=  1.85570e-07
tp5                 =  7.19119e-08 targ=  2.70056e-07 trig=  1.98144e-07
tp6                 =  6.36116e-08 targ=  2.54788e-07 trig=  1.91176e-07
tp7                 =  5.68214e-08 targ=  2.41873e-07 trig=  1.85052e-07
f1                  =  3.00039e+07
f2                  =  3.56072e+07
f3                  =  4.19306e+07
f4                  =  4.86415e+07
f5                  =  5.56236e+07
f6                  =  6.28816e+07
f7                  =  7.03960e+07
i1                  =  7.54390e-05 from=  1.83330e-07 to=  5.04158e-07
i2                  =  8.52428e-05 from=  1.83330e-07 to=  5.04158e-07
i3                  =  9.70599e-05 from=  1.83330e-07 to=  5.04158e-07
i4                  =  1.08869e-04 from=  1.83330e-07 to=  5.04158e-07
i5                  =  1.21067e-04 from=  1.83330e-07 to=  5.04158e-07
i6                  =  1.32731e-04 from=  1.83330e-07 to=  5.04158e-07
i7                  =  1.45720e-04 from=  1.83330e-07 to=  5.04158e-07
sw1hi               =  3.42774e+00 at=  3.67365e-07
sw1lo               =  -1.35337e-01 at=  4.82987e-07
sw7hi               =  3.45854e+00 at=  4.40807e-07
sw7lo               =  -1.67247e-01 at=  3.62400e-07

ngspice-46 done

Warning: m=xx on .subckt line will override multiplier m hierarchy!

