
Note: Compatibility modes selected: hs a


Circuit: * vco-tuning-range @ ss_125c_3.63v_band2 -- generated by sim/harness, do not edit

Doing analysis at TEMP = 125.000000 and TNOM = 27.000000

Using SPARSE 1.3 as Direct Linear Solver

Initial Transient Solution
--------------------------

Node                                   Voltage
----                                   -------
vdd                                       3.63
nb0                                          0
nb1                                       3.63
nb2                                          0
vc1                                        0.9
vc2                                        1.2
vc3                                        1.5
vc4                                        1.8
vc5                                        2.1
vc6                                        2.4
vc7                                        2.7
nv1                                       3.63
nv2                                       3.63
nv3                                       3.63
nv4                                       3.63
nv5                                       3.63
nv6                                       3.63
nv7                                       3.63
x1.xbias.na                            1.14244
x1.xbias.vbpc                          2.51205
x1.xbias.nc                           0.189693
x1.xbias.xrcg.11                      0.189393
x1.xbias.xrcg.21                    0.00029952
x1.xbias.nsu                         0.0101614
x1.xbias.vfix                          1.95895
x1.xbias.nmd                          0.837325
x1.xbias.vbp0                          2.74116
x1.xbias.noff                         0.867814
x1.xbias.xroff.11                     0.867574
x1.xbias.xroff.21                  0.000239543
x1.xbias.nvi                          0.164711
x1.xbias.xrdeg.11                     0.164665
x1.xbias.xrdeg.21                  4.54651e-05
x1.xbias.b0b                              3.63
x1.xbias.b1b                       1.25658e-08
x1.xbias.b2b                              3.63
x1.xbias.vbn1                         0.748361
x1.xbias.ga                               3.63
x1.xbias.vbp2                          2.67225
x1.xbias.gb                           0.748361
x1.vbn                                0.769859
x1.xbias.gc                               3.63
x1.vbp                                 2.72454
x1.xs1.nh                              1.33227
x1.y1                                        0
x1.y5                                        0
x1.xs1.nt                         -2.29001e-17
x1.xs2.nh                                 3.63
x1.y2                                     3.63
x1.xs2.nt                          8.67185e-07
x1.xs3.nh                                 3.63
x1.y3                                        0
x1.xs3.nt                          3.60134e-27
x1.xs4.nh                                 3.63
x1.y4                                     3.63
x1.xs4.nt                          8.67185e-07
x1.xs5.nh                                 3.63
x1.xs5.nt                          3.60134e-27
x1.nb1                                    3.63
x1.nb2                             1.06104e-08
clk1                                      3.63
x1.xcdec1.c_moscap_int1                  -3.63
x1.xcdec2.c_moscap_int1                  -3.63
x2.xbias.na                            1.14244
x2.xbias.vbpc                          2.51205
x2.xbias.nc                           0.189693
x2.xbias.xrcg.11                      0.189393
x2.xbias.xrcg.21                    0.00029952
x2.xbias.nsu                         0.0101614
x2.xbias.vfix                          1.95895
x2.xbias.nmd                          0.837325
x2.xbias.vbp0                          2.72635
x2.xbias.noff                         0.867791
x2.xbias.xroff.11                     0.867552
x2.xbias.xroff.21                  0.000239537
x2.xbias.nvi                          0.348121
x2.xbias.xrdeg.11                     0.348024
x2.xbias.xrdeg.21                  9.60919e-05
x2.xbias.b0b                              3.63
x2.xbias.b1b                       1.25658e-08
x2.xbias.b2b                              3.63
x2.xbias.vbn1                         0.760985
x2.xbias.ga                               3.63
x2.xbias.vbp2                          2.65438
x2.xbias.gb                           0.760985
x2.vbn                                0.782595
x2.xbias.gc                               3.63
x2.vbp                                 2.71026
x2.xs1.nh                               1.3446
x2.y1                                        0
x2.y5                                        0
x2.xs1.nt                          7.28233e-15
x2.xs2.nh                                 3.63
x2.y2                                     3.63
x2.xs2.nt                          7.79786e-07
x2.xs3.nh                                 3.63
x2.y3                                        0
x2.xs3.nt                         -8.89689e-18
x2.xs4.nh                                 3.63
x2.y4                                     3.63
x2.xs4.nt                          7.79786e-07
x2.xs5.nh                                 3.63
x2.xs5.nt                         -8.89689e-18
x2.nb1                                    3.63
x2.nb2                             1.06104e-08
clk2                                      3.63
x2.xcdec1.c_moscap_int1                  -3.63
x2.xcdec2.c_moscap_int1                  -3.63
x3.xbias.na                            1.14244
x3.xbias.vbpc                          2.51205
x3.xbias.nc                           0.189693
x3.xbias.xrcg.11                      0.189393
x3.xbias.xrcg.21                    0.00029952
x3.xbias.nsu                         0.0101614
x3.xbias.vfix                          1.95895
x3.xbias.nmd                          0.837325
x3.xbias.vbp0                          2.71197
x3.xbias.noff                         0.867769
x3.xbias.xroff.11                      0.86753
x3.xbias.xroff.21                  0.000239531
x3.xbias.nvi                          0.547134
x3.xbias.xrdeg.11                     0.546983
x3.xbias.xrdeg.21                  0.000151026
x3.xbias.b0b                              3.63
x3.xbias.b1b                       1.25658e-08
x3.xbias.b2b                              3.63
x3.xbias.vbn1                         0.773188
x3.xbias.ga                               3.63
x3.xbias.vbp2                          2.63684
x3.xbias.gb                           0.773188
x3.vbn                                0.794935
x3.xbias.gc                               3.63
x3.vbp                                 2.69637
x3.xs1.nh                              1.35661
x3.y1                                        0
x3.y5                                        0
x3.xs1.nt                          2.77586e-17
x3.xs2.nh                                 3.63
x3.y2                                     3.63
x3.xs2.nt                          7.07673e-07
x3.xs3.nh                                 3.63
x3.y3                                        0
x3.xs3.nt                          2.04225e-27
x3.xs4.nh                                 3.63
x3.y4                                     3.63
x3.xs4.nt                          7.07673e-07
x3.xs5.nh                                 3.63
x3.xs5.nt                          2.04225e-27
x3.nb1                                    3.63
x3.nb2                             1.06104e-08
clk3                                      3.63
x3.xcdec1.c_moscap_int1                  -3.63
x3.xcdec2.c_moscap_int1                  -3.63
x4.xbias.na                            1.14244
x4.xbias.vbpc                          2.51205
x4.xbias.nc                           0.189693
x4.xbias.xrcg.11                      0.189393
x4.xbias.xrcg.21                    0.00029952
x4.xbias.nsu                         0.0101614
x4.xbias.vfix                          1.95895
x4.xbias.nmd                          0.837325
x4.xbias.vbp0                          2.69838
x4.xbias.noff                         0.867748
x4.xbias.xroff.11                     0.867509
x4.xbias.xroff.21                  0.000239525
x4.xbias.nvi                          0.754985
x4.xbias.xrdeg.11                     0.754776
x4.xbias.xrdeg.21                  0.000208399
x4.xbias.b0b                              3.63
x4.xbias.b1b                       1.25658e-08
x4.xbias.b2b                              3.63
x4.xbias.vbn1                         0.784693
x4.xbias.ga                               3.63
x4.xbias.vbp2                          2.62006
x4.xbias.gb                           0.784693
x4.vbn                                0.806595
x4.xbias.gc                               3.63
x4.vbp                                 2.68323
x4.xs1.nh                              1.36801
x4.y1                                        0
x4.y5                                        0
x4.xs1.nt                          8.27321e-24
x4.xs2.nh                                 3.63
x4.y2                                     3.63
x4.xs2.nt                          6.48926e-07
x4.xs3.nh                                 3.63
x4.y3                                        0
x4.xs3.nt                           5.3597e-27
x4.xs4.nh                                 3.63
x4.y4                                     3.63
x4.xs4.nt                          6.48926e-07
x4.xs5.nh                                 3.63
x4.xs5.nt                           5.3597e-27
x4.nb1                                    3.63
x4.nb2                             1.06104e-08
clk4                                      3.63
x4.xcdec1.c_moscap_int1                  -3.63
x4.xcdec2.c_moscap_int1                  -3.63
x5.xbias.na                            1.14244
x5.xbias.vbpc                          2.51205
x5.xbias.nc                           0.189693
x5.xbias.xrcg.11                      0.189393
x5.xbias.xrcg.21                    0.00029952
x5.xbias.nsu                         0.0101614
x5.xbias.vfix                          1.95895
x5.xbias.nmd                          0.837325
x5.xbias.vbp0                          2.68556
x5.xbias.noff                         0.867729
x5.xbias.xroff.11                     0.867489
x5.xbias.xroff.21                   0.00023952
x5.xbias.nvi                          0.969055
x5.xbias.xrdeg.11                     0.968788
x5.xbias.xrdeg.21                  0.000267489
x5.xbias.b0b                              3.63
x5.xbias.b1b                       1.25658e-08
x5.xbias.b2b                              3.63
x5.xbias.vbn1                         0.795524
x5.xbias.ga                               3.63
x5.xbias.vbp2                          2.60407
x5.xbias.gb                           0.795523
x5.vbn                                0.817593
x5.xbias.gc                               3.63
x5.vbp                                 2.67081
x5.xs1.nh                               1.3788
x5.y1                                        0
x5.y5                                        0
x5.xs1.nt                         -7.79128e-25
x5.xs2.nh                                 3.63
x5.y2                                     3.63
x5.xs2.nt                          6.00531e-07
x5.xs3.nh                                 3.63
x5.y3                                        0
x5.xs3.nt                         -5.91252e-27
x5.xs4.nh                                 3.63
x5.y4                                     3.63
x5.xs4.nt                          6.00531e-07
x5.xs5.nh                                 3.63
x5.xs5.nt                         -5.91252e-27
x5.nb1                                    3.63
x5.nb2                             1.06104e-08
clk5                                      3.63
x5.xcdec1.c_moscap_int1                  -3.63
x5.xcdec2.c_moscap_int1                  -3.63
x6.xbias.na                            1.14244
x6.xbias.vbpc                          2.51205
x6.xbias.nc                           0.189693
x6.xbias.xrcg.11                      0.189393
x6.xbias.xrcg.21                    0.00029952
x6.xbias.nsu                         0.0101614
x6.xbias.vfix                          1.95895
x6.xbias.nmd                          0.837325
x6.xbias.vbp0                          2.67342
x6.xbias.noff                          0.86771
x6.xbias.xroff.11                     0.867471
x6.xbias.xroff.21                  0.000239515
x6.xbias.nvi                           1.18798
x6.xbias.xrdeg.11                      1.18765
x6.xbias.xrdeg.21                  0.000327918
x6.xbias.b0b                              3.63
x6.xbias.b1b                       1.25658e-08
x6.xbias.b2b                              3.63
x6.xbias.vbn1                          0.80575
x6.xbias.ga                               3.63
x6.xbias.vbp2                          2.58881
x6.xbias.gb                            0.80575
x6.vbn                                0.827996
x6.xbias.gc                               3.63
x6.vbp                                 2.65904
x6.xs1.nh                              1.38903
x6.y1                                        0
x6.y5                                        0
x6.xs1.nt                         -2.44563e-23
x6.xs2.nh                                 3.63
x6.y2                                     3.63
x6.xs2.nt                          5.60071e-07
x6.xs3.nh                                 3.63
x6.y3                                        0
x6.xs3.nt                          7.39707e-36
x6.xs4.nh                                 3.63
x6.y4                                     3.63
x6.xs4.nt                          5.60071e-07
x6.xs5.nh                                 3.63
x6.xs5.nt                          7.39707e-36
x6.nb1                                    3.63
x6.nb2                             1.06104e-08
clk6                                      3.63
x6.xcdec1.c_moscap_int1                  -3.63
x6.xcdec2.c_moscap_int1                  -3.63
x7.xbias.na                            1.14244
x7.xbias.vbpc                          2.51205
x7.xbias.nc                           0.189693
x7.xbias.xrcg.11                      0.189393
x7.xbias.xrcg.21                    0.00029952
x7.xbias.nsu                         0.0101614
x7.xbias.vfix                          1.95895
x7.xbias.nmd                          0.837325
x7.xbias.vbp0                          2.66189
x7.xbias.noff                         0.867692
x7.xbias.xroff.11                     0.867453
x7.xbias.xroff.21                   0.00023951
x7.xbias.nvi                            1.4109
x7.xbias.xrdeg.11                      1.41051
x7.xbias.xrdeg.21                  0.000389452
x7.xbias.b0b                              3.63
x7.xbias.b1b                       1.25658e-08
x7.xbias.b2b                              3.63
x7.xbias.vbn1                         0.815449
x7.xbias.ga                               3.63
x7.xbias.vbp2                           2.5742
x7.xbias.gb                           0.815449
x7.vbn                                0.837879
x7.xbias.gc                               3.63
x7.vbp                                 2.64786
x7.xs1.nh                              1.39878
x7.y1                                        0
x7.y5                                        0
x7.xs1.nt                         -3.03585e-29
x7.xs2.nh                                 3.63
x7.y2                                     3.63
x7.xs2.nt                          5.25759e-07
x7.xs3.nh                                 3.63
x7.y3                                        0
x7.xs3.nt                          1.07296e-35
x7.xs4.nh                                 3.63
x7.y4                                     3.63
x7.xs4.nt                          5.25759e-07
x7.xs5.nh                                 3.63
x7.xs5.nt                          1.07296e-35
x7.nb1                                    3.63
x7.nb2                             1.06104e-08
clk7                                      3.63
x7.xcdec1.c_moscap_int1                  -3.63
x7.xcdec2.c_moscap_int1                  -3.63
e.x7.xcdec2.ec_moscap#branch                 0
e.x7.xcdec1.ec_moscap#branch                 0
e.x6.xcdec2.ec_moscap#branch                 0
e.x6.xcdec1.ec_moscap#branch                 0
e.x5.xcdec2.ec_moscap#branch                 0
e.x5.xcdec1.ec_moscap#branch                 0
e.x4.xcdec2.ec_moscap#branch                 0
e.x4.xcdec1.ec_moscap#branch                 0
e.x3.xcdec2.ec_moscap#branch                 0
e.x3.xcdec1.ec_moscap#branch                 0
e.x2.xcdec2.ec_moscap#branch                 0
e.x2.xcdec1.ec_moscap#branch                 0
e.x1.xcdec2.ec_moscap#branch                 0
e.x1.xcdec1.ec_moscap#branch                 0
vs7#branch                         0.000114386
vs6#branch                         0.000106209
vs5#branch                         9.81538e-05
vs4#branch                         9.02509e-05
vs3#branch                         8.25493e-05
vs2#branch                         7.51436e-05
vs1#branch                         6.82796e-05
vv7#branch                                   0
vv6#branch                                   0
vv5#branch                                   0
vv4#branch                                   0
vv3#branch                                   0
vv2#branch                                   0
vv1#branch                                   0
vb2#branch                                   0
vb1#branch                                   0
vb0#branch                                   0
vdd#branch                        -0.000634972

 Reference value :  0.00000e+00
 Reference value :  1.69123e-08
 Reference value :  3.07046e-08
 Reference value :  4.23952e-08
 Reference value :  5.46561e-08
 Reference value :  6.33836e-08
 Reference value :  7.17370e-08
 Reference value :  8.14186e-08
 Reference value :  8.90786e-08
 Reference value :  9.91171e-08
 Reference value :  1.09726e-07
 Reference value :  1.20776e-07
 Reference value :  1.29320e-07
 Reference value :  1.38949e-07
 Reference value :  1.49074e-07
 Reference value :  1.58552e-07
 Reference value :  1.67650e-07
 Reference value :  1.74997e-07
 Reference value :  1.83145e-07
 Reference value :  1.93159e-07
 Reference value :  2.00208e-07
 Reference value :  2.13457e-07
 Reference value :  2.21734e-07
 Reference value :  2.27515e-07
 Reference value :  2.42351e-07
 Reference value :  2.53020e-07
 Reference value :  2.62480e-07
 Reference value :  2.74876e-07
 Reference value :  2.86716e-07
 Reference value :  2.98001e-07
 Reference value :  3.07339e-07
 Reference value :  3.20286e-07
 Reference value :  3.31700e-07
 Reference value :  3.44889e-07
 Reference value :  3.54298e-07
 Reference value :  3.65712e-07
 Reference value :  3.76638e-07
 Reference value :  3.89336e-07
 Reference value :  3.98784e-07
 Reference value :  4.09319e-07
 Reference value :  4.19544e-07
 Reference value :  4.32696e-07
 Reference value :  4.42344e-07
 Reference value :  4.48771e-07
 Reference value :  4.59843e-07
 Reference value :  4.70027e-07
 Reference value :  4.79789e-07
 Reference value :  4.92756e-07
 Reference value :  5.05026e-07
 Reference value :  5.18987e-07
 Reference value :  5.31239e-07
 Reference value :  5.43762e-07
 Reference value :  5.52662e-07
 Reference value :  5.63702e-07
 Reference value :  5.77259e-07
 Reference value :  5.92245e-07
 Reference value :  6.00417e-07
 Reference value :  6.12642e-07
 Reference value :  6.23396e-07
 Reference value :  6.36956e-07
 Reference value :  6.44346e-07
 Reference value :  6.57706e-07
 Reference value :  6.70167e-07
 Reference value :  6.82233e-07
 Reference value :  6.94415e-07
 Reference value :  7.04763e-07
 Reference value :  7.16453e-07
 Reference value :  7.28578e-07
 Reference value :  7.39717e-07
 Reference value :  7.54522e-07
 Reference value :  7.66737e-07
 Reference value :  7.77444e-07
 Reference value :  7.90970e-07
 Reference value :  8.04703e-07
 Reference value :  8.18185e-07
 Reference value :  8.32494e-07
 Reference value :  8.41974e-07
 Reference value :  8.54089e-07
 Reference value :  8.65707e-07
 Reference value :  8.78026e-07
 Reference value :  8.91708e-07
 Reference value :  8.98167e-07
 Reference value :  9.11830e-07
 Reference value :  9.23553e-07
 Reference value :  9.33715e-07
 Reference value :  9.48866e-07
 Reference value :  9.60010e-07
 Reference value :  9.73820e-07
 Reference value :  9.87262e-07
 Reference value :  9.98546e-07
 Reference value :  1.01178e-06
 Reference value :  1.02354e-06
 Reference value :  1.03578e-06
 Reference value :  1.04470e-06
 Reference value :  1.05669e-06
 Reference value :  1.06863e-06
 Reference value :  1.08018e-06
 Reference value :  1.09224e-06
 Reference value :  1.10503e-06
 Reference value :  1.11696e-06
 Reference value :  1.12727e-06
 Reference value :  1.13910e-06
 Reference value :  1.15172e-06
 Reference value :  1.16185e-06
 Reference value :  1.17505e-06
 Reference value :  1.18692e-06
 Reference value :  1.19746e-06
 Reference value :  1.21040e-06
 Reference value :  1.21884e-06
 Reference value :  1.23312e-06
 Reference value :  1.24527e-06
 Reference value :  1.25867e-06
 Reference value :  1.26808e-06
 Reference value :  1.28021e-06
 Reference value :  1.29053e-06
 Reference value :  1.30355e-06
 Reference value :  1.31470e-06
 Reference value :  1.32968e-06
 Reference value :  1.34077e-06
 Reference value :  1.35344e-06
 Reference value :  1.36610e-06
 Reference value :  1.37474e-06
No. of Data Rows : 4719

  Measurements for Transient Analysis

tp1                 =  3.48703e-07 targ=  8.72258e-07 trig=  5.23555e-07
tp2                 =  2.97442e-07 targ=  8.18235e-07 trig=  5.20793e-07
tp3                 =  2.56368e-07 targ=  7.69360e-07 trig=  5.12992e-07
tp4                 =  2.24403e-07 targ=  7.28164e-07 trig=  5.03762e-07
tp5                 =  1.97933e-07 targ=  7.42878e-07 trig=  5.44945e-07
tp6                 =  1.76870e-07 targ=  7.08047e-07 trig=  5.31177e-07
tp7                 =  1.59584e-07 targ=  6.78436e-07 trig=  5.18852e-07
f1                  =  1.14711e+07
f2                  =  1.34480e+07
f3                  =  1.56026e+07
f4                  =  1.78251e+07
f5                  =  2.02089e+07
f6                  =  2.26155e+07
f7                  =  2.50652e+07
i1                  =  8.59041e-05 from=  5.03618e-07 to=  1.38495e-06
i2                  =  9.47558e-05 from=  5.03618e-07 to=  1.38495e-06
i3                  =  1.03357e-04 from=  5.03618e-07 to=  1.38495e-06
i4                  =  1.11970e-04 from=  5.03618e-07 to=  1.38495e-06
i5                  =  1.21688e-04 from=  5.03618e-07 to=  1.38495e-06
i6                  =  1.31371e-04 from=  5.03618e-07 to=  1.38495e-06
i7                  =  1.41209e-04 from=  5.03618e-07 to=  1.38495e-06
sw1hi               =  3.75036e+00 at=  1.30883e-06
sw1lo               =  -1.16284e-01 at=  1.17505e-06
sw7hi               =  3.74935e+00 at=  1.35702e-06
sw7lo               =  -1.41685e-01 at=  5.77991e-07

ngspice-46 done

Warning: m=xx on .subckt line will override multiplier m hierarchy!

