
Note: Compatibility modes selected: hs a


Circuit: * vco-tuning-range @ ss_125c_3.63v_band5 -- generated by sim/harness, do not edit

Doing analysis at TEMP = 125.000000 and TNOM = 27.000000

Using SPARSE 1.3 as Direct Linear Solver

Initial Transient Solution
--------------------------

Node                                   Voltage
----                                   -------
vdd                                       3.63
nb0                                       3.63
nb1                                          0
nb2                                       3.63
vc1                                        0.9
vc2                                        1.2
vc3                                        1.5
vc4                                        1.8
vc5                                        2.1
vc6                                        2.4
vc7                                        2.7
nv1                                       3.63
nv2                                       3.63
nv3                                       3.63
nv4                                       3.63
nv5                                       3.63
nv6                                       3.63
nv7                                       3.63
x1.xbias.na                            1.14244
x1.xbias.vbpc                          2.51205
x1.xbias.nc                           0.189693
x1.xbias.xrcg.11                      0.189393
x1.xbias.xrcg.21                    0.00029952
x1.xbias.nsu                         0.0101614
x1.xbias.vfix                          1.95895
x1.xbias.nmd                          0.837325
x1.xbias.vbp0                          2.74116
x1.xbias.noff                         0.867814
x1.xbias.xroff.11                     0.867574
x1.xbias.xroff.21                  0.000239543
x1.xbias.nvi                          0.164711
x1.xbias.xrdeg.11                     0.164665
x1.xbias.xrdeg.21                  4.54651e-05
x1.xbias.b0b                       1.25658e-08
x1.xbias.b1b                              3.63
x1.xbias.b2b                       1.25658e-08
x1.xbias.vbn1                         0.789194
x1.xbias.ga                            2.74116
x1.xbias.vbp2                          2.72335
x1.xbias.gb                        1.75036e-09
x1.vbn                                 0.92619
x1.xbias.gc                            2.72335
x1.vbp                                 2.54774
x1.xs1.nh                              1.48656
x1.y1                                        0
x1.y5                                        0
x1.xs1.nt                           5.8847e-54
x1.xs2.nh                                 3.63
x1.y2                                     3.63
x1.xs2.nt                          3.32681e-07
x1.xs3.nh                                 3.63
x1.y3                                        0
x1.xs3.nt                          1.30249e-77
x1.xs4.nh                                 3.63
x1.y4                                     3.63
x1.xs4.nt                          3.32681e-07
x1.xs5.nh                                 3.63
x1.xs5.nt                          1.30249e-77
x1.nb1                                    3.63
x1.nb2                             1.06104e-08
clk1                                      3.63
x1.xcdec1.c_moscap_int1                  -3.63
x1.xcdec2.c_moscap_int1                  -3.63
x2.xbias.na                            1.14244
x2.xbias.vbpc                          2.51205
x2.xbias.nc                           0.189693
x2.xbias.xrcg.11                      0.189393
x2.xbias.xrcg.21                    0.00029952
x2.xbias.nsu                         0.0101614
x2.xbias.vfix                          1.95895
x2.xbias.nmd                          0.837325
x2.xbias.vbp0                          2.72635
x2.xbias.noff                         0.867791
x2.xbias.xroff.11                     0.867552
x2.xbias.xroff.21                  0.000239537
x2.xbias.nvi                          0.348121
x2.xbias.xrdeg.11                     0.348024
x2.xbias.xrdeg.21                  9.60919e-05
x2.xbias.b0b                       1.25658e-08
x2.xbias.b1b                              3.63
x2.xbias.b2b                       1.25658e-08
x2.xbias.vbn1                         0.803795
x2.xbias.ga                            2.72635
x2.xbias.vbp2                          2.70831
x2.xbias.gb                        1.75413e-09
x2.vbn                                0.948809
x2.xbias.gc                            2.70831
x2.vbp                                 2.52214
x2.xs1.nh                              1.50913
x2.y1                                        0
x2.y5                                        0
x2.xs1.nt                          -2.7512e-24
x2.xs2.nh                                 3.63
x2.y2                                     3.63
x2.xs2.nt                          3.03203e-07
x2.xs3.nh                                 3.63
x2.y3                                        0
x2.xs3.nt                         -2.58335e-27
x2.xs4.nh                                 3.63
x2.y4                                     3.63
x2.xs4.nt                          3.03203e-07
x2.xs5.nh                                 3.63
x2.xs5.nt                         -2.58335e-27
x2.nb1                                    3.63
x2.nb2                             1.06104e-08
clk2                                      3.63
x2.xcdec1.c_moscap_int1                  -3.63
x2.xcdec2.c_moscap_int1                  -3.63
x3.xbias.na                            1.14244
x3.xbias.vbpc                          2.51205
x3.xbias.nc                           0.189693
x3.xbias.xrcg.11                      0.189393
x3.xbias.xrcg.21                    0.00029952
x3.xbias.nsu                         0.0101614
x3.xbias.vfix                          1.95895
x3.xbias.nmd                          0.837325
x3.xbias.vbp0                          2.71197
x3.xbias.noff                         0.867769
x3.xbias.xroff.11                      0.86753
x3.xbias.xroff.21                  0.000239531
x3.xbias.nvi                          0.547134
x3.xbias.xrdeg.11                     0.546983
x3.xbias.xrdeg.21                  0.000151026
x3.xbias.b0b                       1.25658e-08
x3.xbias.b1b                              3.63
x3.xbias.b2b                       1.25658e-08
x3.xbias.vbn1                         0.818061
x3.xbias.ga                            2.71197
x3.xbias.vbp2                          2.69369
x3.xbias.gb                         1.7578e-09
x3.vbn                                0.971421
x3.xbias.gc                            2.69369
x3.vbp                                 2.49659
x3.xs1.nh                               1.5317
x3.y1                                        0
x3.y5                                        0
x3.xs1.nt                         -2.68632e-24
x3.xs2.nh                                 3.63
x3.y2                                     3.63
x3.xs2.nt                          2.78441e-07
x3.xs3.nh                                 3.63
x3.y3                                        0
x3.xs3.nt                         -6.39466e-19
x3.xs4.nh                                 3.63
x3.y4                                     3.63
x3.xs4.nt                          2.78441e-07
x3.xs5.nh                                 3.63
x3.xs5.nt                         -6.39466e-19
x3.nb1                                    3.63
x3.nb2                             1.06104e-08
clk3                                      3.63
x3.xcdec1.c_moscap_int1                  -3.63
x3.xcdec2.c_moscap_int1                  -3.63
x4.xbias.na                            1.14244
x4.xbias.vbpc                          2.51205
x4.xbias.nc                           0.189693
x4.xbias.xrcg.11                      0.189393
x4.xbias.xrcg.21                    0.00029952
x4.xbias.nsu                         0.0101614
x4.xbias.vfix                          1.95895
x4.xbias.nmd                          0.837325
x4.xbias.vbp0                          2.69838
x4.xbias.noff                         0.867748
x4.xbias.xroff.11                     0.867509
x4.xbias.xroff.21                  0.000239525
x4.xbias.nvi                          0.754985
x4.xbias.xrdeg.11                     0.754776
x4.xbias.xrdeg.21                  0.000208399
x4.xbias.b0b                       1.25658e-08
x4.xbias.b1b                              3.63
x4.xbias.b2b                       1.25658e-08
x4.xbias.vbn1                         0.831646
x4.xbias.ga                            2.69838
x4.xbias.vbp2                          2.67983
x4.xbias.gb                        1.76129e-09
x4.vbn                                0.993399
x4.xbias.gc                            2.67983
x4.vbp                                 2.47181
x4.xs1.nh                              1.55362
x4.y1                                        0
x4.y5                                        0
x4.xs1.nt                          3.45324e-61
x4.xs2.nh                                 3.63
x4.y2                                     3.63
x4.xs2.nt                          2.57947e-07
x4.xs3.nh                                 3.63
x4.y3                                        0
x4.xs3.nt                         -1.01732e-77
x4.xs4.nh                                 3.63
x4.y4                                     3.63
x4.xs4.nt                          2.57947e-07
x4.xs5.nh                                 3.63
x4.xs5.nt                         -1.01732e-77
x4.nb1                                    3.63
x4.nb2                             1.06104e-08
clk4                                      3.63
x4.xcdec1.c_moscap_int1                  -3.63
x4.xcdec2.c_moscap_int1                  -3.63
x5.xbias.na                            1.14244
x5.xbias.vbpc                          2.51205
x5.xbias.nc                           0.189693
x5.xbias.xrcg.11                      0.189393
x5.xbias.xrcg.21                    0.00029952
x5.xbias.nsu                         0.0101614
x5.xbias.vfix                          1.95895
x5.xbias.nmd                          0.837325
x5.xbias.vbp0                          2.68556
x5.xbias.noff                         0.867729
x5.xbias.xroff.11                     0.867489
x5.xbias.xroff.21                   0.00023952
x5.xbias.nvi                          0.969055
x5.xbias.xrdeg.11                     0.968788
x5.xbias.xrdeg.21                  0.000267489
x5.xbias.b0b                       1.25658e-08
x5.xbias.b1b                              3.63
x5.xbias.b2b                       1.25658e-08
x5.xbias.vbn1                         0.844548
x5.xbias.ga                            2.68556
x5.xbias.vbp2                          2.66672
x5.xbias.gb                         1.7646e-09
x5.vbn                                 1.01465
x5.xbias.gc                            2.66672
x5.vbp                                 2.44791
x5.xs1.nh                              1.57479
x5.y1                                        0
x5.y5                                        0
x5.xs1.nt                         -2.21652e-61
x5.xs2.nh                                 3.63
x5.y2                                     3.63
x5.xs2.nt                          2.40828e-07
x5.xs3.nh                                 3.63
x5.y3                                        0
x5.xs3.nt                          4.29639e-77
x5.xs4.nh                                 3.63
x5.y4                                     3.63
x5.xs4.nt                          2.40828e-07
x5.xs5.nh                                 3.63
x5.xs5.nt                          4.29639e-77
x5.nb1                                    3.63
x5.nb2                             1.06104e-08
clk5                                      3.63
x5.xcdec1.c_moscap_int1                  -3.63
x5.xcdec2.c_moscap_int1                  -3.63
x6.xbias.na                            1.14244
x6.xbias.vbpc                          2.51205
x6.xbias.nc                           0.189693
x6.xbias.xrcg.11                      0.189393
x6.xbias.xrcg.21                    0.00029952
x6.xbias.nsu                         0.0101614
x6.xbias.vfix                          1.95895
x6.xbias.nmd                          0.837325
x6.xbias.vbp0                          2.67342
x6.xbias.noff                          0.86771
x6.xbias.xroff.11                     0.867471
x6.xbias.xroff.21                  0.000239515
x6.xbias.nvi                           1.18798
x6.xbias.xrdeg.11                      1.18765
x6.xbias.xrdeg.21                  0.000327918
x6.xbias.b0b                       1.25658e-08
x6.xbias.b1b                              3.63
x6.xbias.b2b                       1.25658e-08
x6.xbias.vbn1                         0.856829
x6.xbias.ga                            2.67342
x6.xbias.vbp2                           2.6543
x6.xbias.gb                        1.76774e-09
x6.vbn                                 1.03521
x6.xbias.gc                             2.6543
x6.vbp                                 2.42485
x6.xs1.nh                              1.59523
x6.y1                                        0
x6.y5                                        0
x6.xs1.nt                          1.81688e-55
x6.xs2.nh                                 3.63
x6.y2                                     3.63
x6.xs2.nt                          2.26342e-07
x6.xs3.nh                                 3.63
x6.y3                                        0
x6.xs3.nt                         -1.73545e-77
x6.xs4.nh                                 3.63
x6.y4                                     3.63
x6.xs4.nt                          2.26342e-07
x6.xs5.nh                                 3.63
x6.xs5.nt                         -1.73545e-77
x6.nb1                                    3.63
x6.nb2                             1.06104e-08
clk6                                      3.63
x6.xcdec1.c_moscap_int1                  -3.63
x6.xcdec2.c_moscap_int1                  -3.63
x7.xbias.na                            1.14244
x7.xbias.vbpc                          2.51205
x7.xbias.nc                           0.189693
x7.xbias.xrcg.11                      0.189393
x7.xbias.xrcg.21                    0.00029952
x7.xbias.nsu                         0.0101614
x7.xbias.vfix                          1.95895
x7.xbias.nmd                          0.837325
x7.xbias.vbp0                          2.66189
x7.xbias.noff                         0.867692
x7.xbias.xroff.11                     0.867453
x7.xbias.xroff.21                   0.00023951
x7.xbias.nvi                            1.4109
x7.xbias.xrdeg.11                      1.41051
x7.xbias.xrdeg.21                  0.000389452
x7.xbias.b0b                       1.25658e-08
x7.xbias.b1b                              3.63
x7.xbias.b2b                       1.25658e-08
x7.xbias.vbn1                          0.86856
x7.xbias.ga                            2.66189
x7.xbias.vbp2                          2.64247
x7.xbias.gb                        1.77073e-09
x7.vbn                                 1.05512
x7.xbias.gc                            2.64247
x7.vbp                                 2.40258
x7.xs1.nh                              1.61499
x7.y1                                        0
x7.y5                                        0
x7.xs1.nt                          1.97094e-80
x7.xs2.nh                                 3.63
x7.y2                                     3.63
x7.xs2.nt                          2.13924e-07
x7.xs3.nh                                 3.63
x7.y3                                        0
x7.xs3.nt                         1.35369e-111
x7.xs4.nh                                 3.63
x7.y4                                     3.63
x7.xs4.nt                          2.13924e-07
x7.xs5.nh                                 3.63
x7.xs5.nt                         1.35369e-111
x7.nb1                                    3.63
x7.nb2                             1.06104e-08
clk7                                      3.63
x7.xcdec1.c_moscap_int1                  -3.63
x7.xcdec2.c_moscap_int1                  -3.63
e.x7.xcdec2.ec_moscap#branch                 0
e.x7.xcdec1.ec_moscap#branch                 0
e.x6.xcdec2.ec_moscap#branch                 0
e.x6.xcdec1.ec_moscap#branch                 0
e.x5.xcdec2.ec_moscap#branch                 0
e.x5.xcdec1.ec_moscap#branch                 0
e.x4.xcdec2.ec_moscap#branch                 0
e.x4.xcdec1.ec_moscap#branch                 0
e.x3.xcdec2.ec_moscap#branch                 0
e.x3.xcdec1.ec_moscap#branch                 0
e.x2.xcdec2.ec_moscap#branch                 0
e.x2.xcdec1.ec_moscap#branch                 0
e.x1.xcdec2.ec_moscap#branch                 0
e.x1.xcdec1.ec_moscap#branch                 0
vs7#branch                         0.000225462
vs6#branch                         0.000207087
vs5#branch                          0.00018896
vs4#branch                         0.000171147
vs3#branch                         0.000153758
vs2#branch                         0.000137004
vs1#branch                         0.000121443
vv7#branch                                   0
vv6#branch                                   0
vv5#branch                                   0
vv4#branch                                   0
vv3#branch                                   0
vv2#branch                                   0
vv1#branch                                   0
vb2#branch                                   0
vb1#branch                                   0
vb0#branch                                   0
vdd#branch                         -0.00120486

 Reference value :  0.00000e+00
 Reference value :  3.48844e-09
 Reference value :  5.96074e-09
 Reference value :  8.64621e-09
 Reference value :  1.13110e-08
 Reference value :  1.37241e-08
 Reference value :  1.63905e-08
 Reference value :  1.87750e-08
 Reference value :  2.16391e-08
 Reference value :  2.40971e-08
 Reference value :  2.67639e-08
 Reference value :  2.96006e-08
 Reference value :  3.16933e-08
 Reference value :  3.46194e-08
 Reference value :  3.72268e-08
 Reference value :  3.92986e-08
 Reference value :  4.24622e-08
 Reference value :  4.48988e-08
 Reference value :  4.75105e-08
 Reference value :  5.02063e-08
 Reference value :  5.30742e-08
 Reference value :  5.57612e-08
 Reference value :  5.85252e-08
 Reference value :  6.13461e-08
 Reference value :  6.40528e-08
 Reference value :  6.69021e-08
 Reference value :  6.92677e-08
 Reference value :  7.20066e-08
 Reference value :  7.47734e-08
 Reference value :  7.78139e-08
 Reference value :  8.02134e-08
 Reference value :  8.30319e-08
 Reference value :  8.55656e-08
 Reference value :  8.87941e-08
 Reference value :  9.17322e-08
 Reference value :  9.49784e-08
 Reference value :  9.78431e-08
 Reference value :  1.00298e-07
 Reference value :  1.03437e-07
 Reference value :  1.06747e-07
 Reference value :  1.08903e-07
 Reference value :  1.11850e-07
 Reference value :  1.15392e-07
 Reference value :  1.17902e-07
 Reference value :  1.21450e-07
 Reference value :  1.24279e-07
 Reference value :  1.27127e-07
 Reference value :  1.30427e-07
 Reference value :  1.33491e-07
 Reference value :  1.35719e-07
 Reference value :  1.37982e-07
 Reference value :  1.40816e-07
 Reference value :  1.43086e-07
 Reference value :  1.45437e-07
 Reference value :  1.47945e-07
 Reference value :  1.50619e-07
 Reference value :  1.53168e-07
 Reference value :  1.55445e-07
 Reference value :  1.57503e-07
 Reference value :  1.60674e-07
 Reference value :  1.62948e-07
 Reference value :  1.65529e-07
 Reference value :  1.67811e-07
 Reference value :  1.70512e-07
 Reference value :  1.73594e-07
 Reference value :  1.76711e-07
 Reference value :  1.80097e-07
 Reference value :  1.82709e-07
 Reference value :  1.85351e-07
 Reference value :  1.88674e-07
 Reference value :  1.91680e-07
 Reference value :  1.94697e-07
 Reference value :  1.97535e-07
 Reference value :  1.99794e-07
 Reference value :  2.02959e-07
 Reference value :  2.05403e-07
 Reference value :  2.07573e-07
 Reference value :  2.10651e-07
 Reference value :  2.12966e-07
 Reference value :  2.15057e-07
 Reference value :  2.17605e-07
 Reference value :  2.19908e-07
 Reference value :  2.22593e-07
 Reference value :  2.24552e-07
 Reference value :  2.27181e-07
 Reference value :  2.29297e-07
 Reference value :  2.32341e-07
 Reference value :  2.34389e-07
 Reference value :  2.36940e-07
 Reference value :  2.39491e-07
 Reference value :  2.42234e-07
 Reference value :  2.45075e-07
 Reference value :  2.47948e-07
 Reference value :  2.50586e-07
 Reference value :  2.53237e-07
 Reference value :  2.55796e-07
 Reference value :  2.58081e-07
 Reference value :  2.61202e-07
 Reference value :  2.63468e-07
 Reference value :  2.65887e-07
 Reference value :  2.68570e-07
 Reference value :  2.71060e-07
 Reference value :  2.73121e-07
 Reference value :  2.75565e-07
 Reference value :  2.77950e-07
 Reference value :  2.80147e-07
 Reference value :  2.82793e-07
 Reference value :  2.84774e-07
 Reference value :  2.87764e-07
 Reference value :  2.90006e-07
No. of Data Rows : 4651

  Measurements for Transient Analysis

tp1                 =  7.21012e-08 targ=  1.80687e-07 trig=  1.08586e-07
tp2                 =  6.07104e-08 targ=  1.67378e-07 trig=  1.06668e-07
tp3                 =  5.16293e-08 targ=  1.68274e-07 trig=  1.16645e-07
tp4                 =  4.45331e-08 targ=  1.56306e-07 trig=  1.11773e-07
tp5                 =  3.88972e-08 targ=  1.46278e-07 trig=  1.07381e-07
tp6                 =  3.43413e-08 targ=  1.46416e-07 trig=  1.12075e-07
tp7                 =  3.06488e-08 targ=  1.38345e-07 trig=  1.07696e-07
f1                  =  5.54776e+07
f2                  =  6.58865e+07
f3                  =  7.74754e+07
f4                  =  8.98209e+07
f5                  =  1.02835e+08
f6                  =  1.16478e+08
f7                  =  1.30511e+08
i1                  =  1.63108e-04 from=  1.05878e-07 to=  2.91165e-07
i2                  =  1.84025e-04 from=  1.05878e-07 to=  2.91165e-07
i3                  =  2.06135e-04 from=  1.05878e-07 to=  2.91165e-07
i4                  =  2.29451e-04 from=  1.05878e-07 to=  2.91165e-07
i5                  =  2.53070e-04 from=  1.05878e-07 to=  2.91165e-07
i6                  =  2.77490e-04 from=  1.05878e-07 to=  2.91165e-07
i7                  =  3.02128e-04 from=  1.05878e-07 to=  2.91165e-07
sw1hi               =  3.65247e+00 at=  2.25176e-07
sw1lo               =  -1.02214e-01 at=  1.71385e-07
sw7hi               =  3.68161e+00 at=  1.38431e-07
sw7lo               =  -1.20376e-01 at=  1.34475e-07

ngspice-46 done

Warning: m=xx on .subckt line will override multiplier m hierarchy!

