
Note: Compatibility modes selected: hs a


Circuit: * vco-tuning-range @ typical_-40c_3.63v_band1 -- generated by sim/harness, do not edit

Doing analysis at TEMP = -40.000000 and TNOM = 27.000000

Using SPARSE 1.3 as Direct Linear Solver

Initial Transient Solution
--------------------------

Node                                   Voltage
----                                   -------
vdd                                       3.63
nb0                                       3.63
nb1                                          0
nb2                                          0
vc1                                        0.9
vc2                                        1.2
vc3                                        1.5
vc4                                        1.8
vc5                                        2.1
vc6                                        2.4
vc7                                        2.7
nv1                                       3.63
nv2                                       3.63
nv3                                       3.63
nv4                                       3.63
nv5                                       3.63
nv6                                       3.63
nv7                                       3.63
x1.xbias.na                           0.938243
x1.xbias.vbpc                          2.64344
x1.xbias.nc                          0.0963327
x1.xbias.xrcg.11                     0.0961232
x1.xbias.xrcg.21                   0.000209569
x1.xbias.nsu                          0.020603
x1.xbias.vfix                          1.85303
x1.xbias.nmd                          0.798816
x1.xbias.vbp0                          2.72509
x1.xbias.noff                         0.801564
x1.xbias.xroff.11                     0.801258
x1.xbias.xroff.21                  0.000305142
x1.xbias.nvi                           0.13935
x1.xbias.xrdeg.11                     0.139297
x1.xbias.xrdeg.21                  5.30484e-05
x1.xbias.b0b                       5.01312e-09
x1.xbias.b1b                              3.63
x1.xbias.b2b                              3.63
x1.xbias.vbn1                         0.790462
x1.xbias.ga                            2.72509
x1.xbias.vbp2                          2.71504
x1.xbias.gb                        4.73312e-15
x1.vbn                                 0.76373
x1.xbias.gc                               3.63
x1.vbp                                  2.7303
x1.xs1.nh                              1.28598
x1.y1                                        0
x1.y5                                        0
x1.xs1.nt                         -1.48144e-17
x1.xs2.nh                                 3.63
x1.y2                                     3.63
x1.xs2.nt                          5.50619e-11
x1.xs3.nh                              3.63003
x1.y3                                        0
x1.xs3.nt                          4.62486e-20
x1.xs4.nh                                 3.63
x1.y4                                     3.63
x1.xs4.nt                          5.50619e-11
x1.xs5.nh                              3.63003
x1.xs5.nt                          4.62486e-20
x1.nb1                                    3.63
x1.nb2                             3.62198e-09
clk1                                      3.63
x1.xcdec1.c_moscap_int1                  -3.63
x1.xcdec2.c_moscap_int1                  -3.63
x2.xbias.na                           0.938243
x2.xbias.vbpc                          2.64344
x2.xbias.nc                          0.0963327
x2.xbias.xrcg.11                     0.0961232
x2.xbias.xrcg.21                   0.000209569
x2.xbias.nsu                          0.020603
x2.xbias.vfix                          1.85303
x2.xbias.nmd                          0.798816
x2.xbias.vbp0                          2.71493
x2.xbias.noff                         0.801546
x2.xbias.xroff.11                     0.801241
x2.xbias.xroff.21                  0.000305135
x2.xbias.nvi                          0.334326
x2.xbias.xrdeg.11                     0.334198
x2.xbias.xrdeg.21                  0.000127272
x2.xbias.b0b                       5.01312e-09
x2.xbias.b1b                              3.63
x2.xbias.b2b                              3.63
x2.xbias.vbn1                         0.800929
x2.xbias.ga                            2.71493
x2.xbias.vbp2                          2.70475
x2.xbias.gb                        4.74431e-15
x2.vbn                                0.772151
x2.xbias.gc                               3.63
x2.vbp                                 2.72177
x2.xs1.nh                              1.29342
x2.y1                                        0
x2.y5                                        0
x2.xs1.nt                          1.49623e-18
x2.xs2.nh                                 3.63
x2.y2                                     3.63
x2.xs2.nt                          4.80258e-11
x2.xs3.nh                                 3.63
x2.y3                                        0
x2.xs3.nt                         -6.23147e-40
x2.xs4.nh                                 3.63
x2.y4                                     3.63
x2.xs4.nt                          4.80258e-11
x2.xs5.nh                                 3.63
x2.xs5.nt                         -6.23149e-40
x2.nb1                                    3.63
x2.nb2                             3.62198e-09
clk2                                      3.63
x2.xcdec1.c_moscap_int1                  -3.63
x2.xcdec2.c_moscap_int1                  -3.63
x3.xbias.na                           0.938243
x3.xbias.vbpc                          2.64344
x3.xbias.nc                          0.0963327
x3.xbias.xrcg.11                     0.0961232
x3.xbias.xrcg.21                   0.000209569
x3.xbias.nsu                          0.020603
x3.xbias.vfix                          1.85303
x3.xbias.nmd                          0.798816
x3.xbias.vbp0                           2.7053
x3.xbias.noff                          0.80153
x3.xbias.xroff.11                     0.801225
x3.xbias.xroff.21                  0.000305129
x3.xbias.nvi                          0.544124
x3.xbias.xrdeg.11                     0.543917
x3.xbias.xrdeg.21                  0.000207139
x3.xbias.b0b                       5.01312e-09
x3.xbias.b1b                              3.63
x3.xbias.b2b                              3.63
x3.xbias.vbn1                          0.81081
x3.xbias.ga                             2.7053
x3.xbias.vbp2                          2.69495
x3.xbias.gb                        4.75486e-15
x3.vbn                                0.779999
x3.xbias.gc                               3.63
x3.vbp                                 2.71375
x3.xs1.nh                              1.30044
x3.y1                                        0
x3.y5                                        0
x3.xs1.nt                          5.98019e-18
x3.xs2.nh                                 3.63
x3.y2                                     3.63
x3.xs2.nt                          4.25575e-11
x3.xs3.nh                                 3.63
x3.y3                                        0
x3.xs3.nt                         -5.95189e-41
x3.xs4.nh                                 3.63
x3.y4                                     3.63
x3.xs4.nt                          4.25575e-11
x3.xs5.nh                                 3.63
x3.xs5.nt                         -5.95189e-41
x3.nb1                                    3.63
x3.nb2                             3.62198e-09
clk3                                      3.63
x3.xcdec1.c_moscap_int1                  -3.63
x3.xcdec2.c_moscap_int1                  -3.63
x4.xbias.na                           0.938243
x4.xbias.vbpc                          2.64344
x4.xbias.nc                          0.0963327
x4.xbias.xrcg.11                     0.0961232
x4.xbias.xrcg.21                   0.000209569
x4.xbias.nsu                          0.020603
x4.xbias.vfix                          1.85303
x4.xbias.nmd                          0.798816
x4.xbias.vbp0                          2.69632
x4.xbias.noff                         0.801515
x4.xbias.xroff.11                      0.80121
x4.xbias.xroff.21                  0.000305123
x4.xbias.nvi                          0.762284
x4.xbias.xrdeg.11                     0.761994
x4.xbias.xrdeg.21                  0.000290189
x4.xbias.b0b                       5.01312e-09
x4.xbias.b1b                              3.63
x4.xbias.b2b                              3.63
x4.xbias.vbn1                         0.819983
x4.xbias.ga                            2.69632
x4.xbias.vbp2                          2.68579
x4.xbias.gb                        4.76465e-15
x4.vbn                                0.787198
x4.xbias.gc                               3.63
x4.vbp                                 2.70632
x4.xs1.nh                              1.30695
x4.y1                                        0
x4.y5                                        0
x4.xs1.nt                          2.37253e-18
x4.xs2.nh                                 3.63
x4.y2                                     3.63
x4.xs2.nt                          3.82932e-11
x4.xs3.nh                                 3.63
x4.y3                                        0
x4.xs3.nt                          1.22161e-57
x4.xs4.nh                                 3.63
x4.y4                                     3.63
x4.xs4.nt                          3.82932e-11
x4.xs5.nh                                 3.63
x4.xs5.nt                           1.2216e-57
x4.nb1                                    3.63
x4.nb2                             3.62198e-09
clk4                                      3.63
x4.xcdec1.c_moscap_int1                  -3.63
x4.xcdec2.c_moscap_int1                  -3.63
x5.xbias.na                           0.938243
x5.xbias.vbpc                          2.64344
x5.xbias.nc                          0.0963327
x5.xbias.xrcg.11                     0.0961232
x5.xbias.xrcg.21                   0.000209569
x5.xbias.nsu                          0.020603
x5.xbias.vfix                          1.85303
x5.xbias.nmd                          0.798816
x5.xbias.vbp0                          2.68791
x5.xbias.noff                         0.801501
x5.xbias.xroff.11                     0.801196
x5.xbias.xroff.21                  0.000305118
x5.xbias.nvi                          0.986438
x5.xbias.xrdeg.11                     0.986063
x5.xbias.xrdeg.21                  0.000375521
x5.xbias.b0b                       5.01312e-09
x5.xbias.b1b                              3.63
x5.xbias.b2b                              3.63
x5.xbias.vbn1                         0.828523
x5.xbias.ga                            2.68791
x5.xbias.vbp2                           2.6772
x5.xbias.gb                        4.77376e-15
x5.vbn                                0.793825
x5.xbias.gc                               3.63
x5.vbp                                 2.69941
x5.xs1.nh                              1.31301
x5.y1                                        0
x5.y5                                        0
x5.xs1.nt                         -1.45805e-17
x5.xs2.nh                                 3.63
x5.y2                                     3.63
x5.xs2.nt                          3.48951e-11
x5.xs3.nh                                 3.63
x5.y3                                        0
x5.xs3.nt                          1.80125e-38
x5.xs4.nh                                 3.63
x5.y4                                     3.63
x5.xs4.nt                          3.48951e-11
x5.xs5.nh                                 3.63
x5.xs5.nt                          1.80125e-38
x5.nb1                                    3.63
x5.nb2                             3.62198e-09
clk5                                      3.63
x5.xcdec1.c_moscap_int1                  -3.63
x5.xcdec2.c_moscap_int1                  -3.63
x6.xbias.na                           0.938243
x6.xbias.vbpc                          2.64344
x6.xbias.nc                          0.0963327
x6.xbias.xrcg.11                     0.0961232
x6.xbias.xrcg.21                   0.000209569
x6.xbias.nsu                          0.020603
x6.xbias.vfix                          1.85303
x6.xbias.nmd                          0.798816
x6.xbias.vbp0                          2.68001
x6.xbias.noff                         0.801488
x6.xbias.xroff.11                     0.801182
x6.xbias.xroff.21                  0.000305113
x6.xbias.nvi                           1.21531
x6.xbias.xrdeg.11                      1.21485
x6.xbias.xrdeg.21                   0.00046265
x6.xbias.b0b                       5.01312e-09
x6.xbias.b1b                              3.63
x6.xbias.b2b                              3.63
x6.xbias.vbn1                         0.836517
x6.xbias.ga                            2.68001
x6.xbias.vbp2                           2.6691
x6.xbias.gb                        4.78228e-15
x6.vbn                                0.799966
x6.xbias.gc                               3.63
x6.vbp                                 2.69296
x6.xs1.nh                              1.31869
x6.y1                                        0
x6.y5                                        0
x6.xs1.nt                         -1.88979e-17
x6.xs2.nh                                 3.63
x6.y2                                     3.63
x6.xs2.nt                          3.21288e-11
x6.xs3.nh                                 3.63
x6.y3                                        0
x6.xs3.nt                          1.98992e-38
x6.xs4.nh                                 3.63
x6.y4                                     3.63
x6.xs4.nt                          3.21288e-11
x6.xs5.nh                                 3.63
x6.xs5.nt                          1.98992e-38
x6.nb1                                    3.63
x6.nb2                             3.62198e-09
clk6                                      3.63
x6.xcdec1.c_moscap_int1                  -3.63
x6.xcdec2.c_moscap_int1                  -3.63
x7.xbias.na                           0.938243
x7.xbias.vbpc                          2.64344
x7.xbias.nc                          0.0963327
x7.xbias.xrcg.11                     0.0961232
x7.xbias.xrcg.21                   0.000209569
x7.xbias.nsu                          0.020603
x7.xbias.vfix                          1.85303
x7.xbias.nmd                          0.798816
x7.xbias.vbp0                          2.67253
x7.xbias.noff                         0.801475
x7.xbias.xroff.11                      0.80117
x7.xbias.xroff.21                  0.000305108
x7.xbias.nvi                           1.44809
x7.xbias.xrdeg.11                      1.44754
x7.xbias.xrdeg.21                  0.000551264
x7.xbias.b0b                       5.01312e-09
x7.xbias.b1b                              3.63
x7.xbias.b2b                              3.63
x7.xbias.vbn1                         0.844044
x7.xbias.ga                            2.67253
x7.xbias.vbp2                          2.66143
x7.xbias.gb                        4.79031e-15
x7.vbn                                0.805692
x7.xbias.gc                               3.63
x7.vbp                                 2.68688
x7.xs1.nh                              1.32403
x7.y1                                        0
x7.y5                                        0
x7.xs1.nt                          6.19622e-18
x7.xs2.nh                                 3.63
x7.y2                                     3.63
x7.xs2.nt                          2.98338e-11
x7.xs3.nh                                 3.63
x7.y3                                        0
x7.xs3.nt                          5.23692e-58
x7.xs4.nh                                 3.63
x7.y4                                     3.63
x7.xs4.nt                          2.98338e-11
x7.xs5.nh                                 3.63
x7.xs5.nt                          5.23691e-58
x7.nb1                                    3.63
x7.nb2                             3.62198e-09
clk7                                      3.63
x7.xcdec1.c_moscap_int1                  -3.63
x7.xcdec2.c_moscap_int1                  -3.63
e.x7.xcdec2.ec_moscap#branch                 0
e.x7.xcdec1.ec_moscap#branch                 0
e.x6.xcdec2.ec_moscap#branch                 0
e.x6.xcdec1.ec_moscap#branch                 0
e.x5.xcdec2.ec_moscap#branch                 0
e.x5.xcdec1.ec_moscap#branch                 0
e.x4.xcdec2.ec_moscap#branch                 0
e.x4.xcdec1.ec_moscap#branch                 0
e.x3.xcdec2.ec_moscap#branch                 0
e.x3.xcdec1.ec_moscap#branch                 0
e.x2.xcdec2.ec_moscap#branch                 0
e.x2.xcdec1.ec_moscap#branch                 0
e.x1.xcdec2.ec_moscap#branch                 0
e.x1.xcdec1.ec_moscap#branch                 0
vs7#branch                         6.98956e-05
vs6#branch                         6.41136e-05
vs5#branch                         5.84122e-05
vs4#branch                         5.28109e-05
vs3#branch                         4.73402e-05
vs2#branch                         4.20561e-05
vs1#branch                         3.71144e-05
vv7#branch                                   0
vv6#branch                                   0
vv5#branch                                   0
vv4#branch                                   0
vv3#branch                                   0
vv2#branch                                   0
vv1#branch                                   0
vb2#branch                                   0
vb1#branch                                   0
vb0#branch                                   0
vdd#branch                        -0.000371743

 Reference value :  0.00000e+00
 Reference value :  2.94290e-08
 Reference value :  5.13879e-08
 Reference value :  7.07495e-08
 Reference value :  8.62593e-08
 Reference value :  9.97062e-08
 Reference value :  1.15646e-07
 Reference value :  1.31553e-07
 Reference value :  1.50669e-07
 Reference value :  1.72827e-07
 Reference value :  1.85176e-07
 Reference value :  1.96974e-07
 Reference value :  2.15560e-07
 Reference value :  2.35888e-07
 Reference value :  2.52884e-07
 Reference value :  2.70155e-07
 Reference value :  2.87950e-07
 Reference value :  3.00580e-07
 Reference value :  3.14749e-07
 Reference value :  3.35069e-07
 Reference value :  3.50666e-07
 Reference value :  3.66103e-07
 Reference value :  3.80695e-07
 Reference value :  3.91399e-07
 Reference value :  4.07543e-07
 Reference value :  4.27754e-07
 Reference value :  4.38301e-07
 Reference value :  4.57271e-07
 Reference value :  4.73295e-07
 Reference value :  4.90008e-07
 Reference value :  5.09615e-07
 Reference value :  5.21340e-07
 Reference value :  5.41622e-07
 Reference value :  5.56699e-07
 Reference value :  5.75294e-07
 Reference value :  5.95223e-07
 Reference value :  6.11164e-07
 Reference value :  6.28592e-07
 Reference value :  6.47323e-07
 Reference value :  6.59203e-07
 Reference value :  6.76488e-07
 Reference value :  6.93981e-07
 Reference value :  7.10032e-07
 Reference value :  7.29441e-07
 Reference value :  7.40627e-07
 Reference value :  7.57779e-07
 Reference value :  7.74802e-07
 Reference value :  7.85875e-07
 Reference value :  8.04971e-07
 Reference value :  8.18867e-07
 Reference value :  8.33545e-07
 Reference value :  8.58704e-07
 Reference value :  8.76962e-07
 Reference value :  8.93208e-07
 Reference value :  9.12913e-07
 Reference value :  9.29643e-07
 Reference value :  9.48172e-07
 Reference value :  9.58262e-07
 Reference value :  9.78553e-07
 Reference value :  9.94090e-07
 Reference value :  1.01449e-06
 Reference value :  1.03402e-06
 Reference value :  1.05100e-06
 Reference value :  1.06713e-06
 Reference value :  1.08519e-06
 Reference value :  1.10186e-06
 Reference value :  1.12595e-06
 Reference value :  1.14497e-06
 Reference value :  1.16764e-06
 Reference value :  1.19289e-06
 Reference value :  1.21363e-06
 Reference value :  1.23464e-06
 Reference value :  1.25634e-06
 Reference value :  1.27569e-06
 Reference value :  1.30108e-06
 Reference value :  1.31928e-06
 Reference value :  1.33850e-06
 Reference value :  1.35839e-06
 Reference value :  1.37728e-06
 Reference value :  1.39464e-06
 Reference value :  1.41642e-06
 Reference value :  1.44211e-06
 Reference value :  1.47425e-06
 Reference value :  1.50208e-06
 Reference value :  1.52138e-06
 Reference value :  1.54213e-06
 Reference value :  1.56067e-06
 Reference value :  1.57730e-06
 Reference value :  1.59851e-06
 Reference value :  1.62153e-06
 Reference value :  1.64356e-06
 Reference value :  1.65729e-06
 Reference value :  1.67593e-06
 Reference value :  1.68951e-06
 Reference value :  1.70545e-06
 Reference value :  1.73080e-06
 Reference value :  1.75134e-06
 Reference value :  1.76752e-06
 Reference value :  1.78357e-06
 Reference value :  1.80398e-06
 Reference value :  1.82372e-06
 Reference value :  1.83828e-06
 Reference value :  1.85910e-06
 Reference value :  1.87901e-06
 Reference value :  1.89570e-06
 Reference value :  1.91695e-06
 Reference value :  1.94362e-06
 Reference value :  1.96183e-06
 Reference value :  1.98359e-06
 Reference value :  1.99904e-06
 Reference value :  2.01857e-06
 Reference value :  2.03503e-06
 Reference value :  2.05241e-06
 Reference value :  2.06963e-06
 Reference value :  2.08165e-06
 Reference value :  2.10144e-06
 Reference value :  2.11817e-06
 Reference value :  2.13339e-06
 Reference value :  2.14796e-06
 Reference value :  2.16485e-06
 Reference value :  2.18270e-06
 Reference value :  2.19771e-06
 Reference value :  2.21377e-06
 Reference value :  2.23265e-06
 Reference value :  2.25445e-06
 Reference value :  2.27328e-06
 Reference value :  2.28347e-06
 Reference value :  2.30444e-06
 Reference value :  2.32619e-06
 Reference value :  2.34430e-06
 Reference value :  2.35876e-06
 Reference value :  2.37624e-06
 Reference value :  2.39304e-06
 Reference value :  2.41016e-06
 Reference value :  2.42633e-06
 Reference value :  2.44238e-06
 Reference value :  2.45558e-06
 Reference value :  2.46916e-06
 Reference value :  2.49044e-06
 Reference value :  2.51445e-06
 Reference value :  2.53349e-06
No. of Data Rows : 4575

  Measurements for Transient Analysis

tp1                 =  7.00965e-07 targ=  1.75237e-06 trig=  1.05140e-06
tp2                 =  5.89574e-07 targ=  1.62182e-06 trig=  1.03224e-06
tp3                 =  5.04675e-07 targ=  1.51359e-06 trig=  1.00892e-06
tp4                 =  4.38870e-07 targ=  1.42720e-06 trig=  9.88326e-07
tp5                 =  3.87876e-07 targ=  1.35736e-06 trig=  9.69486e-07
tp6                 =  3.46241e-07 targ=  1.29982e-06 trig=  9.53575e-07
tp7                 =  3.13247e-07 targ=  1.25213e-06 trig=  9.38878e-07
f1                  =  5.70642e+06
f2                  =  6.78456e+06
f3                  =  7.92590e+06
f4                  =  9.11433e+06
f5                  =  1.03126e+07
f6                  =  1.15527e+07
f7                  =  1.27695e+07
i1                  =  5.64879e-05 from=  9.26690e-07 to=  2.54840e-06
i2                  =  6.23583e-05 from=  9.26690e-07 to=  2.54840e-06
i3                  =  6.70325e-05 from=  9.26690e-07 to=  2.54840e-06
i4                  =  7.40652e-05 from=  9.26690e-07 to=  2.54840e-06
i5                  =  7.87228e-05 from=  9.26690e-07 to=  2.54840e-06
i6                  =  8.77264e-05 from=  9.26690e-07 to=  2.54840e-06
i7                  =  9.29710e-05 from=  9.26690e-07 to=  2.54840e-06
sw1hi               =  3.68915e+00 at=  1.22741e-06
sw1lo               =  -5.35537e-02 at=  2.35841e-06
sw7hi               =  3.72107e+00 at=  2.03503e-06
sw7lo               =  -6.28570e-02 at=  1.99326e-06

ngspice-46 done

Warning: m=xx on .subckt line will override multiplier m hierarchy!

