
Note: Compatibility modes selected: hs a


Circuit: * vco-tuning-range @ typical_27c_2.97v_band4 -- generated by sim/harness, do not edit

Doing analysis at TEMP = 27.000000 and TNOM = 27.000000

Using SPARSE 1.3 as Direct Linear Solver

Initial Transient Solution
--------------------------

Node                                   Voltage
----                                   -------
vdd                                       2.97
nb0                                          0
nb1                                          0
nb2                                       2.97
vc1                                        0.9
vc2                                        1.2
vc3                                        1.5
vc4                                        1.8
vc5                                        2.1
vc6                                        2.4
vc7                                        2.7
nv1                                       2.97
nv2                                       2.97
nv3                                       2.97
nv4                                       2.97
nv5                                       2.97
nv6                                       2.97
nv7                                       2.97
x1.xbias.na                           0.937711
x1.xbias.vbpc                          2.00314
x1.xbias.nc                           0.118758
x1.xbias.xrcg.11                      0.118533
x1.xbias.xrcg.21                    0.00022505
x1.xbias.nsu                        0.00993799
x1.xbias.vfix                          1.75256
x1.xbias.nmd                          0.754001
x1.xbias.vbp0                          2.12585
x1.xbias.noff                         0.762476
x1.xbias.xroff.11                     0.762224
x1.xbias.xroff.21                  0.000252728
x1.xbias.nvi                          0.177855
x1.xbias.xrdeg.11                     0.177796
x1.xbias.xrdeg.21                  5.89513e-05
x1.xbias.b0b                              2.97
x1.xbias.b1b                              2.97
x1.xbias.b2b                       5.04134e-09
x1.xbias.vbn1                         0.707321
x1.xbias.ga                               2.97
x1.xbias.vbp2                          2.14633
x1.xbias.gb                        1.50331e-11
x1.vbn                                0.798067
x1.xbias.gc                            2.14633
x1.vbp                                 2.03512
x1.xs1.nh                              1.24176
x1.y1                                        0
x1.y5                                        0
x1.xs1.nt                          7.17009e-26
x1.xs2.nh                                 2.97
x1.y2                                     2.97
x1.xs2.nt                          8.50241e-09
x1.xs3.nh                                 2.97
x1.y3                                        0
x1.xs3.nt                          7.54724e-19
x1.xs4.nh                                 2.97
x1.y4                                     2.97
x1.xs4.nt                          8.50241e-09
x1.xs5.nh                                 2.97
x1.xs5.nt                          7.54724e-19
x1.nb1                                    2.97
x1.nb2                             3.40312e-09
clk1                                      2.97
x1.xcdec1.c_moscap_int1                  -2.97
x1.xcdec2.c_moscap_int1                  -2.97
x2.xbias.na                           0.937711
x2.xbias.vbpc                          2.00314
x2.xbias.nc                           0.118758
x2.xbias.xrcg.11                      0.118533
x2.xbias.xrcg.21                    0.00022505
x2.xbias.nsu                        0.00993799
x2.xbias.vfix                          1.75256
x2.xbias.nmd                          0.754001
x2.xbias.vbp0                          2.11323
x2.xbias.noff                         0.762455
x2.xbias.xroff.11                     0.762202
x2.xbias.xroff.21                  0.000252721
x2.xbias.nvi                          0.372569
x2.xbias.xrdeg.11                     0.372445
x2.xbias.xrdeg.21                  0.000123491
x2.xbias.b0b                              2.97
x2.xbias.b1b                              2.97
x2.xbias.b2b                       5.04134e-09
x2.xbias.vbn1                         0.718417
x2.xbias.ga                               2.97
x2.xbias.vbp2                          2.13509
x2.xbias.gb                        1.50647e-11
x2.vbn                                0.813251
x2.xbias.gc                            2.13509
x2.vbp                                 2.01792
x2.xs1.nh                              1.25666
x2.y1                                        0
x2.y5                                        0
x2.xs1.nt                          1.46652e-80
x2.xs2.nh                                 2.97
x2.y2                                     2.97
x2.xs2.nt                          7.57421e-09
x2.xs3.nh                                 2.97
x2.y3                                        0
x2.xs3.nt                         1.24217e-141
x2.xs4.nh                                 2.97
x2.y4                                     2.97
x2.xs4.nt                          7.57421e-09
x2.xs5.nh                                 2.97
x2.xs5.nt                         1.24217e-141
x2.nb1                                    2.97
x2.nb2                             3.40312e-09
clk2                                      2.97
x2.xcdec1.c_moscap_int1                  -2.97
x2.xcdec2.c_moscap_int1                  -2.97
x3.xbias.na                           0.937711
x3.xbias.vbpc                          2.00314
x3.xbias.nc                           0.118758
x3.xbias.xrcg.11                      0.118533
x3.xbias.xrcg.21                    0.00022505
x3.xbias.nsu                        0.00993799
x3.xbias.vfix                          1.75256
x3.xbias.nmd                          0.754001
x3.xbias.vbp0                          2.10135
x3.xbias.noff                         0.762435
x3.xbias.xroff.11                     0.762182
x3.xbias.xroff.21                  0.000252714
x3.xbias.nvi                          0.580815
x3.xbias.xrdeg.11                     0.580622
x3.xbias.xrdeg.21                  0.000192515
x3.xbias.b0b                              2.97
x3.xbias.b1b                              2.97
x3.xbias.b2b                       5.04134e-09
x3.xbias.vbn1                         0.728791
x3.xbias.ga                               2.97
x3.xbias.vbp2                          2.12459
x3.xbias.gb                        1.50942e-11
x3.vbn                                0.827759
x3.xbias.gc                            2.12459
x3.vbp                                 2.00135
x3.xs1.nh                              1.27104
x3.y1                                        0
x3.y5                                        0
x3.xs1.nt                         -3.56616e-34
x3.xs2.nh                                 2.97
x3.y2                                     2.97
x3.xs2.nt                          6.83969e-09
x3.xs3.nh                                 2.97
x3.y3                                        0
x3.xs3.nt                          1.28195e-46
x3.xs4.nh                                 2.97
x3.y4                                     2.97
x3.xs4.nt                          6.83969e-09
x3.xs5.nh                                 2.97
x3.xs5.nt                          1.28195e-46
x3.nb1                                    2.97
x3.nb2                             3.40312e-09
clk3                                      2.97
x3.xcdec1.c_moscap_int1                  -2.97
x3.xcdec2.c_moscap_int1                  -2.97
x4.xbias.na                           0.937711
x4.xbias.vbpc                          2.00314
x4.xbias.nc                           0.118758
x4.xbias.xrcg.11                      0.118533
x4.xbias.xrcg.21                    0.00022505
x4.xbias.nsu                        0.00993799
x4.xbias.vfix                          1.75256
x4.xbias.nmd                          0.754001
x4.xbias.vbp0                          2.09029
x4.xbias.noff                         0.762416
x4.xbias.xroff.11                     0.762163
x4.xbias.xroff.21                  0.000252708
x4.xbias.nvi                          0.797039
x4.xbias.xrdeg.11                     0.796774
x4.xbias.xrdeg.21                  0.000264184
x4.xbias.b0b                              2.97
x4.xbias.b1b                              2.97
x4.xbias.b2b                       5.04134e-09
x4.xbias.vbn1                         0.738372
x4.xbias.ga                               2.97
x4.xbias.vbp2                          2.11489
x4.xbias.gb                        1.51212e-11
x4.vbn                                0.841426
x4.xbias.gc                            2.11489
x4.vbp                                 1.98563
x4.xs1.nh                              1.28471
x4.y1                                        0
x4.y5                                        0
x4.xs1.nt                          4.78274e-82
x4.xs2.nh                                 2.97
x4.y2                                     2.97
x4.xs2.nt                          6.25542e-09
x4.xs3.nh                                 2.97
x4.y3                                        0
x4.xs3.nt                        -5.40565e-128
x4.xs4.nh                                 2.97
x4.y4                                     2.97
x4.xs4.nt                          6.25542e-09
x4.xs5.nh                                 2.97
x4.xs5.nt                        -5.40565e-128
x4.nb1                                    2.97
x4.nb2                             3.40312e-09
clk4                                      2.97
x4.xcdec1.c_moscap_int1                  -2.97
x4.xcdec2.c_moscap_int1                  -2.97
x5.xbias.na                           0.937711
x5.xbias.vbpc                          2.00314
x5.xbias.nc                           0.118758
x5.xbias.xrcg.11                      0.118533
x5.xbias.xrcg.21                    0.00022505
x5.xbias.nsu                        0.00993799
x5.xbias.vfix                          1.75256
x5.xbias.nmd                          0.754001
x5.xbias.vbp0                          2.07998
x5.xbias.noff                         0.762398
x5.xbias.xroff.11                     0.762145
x5.xbias.xroff.21                  0.000252702
x5.xbias.nvi                           1.01904
x5.xbias.xrdeg.11                       1.0187
x5.xbias.xrdeg.21                  0.000337768
x5.xbias.b0b                              2.97
x5.xbias.b1b                              2.97
x5.xbias.b2b                       5.04134e-09
x5.xbias.vbn1                         0.747258
x5.xbias.ga                               2.97
x5.xbias.vbp2                           2.1059
x5.xbias.gb                        1.51467e-11
x5.vbn                                 0.85433
x5.xbias.gc                             2.1059
x5.vbp                                 1.97071
x5.xs1.nh                               1.2977
x5.y1                                        0
x5.y5                                        0
x5.xs1.nt                         -1.33791e-65
x5.xs2.nh                                 2.97
x5.y2                                     2.97
x5.xs2.nt                          5.78136e-09
x5.xs3.nh                                 2.97
x5.y3                                        0
x5.xs3.nt                        -1.01823e-100
x5.xs4.nh                                 2.97
x5.y4                                     2.97
x5.xs4.nt                          5.78136e-09
x5.xs5.nh                                 2.97
x5.xs5.nt                        -1.01823e-100
x5.nb1                                    2.97
x5.nb2                             3.40312e-09
clk5                                      2.97
x5.xcdec1.c_moscap_int1                  -2.97
x5.xcdec2.c_moscap_int1                  -2.97
x6.xbias.na                           0.937711
x6.xbias.vbpc                          2.00314
x6.xbias.nc                           0.118758
x6.xbias.xrcg.11                      0.118533
x6.xbias.xrcg.21                    0.00022505
x6.xbias.nsu                        0.00993799
x6.xbias.vfix                          1.75256
x6.xbias.nmd                          0.754001
x6.xbias.vbp0                          2.07029
x6.xbias.noff                         0.762382
x6.xbias.xroff.11                     0.762129
x6.xbias.xroff.21                  0.000252697
x6.xbias.nvi                           1.24561
x6.xbias.xrdeg.11                      1.24519
x6.xbias.xrdeg.21                  0.000412865
x6.xbias.b0b                              2.97
x6.xbias.b1b                              2.97
x6.xbias.b2b                       5.04134e-09
x6.xbias.vbn1                         0.755553
x6.xbias.ga                               2.97
x6.xbias.vbp2                           2.0975
x6.xbias.gb                          1.517e-11
x6.vbn                                 0.86657
x6.xbias.gc                             2.0975
x6.vbp                                 1.95648
x6.xs1.nh                              1.31011
x6.y1                                        0
x6.y5                                        0
x6.xs1.nt                         -8.24539e-74
x6.xs2.nh                                 2.97
x6.y2                                     2.97
x6.xs2.nt                          5.38909e-09
x6.xs3.nh                                 2.97
x6.y3                                        0
x6.xs3.nt                        -9.73341e-101
x6.xs4.nh                                 2.97
x6.y4                                     2.97
x6.xs4.nt                          5.38909e-09
x6.xs5.nh                                 2.97
x6.xs5.nt                        -9.73341e-101
x6.nb1                                    2.97
x6.nb2                             3.40312e-09
clk6                                      2.97
x6.xcdec1.c_moscap_int1                  -2.97
x6.xcdec2.c_moscap_int1                  -2.97
x7.xbias.na                           0.937711
x7.xbias.vbpc                          2.00314
x7.xbias.nc                           0.118758
x7.xbias.xrcg.11                      0.118533
x7.xbias.xrcg.21                    0.00022505
x7.xbias.nsu                        0.00993799
x7.xbias.vfix                          1.75256
x7.xbias.nmd                          0.754001
x7.xbias.vbp0                          2.06114
x7.xbias.noff                         0.762366
x7.xbias.xroff.11                     0.762113
x7.xbias.xroff.21                  0.000252692
x7.xbias.nvi                           1.47593
x7.xbias.xrdeg.11                      1.47544
x7.xbias.xrdeg.21                  0.000489208
x7.xbias.b0b                              2.97
x7.xbias.b1b                              2.97
x7.xbias.b2b                       5.04134e-09
x7.xbias.vbn1                         0.763345
x7.xbias.ga                               2.97
x7.xbias.vbp2                          2.08961
x7.xbias.gb                        1.51921e-11
x7.vbn                                0.878237
x7.xbias.gc                            2.08961
x7.vbp                                 1.94286
x7.xs1.nh                              1.32199
x7.y1                                        0
x7.y5                                        0
x7.xs1.nt                         -6.31671e-74
x7.xs2.nh                                 2.97
x7.y2                                     2.97
x7.xs2.nt                          5.05884e-09
x7.xs3.nh                                 2.97
x7.y3                                        0
x7.xs3.nt                         7.98284e-115
x7.xs4.nh                                 2.97
x7.y4                                     2.97
x7.xs4.nt                          5.05884e-09
x7.xs5.nh                                 2.97
x7.xs5.nt                         7.98284e-115
x7.nb1                                    2.97
x7.nb2                             3.40312e-09
clk7                                      2.97
x7.xcdec1.c_moscap_int1                  -2.97
x7.xcdec2.c_moscap_int1                  -2.97
e.x7.xcdec2.ec_moscap#branch                 0
e.x7.xcdec1.ec_moscap#branch                 0
e.x6.xcdec2.ec_moscap#branch                 0
e.x6.xcdec1.ec_moscap#branch                 0
e.x5.xcdec2.ec_moscap#branch                 0
e.x5.xcdec1.ec_moscap#branch                 0
e.x4.xcdec2.ec_moscap#branch                 0
e.x4.xcdec1.ec_moscap#branch                 0
e.x3.xcdec2.ec_moscap#branch                 0
e.x3.xcdec1.ec_moscap#branch                 0
e.x2.xcdec2.ec_moscap#branch                 0
e.x2.xcdec1.ec_moscap#branch                 0
e.x1.xcdec2.ec_moscap#branch                 0
e.x1.xcdec1.ec_moscap#branch                 0
vs7#branch                         0.000125942
vs6#branch                         0.000115038
vs5#branch                         0.000104271
vs4#branch                         9.36734e-05
vs3#branch                         8.32994e-05
vs2#branch                         7.32488e-05
vs1#branch                         6.37859e-05
vv7#branch                                   0
vv6#branch                                   0
vv5#branch                                   0
vv4#branch                                   0
vv3#branch                                   0
vv2#branch                                   0
vv1#branch                                   0
vb2#branch                                   0
vb1#branch                                   0
vb0#branch                                   0
vdd#branch                        -0.000659258

 Reference value :  0.00000e+00
 Reference value :  4.44908e-09
 Reference value :  7.20083e-09
 Reference value :  1.00439e-08
 Reference value :  1.30503e-08
 Reference value :  1.58339e-08
 Reference value :  1.93329e-08
 Reference value :  2.33388e-08
 Reference value :  2.61830e-08
 Reference value :  2.94205e-08
 Reference value :  3.20061e-08
 Reference value :  3.53378e-08
 Reference value :  3.80317e-08
 Reference value :  4.12099e-08
 Reference value :  4.53246e-08
 Reference value :  4.95899e-08
 Reference value :  5.47981e-08
 Reference value :  5.93727e-08
 Reference value :  6.34636e-08
 Reference value :  6.95523e-08
 Reference value :  7.61679e-08
 Reference value :  8.07173e-08
 Reference value :  8.38100e-08
 Reference value :  8.74483e-08
 Reference value :  9.03570e-08
 Reference value :  9.51045e-08
 Reference value :  9.97089e-08
 Reference value :  1.03130e-07
 Reference value :  1.06834e-07
 Reference value :  1.10538e-07
 Reference value :  1.14813e-07
 Reference value :  1.19595e-07
 Reference value :  1.22653e-07
 Reference value :  1.27105e-07
 Reference value :  1.30312e-07
 Reference value :  1.33932e-07
 Reference value :  1.37777e-07
 Reference value :  1.41522e-07
 Reference value :  1.45321e-07
 Reference value :  1.48938e-07
 Reference value :  1.52298e-07
 Reference value :  1.56283e-07
 Reference value :  1.59340e-07
 Reference value :  1.64099e-07
 Reference value :  1.68334e-07
 Reference value :  1.71655e-07
 Reference value :  1.75219e-07
 Reference value :  1.79080e-07
 Reference value :  1.81219e-07
 Reference value :  1.85998e-07
 Reference value :  1.89245e-07
 Reference value :  1.92626e-07
 Reference value :  1.97213e-07
 Reference value :  2.01214e-07
 Reference value :  2.03517e-07
 Reference value :  2.06997e-07
 Reference value :  2.11924e-07
 Reference value :  2.15642e-07
 Reference value :  2.18699e-07
 Reference value :  2.23141e-07
 Reference value :  2.26483e-07
 Reference value :  2.29803e-07
 Reference value :  2.32108e-07
 Reference value :  2.35728e-07
 Reference value :  2.39082e-07
 Reference value :  2.41738e-07
 Reference value :  2.45376e-07
 Reference value :  2.48322e-07
 Reference value :  2.50813e-07
 Reference value :  2.54606e-07
 Reference value :  2.58216e-07
 Reference value :  2.61180e-07
 Reference value :  2.65199e-07
 Reference value :  2.68665e-07
 Reference value :  2.72287e-07
 Reference value :  2.75957e-07
 Reference value :  2.80649e-07
 Reference value :  2.83451e-07
 Reference value :  2.86785e-07
 Reference value :  2.90753e-07
 Reference value :  2.94867e-07
 Reference value :  2.99499e-07
 Reference value :  3.03280e-07
 Reference value :  3.07429e-07
 Reference value :  3.10595e-07
 Reference value :  3.13990e-07
 Reference value :  3.17587e-07
 Reference value :  3.21311e-07
 Reference value :  3.25051e-07
 Reference value :  3.28401e-07
 Reference value :  3.32224e-07
 Reference value :  3.35216e-07
 Reference value :  3.41003e-07
 Reference value :  3.43643e-07
 Reference value :  3.47406e-07
 Reference value :  3.53036e-07
 Reference value :  3.58724e-07
 Reference value :  3.63218e-07
 Reference value :  3.67638e-07
 Reference value :  3.70750e-07
 Reference value :  3.74018e-07
 Reference value :  3.78585e-07
 Reference value :  3.81579e-07
 Reference value :  3.85916e-07
 Reference value :  3.89437e-07
 Reference value :  3.91771e-07
 Reference value :  3.95133e-07
 Reference value :  3.99318e-07
 Reference value :  4.02575e-07
 Reference value :  4.05253e-07
 Reference value :  4.08876e-07
No. of Data Rows : 4375

  Measurements for Transient Analysis

tp1                 =  1.15754e-07 targ=  2.89904e-07 trig=  1.74149e-07
tp2                 =  9.54775e-08 targ=  2.63037e-07 trig=  1.67560e-07
tp3                 =  8.01644e-08 targ=  2.41030e-07 trig=  1.60866e-07
tp4                 =  6.85979e-08 targ=  2.23380e-07 trig=  1.54782e-07
tp5                 =  5.95870e-08 targ=  2.23923e-07 trig=  1.64336e-07
tp6                 =  5.24107e-08 targ=  2.10209e-07 trig=  1.57798e-07
tp7                 =  4.66146e-08 targ=  1.98749e-07 trig=  1.52134e-07
f1                  =  3.45560e+07
f2                  =  4.18947e+07
f3                  =  4.98975e+07
f4                  =  5.83108e+07
f5                  =  6.71287e+07
f6                  =  7.63202e+07
f7                  =  8.58100e+07
i1                  =  8.57495e-05 from=  1.49640e-07 to=  4.11509e-07
i2                  =  9.81473e-05 from=  1.49640e-07 to=  4.11509e-07
i3                  =  1.12010e-04 from=  1.49640e-07 to=  4.11509e-07
i4                  =  1.24682e-04 from=  1.49640e-07 to=  4.11509e-07
i5                  =  1.39088e-04 from=  1.49640e-07 to=  4.11509e-07
i6                  =  1.53314e-04 from=  1.49640e-07 to=  4.11509e-07
i7                  =  1.67692e-04 from=  1.49640e-07 to=  4.11509e-07
sw1hi               =  3.07040e+00 at=  3.47935e-07
sw1lo               =  -1.17652e-01 at=  2.74669e-07
sw7hi               =  3.12433e+00 at=  2.45587e-07
sw7lo               =  -1.70144e-01 at=  3.79427e-07

ngspice-46 done

Warning: m=xx on .subckt line will override multiplier m hierarchy!

