
Note: Compatibility modes selected: hs a


Circuit: * vco-tuning-range @ typical_125c_3.63v_band2 -- generated by sim/harness, do not edit

Doing analysis at TEMP = 125.000000 and TNOM = 27.000000

Using SPARSE 1.3 as Direct Linear Solver

Initial Transient Solution
--------------------------

Node                                   Voltage
----                                   -------
vdd                                       3.63
nb0                                          0
nb1                                       3.63
nb2                                          0
vc1                                        0.9
vc2                                        1.2
vc3                                        1.5
vc4                                        1.8
vc5                                        2.1
vc6                                        2.4
vc7                                        2.7
nv1                                       3.63
nv2                                       3.63
nv3                                       3.63
nv4                                       3.63
nv5                                       3.63
nv6                                       3.63
nv7                                       3.63
x1.xbias.na                           0.997935
x1.xbias.vbpc                          2.65903
x1.xbias.nc                           0.178047
x1.xbias.xrcg.11                      0.177766
x1.xbias.xrcg.21                   0.000281132
x1.xbias.nsu                         0.0124178
x1.xbias.vfix                          1.66805
x1.xbias.nmd                          0.715858
x1.xbias.vbp0                           2.8726
x1.xbias.noff                         0.751078
x1.xbias.xroff.11                     0.750871
x1.xbias.xroff.21                  0.000207321
x1.xbias.nvi                          0.232998
x1.xbias.xrdeg.11                     0.232934
x1.xbias.xrdeg.21                  6.43147e-05
x1.xbias.b0b                              3.63
x1.xbias.b1b                       4.97737e-08
x1.xbias.b2b                              3.63
x1.xbias.vbn1                         0.632747
x1.xbias.ga                               3.63
x1.xbias.vbp2                          2.80491
x1.xbias.gb                           0.632747
x1.vbn                                0.654046
x1.xbias.gc                               3.63
x1.vbp                                 2.85211
x1.xs1.nh                              1.18773
x1.y1                                        0
x1.y5                                        0
x1.xs1.nt                          9.90979e-16
x1.xs2.nh                                 3.63
x1.y2                                     3.63
x1.xs2.nt                          7.99929e-06
x1.xs3.nh                                 3.63
x1.y3                                        0
x1.xs3.nt                          4.75781e-27
x1.xs4.nh                                 3.63
x1.y4                                     3.63
x1.xs4.nt                          7.99929e-06
x1.xs5.nh                                 3.63
x1.xs5.nt                          4.75781e-27
x1.nb1                                    3.63
x1.nb2                              5.1582e-08
clk1                                      3.63
x1.xcdec1.c_moscap_int1                  -3.63
x1.xcdec2.c_moscap_int1                  -3.63
x2.xbias.na                           0.997935
x2.xbias.vbpc                          2.65903
x2.xbias.nc                           0.178047
x2.xbias.xrcg.11                      0.177766
x2.xbias.xrcg.21                   0.000281132
x2.xbias.nsu                         0.0124178
x2.xbias.vfix                          1.66805
x2.xbias.nmd                          0.715858
x2.xbias.vbp0                          2.85702
x2.xbias.noff                         0.751055
x2.xbias.xroff.11                     0.750847
x2.xbias.xroff.21                  0.000207314
x2.xbias.nvi                          0.426559
x2.xbias.xrdeg.11                     0.426441
x2.xbias.xrdeg.21                  0.000117743
x2.xbias.b0b                              3.63
x2.xbias.b1b                       4.97737e-08
x2.xbias.b2b                              3.63
x2.xbias.vbn1                         0.646095
x2.xbias.ga                               3.63
x2.xbias.vbp2                          2.78627
x2.xbias.gb                           0.646095
x2.vbn                                0.667432
x2.xbias.gc                               3.63
x2.vbp                                 2.83713
x2.xs1.nh                              1.20074
x2.y1                                        0
x2.y5                                        0
x2.xs1.nt                         -6.38337e-23
x2.xs2.nh                                 3.63
x2.y2                                     3.63
x2.xs2.nt                          7.11772e-06
x2.xs3.nh                                 3.63
x2.y3                                        0
x2.xs3.nt                          1.67951e-35
x2.xs4.nh                                 3.63
x2.y4                                     3.63
x2.xs4.nt                          7.11772e-06
x2.xs5.nh                                 3.63
x2.xs5.nt                          1.67951e-35
x2.nb1                                    3.63
x2.nb2                              5.1582e-08
clk2                                      3.63
x2.xcdec1.c_moscap_int1                  -3.63
x2.xcdec2.c_moscap_int1                  -3.63
x3.xbias.na                           0.997935
x3.xbias.vbpc                          2.65903
x3.xbias.nc                           0.178047
x3.xbias.xrcg.11                      0.177766
x3.xbias.xrcg.21                   0.000281132
x3.xbias.nsu                         0.0124178
x3.xbias.vfix                          1.66805
x3.xbias.nmd                          0.715858
x3.xbias.vbp0                          2.84237
x3.xbias.noff                         0.751032
x3.xbias.xroff.11                     0.750825
x3.xbias.xroff.21                  0.000207308
x3.xbias.nvi                          0.632299
x3.xbias.xrdeg.11                     0.632124
x3.xbias.xrdeg.21                  0.000174534
x3.xbias.b0b                              3.63
x3.xbias.b1b                       4.97737e-08
x3.xbias.b2b                              3.63
x3.xbias.vbn1                         0.658595
x3.xbias.ga                               3.63
x3.xbias.vbp2                           2.7685
x3.xbias.gb                           0.658595
x3.vbn                                0.679997
x3.xbias.gc                               3.63
x3.vbp                                 2.82303
x3.xs1.nh                              1.21303
x3.y1                                        0
x3.y5                                        0
x3.xs1.nt                          3.75766e-17
x3.xs2.nh                                 3.63
x3.y2                                     3.63
x3.xs2.nt                          6.42077e-06
x3.xs3.nh                                 3.63
x3.y3                                        0
x3.xs3.nt                          4.85252e-18
x3.xs4.nh                                 3.63
x3.y4                                     3.63
x3.xs4.nt                          6.42077e-06
x3.xs5.nh                                 3.63
x3.xs5.nt                          4.85252e-18
x3.nb1                                    3.63
x3.nb2                              5.1582e-08
clk3                                      3.63
x3.xcdec1.c_moscap_int1                  -3.63
x3.xcdec2.c_moscap_int1                  -3.63
x4.xbias.na                           0.997935
x4.xbias.vbpc                          2.65903
x4.xbias.nc                           0.178047
x4.xbias.xrcg.11                      0.177766
x4.xbias.xrcg.21                   0.000281132
x4.xbias.nsu                         0.0124178
x4.xbias.vfix                          1.66805
x4.xbias.nmd                          0.715858
x4.xbias.vbp0                          2.82872
x4.xbias.noff                         0.751012
x4.xbias.xroff.11                     0.750804
x4.xbias.xroff.21                  0.000207302
x4.xbias.nvi                          0.845625
x4.xbias.xrdeg.11                     0.845392
x4.xbias.xrdeg.21                  0.000233418
x4.xbias.b0b                              3.63
x4.xbias.b1b                       4.97737e-08
x4.xbias.b2b                              3.63
x4.xbias.vbn1                         0.670216
x4.xbias.ga                               3.63
x4.xbias.vbp2                          2.75174
x4.xbias.gb                           0.670216
x4.vbn                                0.691702
x4.xbias.gc                               3.63
x4.vbp                                 2.80985
x4.xs1.nh                              1.22453
x4.y1                                        0
x4.y5                                        0
x4.xs1.nt                         -1.55294e-23
x4.xs2.nh                                 3.63
x4.y2                                     3.63
x4.xs2.nt                          5.86466e-06
x4.xs3.nh                                 3.63
x4.y3                                        0
x4.xs3.nt                          1.21303e-35
x4.xs4.nh                                 3.63
x4.y4                                     3.63
x4.xs4.nt                          5.86466e-06
x4.xs5.nh                                 3.63
x4.xs5.nt                          1.21303e-35
x4.nb1                                    3.63
x4.nb2                              5.1582e-08
clk4                                      3.63
x4.xcdec1.c_moscap_int1                  -3.63
x4.xcdec2.c_moscap_int1                  -3.63
x5.xbias.na                           0.997935
x5.xbias.vbpc                          2.65903
x5.xbias.nc                           0.178047
x5.xbias.xrcg.11                      0.177766
x5.xbias.xrcg.21                   0.000281132
x5.xbias.nsu                         0.0124178
x5.xbias.vfix                          1.66805
x5.xbias.nmd                          0.715858
x5.xbias.vbp0                          2.81595
x5.xbias.noff                         0.750992
x5.xbias.xroff.11                     0.750785
x5.xbias.xroff.21                  0.000207297
x5.xbias.nvi                           1.06452
x5.xbias.xrdeg.11                      1.06422
x5.xbias.xrdeg.21                   0.00029384
x5.xbias.b0b                              3.63
x5.xbias.b1b                       4.97737e-08
x5.xbias.b2b                              3.63
x5.xbias.vbn1                         0.681059
x5.xbias.ga                               3.63
x5.xbias.vbp2                           2.7359
x5.xbias.gb                           0.681059
x5.vbn                                0.702644
x5.xbias.gc                               3.63
x5.vbp                                 2.79752
x5.xs1.nh                              1.23532
x5.y1                                        0
x5.y5                                        0
x5.xs1.nt                         -2.46242e-23
x5.xs2.nh                                 3.63
x5.y2                                     3.63
x5.xs2.nt                          5.41246e-06
x5.xs3.nh                                 3.63
x5.y3                                        0
x5.xs3.nt                         -4.28099e-27
x5.xs4.nh                                 3.63
x5.y4                                     3.63
x5.xs4.nt                          5.41246e-06
x5.xs5.nh                                 3.63
x5.xs5.nt                         -4.28099e-27
x5.nb1                                    3.63
x5.nb2                              5.1582e-08
clk5                                      3.63
x5.xcdec1.c_moscap_int1                  -3.63
x5.xcdec2.c_moscap_int1                  -3.63
x6.xbias.na                           0.997935
x6.xbias.vbpc                          2.65903
x6.xbias.nc                           0.178047
x6.xbias.xrcg.11                      0.177766
x6.xbias.xrcg.21                   0.000281132
x6.xbias.nsu                         0.0124178
x6.xbias.vfix                          1.66805
x6.xbias.nmd                          0.715858
x6.xbias.vbp0                          2.80394
x6.xbias.noff                         0.750974
x6.xbias.xroff.11                     0.750767
x6.xbias.xroff.21                  0.000207292
x6.xbias.nvi                           1.28784
x6.xbias.xrdeg.11                      1.28749
x6.xbias.xrdeg.21                  0.000355484
x6.xbias.b0b                              3.63
x6.xbias.b1b                       4.97737e-08
x6.xbias.b2b                              3.63
x6.xbias.vbn1                         0.691234
x6.xbias.ga                               3.63
x6.xbias.vbp2                          2.72085
x6.xbias.gb                           0.691234
x6.vbn                                 0.71293
x6.xbias.gc                               3.63
x6.vbp                                  2.7859
x6.xs1.nh                               1.2455
x6.y1                                        0
x6.y5                                        0
x6.xs1.nt                          1.91989e-23
x6.xs2.nh                                 3.63
x6.y2                                     3.63
x6.xs2.nt                          5.03786e-06
x6.xs3.nh                                 3.63
x6.y3                                        0
x6.xs3.nt                         -2.21377e-35
x6.xs4.nh                                 3.63
x6.y4                                     3.63
x6.xs4.nt                          5.03786e-06
x6.xs5.nh                                 3.63
x6.xs5.nt                         -2.21377e-35
x6.nb1                                    3.63
x6.nb2                              5.1582e-08
clk6                                      3.63
x6.xcdec1.c_moscap_int1                  -3.63
x6.xcdec2.c_moscap_int1                  -3.63
x7.xbias.na                           0.997935
x7.xbias.vbpc                          2.65903
x7.xbias.nc                           0.178047
x7.xbias.xrcg.11                      0.177766
x7.xbias.xrcg.21                   0.000281132
x7.xbias.nsu                         0.0124178
x7.xbias.vfix                          1.66805
x7.xbias.nmd                          0.715858
x7.xbias.vbp0                          2.79259
x7.xbias.noff                         0.750957
x7.xbias.xroff.11                     0.750749
x7.xbias.xroff.21                  0.000207287
x7.xbias.nvi                           1.51486
x7.xbias.xrdeg.11                      1.51445
x7.xbias.xrdeg.21                  0.000418149
x7.xbias.b0b                              3.63
x7.xbias.b1b                       4.97737e-08
x7.xbias.b2b                              3.63
x7.xbias.vbn1                         0.700839
x7.xbias.ga                               3.63
x7.xbias.vbp2                          2.70651
x7.xbias.gb                           0.700839
x7.vbn                                0.722655
x7.xbias.gc                               3.63
x7.vbp                                  2.7749
x7.xs1.nh                              1.25515
x7.y1                                        0
x7.y5                                        0
x7.xs1.nt                         -2.35916e-23
x7.xs2.nh                                 3.63
x7.y2                                     3.63
x7.xs2.nt                          4.72233e-06
x7.xs3.nh                                 3.63
x7.y3                                        0
x7.xs3.nt                         -3.52768e-44
x7.xs4.nh                                 3.63
x7.y4                                     3.63
x7.xs4.nt                          4.72233e-06
x7.xs5.nh                                 3.63
x7.xs5.nt                         -3.52768e-44
x7.nb1                                    3.63
x7.nb2                              5.1582e-08
clk7                                      3.63
x7.xcdec1.c_moscap_int1                  -3.63
x7.xcdec2.c_moscap_int1                  -3.63
e.x7.xcdec2.ec_moscap#branch                 0
e.x7.xcdec1.ec_moscap#branch                 0
e.x6.xcdec2.ec_moscap#branch                 0
e.x6.xcdec1.ec_moscap#branch                 0
e.x5.xcdec2.ec_moscap#branch                 0
e.x5.xcdec1.ec_moscap#branch                 0
e.x4.xcdec2.ec_moscap#branch                 0
e.x4.xcdec1.ec_moscap#branch                 0
e.x3.xcdec2.ec_moscap#branch                 0
e.x3.xcdec1.ec_moscap#branch                 0
e.x2.xcdec2.ec_moscap#branch                 0
e.x2.xcdec1.ec_moscap#branch                 0
e.x1.xcdec2.ec_moscap#branch                 0
e.x1.xcdec1.ec_moscap#branch                 0
vs7#branch                         0.000114049
vs6#branch                         0.000105612
vs5#branch                         9.72819e-05
vs4#branch                         8.90853e-05
vs3#branch                         8.10628e-05
vs2#branch                         7.32869e-05
vs1#branch                         6.59217e-05
vv7#branch                                   0
vv6#branch                                   0
vv5#branch                                   0
vv4#branch                                   0
vv3#branch                                   0
vv2#branch                                   0
vv1#branch                                   0
vb2#branch                                   0
vb1#branch                                   0
vb0#branch                                   0
vdd#branch                        -0.000626299

 Reference value :  0.00000e+00
 Reference value :  1.58614e-08
 Reference value :  2.46988e-08
 Reference value :  3.49419e-08
 Reference value :  4.36721e-08
 Reference value :  5.57390e-08
 Reference value :  6.70547e-08
 Reference value :  7.90826e-08
 Reference value :  9.17848e-08
 Reference value :  1.02318e-07
 Reference value :  1.13815e-07
 Reference value :  1.23134e-07
 Reference value :  1.33707e-07
 Reference value :  1.40412e-07
 Reference value :  1.50936e-07
 Reference value :  1.64773e-07
 Reference value :  1.74757e-07
 Reference value :  1.84706e-07
 Reference value :  1.93796e-07
 Reference value :  2.04051e-07
 Reference value :  2.14873e-07
 Reference value :  2.28362e-07
 Reference value :  2.33465e-07
 Reference value :  2.44944e-07
 Reference value :  2.54890e-07
 Reference value :  2.67985e-07
 Reference value :  2.78009e-07
 Reference value :  2.92989e-07
 Reference value :  3.06650e-07
 Reference value :  3.19058e-07
 Reference value :  3.31934e-07
 Reference value :  3.45237e-07
 Reference value :  3.56675e-07
 Reference value :  3.68237e-07
 Reference value :  3.79863e-07
 Reference value :  3.90491e-07
 Reference value :  4.06473e-07
 Reference value :  4.16697e-07
 Reference value :  4.32105e-07
 Reference value :  4.42352e-07
 Reference value :  4.57246e-07
 Reference value :  4.67205e-07
 Reference value :  4.81976e-07
 Reference value :  4.95394e-07
 Reference value :  5.06432e-07
 Reference value :  5.21343e-07
 Reference value :  5.33662e-07
 Reference value :  5.47060e-07
 Reference value :  5.61650e-07
 Reference value :  5.72888e-07
 Reference value :  5.86974e-07
 Reference value :  6.00535e-07
 Reference value :  6.14939e-07
 Reference value :  6.27831e-07
 Reference value :  6.40298e-07
 Reference value :  6.53209e-07
 Reference value :  6.65791e-07
 Reference value :  6.81168e-07
 Reference value :  6.91818e-07
 Reference value :  7.03272e-07
 Reference value :  7.18311e-07
 Reference value :  7.30917e-07
 Reference value :  7.39664e-07
 Reference value :  7.53278e-07
 Reference value :  7.64368e-07
 Reference value :  7.77474e-07
 Reference value :  7.86983e-07
 Reference value :  7.98732e-07
 Reference value :  8.08981e-07
 Reference value :  8.22196e-07
 Reference value :  8.32497e-07
 Reference value :  8.44486e-07
 Reference value :  8.58364e-07
 Reference value :  8.69086e-07
 Reference value :  8.77442e-07
 Reference value :  8.90363e-07
 Reference value :  9.00820e-07
 Reference value :  9.14822e-07
 Reference value :  9.28205e-07
 Reference value :  9.38044e-07
 Reference value :  9.52738e-07
 Reference value :  9.65069e-07
 Reference value :  9.77149e-07
 Reference value :  9.88042e-07
 Reference value :  1.00310e-06
 Reference value :  1.01423e-06
 Reference value :  1.02662e-06
 Reference value :  1.03747e-06
 Reference value :  1.04975e-06
 Reference value :  1.06135e-06
 Reference value :  1.07194e-06
 Reference value :  1.08525e-06
 Reference value :  1.09714e-06
 Reference value :  1.10658e-06
 Reference value :  1.11850e-06
 Reference value :  1.13012e-06
 Reference value :  1.14111e-06
 Reference value :  1.15311e-06
 Reference value :  1.16372e-06
 Reference value :  1.17278e-06
 Reference value :  1.18781e-06
 Reference value :  1.20059e-06
 Reference value :  1.21025e-06
 Reference value :  1.22238e-06
 Reference value :  1.23415e-06
 Reference value :  1.24589e-06
 Reference value :  1.25729e-06
 Reference value :  1.27100e-06
 Reference value :  1.28268e-06
 Reference value :  1.29779e-06
 Reference value :  1.30963e-06
 Reference value :  1.32650e-06
 Reference value :  1.33852e-06
 Reference value :  1.35080e-06
 Reference value :  1.36243e-06
 Reference value :  1.37338e-06
No. of Data Rows : 4630

  Measurements for Transient Analysis

tp1                 =  3.69793e-07 targ=  9.24648e-07 trig=  5.54855e-07
tp2                 =  3.11331e-07 targ=  8.56449e-07 trig=  5.45117e-07
tp3                 =  2.66559e-07 targ=  8.00052e-07 trig=  5.33494e-07
tp4                 =  2.32018e-07 targ=  7.54252e-07 trig=  5.22234e-07
tp5                 =  2.04734e-07 targ=  7.16634e-07 trig=  5.11901e-07
tp6                 =  1.82758e-07 targ=  7.31064e-07 trig=  5.48306e-07
tp7                 =  1.64650e-07 targ=  7.00006e-07 trig=  5.35356e-07
f1                  =  1.08169e+07
f2                  =  1.28481e+07
f3                  =  1.50061e+07
f4                  =  1.72400e+07
f5                  =  1.95376e+07
f6                  =  2.18869e+07
f7                  =  2.42939e+07
i1                  =  8.85341e-05 from=  5.03618e-07 to=  1.38495e-06
i2                  =  9.74320e-05 from=  5.03618e-07 to=  1.38495e-06
i3                  =  1.07164e-04 from=  5.03618e-07 to=  1.38495e-06
i4                  =  1.16433e-04 from=  5.03618e-07 to=  1.38495e-06
i5                  =  1.27192e-04 from=  5.03618e-07 to=  1.38495e-06
i6                  =  1.36378e-04 from=  5.03618e-07 to=  1.38495e-06
i7                  =  1.47745e-04 from=  5.03618e-07 to=  1.38495e-06
sw1hi               =  3.72497e+00 at=  5.55251e-07
sw1lo               =  -9.48291e-02 at=  1.33805e-06
sw7hi               =  3.75759e+00 at=  9.88483e-07
sw7lo               =  -1.25610e-01 at=  6.78715e-07

ngspice-46 done

Warning: m=xx on .subckt line will override multiplier m hierarchy!

