
Note: Compatibility modes selected: hs a


Circuit: * vco-tuning-range @ typical_27c_3.30v_band1 -- generated by sim/harness, do not edit

Doing analysis at TEMP = 27.000000 and TNOM = 27.000000

Using SPARSE 1.3 as Direct Linear Solver

Initial Transient Solution
--------------------------

Node                                   Voltage
----                                   -------
vdd                                        3.3
nb0                                        3.3
nb1                                          0
nb2                                          0
vc1                                        0.9
vc2                                        1.2
vc3                                        1.5
vc4                                        1.8
vc5                                        2.1
vc6                                        2.4
vc7                                        2.7
nv1                                        3.3
nv2                                        3.3
nv3                                        3.3
nv4                                        3.3
nv5                                        3.3
nv6                                        3.3
nv7                                        3.3
x1.xbias.na                           0.940667
x1.xbias.vbpc                          2.33139
x1.xbias.nc                           0.120618
x1.xbias.xrcg.11                      0.120389
x1.xbias.xrcg.21                   0.000228576
x1.xbias.nsu                         0.0130128
x1.xbias.vfix                          1.75603
x1.xbias.nmd                          0.755526
x1.xbias.vbp0                          2.45559
x1.xbias.noff                         0.765555
x1.xbias.xroff.11                     0.765302
x1.xbias.xroff.21                  0.000253749
x1.xbias.nvi                          0.178394
x1.xbias.xrdeg.11                     0.178335
x1.xbias.xrdeg.21                  5.91299e-05
x1.xbias.b0b                        5.4347e-09
x1.xbias.b1b                               3.3
x1.xbias.b2b                               3.3
x1.xbias.vbn1                         0.738845
x1.xbias.ga                            2.45559
x1.xbias.vbp2                          2.44351
x1.xbias.gb                        1.42444e-11
x1.vbn                                0.700348
x1.xbias.gc                                3.3
x1.vbp                                 2.47012
x1.xs1.nh                              1.19144
x1.y1                                        0
x1.y5                                        0
x1.xs1.nt                         -1.02922e-17
x1.xs2.nh                                  3.3
x1.y2                                      3.3
x1.xs2.nt                          3.12631e-08
x1.xs3.nh                                  3.3
x1.y3                                        0
x1.xs3.nt                         -4.90199e-46
x1.xs4.nh                                  3.3
x1.y4                                      3.3
x1.xs4.nt                          3.12631e-08
x1.xs5.nh                                  3.3
x1.xs5.nt                         -4.90199e-46
x1.nb1                                     3.3
x1.nb2                             3.75871e-09
clk1                                       3.3
x1.xcdec1.c_moscap_int1                   -3.3
x1.xcdec2.c_moscap_int1                   -3.3
x2.xbias.na                           0.940667
x2.xbias.vbpc                          2.33139
x2.xbias.nc                           0.120618
x2.xbias.xrcg.11                      0.120389
x2.xbias.xrcg.21                   0.000228576
x2.xbias.nsu                         0.0130128
x2.xbias.vfix                          1.75603
x2.xbias.nmd                          0.755526
x2.xbias.vbp0                          2.44301
x2.xbias.noff                         0.765535
x2.xbias.xroff.11                     0.765281
x2.xbias.xroff.21                  0.000253742
x2.xbias.nvi                          0.373121
x2.xbias.xrdeg.11                     0.372998
x2.xbias.xrdeg.21                  0.000123674
x2.xbias.b0b                        5.4347e-09
x2.xbias.b1b                               3.3
x2.xbias.b2b                               3.3
x2.xbias.vbn1                         0.751463
x2.xbias.ga                            2.44301
x2.xbias.vbp2                          2.43075
x2.xbias.gb                        1.42782e-11
x2.vbn                                0.710306
x2.xbias.gc                                3.3
x2.vbp                                 2.45951
x2.xs1.nh                              1.20057
x2.y1                                        0
x2.y5                                        0
x2.xs1.nt                         -1.37756e-26
x2.xs2.nh                                  3.3
x2.y2                                      3.3
x2.xs2.nt                          2.73444e-08
x2.xs3.nh                                  3.3
x2.y3                                        0
x2.xs3.nt                          1.20353e-45
x2.xs4.nh                                  3.3
x2.y4                                      3.3
x2.xs4.nt                          2.73444e-08
x2.xs5.nh                                  3.3
x2.xs5.nt                          1.20353e-45
x2.nb1                                     3.3
x2.nb2                             3.75871e-09
clk2                                       3.3
x2.xcdec1.c_moscap_int1                   -3.3
x2.xcdec2.c_moscap_int1                   -3.3
x3.xbias.na                           0.940667
x3.xbias.vbpc                          2.33139
x3.xbias.nc                           0.120618
x3.xbias.xrcg.11                      0.120389
x3.xbias.xrcg.21                   0.000228576
x3.xbias.nsu                         0.0130128
x3.xbias.vfix                          1.75603
x3.xbias.nmd                          0.755526
x3.xbias.vbp0                          2.43115
x3.xbias.noff                         0.765515
x3.xbias.xroff.11                     0.765262
x3.xbias.xroff.21                  0.000253736
x3.xbias.nvi                          0.581367
x3.xbias.xrdeg.11                     0.581174
x3.xbias.xrdeg.21                  0.000192698
x3.xbias.b0b                        5.4347e-09
x3.xbias.b1b                               3.3
x3.xbias.b2b                               3.3
x3.xbias.vbn1                         0.763381
x3.xbias.ga                            2.43115
x3.xbias.vbp2                          2.41869
x3.xbias.gb                          1.431e-11
x3.vbn                                0.719554
x3.xbias.gc                                3.3
x3.vbp                                  2.4496
x3.xs1.nh                              1.20911
x3.y1                                        0
x3.y5                                        0
x3.xs1.nt                          1.45041e-25
x3.xs2.nh                                  3.3
x3.y2                                      3.3
x3.xs2.nt                          2.43047e-08
x3.xs3.nh                                  3.3
x3.y3                                        0
x3.xs3.nt                          3.21627e-33
x3.xs4.nh                                  3.3
x3.y4                                      3.3
x3.xs4.nt                          2.43047e-08
x3.xs5.nh                                  3.3
x3.xs5.nt                          3.21627e-33
x3.nb1                                     3.3
x3.nb2                             3.75871e-09
clk3                                       3.3
x3.xcdec1.c_moscap_int1                   -3.3
x3.xcdec2.c_moscap_int1                   -3.3
x4.xbias.na                           0.940667
x4.xbias.vbpc                          2.33139
x4.xbias.nc                           0.120618
x4.xbias.xrcg.11                      0.120389
x4.xbias.xrcg.21                   0.000228576
x4.xbias.nsu                         0.0130128
x4.xbias.vfix                          1.75603
x4.xbias.nmd                          0.755526
x4.xbias.vbp0                          2.42012
x4.xbias.noff                         0.765497
x4.xbias.xroff.11                     0.765243
x4.xbias.xroff.21                   0.00025373
x4.xbias.nvi                          0.797592
x4.xbias.xrdeg.11                     0.797328
x4.xbias.xrdeg.21                  0.000264368
x4.xbias.b0b                        5.4347e-09
x4.xbias.b1b                               3.3
x4.xbias.b2b                               3.3
x4.xbias.vbn1                         0.774494
x4.xbias.ga                            2.42012
x4.xbias.vbp2                          2.40743
x4.xbias.gb                        1.43396e-11
x4.vbn                                0.728045
x4.xbias.gc                                3.3
x4.vbp                                 2.44045
x4.xs1.nh                              1.21702
x4.y1                                        0
x4.y5                                        0
x4.xs1.nt                         -1.05636e-25
x4.xs2.nh                                  3.3
x4.y2                                      3.3
x4.xs2.nt                          2.19289e-08
x4.xs3.nh                                  3.3
x4.y3                                        0
x4.xs3.nt                          4.06027e-33
x4.xs4.nh                                  3.3
x4.y4                                      3.3
x4.xs4.nt                          2.19289e-08
x4.xs5.nh                                  3.3
x4.xs5.nt                          4.06027e-33
x4.nb1                                     3.3
x4.nb2                             3.75871e-09
clk4                                       3.3
x4.xcdec1.c_moscap_int1                   -3.3
x4.xcdec2.c_moscap_int1                   -3.3
x5.xbias.na                           0.940667
x5.xbias.vbpc                          2.33139
x5.xbias.nc                           0.120618
x5.xbias.xrcg.11                      0.120389
x5.xbias.xrcg.21                   0.000228576
x5.xbias.nsu                         0.0130128
x5.xbias.vfix                          1.75603
x5.xbias.nmd                          0.755526
x5.xbias.vbp0                          2.40982
x5.xbias.noff                          0.76548
x5.xbias.xroff.11                     0.765226
x5.xbias.xroff.21                  0.000253724
x5.xbias.nvi                            1.0196
x5.xbias.xrdeg.11                      1.01926
x5.xbias.xrdeg.21                  0.000337954
x5.xbias.b0b                        5.4347e-09
x5.xbias.b1b                               3.3
x5.xbias.b2b                               3.3
x5.xbias.vbn1                         0.784886
x5.xbias.ga                            2.40982
x5.xbias.vbp2                           2.3969
x5.xbias.gb                        1.43672e-11
x5.vbn                                0.735875
x5.xbias.gc                                3.3
x5.vbp                                 2.43197
x5.xs1.nh                              1.22436
x5.y1                                        0
x5.y5                                        0
x5.xs1.nt                         -1.61518e-18
x5.xs2.nh                                  3.3
x5.y2                                      3.3
x5.xs2.nt                          2.00311e-08
x5.xs3.nh                                  3.3
x5.y3                                        0
x5.xs3.nt                            9.822e-33
x5.xs4.nh                                  3.3
x5.y4                                      3.3
x5.xs4.nt                          2.00311e-08
x5.xs5.nh                                  3.3
x5.xs5.nt                            9.822e-33
x5.nb1                                     3.3
x5.nb2                             3.75871e-09
clk5                                       3.3
x5.xcdec1.c_moscap_int1                   -3.3
x5.xcdec2.c_moscap_int1                   -3.3
x6.xbias.na                           0.940667
x6.xbias.vbpc                          2.33139
x6.xbias.nc                           0.120618
x6.xbias.xrcg.11                      0.120389
x6.xbias.xrcg.21                   0.000228576
x6.xbias.nsu                         0.0130128
x6.xbias.vfix                          1.75603
x6.xbias.nmd                          0.755526
x6.xbias.vbp0                          2.40014
x6.xbias.noff                         0.765464
x6.xbias.xroff.11                      0.76521
x6.xbias.xroff.21                  0.000253719
x6.xbias.nvi                           1.24619
x6.xbias.xrdeg.11                      1.24578
x6.xbias.xrdeg.21                  0.000413058
x6.xbias.b0b                        5.4347e-09
x6.xbias.b1b                               3.3
x6.xbias.b2b                               3.3
x6.xbias.vbn1                         0.794659
x6.xbias.ga                            2.40014
x6.xbias.vbp2                          2.38698
x6.xbias.gb                         1.4393e-11
x6.vbn                                0.743147
x6.xbias.gc                                3.3
x6.vbp                                 2.42405
x6.xs1.nh                              1.23122
x6.y1                                        0
x6.y5                                        0
x6.xs1.nt                         -2.86495e-18
x6.xs2.nh                                  3.3
x6.y2                                      3.3
x6.xs2.nt                          1.84823e-08
x6.xs3.nh                                  3.3
x6.y3                                        0
x6.xs3.nt                         -3.48104e-33
x6.xs4.nh                                  3.3
x6.y4                                      3.3
x6.xs4.nt                          1.84823e-08
x6.xs5.nh                                  3.3
x6.xs5.nt                         -3.48104e-33
x6.nb1                                     3.3
x6.nb2                             3.75871e-09
clk6                                       3.3
x6.xcdec1.c_moscap_int1                   -3.3
x6.xcdec2.c_moscap_int1                   -3.3
x7.xbias.na                           0.940667
x7.xbias.vbpc                          2.33139
x7.xbias.nc                           0.120618
x7.xbias.xrcg.11                      0.120389
x7.xbias.xrcg.21                   0.000228576
x7.xbias.nsu                         0.0130128
x7.xbias.vfix                          1.75603
x7.xbias.nmd                          0.755526
x7.xbias.vbp0                          2.39099
x7.xbias.noff                         0.765449
x7.xbias.xroff.11                     0.765195
x7.xbias.xroff.21                  0.000253714
x7.xbias.nvi                           1.47658
x7.xbias.xrdeg.11                      1.47609
x7.xbias.xrdeg.21                  0.000489423
x7.xbias.b0b                        5.4347e-09
x7.xbias.b1b                               3.3
x7.xbias.b2b                               3.3
x7.xbias.vbn1                         0.803901
x7.xbias.ga                            2.39099
x7.xbias.vbp2                           2.3776
x7.xbias.gb                        1.44178e-11
x7.vbn                                0.749945
x7.xbias.gc                                3.3
x7.vbp                                 2.41662
x7.xs1.nh                              1.23767
x7.y1                                        0
x7.y5                                        0
x7.xs1.nt                          1.33014e-19
x7.xs2.nh                                  3.3
x7.y2                                      3.3
x7.xs2.nt                          1.71943e-08
x7.xs3.nh                                  3.3
x7.y3                                        0
x7.xs3.nt                          5.75783e-19
x7.xs4.nh                                  3.3
x7.y4                                      3.3
x7.xs4.nt                          1.71943e-08
x7.xs5.nh                                  3.3
x7.xs5.nt                          5.75783e-19
x7.nb1                                     3.3
x7.nb2                             3.75871e-09
clk7                                       3.3
x7.xcdec1.c_moscap_int1                   -3.3
x7.xcdec2.c_moscap_int1                   -3.3
e.x7.xcdec2.ec_moscap#branch                 0
e.x7.xcdec1.ec_moscap#branch                 0
e.x6.xcdec2.ec_moscap#branch                 0
e.x6.xcdec1.ec_moscap#branch                 0
e.x5.xcdec2.ec_moscap#branch                 0
e.x5.xcdec1.ec_moscap#branch                 0
e.x4.xcdec2.ec_moscap#branch                 0
e.x4.xcdec1.ec_moscap#branch                 0
e.x3.xcdec2.ec_moscap#branch                 0
e.x3.xcdec1.ec_moscap#branch                 0
e.x2.xcdec2.ec_moscap#branch                 0
e.x2.xcdec1.ec_moscap#branch                 0
e.x1.xcdec2.ec_moscap#branch                 0
e.x1.xcdec1.ec_moscap#branch                 0
vs7#branch                         7.98981e-05
vs6#branch                         7.35036e-05
vs5#branch                         6.71991e-05
vs4#branch                         6.10049e-05
vs3#branch                         5.49527e-05
vs2#branch                         4.91024e-05
vs1#branch                         4.36069e-05
vv7#branch                                   0
vv6#branch                                   0
vv5#branch                                   0
vv4#branch                                   0
vv3#branch                                   0
vv2#branch                                   0
vv1#branch                                   0
vb2#branch                                   0
vb1#branch                                   0
vb0#branch                                   0
vdd#branch                        -0.000429268

 Reference value :  0.00000e+00
 Reference value :  3.23686e-08
 Reference value :  4.91556e-08
 Reference value :  6.76130e-08
 Reference value :  7.97202e-08
 Reference value :  9.45870e-08
 Reference value :  1.05230e-07
 Reference value :  1.22580e-07
 Reference value :  1.38000e-07
 Reference value :  1.50911e-07
 Reference value :  1.65437e-07
 Reference value :  1.76626e-07
 Reference value :  1.88770e-07
 Reference value :  2.02280e-07
 Reference value :  2.16251e-07
 Reference value :  2.27520e-07
 Reference value :  2.44812e-07
 Reference value :  2.58980e-07
 Reference value :  2.73041e-07
 Reference value :  2.87416e-07
 Reference value :  2.98652e-07
 Reference value :  3.15686e-07
 Reference value :  3.29070e-07
 Reference value :  3.36244e-07
 Reference value :  3.58983e-07
 Reference value :  3.77647e-07
 Reference value :  3.89525e-07
 Reference value :  4.11229e-07
 Reference value :  4.23196e-07
 Reference value :  4.36886e-07
 Reference value :  4.46555e-07
 Reference value :  4.60089e-07
 Reference value :  4.74690e-07
 Reference value :  4.88419e-07
 Reference value :  5.07386e-07
 Reference value :  5.21701e-07
 Reference value :  5.39228e-07
 Reference value :  5.54847e-07
 Reference value :  5.68900e-07
 Reference value :  5.83960e-07
 Reference value :  5.96873e-07
 Reference value :  6.09757e-07
 Reference value :  6.22683e-07
 Reference value :  6.36071e-07
 Reference value :  6.53777e-07
 Reference value :  6.66605e-07
 Reference value :  6.76167e-07
 Reference value :  6.97880e-07
 Reference value :  7.05632e-07
 Reference value :  7.17627e-07
 Reference value :  7.35842e-07
 Reference value :  7.51649e-07
 Reference value :  7.64569e-07
 Reference value :  7.77975e-07
 Reference value :  7.95182e-07
 Reference value :  8.12691e-07
 Reference value :  8.28256e-07
 Reference value :  8.37359e-07
 Reference value :  8.52193e-07
 Reference value :  8.65505e-07
 Reference value :  8.74314e-07
 Reference value :  8.91473e-07
 Reference value :  9.00194e-07
 Reference value :  9.14485e-07
 Reference value :  9.24408e-07
 Reference value :  9.37493e-07
 Reference value :  9.53400e-07
 Reference value :  9.65888e-07
 Reference value :  9.78851e-07
 Reference value :  9.91097e-07
 Reference value :  1.00110e-06
 Reference value :  1.01232e-06
 Reference value :  1.03354e-06
 Reference value :  1.04053e-06
 Reference value :  1.05389e-06
 Reference value :  1.06987e-06
 Reference value :  1.08269e-06
 Reference value :  1.09502e-06
 Reference value :  1.11318e-06
 Reference value :  1.12947e-06
 Reference value :  1.14295e-06
 Reference value :  1.15505e-06
 Reference value :  1.16826e-06
 Reference value :  1.18174e-06
 Reference value :  1.20257e-06
 Reference value :  1.22323e-06
 Reference value :  1.24088e-06
 Reference value :  1.26033e-06
 Reference value :  1.27599e-06
 Reference value :  1.29073e-06
 Reference value :  1.30785e-06
 Reference value :  1.32936e-06
 Reference value :  1.34835e-06
 Reference value :  1.36902e-06
 Reference value :  1.38086e-06
 Reference value :  1.40200e-06
 Reference value :  1.41116e-06
 Reference value :  1.42103e-06
 Reference value :  1.43875e-06
 Reference value :  1.45519e-06
 Reference value :  1.46986e-06
 Reference value :  1.48623e-06
 Reference value :  1.50176e-06
 Reference value :  1.52088e-06
 Reference value :  1.53204e-06
 Reference value :  1.54607e-06
 Reference value :  1.56890e-06
 Reference value :  1.58478e-06
 Reference value :  1.59830e-06
 Reference value :  1.61026e-06
 Reference value :  1.63326e-06
 Reference value :  1.64474e-06
 Reference value :  1.66303e-06
 Reference value :  1.67140e-06
 Reference value :  1.68736e-06
 Reference value :  1.70177e-06
 Reference value :  1.71018e-06
 Reference value :  1.72651e-06
 Reference value :  1.74149e-06
 Reference value :  1.75009e-06
 Reference value :  1.76428e-06
 Reference value :  1.77871e-06
 Reference value :  1.79118e-06
 Reference value :  1.79934e-06
 Reference value :  1.81327e-06
 Reference value :  1.83211e-06
 Reference value :  1.84826e-06
 Reference value :  1.86009e-06
 Reference value :  1.87813e-06
 Reference value :  1.89754e-06
 Reference value :  1.90819e-06
 Reference value :  1.92229e-06
 Reference value :  1.93747e-06
 Reference value :  1.95408e-06
 Reference value :  1.97137e-06
 Reference value :  2.00038e-06
 Reference value :  2.01720e-06
 Reference value :  2.03919e-06
 Reference value :  2.05603e-06
 Reference value :  2.07217e-06
 Reference value :  2.08384e-06
 Reference value :  2.10124e-06
 Reference value :  2.11231e-06
 Reference value :  2.12441e-06
 Reference value :  2.14092e-06
 Reference value :  2.15921e-06
 Reference value :  2.17413e-06
 Reference value :  2.18646e-06
No. of Data Rows : 4833

  Measurements for Transient Analysis

tp1                 =  6.12294e-07 targ=  1.53143e-06 trig=  9.19138e-07
tp2                 =  5.12386e-07 targ=  1.40981e-06 trig=  8.97424e-07
tp3                 =  4.36493e-07 targ=  1.31036e-06 trig=  8.73863e-07
tp4                 =  3.78595e-07 targ=  1.23105e-06 trig=  8.52454e-07
tp5                 =  3.33334e-07 targ=  1.16694e-06 trig=  8.33602e-07
tp6                 =  2.97009e-07 targ=  1.11399e-06 trig=  8.16982e-07
tp7                 =  2.67222e-07 targ=  1.06952e-06 trig=  8.02297e-07
f1                  =  6.53281e+06
f2                  =  7.80661e+06
f3                  =  9.16394e+06
f4                  =  1.05654e+07
f5                  =  1.20000e+07
f6                  =  1.34676e+07
f7                  =  1.49688e+07
i1                  =  5.83540e-05 from=  7.95077e-07 to=  2.18646e-06
i2                  =  6.44991e-05 from=  7.95077e-07 to=  2.18646e-06
i3                  =  7.16944e-05 from=  7.95077e-07 to=  2.18646e-06
i4                  =  7.86316e-05 from=  7.95077e-07 to=  2.18646e-06
i5                  =  8.49505e-05 from=  7.95077e-07 to=  2.18646e-06
i6                  =  9.17728e-05 from=  7.95077e-07 to=  2.18646e-06
i7                  =  9.94308e-05 from=  7.95077e-07 to=  2.18646e-06
sw1hi               =  3.37356e+00 at=  9.19546e-07
sw1lo               =  -5.86552e-02 at=  9.89650e-07
sw7hi               =  3.40357e+00 at=  1.47077e-06
sw7lo               =  -1.08846e-01 at=  1.03400e-06

ngspice-46 done

Warning: m=xx on .subckt line will override multiplier m hierarchy!

