
Note: Compatibility modes selected: hs a


Circuit: * vco-tuning-range @ typical_27c_3.30v_band7 -- generated by sim/harness, do not edit

Doing analysis at TEMP = 27.000000 and TNOM = 27.000000

Using SPARSE 1.3 as Direct Linear Solver

Initial Transient Solution
--------------------------

Node                                   Voltage
----                                   -------
vdd                                        3.3
nb0                                        3.3
nb1                                        3.3
nb2                                        3.3
vc1                                        0.9
vc2                                        1.2
vc3                                        1.5
vc4                                        1.8
vc5                                        2.1
vc6                                        2.4
vc7                                        2.7
nv1                                        3.3
nv2                                        3.3
nv3                                        3.3
nv4                                        3.3
nv5                                        3.3
nv6                                        3.3
nv7                                        3.3
x1.xbias.na                           0.940667
x1.xbias.vbpc                          2.33139
x1.xbias.nc                           0.120618
x1.xbias.xrcg.11                      0.120389
x1.xbias.xrcg.21                   0.000228576
x1.xbias.nsu                         0.0130128
x1.xbias.vfix                          1.75603
x1.xbias.nmd                          0.755526
x1.xbias.vbp0                          2.45559
x1.xbias.noff                         0.765555
x1.xbias.xroff.11                     0.765302
x1.xbias.xroff.21                  0.000253749
x1.xbias.nvi                          0.178394
x1.xbias.xrdeg.11                     0.178335
x1.xbias.xrdeg.21                  5.91299e-05
x1.xbias.b0b                        5.4347e-09
x1.xbias.b1b                        5.4347e-09
x1.xbias.b2b                        5.4347e-09
x1.xbias.vbn1                         0.738845
x1.xbias.ga                            2.45559
x1.xbias.vbp2                          2.36181
x1.xbias.gb                           0.738845
x1.vbn                                0.969017
x1.xbias.gc                            2.36181
x1.vbp                                 2.16347
x1.xs1.nh                              1.46122
x1.y1                                        0
x1.y5                                        0
x1.xs1.nt                          2.67398e-51
x1.xs2.nh                                  3.3
x1.y2                                      3.3
x1.xs2.nt                          4.44576e-09
x1.xs3.nh                                  3.3
x1.y3                                        0
x1.xs3.nt                          1.24063e-73
x1.xs4.nh                                  3.3
x1.y4                                      3.3
x1.xs4.nt                          4.44576e-09
x1.xs5.nh                                  3.3
x1.xs5.nt                          1.24063e-73
x1.nb1                                     3.3
x1.nb2                             3.75871e-09
clk1                                       3.3
x1.xcdec1.c_moscap_int1                   -3.3
x1.xcdec2.c_moscap_int1                   -3.3
x2.xbias.na                           0.940667
x2.xbias.vbpc                          2.33139
x2.xbias.nc                           0.120618
x2.xbias.xrcg.11                      0.120389
x2.xbias.xrcg.21                   0.000228576
x2.xbias.nsu                         0.0130128
x2.xbias.vfix                          1.75603
x2.xbias.nmd                          0.755526
x2.xbias.vbp0                          2.44301
x2.xbias.noff                         0.765535
x2.xbias.xroff.11                     0.765281
x2.xbias.xroff.21                  0.000253742
x2.xbias.nvi                          0.373121
x2.xbias.xrdeg.11                     0.372998
x2.xbias.xrdeg.21                  0.000123674
x2.xbias.b0b                        5.4347e-09
x2.xbias.b1b                        5.4347e-09
x2.xbias.b2b                        5.4347e-09
x2.xbias.vbn1                         0.751463
x2.xbias.ga                            2.44301
x2.xbias.vbp2                           2.3435
x2.xbias.gb                           0.751463
x2.vbn                                 0.99916
x2.xbias.gc                             2.3435
x2.vbp                                 2.12784
x2.xs1.nh                              1.49307
x2.y1                                        0
x2.y5                                        0
x2.xs1.nt                          2.40936e-51
x2.xs2.nh                                  3.3
x2.y2                                      3.3
x2.xs2.nt                          4.01228e-09
x2.xs3.nh                                  3.3
x2.y3                                        0
x2.xs3.nt                          1.14214e-73
x2.xs4.nh                                  3.3
x2.y4                                      3.3
x2.xs4.nt                          4.01228e-09
x2.xs5.nh                                  3.3
x2.xs5.nt                          1.14214e-73
x2.nb1                                     3.3
x2.nb2                             3.75871e-09
clk2                                       3.3
x2.xcdec1.c_moscap_int1                   -3.3
x2.xcdec2.c_moscap_int1                   -3.3
x3.xbias.na                           0.940667
x3.xbias.vbpc                          2.33139
x3.xbias.nc                           0.120618
x3.xbias.xrcg.11                      0.120389
x3.xbias.xrcg.21                   0.000228576
x3.xbias.nsu                         0.0130128
x3.xbias.vfix                          1.75603
x3.xbias.nmd                          0.755526
x3.xbias.vbp0                          2.43115
x3.xbias.noff                         0.765515
x3.xbias.xroff.11                     0.765262
x3.xbias.xroff.21                  0.000253736
x3.xbias.nvi                          0.581367
x3.xbias.xrdeg.11                     0.581174
x3.xbias.xrdeg.21                  0.000192698
x3.xbias.b0b                        5.4347e-09
x3.xbias.b1b                        5.4347e-09
x3.xbias.b2b                        5.4347e-09
x3.xbias.vbn1                         0.763381
x3.xbias.ga                            2.43115
x3.xbias.vbp2                          2.32584
x3.xbias.gb                           0.763381
x3.vbn                                  1.0289
x3.xbias.gc                            2.32584
x3.vbp                                 2.09281
x3.xs1.nh                              1.52444
x3.y1                                        0
x3.y5                                        0
x3.xs1.nt                         -7.73828e-43
x3.xs2.nh                                  3.3
x3.y2                                      3.3
x3.xs2.nt                          3.66316e-09
x3.xs3.nh                                  3.3
x3.y3                                        0
x3.xs3.nt                           4.0225e-60
x3.xs4.nh                                  3.3
x3.y4                                      3.3
x3.xs4.nt                          3.66316e-09
x3.xs5.nh                                  3.3
x3.xs5.nt                           4.0225e-60
x3.nb1                                     3.3
x3.nb2                             3.75871e-09
clk3                                       3.3
x3.xcdec1.c_moscap_int1                   -3.3
x3.xcdec2.c_moscap_int1                   -3.3
x4.xbias.na                           0.940667
x4.xbias.vbpc                          2.33139
x4.xbias.nc                           0.120618
x4.xbias.xrcg.11                      0.120389
x4.xbias.xrcg.21                   0.000228576
x4.xbias.nsu                         0.0130128
x4.xbias.vfix                          1.75603
x4.xbias.nmd                          0.755526
x4.xbias.vbp0                          2.42012
x4.xbias.noff                         0.765497
x4.xbias.xroff.11                     0.765243
x4.xbias.xroff.21                   0.00025373
x4.xbias.nvi                          0.797592
x4.xbias.xrdeg.11                     0.797328
x4.xbias.xrdeg.21                  0.000264368
x4.xbias.b0b                        5.4347e-09
x4.xbias.b1b                        5.4347e-09
x4.xbias.b2b                        5.4347e-09
x4.xbias.vbn1                         0.774493
x4.xbias.ga                            2.42012
x4.xbias.vbp2                          2.30906
x4.xbias.gb                           0.774493
x4.vbn                                 1.05771
x4.xbias.gc                            2.30906
x4.vbp                                 2.05902
x4.xs1.nh                              1.55475
x4.y1                                        0
x4.y5                                        0
x4.xs1.nt                          2.22102e-59
x4.xs2.nh                                  3.3
x4.y2                                      3.3
x4.xs2.nt                           3.3813e-09
x4.xs3.nh                                  3.3
x4.y3                                        0
x4.xs3.nt                         -3.59195e-87
x4.xs4.nh                                  3.3
x4.y4                                      3.3
x4.xs4.nt                           3.3813e-09
x4.xs5.nh                                  3.3
x4.xs5.nt                         -3.59195e-87
x4.nb1                                     3.3
x4.nb2                             3.75871e-09
clk4                                       3.3
x4.xcdec1.c_moscap_int1                   -3.3
x4.xcdec2.c_moscap_int1                   -3.3
x5.xbias.na                           0.940667
x5.xbias.vbpc                          2.33139
x5.xbias.nc                           0.120618
x5.xbias.xrcg.11                      0.120389
x5.xbias.xrcg.21                   0.000228576
x5.xbias.nsu                         0.0130128
x5.xbias.vfix                          1.75603
x5.xbias.nmd                          0.755526
x5.xbias.vbp0                          2.40982
x5.xbias.noff                          0.76548
x5.xbias.xroff.11                     0.765226
x5.xbias.xroff.21                  0.000253724
x5.xbias.nvi                            1.0196
x5.xbias.xrdeg.11                      1.01926
x5.xbias.xrdeg.21                  0.000337954
x5.xbias.b0b                        5.4347e-09
x5.xbias.b1b                        5.4347e-09
x5.xbias.b2b                        5.4347e-09
x5.xbias.vbn1                         0.784886
x5.xbias.ga                            2.40982
x5.xbias.vbp2                           2.2931
x5.xbias.gb                           0.784886
x5.vbn                                  1.0856
x5.xbias.gc                             2.2931
x5.vbp                                 2.02652
x5.xs1.nh                              1.58395
x5.y1                                        0
x5.y5                                        0
x5.xs1.nt                         -1.43377e-59
x5.xs2.nh                                  3.3
x5.y2                                      3.3
x5.xs2.nt                          3.14978e-09
x5.xs3.nh                                  3.3
x5.y3                                        0
x5.xs3.nt                        -1.11309e-101
x5.xs4.nh                                  3.3
x5.y4                                      3.3
x5.xs4.nt                          3.14978e-09
x5.xs5.nh                                  3.3
x5.xs5.nt                        -1.11309e-101
x5.nb1                                     3.3
x5.nb2                             3.75871e-09
clk5                                       3.3
x5.xcdec1.c_moscap_int1                   -3.3
x5.xcdec2.c_moscap_int1                   -3.3
x6.xbias.na                           0.940667
x6.xbias.vbpc                          2.33139
x6.xbias.nc                           0.120618
x6.xbias.xrcg.11                      0.120389
x6.xbias.xrcg.21                   0.000228576
x6.xbias.nsu                         0.0130128
x6.xbias.vfix                          1.75603
x6.xbias.nmd                          0.755526
x6.xbias.vbp0                          2.40014
x6.xbias.noff                         0.765464
x6.xbias.xroff.11                      0.76521
x6.xbias.xroff.21                  0.000253719
x6.xbias.nvi                           1.24619
x6.xbias.xrdeg.11                      1.24578
x6.xbias.xrdeg.21                  0.000413058
x6.xbias.b0b                        5.4347e-09
x6.xbias.b1b                        5.4347e-09
x6.xbias.b2b                        5.4347e-09
x6.xbias.vbn1                         0.794659
x6.xbias.ga                            2.40014
x6.xbias.vbp2                          2.27788
x6.xbias.gb                           0.794659
x6.vbn                                 1.11264
x6.xbias.gc                            2.27788
x6.vbp                                 1.99521
x6.xs1.nh                              1.61212
x6.y1                                        0
x6.y5                                        0
x6.xs1.nt                          1.22866e-17
x6.xs2.nh                                  3.3
x6.y2                                      3.3
x6.xs2.nt                          2.95623e-09
x6.xs3.nh                                  3.3
x6.y3                                        0
x6.xs3.nt                         -2.31206e-32
x6.xs4.nh                                  3.3
x6.y4                                      3.3
x6.xs4.nt                          2.95623e-09
x6.xs5.nh                                  3.3
x6.xs5.nt                         -2.31206e-32
x6.nb1                                     3.3
x6.nb2                             3.75871e-09
clk6                                       3.3
x6.xcdec1.c_moscap_int1                   -3.3
x6.xcdec2.c_moscap_int1                   -3.3
x7.xbias.na                           0.940667
x7.xbias.vbpc                          2.33139
x7.xbias.nc                           0.120618
x7.xbias.xrcg.11                      0.120389
x7.xbias.xrcg.21                   0.000228576
x7.xbias.nsu                         0.0130128
x7.xbias.vfix                          1.75603
x7.xbias.nmd                          0.755526
x7.xbias.vbp0                          2.39099
x7.xbias.noff                         0.765449
x7.xbias.xroff.11                     0.765195
x7.xbias.xroff.21                  0.000253714
x7.xbias.nvi                           1.47658
x7.xbias.xrdeg.11                      1.47609
x7.xbias.xrdeg.21                  0.000489423
x7.xbias.b0b                        5.4347e-09
x7.xbias.b1b                        5.4347e-09
x7.xbias.b2b                        5.4347e-09
x7.xbias.vbn1                         0.803901
x7.xbias.ga                            2.39099
x7.xbias.vbp2                           2.2633
x7.xbias.gb                           0.803901
x7.vbn                                 1.13891
x7.xbias.gc                             2.2633
x7.vbp                                 1.96498
x7.xs1.nh                              1.63934
x7.y1                                        0
x7.y5                                        0
x7.xs1.nt                          3.36722e-44
x7.xs2.nh                                  3.3
x7.y2                                      3.3
x7.xs2.nt                          2.79184e-09
x7.xs3.nh                                  3.3
x7.y3                                        0
x7.xs3.nt                         -5.05917e-46
x7.xs4.nh                                  3.3
x7.y4                                      3.3
x7.xs4.nt                          2.79184e-09
x7.xs5.nh                                  3.3
x7.xs5.nt                         -5.05917e-46
x7.nb1                                     3.3
x7.nb2                             3.75871e-09
clk7                                       3.3
x7.xcdec1.c_moscap_int1                   -3.3
x7.xcdec2.c_moscap_int1                   -3.3
e.x7.xcdec2.ec_moscap#branch                 0
e.x7.xcdec1.ec_moscap#branch                 0
e.x6.xcdec2.ec_moscap#branch                 0
e.x6.xcdec1.ec_moscap#branch                 0
e.x5.xcdec2.ec_moscap#branch                 0
e.x5.xcdec1.ec_moscap#branch                 0
e.x4.xcdec2.ec_moscap#branch                 0
e.x4.xcdec1.ec_moscap#branch                 0
e.x3.xcdec2.ec_moscap#branch                 0
e.x3.xcdec1.ec_moscap#branch                 0
e.x2.xcdec2.ec_moscap#branch                 0
e.x2.xcdec1.ec_moscap#branch                 0
e.x1.xcdec2.ec_moscap#branch                 0
e.x1.xcdec1.ec_moscap#branch                 0
vs7#branch                         0.000401651
vs6#branch                         0.000364009
vs5#branch                         0.000326792
vs4#branch                         0.000290115
vs3#branch                         0.000254164
vs2#branch                         0.000219289
vs1#branch                         0.000186402
vv7#branch                                   0
vv6#branch                                   0
vv5#branch                                   0
vv4#branch                                   0
vv3#branch                                   0
vv2#branch                                   0
vv1#branch                                   0
vb2#branch                                   0
vb1#branch                                   0
vb0#branch                                   0
vdd#branch                         -0.00204242

 Reference value :  0.00000e+00
 Reference value :  1.25097e-09
 Reference value :  2.18088e-09
 Reference value :  3.05979e-09
 Reference value :  3.96559e-09
 Reference value :  4.93679e-09
 Reference value :  5.77669e-09
 Reference value :  6.63405e-09
 Reference value :  7.51622e-09
 Reference value :  8.39986e-09
 Reference value :  9.25576e-09
 Reference value :  1.01576e-08
 Reference value :  1.10648e-08
 Reference value :  1.19514e-08
 Reference value :  1.28358e-08
 Reference value :  1.36678e-08
 Reference value :  1.46136e-08
 Reference value :  1.55410e-08
 Reference value :  1.67545e-08
 Reference value :  1.76370e-08
 Reference value :  1.85374e-08
 Reference value :  1.94429e-08
 Reference value :  2.03655e-08
 Reference value :  2.12721e-08
 Reference value :  2.21347e-08
 Reference value :  2.30600e-08
 Reference value :  2.39367e-08
 Reference value :  2.48925e-08
 Reference value :  2.57735e-08
 Reference value :  2.66530e-08
 Reference value :  2.78150e-08
 Reference value :  2.88597e-08
 Reference value :  2.97162e-08
 Reference value :  3.06151e-08
 Reference value :  3.15239e-08
 Reference value :  3.27199e-08
 Reference value :  3.36667e-08
 Reference value :  3.46409e-08
 Reference value :  3.55610e-08
 Reference value :  3.65167e-08
 Reference value :  3.74249e-08
 Reference value :  3.83352e-08
 Reference value :  3.92878e-08
 Reference value :  4.02415e-08
 Reference value :  4.12969e-08
 Reference value :  4.26049e-08
 Reference value :  4.38406e-08
 Reference value :  4.52559e-08
 Reference value :  4.69998e-08
 Reference value :  4.88864e-08
 Reference value :  5.07068e-08
 Reference value :  5.19917e-08
 Reference value :  5.32527e-08
 Reference value :  5.43324e-08
 Reference value :  5.53963e-08
 Reference value :  5.65275e-08
 Reference value :  5.75911e-08
 Reference value :  5.86944e-08
 Reference value :  5.96810e-08
 Reference value :  6.07008e-08
 Reference value :  6.17417e-08
 Reference value :  6.28066e-08
 Reference value :  6.38484e-08
 Reference value :  6.48665e-08
 Reference value :  6.58582e-08
 Reference value :  6.68996e-08
 Reference value :  6.79137e-08
 Reference value :  6.89790e-08
 Reference value :  7.01019e-08
 Reference value :  7.11374e-08
 Reference value :  7.22008e-08
 Reference value :  7.32836e-08
 Reference value :  7.43251e-08
 Reference value :  7.51740e-08
 Reference value :  7.62144e-08
 Reference value :  7.72072e-08
 Reference value :  7.82295e-08
 Reference value :  7.92485e-08
 Reference value :  8.02696e-08
 Reference value :  8.12694e-08
 Reference value :  8.24467e-08
 Reference value :  8.35729e-08
 Reference value :  8.47239e-08
 Reference value :  8.57854e-08
 Reference value :  8.69129e-08
 Reference value :  8.79324e-08
 Reference value :  8.89969e-08
 Reference value :  8.99645e-08
 Reference value :  9.09776e-08
 Reference value :  9.19763e-08
 Reference value :  9.29708e-08
No. of Data Rows : 4223

  Measurements for Transient Analysis

tp1                 =  2.65984e-08 targ=  6.68521e-08 trig=  4.02537e-08
tp2                 =  2.16418e-08 targ=  5.98611e-08 trig=  3.82193e-08
tp3                 =  1.79807e-08 targ=  5.42843e-08 trig=  3.63036e-08
tp4                 =  1.52703e-08 targ=  4.99633e-08 trig=  3.46930e-08
tp5                 =  1.32249e-08 targ=  4.99110e-08 trig=  3.66861e-08
tp6                 =  1.16403e-08 targ=  4.68784e-08 trig=  3.52380e-08
tp7                 =  1.03947e-08 targ=  4.44827e-08 trig=  3.40880e-08
f1                  =  1.50385e+08
f2                  =  1.84828e+08
f3                  =  2.22460e+08
f4                  =  2.61947e+08
f5                  =  3.02460e+08
f6                  =  3.43633e+08
f7                  =  3.84812e+08
i1                  =  2.60783e-04 from=  3.38712e-08 to=  9.31457e-08
i2                  =  3.08965e-04 from=  3.38712e-08 to=  9.31457e-08
i3                  =  3.58258e-04 from=  3.38712e-08 to=  9.31457e-08
i4                  =  4.07191e-04 from=  3.38712e-08 to=  9.31457e-08
i5                  =  4.58091e-04 from=  3.38712e-08 to=  9.31457e-08
i6                  =  5.06913e-04 from=  3.38712e-08 to=  9.31457e-08
i7                  =  5.59717e-04 from=  3.38712e-08 to=  9.31457e-08
sw1hi               =  3.33876e+00 at=  7.65920e-08
sw1lo               =  -3.57213e-02 at=  6.67662e-08
sw7hi               =  3.35517e+00 at=  7.16466e-08
sw7lo               =  -4.68311e-02 at=  4.18081e-08

ngspice-46 done

Warning: m=xx on .subckt line will override multiplier m hierarchy!

