
Note: Compatibility modes selected: hs a


Circuit: * vco-stage-count @ all-slow_-40c_3.63v_band6_vc2.7 -- generated by sim/harness, do not edit

Doing analysis at TEMP = -40.000000 and TNOM = 27.000000

Using SPARSE 1.3 as Direct Linear Solver

Initial Transient Solution
--------------------------

Node                                   Voltage
----                                   -------
vctl                                       2.7
q0                                           0
q1                                           0
q2                                        3.63
q3                                        3.63
nsup3                                     3.63
nsup5                                     3.63
nsup7                                     3.63
n3                                        3.63
n5                                        3.63
n7                                        3.63
c1                                           0
xb3.na                                 1.02182
xb3.vbpc                               2.54076
xb3.nc                                0.087858
xb3.xrcg.11                          0.0877049
xb3.xrcg.21                        0.000153039
xb3.nsu                              0.0211188
xb3.vfix                               2.08028
xb3.nmd                               0.892506
xb3.vbp0                               2.56175
xb3.noff                              0.886346
xb3.xroff.11                          0.886076
xb3.xroff.21                       0.000269975
xb3.nvi                                1.35565
xb3.xrdeg.11                           1.35524
xb3.xrdeg.21                       0.000412923
xb3.b0b                                   3.63
xb3.b1b                            5.19785e-09
xb3.b2b                            5.19785e-09
xb3.vbn1                              0.909133
xb3.ga                                    3.63
xb3.vbp2                               2.51024
xb3.gb                                0.909133
m3                                     1.11931
xb3.gc                                 2.51024
p3                                     2.32419
xa1.nh                                 1.67871
c3                                           0
xa1.nt                            -7.08654e-18
xa2.nh                                    3.63
c2                                        3.63
xa2.nt                               1.876e-13
xa3.nh                                    3.63
xa3.nt                             2.02074e-18
e1                                           0
xb5.na                                 1.02182
xb5.vbpc                               2.54076
xb5.nc                                0.087858
xb5.xrcg.11                          0.0877049
xb5.xrcg.21                        0.000153039
xb5.nsu                              0.0211188
xb5.vfix                               2.08028
xb5.nmd                               0.892506
xb5.vbp0                               2.56175
xb5.noff                              0.886346
xb5.xroff.11                          0.886076
xb5.xroff.21                       0.000269975
xb5.nvi                                1.35565
xb5.xrdeg.11                           1.35524
xb5.xrdeg.21                       0.000412923
xb5.b0b                                   3.63
xb5.b1b                            5.19785e-09
xb5.b2b                            5.19785e-09
xb5.vbn1                              0.909133
xb5.ga                                    3.63
xb5.vbp2                               2.51024
xb5.gb                                0.909133
m5                                     1.11931
xb5.gc                                 2.51024
p5                                     2.32419
xe1.nh                                 1.67871
e5                                           0
xe1.nt                             1.17014e-17
xe2.nh                                    3.63
e2                                        3.63
xe2.nt                             1.87619e-13
xe3.nh                                    3.63
e3                                           0
xe3.nt                             2.02074e-18
xe4.nh                                    3.63
e4                                        3.63
xe4.nt                             1.87619e-13
xe5.nh                                    3.63
xe5.nt                             2.02074e-18
g1                                           0
xb7.na                                 1.02182
xb7.vbpc                               2.54076
xb7.nc                                0.087858
xb7.xrcg.11                          0.0877049
xb7.xrcg.21                        0.000153039
xb7.nsu                              0.0211188
xb7.vfix                               2.08028
xb7.nmd                               0.892506
xb7.vbp0                               2.56175
xb7.noff                              0.886346
xb7.xroff.11                          0.886076
xb7.xroff.21                       0.000269975
xb7.nvi                                1.35565
xb7.xrdeg.11                           1.35524
xb7.xrdeg.21                       0.000412923
xb7.b0b                                   3.63
xb7.b1b                            5.19785e-09
xb7.b2b                            5.19785e-09
xb7.vbn1                              0.909133
xb7.ga                                    3.63
xb7.vbp2                               2.51024
xb7.gb                                0.909133
m7                                     1.11931
xb7.gc                                 2.51024
p7                                     2.32419
xg1.nh                                 1.67871
g7                                           0
xg1.nt                            -2.43731e-19
xg2.nh                                    3.63
g2                                        3.63
xg2.nt                             1.87607e-13
xg3.nh                                    3.63
g3                                           0
xg3.nt                             2.02074e-18
xg4.nh                                    3.63
g4                                        3.63
xg4.nt                             1.87607e-13
xg5.nh                                    3.63
g5                                           0
xg5.nt                             2.02074e-18
xg6.nh                                    3.63
g6                                        3.63
xg6.nt                             1.87607e-13
xg7.nh                                    3.63
xg7.nt                             2.02074e-18
vam7#branch                        0.000187505
vam5#branch                        0.000187505
vam3#branch                        0.000187505
vs7#branch                        -0.000187505
vs5#branch                        -0.000187505
vs3#branch                        -0.000187505
vq3#branch                                   0
vq2#branch                                   0
vq1#branch                                   0
vq#branch                                    0
vc#branch                                    0

 Reference value :  0.00000e+00
 Reference value :  2.74353e-09
 Reference value :  5.75228e-09
 Reference value :  8.62174e-09
 Reference value :  1.17141e-08
 Reference value :  1.47228e-08
 Reference value :  1.77316e-08
 Reference value :  2.06846e-08
 Reference value :  2.36376e-08
 Reference value :  2.65349e-08
 Reference value :  2.94044e-08
 Reference value :  3.22460e-08
 Reference value :  3.51433e-08
 Reference value :  3.80406e-08
 Reference value :  4.09379e-08
 Reference value :  4.38353e-08
 Reference value :  4.67047e-08
 Reference value :  4.95742e-08
 Reference value :  5.24158e-08
 Reference value :  5.52852e-08
 Reference value :  5.83218e-08
 Reference value :  6.12192e-08
 Reference value :  6.42000e-08
 Reference value :  6.72367e-08
 Reference value :  7.00783e-08
 Reference value :  7.30313e-08
 Reference value :  7.59286e-08
 Reference value :  7.88259e-08
 Reference value :  8.17511e-08
 Reference value :  8.48991e-08
 Reference value :  8.82422e-08
 Reference value :  9.12509e-08
 Reference value :  9.41483e-08
 Reference value :  9.72684e-08
 Reference value :  1.00166e-07
 Reference value :  1.03063e-07
 Reference value :  1.05988e-07
 Reference value :  1.08941e-07
 Reference value :  1.11783e-07
 Reference value :  1.14736e-07
 Reference value :  1.17661e-07
 Reference value :  1.20642e-07
 Reference value :  1.23567e-07
 Reference value :  1.26492e-07
 Reference value :  1.29473e-07
No. of Data Rows : 4716

  Measurements for Transient Analysis

t3a                 =   4.85769e-08
t3b                 =   6.22899e-08
t5a                 =   5.40869e-08
t5b                 =   8.09321e-08
t7a                 =   5.69292e-08
t7b                 =   9.46202e-08
f3                  =  2.91694e+08
f5                  =  1.49002e+08
f7                  =  1.06126e+08
i3                  =  2.21514e-04 from=  4.75508e-08 to=  1.30765e-07
i5                  =  2.18063e-04 from=  4.75508e-08 to=  1.30765e-07
i7                  =  2.17897e-04 from=  4.75508e-08 to=  1.30765e-07
s3hi                =  3.38847e+00 at=  8.38684e-08
s3lo                =  3.55196e-02 at=  8.21411e-08
s5hi                =  3.68552e+00 at=  9.67670e-08
s5lo                =  -3.62209e-02 at=  1.27077e-07
s7hi                =  3.68594e+00 at=  5.12736e-08
s7lo                =  -3.85133e-02 at=  5.60931e-08

ngspice-46 done

Warning: m=xx on .subckt line will override multiplier m hierarchy!

