
Note: Compatibility modes selected: hs a


Circuit: * vco-stage-count @ all-fast_125c_2.97v_band1_vc0.9 -- generated by sim/harness, do not edit

Doing analysis at TEMP = 125.000000 and TNOM = 27.000000

Using SPARSE 1.3 as Direct Linear Solver

Initial Transient Solution
--------------------------

Node                                   Voltage
----                                   -------
vctl                                       0.9
q0                                           0
q1                                        2.97
q2                                           0
q3                                           0
nsup3                                     2.97
nsup5                                     2.97
nsup7                                     2.97
n3                                        2.97
n5                                        2.97
n7                                        2.97
c1                                           0
xb3.na                                  1.0052
xb3.vbpc                               2.04232
xb3.nc                                0.223797
xb3.xrcg.11                           0.223326
xb3.xrcg.21                        0.000470664
xb3.nsu                             0.00673726
xb3.vfix                               1.52011
xb3.nmd                               0.656084
xb3.vbp0                                2.3132
xb3.noff                              0.716915
xb3.xroff.11                          0.716652
xb3.xroff.21                       0.000263806
xb3.nvi                               0.293329
xb3.xrdeg.11                          0.293221
xb3.xrdeg.21                       0.000107937
xb3.b0b                            4.14167e-07
xb3.b1b                                   2.97
xb3.b2b                                   2.97
xb3.vbn1                              0.584821
xb3.ga                                  2.3132
xb3.vbp2                               2.29582
xb3.gb                             1.25371e-07
m3                                    0.524439
xb3.gc                                    2.97
p3                                     2.33973
xa1.nh                                0.952529
c3                                           0
xa1.nt                            -8.73657e-16
xa2.nh                                    2.97
c2                                        2.97
xa2.nt                             5.69724e-05
xa3.nh                                 2.96999
xa3.nt                            -5.69769e-27
e1                                           0
xb5.na                                  1.0052
xb5.vbpc                               2.04232
xb5.nc                                0.223797
xb5.xrcg.11                           0.223326
xb5.xrcg.21                        0.000470664
xb5.nsu                             0.00673726
xb5.vfix                               1.52011
xb5.nmd                               0.656084
xb5.vbp0                                2.3132
xb5.noff                              0.716915
xb5.xroff.11                          0.716652
xb5.xroff.21                       0.000263806
xb5.nvi                               0.293329
xb5.xrdeg.11                          0.293221
xb5.xrdeg.21                       0.000107937
xb5.b0b                            4.14167e-07
xb5.b1b                                   2.97
xb5.b2b                                   2.97
xb5.vbn1                              0.584821
xb5.ga                                  2.3132
xb5.vbp2                               2.29582
xb5.gb                             1.25371e-07
m5                                    0.524439
xb5.gc                                    2.97
p5                                     2.33973
xe1.nh                                0.952529
e5                                           0
xe1.nt                            -8.75566e-16
xe2.nh                                    2.97
e2                                        2.97
xe2.nt                             5.69724e-05
xe3.nh                                 2.96999
e3                                           0
xe3.nt                            -1.38657e-27
xe4.nh                                    2.97
e4                                        2.97
xe4.nt                             5.69724e-05
xe5.nh                                 2.96999
xe5.nt                            -1.38657e-27
g1                                           0
xb7.na                                  1.0052
xb7.vbpc                               2.04232
xb7.nc                                0.223797
xb7.xrcg.11                           0.223326
xb7.xrcg.21                        0.000470664
xb7.nsu                             0.00673726
xb7.vfix                               1.52011
xb7.nmd                               0.656084
xb7.vbp0                                2.3132
xb7.noff                              0.716915
xb7.xroff.11                          0.716652
xb7.xroff.21                       0.000263806
xb7.nvi                               0.293329
xb7.xrdeg.11                          0.293221
xb7.xrdeg.21                       0.000107937
xb7.b0b                            4.14167e-07
xb7.b1b                                   2.97
xb7.b2b                                   2.97
xb7.vbn1                              0.584821
xb7.ga                                  2.3132
xb7.vbp2                               2.29582
xb7.gb                             1.25371e-07
m7                                    0.524439
xb7.gc                                    2.97
p7                                     2.33973
xg1.nh                                0.952529
g7                                           0
xg1.nt                            -8.77085e-16
xg2.nh                                    2.97
g2                                        2.97
xg2.nt                             5.69724e-05
xg3.nh                                 2.96999
g3                                           0
xg3.nt                            -5.69771e-27
xg4.nh                                    2.97
g4                                        2.97
xg4.nt                             5.69724e-05
xg5.nh                                 2.96999
g5                                           0
xg5.nt                            -5.69771e-27
xg6.nh                                    2.97
g6                                        2.97
xg6.nt                             5.69724e-05
xg7.nh                                 2.96999
xg7.nt                            -5.69771e-27
vam7#branch                         8.8098e-05
vam5#branch                        8.80976e-05
vam3#branch                        8.80971e-05
vs7#branch                         -8.8098e-05
vs5#branch                        -8.80976e-05
vs3#branch                        -8.80971e-05
vq3#branch                                   0
vq2#branch                                   0
vq1#branch                                   0
vq#branch                                    0
vc#branch                                    0

 Reference value :  0.00000e+00
 Reference value :  4.74326e-08
 Reference value :  1.06460e-07
 Reference value :  1.65486e-07
 Reference value :  2.21532e-07
 Reference value :  2.79367e-07
 Reference value :  3.36605e-07
 Reference value :  3.96228e-07
 Reference value :  4.53467e-07
 Reference value :  5.10109e-07
 Reference value :  5.66751e-07
 Reference value :  6.25181e-07
 Reference value :  6.81823e-07
 Reference value :  7.39658e-07
 Reference value :  7.95704e-07
 Reference value :  8.54731e-07
 Reference value :  9.10776e-07
 Reference value :  9.69207e-07
 Reference value :  1.02764e-06
 Reference value :  1.08547e-06
 Reference value :  1.14450e-06
 Reference value :  1.20055e-06
 Reference value :  1.25659e-06
 Reference value :  1.31264e-06
 Reference value :  1.37464e-06
 Reference value :  1.43427e-06
 Reference value :  1.49031e-06
 Reference value :  1.54636e-06
 Reference value :  1.60360e-06
 Reference value :  1.65905e-06
 Reference value :  1.71986e-06
 Reference value :  1.78008e-06
 Reference value :  1.83553e-06
 Reference value :  1.89456e-06
 Reference value :  1.95359e-06
 Reference value :  2.02633e-06
 Reference value :  2.08297e-06
 Reference value :  2.14140e-06
 Reference value :  2.19923e-06
 Reference value :  2.25707e-06
 Reference value :  2.31490e-06
 Reference value :  2.37214e-06
 Reference value :  2.43057e-06
 Reference value :  2.49020e-06
 Reference value :  2.54624e-06
 Reference value :  2.60467e-06
 Reference value :  2.66251e-06
 Reference value :  2.71736e-06
 Reference value :  2.77639e-06
No. of Data Rows : 4723

  Measurements for Transient Analysis

t3a                 =   1.01819e-06
t3b                 =   1.23188e-06
t5a                 =   1.02021e-06
t5b                 =   1.38985e-06
t7a                 =   1.03870e-06
t7b                 =   1.55619e-06
f3                  =  1.87188e+07
f5                  =  1.08213e+07
f7                  =  7.72964e+06
i3                  =  9.15821e-05 from=  1.01722e-06 to=  2.79736e-06
i5                  =  9.14021e-05 from=  1.01722e-06 to=  2.79736e-06
i7                  =  9.13927e-05 from=  1.01722e-06 to=  2.79736e-06
s3hi                =  2.86887e+00 at=  1.67216e-06
s3lo                =  8.27528e-03 at=  1.43606e-06
s5hi                =  2.98342e+00 at=  2.24991e-06
s5lo                =  -9.33617e-03 at=  1.10217e-06
s7hi                =  2.98360e+00 at=  2.37930e-06
s7lo                =  -9.10914e-03 at=  1.02823e-06

ngspice-46 done

Warning: m=xx on .subckt line will override multiplier m hierarchy!

