
Note: Compatibility modes selected: hs a


Circuit: * vco-stage-count @ typical_27c_3.30v_band7_vc0.9 -- generated by sim/harness, do not edit

Doing analysis at TEMP = 27.000000 and TNOM = 27.000000

Using SPARSE 1.3 as Direct Linear Solver

Initial Transient Solution
--------------------------

Node                                   Voltage
----                                   -------
vctl                                       0.9
q0                                           0
q1                                         3.3
q2                                         3.3
q3                                         3.3
nsup3                                      3.3
nsup5                                      3.3
nsup7                                      3.3
n3                                         3.3
n5                                         3.3
n7                                         3.3
c1                                           0
xb3.na                                0.940667
xb3.vbpc                               2.33139
xb3.nc                                0.120618
xb3.xrcg.11                           0.120389
xb3.xrcg.21                        0.000228576
xb3.nsu                              0.0130128
xb3.vfix                               1.75603
xb3.nmd                               0.755526
xb3.vbp0                               2.45559
xb3.noff                              0.765555
xb3.xroff.11                          0.765302
xb3.xroff.21                       0.000253749
xb3.nvi                               0.178394
xb3.xrdeg.11                          0.178335
xb3.xrdeg.21                       5.91299e-05
xb3.b0b                             5.4347e-09
xb3.b1b                             5.4347e-09
xb3.b2b                             5.4347e-09
xb3.vbn1                              0.738845
xb3.ga                                 2.45559
xb3.vbp2                               2.36181
xb3.gb                                0.738845
m3                                    0.969017
xb3.gc                                 2.36181
p3                                     2.16347
xa1.nh                                 1.46122
c3                                           0
xa1.nt                             3.83641e-17
xa2.nh                                     3.3
c2                                         3.3
xa2.nt                             4.44576e-09
xa3.nh                                     3.3
xa3.nt                             8.38957e-19
e1                                           0
xb5.na                                0.940667
xb5.vbpc                               2.33139
xb5.nc                                0.120618
xb5.xrcg.11                           0.120389
xb5.xrcg.21                        0.000228576
xb5.nsu                              0.0130128
xb5.vfix                               1.75603
xb5.nmd                               0.755526
xb5.vbp0                               2.45559
xb5.noff                              0.765555
xb5.xroff.11                          0.765302
xb5.xroff.21                       0.000253749
xb5.nvi                               0.178394
xb5.xrdeg.11                          0.178335
xb5.xrdeg.21                       5.91299e-05
xb5.b0b                             5.4347e-09
xb5.b1b                             5.4347e-09
xb5.b2b                             5.4347e-09
xb5.vbn1                              0.738845
xb5.ga                                 2.45559
xb5.vbp2                               2.36181
xb5.gb                                0.738845
m5                                    0.969017
xb5.gc                                 2.36181
p5                                     2.16347
xe1.nh                                 1.46122
e5                                           0
xe1.nt                            -2.78445e-17
xe2.nh                                     3.3
e2                                         3.3
xe2.nt                             4.44576e-09
xe3.nh                                     3.3
e3                                           0
xe3.nt                             8.38957e-19
xe4.nh                                     3.3
e4                                         3.3
xe4.nt                             4.44576e-09
xe5.nh                                     3.3
xe5.nt                             8.38957e-19
g1                                           0
xb7.na                                0.940667
xb7.vbpc                               2.33139
xb7.nc                                0.120618
xb7.xrcg.11                           0.120389
xb7.xrcg.21                        0.000228576
xb7.nsu                              0.0130128
xb7.vfix                               1.75603
xb7.nmd                               0.755526
xb7.vbp0                               2.45559
xb7.noff                              0.765555
xb7.xroff.11                          0.765302
xb7.xroff.21                       0.000253749
xb7.nvi                               0.178394
xb7.xrdeg.11                          0.178335
xb7.xrdeg.21                       5.91299e-05
xb7.b0b                             5.4347e-09
xb7.b1b                             5.4347e-09
xb7.b2b                             5.4347e-09
xb7.vbn1                              0.738845
xb7.ga                                 2.45559
xb7.vbp2                               2.36181
xb7.gb                                0.738845
m7                                    0.969017
xb7.gc                                 2.36181
p7                                     2.16347
xg1.nh                                 1.46122
g7                                           0
xg1.nt                             1.69892e-17
xg2.nh                                     3.3
g2                                         3.3
xg2.nt                             4.44576e-09
xg3.nh                                     3.3
g3                                           0
xg3.nt                             8.38957e-19
xg4.nh                                     3.3
g4                                         3.3
xg4.nt                             4.44576e-09
xg5.nh                                     3.3
g5                                           0
xg5.nt                             8.38957e-19
xg6.nh                                     3.3
g6                                         3.3
xg6.nt                             4.44576e-09
xg7.nh                                     3.3
xg7.nt                             8.38957e-19
vam7#branch                        0.000186402
vam5#branch                        0.000186402
vam3#branch                        0.000186402
vs7#branch                        -0.000186402
vs5#branch                        -0.000186402
vs3#branch                        -0.000186402
vq3#branch                                   0
vq2#branch                                   0
vq1#branch                                   0
vq#branch                                    0
vc#branch                                    0

 Reference value :  0.00000e+00
 Reference value :  3.54538e-09
 Reference value :  7.42042e-09
 Reference value :  1.12642e-08
 Reference value :  1.49517e-08
 Reference value :  1.87330e-08
 Reference value :  2.25768e-08
 Reference value :  2.63581e-08
 Reference value :  3.02644e-08
 Reference value :  3.40769e-08
 Reference value :  3.78895e-08
 Reference value :  4.17332e-08
 Reference value :  4.55770e-08
 Reference value :  4.92958e-08
 Reference value :  5.31084e-08
 Reference value :  5.69209e-08
 Reference value :  6.06397e-08
 Reference value :  6.46085e-08
 Reference value :  6.83585e-08
 Reference value :  7.20773e-08
 Reference value :  7.57961e-08
 Reference value :  7.96086e-08
 Reference value :  8.32336e-08
 Reference value :  8.69524e-08
 Reference value :  9.06712e-08
 Reference value :  9.42338e-08
 Reference value :  9.79525e-08
 Reference value :  1.01703e-07
 Reference value :  1.05453e-07
 Reference value :  1.09265e-07
 Reference value :  1.13015e-07
 Reference value :  1.16828e-07
 Reference value :  1.20578e-07
 Reference value :  1.24265e-07
 Reference value :  1.27890e-07
 Reference value :  1.31578e-07
 Reference value :  1.35484e-07
 Reference value :  1.39172e-07
No. of Data Rows : 4557

  Measurements for Transient Analysis

t3a                 =   5.33663e-08
t3b                 =   6.65785e-08
t5a                 =   5.17479e-08
t5b                 =   7.74454e-08
t7a                 =   5.44520e-08
t7b                 =   9.05237e-08
f3                  =  3.02750e+08
f5                  =  1.55657e+08
f7                  =  1.10890e+08
i3                  =  2.21752e-04 from=  5.15238e-08 to=  1.41691e-07
i5                  =  2.17937e-04 from=  5.15238e-08 to=  1.41691e-07
i7                  =  2.17821e-04 from=  5.15238e-08 to=  1.41691e-07
s3hi                =  3.04970e+00 at=  1.07171e-07
s3lo                =  5.64712e-02 at=  5.26709e-08
s5hi                =  3.34330e+00 at=  7.32961e-08
s5lo                =  -3.09135e-02 at=  1.08765e-07
s7hi                =  3.34438e+00 at=  8.50774e-08
s7lo                =  -3.39969e-02 at=  9.87338e-08

ngspice-46 done

Warning: m=xx on .subckt line will override multiplier m hierarchy!

