
Note: No compatibility mode selected!


Circuit: * generated by simenv.sh -- do not edit; edit sim/mc-cp-mismatch/work/dut_dff.sp instead

Doing analysis at TEMP = -40.000000 and TNOM = 27.000000

Using SPARSE 1.3 as Direct Linear Solver

Initial Transient Solution
--------------------------

Node                                   Voltage
----                                   -------
vdd                                       3.63
ck                                           0
dr                                           0
xr.ckb                                    3.63
xr.ckbb                            5.14279e-09
xr.nm                              9.39008e-09
xr.nma                                    3.63
xr.nmb                              1.0285e-08
xr.ns                                     3.63
qr                                 5.14279e-09
nr                                        3.63
df                                        3.63
xf.ckb                                    3.63
xf.ckbb                            5.14279e-09
xf.nm                                     3.63
xf.nma                             1.03466e-08
xf.nmb                                    3.63
xf.ns                                     3.63
qf                                 5.14279e-09
nf                                        3.63
vdf#branch                        -1.08935e-11
vdr#branch                         1.16784e-11
vck#branch                                   0
vdd#branch                        -9.81399e-11


No. of Data Rows : 6032

  Measurements for Transient Analysis

tcq_r               =  1.65097e-10 targ=  2.52151e-08 trig=  2.50500e-08
tcq_f               =  1.44461e-10 targ=  2.51945e-08 trig=  2.50500e-08


Total analysis time (seconds) = 0.594784

Total elapsed time (seconds) = 0.640 

Total DRAM available = 31552.211 MB.
DRAM currently available = 12059.973 MB.
Maximum ngspice program size =   22.258 MB.
Current ngspice program size =   16.090 MB.

Shared ngspice pages =    8.707 MB.
Text (code) pages =    6.355 MB.
Stack = 0 bytes.
Library pages =    7.598 MB.

