==== generated deck (typical_-40c_3.63v_dphi-200p) ====
* GENERATED by simenv.sh -- do not edit; edit /Users/rwalters/GitHub/gf180-pll/.loom/worktrees/issue-9/sim/pfd-deadzone/testbench/tb_pfd_deadzone.sp instead
* tag=typical_Tm40_V3p63_Dm200p libs=typical temp=-40C
.include "/Users/rwalters/.volare/gf180mcuD/libs.tech/ngspice/design.ngspice"
.lib "/Users/rwalters/.volare/gf180mcuD/libs.tech/ngspice/sm141064.ngspice" typical
.temp -40
.param sim_temp=-40
.param vsup=3.63
.param dphi=-200p
.include "/Users/rwalters/GitHub/gf180-pll/.loom/worktrees/issue-9/sim/pfd-deadzone/testbench/tb_pfd_deadzone.sp"
.end

==== ngspice output ====

Note: Compatibility modes selected: hs a

Warning: m=xx on .subckt line will override multiplier m hierarchy!


Circuit: * generated by simenv.sh -- do not edit; edit /users/rwalters/github/gf180-pll/.loom/worktrees/issue-9/sim/pfd-deadzone/testbench/tb_pfd_deadzone.sp instead

Doing analysis at TEMP = -40.000000 and TNOM = 27.000000

Using SPARSE 1.3 as Direct Linear Solver
Note: Starting dynamic gmin stepping
Warning: Dynamic gmin stepping failed
Note: Starting true gmin stepping
Note: True gmin stepping completed

Initial Transient Solution
--------------------------

Node                                   Voltage
----                                   -------
vdd                                       3.63
vss                                          0
ref                                          0
fb                                           0
b0                                           0
b1                                        3.63
ibn                                    0.77993
icn                                    0.87275
ibp                                     2.7131
icp                                    2.61262
xdut.xpfd.xed_ref.d1                      3.63
xdut.xpfd.xed_ref.d2               9.84519e-09
xdut.xpfd.xed_ref.d3                      3.63
xdut.xpfd.xed_ref.d4               9.84519e-09
xdut.xpfd.xed_ref.d5                      3.63
xdut.xpfd.xed_ref.nn                      3.63
xdut.xpfd.xed_ref.xnd.ni           4.62296e-13
xdut.xpfd.pr                       9.84519e-09
xdut.xpfd.xed_fb.d1                       3.63
xdut.xpfd.xed_fb.d2                9.84519e-09
xdut.xpfd.xed_fb.d3                       3.63
xdut.xpfd.xed_fb.d4                9.84519e-09
xdut.xpfd.xed_fb.d5                       3.63
xdut.xpfd.xed_fb.nn                       3.63
xdut.xpfd.xed_fb.xnd.ni            4.62291e-13
xdut.xpfd.pf                       9.84519e-09
xdut.xpfd.sbr                             3.63
xdut.xpfd.sbf                             3.63
up                                 2.04163e-08
xdut.xpfd.upb                             3.63
xdut.xpfd.xlat_ref.xn1.ni          1.02081e-08
xdut.xpfd.rb                              3.63
xdut.xpfd.xlat_ref.xn2.ni                2.877
dn                                 2.04163e-08
xdut.xpfd.dnb                             3.63
xdut.xpfd.xlat_fb.xn1.ni           1.02081e-08
xdut.xpfd.xlat_fb.xn2.ni                 2.877
xdut.xpfd.nrst                            3.63
xdut.xpfd.xnand_rst.ni             7.05049e-05
xdut.xpfd.rst_raw                  9.84519e-09
xdut.xpfd.rd1                             3.63
xdut.xpfd.rd2                      9.84519e-09
xdut.xpfd.rd3                             3.63
xdut.xpfd.rd4                      9.84519e-09
xdut.xpfd.rd5                             3.63
xdut.xpfd.rd6                      9.84519e-09
xdut.xpfd.rd7                             3.63
xdut.xpfd.rd8                      9.84519e-09
xdut.xpfd.rd9                             3.63
xdut.xpfd.rd10                     9.84519e-09
xdut.xpfd.rd11                            3.63
xdut.xpfd.rd12                     9.84519e-09
xdut.xpfd.rd13                            3.63
xdut.xpfd.rd14                     9.84519e-09
xdut.xpfd.rd15                            3.63
xdut.xpfd.rd16                     9.84519e-09
xdut.xpfd.rd17                            3.63
xdut.xpfd.rd18                     9.84519e-09
xdut.xpfd.rd19                            3.63
xdut.xpfd.rd20                     9.84519e-09
xdut.xpfd.rd21                            3.63
xdut.xpfd.rd22                     9.84519e-09
xdut.xpfd.rd23                            3.63
xdut.xpfd.rst_dly                  9.84519e-09
xdut.xcp.b0b                              3.63
xdut.xcp.b1b                       9.84519e-09
xdut.xcp.upb                              3.63
xdut.xcp.dnb                              3.63
xdut.xcp.xn_base.bg                    0.77993
xdut.xcp.xn_base.mid                 0.0738415
xdut.xcp.dnt                            1.6584
xdut.xcp.xn_t0.bg                   4.2094e-14
xdut.xcp.xn_t0.mid                    0.384929
xdut.xcp.xn_t1a.bg                     0.77993
xdut.xcp.xn_t1a.mid                  0.0738415
xdut.xcp.xn_t1b.bg                     0.77993
xdut.xcp.xn_t1b.mid                  0.0738415
xdut.xcp.xp_base.bg                     2.7131
xdut.xcp.xp_base.mid                   3.55478
xdut.xcp.upt                           1.67516
xdut.xcp.xp_t0.bg                         3.63
xdut.xcp.xp_t0.mid                     1.45467
xdut.xcp.xp_t1a.bg                      2.7131
xdut.xcp.xp_t1a.mid                    3.55478
xdut.xcp.xp_t1b.bg                      2.7131
xdut.xcp.xp_t1b.mid                    3.55478
vout                                      1.65
xdut.xcp.vdump                         1.66018
xdut.xcp.nclp                          0.71396
xdut.xcp.pclp                          2.80661
vctrl_src                                 1.65
vctrl#branch                      -1.22081e-11
vam#branch                        -1.05581e-11
vb1#branch                           -3.63e-12
vb0#branch                                   0
vfb#branch                                   0
vref#branch                                  0
vss#branch                         2.13993e-05
vdd#branch                           -3.74e-05


No. of Data Rows : 7390
qnet2               =  -9.62417e-15 from=  6.00000e-08 to=  1.40000e-07
width_up            =  1.30332e-09 targ=  1.01661e-07 trig=  1.00358e-07
width_dn            =  1.52530e-09 targ=  1.01664e-07 trig=  1.00139e-07
PFD_RESULT qnet=-4.81208E-15 width_up=1.30332E-09 width_dn=1.5253E-09 up_hi=3.70333 dn_hi=3.69869
Note: Simulation executed from .control section 
