
Note: Compatibility modes selected: hs a

Warning: m=xx on .subckt line will override multiplier m hierarchy!


Circuit: * generated by simenv.sh -- do not edit; edit sim/vco-tuning-range/testbench/tb_vco_band_pair.sp instead

Doing analysis at TEMP = 125.000000 and TNOM = 27.000000

Using SPARSE 1.3 as Direct Linear Solver

Initial Transient Solution
--------------------------

Node                                   Voltage
----                                   -------
vdd                                       3.63
vc                                         2.7
nb0                                          0
nb1                                          0
nb2                                          0
nvs                                       3.63
x1.xbias.na                             1.1556
x1.xbias.vbpc                          2.50484
x1.xbias.nc                           0.196513
x1.xbias.xrcg.11                      0.196203
x1.xbias.xrcg.21                   0.000310289
x1.xbias.nsu                        0.00993764
x1.xbias.vfix                          1.97442
x1.xbias.nmd                          0.843111
x1.xbias.vbp0                          2.66198
x1.xbias.noff                         0.879501
x1.xbias.xroff.11                     0.879258
x1.xbias.xroff.21                  0.000242769
x1.xbias.nvi                           1.41142
x1.xbias.xrdeg.11                      1.41103
x1.xbias.xrdeg.21                  0.000389594
x1.xbias.b0b                              3.63
x1.xbias.b1b                              3.63
x1.xbias.b2b                              3.63
x1.xbias.vbn1                         0.816307
x1.xbias.ga                               3.63
x1.xbias.vbp2                          2.69686
x1.xbias.gb                        1.89995e-09
x1.vbn                                0.754498
x1.xbias.gc                               3.63
x1.vbp                                 2.73662
x1.xs1.nh                              1.30965
x1.y1                                        0
x1.y5                                        0
x1.xs1.nt                         -1.84052e-23
x1.xs2.nh                                 3.63
x1.y2                                     3.63
x1.xs2.nt                          1.14264e-06
x1.xs3.nh                                 3.63
x1.y3                                        0
x1.xs3.nt                         -1.39801e-36
x1.xs4.nh                                 3.63
x1.y4                                     3.63
x1.xs4.nt                          9.64405e-07
x1.xs5.nh                                 3.63
x1.xs5.nt                          4.21473e-35
x1.nb1                                    3.63
x1.nb2                             1.04692e-08
clk1                                      3.63
x1.xcdec1.c_moscap_int1                  -3.63
x1.xcdec2.c_moscap_int1                  -3.63
e.x1.xcdec2.ec_moscap#branch                 0
e.x1.xcdec1.ec_moscap#branch                 0
vs#branch                          8.51988e-05
vb2#branch                                   0
vb1#branch                                   0
vb0#branch                                   0
vc#branch                                    0
vdd#branch                        -8.51988e-05


No. of Data Rows : 2948
tp_a                =  4.15877e-07 targ=  1.45559e-06 trig=  1.03971e-06
i_a                 =  1.01941e-04 from=  9.56697e-07 to=  2.63092e-06
MCVCOPAIR_A tp=4.15877E-07 f=9.61822E+06 i=0.000101941
Doing analysis at TEMP = 125.000000 and TNOM = 27.000000

Using SPARSE 1.3 as Direct Linear Solver

Initial Transient Solution
--------------------------

Node                                   Voltage
----                                   -------
vdd                                       3.63
vc                                         0.9
nb0                                       3.63
nb1                                          0
nb2                                          0
nvs                                       3.63
x1.xbias.na                             1.1556
x1.xbias.vbpc                          2.50484
x1.xbias.nc                           0.196513
x1.xbias.xrcg.11                      0.196203
x1.xbias.xrcg.21                   0.000310289
x1.xbias.nsu                        0.00993764
x1.xbias.vfix                          1.97442
x1.xbias.nmd                          0.843111
x1.xbias.vbp0                          2.74083
x1.xbias.noff                         0.879622
x1.xbias.xroff.11                     0.879379
x1.xbias.xroff.21                  0.000242802
x1.xbias.nvi                          0.165046
x1.xbias.xrdeg.11                        0.165
x1.xbias.xrdeg.21                  4.55576e-05
x1.xbias.b0b                       1.28096e-08
x1.xbias.b1b                              3.63
x1.xbias.b2b                              3.63
x1.xbias.vbn1                         0.790444
x1.xbias.ga                            2.74083
x1.xbias.vbp2                          2.72343
x1.xbias.gb                        1.89274e-09
x1.vbn                                0.734763
x1.xbias.gc                               3.63
x1.vbp                                 2.75856
x1.xs1.nh                              1.29082
x1.y1                                        0
x1.y5                                        0
x1.xs1.nt                         -5.47391e-18
x1.xs2.nh                                 3.63
x1.y2                                     3.63
x1.xs2.nt                          1.38776e-06
x1.xs3.nh                                 3.63
x1.y3                                        0
x1.xs3.nt                           8.8424e-44
x1.xs4.nh                                 3.63
x1.y4                                     3.63
x1.xs4.nt                          1.16797e-06
x1.xs5.nh                                 3.63
x1.xs5.nt                          8.98053e-44
x1.nb1                                    3.63
x1.nb2                             1.04692e-08
clk1                                      3.63
x1.xcdec1.c_moscap_int1                  -3.63
x1.xcdec2.c_moscap_int1                  -3.63
e.x1.xcdec2.ec_moscap#branch                 0
e.x1.xcdec1.ec_moscap#branch                 0
vs#branch                          6.41558e-05
vb2#branch                                   0
vb1#branch                                   0
vb0#branch                                   0
vc#branch                                    0
vdd#branch                        -6.41558e-05


No. of Data Rows : 2968
tp_b                =  5.44683e-07 targ=  1.90554e-06 trig=  1.36085e-06
i_b                 =  8.02871e-05 from=  1.26171e-06 to=  3.46971e-06
MCVCOPAIR_B tp=5.44683E-07 f=7.34373E+06 i=8.02871E-05
Note: Simulation executed from .control section 
