
Note: Compatibility modes selected: hs a

Warning: m=xx on .subckt line will override multiplier m hierarchy!


Circuit: * generated by simenv.sh -- do not edit; edit sim/vco-tuning-range/testbench/tb_vco_band_pair.sp instead

Doing analysis at TEMP = 125.000000 and TNOM = 27.000000

Using SPARSE 1.3 as Direct Linear Solver

Initial Transient Solution
--------------------------

Node                                   Voltage
----                                   -------
vdd                                       3.63
vc                                         2.7
nb0                                          0
nb1                                          0
nb2                                          0
nvs                                       3.63
x1.xbias.na                            1.16325
x1.xbias.vbpc                          2.50066
x1.xbias.nc                           0.201209
x1.xbias.xrcg.11                      0.200891
x1.xbias.xrcg.21                   0.000317704
x1.xbias.nsu                        0.00976069
x1.xbias.vfix                          1.96793
x1.xbias.nmd                          0.842527
x1.xbias.vbp0                          2.66059
x1.xbias.noff                         0.875016
x1.xbias.xroff.11                     0.874775
x1.xbias.xroff.21                  0.000241531
x1.xbias.nvi                           1.41069
x1.xbias.xrdeg.11                       1.4103
x1.xbias.xrdeg.21                  0.000389393
x1.xbias.b0b                              3.63
x1.xbias.b1b                              3.63
x1.xbias.b2b                              3.63
x1.xbias.vbn1                         0.817334
x1.xbias.ga                               3.63
x1.xbias.vbp2                          2.69331
x1.xbias.gb                         1.6734e-09
x1.vbn                                0.764777
x1.xbias.gc                               3.63
x1.vbp                                 2.73799
x1.xs1.nh                              1.31782
x1.y1                                        0
x1.y5                                        0
x1.xs1.nt                         -1.14116e-17
x1.xs2.nh                                 3.63
x1.y2                                     3.63
x1.xs2.nt                          8.98252e-07
x1.xs3.nh                                 3.63
x1.y3                                        0
x1.xs3.nt                          4.62988e-19
x1.xs4.nh                                 3.63
x1.y4                                     3.63
x1.xs4.nt                           7.0758e-07
x1.xs5.nh                                 3.63
x1.xs5.nt                          1.60523e-28
x1.nb1                                    3.63
x1.nb2                             1.05248e-08
clk1                                      3.63
x1.xcdec1.c_moscap_int1                  -3.63
x1.xcdec2.c_moscap_int1                  -3.63
e.x1.xcdec2.ec_moscap#branch                 0
e.x1.xcdec1.ec_moscap#branch                 0
vs#branch                          8.62168e-05
vb2#branch                                   0
vb1#branch                                   0
vb0#branch                                   0
vc#branch                                    0
vdd#branch                        -8.62168e-05


No. of Data Rows : 2908
tp_a                =  3.94118e-07 targ=  1.37931e-06 trig=  9.85190e-07
i_a                 =  1.03171e-04 from=  9.56697e-07 to=  2.63092e-06
MCVCOPAIR_A tp=3.94118E-07 f=1.01492E+07 i=0.000103171
Doing analysis at TEMP = 125.000000 and TNOM = 27.000000

Using SPARSE 1.3 as Direct Linear Solver

Initial Transient Solution
--------------------------

Node                                   Voltage
----                                   -------
vdd                                       3.63
vc                                         0.9
nb0                                       3.63
nb1                                          0
nb2                                          0
nvs                                       3.63
x1.xbias.na                            1.16325
x1.xbias.vbpc                          2.50066
x1.xbias.nc                           0.201209
x1.xbias.xrcg.11                      0.200891
x1.xbias.xrcg.21                   0.000317704
x1.xbias.nsu                        0.00976069
x1.xbias.vfix                          1.96793
x1.xbias.nmd                          0.842527
x1.xbias.vbp0                          2.73962
x1.xbias.noff                         0.875137
x1.xbias.xroff.11                     0.874896
x1.xbias.xroff.21                  0.000241565
x1.xbias.nvi                          0.164554
x1.xbias.xrdeg.11                     0.164509
x1.xbias.xrdeg.21                  4.54219e-05
x1.xbias.b0b                       1.31193e-08
x1.xbias.b1b                              3.63
x1.xbias.b2b                              3.63
x1.xbias.vbn1                          0.79268
x1.xbias.ga                            2.73962
x1.xbias.vbp2                          2.71863
x1.xbias.gb                        1.66735e-09
x1.vbn                                0.746095
x1.xbias.gc                               3.63
x1.vbp                                 2.75877
x1.xs1.nh                              1.29996
x1.y1                                        0
x1.y5                                        0
x1.xs1.nt                          3.60073e-14
x1.xs2.nh                                 3.63
x1.y2                                     3.63
x1.xs2.nt                          1.06219e-06
x1.xs3.nh                                 3.63
x1.y3                                        0
x1.xs3.nt                          4.65933e-18
x1.xs4.nh                                 3.63
x1.y4                                     3.63
x1.xs4.nt                           8.3628e-07
x1.xs5.nh                                 3.63
x1.xs5.nt                          3.63521e-18
x1.nb1                                    3.63
x1.nb2                             1.05248e-08
clk1                                      3.63
x1.xcdec1.c_moscap_int1                  -3.63
x1.xcdec2.c_moscap_int1                  -3.63
e.x1.xcdec2.ec_moscap#branch                 0
e.x1.xcdec1.ec_moscap#branch                 0
vs#branch                          6.54414e-05
vb2#branch                                   0
vb1#branch                                   0
vb0#branch                                   0
vc#branch                                    0
vdd#branch                        -6.54414e-05


No. of Data Rows : 2879
tp_b                =  5.07984e-07 targ=  1.77568e-06 trig=  1.26769e-06
i_b                 =  8.12675e-05 from=  1.26171e-06 to=  3.46971e-06
MCVCOPAIR_B tp=5.07984E-07 f=7.87427E+06 i=8.12675E-05
Note: Simulation executed from .control section 
