
Note: Compatibility modes selected: hs a

Warning: m=xx on .subckt line will override multiplier m hierarchy!


Circuit: * generated by simenv.sh -- do not edit; edit sim/vco-tuning-range/testbench/tb_vco_band_pair.sp instead

Doing analysis at TEMP = 125.000000 and TNOM = 27.000000

Using SPARSE 1.3 as Direct Linear Solver

Initial Transient Solution
--------------------------

Node                                   Voltage
----                                   -------
vdd                                       3.63
vc                                         2.7
nb0                                          0
nb1                                          0
nb2                                          0
nvs                                       3.63
x1.xbias.na                            1.11634
x1.xbias.vbpc                          2.52373
x1.xbias.nc                           0.176308
x1.xbias.xrcg.11                       0.17603
x1.xbias.xrcg.21                   0.000278386
x1.xbias.nsu                         0.0105344
x1.xbias.vfix                          1.93878
x1.xbias.nmd                          0.830732
x1.xbias.vbp0                          2.66373
x1.xbias.noff                           0.8531
x1.xbias.xroff.11                     0.852865
x1.xbias.xroff.21                  0.000235482
x1.xbias.nvi                           1.41055
x1.xbias.xrdeg.11                      1.41016
x1.xbias.xrdeg.21                  0.000389356
x1.xbias.b0b                              3.63
x1.xbias.b1b                              3.63
x1.xbias.b2b                              3.63
x1.xbias.vbn1                          0.81543
x1.xbias.ga                               3.63
x1.xbias.vbp2                          2.69389
x1.xbias.gb                        1.97934e-09
x1.vbn                                0.761371
x1.xbias.gc                               3.63
x1.vbp                                 2.74069
x1.xs1.nh                              1.32175
x1.y1                                        0
x1.y5                                        0
x1.xs1.nt                         -8.30581e-18
x1.xs2.nh                                 3.63
x1.y2                                     3.63
x1.xs2.nt                          1.13901e-06
x1.xs3.nh                                 3.63
x1.y3                                        0
x1.xs3.nt                          8.05271e-27
x1.xs4.nh                                 3.63
x1.y4                                     3.63
x1.xs4.nt                          1.11626e-06
x1.xs5.nh                                 3.63
x1.xs5.nt                          8.16739e-27
x1.nb1                                    3.63
x1.nb2                             1.17258e-08
clk1                                      3.63
x1.xcdec1.c_moscap_int1                  -3.63
x1.xcdec2.c_moscap_int1                  -3.63
e.x1.xcdec2.ec_moscap#branch                 0
e.x1.xcdec1.ec_moscap#branch                 0
vs#branch                          8.20311e-05
vb2#branch                                   0
vb1#branch                                   0
vb0#branch                                   0
vc#branch                                    0
vdd#branch                        -8.20311e-05


No. of Data Rows : 2932
tp_a                =  4.13428e-07 targ=  1.44759e-06 trig=  1.03416e-06
i_a                 =  9.89890e-05 from=  9.56697e-07 to=  2.63092e-06
MCVCOPAIR_A tp=4.13428E-07 f=9.67521E+06 i=9.8989E-05
Doing analysis at TEMP = 125.000000 and TNOM = 27.000000

Using SPARSE 1.3 as Direct Linear Solver

Initial Transient Solution
--------------------------

Node                                   Voltage
----                                   -------
vdd                                       3.63
vc                                         0.9
nb0                                       3.63
nb1                                          0
nb2                                          0
nvs                                       3.63
x1.xbias.na                            1.11634
x1.xbias.vbpc                          2.52373
x1.xbias.nc                           0.176308
x1.xbias.xrcg.11                       0.17603
x1.xbias.xrcg.21                   0.000278386
x1.xbias.nsu                         0.0105344
x1.xbias.vfix                          1.93878
x1.xbias.nmd                          0.830732
x1.xbias.vbp0                           2.7435
x1.xbias.noff                         0.853222
x1.xbias.xroff.11                     0.852987
x1.xbias.xroff.21                  0.000235515
x1.xbias.nvi                          0.164538
x1.xbias.xrdeg.11                     0.164492
x1.xbias.xrdeg.21                  4.54174e-05
x1.xbias.b0b                       1.18869e-08
x1.xbias.b1b                              3.63
x1.xbias.b2b                              3.63
x1.xbias.vbn1                         0.788994
x1.xbias.ga                             2.7435
x1.xbias.vbp2                          2.72104
x1.xbias.gb                        1.97166e-09
x1.vbn                                0.741253
x1.xbias.gc                               3.63
x1.vbp                                 2.76308
x1.xs1.nh                              1.30254
x1.y1                                        0
x1.y5                                        0
x1.xs1.nt                          8.27456e-18
x1.xs2.nh                                 3.63
x1.y2                                     3.63
x1.xs2.nt                          1.37308e-06
x1.xs3.nh                                 3.63
x1.y3                                        0
x1.xs3.nt                          9.52402e-36
x1.xs4.nh                                 3.63
x1.y4                                     3.63
x1.xs4.nt                          1.35086e-06
x1.xs5.nh                                 3.63
x1.xs5.nt                         -4.85315e-36
x1.nb1                                    3.63
x1.nb2                             1.17258e-08
clk1                                      3.63
x1.xcdec1.c_moscap_int1                  -3.63
x1.xcdec2.c_moscap_int1                  -3.63
e.x1.xcdec2.ec_moscap#branch                 0
e.x1.xcdec1.ec_moscap#branch                 0
vs#branch                          6.08643e-05
vb2#branch                                   0
vb1#branch                                   0
vb0#branch                                   0
vc#branch                                    0
vdd#branch                        -6.08643e-05


No. of Data Rows : 2829
tp_b                =  5.44761e-07 targ=  1.90542e-06 trig=  1.36066e-06
i_b                 =  7.54141e-05 from=  1.26171e-06 to=  3.46971e-06
MCVCOPAIR_B tp=5.44761E-07 f=7.34268E+06 i=7.54141E-05
Note: Simulation executed from .control section 
