
Note: Compatibility modes selected: hs a

Warning: m=xx on .subckt line will override multiplier m hierarchy!


Circuit: * generated by simenv.sh -- do not edit; edit sim/vco-tuning-range/testbench/tb_vco_band_pair.sp instead

Doing analysis at TEMP = 125.000000 and TNOM = 27.000000

Using SPARSE 1.3 as Direct Linear Solver

Initial Transient Solution
--------------------------

Node                                   Voltage
----                                   -------
vdd                                       3.63
vc                                         2.7
nb0                                          0
nb1                                          0
nb2                                          0
nvs                                       3.63
x1.xbias.na                            1.13805
x1.xbias.vbpc                          2.51493
x1.xbias.nc                            0.18596
x1.xbias.xrcg.11                      0.185667
x1.xbias.xrcg.21                   0.000293626
x1.xbias.nsu                         0.0101513
x1.xbias.vfix                          1.94536
x1.xbias.nmd                          0.830469
x1.xbias.vbp0                          2.66247
x1.xbias.noff                         0.857462
x1.xbias.xroff.11                     0.857226
x1.xbias.xroff.21                  0.000236686
x1.xbias.nvi                           1.41039
x1.xbias.xrdeg.11                         1.41
x1.xbias.xrdeg.21                  0.000389311
x1.xbias.b0b                              3.63
x1.xbias.b1b                              3.63
x1.xbias.b2b                              3.63
x1.xbias.vbn1                         0.812126
x1.xbias.ga                               3.63
x1.xbias.vbp2                          2.69738
x1.xbias.gb                        2.13375e-09
x1.vbn                                0.750152
x1.xbias.gc                               3.63
x1.vbp                                 2.74382
x1.xs1.nh                              1.32314
x1.y1                                        0
x1.y5                                        0
x1.xs1.nt                         -6.46015e-19
x1.xs2.nh                                 3.63
x1.y2                                     3.63
x1.xs2.nt                          8.69207e-07
x1.xs3.nh                                 3.63
x1.y3                                        0
x1.xs3.nt                           9.5075e-27
x1.xs4.nh                                 3.63
x1.y4                                     3.63
x1.xs4.nt                          1.16287e-06
x1.xs5.nh                                 3.63
x1.xs5.nt                         -5.63692e-27
x1.nb1                                    3.63
x1.nb2                             1.08778e-08
clk1                                      3.63
x1.xcdec1.c_moscap_int1                  -3.63
x1.xcdec2.c_moscap_int1                  -3.63
e.x1.xcdec2.ec_moscap#branch                 0
e.x1.xcdec1.ec_moscap#branch                 0
vs#branch                          8.31505e-05
vb2#branch                                   0
vb1#branch                                   0
vb0#branch                                   0
vc#branch                                    0
vdd#branch                        -8.31505e-05


No. of Data Rows : 2886
tp_a                =  4.45253e-07 targ=  1.44935e-06 trig=  1.00409e-06
i_a                 =  9.87821e-05 from=  9.56697e-07 to=  2.63092e-06
MCVCOPAIR_A tp=4.45253E-07 f=8.98366E+06 i=9.87821E-05
Doing analysis at TEMP = 125.000000 and TNOM = 27.000000

Using SPARSE 1.3 as Direct Linear Solver

Initial Transient Solution
--------------------------

Node                                   Voltage
----                                   -------
vdd                                       3.63
vc                                         0.9
nb0                                       3.63
nb1                                          0
nb2                                          0
nvs                                       3.63
x1.xbias.na                            1.13805
x1.xbias.vbpc                          2.51493
x1.xbias.nc                            0.18596
x1.xbias.xrcg.11                      0.185667
x1.xbias.xrcg.21                   0.000293626
x1.xbias.nsu                         0.0101513
x1.xbias.vfix                          1.94536
x1.xbias.nmd                          0.830469
x1.xbias.vbp0                          2.74212
x1.xbias.noff                         0.857584
x1.xbias.xroff.11                     0.857348
x1.xbias.xroff.21                   0.00023672
x1.xbias.nvi                          0.164326
x1.xbias.xrdeg.11                      0.16428
x1.xbias.xrdeg.21                  4.53589e-05
x1.xbias.b0b                       1.25572e-08
x1.xbias.b1b                              3.63
x1.xbias.b2b                              3.63
x1.xbias.vbn1                         0.785449
x1.xbias.ga                            2.74212
x1.xbias.vbp2                          2.72481
x1.xbias.gb                        2.12539e-09
x1.vbn                                0.729765
x1.xbias.gc                               3.63
x1.vbp                                 2.76643
x1.xs1.nh                              1.30371
x1.y1                                        0
x1.y5                                        0
x1.xs1.nt                         -2.99754e-18
x1.xs2.nh                                 3.63
x1.y2                                     3.63
x1.xs2.nt                          1.06641e-06
x1.xs3.nh                                 3.63
x1.y3                                        0
x1.xs3.nt                         -1.65265e-26
x1.xs4.nh                                 3.63
x1.y4                                     3.63
x1.xs4.nt                          1.42923e-06
x1.xs5.nh                                 3.63
x1.xs5.nt                         -2.08329e-27
x1.nb1                                    3.63
x1.nb2                             1.08778e-08
clk1                                      3.63
x1.xcdec1.c_moscap_int1                  -3.63
x1.xcdec2.c_moscap_int1                  -3.63
e.x1.xcdec2.ec_moscap#branch                 0
e.x1.xcdec1.ec_moscap#branch                 0
vs#branch                          6.19966e-05
vb2#branch                                   0
vb1#branch                                   0
vb0#branch                                   0
vc#branch                                    0
vdd#branch                        -6.19966e-05


No. of Data Rows : 2894
tp_b                =  5.90678e-07 targ=  1.92129e-06 trig=  1.33061e-06
i_b                 =  7.69897e-05 from=  1.26171e-06 to=  3.46971e-06
MCVCOPAIR_B tp=5.90677E-07 f=6.77188E+06 i=7.69897E-05
Note: Simulation executed from .control section 
