
Note: Compatibility modes selected: hs a

Warning: m=xx on .subckt line will override multiplier m hierarchy!


Circuit: * generated by simenv.sh -- do not edit; edit sim/vco-tuning-range/testbench/tb_vco_band_pair.sp instead

Doing analysis at TEMP = 125.000000 and TNOM = 27.000000

Using SPARSE 1.3 as Direct Linear Solver

Initial Transient Solution
--------------------------

Node                                   Voltage
----                                   -------
vdd                                       3.63
vc                                         2.7
nb0                                          0
nb1                                          0
nb2                                          0
nvs                                       3.63
x1.xbias.na                            1.14651
x1.xbias.vbpc                          2.51121
x1.xbias.nc                            0.19052
x1.xbias.xrcg.11                       0.19022
x1.xbias.xrcg.21                   0.000300827
x1.xbias.nsu                         0.0100867
x1.xbias.vfix                          1.95811
x1.xbias.nmd                          0.836677
x1.xbias.vbp0                          2.66273
x1.xbias.noff                         0.864344
x1.xbias.xroff.11                     0.864105
x1.xbias.xroff.21                  0.000238585
x1.xbias.nvi                           1.41175
x1.xbias.xrdeg.11                      1.41136
x1.xbias.xrdeg.21                  0.000389687
x1.xbias.b0b                              3.63
x1.xbias.b1b                              3.63
x1.xbias.b2b                              3.63
x1.xbias.vbn1                         0.815866
x1.xbias.ga                               3.63
x1.xbias.vbp2                          2.69856
x1.xbias.gb                        1.63681e-09
x1.vbn                                0.752776
x1.xbias.gc                               3.63
x1.vbp                                 2.74146
x1.xs1.nh                              1.31352
x1.y1                                        0
x1.y5                                        0
x1.xs1.nt                         -4.73073e-24
x1.xs2.nh                                 3.63
x1.y2                                     3.63
x1.xs2.nt                          8.63681e-07
x1.xs3.nh                                 3.63
x1.y3                                        0
x1.xs3.nt                          -1.4427e-27
x1.xs4.nh                                 3.63
x1.y4                                     3.63
x1.xs4.nt                          8.97646e-07
x1.xs5.nh                                 3.63
x1.xs5.nt                          1.99599e-27
x1.nb1                                    3.63
x1.nb2                             1.16867e-08
clk1                                      3.63
x1.xcdec1.c_moscap_int1                  -3.63
x1.xcdec2.c_moscap_int1                  -3.63
e.x1.xcdec2.ec_moscap#branch                 0
e.x1.xcdec1.ec_moscap#branch                 0
vs#branch                          8.46337e-05
vb2#branch                                   0
vb1#branch                                   0
vb0#branch                                   0
vc#branch                                    0
vdd#branch                        -8.46337e-05


No. of Data Rows : 2921
tp_a                =  4.14895e-07 targ=  1.45296e-06 trig=  1.03807e-06
i_a                 =  1.00649e-04 from=  9.56697e-07 to=  2.63092e-06
MCVCOPAIR_A tp=4.14895E-07 f=9.641E+06 i=0.000100649
Doing analysis at TEMP = 125.000000 and TNOM = 27.000000

Using SPARSE 1.3 as Direct Linear Solver

Initial Transient Solution
--------------------------

Node                                   Voltage
----                                   -------
vdd                                       3.63
vc                                         0.9
nb0                                       3.63
nb1                                          0
nb2                                          0
nvs                                       3.63
x1.xbias.na                            1.14651
x1.xbias.vbpc                          2.51121
x1.xbias.nc                            0.19052
x1.xbias.xrcg.11                       0.19022
x1.xbias.xrcg.21                   0.000300827
x1.xbias.nsu                         0.0100867
x1.xbias.vfix                          1.95811
x1.xbias.nmd                          0.836677
x1.xbias.vbp0                          2.74211
x1.xbias.noff                         0.864465
x1.xbias.xroff.11                     0.864227
x1.xbias.xroff.21                  0.000238619
x1.xbias.nvi                          0.165289
x1.xbias.xrdeg.11                     0.165243
x1.xbias.xrdeg.21                  4.56247e-05
x1.xbias.b0b                       1.28037e-08
x1.xbias.b1b                              3.63
x1.xbias.b2b                              3.63
x1.xbias.vbn1                         0.789681
x1.xbias.ga                            2.74211
x1.xbias.vbp2                          2.72545
x1.xbias.gb                        1.63052e-09
x1.vbn                                0.732795
x1.xbias.gc                               3.63
x1.vbp                                  2.7637
x1.xs1.nh                              1.29442
x1.y1                                        0
x1.y5                                        0
x1.xs1.nt                          1.00805e-17
x1.xs2.nh                                 3.63
x1.y2                                     3.63
x1.xs2.nt                          1.05133e-06
x1.xs3.nh                                 3.63
x1.y3                                        0
x1.xs3.nt                         -4.05476e-44
x1.xs4.nh                                 3.63
x1.y4                                     3.63
x1.xs4.nt                          1.08788e-06
x1.xs5.nh                                 3.63
x1.xs5.nt                         -1.07475e-43
x1.nb1                                    3.63
x1.nb2                             1.16867e-08
clk1                                      3.63
x1.xcdec1.c_moscap_int1                  -3.63
x1.xcdec2.c_moscap_int1                  -3.63
e.x1.xcdec2.ec_moscap#branch                 0
e.x1.xcdec1.ec_moscap#branch                 0
vs#branch                          6.34695e-05
vb2#branch                                   0
vb1#branch                                   0
vb0#branch                                   0
vc#branch                                    0
vdd#branch                        -6.34695e-05


No. of Data Rows : 2926
tp_b                =  5.44696e-07 targ=  1.90797e-06 trig=  1.36328e-06
i_b                 =  7.91717e-05 from=  1.26171e-06 to=  3.46971e-06
MCVCOPAIR_B tp=5.44696E-07 f=7.34354E+06 i=7.91717E-05
Note: Simulation executed from .control section 
