
Note: Compatibility modes selected: hs a

Warning: m=xx on .subckt line will override multiplier m hierarchy!


Circuit: * generated by simenv.sh -- do not edit; edit sim/vco-tuning-range/testbench/tb_vco_band_pair.sp instead

Doing analysis at TEMP = 125.000000 and TNOM = 27.000000

Using SPARSE 1.3 as Direct Linear Solver

Initial Transient Solution
--------------------------

Node                                   Voltage
----                                   -------
vdd                                       3.63
vc                                         2.7
nb0                                          0
nb1                                          0
nb2                                          0
nvs                                       3.63
x1.xbias.na                            1.16385
x1.xbias.vbpc                          2.50208
x1.xbias.nc                           0.199615
x1.xbias.xrcg.11                        0.1993
x1.xbias.xrcg.21                   0.000315187
x1.xbias.nsu                        0.00976598
x1.xbias.vfix                          1.95844
x1.xbias.nmd                          0.838518
x1.xbias.vbp0                          2.66133
x1.xbias.noff                         0.868541
x1.xbias.xroff.11                     0.868301
x1.xbias.xroff.21                  0.000239744
x1.xbias.nvi                           1.41159
x1.xbias.xrdeg.11                       1.4112
x1.xbias.xrdeg.21                  0.000389643
x1.xbias.b0b                              3.63
x1.xbias.b1b                              3.63
x1.xbias.b2b                              3.63
x1.xbias.vbn1                           0.8154
x1.xbias.ga                               3.63
x1.xbias.vbp2                          2.69151
x1.xbias.gb                        2.08319e-09
x1.vbn                                0.756687
x1.xbias.gc                               3.63
x1.vbp                                 2.73192
x1.xs1.nh                              1.32887
x1.y1                                        0
x1.y5                                        0
x1.xs1.nt                          3.46029e-18
x1.xs2.nh                                 3.63
x1.y2                                     3.63
x1.xs2.nt                          8.64237e-07
x1.xs3.nh                                 3.63
x1.y3                                        0
x1.xs3.nt                          1.09686e-26
x1.xs4.nh                                 3.63
x1.y4                                     3.63
x1.xs4.nt                          1.32155e-06
x1.xs5.nh                                 3.63
x1.xs5.nt                          4.54964e-19
x1.nb1                                    3.63
x1.nb2                               1.047e-08
clk1                                      3.63
x1.xcdec1.c_moscap_int1                  -3.63
x1.xcdec2.c_moscap_int1                  -3.63
e.x1.xcdec2.ec_moscap#branch                 0
e.x1.xcdec1.ec_moscap#branch                 0
vs#branch                          8.65281e-05
vb2#branch                                   0
vb1#branch                                   0
vb0#branch                                   0
vc#branch                                    0
vdd#branch                        -8.65281e-05


No. of Data Rows : 2852
tp_a                =  3.81459e-07 targ=  1.43231e-06 trig=  1.05085e-06
i_a                 =  1.05048e-04 from=  9.56697e-07 to=  2.63092e-06
MCVCOPAIR_A tp=3.81459E-07 f=1.04861E+07 i=0.000105048
Doing analysis at TEMP = 125.000000 and TNOM = 27.000000

Using SPARSE 1.3 as Direct Linear Solver

Initial Transient Solution
--------------------------

Node                                   Voltage
----                                   -------
vdd                                       3.63
vc                                         0.9
nb0                                       3.63
nb1                                          0
nb2                                          0
nvs                                       3.63
x1.xbias.na                            1.16385
x1.xbias.vbpc                          2.50208
x1.xbias.nc                           0.199615
x1.xbias.xrcg.11                        0.1993
x1.xbias.xrcg.21                   0.000315187
x1.xbias.nsu                        0.00976598
x1.xbias.vfix                          1.95844
x1.xbias.nmd                          0.838518
x1.xbias.vbp0                          2.74057
x1.xbias.noff                         0.868662
x1.xbias.xroff.11                     0.868422
x1.xbias.xroff.21                  0.000239777
x1.xbias.nvi                          0.165156
x1.xbias.xrdeg.11                      0.16511
x1.xbias.xrdeg.21                  4.55881e-05
x1.xbias.b0b                       1.27535e-08
x1.xbias.b1b                              3.63
x1.xbias.b2b                              3.63
x1.xbias.vbn1                         0.788946
x1.xbias.ga                            2.74057
x1.xbias.vbp2                           2.7187
x1.xbias.gb                         2.0751e-09
x1.vbn                                0.736598
x1.xbias.gc                               3.63
x1.vbp                                 2.75429
x1.xs1.nh                              1.30964
x1.y1                                        0
x1.y5                                        0
x1.xs1.nt                          3.41194e-23
x1.xs2.nh                                 3.63
x1.y2                                     3.63
x1.xs2.nt                          1.04371e-06
x1.xs3.nh                                 3.63
x1.y3                                        0
x1.xs3.nt                          1.86108e-27
x1.xs4.nh                                 3.63
x1.y4                                     3.63
x1.xs4.nt                          1.59755e-06
x1.xs5.nh                                 3.63
x1.xs5.nt                         -1.10774e-36
x1.nb1                                    3.63
x1.nb2                               1.047e-08
clk1                                      3.63
x1.xcdec1.c_moscap_int1                  -3.63
x1.xcdec2.c_moscap_int1                  -3.63
e.x1.xcdec2.ec_moscap#branch                 0
e.x1.xcdec1.ec_moscap#branch                 0
vs#branch                          6.51525e-05
vb2#branch                                   0
vb1#branch                                   0
vb0#branch                                   0
vc#branch                                    0
vdd#branch                        -6.51525e-05


No. of Data Rows : 2992
tp_b                =  4.99664e-07 targ=  1.87451e-06 trig=  1.37485e-06
i_b                 =  8.14301e-05 from=  1.26171e-06 to=  3.46971e-06
MCVCOPAIR_B tp=4.99664E-07 f=8.00538E+06 i=8.14301E-05
Note: Simulation executed from .control section 
