2026-09-08 14:40:46 -0700: Memory Usage (324080K) : Starting running GF180MCU Klayout DRC runset on /Users/rwalters/GitHub/gf180-pll/.loom/worktrees/issue-293/layout/evidence/vco-layout/vco_bias_resistors.gds
2026-09-08 14:40:46 -0700: Memory Usage (324080K) : Ruby Version for klayout: 3.4.10
2026-09-08 14:40:46 -0700: Memory Usage (324576K) : Loading database to memory is complete.
2026-09-08 14:40:46 -0700: Memory Usage (324576K) : GF180MCU Klayout DRC runset output at: /private/tmp/drc-bias-final/vco_bias_resistors_main.lyrdb
2026-09-08 14:40:46 -0700: Memory Usage (324624K) : Evaluate switches.
2026-09-08 14:40:46 -0700: Memory Usage (324624K) : table_name selected  main
2026-09-08 14:40:46 -0700: Memory Usage (324640K) : CONNECTIVITY_RULES enabled: true
2026-09-08 14:40:46 -0700: Memory Usage (324640K) : Wedge enabled: false
2026-09-08 14:40:46 -0700: Memory Usage (324640K) : Ball enabled: false
2026-09-08 14:40:46 -0700: Memory Usage (324640K) : Gold enabled: false
2026-09-08 14:40:46 -0700: Memory Usage (324640K) : MIM Option selected: B
2026-09-08 14:40:46 -0700: Memory Usage (324640K) : Offgrid enabled:  true
2026-09-08 14:40:46 -0700: Memory Usage (324640K) : Number of threads to use 2
2026-09-08 14:40:46 -0700: Memory Usage (324640K) : Verbose mode: false
2026-09-08 14:40:46 -0700: Memory Usage (324656K) : deep  mode is enabled for main table
2026-09-08 14:40:46 -0700: Memory Usage (324656K) : METAL_TOP Selected is 11K
2026-09-08 14:40:46 -0700: Memory Usage (324656K) : METAL_STACK Selected is 5LM
2026-09-08 14:40:46 -0700: Memory Usage (324656K) : FEOL enabled: true
2026-09-08 14:40:46 -0700: Memory Usage (324672K) : BEOL enabled: true
2026-09-08 14:40:46 -0700: Memory Usage (324672K) : SLOW_VIA enabled: false
2026-09-08 14:40:46 -0700: Memory Usage (324672K) : Read in polygons from layers.
2026-09-08 14:40:47 -0700: Memory Usage (325200K) : comp has 4 polygons
2026-09-08 14:40:47 -0700: Memory Usage (325200K) : dnwell has 0 polygons
2026-09-08 14:40:47 -0700: Memory Usage (325216K) : nwell has 0 polygons
2026-09-08 14:40:47 -0700: Memory Usage (325216K) : lvpwell has 0 polygons
2026-09-08 14:40:47 -0700: Memory Usage (325232K) : dualgate has 0 polygons
2026-09-08 14:40:47 -0700: Memory Usage (325264K) : poly2 has 3 polygons
2026-09-08 14:40:47 -0700: Memory Usage (325312K) : nplus has 0 polygons
2026-09-08 14:40:47 -0700: Memory Usage (325312K) : pplus has 7 polygons
2026-09-08 14:40:47 -0700: Memory Usage (325312K) : sab has 3 polygons
2026-09-08 14:40:47 -0700: Memory Usage (325312K) : esd has 0 polygons
2026-09-08 14:40:47 -0700: Memory Usage (325360K) : resistor has 0 polygons
2026-09-08 14:40:47 -0700: Memory Usage (325408K) : fhres has 0 polygons
2026-09-08 14:40:47 -0700: Memory Usage (325456K) : fusetop has 0 polygons
2026-09-08 14:40:47 -0700: Memory Usage (325520K) : fusewindow_d has 0 polygons
2026-09-08 14:40:47 -0700: Memory Usage (325520K) : polyfuse has 0 polygons
2026-09-08 14:40:47 -0700: Memory Usage (325520K) : mvsd has 0 polygons
2026-09-08 14:40:47 -0700: Memory Usage (325520K) : mvpsd has 0 polygons
2026-09-08 14:40:47 -0700: Memory Usage (325520K) : nat has 0 polygons
2026-09-08 14:40:47 -0700: Memory Usage (325520K) : comp_dummy has 0 polygons
2026-09-08 14:40:47 -0700: Memory Usage (325520K) : poly2_dummy has 0 polygons
2026-09-08 14:40:47 -0700: Memory Usage (325520K) : schottky_diode has 0 polygons
2026-09-08 14:40:47 -0700: Memory Usage (325520K) : zener has 0 polygons
2026-09-08 14:40:47 -0700: Memory Usage (325520K) : res_mk has 3 polygons
2026-09-08 14:40:47 -0700: Memory Usage (325520K) : opc_drc has 0 polygons
2026-09-08 14:40:47 -0700: Memory Usage (325520K) : v5_xtor has 0 polygons
2026-09-08 14:40:48 -0700: Memory Usage (325520K) : cap_mk has 0 polygons
2026-09-08 14:40:48 -0700: Memory Usage (325520K) : mos_cap_mk has 0 polygons
2026-09-08 14:40:48 -0700: Memory Usage (325552K) : ind_mk has 0 polygons
2026-09-08 14:40:48 -0700: Memory Usage (325552K) : diode_mk has 0 polygons
2026-09-08 14:40:48 -0700: Memory Usage (325552K) : drc_bjt has 0 polygons
2026-09-08 14:40:48 -0700: Memory Usage (325552K) : lvs_bjt has 0 polygons
2026-09-08 14:40:48 -0700: Memory Usage (325552K) : mim_l_mk has 0 polygons
2026-09-08 14:40:48 -0700: Memory Usage (325552K) : latchup_mk has 0 polygons
2026-09-08 14:40:48 -0700: Memory Usage (325552K) : guard_ring_mk has 0 polygons
2026-09-08 14:40:48 -0700: Memory Usage (325552K) : otp_mk has 0 polygons
2026-09-08 14:40:48 -0700: Memory Usage (325552K) : mtpmark has 0 polygons
2026-09-08 14:40:48 -0700: Memory Usage (325552K) : neo_ee_mk has 0 polygons
2026-09-08 14:40:48 -0700: Memory Usage (325552K) : sramcore has 0 polygons
2026-09-08 14:40:48 -0700: Memory Usage (325552K) : lvs_rf has 0 polygons
2026-09-08 14:40:48 -0700: Memory Usage (325552K) : lvs_drain has 0 polygons
2026-09-08 14:40:48 -0700: Memory Usage (325552K) : ind_mk has 0 polygons
2026-09-08 14:40:48 -0700: Memory Usage (325552K) : hvpolyrs has 0 polygons
2026-09-08 14:40:48 -0700: Memory Usage (325552K) : lvs_io has 0 polygons
2026-09-08 14:40:48 -0700: Memory Usage (325552K) : probe_mk has 0 polygons
2026-09-08 14:40:48 -0700: Memory Usage (325552K) : esd_mk has 0 polygons
2026-09-08 14:40:48 -0700: Memory Usage (325552K) : lvs_source has 0 polygons
2026-09-08 14:40:48 -0700: Memory Usage (325552K) : well_diode_mk has 0 polygons
2026-09-08 14:40:48 -0700: Memory Usage (325552K) : ldmos_xtor has 0 polygons
2026-09-08 14:40:49 -0700: Memory Usage (325552K) : plfuse has 0 polygons
2026-09-08 14:40:49 -0700: Memory Usage (325552K) : efuse_mk has 0 polygons
2026-09-08 14:40:49 -0700: Memory Usage (325552K) : mcell_feol_mk has 0 polygons
2026-09-08 14:40:49 -0700: Memory Usage (325552K) : ymtp_mk has 0 polygons
2026-09-08 14:40:49 -0700: Memory Usage (325536K) : dev_wf_mk has 0 polygons
2026-09-08 14:40:49 -0700: Memory Usage (325536K) : comp_label has 0 polygons
2026-09-08 14:40:49 -0700: Memory Usage (325536K) : poly2_label has 0 polygons
2026-09-08 14:40:49 -0700: Memory Usage (325536K) : mdiode has 0 polygons
2026-09-08 14:40:49 -0700: Memory Usage (325536K) : ndmy has 0 polygons
2026-09-08 14:40:49 -0700: Memory Usage (325536K) : pmndmy has 0 polygons
2026-09-08 14:40:49 -0700: Memory Usage (325536K) : contact has 416 polygons
2026-09-08 14:40:49 -0700: Memory Usage (325552K) : metal1_drawn has 12 polygons
2026-09-08 14:40:49 -0700: Memory Usage (325552K) : metal1_dummy has 0 polygons
2026-09-08 14:40:49 -0700: Memory Usage (325568K) : metal1_label has 0 polygons
2026-09-08 14:40:49 -0700: Memory Usage (325568K) : metal1_slot has 0 polygons
2026-09-08 14:40:49 -0700: Memory Usage (325568K) : metal1_blk has 0 polygons
2026-09-08 14:40:49 -0700: Memory Usage (325568K) : via1 has 0 polygons
2026-09-08 14:40:50 -0700: Memory Usage (325568K) : metal2_drawn has 0 polygons
2026-09-08 14:40:50 -0700: Memory Usage (325568K) : metal2_dummy has 0 polygons
2026-09-08 14:40:50 -0700: Memory Usage (325568K) : metal2_label has 0 polygons
2026-09-08 14:40:50 -0700: Memory Usage (325568K) : metal2_slot has 0 polygons
2026-09-08 14:40:50 -0700: Memory Usage (325568K) : metal2_blk has 0 polygons
2026-09-08 14:40:50 -0700: Memory Usage (325568K) : via2 has 0 polygons
2026-09-08 14:40:50 -0700: Memory Usage (325568K) : metal3_drawn has 0 polygons
2026-09-08 14:40:50 -0700: Memory Usage (325568K) : metal3_dummy has 0 polygons
2026-09-08 14:40:50 -0700: Memory Usage (325568K) : metal3_label has 0 polygons
2026-09-08 14:40:50 -0700: Memory Usage (325568K) : metal3_slot has 0 polygons
2026-09-08 14:40:50 -0700: Memory Usage (325568K) : metal3_blk has 0 polygons
2026-09-08 14:40:50 -0700: Memory Usage (325568K) : via3 has 0 polygons
2026-09-08 14:40:50 -0700: Memory Usage (325568K) : metal4_drawn has 0 polygons
2026-09-08 14:40:50 -0700: Memory Usage (325568K) : metal4_dummy has 0 polygons
2026-09-08 14:40:50 -0700: Memory Usage (325568K) : metal4_label has 0 polygons
2026-09-08 14:40:50 -0700: Memory Usage (325568K) : metal4_slot has 0 polygons
2026-09-08 14:40:50 -0700: Memory Usage (325568K) : metal4_blk has 0 polygons
2026-09-08 14:40:51 -0700: Memory Usage (325568K) : via4 has 0 polygons
2026-09-08 14:40:51 -0700: Memory Usage (325568K) : metal5_drawn has 0 polygons
2026-09-08 14:40:51 -0700: Memory Usage (325568K) : metal5_dummy has 0 polygons
2026-09-08 14:40:51 -0700: Memory Usage (325584K) : metal5_label has 0 polygons
2026-09-08 14:40:51 -0700: Memory Usage (325584K) : metal5_slot has 0 polygons
2026-09-08 14:40:51 -0700: Memory Usage (325584K) : metal5_blk has 0 polygons
2026-09-08 14:40:51 -0700: Memory Usage (325584K) : pad has 0 polygons
2026-09-08 14:40:51 -0700: Memory Usage (325584K) : ubmpperi has 0 polygons
2026-09-08 14:40:51 -0700: Memory Usage (325584K) : ubmparray has 0 polygons
2026-09-08 14:40:51 -0700: Memory Usage (325584K) : ubmeplate has 0 polygons
2026-09-08 14:40:51 -0700: Memory Usage (325584K) : metal1_res has 0 polygons
2026-09-08 14:40:51 -0700: Memory Usage (325584K) : metal2_res has 0 polygons
2026-09-08 14:40:51 -0700: Memory Usage (325584K) : metal3_res has 0 polygons
2026-09-08 14:40:51 -0700: Memory Usage (325584K) : metal4_res has 0 polygons
2026-09-08 14:40:51 -0700: Memory Usage (325584K) : metal5_res has 0 polygons
2026-09-08 14:40:51 -0700: Memory Usage (325584K) : metal6_res has 0 polygons
2026-09-08 14:40:51 -0700: Memory Usage (325584K) : pr_bndry has 0 polygons
2026-09-08 14:40:51 -0700: Memory Usage (325584K) : border has 0 polygons
2026-09-08 14:40:51 -0700: Memory Usage (325584K) : Total no. of polygons in the design is 448
2026-09-08 14:40:51 -0700: Memory Usage (325584K) : Starting deriving base layers.
2026-09-08 14:40:51 -0700: Memory Usage (327888K) : Construct connectivity for the design.
2026-09-08 14:40:51 -0700: Memory Usage (328032K) : Connectivity rules enabled, Netlist object will be generated.
2026-09-08 14:40:52 -0700: Memory Usage (328672K) : Total area of the design is 556.512 um^2.
2026-09-08 14:40:52 -0700: Memory Usage (328672K) : Starting GF180MCU DRC rules.
2026-09-08 14:40:52 -0700: Memory Usage (328672K) : Running all FEOL rules
2026-09-08 14:40:52 -0700: Memory Usage (328672K) : Running all BEOL rules
2026-09-08 14:40:52 -0700: Memory Usage (328672K) : Starting CONTACT derivations
2026-09-08 14:40:52 -0700: Memory Usage (329392K) : Executing rule CO.1
2026-09-08 14:40:52 -0700: Memory Usage (329856K) : Executing rule CO.2a
2026-09-08 14:40:52 -0700: Memory Usage (330224K) : Executing rule CO.2b
2026-09-08 14:40:52 -0700: Memory Usage (330784K) : Executing rule CO.3
2026-09-08 14:40:52 -0700: Memory Usage (331072K) : Executing rule CO.4
2026-09-08 14:40:52 -0700: Memory Usage (331120K) : Executing rule CO.5a
2026-09-08 14:40:52 -0700: Memory Usage (331120K) : Executing rule CO.5b
2026-09-08 14:40:52 -0700: Memory Usage (331120K) : Executing rule CO.6
2026-09-08 14:40:52 -0700: Memory Usage (331120K) : Executing rule CO.6a
2026-09-08 14:40:52 -0700: Memory Usage (331472K) : Executing rule CO.6b
2026-09-08 14:40:52 -0700: Memory Usage (331568K) : Executing rule CO.7
2026-09-08 14:40:52 -0700: Memory Usage (331584K) : Executing rule CO.8
2026-09-08 14:40:52 -0700: Memory Usage (331584K) : Executing rule CO.9
2026-09-08 14:40:52 -0700: Memory Usage (331584K) : Executing rule CO.10
2026-09-08 14:40:52 -0700: Memory Usage (331584K) : Executing rule CO.11
2026-09-08 14:40:52 -0700: Memory Usage (331584K) : Executing rule DE.2
2026-09-08 14:40:52 -0700: Memory Usage (331584K) : Executing rule DE.3
2026-09-08 14:40:52 -0700: Memory Usage (331584K) : Executing rule DE.4
2026-09-08 14:40:53 -0700: Memory Usage (331584K) : Executing rule DV.1
2026-09-08 14:40:53 -0700: Memory Usage (331584K) : Executing rule DV.2
2026-09-08 14:40:53 -0700: Memory Usage (331584K) : Executing rule DV.3
2026-09-08 14:40:53 -0700: Memory Usage (331584K) : Executing rule DV.5
2026-09-08 14:40:53 -0700: Memory Usage (331584K) : Executing rule DV.6
2026-09-08 14:40:53 -0700: Memory Usage (331584K) : Executing rule DV.7
2026-09-08 14:40:53 -0700: Memory Usage (331584K) : Executing rule DV.8
2026-09-08 14:40:53 -0700: Memory Usage (331584K) : Executing rule DV.9
2026-09-08 14:40:53 -0700: Memory Usage (331584K) : Executing rule MDP.1
2026-09-08 14:40:53 -0700: Memory Usage (331584K) : Executing rule MDP.1a
2026-09-08 14:40:53 -0700: Memory Usage (331584K) : Executing rule MDP.2
2026-09-08 14:40:53 -0700: Memory Usage (331584K) : Executing rule MDP.3
2026-09-08 14:40:53 -0700: Memory Usage (331584K) : Executing rule MDP.3ai
2026-09-08 14:40:53 -0700: Memory Usage (331584K) : Executing rule MDP.3aii
2026-09-08 14:40:53 -0700: Memory Usage (331584K) : Executing rule MDP.3b
2026-09-08 14:40:53 -0700: Memory Usage (331584K) : Executing rule MDP.3c
2026-09-08 14:40:53 -0700: Memory Usage (331712K) : Executing rule MDP.3d
2026-09-08 14:40:53 -0700: Memory Usage (331712K) : Executing rule MDP.4
2026-09-08 14:40:53 -0700: Memory Usage (331728K) : Executing rule MDP.4a
2026-09-08 14:40:53 -0700: Memory Usage (331728K) : Executing rule MDP.4b
2026-09-08 14:40:53 -0700: Memory Usage (331728K) : Executing rule MDP.5
2026-09-08 14:40:53 -0700: Memory Usage (331936K) : Executing rule MDP.5a
2026-09-08 14:40:53 -0700: Memory Usage (332368K) : Executing rule MDP.6
2026-09-08 14:40:53 -0700: Memory Usage (332448K) : Executing rule MDP.6a
2026-09-08 14:40:54 -0700: Memory Usage (332496K) : Executing rule MDP.7
2026-09-08 14:40:54 -0700: Memory Usage (332496K) : Executing rule MDP.8
2026-09-08 14:40:54 -0700: Memory Usage (332496K) : Executing rule MDP.9a
2026-09-08 14:40:54 -0700: Memory Usage (332496K) : Executing rule MDP.9b
2026-09-08 14:40:54 -0700: Memory Usage (332496K) : Executing rule MDP.9c
2026-09-08 14:40:54 -0700: Memory Usage (332528K) : Executing rule MDP.9d
2026-09-08 14:40:54 -0700: Memory Usage (332528K) : Executing rule MDP.9ei
2026-09-08 14:40:54 -0700: Memory Usage (332528K) : Executing rule MDP.9eii
2026-09-08 14:40:54 -0700: Memory Usage (332528K) : Executing rule MDP.9f
2026-09-08 14:40:54 -0700: Memory Usage (332528K) : Executing rule MDP.10
2026-09-08 14:40:54 -0700: Memory Usage (332528K) : CONNECTIVITY_RULES section
2026-09-08 14:40:54 -0700: Memory Usage (332576K) : Executing rule MDP.10a
2026-09-08 14:40:54 -0700: Memory Usage (332576K) : Executing rule MDP.10b
2026-09-08 14:40:54 -0700: Memory Usage (332576K) : Executing rule MDP.11
2026-09-08 14:40:54 -0700: Memory Usage (332576K) : Executing rule MDP.12
2026-09-08 14:40:54 -0700: Memory Usage (332576K) : Executing rule MDP.13a
2026-09-08 14:40:54 -0700: Memory Usage (332576K) : Executing rule MDP.13b
2026-09-08 14:40:54 -0700: Memory Usage (332576K) : Executing rule MDP.13c
2026-09-08 14:40:54 -0700: Memory Usage (332576K) : Executing rule MDP.15
2026-09-08 14:40:54 -0700: Memory Usage (332576K) : Executing rule MDP.16a
2026-09-08 14:40:54 -0700: Memory Usage (332576K) : Executing rule MDP.16b
2026-09-08 14:40:55 -0700: Memory Usage (332576K) : Executing rule MDP.17a
2026-09-08 14:40:55 -0700: Memory Usage (332576K) : Executing rule MDP.17c
2026-09-08 14:40:55 -0700: Memory Usage (332576K) : Starting NPLUS derivations
2026-09-08 14:40:55 -0700: Memory Usage (332576K) : Executing rule NP.1
2026-09-08 14:40:55 -0700: Memory Usage (332576K) : Executing rule NP.2
2026-09-08 14:40:55 -0700: Memory Usage (332576K) : Executing rule NP.3a
2026-09-08 14:40:55 -0700: Memory Usage (332576K) : Executing rule NP.3bi
2026-09-08 14:40:55 -0700: Memory Usage (332576K) : Executing rule NP.3bii
2026-09-08 14:40:55 -0700: Memory Usage (332576K) : Executing rule NP.3ci
2026-09-08 14:40:55 -0700: Memory Usage (332576K) : Executing rule NP.3cii
2026-09-08 14:40:55 -0700: Memory Usage (332576K) : Executing rule NP.3d
2026-09-08 14:40:55 -0700: Memory Usage (332576K) : Executing rule NP.3e
2026-09-08 14:40:55 -0700: Memory Usage (332576K) : Executing rule NP.4a
2026-09-08 14:40:55 -0700: Memory Usage (332576K) : Executing rule NP.4b
2026-09-08 14:40:55 -0700: Memory Usage (332576K) : Executing rule NP.5a
2026-09-08 14:40:55 -0700: Memory Usage (332576K) : Executing rule PP.5b
2026-09-08 14:40:55 -0700: Memory Usage (332576K) : Executing rule NP.5ci
2026-09-08 14:40:55 -0700: Memory Usage (332576K) : Executing rule NP.5cii
2026-09-08 14:40:55 -0700: Memory Usage (332576K) : Executing rule NP.5di
2026-09-08 14:40:55 -0700: Memory Usage (332576K) : Executing rule NP.5dii
2026-09-08 14:40:55 -0700: Memory Usage (332576K) : Executing rule NP.6
2026-09-08 14:40:56 -0700: Memory Usage (332576K) : Executing rule NP.7
2026-09-08 14:40:56 -0700: Memory Usage (332592K) : Executing rule NP.8a
2026-09-08 14:40:56 -0700: Memory Usage (332592K) : Executing rule NP.8b
2026-09-08 14:40:56 -0700: Memory Usage (332592K) : Executing rule NP.9
2026-09-08 14:40:56 -0700: Memory Usage (332608K) : Executing rule NP.10
2026-09-08 14:40:56 -0700: Memory Usage (332608K) : Executing rule NP.11
2026-09-08 14:40:56 -0700: Memory Usage (332608K) : Executing rule NP.12
2026-09-08 14:40:56 -0700: Memory Usage (332608K) : Starting EFUSE derivations
2026-09-08 14:40:56 -0700: Memory Usage (332608K) : Executing rule EF.01
2026-09-08 14:40:56 -0700: Memory Usage (332608K) : Executing rule EF.02
2026-09-08 14:40:56 -0700: Memory Usage (332624K) : Executing rule EF.03
2026-09-08 14:40:56 -0700: Memory Usage (332640K) : Executing rule EF.04a
2026-09-08 14:40:56 -0700: Memory Usage (332640K) : Executing rule EF.04b
2026-09-08 14:40:56 -0700: Memory Usage (332640K) : Executing rule EF.04c
2026-09-08 14:40:56 -0700: Memory Usage (332640K) : Executing rule EF.04d
2026-09-08 14:40:56 -0700: Memory Usage (332640K) : Executing rule EF.05
2026-09-08 14:40:56 -0700: Memory Usage (332640K) : Executing rule EF.06
2026-09-08 14:40:56 -0700: Memory Usage (332640K) : Executing rule EF.07
2026-09-08 14:40:56 -0700: Memory Usage (332640K) : Executing rule EF.08
2026-09-08 14:40:56 -0700: Memory Usage (332640K) : Executing rule EF.09
2026-09-08 14:40:56 -0700: Memory Usage (332640K) : Executing rule EF.10
2026-09-08 14:40:56 -0700: Memory Usage (332640K) : Executing rule EF.11
2026-09-08 14:40:56 -0700: Memory Usage (332640K) : Executing rule EF.12
2026-09-08 14:40:56 -0700: Memory Usage (332640K) : Executing rule EF.13
2026-09-08 14:40:57 -0700: Memory Usage (332640K) : Executing rule EF.14
2026-09-08 14:40:57 -0700: Memory Usage (332640K) : Executing rule EF.15
2026-09-08 14:40:57 -0700: Memory Usage (332640K) : Executing rule EF.16a
2026-09-08 14:40:57 -0700: Memory Usage (332640K) : Executing rule EF.16b
2026-09-08 14:40:57 -0700: Memory Usage (332640K) : Executing rule EF.17
2026-09-08 14:40:57 -0700: Memory Usage (332640K) : Executing rule EF.18
2026-09-08 14:40:57 -0700: Memory Usage (332640K) : Executing rule EF.19
2026-09-08 14:40:57 -0700: Memory Usage (332640K) : Executing rule EF.20
2026-09-08 14:40:57 -0700: Memory Usage (332640K) : Executing rule EF.21
2026-09-08 14:40:57 -0700: Memory Usage (332640K) : Executing rule EF.22a
2026-09-08 14:40:57 -0700: Memory Usage (332640K) : Executing rule EF.22b
2026-09-08 14:40:57 -0700: Memory Usage (332640K) : Starting LVPWELL derivations
2026-09-08 14:40:57 -0700: Memory Usage (332640K) : Executing rule LPW.1_LV
2026-09-08 14:40:57 -0700: Memory Usage (332640K) : Executing rule LPW.1_MV
2026-09-08 14:40:57 -0700: Memory Usage (332640K) : CONNECTIVITY_RULES section
2026-09-08 14:40:57 -0700: Memory Usage (332640K) : Executing rule LPW.2a_LV
2026-09-08 14:40:57 -0700: Memory Usage (332640K) : Executing rule LPW.2a_MV
2026-09-08 14:40:57 -0700: Memory Usage (332640K) : Executing rule LPW.2b_LV
2026-09-08 14:40:58 -0700: Memory Usage (332640K) : Executing rule LPW.2b_MV
2026-09-08 14:40:58 -0700: Memory Usage (332640K) : Executing rule LPW.3_LV
2026-09-08 14:40:58 -0700: Memory Usage (332640K) : Executing rule LPW.5
2026-09-08 14:40:58 -0700: Memory Usage (332640K) : Executing rule LPW.11
2026-09-08 14:40:58 -0700: Memory Usage (332640K) : Executing rule LPW.12
2026-09-08 14:40:58 -0700: Memory Usage (332640K) : MIM Capacitor Option B section
2026-09-08 14:40:58 -0700: Memory Usage (332640K) : Executing rule MIMTM.1
2026-09-08 14:40:58 -0700: Memory Usage (332640K) : Executing rule MIMTM.2
2026-09-08 14:40:58 -0700: Memory Usage (332640K) : Executing rule MIMTM.3
2026-09-08 14:40:58 -0700: Memory Usage (332640K) : Executing rule MIMTM.4
2026-09-08 14:40:58 -0700: Memory Usage (332640K) : Executing rule MIMTM.5
2026-09-08 14:40:58 -0700: Memory Usage (332640K) : Executing rule MIMTM.6
2026-09-08 14:40:58 -0700: Memory Usage (332640K) : Executing rule MIMTM.7
2026-09-08 14:40:58 -0700: Memory Usage (332640K) : Executing rule MIMTM.8a
2026-09-08 14:40:58 -0700: Memory Usage (332640K) : Executing rule MIMTM.8b
2026-09-08 14:40:58 -0700: Memory Usage (332640K) : Executing rule MIMTM.9
2026-09-08 14:40:58 -0700: Memory Usage (332640K) : Executing rule MIMTM.10
2026-09-08 14:40:58 -0700: Memory Usage (332640K) : Executing rule MIMTM.11
2026-09-08 14:40:59 -0700: Memory Usage (332640K) : Starting NAT derivations
2026-09-08 14:40:59 -0700: Memory Usage (332640K) : Executing rule NAT.1
2026-09-08 14:40:59 -0700: Memory Usage (332640K) : Executing rule NAT.2
2026-09-08 14:40:59 -0700: Memory Usage (332640K) : Executing rule NAT.3
2026-09-08 14:40:59 -0700: Memory Usage (332640K) : Executing rule NAT.4
2026-09-08 14:40:59 -0700: Memory Usage (332640K) : Executing rule NAT.5
2026-09-08 14:40:59 -0700: Memory Usage (332640K) : CONNECTIVITY_RULES section
2026-09-08 14:40:59 -0700: Memory Usage (332640K) : Executing rule NAT.6
2026-09-08 14:40:59 -0700: Memory Usage (332640K) : Executing rule NAT.7
2026-09-08 14:40:59 -0700: Memory Usage (332640K) : Executing rule NAT.8
2026-09-08 14:40:59 -0700: Memory Usage (332640K) : Executing rule NAT.9
2026-09-08 14:40:59 -0700: Memory Usage (332640K) : Executing rule NAT.10
2026-09-08 14:40:59 -0700: Memory Usage (332640K) : Executing rule NAT.11
2026-09-08 14:40:59 -0700: Memory Usage (332640K) : Executing rule NAT.12
2026-09-08 14:40:59 -0700: Memory Usage (332640K) : Starting PPLUS derivations
2026-09-08 14:40:59 -0700: Memory Usage (332640K) : Executing rule PP.1
2026-09-08 14:40:59 -0700: Memory Usage (332640K) : Executing rule PP.2
2026-09-08 14:40:59 -0700: Memory Usage (332640K) : Executing rule PP.3a
2026-09-08 14:40:59 -0700: Memory Usage (332640K) : Executing rule PP.3bi
2026-09-08 14:41:00 -0700: Memory Usage (332640K) : Executing rule PP.3bii
2026-09-08 14:41:00 -0700: Memory Usage (332640K) : Executing rule PP.3ci
2026-09-08 14:41:00 -0700: Memory Usage (332640K) : Executing rule PP.3cii
2026-09-08 14:41:00 -0700: Memory Usage (332640K) : Executing rule PP.3d
2026-09-08 14:41:00 -0700: Memory Usage (332640K) : Executing rule PP.3e
2026-09-08 14:41:00 -0700: Memory Usage (332640K) : Executing rule PP.4a
2026-09-08 14:41:00 -0700: Memory Usage (332640K) : Executing rule PP.4b
2026-09-08 14:41:00 -0700: Memory Usage (332640K) : Executing rule PP.5a
2026-09-08 14:41:00 -0700: Memory Usage (332640K) : Executing rule PP.5b
2026-09-08 14:41:00 -0700: Memory Usage (332640K) : Executing rule PP.5ci
2026-09-08 14:41:00 -0700: Memory Usage (332640K) : Executing rule PP.5cii
2026-09-08 14:41:00 -0700: Memory Usage (332640K) : Executing rule PP.5di
2026-09-08 14:41:00 -0700: Memory Usage (332640K) : Executing rule PP.5dii
2026-09-08 14:41:00 -0700: Memory Usage (332640K) : Executing rule PP.6
2026-09-08 14:41:00 -0700: Memory Usage (332640K) : Executing rule PP.7
2026-09-08 14:41:01 -0700: Memory Usage (332640K) : Executing rule PP.8a
2026-09-08 14:41:01 -0700: Memory Usage (332640K) : Executing rule PP.8b
2026-09-08 14:41:01 -0700: Memory Usage (332640K) : Executing rule PP.9
2026-09-08 14:41:01 -0700: Memory Usage (332640K) : Executing rule PP.10
2026-09-08 14:41:01 -0700: Memory Usage (332640K) : Executing rule PP.11
2026-09-08 14:41:01 -0700: Memory Usage (332640K) : Executing rule PP.12
2026-09-08 14:41:01 -0700: Memory Usage (332640K) : Executing rule M4.1
2026-09-08 14:41:01 -0700: Memory Usage (332640K) : Executing rule M4.2a
2026-09-08 14:41:01 -0700: Memory Usage (332640K) : Executing rule M4.2b
2026-09-08 14:41:01 -0700: Memory Usage (332640K) : Executing rule M4.3
2026-09-08 14:41:01 -0700: Memory Usage (332640K) : Executing rule V4.1
2026-09-08 14:41:01 -0700: Memory Usage (332640K) : Executing rule V4.2a
2026-09-08 14:41:01 -0700: Memory Usage (332656K) : Executing rule V4.2b
2026-09-08 14:41:01 -0700: Memory Usage (332656K) : Executing rule V4.3b
2026-09-08 14:41:01 -0700: Memory Usage (332656K) : Executing rule V4.3c
2026-09-08 14:41:01 -0700: Memory Usage (332656K) : Executing rule V4.3d
2026-09-08 14:41:01 -0700: Memory Usage (332656K) : Executing rule V4.4a
2026-09-08 14:41:01 -0700: Memory Usage (332656K) : Executing rule V4.4b
2026-09-08 14:41:01 -0700: Memory Usage (332656K) : Executing rule V4.4c
2026-09-08 14:41:01 -0700: Memory Usage (332656K) : Starting sab derivations
2026-09-08 14:41:01 -0700: Memory Usage (332656K) : Executing rule SB.1
2026-09-08 14:41:01 -0700: Memory Usage (332656K) : Executing rule SB.2
2026-09-08 14:41:01 -0700: Memory Usage (332656K) : Executing rule SB.3
2026-09-08 14:41:02 -0700: Memory Usage (332656K) : Executing rule SB.4
2026-09-08 14:41:02 -0700: Memory Usage (332656K) : Executing rule SB.5a
2026-09-08 14:41:02 -0700: Memory Usage (332656K) : Executing rule SB.5b
2026-09-08 14:41:02 -0700: Memory Usage (332656K) : Executing rule SB.6
2026-09-08 14:41:02 -0700: Memory Usage (332656K) : Executing rule SB.7
2026-09-08 14:41:02 -0700: Memory Usage (332656K) : Executing rule SB.8
2026-09-08 14:41:02 -0700: Memory Usage (332656K) : Executing rule SB.9
2026-09-08 14:41:02 -0700: Memory Usage (332656K) : Executing rule SB.10
2026-09-08 14:41:02 -0700: Memory Usage (332656K) : Executing rule SB.11
2026-09-08 14:41:02 -0700: Memory Usage (332656K) : Executing rule SB.12
2026-09-08 14:41:02 -0700: Memory Usage (332656K) : Executing rule SB.13
2026-09-08 14:41:02 -0700: Memory Usage (332656K) : Executing rule SB.14a
2026-09-08 14:41:02 -0700: Memory Usage (332656K) : Executing rule SB.14b
2026-09-08 14:41:02 -0700: Memory Usage (332672K) : Executing rule SB.15a
2026-09-08 14:41:02 -0700: Memory Usage (332688K) : Executing rule SB.15b
2026-09-08 14:41:02 -0700: Memory Usage (332720K) : Executing rule SB.16
2026-09-08 14:41:02 -0700: Memory Usage (332720K) : OFFGRID-ANGLES section
2026-09-08 14:41:02 -0700: Memory Usage (332720K) : Executing rule comp_OFFGRID
2026-09-08 14:41:02 -0700: Memory Usage (332720K) : Executing rule dnwell_OFFGRID
2026-09-08 14:41:02 -0700: Memory Usage (332720K) : Executing rule nwell_OFFGRID
2026-09-08 14:41:02 -0700: Memory Usage (332720K) : Executing rule lvpwell_OFFGRID
2026-09-08 14:41:02 -0700: Memory Usage (332720K) : Executing rule dualgate_OFFGRID
2026-09-08 14:41:02 -0700: Memory Usage (332720K) : Executing rule poly2_OFFGRID
2026-09-08 14:41:02 -0700: Memory Usage (332720K) : Executing rule nplus_OFFGRID
2026-09-08 14:41:02 -0700: Memory Usage (332752K) : Executing rule pplus_OFFGRID
2026-09-08 14:41:02 -0700: Memory Usage (332800K) : Executing rule sab_OFFGRID
2026-09-08 14:41:03 -0700: Memory Usage (332864K) : Executing rule esd_OFFGRID
2026-09-08 14:41:03 -0700: Memory Usage (332896K) : Executing rule resistor_OFFGRID
2026-09-08 14:41:03 -0700: Memory Usage (332944K) : Executing rule fhres_OFFGRID
2026-09-08 14:41:03 -0700: Memory Usage (333024K) : Executing rule fusetop_OFFGRID
2026-09-08 14:41:03 -0700: Memory Usage (333040K) : Executing rule fusewindow_d_OFFGRID
2026-09-08 14:41:03 -0700: Memory Usage (333040K) : Executing rule polyfuse_OFFGRID
2026-09-08 14:41:03 -0700: Memory Usage (333040K) : Executing rule mvsd_OFFGRID
2026-09-08 14:41:03 -0700: Memory Usage (333040K) : Executing rule mvpsd_OFFGRID
2026-09-08 14:41:03 -0700: Memory Usage (333040K) : Executing rule nat_OFFGRID
2026-09-08 14:41:03 -0700: Memory Usage (333040K) : Executing rule comp_dummy_OFFGRID
2026-09-08 14:41:03 -0700: Memory Usage (333040K) : Executing rule poly2_dummy_OFFGRID
2026-09-08 14:41:03 -0700: Memory Usage (333040K) : Executing rule schottky_diode_OFFGRID
2026-09-08 14:41:03 -0700: Memory Usage (333040K) : Executing rule zener_OFFGRID
2026-09-08 14:41:03 -0700: Memory Usage (333040K) : Executing rule res_mk_OFFGRID
2026-09-08 14:41:03 -0700: Memory Usage (333056K) : Executing rule opc_drc_OFFGRID
2026-09-08 14:41:03 -0700: Memory Usage (333120K) : Executing rule ndmy_OFFGRID
2026-09-08 14:41:03 -0700: Memory Usage (333120K) : Executing rule pmndmy_OFFGRID
2026-09-08 14:41:03 -0700: Memory Usage (333120K) : Executing rule v5_xtor_OFFGRID
2026-09-08 14:41:03 -0700: Memory Usage (333120K) : Executing rule cap_mk_OFFGRID
2026-09-08 14:41:03 -0700: Memory Usage (333120K) : Executing rule mos_cap_mk_OFFGRID
2026-09-08 14:41:03 -0700: Memory Usage (333120K) : Executing rule ind_mk_OFFGRID
2026-09-08 14:41:03 -0700: Memory Usage (333120K) : Executing rule diode_mk_OFFGRID
2026-09-08 14:41:03 -0700: Memory Usage (333136K) : Executing rule drc_bjt_OFFGRID
2026-09-08 14:41:04 -0700: Memory Usage (333136K) : Executing rule lvs_bjt_OFFGRID
2026-09-08 14:41:04 -0700: Memory Usage (333136K) : Executing rule mim_l_mk_OFFGRID
2026-09-08 14:41:04 -0700: Memory Usage (333136K) : Executing rule latchup_mk_OFFGRID
2026-09-08 14:41:04 -0700: Memory Usage (333216K) : Executing rule guard_ring_mk_OFFGRID
2026-09-08 14:41:04 -0700: Memory Usage (333216K) : Executing rule otp_mk_OFFGRID
2026-09-08 14:41:04 -0700: Memory Usage (333216K) : Executing rule mtpmark_OFFGRID
2026-09-08 14:41:04 -0700: Memory Usage (333216K) : Executing rule neo_ee_mk_OFFGRID
2026-09-08 14:41:04 -0700: Memory Usage (333216K) : Executing rule sramcore_OFFGRID
2026-09-08 14:41:04 -0700: Memory Usage (333216K) : Executing rule lvs_rf_OFFGRID
2026-09-08 14:41:04 -0700: Memory Usage (333216K) : Executing rule lvs_drain_OFFGRID
2026-09-08 14:41:04 -0700: Memory Usage (333216K) : Executing rule ind_mk_OFFGRID
2026-09-08 14:41:04 -0700: Memory Usage (333216K) : Executing rule hvpolyrs_OFFGRID
2026-09-08 14:41:04 -0700: Memory Usage (333216K) : Executing rule lvs_io_OFFGRID
2026-09-08 14:41:04 -0700: Memory Usage (333216K) : Executing rule probe_mk_OFFGRID
2026-09-08 14:41:04 -0700: Memory Usage (333232K) : Executing rule esd_mk_OFFGRID
2026-09-08 14:41:04 -0700: Memory Usage (333232K) : Executing rule lvs_source_OFFGRID
2026-09-08 14:41:04 -0700: Memory Usage (333232K) : Executing rule well_diode_mk_OFFGRID
2026-09-08 14:41:04 -0700: Memory Usage (333232K) : Executing rule ldmos_xtor_OFFGRID
2026-09-08 14:41:04 -0700: Memory Usage (333232K) : Executing rule plfuse_OFFGRID
2026-09-08 14:41:04 -0700: Memory Usage (333232K) : Executing rule efuse_mk_OFFGRID
2026-09-08 14:41:04 -0700: Memory Usage (333232K) : Executing rule mcell_feol_mk_OFFGRID
2026-09-08 14:41:04 -0700: Memory Usage (333232K) : Executing rule ymtp_mk_OFFGRID
2026-09-08 14:41:04 -0700: Memory Usage (333232K) : Executing rule dev_wf_mk_OFFGRID
2026-09-08 14:41:05 -0700: Memory Usage (333232K) : Executing rule comp_label_OFFGRID
2026-09-08 14:41:05 -0700: Memory Usage (333232K) : Executing rule poly2_label_OFFGRID
2026-09-08 14:41:05 -0700: Memory Usage (333232K) : Executing rule mdiode_OFFGRID
2026-09-08 14:41:05 -0700: Memory Usage (333232K) : Executing rule contact_OFFGRID
2026-09-08 14:41:05 -0700: Memory Usage (333248K) : Executing rule metal1_OFFGRID
2026-09-08 14:41:05 -0700: Memory Usage (333248K) : Executing rule metal1_slot_OFFGRID
2026-09-08 14:41:05 -0700: Memory Usage (333248K) : Executing rule metal1_blk_OFFGRID
2026-09-08 14:41:05 -0700: Memory Usage (333248K) : Executing rule metal1_label_OFFGRID
2026-09-08 14:41:05 -0700: Memory Usage (333248K) : Executing rule via1_OFFGRID
2026-09-08 14:41:05 -0700: Memory Usage (333248K) : Executing rule metal2_OFFGRID
2026-09-08 14:41:05 -0700: Memory Usage (333248K) : Executing rule metal2_label_OFFGRID
2026-09-08 14:41:05 -0700: Memory Usage (333248K) : Executing rule metal2_slot_OFFGRID
2026-09-08 14:41:05 -0700: Memory Usage (333248K) : Executing rule metal2_blk_OFFGRID
2026-09-08 14:41:05 -0700: Memory Usage (333248K) : Executing rule via2_OFFGRID
2026-09-08 14:41:05 -0700: Memory Usage (333248K) : Executing rule metal3_OFFGRID
2026-09-08 14:41:06 -0700: Memory Usage (333248K) : Executing rule metal3_dummy_OFFGRID
2026-09-08 14:41:06 -0700: Memory Usage (333248K) : Executing rule metal3_label_OFFGRID
2026-09-08 14:41:06 -0700: Memory Usage (333248K) : Executing rule metal3_blk_OFFGRID
2026-09-08 14:41:06 -0700: Memory Usage (333248K) : Executing rule via3_OFFGRID
2026-09-08 14:41:06 -0700: Memory Usage (333248K) : Executing rule metal4_OFFGRID
2026-09-08 14:41:06 -0700: Memory Usage (333248K) : Executing rule metal4_dummy_OFFGRID
2026-09-08 14:41:06 -0700: Memory Usage (333248K) : Executing rule metal4_label_OFFGRID
2026-09-08 14:41:06 -0700: Memory Usage (333248K) : Executing rule metal4_blk_OFFGRID
2026-09-08 14:41:06 -0700: Memory Usage (333248K) : Executing rule via4_OFFGRID
2026-09-08 14:41:06 -0700: Memory Usage (333248K) : Executing rule metal5_OFFGRID
2026-09-08 14:41:06 -0700: Memory Usage (333248K) : Executing rule metal5_dummy_OFFGRID
2026-09-08 14:41:06 -0700: Memory Usage (333248K) : Executing rule metal5_label_OFFGRID
2026-09-08 14:41:06 -0700: Memory Usage (333248K) : Executing rule metal5_blk_OFFGRID
2026-09-08 14:41:06 -0700: Memory Usage (333248K) : Executing rule pad_OFFGRID
2026-09-08 14:41:07 -0700: Memory Usage (333248K) : Executing rule ubmpperi_OFFGRID
2026-09-08 14:41:07 -0700: Memory Usage (333248K) : Executing rule ubmparray_OFFGRID
2026-09-08 14:41:07 -0700: Memory Usage (333248K) : Executing rule ubmeplate_OFFGRID
2026-09-08 14:41:07 -0700: Memory Usage (333264K) : Executing rule metal1_res_OFFGRID
2026-09-08 14:41:07 -0700: Memory Usage (333264K) : Executing rule metal2_res_OFFGRID
2026-09-08 14:41:07 -0700: Memory Usage (333264K) : Executing rule metal3_res_OFFGRID
2026-09-08 14:41:07 -0700: Memory Usage (333264K) : Executing rule metal4_res_OFFGRID
2026-09-08 14:41:07 -0700: Memory Usage (333280K) : Executing rule metal5_res_OFFGRID
2026-09-08 14:41:07 -0700: Memory Usage (333280K) : Executing rule metal6_res_OFFGRID
2026-09-08 14:41:07 -0700: Memory Usage (333280K) : Executing rule pr_bndry_OFFGRID
2026-09-08 14:41:07 -0700: Memory Usage (333280K) : Executing rule border_OFFGRID
2026-09-08 14:41:07 -0700: Memory Usage (333280K) : Executing rule M1.1
2026-09-08 14:41:07 -0700: Memory Usage (333280K) : Executing rule M1.2a
2026-09-08 14:41:07 -0700: Memory Usage (333280K) : Executing rule M1.2b
2026-09-08 14:41:07 -0700: Memory Usage (333392K) : Executing rule M1.3
2026-09-08 14:41:07 -0700: Memory Usage (333392K) : MetalTop thickness 9k/11k section
2026-09-08 14:41:08 -0700: Memory Usage (333392K) : Executing rule MT.1
2026-09-08 14:41:08 -0700: Memory Usage (333392K) : Executing rule MT.2a
2026-09-08 14:41:08 -0700: Memory Usage (333392K) : Executing rule MT.2b
2026-09-08 14:41:08 -0700: Memory Usage (333392K) : Executing rule MT.4
2026-09-08 14:41:08 -0700: Memory Usage (333392K) : Executing rule V1.1
2026-09-08 14:41:08 -0700: Memory Usage (333392K) : Executing rule V1.2a
2026-09-08 14:41:08 -0700: Memory Usage (333392K) : Executing rule V1.2b
2026-09-08 14:41:08 -0700: Memory Usage (333392K) : Executing rule V1.3a
2026-09-08 14:41:08 -0700: Memory Usage (333392K) : Executing rule V1.3c
2026-09-08 14:41:08 -0700: Memory Usage (333392K) : Executing rule V1.3d
2026-09-08 14:41:08 -0700: Memory Usage (333392K) : Executing rule V1.4a
2026-09-08 14:41:08 -0700: Memory Usage (333392K) : Executing rule V1.4b
2026-09-08 14:41:08 -0700: Memory Usage (333392K) : Executing rule V1.4c
2026-09-08 14:41:08 -0700: Memory Usage (333392K) : Executing rule M2.1
2026-09-08 14:41:08 -0700: Memory Usage (333392K) : Executing rule M2.2a
2026-09-08 14:41:08 -0700: Memory Usage (333392K) : Executing rule M2.2b
2026-09-08 14:41:08 -0700: Memory Usage (333392K) : Executing rule M2.3
2026-09-08 14:41:08 -0700: Memory Usage (333392K) : Executing rule V3.1
2026-09-08 14:41:09 -0700: Memory Usage (333392K) : Executing rule V3.2a
2026-09-08 14:41:09 -0700: Memory Usage (333392K) : Executing rule V3.2b
2026-09-08 14:41:09 -0700: Memory Usage (333392K) : Executing rule V3.3b
2026-09-08 14:41:09 -0700: Memory Usage (333392K) : Executing rule V3.3c
2026-09-08 14:41:09 -0700: Memory Usage (333392K) : Executing rule V3.3d
2026-09-08 14:41:09 -0700: Memory Usage (333392K) : Executing rule V3.4a
2026-09-08 14:41:09 -0700: Memory Usage (333392K) : Executing rule V3.4b
2026-09-08 14:41:09 -0700: Memory Usage (333392K) : Executing rule V3.4c
2026-09-08 14:41:09 -0700: Memory Usage (333392K) : Starting 10V LDNMOS derivations
2026-09-08 14:41:09 -0700: Memory Usage (333392K) : Executing rule MDN.1
2026-09-08 14:41:09 -0700: Memory Usage (333392K) : CONNECTIVITY_RULES section
2026-09-08 14:41:09 -0700: Memory Usage (333408K) : Executing rule MDN.2a
2026-09-08 14:41:09 -0700: Memory Usage (333456K) : Executing rule MDN.2b
2026-09-08 14:41:09 -0700: Memory Usage (333488K) : Executing rule MDN.3a
2026-09-08 14:41:09 -0700: Memory Usage (333536K) : Executing rule MDN.3b
2026-09-08 14:41:09 -0700: Memory Usage (333536K) : Executing rule MDN.4a
2026-09-08 14:41:09 -0700: Memory Usage (333536K) : Executing rule MDN.4b
2026-09-08 14:41:09 -0700: Memory Usage (333536K) : Executing rule MDN.5ai
2026-09-08 14:41:09 -0700: Memory Usage (333536K) : Executing rule MDN.5aii
2026-09-08 14:41:10 -0700: Memory Usage (333536K) : Executing rule MDN.5b
2026-09-08 14:41:10 -0700: Memory Usage (333536K) : Executing rule MDN.5c
2026-09-08 14:41:10 -0700: Memory Usage (333536K) : Executing rule MDN.6
2026-09-08 14:41:10 -0700: Memory Usage (333536K) : Executing rule MDN.6a
2026-09-08 14:41:10 -0700: Memory Usage (333536K) : Executing rule MDN.7
2026-09-08 14:41:10 -0700: Memory Usage (333536K) : Executing rule MDN.7a
2026-09-08 14:41:10 -0700: Memory Usage (333536K) : CONNECTIVITY_RULES section
2026-09-08 14:41:10 -0700: Memory Usage (333536K) : Executing rule MDN.8a
2026-09-08 14:41:10 -0700: Memory Usage (333536K) : Executing rule MDN.8b
2026-09-08 14:41:10 -0700: Memory Usage (333536K) : Executing rule MDN.9
2026-09-08 14:41:10 -0700: Memory Usage (333536K) : Executing rule MDN.10a
2026-09-08 14:41:10 -0700: Memory Usage (333536K) : Executing rule MDN.10b
2026-09-08 14:41:10 -0700: Memory Usage (333552K) : Executing rule MDN.10c
2026-09-08 14:41:10 -0700: Memory Usage (333552K) : Executing rule MDN.10d
2026-09-08 14:41:10 -0700: Memory Usage (333552K) : Executing rule MDN.10ei
2026-09-08 14:41:10 -0700: Memory Usage (333552K) : Executing rule MDN.10eii
2026-09-08 14:41:10 -0700: Memory Usage (333552K) : Executing rule MDN.10f
2026-09-08 14:41:11 -0700: Memory Usage (333552K) : Executing rule MDN.11
2026-09-08 14:41:11 -0700: Memory Usage (333568K) : Executing rule MDN.12
2026-09-08 14:41:11 -0700: Memory Usage (333568K) : Executing rule MDN.13a
2026-09-08 14:41:11 -0700: Memory Usage (333568K) : Executing rule MDN.13b
2026-09-08 14:41:11 -0700: Memory Usage (333584K) : Executing rule MDN.13c
2026-09-08 14:41:11 -0700: Memory Usage (333632K) : Executing rule MDN.13d
2026-09-08 14:41:11 -0700: Memory Usage (334416K) : Executing rule MDN.14
2026-09-08 14:41:11 -0700: Memory Usage (334432K) : Executing rule MDN.15a
2026-09-08 14:41:11 -0700: Memory Usage (334432K) : Executing rule MDN.15b
2026-09-08 14:41:11 -0700: Memory Usage (334432K) : Executing rule MDN.17
2026-09-08 14:41:11 -0700: Memory Usage (334432K) : Executing rule BJT.1
2026-09-08 14:41:11 -0700: Memory Usage (334432K) : Executing rule BJT.2
2026-09-08 14:41:11 -0700: Memory Usage (334432K) : Executing rule BJT.3
2026-09-08 14:41:11 -0700: Memory Usage (334432K) : Executing rule V2.1
2026-09-08 14:41:11 -0700: Memory Usage (334432K) : Executing rule V2.2a
2026-09-08 14:41:11 -0700: Memory Usage (334432K) : Executing rule V2.2b
2026-09-08 14:41:11 -0700: Memory Usage (334432K) : Executing rule V2.3b
2026-09-08 14:41:11 -0700: Memory Usage (334432K) : Executing rule V2.3c
2026-09-08 14:41:11 -0700: Memory Usage (334432K) : Executing rule V2.3d
2026-09-08 14:41:11 -0700: Memory Usage (334432K) : Executing rule V2.4a
2026-09-08 14:41:11 -0700: Memory Usage (334432K) : Executing rule V2.4b
2026-09-08 14:41:11 -0700: Memory Usage (334432K) : Executing rule V2.4c
2026-09-08 14:41:11 -0700: Memory Usage (334432K) : Executing rule M3.1
2026-09-08 14:41:12 -0700: Memory Usage (334432K) : Executing rule M3.2a
2026-09-08 14:41:12 -0700: Memory Usage (334432K) : Executing rule M3.2b
2026-09-08 14:41:12 -0700: Memory Usage (334432K) : Executing rule M3.3
2026-09-08 14:41:12 -0700: Memory Usage (334432K) : Starting ESD derivations
2026-09-08 14:41:12 -0700: Memory Usage (334432K) : Executing rule ESD.1
2026-09-08 14:41:12 -0700: Memory Usage (334432K) : Executing rule ESD.2
2026-09-08 14:41:12 -0700: Memory Usage (334432K) : Executing rule ESD.3a
2026-09-08 14:41:12 -0700: Memory Usage (334432K) : Executing rule ESD.3b
2026-09-08 14:41:12 -0700: Memory Usage (334432K) : Executing rule ESD.4a
2026-09-08 14:41:12 -0700: Memory Usage (334432K) : Executing rule ESD.4b
2026-09-08 14:41:12 -0700: Memory Usage (334432K) : Executing rule ESD.5a
2026-09-08 14:41:12 -0700: Memory Usage (334432K) : Executing rule ESD.5b
2026-09-08 14:41:12 -0700: Memory Usage (334432K) : Executing rule ESD.6
2026-09-08 14:41:12 -0700: Memory Usage (334432K) : Executing rule ESD.7
2026-09-08 14:41:12 -0700: Memory Usage (334432K) : Executing rule ESD.8
2026-09-08 14:41:12 -0700: Memory Usage (334432K) : Executing rule ESD.pl
2026-09-08 14:41:12 -0700: Memory Usage (334432K) : Executing rule ESD.9
2026-09-08 14:41:12 -0700: Memory Usage (334432K) : Executing rule ESD.10
2026-09-08 14:41:12 -0700: Memory Usage (334432K) : Starting 3.3V SRAM derivations
2026-09-08 14:41:12 -0700: Memory Usage (334432K) : Executing rule S.DF.4c_LV
2026-09-08 14:41:12 -0700: Memory Usage (334432K) : Executing rule S.DF.16_LV
2026-09-08 14:41:12 -0700: Memory Usage (334432K) : Executing rule S.CO.3_LV
2026-09-08 14:41:12 -0700: Memory Usage (334432K) : Executing rule S.CO.4_LV
2026-09-08 14:41:12 -0700: Memory Usage (334432K) : Executing rule S.CO.6_ii_LV
2026-09-08 14:41:12 -0700: Memory Usage (334432K) : Executing rule S.M1.1_LV
2026-09-08 14:41:13 -0700: Memory Usage (334432K) : Starting POLY2 derivations
2026-09-08 14:41:13 -0700: Memory Usage (334432K) : Executing rule PL.1_LV
2026-09-08 14:41:13 -0700: Memory Usage (334432K) : Executing rule PL.1_MV
2026-09-08 14:41:13 -0700: Memory Usage (334432K) : Executing rule PL.1a_LV
2026-09-08 14:41:13 -0700: Memory Usage (334432K) : Executing rule PL.1a_MV
2026-09-08 14:41:13 -0700: Memory Usage (334432K) : Executing rule PL.2_LV
2026-09-08 14:41:13 -0700: Memory Usage (334432K) : Executing rule PL.2_MV
2026-09-08 14:41:13 -0700: Memory Usage (334432K) : Executing rule PL.3a
2026-09-08 14:41:13 -0700: Memory Usage (334432K) : Executing rule PL.4_LV
2026-09-08 14:41:13 -0700: Memory Usage (334432K) : Executing rule PL.4_MV
2026-09-08 14:41:13 -0700: Memory Usage (334432K) : Executing rule PL.5a_LV
2026-09-08 14:41:13 -0700: Memory Usage (334432K) : Executing rule PL.5a_MV
2026-09-08 14:41:13 -0700: Memory Usage (334432K) : Executing rule PL.5b_LV
2026-09-08 14:41:13 -0700: Memory Usage (334432K) : Executing rule PL.5b_MV
2026-09-08 14:41:13 -0700: Memory Usage (334432K) : Executing rule PL.6
2026-09-08 14:41:13 -0700: Memory Usage (334448K) : Executing rule PL.7_LV
2026-09-08 14:41:13 -0700: Memory Usage (334448K) : Executing rule PL.7_MV
2026-09-08 14:41:13 -0700: Memory Usage (334448K) : Executing rule PL.9
2026-09-08 14:41:13 -0700: Memory Usage (334448K) : Executing rule PL.11
2026-09-08 14:41:13 -0700: Memory Usage (334448K) : Executing rule PL.12
2026-09-08 14:41:13 -0700: Memory Usage (334512K) : Starting YMTP_MK derivations
2026-09-08 14:41:14 -0700: Memory Usage (334512K) : Executing rule Y.NW.2b_LV
2026-09-08 14:41:14 -0700: Memory Usage (334528K) : Executing rule Y.NW.2b_MV
2026-09-08 14:41:14 -0700: Memory Usage (334528K) : Executing rule Y.DF.6_MV
2026-09-08 14:41:14 -0700: Memory Usage (334528K) : Executing rule Y.DF.16_LV
2026-09-08 14:41:14 -0700: Memory Usage (334528K) : Executing rule Y.DF.16_MV
2026-09-08 14:41:14 -0700: Memory Usage (334528K) : Executing rule Y.PL.1_LV
2026-09-08 14:41:14 -0700: Memory Usage (334544K) : Executing rule Y.PL.1_MV
2026-09-08 14:41:14 -0700: Memory Usage (334544K) : Executing rule Y.PL.2_LV
2026-09-08 14:41:14 -0700: Memory Usage (334544K) : Executing rule Y.PL.2_MV
2026-09-08 14:41:14 -0700: Memory Usage (334560K) : Executing rule Y.PL.4_MV
2026-09-08 14:41:14 -0700: Memory Usage (334560K) : Executing rule Y.PL.5a_LV
2026-09-08 14:41:14 -0700: Memory Usage (334560K) : Executing rule Y.PL.5a_MV
2026-09-08 14:41:14 -0700: Memory Usage (334560K) : Executing rule Y.PL.5b_LV
2026-09-08 14:41:14 -0700: Memory Usage (334560K) : Executing rule Y.PL.5b_MV
2026-09-08 14:41:14 -0700: Memory Usage (334560K) : Starting NWELL derivations
2026-09-08 14:41:14 -0700: Memory Usage (334560K) : Executing rule NW.1a_LV
2026-09-08 14:41:14 -0700: Memory Usage (334560K) : Executing rule NW.1a_MV
2026-09-08 14:41:14 -0700: Memory Usage (334560K) : Executing rule NW.1b_LV
2026-09-08 14:41:14 -0700: Memory Usage (334560K) : Executing rule NW.1b_MV
2026-09-08 14:41:14 -0700: Memory Usage (334560K) : CONNECTIVITY_RULES section
2026-09-08 14:41:14 -0700: Memory Usage (334560K) : Executing rule NW.2a_LV
2026-09-08 14:41:15 -0700: Memory Usage (334560K) : Executing rule NW.2a_MV
2026-09-08 14:41:15 -0700: Memory Usage (334560K) : Executing rule NW.2b_LV
2026-09-08 14:41:15 -0700: Memory Usage (334560K) : Executing rule NW.2b_MV
2026-09-08 14:41:15 -0700: Memory Usage (334560K) : Executing rule NW.3
2026-09-08 14:41:15 -0700: Memory Usage (334560K) : Executing rule NW.4
2026-09-08 14:41:15 -0700: Memory Usage (334560K) : Executing rule NW.5_LV
2026-09-08 14:41:15 -0700: Memory Usage (334560K) : Executing rule NW.5_MV
2026-09-08 14:41:15 -0700: Memory Usage (334560K) : Executing rule NW.6
2026-09-08 14:41:15 -0700: Memory Usage (334560K) : Executing rule LVS_BJT.1
2026-09-08 14:41:15 -0700: Memory Usage (334560K) : Starting HRES derivations
2026-09-08 14:41:15 -0700: Memory Usage (334560K) : Executing rule HRES.1
2026-09-08 14:41:15 -0700: Memory Usage (334560K) : Executing rule HRES.2
2026-09-08 14:41:15 -0700: Memory Usage (334560K) : Executing rule HRES.3
2026-09-08 14:41:15 -0700: Memory Usage (334592K) : Executing rule HRES.4
2026-09-08 14:41:15 -0700: Memory Usage (334720K) : Executing rule HRES.5
2026-09-08 14:41:15 -0700: Memory Usage (334720K) : Executing rule HRES.6
2026-09-08 14:41:15 -0700: Memory Usage (334720K) : Executing rule HRES.7
2026-09-08 14:41:15 -0700: Memory Usage (334720K) : Executing rule HRES.8
2026-09-08 14:41:15 -0700: Memory Usage (334720K) : Executing rule HRES.9
2026-09-08 14:41:15 -0700: Memory Usage (334720K) : Executing rule HRES.10
2026-09-08 14:41:15 -0700: Memory Usage (334784K) : Executing rule HRES.12a
2026-09-08 14:41:15 -0700: Memory Usage (334832K) : Executing rule HRES.12b
2026-09-08 14:41:16 -0700: Memory Usage (334848K) : Starting 5V SRAM derivations
2026-09-08 14:41:16 -0700: Memory Usage (334848K) : Executing rule S.DF.4c_MV
2026-09-08 14:41:16 -0700: Memory Usage (334848K) : Executing rule S.DF.6_MV
2026-09-08 14:41:16 -0700: Memory Usage (334848K) : Executing rule S.DF.7_MV
2026-09-08 14:41:16 -0700: Memory Usage (334848K) : Executing rule S.DF.8_MV
2026-09-08 14:41:16 -0700: Memory Usage (334848K) : Executing rule S.DF.16_MV
2026-09-08 14:41:16 -0700: Memory Usage (334848K) : Executing rule S.PL.5a_MV
2026-09-08 14:41:16 -0700: Memory Usage (334848K) : Executing rule S.PL.5b_MV
2026-09-08 14:41:16 -0700: Memory Usage (334848K) : Executing rule S.CO.4_MV
2026-09-08 14:41:16 -0700: Memory Usage (334848K) : Starting PRES derivations
2026-09-08 14:41:16 -0700: Memory Usage (334848K) : Executing rule PRES.1
2026-09-08 14:41:16 -0700: Memory Usage (334848K) : Executing rule PRES.2
2026-09-08 14:41:16 -0700: Memory Usage (334848K) : Executing rule PRES.3
2026-09-08 14:41:16 -0700: Memory Usage (334848K) : Executing rule PRES.4
2026-09-08 14:41:16 -0700: Memory Usage (334848K) : Executing rule PRES.5
2026-09-08 14:41:16 -0700: Memory Usage (334848K) : Executing rule PRES.6
2026-09-08 14:41:16 -0700: Memory Usage (334848K) : Executing rule PRES.7
2026-09-08 14:41:16 -0700: Memory Usage (334848K) : Executing rule PRES.9a
2026-09-08 14:41:16 -0700: Memory Usage (334896K) : Executing rule PRES.9b
2026-09-08 14:41:16 -0700: Memory Usage (334896K) : Starting comp derivations
2026-09-08 14:41:17 -0700: Memory Usage (334896K) : Executing rule DF.1a_LV
2026-09-08 14:41:17 -0700: Memory Usage (334896K) : Executing rule DF.1a_MV
2026-09-08 14:41:17 -0700: Memory Usage (334896K) : Executing rule DF.1c
2026-09-08 14:41:17 -0700: Memory Usage (334896K) : Executing rule DF.2a_LV
2026-09-08 14:41:17 -0700: Memory Usage (334896K) : Executing rule DF.2a_MV
2026-09-08 14:41:17 -0700: Memory Usage (334896K) : Executing rule DF.2b
2026-09-08 14:41:17 -0700: Memory Usage (334896K) : Executing rule DF.3a_LV
2026-09-08 14:41:17 -0700: Memory Usage (334896K) : Executing rule DF.3a_MV
2026-09-08 14:41:17 -0700: Memory Usage (334896K) : Executing rule DF.3b
2026-09-08 14:41:17 -0700: Memory Usage (334896K) : Executing rule DF.3c_LV
2026-09-08 14:41:17 -0700: Memory Usage (334896K) : Executing rule DF.3c_MV
2026-09-08 14:41:17 -0700: Memory Usage (334896K) : Executing rule DF.4a_LV
2026-09-08 14:41:17 -0700: Memory Usage (334896K) : Executing rule DF.4a_MV
2026-09-08 14:41:17 -0700: Memory Usage (334896K) : Executing rule DF.4b_LV
2026-09-08 14:41:17 -0700: Memory Usage (334896K) : Executing rule DF.4b_MV
2026-09-08 14:41:17 -0700: Memory Usage (334896K) : Executing rule DF.4c_LV
2026-09-08 14:41:17 -0700: Memory Usage (334896K) : Executing rule DF.4c_MV
2026-09-08 14:41:17 -0700: Memory Usage (334896K) : Executing rule DF.4d_LV
2026-09-08 14:41:17 -0700: Memory Usage (334944K) : Executing rule DF.4d_MV
2026-09-08 14:41:17 -0700: Memory Usage (334944K) : Executing rule DF.4e_LV
2026-09-08 14:41:17 -0700: Memory Usage (334944K) : Executing rule DF.4e_MV
2026-09-08 14:41:17 -0700: Memory Usage (334944K) : Executing rule DF.5_LV
2026-09-08 14:41:17 -0700: Memory Usage (334944K) : Executing rule DF.5_MV
2026-09-08 14:41:17 -0700: Memory Usage (334944K) : Executing rule DF.6_LV
2026-09-08 14:41:17 -0700: Memory Usage (334944K) : Executing rule DF.6_MV
2026-09-08 14:41:18 -0700: Memory Usage (334944K) : Executing rule DF.7_LV
2026-09-08 14:41:18 -0700: Memory Usage (334944K) : Executing rule DF.7_MV
2026-09-08 14:41:18 -0700: Memory Usage (334944K) : Executing rule DF.8_LV
2026-09-08 14:41:18 -0700: Memory Usage (334944K) : Executing rule DF.8_MV
2026-09-08 14:41:18 -0700: Memory Usage (334944K) : Executing rule DF.9
2026-09-08 14:41:18 -0700: Memory Usage (334944K) : Executing rule DF.10
2026-09-08 14:41:18 -0700: Memory Usage (334944K) : Executing rule DF.11
2026-09-08 14:41:18 -0700: Memory Usage (334944K) : Executing rule DF.12
2026-09-08 14:41:18 -0700: Memory Usage (334944K) : Preparations for rule DF.13_LV and DF.13_MV
2026-09-08 14:41:18 -0700: Memory Usage (334944K) : Executing rule DF.13_LV
2026-09-08 14:41:18 -0700: Memory Usage (334944K) : Executing rule DF.13_MV
2026-09-08 14:41:18 -0700: Memory Usage (334944K) : Executing rule DF.14_LV
2026-09-08 14:41:18 -0700: Memory Usage (334944K) : Executing rule DF.14_MV
2026-09-08 14:41:18 -0700: Memory Usage (334944K) : Executing rule DF.16_LV
2026-09-08 14:41:18 -0700: Memory Usage (334992K) : Executing rule DF.16_MV
2026-09-08 14:41:18 -0700: Memory Usage (335024K) : Executing rule DF.17_LV
2026-09-08 14:41:18 -0700: Memory Usage (335024K) : Executing rule DF.17_MV
2026-09-08 14:41:19 -0700: Memory Usage (335024K) : Executing rule DF.18
2026-09-08 14:41:19 -0700: Memory Usage (335024K) : Executing rule DF.19_LV
2026-09-08 14:41:19 -0700: Memory Usage (335024K) : Executing rule DF.19_MV
2026-09-08 14:41:19 -0700: Memory Usage (335024K) : Starting OTP_MK derivations
2026-09-08 14:41:19 -0700: Memory Usage (335024K) : Executing rule O.DF.3a
2026-09-08 14:41:19 -0700: Memory Usage (335024K) : Executing rule O.DF.6
2026-09-08 14:41:19 -0700: Memory Usage (335024K) : Executing rule O.DF.9
2026-09-08 14:41:19 -0700: Memory Usage (335024K) : Executing rule O.PL.2
2026-09-08 14:41:19 -0700: Memory Usage (335024K) : Executing rule O.PL.3a
2026-09-08 14:41:19 -0700: Memory Usage (335024K) : Executing rule O.PL.4
2026-09-08 14:41:19 -0700: Memory Usage (335024K) : Executing rule O.SB.2
2026-09-08 14:41:19 -0700: Memory Usage (335024K) : Executing rule O.SB.3
2026-09-08 14:41:19 -0700: Memory Usage (335024K) : Executing rule O.SB.4
2026-09-08 14:41:19 -0700: Memory Usage (335024K) : Executing rule O.SB.5b_LV
2026-09-08 14:41:19 -0700: Memory Usage (335024K) : Executing rule O.SB.9
2026-09-08 14:41:19 -0700: Memory Usage (335024K) : Executing rule O.SB.11
2026-09-08 14:41:19 -0700: Memory Usage (335024K) : Executing rule O.SB.13_LV
2026-09-08 14:41:19 -0700: Memory Usage (335024K) : Executing rule O.SB.13_MV
2026-09-08 14:41:19 -0700: Memory Usage (335024K) : Executing rule O.CO.7
2026-09-08 14:41:19 -0700: Memory Usage (335024K) : Executing rule O.PL.ORT
2026-09-08 14:41:19 -0700: Memory Usage (335024K) : Starting LRES derivations
2026-09-08 14:41:19 -0700: Memory Usage (335024K) : Executing rule LRES.1
2026-09-08 14:41:19 -0700: Memory Usage (335024K) : Executing rule LRES.2
2026-09-08 14:41:20 -0700: Memory Usage (335024K) : Executing rule LRES.3
2026-09-08 14:41:20 -0700: Memory Usage (335024K) : Executing rule LRES.4
2026-09-08 14:41:20 -0700: Memory Usage (335024K) : Executing rule LRES.5
2026-09-08 14:41:20 -0700: Memory Usage (335024K) : Executing rule LRES.6
2026-09-08 14:41:20 -0700: Memory Usage (335024K) : Executing rule LRES.7
2026-09-08 14:41:20 -0700: Memory Usage (335024K) : Executing rule LRES.9a
2026-09-08 14:41:20 -0700: Memory Usage (335024K) : Executing rule LRES.9b
2026-09-08 14:41:20 -0700: Memory Usage (335024K) : Executing rule MC.1
2026-09-08 14:41:20 -0700: Memory Usage (335024K) : Executing rule MC.2
2026-09-08 14:41:20 -0700: Memory Usage (335024K) : Executing rule MC.3
2026-09-08 14:41:20 -0700: Memory Usage (335024K) : Executing rule MC.4
2026-09-08 14:41:20 -0700: Memory Usage (335024K) : Executing rule DN.1
2026-09-08 14:41:20 -0700: Memory Usage (335024K) : CONNECTIVITY_RULES section
2026-09-08 14:41:20 -0700: Memory Usage (335024K) : Executing rule DN.2a
2026-09-08 14:41:20 -0700: Memory Usage (335024K) : Executing rule DN.2b
2026-09-08 14:41:20 -0700: Memory Usage (335024K) : Executing rule DN.3
2026-09-08 14:41:20 -0700: Memory Usage (335024K) : main DRC Total Run time 34.547493 seconds
/Users/rwalters/.volare/gf180mcuD/libs.tech/klayout/drc/run_drc.py:698: DeprecationWarning: datetime.datetime.utcnow() is deprecated and scheduled for removal in a future version. Use timezone-aware objects to represent datetimes in UTC: datetime.datetime.now(datetime.UTC).
  now_str = datetime.utcnow().strftime("drc_run_%Y_%m_%d_%H_%M_%S")
08-Sep-2026 14:40:43 | INFO    | Your Klayout version is: KLayout 0.30.10
08-Sep-2026 14:40:43 | INFO    | ## Generating template with for the following rule tables: ['contact.drc', 'lvpwell_split.drc', 'dummy_exclude.drc', 'dualgate.drc', 'contact_split.drc', 'ldpmos.drc', 'nplus.drc', 'mim_a.drc', 'efuse.drc', 'lvpwell.drc', 'metal1_split.drc', 'mim_b.drc', 'via1_split.drc', 'nat.drc', 'pplus.drc', 'via5.drc', 'metal4.drc', 'metaltop_30k.drc', 'metal5.drc', 'via4.drc', 'sab.drc', 'geom.drc', 'metal1.drc', 'metaltop.drc', 'via1.drc', 'metal2.drc', 'via3.drc', 'ldnmos.drc', 'drc_bjt.drc', 'via2.drc', 'metal3.drc', 'esd.drc', 'sram_3p3.drc', 'poly2.drc', 'dnwell_split.drc', 'nwell_split.drc', 'ymtp_mk.drc', 'nwell.drc', 'lvs_bjt.drc', 'via3_split.drc', 'hres.drc', 'sram_5p0.drc', 'pres.drc', 'comp.drc', 'otp_mk.drc', 'ldpmos_split.drc', 'via4_split.drc', 'lres.drc', 'ldnmos_split.drc', 'nat_split.drc', 'via2_split.drc', 'mcell.drc', 'dnwell.drc']
08-Sep-2026 14:40:43 | INFO    | ## Your run dir located at: /private/tmp/drc-bias-final
08-Sep-2026 14:40:43 | INFO    | Running Global Foundries 180nm MCU /Users/rwalters/GitHub/gf180-pll/.loom/worktrees/issue-293/layout/evidence/vco-layout/vco_bias_resistors.gds checks on design main on cell vco_bias_resistors:
08-Sep-2026 14:41:20 | INFO    | Klayout DRC run is clean. GDS has no DRC violations.
