2026-09-20 11:18:02 -0700: Memory Usage (323184K) : Starting running GF180MCU Klayout DRC runset on /private/tmp/i433w/vco_block.gds
2026-09-20 11:18:03 -0700: Memory Usage (323184K) : Ruby Version for klayout: 3.4.10
2026-09-20 11:18:03 -0700: Memory Usage (323904K) : Loading database to memory is complete.
2026-09-20 11:18:03 -0700: Memory Usage (323920K) : GF180MCU Klayout DRC runset output at: /private/tmp/i433w/drc/vco_block_main.lyrdb
2026-09-20 11:18:03 -0700: Memory Usage (323968K) : Evaluate switches.
2026-09-20 11:18:03 -0700: Memory Usage (323968K) : table_name selected  main
2026-09-20 11:18:03 -0700: Memory Usage (323968K) : CONNECTIVITY_RULES enabled: true
2026-09-20 11:18:03 -0700: Memory Usage (323968K) : Wedge enabled: false
2026-09-20 11:18:03 -0700: Memory Usage (323968K) : Ball enabled: false
2026-09-20 11:18:03 -0700: Memory Usage (323968K) : Gold enabled: false
2026-09-20 11:18:03 -0700: Memory Usage (323968K) : MIM Option selected: B
2026-09-20 11:18:03 -0700: Memory Usage (323968K) : Offgrid enabled:  false
2026-09-20 11:18:03 -0700: Memory Usage (323968K) : Number of threads to use 2
2026-09-20 11:18:03 -0700: Memory Usage (323968K) : Verbose mode: false
2026-09-20 11:18:03 -0700: Memory Usage (323984K) : deep  mode is enabled for main table
2026-09-20 11:18:03 -0700: Memory Usage (324000K) : METAL_TOP Selected is 11K
2026-09-20 11:18:03 -0700: Memory Usage (324000K) : METAL_STACK Selected is 5LM
2026-09-20 11:18:03 -0700: Memory Usage (324000K) : FEOL enabled: true
2026-09-20 11:18:03 -0700: Memory Usage (324000K) : BEOL enabled: true
2026-09-20 11:18:03 -0700: Memory Usage (324000K) : SLOW_VIA enabled: false
2026-09-20 11:18:03 -0700: Memory Usage (324000K) : Read in polygons from layers.
2026-09-20 11:18:03 -0700: Memory Usage (324544K) : comp has 115 polygons
2026-09-20 11:18:03 -0700: Memory Usage (324544K) : dnwell has 0 polygons
2026-09-20 11:18:03 -0700: Memory Usage (324544K) : nwell has 9 polygons
2026-09-20 11:18:03 -0700: Memory Usage (324560K) : lvpwell has 0 polygons
2026-09-20 11:18:04 -0700: Memory Usage (324576K) : dualgate has 0 polygons
2026-09-20 11:18:04 -0700: Memory Usage (324608K) : poly2 has 155 polygons
2026-09-20 11:18:04 -0700: Memory Usage (324656K) : nplus has 45 polygons
2026-09-20 11:18:04 -0700: Memory Usage (324656K) : pplus has 74 polygons
2026-09-20 11:18:04 -0700: Memory Usage (324656K) : sab has 3 polygons
2026-09-20 11:18:04 -0700: Memory Usage (324656K) : esd has 0 polygons
2026-09-20 11:18:04 -0700: Memory Usage (324704K) : resistor has 3 polygons
2026-09-20 11:18:04 -0700: Memory Usage (324736K) : fhres has 0 polygons
2026-09-20 11:18:04 -0700: Memory Usage (324784K) : fusetop has 0 polygons
2026-09-20 11:18:04 -0700: Memory Usage (324784K) : fusewindow_d has 0 polygons
2026-09-20 11:18:04 -0700: Memory Usage (324784K) : polyfuse has 0 polygons
2026-09-20 11:18:04 -0700: Memory Usage (324784K) : mvsd has 0 polygons
2026-09-20 11:18:04 -0700: Memory Usage (324784K) : mvpsd has 0 polygons
2026-09-20 11:18:04 -0700: Memory Usage (324800K) : nat has 0 polygons
2026-09-20 11:18:04 -0700: Memory Usage (324800K) : comp_dummy has 0 polygons
2026-09-20 11:18:04 -0700: Memory Usage (324800K) : poly2_dummy has 0 polygons
2026-09-20 11:18:04 -0700: Memory Usage (324800K) : schottky_diode has 0 polygons
2026-09-20 11:18:04 -0700: Memory Usage (324800K) : zener has 0 polygons
2026-09-20 11:18:04 -0700: Memory Usage (324800K) : res_mk has 3 polygons
2026-09-20 11:18:04 -0700: Memory Usage (324800K) : opc_drc has 0 polygons
2026-09-20 11:18:04 -0700: Memory Usage (324800K) : v5_xtor has 0 polygons
2026-09-20 11:18:04 -0700: Memory Usage (324848K) : cap_mk has 0 polygons
2026-09-20 11:18:05 -0700: Memory Usage (324848K) : mos_cap_mk has 0 polygons
2026-09-20 11:18:05 -0700: Memory Usage (324848K) : ind_mk has 0 polygons
2026-09-20 11:18:05 -0700: Memory Usage (324848K) : diode_mk has 0 polygons
2026-09-20 11:18:05 -0700: Memory Usage (324848K) : drc_bjt has 0 polygons
2026-09-20 11:18:05 -0700: Memory Usage (324848K) : lvs_bjt has 0 polygons
2026-09-20 11:18:05 -0700: Memory Usage (324848K) : mim_l_mk has 0 polygons
2026-09-20 11:18:05 -0700: Memory Usage (324848K) : latchup_mk has 0 polygons
2026-09-20 11:18:05 -0700: Memory Usage (324848K) : guard_ring_mk has 0 polygons
2026-09-20 11:18:05 -0700: Memory Usage (324848K) : otp_mk has 0 polygons
2026-09-20 11:18:05 -0700: Memory Usage (324848K) : mtpmark has 0 polygons
2026-09-20 11:18:05 -0700: Memory Usage (324848K) : neo_ee_mk has 0 polygons
2026-09-20 11:18:05 -0700: Memory Usage (324848K) : sramcore has 0 polygons
2026-09-20 11:18:05 -0700: Memory Usage (324848K) : lvs_rf has 0 polygons
2026-09-20 11:18:05 -0700: Memory Usage (324848K) : lvs_drain has 0 polygons
2026-09-20 11:18:05 -0700: Memory Usage (324848K) : ind_mk has 0 polygons
2026-09-20 11:18:05 -0700: Memory Usage (324832K) : hvpolyrs has 0 polygons
2026-09-20 11:18:05 -0700: Memory Usage (324832K) : lvs_io has 0 polygons
2026-09-20 11:18:05 -0700: Memory Usage (324832K) : probe_mk has 0 polygons
2026-09-20 11:18:05 -0700: Memory Usage (324832K) : esd_mk has 0 polygons
2026-09-20 11:18:05 -0700: Memory Usage (324832K) : lvs_source has 0 polygons
2026-09-20 11:18:05 -0700: Memory Usage (324832K) : well_diode_mk has 0 polygons
2026-09-20 11:18:05 -0700: Memory Usage (324832K) : ldmos_xtor has 0 polygons
2026-09-20 11:18:05 -0700: Memory Usage (324832K) : plfuse has 0 polygons
2026-09-20 11:18:05 -0700: Memory Usage (324832K) : efuse_mk has 0 polygons
2026-09-20 11:18:06 -0700: Memory Usage (324832K) : mcell_feol_mk has 0 polygons
2026-09-20 11:18:06 -0700: Memory Usage (324832K) : ymtp_mk has 0 polygons
2026-09-20 11:18:06 -0700: Memory Usage (324832K) : dev_wf_mk has 0 polygons
2026-09-20 11:18:06 -0700: Memory Usage (324832K) : comp_label has 0 polygons
2026-09-20 11:18:06 -0700: Memory Usage (324832K) : poly2_label has 0 polygons
2026-09-20 11:18:06 -0700: Memory Usage (324832K) : mdiode has 0 polygons
2026-09-20 11:18:06 -0700: Memory Usage (324832K) : ndmy has 0 polygons
2026-09-20 11:18:06 -0700: Memory Usage (324832K) : pmndmy has 0 polygons
2026-09-20 11:18:06 -0700: Memory Usage (324832K) : contact has 11508 polygons
2026-09-20 11:18:06 -0700: Memory Usage (324832K) : metal1_drawn has 697 polygons
2026-09-20 11:18:06 -0700: Memory Usage (324832K) : metal1_dummy has 0 polygons
2026-09-20 11:18:06 -0700: Memory Usage (324896K) : metal1_label has 0 polygons
2026-09-20 11:18:06 -0700: Memory Usage (324896K) : metal1_slot has 0 polygons
2026-09-20 11:18:06 -0700: Memory Usage (324896K) : metal1_blk has 0 polygons
2026-09-20 11:18:06 -0700: Memory Usage (324912K) : via1 has 202 polygons
2026-09-20 11:18:06 -0700: Memory Usage (324944K) : metal2_drawn has 348 polygons
2026-09-20 11:18:07 -0700: Memory Usage (324944K) : metal2_dummy has 0 polygons
2026-09-20 11:18:07 -0700: Memory Usage (324944K) : metal2_label has 0 polygons
2026-09-20 11:18:07 -0700: Memory Usage (324944K) : metal2_slot has 0 polygons
2026-09-20 11:18:07 -0700: Memory Usage (324944K) : metal2_blk has 0 polygons
2026-09-20 11:18:07 -0700: Memory Usage (324944K) : via2 has 0 polygons
2026-09-20 11:18:07 -0700: Memory Usage (324944K) : metal3_drawn has 0 polygons
2026-09-20 11:18:07 -0700: Memory Usage (324944K) : metal3_dummy has 0 polygons
2026-09-20 11:18:07 -0700: Memory Usage (324944K) : metal3_label has 0 polygons
2026-09-20 11:18:07 -0700: Memory Usage (324944K) : metal3_slot has 0 polygons
2026-09-20 11:18:07 -0700: Memory Usage (324944K) : metal3_blk has 0 polygons
2026-09-20 11:18:07 -0700: Memory Usage (324944K) : via3 has 0 polygons
2026-09-20 11:18:07 -0700: Memory Usage (324944K) : metal4_drawn has 0 polygons
2026-09-20 11:18:07 -0700: Memory Usage (324944K) : metal4_dummy has 0 polygons
2026-09-20 11:18:07 -0700: Memory Usage (324944K) : metal4_label has 0 polygons
2026-09-20 11:18:07 -0700: Memory Usage (324944K) : metal4_slot has 0 polygons
2026-09-20 11:18:07 -0700: Memory Usage (324944K) : metal4_blk has 0 polygons
2026-09-20 11:18:07 -0700: Memory Usage (324944K) : via4 has 0 polygons
2026-09-20 11:18:07 -0700: Memory Usage (324944K) : metal5_drawn has 0 polygons
2026-09-20 11:18:07 -0700: Memory Usage (324944K) : metal5_dummy has 0 polygons
2026-09-20 11:18:08 -0700: Memory Usage (324944K) : metal5_label has 0 polygons
2026-09-20 11:18:08 -0700: Memory Usage (324944K) : metal5_slot has 0 polygons
2026-09-20 11:18:08 -0700: Memory Usage (324944K) : metal5_blk has 0 polygons
2026-09-20 11:18:08 -0700: Memory Usage (324944K) : pad has 0 polygons
2026-09-20 11:18:08 -0700: Memory Usage (324944K) : ubmpperi has 0 polygons
2026-09-20 11:18:08 -0700: Memory Usage (324944K) : ubmparray has 0 polygons
2026-09-20 11:18:08 -0700: Memory Usage (324960K) : ubmeplate has 0 polygons
2026-09-20 11:18:08 -0700: Memory Usage (324960K) : metal1_res has 0 polygons
2026-09-20 11:18:08 -0700: Memory Usage (324960K) : metal2_res has 0 polygons
2026-09-20 11:18:08 -0700: Memory Usage (324960K) : metal3_res has 0 polygons
2026-09-20 11:18:08 -0700: Memory Usage (324960K) : metal4_res has 0 polygons
2026-09-20 11:18:08 -0700: Memory Usage (324960K) : metal5_res has 0 polygons
2026-09-20 11:18:08 -0700: Memory Usage (324960K) : metal6_res has 0 polygons
2026-09-20 11:18:08 -0700: Memory Usage (324960K) : pr_bndry has 2 polygons
2026-09-20 11:18:08 -0700: Memory Usage (324960K) : border has 0 polygons
2026-09-20 11:18:08 -0700: Memory Usage (324960K) : Total no. of polygons in the design is 13164
2026-09-20 11:18:09 -0700: Memory Usage (324960K) : Starting deriving base layers.
2026-09-20 11:18:09 -0700: Memory Usage (327088K) : Construct connectivity for the design.
2026-09-20 11:18:09 -0700: Memory Usage (327200K) : Connectivity rules enabled, Netlist object will be generated.
2026-09-20 11:18:09 -0700: Memory Usage (329072K) : Total area of the design is 31826.489599999997 um^2.
2026-09-20 11:18:09 -0700: Memory Usage (329072K) : Starting GF180MCU DRC rules.
2026-09-20 11:18:09 -0700: Memory Usage (329072K) : Running all FEOL rules
2026-09-20 11:18:09 -0700: Memory Usage (329072K) : Running all BEOL rules
2026-09-20 11:18:09 -0700: Memory Usage (329072K) : Starting CONTACT derivations
2026-09-20 11:18:09 -0700: Memory Usage (336304K) : Executing rule CO.1
2026-09-20 11:18:10 -0700: Memory Usage (356128K) : Executing rule CO.2a
2026-09-20 11:18:10 -0700: Memory Usage (357136K) : Executing rule CO.2b
2026-09-20 11:18:10 -0700: Memory Usage (358976K) : Executing rule CO.3
2026-09-20 11:18:10 -0700: Memory Usage (359008K) : Executing rule CO.4
2026-09-20 11:18:11 -0700: Memory Usage (359264K) : Executing rule CO.5a
2026-09-20 11:18:11 -0700: Memory Usage (359280K) : Executing rule CO.5b
2026-09-20 11:18:11 -0700: Memory Usage (359280K) : Executing rule CO.6
2026-09-20 11:18:11 -0700: Memory Usage (359280K) : Executing rule CO.6a
2026-09-20 11:18:11 -0700: Memory Usage (359744K) : Executing rule CO.6b
2026-09-20 11:18:11 -0700: Memory Usage (363552K) : Executing rule CO.7
2026-09-20 11:18:11 -0700: Memory Usage (363552K) : Executing rule CO.8
2026-09-20 11:18:11 -0700: Memory Usage (363552K) : Executing rule CO.9
2026-09-20 11:18:11 -0700: Memory Usage (363568K) : Executing rule CO.10
2026-09-20 11:18:11 -0700: Memory Usage (363568K) : Executing rule CO.11
2026-09-20 11:18:12 -0700: Memory Usage (363696K) : Executing rule DE.2
2026-09-20 11:18:12 -0700: Memory Usage (363696K) : Executing rule DE.3
2026-09-20 11:18:12 -0700: Memory Usage (363696K) : Executing rule DE.4
2026-09-20 11:18:12 -0700: Memory Usage (363696K) : Executing rule DV.1
2026-09-20 11:18:12 -0700: Memory Usage (363696K) : Executing rule DV.2
2026-09-20 11:18:12 -0700: Memory Usage (363696K) : Executing rule DV.3
2026-09-20 11:18:12 -0700: Memory Usage (363696K) : Executing rule DV.5
2026-09-20 11:18:12 -0700: Memory Usage (363712K) : Executing rule DV.6
2026-09-20 11:18:12 -0700: Memory Usage (363712K) : Executing rule DV.7
2026-09-20 11:18:12 -0700: Memory Usage (363712K) : Executing rule DV.8
2026-09-20 11:18:12 -0700: Memory Usage (363712K) : Executing rule DV.9
2026-09-20 11:18:12 -0700: Memory Usage (363712K) : Executing rule MDP.1
2026-09-20 11:18:12 -0700: Memory Usage (363712K) : Executing rule MDP.1a
2026-09-20 11:18:12 -0700: Memory Usage (363712K) : Executing rule MDP.2
2026-09-20 11:18:12 -0700: Memory Usage (363712K) : Executing rule MDP.3
2026-09-20 11:18:12 -0700: Memory Usage (364112K) : Executing rule MDP.3ai
2026-09-20 11:18:12 -0700: Memory Usage (364448K) : Executing rule MDP.3aii
2026-09-20 11:18:12 -0700: Memory Usage (364816K) : Executing rule MDP.3b
2026-09-20 11:18:12 -0700: Memory Usage (365296K) : Executing rule MDP.3c
2026-09-20 11:18:12 -0700: Memory Usage (365808K) : Executing rule MDP.3d
2026-09-20 11:18:13 -0700: Memory Usage (365856K) : Executing rule MDP.4
2026-09-20 11:18:13 -0700: Memory Usage (365856K) : Executing rule MDP.4a
2026-09-20 11:18:13 -0700: Memory Usage (365856K) : Executing rule MDP.4b
2026-09-20 11:18:13 -0700: Memory Usage (365856K) : Executing rule MDP.5
2026-09-20 11:18:13 -0700: Memory Usage (365856K) : Executing rule MDP.5a
2026-09-20 11:18:13 -0700: Memory Usage (365856K) : Executing rule MDP.6
2026-09-20 11:18:13 -0700: Memory Usage (365856K) : Executing rule MDP.6a
2026-09-20 11:18:13 -0700: Memory Usage (365856K) : Executing rule MDP.7
2026-09-20 11:18:13 -0700: Memory Usage (365856K) : Executing rule MDP.8
2026-09-20 11:18:13 -0700: Memory Usage (365872K) : Executing rule MDP.9a
2026-09-20 11:18:13 -0700: Memory Usage (365872K) : Executing rule MDP.9b
2026-09-20 11:18:13 -0700: Memory Usage (365872K) : Executing rule MDP.9c
2026-09-20 11:18:13 -0700: Memory Usage (365904K) : Executing rule MDP.9d
2026-09-20 11:18:13 -0700: Memory Usage (365904K) : Executing rule MDP.9ei
2026-09-20 11:18:13 -0700: Memory Usage (365904K) : Executing rule MDP.9eii
2026-09-20 11:18:13 -0700: Memory Usage (365904K) : Executing rule MDP.9f
2026-09-20 11:18:13 -0700: Memory Usage (365904K) : Executing rule MDP.10
2026-09-20 11:18:13 -0700: Memory Usage (365904K) : CONNECTIVITY_RULES section
2026-09-20 11:18:13 -0700: Memory Usage (365952K) : Executing rule MDP.10a
2026-09-20 11:18:13 -0700: Memory Usage (365952K) : Executing rule MDP.10b
2026-09-20 11:18:13 -0700: Memory Usage (365952K) : Executing rule MDP.11
2026-09-20 11:18:14 -0700: Memory Usage (366224K) : Executing rule MDP.12
2026-09-20 11:18:14 -0700: Memory Usage (366256K) : Executing rule MDP.13a
2026-09-20 11:18:14 -0700: Memory Usage (366256K) : Executing rule MDP.13b
2026-09-20 11:18:14 -0700: Memory Usage (366256K) : Executing rule MDP.13c
2026-09-20 11:18:14 -0700: Memory Usage (366256K) : Executing rule MDP.15
2026-09-20 11:18:14 -0700: Memory Usage (366256K) : Executing rule MDP.16a
2026-09-20 11:18:14 -0700: Memory Usage (366256K) : Executing rule MDP.16b
2026-09-20 11:18:14 -0700: Memory Usage (366256K) : Executing rule MDP.17a
2026-09-20 11:18:14 -0700: Memory Usage (366256K) : Executing rule MDP.17c
2026-09-20 11:18:14 -0700: Memory Usage (366256K) : Starting NPLUS derivations
2026-09-20 11:18:14 -0700: Memory Usage (366256K) : Executing rule NP.1
2026-09-20 11:18:14 -0700: Memory Usage (366256K) : Executing rule NP.2
2026-09-20 11:18:14 -0700: Memory Usage (366256K) : Executing rule NP.3a
2026-09-20 11:18:14 -0700: Memory Usage (366256K) : Executing rule NP.3bi
2026-09-20 11:18:14 -0700: Memory Usage (366256K) : Executing rule NP.3bii
2026-09-20 11:18:14 -0700: Memory Usage (366256K) : Executing rule NP.3ci
2026-09-20 11:18:14 -0700: Memory Usage (366256K) : Executing rule NP.3cii
2026-09-20 11:18:14 -0700: Memory Usage (366256K) : Executing rule NP.3d
2026-09-20 11:18:14 -0700: Memory Usage (366256K) : Executing rule NP.3e
2026-09-20 11:18:14 -0700: Memory Usage (366256K) : Executing rule NP.4a
2026-09-20 11:18:15 -0700: Memory Usage (366368K) : Executing rule NP.4b
2026-09-20 11:18:15 -0700: Memory Usage (366368K) : Executing rule NP.5a
2026-09-20 11:18:15 -0700: Memory Usage (366368K) : Executing rule PP.5b
2026-09-20 11:18:15 -0700: Memory Usage (366368K) : Executing rule NP.5ci
2026-09-20 11:18:15 -0700: Memory Usage (366368K) : Executing rule NP.5cii
2026-09-20 11:18:15 -0700: Memory Usage (366368K) : Executing rule NP.5di
2026-09-20 11:18:15 -0700: Memory Usage (366368K) : Executing rule NP.5dii
2026-09-20 11:18:15 -0700: Memory Usage (366384K) : Executing rule NP.6
2026-09-20 11:18:15 -0700: Memory Usage (366400K) : Executing rule NP.7
2026-09-20 11:18:15 -0700: Memory Usage (366400K) : Executing rule NP.8a
2026-09-20 11:18:15 -0700: Memory Usage (366400K) : Executing rule NP.8b
2026-09-20 11:18:15 -0700: Memory Usage (366400K) : Executing rule NP.9
2026-09-20 11:18:15 -0700: Memory Usage (366400K) : Executing rule NP.10
2026-09-20 11:18:15 -0700: Memory Usage (366400K) : Executing rule NP.11
2026-09-20 11:18:15 -0700: Memory Usage (366400K) : Executing rule NP.12
2026-09-20 11:18:16 -0700: Memory Usage (366400K) : Starting EFUSE derivations
2026-09-20 11:18:16 -0700: Memory Usage (366400K) : Executing rule EF.01
2026-09-20 11:18:16 -0700: Memory Usage (366400K) : Executing rule EF.02
2026-09-20 11:18:16 -0700: Memory Usage (366416K) : Executing rule EF.03
2026-09-20 11:18:16 -0700: Memory Usage (366416K) : Executing rule EF.04a
2026-09-20 11:18:16 -0700: Memory Usage (366416K) : Executing rule EF.04b
2026-09-20 11:18:16 -0700: Memory Usage (366416K) : Executing rule EF.04c
2026-09-20 11:18:16 -0700: Memory Usage (366416K) : Executing rule EF.04d
2026-09-20 11:18:16 -0700: Memory Usage (366416K) : Executing rule EF.05
2026-09-20 11:18:16 -0700: Memory Usage (366416K) : Executing rule EF.06
2026-09-20 11:18:16 -0700: Memory Usage (366416K) : Executing rule EF.07
2026-09-20 11:18:16 -0700: Memory Usage (366416K) : Executing rule EF.08
2026-09-20 11:18:16 -0700: Memory Usage (366416K) : Executing rule EF.09
2026-09-20 11:18:16 -0700: Memory Usage (366416K) : Executing rule EF.10
2026-09-20 11:18:17 -0700: Memory Usage (366416K) : Executing rule EF.11
2026-09-20 11:18:17 -0700: Memory Usage (366416K) : Executing rule EF.12
2026-09-20 11:18:17 -0700: Memory Usage (366416K) : Executing rule EF.13
2026-09-20 11:18:17 -0700: Memory Usage (366416K) : Executing rule EF.14
2026-09-20 11:18:17 -0700: Memory Usage (366432K) : Executing rule EF.15
2026-09-20 11:18:17 -0700: Memory Usage (366432K) : Executing rule EF.16a
2026-09-20 11:18:17 -0700: Memory Usage (366448K) : Executing rule EF.16b
2026-09-20 11:18:17 -0700: Memory Usage (366448K) : Executing rule EF.17
2026-09-20 11:18:17 -0700: Memory Usage (366448K) : Executing rule EF.18
2026-09-20 11:18:17 -0700: Memory Usage (366464K) : Executing rule EF.19
2026-09-20 11:18:17 -0700: Memory Usage (366464K) : Executing rule EF.20
2026-09-20 11:18:17 -0700: Memory Usage (366464K) : Executing rule EF.21
2026-09-20 11:18:17 -0700: Memory Usage (366464K) : Executing rule EF.22a
2026-09-20 11:18:17 -0700: Memory Usage (366464K) : Executing rule EF.22b
2026-09-20 11:18:17 -0700: Memory Usage (366464K) : Starting LVPWELL derivations
2026-09-20 11:18:17 -0700: Memory Usage (366464K) : Executing rule LPW.1_LV
2026-09-20 11:18:17 -0700: Memory Usage (366464K) : Executing rule LPW.1_MV
2026-09-20 11:18:17 -0700: Memory Usage (366480K) : CONNECTIVITY_RULES section
2026-09-20 11:18:17 -0700: Memory Usage (366480K) : Executing rule LPW.2a_LV
2026-09-20 11:18:17 -0700: Memory Usage (366480K) : Executing rule LPW.2a_MV
2026-09-20 11:18:17 -0700: Memory Usage (366480K) : Executing rule LPW.2b_LV
2026-09-20 11:18:18 -0700: Memory Usage (366480K) : Executing rule LPW.2b_MV
2026-09-20 11:18:18 -0700: Memory Usage (366480K) : Executing rule LPW.3_LV
2026-09-20 11:18:18 -0700: Memory Usage (366480K) : Executing rule LPW.5
2026-09-20 11:18:18 -0700: Memory Usage (366480K) : Executing rule LPW.11
2026-09-20 11:18:18 -0700: Memory Usage (366480K) : Executing rule LPW.12
2026-09-20 11:18:18 -0700: Memory Usage (366480K) : MIM Capacitor Option B section
2026-09-20 11:18:18 -0700: Memory Usage (366480K) : Executing rule MIMTM.1
2026-09-20 11:18:18 -0700: Memory Usage (366480K) : Executing rule MIMTM.2
2026-09-20 11:18:18 -0700: Memory Usage (366480K) : Executing rule MIMTM.3
2026-09-20 11:18:18 -0700: Memory Usage (366480K) : Executing rule MIMTM.4
2026-09-20 11:18:18 -0700: Memory Usage (366480K) : Executing rule MIMTM.5
2026-09-20 11:18:18 -0700: Memory Usage (366480K) : Executing rule MIMTM.6
2026-09-20 11:18:18 -0700: Memory Usage (366480K) : Executing rule MIMTM.7
2026-09-20 11:18:18 -0700: Memory Usage (366480K) : Executing rule MIMTM.8a
2026-09-20 11:18:18 -0700: Memory Usage (366480K) : Executing rule MIMTM.8b
2026-09-20 11:18:18 -0700: Memory Usage (366480K) : Executing rule MIMTM.9
2026-09-20 11:18:18 -0700: Memory Usage (366480K) : Executing rule MIMTM.10
2026-09-20 11:18:18 -0700: Memory Usage (366480K) : Executing rule MIMTM.11
2026-09-20 11:18:18 -0700: Memory Usage (366496K) : Starting NAT derivations
2026-09-20 11:18:18 -0700: Memory Usage (366496K) : Executing rule NAT.1
2026-09-20 11:18:18 -0700: Memory Usage (366512K) : Executing rule NAT.2
2026-09-20 11:18:18 -0700: Memory Usage (366512K) : Executing rule NAT.3
2026-09-20 11:18:19 -0700: Memory Usage (366512K) : Executing rule NAT.4
2026-09-20 11:18:19 -0700: Memory Usage (366512K) : Executing rule NAT.5
2026-09-20 11:18:19 -0700: Memory Usage (366512K) : CONNECTIVITY_RULES section
2026-09-20 11:18:19 -0700: Memory Usage (366512K) : Executing rule NAT.6
2026-09-20 11:18:19 -0700: Memory Usage (366512K) : Executing rule NAT.7
2026-09-20 11:18:19 -0700: Memory Usage (366512K) : Executing rule NAT.8
2026-09-20 11:18:19 -0700: Memory Usage (366512K) : Executing rule NAT.9
2026-09-20 11:18:19 -0700: Memory Usage (366512K) : Executing rule NAT.10
2026-09-20 11:18:19 -0700: Memory Usage (366512K) : Executing rule NAT.11
2026-09-20 11:18:19 -0700: Memory Usage (366512K) : Executing rule NAT.12
2026-09-20 11:18:19 -0700: Memory Usage (366512K) : Starting PPLUS derivations
2026-09-20 11:18:19 -0700: Memory Usage (366512K) : Executing rule PP.1
2026-09-20 11:18:19 -0700: Memory Usage (366512K) : Executing rule PP.2
2026-09-20 11:18:19 -0700: Memory Usage (366512K) : Executing rule PP.3a
2026-09-20 11:18:19 -0700: Memory Usage (366512K) : Executing rule PP.3bi
2026-09-20 11:18:19 -0700: Memory Usage (366512K) : Executing rule PP.3bii
2026-09-20 11:18:19 -0700: Memory Usage (366512K) : Executing rule PP.3ci
2026-09-20 11:18:19 -0700: Memory Usage (366512K) : Executing rule PP.3cii
2026-09-20 11:18:20 -0700: Memory Usage (366512K) : Executing rule PP.3d
2026-09-20 11:18:20 -0700: Memory Usage (366512K) : Executing rule PP.3e
2026-09-20 11:18:20 -0700: Memory Usage (366512K) : Executing rule PP.4a
2026-09-20 11:18:20 -0700: Memory Usage (366512K) : Executing rule PP.4b
2026-09-20 11:18:20 -0700: Memory Usage (366512K) : Executing rule PP.5a
2026-09-20 11:18:20 -0700: Memory Usage (366512K) : Executing rule PP.5b
2026-09-20 11:18:20 -0700: Memory Usage (366512K) : Executing rule PP.5ci
2026-09-20 11:18:20 -0700: Memory Usage (366512K) : Executing rule PP.5cii
2026-09-20 11:18:20 -0700: Memory Usage (366512K) : Executing rule PP.5di
2026-09-20 11:18:20 -0700: Memory Usage (366528K) : Executing rule PP.5dii
2026-09-20 11:18:20 -0700: Memory Usage (366528K) : Executing rule PP.6
2026-09-20 11:18:20 -0700: Memory Usage (366528K) : Executing rule PP.7
2026-09-20 11:18:20 -0700: Memory Usage (366528K) : Executing rule PP.8a
2026-09-20 11:18:20 -0700: Memory Usage (366528K) : Executing rule PP.8b
2026-09-20 11:18:20 -0700: Memory Usage (366528K) : Executing rule PP.9
2026-09-20 11:18:20 -0700: Memory Usage (366528K) : Executing rule PP.10
2026-09-20 11:18:21 -0700: Memory Usage (366528K) : Executing rule PP.11
2026-09-20 11:18:21 -0700: Memory Usage (366528K) : Executing rule PP.12
2026-09-20 11:18:21 -0700: Memory Usage (366528K) : Executing rule M4.1
2026-09-20 11:18:21 -0700: Memory Usage (366528K) : Executing rule M4.2a
2026-09-20 11:18:21 -0700: Memory Usage (366528K) : Executing rule M4.2b
2026-09-20 11:18:21 -0700: Memory Usage (366528K) : Executing rule M4.3
2026-09-20 11:18:21 -0700: Memory Usage (366528K) : Executing rule V4.1
2026-09-20 11:18:21 -0700: Memory Usage (366528K) : Executing rule V4.2a
2026-09-20 11:18:21 -0700: Memory Usage (366528K) : Executing rule V4.2b
2026-09-20 11:18:21 -0700: Memory Usage (366528K) : Executing rule V4.3b
2026-09-20 11:18:21 -0700: Memory Usage (366528K) : Executing rule V4.3c
2026-09-20 11:18:21 -0700: Memory Usage (366528K) : Executing rule V4.3d
2026-09-20 11:18:21 -0700: Memory Usage (366528K) : Executing rule V4.4a
2026-09-20 11:18:21 -0700: Memory Usage (366528K) : Executing rule V4.4b
2026-09-20 11:18:21 -0700: Memory Usage (366528K) : Executing rule V4.4c
2026-09-20 11:18:21 -0700: Memory Usage (366528K) : Starting sab derivations
2026-09-20 11:18:21 -0700: Memory Usage (366528K) : Executing rule SB.1
2026-09-20 11:18:22 -0700: Memory Usage (366528K) : Executing rule SB.2
2026-09-20 11:18:22 -0700: Memory Usage (366528K) : Executing rule SB.3
2026-09-20 11:18:22 -0700: Memory Usage (366528K) : Executing rule SB.4
2026-09-20 11:18:22 -0700: Memory Usage (366528K) : Executing rule SB.5a
2026-09-20 11:18:22 -0700: Memory Usage (366544K) : Executing rule SB.5b
2026-09-20 11:18:22 -0700: Memory Usage (366544K) : Executing rule SB.6
2026-09-20 11:18:22 -0700: Memory Usage (366544K) : Executing rule SB.7
2026-09-20 11:18:22 -0700: Memory Usage (366544K) : Executing rule SB.8
2026-09-20 11:18:22 -0700: Memory Usage (366544K) : Executing rule SB.9
2026-09-20 11:18:22 -0700: Memory Usage (366544K) : Executing rule SB.10
2026-09-20 11:18:22 -0700: Memory Usage (366544K) : Executing rule SB.11
2026-09-20 11:18:22 -0700: Memory Usage (366544K) : Executing rule SB.12
2026-09-20 11:18:22 -0700: Memory Usage (366544K) : Executing rule SB.13
2026-09-20 11:18:22 -0700: Memory Usage (366544K) : Executing rule SB.14a
2026-09-20 11:18:22 -0700: Memory Usage (366576K) : Executing rule SB.14b
2026-09-20 11:18:22 -0700: Memory Usage (366592K) : Executing rule SB.15a
2026-09-20 11:18:22 -0700: Memory Usage (366608K) : Executing rule SB.15b
2026-09-20 11:18:22 -0700: Memory Usage (366608K) : Executing rule SB.16
2026-09-20 11:18:22 -0700: Memory Usage (366608K) : Executing rule M1.1
2026-09-20 11:18:22 -0700: Memory Usage (366624K) : Executing rule M1.2a
2026-09-20 11:18:22 -0700: Memory Usage (366624K) : Executing rule M1.2b
2026-09-20 11:18:23 -0700: Memory Usage (366784K) : Executing rule M1.3
2026-09-20 11:18:23 -0700: Memory Usage (366784K) : MetalTop thickness 9k/11k section
2026-09-20 11:18:23 -0700: Memory Usage (366784K) : Executing rule MT.1
2026-09-20 11:18:23 -0700: Memory Usage (366784K) : Executing rule MT.2a
2026-09-20 11:18:23 -0700: Memory Usage (366784K) : Executing rule MT.2b
2026-09-20 11:18:23 -0700: Memory Usage (366784K) : Executing rule MT.4
2026-09-20 11:18:23 -0700: Memory Usage (366784K) : Executing rule V1.1
2026-09-20 11:18:23 -0700: Memory Usage (366832K) : Executing rule V1.2a
2026-09-20 11:18:23 -0700: Memory Usage (366832K) : Executing rule V1.2b
2026-09-20 11:18:23 -0700: Memory Usage (366832K) : Executing rule V1.3a
2026-09-20 11:18:23 -0700: Memory Usage (366832K) : Executing rule V1.3c
2026-09-20 11:18:23 -0700: Memory Usage (366848K) : Executing rule V1.3d
2026-09-20 11:18:23 -0700: Memory Usage (366880K) : Executing rule V1.4a
2026-09-20 11:18:23 -0700: Memory Usage (366880K) : Executing rule V1.4b
2026-09-20 11:18:23 -0700: Memory Usage (366912K) : Executing rule V1.4c
2026-09-20 11:18:23 -0700: Memory Usage (366976K) : Executing rule M2.1
2026-09-20 11:18:23 -0700: Memory Usage (366976K) : Executing rule M2.2a
2026-09-20 11:18:23 -0700: Memory Usage (366976K) : Executing rule M2.2b
2026-09-20 11:18:23 -0700: Memory Usage (366976K) : Executing rule M2.3
2026-09-20 11:18:23 -0700: Memory Usage (366976K) : Executing rule V3.1
2026-09-20 11:18:24 -0700: Memory Usage (366976K) : Executing rule V3.2a
2026-09-20 11:18:24 -0700: Memory Usage (366976K) : Executing rule V3.2b
2026-09-20 11:18:24 -0700: Memory Usage (366976K) : Executing rule V3.3b
2026-09-20 11:18:24 -0700: Memory Usage (366976K) : Executing rule V3.3c
2026-09-20 11:18:24 -0700: Memory Usage (366976K) : Executing rule V3.3d
2026-09-20 11:18:24 -0700: Memory Usage (366976K) : Executing rule V3.4a
2026-09-20 11:18:24 -0700: Memory Usage (366976K) : Executing rule V3.4b
2026-09-20 11:18:24 -0700: Memory Usage (366992K) : Executing rule V3.4c
2026-09-20 11:18:24 -0700: Memory Usage (366992K) : Starting 10V LDNMOS derivations
2026-09-20 11:18:24 -0700: Memory Usage (366992K) : Executing rule MDN.1
2026-09-20 11:18:24 -0700: Memory Usage (366992K) : CONNECTIVITY_RULES section
2026-09-20 11:18:24 -0700: Memory Usage (366992K) : Executing rule MDN.2a
2026-09-20 11:18:24 -0700: Memory Usage (366992K) : Executing rule MDN.2b
2026-09-20 11:18:24 -0700: Memory Usage (366992K) : Executing rule MDN.3a
2026-09-20 11:18:24 -0700: Memory Usage (366992K) : Executing rule MDN.3b
2026-09-20 11:18:24 -0700: Memory Usage (366992K) : Executing rule MDN.4a
2026-09-20 11:18:24 -0700: Memory Usage (366992K) : Executing rule MDN.4b
2026-09-20 11:18:24 -0700: Memory Usage (366992K) : Executing rule MDN.5ai
2026-09-20 11:18:24 -0700: Memory Usage (366992K) : Executing rule MDN.5aii
2026-09-20 11:18:25 -0700: Memory Usage (366992K) : Executing rule MDN.5b
2026-09-20 11:18:25 -0700: Memory Usage (366992K) : Executing rule MDN.5c
2026-09-20 11:18:25 -0700: Memory Usage (366992K) : Executing rule MDN.6
2026-09-20 11:18:25 -0700: Memory Usage (366992K) : Executing rule MDN.6a
2026-09-20 11:18:25 -0700: Memory Usage (366992K) : Executing rule MDN.7
2026-09-20 11:18:25 -0700: Memory Usage (366992K) : Executing rule MDN.7a
2026-09-20 11:18:25 -0700: Memory Usage (366992K) : CONNECTIVITY_RULES section
2026-09-20 11:18:25 -0700: Memory Usage (366992K) : Executing rule MDN.8a
2026-09-20 11:18:25 -0700: Memory Usage (366992K) : Executing rule MDN.8b
2026-09-20 11:18:25 -0700: Memory Usage (366992K) : Executing rule MDN.9
2026-09-20 11:18:25 -0700: Memory Usage (366992K) : Executing rule MDN.10a
2026-09-20 11:18:25 -0700: Memory Usage (366992K) : Executing rule MDN.10b
2026-09-20 11:18:25 -0700: Memory Usage (367024K) : Executing rule MDN.10c
2026-09-20 11:18:25 -0700: Memory Usage (367024K) : Executing rule MDN.10d
2026-09-20 11:18:25 -0700: Memory Usage (367024K) : Executing rule MDN.10ei
2026-09-20 11:18:25 -0700: Memory Usage (367024K) : Executing rule MDN.10eii
2026-09-20 11:18:26 -0700: Memory Usage (367024K) : Executing rule MDN.10f
2026-09-20 11:18:26 -0700: Memory Usage (367024K) : Executing rule MDN.11
2026-09-20 11:18:26 -0700: Memory Usage (367024K) : Executing rule MDN.12
2026-09-20 11:18:26 -0700: Memory Usage (367024K) : Executing rule MDN.13a
2026-09-20 11:18:26 -0700: Memory Usage (367024K) : Executing rule MDN.13b
2026-09-20 11:18:26 -0700: Memory Usage (367024K) : Executing rule MDN.13c
2026-09-20 11:18:26 -0700: Memory Usage (367024K) : Executing rule MDN.13d
2026-09-20 11:18:26 -0700: Memory Usage (367024K) : Executing rule MDN.14
2026-09-20 11:18:26 -0700: Memory Usage (367024K) : Executing rule MDN.15a
2026-09-20 11:18:26 -0700: Memory Usage (367040K) : Executing rule MDN.15b
2026-09-20 11:18:26 -0700: Memory Usage (367072K) : Executing rule MDN.17
2026-09-20 11:18:26 -0700: Memory Usage (367072K) : Executing rule BJT.1
2026-09-20 11:18:26 -0700: Memory Usage (367072K) : Executing rule BJT.2
2026-09-20 11:18:26 -0700: Memory Usage (367072K) : Executing rule BJT.3
2026-09-20 11:18:26 -0700: Memory Usage (367072K) : Executing rule V2.1
2026-09-20 11:18:26 -0700: Memory Usage (367072K) : Executing rule V2.2a
2026-09-20 11:18:26 -0700: Memory Usage (367072K) : Executing rule V2.2b
2026-09-20 11:18:26 -0700: Memory Usage (367072K) : Executing rule V2.3b
2026-09-20 11:18:26 -0700: Memory Usage (367072K) : Executing rule V2.3c
2026-09-20 11:18:26 -0700: Memory Usage (367088K) : Executing rule V2.3d
2026-09-20 11:18:27 -0700: Memory Usage (367088K) : Executing rule V2.4a
2026-09-20 11:18:27 -0700: Memory Usage (367088K) : Executing rule V2.4b
2026-09-20 11:18:27 -0700: Memory Usage (367088K) : Executing rule V2.4c
2026-09-20 11:18:27 -0700: Memory Usage (367088K) : Executing rule M3.1
2026-09-20 11:18:27 -0700: Memory Usage (367088K) : Executing rule M3.2a
2026-09-20 11:18:27 -0700: Memory Usage (367088K) : Executing rule M3.2b
2026-09-20 11:18:27 -0700: Memory Usage (367088K) : Executing rule M3.3
2026-09-20 11:18:27 -0700: Memory Usage (367088K) : Starting ESD derivations
2026-09-20 11:18:27 -0700: Memory Usage (367088K) : Executing rule ESD.1
2026-09-20 11:18:27 -0700: Memory Usage (367088K) : Executing rule ESD.2
2026-09-20 11:18:27 -0700: Memory Usage (367088K) : Executing rule ESD.3a
2026-09-20 11:18:27 -0700: Memory Usage (367088K) : Executing rule ESD.3b
2026-09-20 11:18:27 -0700: Memory Usage (367088K) : Executing rule ESD.4a
2026-09-20 11:18:27 -0700: Memory Usage (367088K) : Executing rule ESD.4b
2026-09-20 11:18:27 -0700: Memory Usage (367088K) : Executing rule ESD.5a
2026-09-20 11:18:27 -0700: Memory Usage (367088K) : Executing rule ESD.5b
2026-09-20 11:18:27 -0700: Memory Usage (367088K) : Executing rule ESD.6
2026-09-20 11:18:27 -0700: Memory Usage (367088K) : Executing rule ESD.7
2026-09-20 11:18:27 -0700: Memory Usage (367088K) : Executing rule ESD.8
2026-09-20 11:18:28 -0700: Memory Usage (367088K) : Executing rule ESD.pl
2026-09-20 11:18:28 -0700: Memory Usage (367088K) : Executing rule ESD.9
2026-09-20 11:18:28 -0700: Memory Usage (367088K) : Executing rule ESD.10
2026-09-20 11:18:28 -0700: Memory Usage (367088K) : Starting 3.3V SRAM derivations
2026-09-20 11:18:28 -0700: Memory Usage (367088K) : Executing rule S.DF.4c_LV
2026-09-20 11:18:28 -0700: Memory Usage (367088K) : Executing rule S.DF.16_LV
2026-09-20 11:18:28 -0700: Memory Usage (367088K) : Executing rule S.CO.3_LV
2026-09-20 11:18:28 -0700: Memory Usage (367088K) : Executing rule S.CO.4_LV
2026-09-20 11:18:28 -0700: Memory Usage (367088K) : Executing rule S.CO.6_ii_LV
2026-09-20 11:18:28 -0700: Memory Usage (367088K) : Executing rule S.M1.1_LV
2026-09-20 11:18:28 -0700: Memory Usage (367088K) : Starting POLY2 derivations
2026-09-20 11:18:28 -0700: Memory Usage (367088K) : Executing rule PL.1_LV
2026-09-20 11:18:28 -0700: Memory Usage (367088K) : Executing rule PL.1_MV
2026-09-20 11:18:28 -0700: Memory Usage (367088K) : Executing rule PL.1a_LV
2026-09-20 11:18:28 -0700: Memory Usage (367088K) : Executing rule PL.1a_MV
2026-09-20 11:18:28 -0700: Memory Usage (367088K) : Executing rule PL.2_LV
2026-09-20 11:18:28 -0700: Memory Usage (367088K) : Executing rule PL.2_MV
2026-09-20 11:18:29 -0700: Memory Usage (367088K) : Executing rule PL.3a
2026-09-20 11:18:29 -0700: Memory Usage (367088K) : Executing rule PL.4_LV
2026-09-20 11:18:29 -0700: Memory Usage (367088K) : Executing rule PL.4_MV
2026-09-20 11:18:29 -0700: Memory Usage (367088K) : Executing rule PL.5a_LV
2026-09-20 11:18:29 -0700: Memory Usage (367088K) : Executing rule PL.5a_MV
2026-09-20 11:18:29 -0700: Memory Usage (367088K) : Executing rule PL.5b_LV
2026-09-20 11:18:29 -0700: Memory Usage (367088K) : Executing rule PL.5b_MV
2026-09-20 11:18:29 -0700: Memory Usage (367088K) : Executing rule PL.6
2026-09-20 11:18:29 -0700: Memory Usage (367088K) : Executing rule PL.7_LV
2026-09-20 11:18:29 -0700: Memory Usage (367104K) : Executing rule PL.7_MV
2026-09-20 11:18:29 -0700: Memory Usage (367104K) : Executing rule PL.9
2026-09-20 11:18:29 -0700: Memory Usage (367104K) : Executing rule PL.11
2026-09-20 11:18:29 -0700: Memory Usage (367104K) : Executing rule PL.12
2026-09-20 11:18:29 -0700: Memory Usage (367136K) : Starting YMTP_MK derivations
2026-09-20 11:18:29 -0700: Memory Usage (367136K) : Executing rule Y.NW.2b_LV
2026-09-20 11:18:29 -0700: Memory Usage (367136K) : Executing rule Y.NW.2b_MV
2026-09-20 11:18:29 -0700: Memory Usage (367136K) : Executing rule Y.DF.6_MV
2026-09-20 11:18:29 -0700: Memory Usage (367136K) : Executing rule Y.DF.16_LV
2026-09-20 11:18:29 -0700: Memory Usage (367136K) : Executing rule Y.DF.16_MV
2026-09-20 11:18:29 -0700: Memory Usage (367136K) : Executing rule Y.PL.1_LV
2026-09-20 11:18:30 -0700: Memory Usage (367136K) : Executing rule Y.PL.1_MV
2026-09-20 11:18:30 -0700: Memory Usage (367136K) : Executing rule Y.PL.2_LV
2026-09-20 11:18:30 -0700: Memory Usage (367136K) : Executing rule Y.PL.2_MV
2026-09-20 11:18:30 -0700: Memory Usage (367136K) : Executing rule Y.PL.4_MV
2026-09-20 11:18:30 -0700: Memory Usage (367152K) : Executing rule Y.PL.5a_LV
2026-09-20 11:18:30 -0700: Memory Usage (367152K) : Executing rule Y.PL.5a_MV
2026-09-20 11:18:30 -0700: Memory Usage (367152K) : Executing rule Y.PL.5b_LV
2026-09-20 11:18:30 -0700: Memory Usage (367152K) : Executing rule Y.PL.5b_MV
2026-09-20 11:18:30 -0700: Memory Usage (367152K) : Starting NWELL derivations
2026-09-20 11:18:30 -0700: Memory Usage (367152K) : Executing rule NW.1a_LV
2026-09-20 11:18:30 -0700: Memory Usage (367152K) : Executing rule NW.1a_MV
2026-09-20 11:18:30 -0700: Memory Usage (367152K) : Executing rule NW.1b_LV
2026-09-20 11:18:30 -0700: Memory Usage (367152K) : Executing rule NW.1b_MV
2026-09-20 11:18:30 -0700: Memory Usage (367152K) : CONNECTIVITY_RULES section
2026-09-20 11:18:30 -0700: Memory Usage (367184K) : Executing rule NW.2a_LV
2026-09-20 11:18:30 -0700: Memory Usage (367184K) : Executing rule NW.2a_MV
2026-09-20 11:18:30 -0700: Memory Usage (367184K) : Executing rule NW.2b_LV
2026-09-20 11:18:30 -0700: Memory Usage (367184K) : Executing rule NW.2b_MV
2026-09-20 11:18:30 -0700: Memory Usage (367184K) : Executing rule NW.3
2026-09-20 11:18:30 -0700: Memory Usage (367184K) : Executing rule NW.4
2026-09-20 11:18:30 -0700: Memory Usage (367184K) : Executing rule NW.5_LV
2026-09-20 11:18:30 -0700: Memory Usage (367184K) : Executing rule NW.5_MV
2026-09-20 11:18:31 -0700: Memory Usage (367184K) : Executing rule NW.6
2026-09-20 11:18:31 -0700: Memory Usage (367184K) : Executing rule LVS_BJT.1
2026-09-20 11:18:31 -0700: Memory Usage (367184K) : Starting HRES derivations
2026-09-20 11:18:31 -0700: Memory Usage (367184K) : Executing rule HRES.1
2026-09-20 11:18:31 -0700: Memory Usage (367216K) : Executing rule HRES.2
2026-09-20 11:18:31 -0700: Memory Usage (367216K) : Executing rule HRES.3
2026-09-20 11:18:31 -0700: Memory Usage (367216K) : Executing rule HRES.4
2026-09-20 11:18:31 -0700: Memory Usage (367216K) : Executing rule HRES.5
2026-09-20 11:18:31 -0700: Memory Usage (367216K) : Executing rule HRES.6
2026-09-20 11:18:31 -0700: Memory Usage (367216K) : Executing rule HRES.7
2026-09-20 11:18:31 -0700: Memory Usage (367216K) : Executing rule HRES.8
2026-09-20 11:18:31 -0700: Memory Usage (367216K) : Executing rule HRES.9
2026-09-20 11:18:31 -0700: Memory Usage (367216K) : Executing rule HRES.10
2026-09-20 11:18:31 -0700: Memory Usage (367248K) : Executing rule HRES.12a
2026-09-20 11:18:31 -0700: Memory Usage (367248K) : Executing rule HRES.12b
2026-09-20 11:18:31 -0700: Memory Usage (367264K) : Starting 5V SRAM derivations
2026-09-20 11:18:32 -0700: Memory Usage (367264K) : Executing rule S.DF.4c_MV
2026-09-20 11:18:32 -0700: Memory Usage (367264K) : Executing rule S.DF.6_MV
2026-09-20 11:18:32 -0700: Memory Usage (367264K) : Executing rule S.DF.7_MV
2026-09-20 11:18:32 -0700: Memory Usage (367264K) : Executing rule S.DF.8_MV
2026-09-20 11:18:32 -0700: Memory Usage (367264K) : Executing rule S.DF.16_MV
2026-09-20 11:18:32 -0700: Memory Usage (367264K) : Executing rule S.PL.5a_MV
2026-09-20 11:18:32 -0700: Memory Usage (367264K) : Executing rule S.PL.5b_MV
2026-09-20 11:18:32 -0700: Memory Usage (367264K) : Executing rule S.CO.4_MV
2026-09-20 11:18:32 -0700: Memory Usage (367264K) : Starting PRES derivations
2026-09-20 11:18:32 -0700: Memory Usage (367264K) : Executing rule PRES.1
2026-09-20 11:18:32 -0700: Memory Usage (367264K) : Executing rule PRES.2
2026-09-20 11:18:32 -0700: Memory Usage (367264K) : Executing rule PRES.3
2026-09-20 11:18:32 -0700: Memory Usage (367264K) : Executing rule PRES.4
2026-09-20 11:18:32 -0700: Memory Usage (367264K) : Executing rule PRES.5
2026-09-20 11:18:33 -0700: Memory Usage (367264K) : Executing rule PRES.6
2026-09-20 11:18:33 -0700: Memory Usage (367264K) : Executing rule PRES.7
2026-09-20 11:18:33 -0700: Memory Usage (367264K) : Executing rule PRES.9a
2026-09-20 11:18:33 -0700: Memory Usage (367264K) : Executing rule PRES.9b
2026-09-20 11:18:33 -0700: Memory Usage (367264K) : Starting comp derivations
2026-09-20 11:18:33 -0700: Memory Usage (367264K) : Executing rule DF.1a_LV
2026-09-20 11:18:33 -0700: Memory Usage (367264K) : Executing rule DF.1a_MV
2026-09-20 11:18:33 -0700: Memory Usage (367264K) : Executing rule DF.1c
2026-09-20 11:18:33 -0700: Memory Usage (367264K) : Executing rule DF.2a_LV
2026-09-20 11:18:33 -0700: Memory Usage (367264K) : Executing rule DF.2a_MV
2026-09-20 11:18:33 -0700: Memory Usage (367264K) : Executing rule DF.2b
2026-09-20 11:18:33 -0700: Memory Usage (367264K) : Executing rule DF.3a_LV
2026-09-20 11:18:33 -0700: Memory Usage (367264K) : Executing rule DF.3a_MV
2026-09-20 11:18:33 -0700: Memory Usage (367264K) : Executing rule DF.3b
2026-09-20 11:18:33 -0700: Memory Usage (367264K) : Executing rule DF.3c_LV
2026-09-20 11:18:34 -0700: Memory Usage (367264K) : Executing rule DF.3c_MV
2026-09-20 11:18:34 -0700: Memory Usage (367264K) : Executing rule DF.4a_LV
2026-09-20 11:18:34 -0700: Memory Usage (367264K) : Executing rule DF.4a_MV
2026-09-20 11:18:34 -0700: Memory Usage (367264K) : Executing rule DF.4b_LV
2026-09-20 11:18:34 -0700: Memory Usage (367264K) : Executing rule DF.4b_MV
2026-09-20 11:18:34 -0700: Memory Usage (367264K) : Executing rule DF.4c_LV
2026-09-20 11:18:34 -0700: Memory Usage (367264K) : Executing rule DF.4c_MV
2026-09-20 11:18:34 -0700: Memory Usage (367264K) : Executing rule DF.4d_LV
2026-09-20 11:18:34 -0700: Memory Usage (367264K) : Executing rule DF.4d_MV
2026-09-20 11:18:34 -0700: Memory Usage (367264K) : Executing rule DF.4e_LV
2026-09-20 11:18:34 -0700: Memory Usage (367312K) : Executing rule DF.4e_MV
2026-09-20 11:18:34 -0700: Memory Usage (367312K) : Executing rule DF.5_LV
2026-09-20 11:18:34 -0700: Memory Usage (367312K) : Executing rule DF.5_MV
2026-09-20 11:18:34 -0700: Memory Usage (367312K) : Executing rule DF.6_LV
2026-09-20 11:18:34 -0700: Memory Usage (367312K) : Executing rule DF.6_MV
2026-09-20 11:18:34 -0700: Memory Usage (367312K) : Executing rule DF.7_LV
2026-09-20 11:18:34 -0700: Memory Usage (367312K) : Executing rule DF.7_MV
2026-09-20 11:18:34 -0700: Memory Usage (367312K) : Executing rule DF.8_LV
2026-09-20 11:18:35 -0700: Memory Usage (367312K) : Executing rule DF.8_MV
2026-09-20 11:18:35 -0700: Memory Usage (367312K) : Executing rule DF.9
2026-09-20 11:18:35 -0700: Memory Usage (367312K) : Executing rule DF.10
2026-09-20 11:18:35 -0700: Memory Usage (367360K) : Executing rule DF.11
2026-09-20 11:18:35 -0700: Memory Usage (367360K) : Executing rule DF.12
2026-09-20 11:18:35 -0700: Memory Usage (367360K) : Preparations for rule DF.13_LV and DF.13_MV
2026-09-20 11:18:35 -0700: Memory Usage (367376K) : Executing rule DF.13_LV
2026-09-20 11:18:35 -0700: Memory Usage (367376K) : Executing rule DF.13_MV
2026-09-20 11:18:35 -0700: Memory Usage (367376K) : Executing rule DF.14_LV
2026-09-20 11:18:35 -0700: Memory Usage (367664K) : Executing rule DF.14_MV
2026-09-20 11:18:35 -0700: Memory Usage (367984K) : Executing rule DF.16_LV
2026-09-20 11:18:35 -0700: Memory Usage (368304K) : Executing rule DF.16_MV
2026-09-20 11:18:35 -0700: Memory Usage (368560K) : Executing rule DF.17_LV
2026-09-20 11:18:35 -0700: Memory Usage (368592K) : Executing rule DF.17_MV
2026-09-20 11:18:35 -0700: Memory Usage (368592K) : Executing rule DF.18
2026-09-20 11:18:35 -0700: Memory Usage (368592K) : Executing rule DF.19_LV
2026-09-20 11:18:35 -0700: Memory Usage (368592K) : Executing rule DF.19_MV
2026-09-20 11:18:35 -0700: Memory Usage (368592K) : Starting OTP_MK derivations
2026-09-20 11:18:35 -0700: Memory Usage (368592K) : Executing rule O.DF.3a
2026-09-20 11:18:36 -0700: Memory Usage (368592K) : Executing rule O.DF.6
2026-09-20 11:18:36 -0700: Memory Usage (368592K) : Executing rule O.DF.9
2026-09-20 11:18:36 -0700: Memory Usage (368592K) : Executing rule O.PL.2
2026-09-20 11:18:36 -0700: Memory Usage (368592K) : Executing rule O.PL.3a
2026-09-20 11:18:36 -0700: Memory Usage (368592K) : Executing rule O.PL.4
2026-09-20 11:18:36 -0700: Memory Usage (368592K) : Executing rule O.SB.2
2026-09-20 11:18:36 -0700: Memory Usage (368592K) : Executing rule O.SB.3
2026-09-20 11:18:36 -0700: Memory Usage (368592K) : Executing rule O.SB.4
2026-09-20 11:18:36 -0700: Memory Usage (368592K) : Executing rule O.SB.5b_LV
2026-09-20 11:18:36 -0700: Memory Usage (368592K) : Executing rule O.SB.9
2026-09-20 11:18:36 -0700: Memory Usage (368592K) : Executing rule O.SB.11
2026-09-20 11:18:36 -0700: Memory Usage (368592K) : Executing rule O.SB.13_LV
2026-09-20 11:18:36 -0700: Memory Usage (368592K) : Executing rule O.SB.13_MV
2026-09-20 11:18:36 -0700: Memory Usage (368592K) : Executing rule O.CO.7
2026-09-20 11:18:36 -0700: Memory Usage (368624K) : Executing rule O.PL.ORT
2026-09-20 11:18:36 -0700: Memory Usage (368624K) : Starting LRES derivations
2026-09-20 11:18:36 -0700: Memory Usage (368624K) : Executing rule LRES.1
2026-09-20 11:18:36 -0700: Memory Usage (368624K) : Executing rule LRES.2
2026-09-20 11:18:37 -0700: Memory Usage (368624K) : Executing rule LRES.3
2026-09-20 11:18:37 -0700: Memory Usage (368624K) : Executing rule LRES.4
2026-09-20 11:18:37 -0700: Memory Usage (368624K) : Executing rule LRES.5
2026-09-20 11:18:37 -0700: Memory Usage (368624K) : Executing rule LRES.6
2026-09-20 11:18:37 -0700: Memory Usage (368624K) : Executing rule LRES.7
2026-09-20 11:18:37 -0700: Memory Usage (368624K) : Executing rule LRES.9a
2026-09-20 11:18:37 -0700: Memory Usage (368624K) : Executing rule LRES.9b
2026-09-20 11:18:37 -0700: Memory Usage (368624K) : Executing rule MC.1
2026-09-20 11:18:37 -0700: Memory Usage (368624K) : Executing rule MC.2
2026-09-20 11:18:37 -0700: Memory Usage (368624K) : Executing rule MC.3
2026-09-20 11:18:37 -0700: Memory Usage (368624K) : Executing rule MC.4
2026-09-20 11:18:37 -0700: Memory Usage (368624K) : Executing rule DN.1
2026-09-20 11:18:37 -0700: Memory Usage (368624K) : CONNECTIVITY_RULES section
2026-09-20 11:18:37 -0700: Memory Usage (368624K) : Executing rule DN.2a
2026-09-20 11:18:37 -0700: Memory Usage (368624K) : Executing rule DN.2b
2026-09-20 11:18:37 -0700: Memory Usage (368624K) : Executing rule DN.3
2026-09-20 11:18:37 -0700: Memory Usage (368624K) : main DRC Total Run time 35.01964 seconds
/Users/rwalters/.volare/gf180mcuD/libs.tech/klayout/drc/run_drc.py:698: DeprecationWarning: datetime.datetime.utcnow() is deprecated and scheduled for removal in a future version. Use timezone-aware objects to represent datetimes in UTC: datetime.datetime.now(datetime.UTC).
  now_str = datetime.utcnow().strftime("drc_run_%Y_%m_%d_%H_%M_%S")
20-Sep-2026 11:17:59 | INFO    | Your Klayout version is: KLayout 0.30.10
20-Sep-2026 11:17:59 | INFO    | ## Generating template with for the following rule tables: ['contact.drc', 'lvpwell_split.drc', 'dummy_exclude.drc', 'dualgate.drc', 'contact_split.drc', 'ldpmos.drc', 'nplus.drc', 'mim_a.drc', 'efuse.drc', 'lvpwell.drc', 'metal1_split.drc', 'mim_b.drc', 'via1_split.drc', 'nat.drc', 'pplus.drc', 'via5.drc', 'metal4.drc', 'metaltop_30k.drc', 'metal5.drc', 'via4.drc', 'sab.drc', 'geom.drc', 'metal1.drc', 'metaltop.drc', 'via1.drc', 'metal2.drc', 'via3.drc', 'ldnmos.drc', 'drc_bjt.drc', 'via2.drc', 'metal3.drc', 'esd.drc', 'sram_3p3.drc', 'poly2.drc', 'dnwell_split.drc', 'nwell_split.drc', 'ymtp_mk.drc', 'nwell.drc', 'lvs_bjt.drc', 'via3_split.drc', 'hres.drc', 'sram_5p0.drc', 'pres.drc', 'comp.drc', 'otp_mk.drc', 'ldpmos_split.drc', 'via4_split.drc', 'lres.drc', 'ldnmos_split.drc', 'nat_split.drc', 'via2_split.drc', 'mcell.drc', 'dnwell.drc']
20-Sep-2026 11:17:59 | INFO    | ## Your run dir located at: /private/tmp/i433w/drc
20-Sep-2026 11:17:59 | INFO    | Running Global Foundries 180nm MCU /private/tmp/i433w/vco_block.gds checks on design main on cell vco_block:
20-Sep-2026 11:18:38 | INFO    | Klayout DRC run is clean. GDS has no DRC violations.
