
Note: No compatibility mode selected!


Circuit: * lock-detector @ ff_27c_2.97v_e4.0n -- generated by sim/harness, do not edit

Doing analysis at TEMP = 27.000000 and TNOM = 27.000000

Using SPARSE 1.3 as Direct Linear Solver

Initial Transient Solution
--------------------------

Node                                   Voltage
----                                   -------
vdd                                       2.97
upa                                          0
dna                                          0
xa.xerr.n1                                2.97
xa.xerr.xg1.nmid                     0.0779078
xa.xerr.n2                                2.97
xa.xerr.xg2.nmid                   1.53278e-08
xa.xerr.n3                                2.97
xa.xerr.xg3.nmid                   1.53278e-08
xa.err                             1.05884e-08
xa.xerr.xg4.nmid                   5.29421e-09
xa.xdly.d1                                2.97
xa.xdly.d2                         5.29133e-09
xa.xdly.d3                                2.97
xa.errd                            5.29133e-09
xa.wideb                                  2.97
xa.xnw.nmid                          0.0779073
xa.wide                            5.29133e-09
vwina                                        0
xa.xsch.p1                                2.97
xa.lockb                                  2.97
xa.xsch.n1                             2.53303
locka                              5.29133e-09
upb                                          0
dnb                                          0
xb.xerr.n1                                2.97
xb.xerr.xg1.nmid                     0.0779078
xb.xerr.n2                                2.97
xb.xerr.xg2.nmid                   1.53278e-08
xb.xerr.n3                                2.97
xb.xerr.xg3.nmid                   1.53278e-08
xb.err                             1.05884e-08
xb.xerr.xg4.nmid                   5.29421e-09
xb.xdly.d1                                2.97
xb.xdly.d2                         5.29133e-09
xb.xdly.d3                                2.97
xb.errd                            5.29133e-09
xb.wideb                                  2.97
xb.xnw.nmid                          0.0779073
xb.wide                            5.29133e-09
vwinb                                        0
xb.xsch.p1                                2.97
xb.lockb                                  2.97
xb.xsch.n1                             2.53304
lockb                              5.29133e-09
upc                                          0
dnc                                          0
xc.xerr.n1                                2.97
xc.xerr.xg1.nmid                     0.0779078
xc.xerr.n2                                2.97
xc.xerr.xg2.nmid                   1.53278e-08
xc.xerr.n3                                2.97
xc.xerr.xg3.nmid                   1.53278e-08
xc.err                             1.05884e-08
xc.xerr.xg4.nmid                   5.29421e-09
xc.xdly.d1                                2.97
xc.xdly.d2                         5.29133e-09
xc.xdly.d3                                2.97
xc.errd                            5.29133e-09
xc.wideb                                  2.97
xc.xnw.nmid                          0.0779073
xc.wide                            5.29133e-09
vwinc                                        0
xc.xsch.p1                                2.97
xc.lockb                                  2.97
xc.xsch.n1                             2.53304
lockc                              5.29133e-09
upd                                          0
dnd                                          0
xd.xerr.n1                                2.97
xd.xerr.xg1.nmid                     0.0779078
xd.xerr.n2                                2.97
xd.xerr.xg2.nmid                   1.53278e-08
xd.xerr.n3                                2.97
xd.xerr.xg3.nmid                   1.53278e-08
xd.err                             1.05884e-08
xd.xerr.xg4.nmid                   5.29421e-09
xd.xdly.d1                                2.97
xd.xdly.d2                         5.29133e-09
xd.xdly.d3                                2.97
xd.errd                            5.29133e-09
xd.wideb                                  2.97
xd.xnw.nmid                          0.0779073
xd.wide                            5.29133e-09
vwind                                        0
xd.xsch.p1                                2.97
xd.lockb                                  2.97
xd.xsch.n1                             2.53304
lockd                              5.29133e-09
upe1                                         0
upe2                                         0
upe1n                                     2.97
upe2n                                     2.97
upe                                1.05884e-08
xoe3.nmid                          5.29421e-09
dne                                          0
xe.xerr.n1                                2.97
xe.xerr.xg1.nmid                     0.0779075
xe.xerr.n2                                2.97
xe.xerr.xg2.nmid                   1.53278e-08
xe.xerr.n3                                2.97
xe.xerr.xg3.nmid                   1.53278e-08
xe.err                             1.05884e-08
xe.xerr.xg4.nmid                   5.29421e-09
xe.xdly.d1                                2.97
xe.xdly.d2                         5.29133e-09
xe.xdly.d3                                2.97
xe.errd                            5.29133e-09
xe.wideb                                  2.97
xe.xnw.nmid                          0.0779074
xe.wide                            5.29133e-09
vwine                                        0
xe.xsch.p1                                2.97
xe.lockb                                  2.97
xe.xsch.n1                             2.53304
locke                              5.29133e-09
wstep                                        0
xw.d1                                     2.97
xw.d2                              5.29133e-09
xw.d3                                     2.97
wout                               5.29133e-09
vwstep#branch                                0
vdne#branch                                  0
vupe2#branch                                 0
vupe1#branch                                 0
vdnd#branch                                  0
vupd#branch                                  0
vdnc#branch                                  0
vupc#branch                                  0
vdnb#branch                                  0
vupb#branch                                  0
vdna#branch                                  0
vupa#branch                                  0
vdd#branch                        -4.49487e-06

 Reference value :  1.54560e-08
 Reference value :  5.04322e-08
 Reference value :  8.43096e-08
 Reference value :  1.16113e-07
 Reference value :  1.60149e-07
 Reference value :  1.85495e-07
 Reference value :  2.10292e-07
 Reference value :  2.50432e-07
 Reference value :  3.00010e-07
 Reference value :  3.25207e-07
 Reference value :  3.63868e-07
 Reference value :  4.05543e-07
 Reference value :  4.51305e-07
 Reference value :  4.90310e-07
 Reference value :  5.23116e-07
 Reference value :  5.57048e-07
 Reference value :  5.81295e-07
 Reference value :  6.17941e-07
 Reference value :  6.55538e-07
 Reference value :  7.00310e-07
 Reference value :  7.25383e-07
 Reference value :  7.63337e-07
 Reference value :  7.91654e-07
 Reference value :  8.18341e-07
 Reference value :  8.48738e-07
 Reference value :  8.83868e-07
 Reference value :  9.10406e-07
 Reference value :  9.34938e-07
 Reference value :  9.70107e-07
 Reference value :  1.00934e-06
 Reference value :  1.04412e-06
 Reference value :  1.07945e-06
 Reference value :  1.10161e-06
 Reference value :  1.13334e-06
 Reference value :  1.17754e-06
 Reference value :  1.20714e-06
 Reference value :  1.24052e-06
 Reference value :  1.26785e-06
 Reference value :  1.29614e-06
 Reference value :  1.32420e-06
 Reference value :  1.36125e-06
 Reference value :  1.39034e-06
 Reference value :  1.41314e-06
 Reference value :  1.44834e-06
 Reference value :  1.48154e-06
 Reference value :  1.51003e-06
 Reference value :  1.54905e-06
 Reference value :  1.58038e-06
 Reference value :  1.60774e-06
 Reference value :  1.64039e-06
 Reference value :  1.66745e-06
 Reference value :  1.69794e-06
 Reference value :  1.72477e-06
 Reference value :  1.76010e-06
 Reference value :  1.78410e-06
 Reference value :  1.81006e-06
 Reference value :  1.84122e-06
 Reference value :  1.86985e-06
 Reference value :  1.89674e-06
 Reference value :  1.92734e-06
 Reference value :  1.96400e-06
 Reference value :  1.99145e-06
 Reference value :  2.01694e-06
 Reference value :  2.04754e-06
 Reference value :  2.08154e-06
 Reference value :  2.10921e-06
 Reference value :  2.13121e-06
 Reference value :  2.16517e-06
 Reference value :  2.19465e-06
 Reference value :  2.21914e-06
 Reference value :  2.24974e-06
 Reference value :  2.28314e-06
 Reference value :  2.31012e-06
 Reference value :  2.33354e-06
 Reference value :  2.36734e-06
 Reference value :  2.39865e-06
 Reference value :  2.41954e-06
 Reference value :  2.44834e-06
 Reference value :  2.48117e-06
 Reference value :  2.50441e-06
 Reference value :  2.52953e-06
 Reference value :  2.56285e-06
 Reference value :  2.58910e-06
 Reference value :  2.61015e-06
 Reference value :  2.64138e-06
 Reference value :  2.66965e-06
 Reference value :  2.69374e-06
 Reference value :  2.73121e-06
 Reference value :  2.78270e-06
 Reference value :  2.82190e-06
 Reference value :  2.87425e-06
 Reference value :  2.91831e-06
 Reference value :  2.96122e-06
 Reference value :  3.00345e-06
 Reference value :  3.04714e-06
 Reference value :  3.09010e-06
 Reference value :  3.12016e-06
 Reference value :  3.14165e-06
 Reference value :  3.17077e-06
 Reference value :  3.20110e-06
 Reference value :  3.22290e-06
 Reference value :  3.25059e-06
 Reference value :  3.28415e-06
 Reference value :  3.31015e-06
 Reference value :  3.33116e-06
 Reference value :  3.36477e-06
No. of Data Rows : 22549

  Measurements for Transient Analysis

twin_r              =  1.27716e-09 targ=  4.13272e-08 trig=  4.00500e-08
twin_f              =  1.27067e-09 targ=  2.41421e-07 trig=  2.40150e-07
tb_asrt             =   1.09628e-06
te_asrt             =   1.09628e-06
la_lvl              =  1.16381e-09 from=  3.06000e-06 to=  3.40000e-06
lb_lvl              =  2.97000e+00 from=  3.06000e-06 to=  3.40000e-06
lc_lvl              =  1.21313e-09 from=  3.06000e-06 to=  3.40000e-06
ld_lvl              =  4.22233e-09 from=  3.06000e-06 to=  3.40000e-06
le_lvl              =  7.92889e-09 from=  3.06000e-06 to=  3.40000e-06
va_lvl              =  4.18853e-02 from=  3.06000e-06 to=  3.40000e-06
te_deas             =   2.40469e-06
le_pre              =  2.97000e+00 from=  2.16000e-06 to=  2.40001e-06
iavg                =  -1.42932e-04 from=  1.70000e-06 to=  3.40000e-06

ngspice-46 done


Error: measure  ta_asrt  when(WHEN) : out of interval
 .measure tran ta_asrt when v(locka)=    1.485000000000000e+00     rise=1 failed!


Error: measure  tc_asrt  when(WHEN) : out of interval
 .measure tran tc_asrt when v(lockc)=    1.485000000000000e+00     rise=1 failed!


Error: measure  td_asrt  when(WHEN) : out of interval
 .measure tran td_asrt when v(lockd)=    1.485000000000000e+00     rise=1 failed!

