
Note: No compatibility mode selected!


Circuit: * lock-detector @ mimcap_ff_27c_3.63v_e4.0n -- generated by sim/harness, do not edit

Doing analysis at TEMP = 27.000000 and TNOM = 27.000000

Using SPARSE 1.3 as Direct Linear Solver

Initial Transient Solution
--------------------------

Node                                   Voltage
----                                   -------
vdd                                       3.63
upa                                          0
dna                                          0
xa.xerr.n1                                3.63
xa.xerr.xg1.nmid                       0.06184
xa.xerr.n2                                3.63
xa.xerr.xg2.nmid                   1.37073e-09
xa.xerr.n3                                3.63
xa.xerr.xg3.nmid                   1.37073e-09
xa.err                             1.24752e-08
xa.xerr.xg4.nmid                   6.23761e-09
xa.xdly.d1                                3.63
xa.xdly.d2                         6.21319e-09
xa.xdly.d3                                3.63
xa.errd                            6.21319e-09
xa.wideb                                  3.63
xa.xnw.nmid                            0.06184
xa.wide                            6.21319e-09
vwina                                        0
xa.xsch.p1                                3.63
xa.lockb                                  3.63
xa.xsch.n1                             3.05925
locka                              6.21319e-09
upb                                          0
dnb                                          0
xb.xerr.n1                                3.63
xb.xerr.xg1.nmid                       0.06184
xb.xerr.n2                                3.63
xb.xerr.xg2.nmid                   1.37073e-09
xb.xerr.n3                                3.63
xb.xerr.xg3.nmid                   1.37073e-09
xb.err                             1.24752e-08
xb.xerr.xg4.nmid                   6.23761e-09
xb.xdly.d1                                3.63
xb.xdly.d2                         6.21319e-09
xb.xdly.d3                                3.63
xb.errd                            6.21319e-09
xb.wideb                                  3.63
xb.xnw.nmid                            0.06184
xb.wide                            6.21319e-09
vwinb                                        0
xb.xsch.p1                                3.63
xb.lockb                                  3.63
xb.xsch.n1                             3.05925
lockb                              6.21319e-09
upc                                          0
dnc                                          0
xc.xerr.n1                                3.63
xc.xerr.xg1.nmid                       0.06184
xc.xerr.n2                                3.63
xc.xerr.xg2.nmid                   1.37073e-09
xc.xerr.n3                                3.63
xc.xerr.xg3.nmid                   1.37073e-09
xc.err                             1.24752e-08
xc.xerr.xg4.nmid                   6.23761e-09
xc.xdly.d1                                3.63
xc.xdly.d2                         6.21319e-09
xc.xdly.d3                                3.63
xc.errd                            6.21319e-09
xc.wideb                                  3.63
xc.xnw.nmid                            0.06184
xc.wide                            6.21319e-09
vwinc                                        0
xc.xsch.p1                                3.63
xc.lockb                                  3.63
xc.xsch.n1                             3.05925
lockc                              6.21319e-09
upd                                          0
dnd                                          0
xd.xerr.n1                                3.63
xd.xerr.xg1.nmid                       0.06184
xd.xerr.n2                                3.63
xd.xerr.xg2.nmid                   1.37073e-09
xd.xerr.n3                                3.63
xd.xerr.xg3.nmid                   1.37073e-09
xd.err                             1.24752e-08
xd.xerr.xg4.nmid                   6.23761e-09
xd.xdly.d1                                3.63
xd.xdly.d2                         6.21319e-09
xd.xdly.d3                                3.63
xd.errd                            6.21319e-09
xd.wideb                                  3.63
xd.xnw.nmid                            0.06184
xd.wide                            6.21319e-09
vwind                                        0
xd.xsch.p1                                3.63
xd.lockb                                  3.63
xd.xsch.n1                             3.05925
lockd                              6.21319e-09
upe1                                         0
upe2                                         0
upe1n                                     3.63
upe2n                                     3.63
upe                                1.24752e-08
xoe3.nmid                          6.23761e-09
dne                                          0
xe.xerr.n1                                3.63
xe.xerr.xg1.nmid                     0.0618406
xe.xerr.n2                                3.63
xe.xerr.xg2.nmid                   1.37073e-09
xe.xerr.n3                                3.63
xe.xerr.xg3.nmid                   1.37073e-09
xe.err                             1.24752e-08
xe.xerr.xg4.nmid                   6.23761e-09
xe.xdly.d1                                3.63
xe.xdly.d2                         6.21319e-09
xe.xdly.d3                                3.63
xe.errd                            6.21319e-09
xe.wideb                                  3.63
xe.xnw.nmid                            0.06184
xe.wide                            6.21319e-09
vwine                                        0
xe.xsch.p1                                3.63
xe.lockb                                  3.63
xe.xsch.n1                             3.05925
locke                              6.21319e-09
wstep                                        0
xw.d1                                     3.63
xw.d2                              6.21319e-09
xw.d3                                     3.63
wout                               6.21319e-09
vwstep#branch                                0
vdne#branch                                  0
vupe2#branch                                 0
vupe1#branch                                 0
vdnd#branch                                  0
vupd#branch                                  0
vdnc#branch                                  0
vupc#branch                                  0
vdnb#branch                                  0
vupb#branch                                  0
vdna#branch                                  0
vupa#branch                                  0
vdd#branch                        -6.04586e-06

 Reference value :  1.44560e-08
 Reference value :  5.00650e-08
 Reference value :  8.38316e-08
 Reference value :  1.10121e-07
 Reference value :  1.32920e-07
 Reference value :  1.67321e-07
 Reference value :  2.03832e-07
 Reference value :  2.47920e-07
 Reference value :  2.92520e-07
 Reference value :  3.22263e-07
 Reference value :  3.55831e-07
 Reference value :  3.80510e-07
 Reference value :  4.08121e-07
 Reference value :  4.40819e-07
 Reference value :  4.69031e-07
 Reference value :  4.97520e-07
 Reference value :  5.24413e-07
 Reference value :  5.60100e-07
 Reference value :  5.85658e-07
 Reference value :  6.10149e-07
 Reference value :  6.42865e-07
 Reference value :  6.79031e-07
 Reference value :  7.01777e-07
 Reference value :  7.28320e-07
 Reference value :  7.62463e-07
 Reference value :  7.90121e-07
 Reference value :  8.14893e-07
 Reference value :  8.45305e-07
 Reference value :  8.80514e-07
 Reference value :  9.04777e-07
 Reference value :  9.30205e-07
 Reference value :  9.64546e-07
 Reference value :  9.94619e-07
 Reference value :  1.02001e-06
 Reference value :  1.07723e-06
 Reference value :  1.11869e-06
 Reference value :  1.14203e-06
 Reference value :  1.18146e-06
 Reference value :  1.22038e-06
 Reference value :  1.27843e-06
 Reference value :  1.32131e-06
 Reference value :  1.36952e-06
 Reference value :  1.40872e-06
 Reference value :  1.44082e-06
 Reference value :  1.46603e-06
 Reference value :  1.49372e-06
 Reference value :  1.52286e-06
 Reference value :  1.55443e-06
 Reference value :  1.58126e-06
 Reference value :  1.60986e-06
 Reference value :  1.64130e-06
 Reference value :  1.67343e-06
 Reference value :  1.70012e-06
 Reference value :  1.72592e-06
 Reference value :  1.76152e-06
 Reference value :  1.79011e-06
 Reference value :  1.81269e-06
 Reference value :  1.84517e-06
 Reference value :  1.88086e-06
 Reference value :  1.90638e-06
 Reference value :  1.93044e-06
 Reference value :  1.96511e-06
 Reference value :  1.99522e-06
 Reference value :  2.01769e-06
 Reference value :  2.04732e-06
 Reference value :  2.08152e-06
 Reference value :  2.10858e-06
 Reference value :  2.13113e-06
 Reference value :  2.16498e-06
 Reference value :  2.19382e-06
 Reference value :  2.22466e-06
 Reference value :  2.25272e-06
 Reference value :  2.29010e-06
 Reference value :  2.32010e-06
 Reference value :  2.34503e-06
 Reference value :  2.37372e-06
 Reference value :  2.40340e-06
 Reference value :  2.42766e-06
 Reference value :  2.45212e-06
 Reference value :  2.48521e-06
 Reference value :  2.51129e-06
 Reference value :  2.53138e-06
 Reference value :  2.56525e-06
 Reference value :  2.59462e-06
 Reference value :  2.61489e-06
 Reference value :  2.64521e-06
 Reference value :  2.67904e-06
 Reference value :  2.70001e-06
 Reference value :  2.72470e-06
 Reference value :  2.75783e-06
 Reference value :  2.77952e-06
 Reference value :  2.80513e-06
 Reference value :  2.83346e-06
 Reference value :  2.85512e-06
 Reference value :  2.88712e-06
 Reference value :  2.91369e-06
 Reference value :  2.93372e-06
 Reference value :  2.96652e-06
 Reference value :  2.99662e-06
 Reference value :  3.01769e-06
 Reference value :  3.04911e-06
 Reference value :  3.08113e-06
 Reference value :  3.10278e-06
 Reference value :  3.12712e-06
 Reference value :  3.16038e-06
 Reference value :  3.18106e-06
 Reference value :  3.20672e-06
 Reference value :  3.23866e-06
 Reference value :  3.26001e-06
 Reference value :  3.28951e-06
 Reference value :  3.31929e-06
 Reference value :  3.34010e-06
 Reference value :  3.37001e-06
No. of Data Rows : 22748

  Measurements for Transient Analysis

twin_r              =  1.29009e-09 targ=  4.13401e-08 trig=  4.00500e-08
twin_f              =  1.27562e-09 targ=  2.41426e-07 trig=  2.40150e-07
tb_asrt             =   9.64770e-07
te_asrt             =   9.64770e-07
la_lvl              =  6.62059e-09 from=  3.06000e-06 to=  3.40000e-06
lb_lvl              =  3.63000e+00 from=  3.06000e-06 to=  3.40000e-06
lc_lvl              =  6.49529e-09 from=  3.06000e-06 to=  3.40000e-06
ld_lvl              =  5.68474e-09 from=  3.06000e-06 to=  3.40000e-06
le_lvl              =  5.81983e-09 from=  3.06000e-06 to=  3.40000e-06
va_lvl              =  5.79437e-02 from=  3.06000e-06 to=  3.40000e-06
te_deas             =   2.40478e-06
le_pre              =  3.63000e+00 from=  2.16000e-06 to=  2.40001e-06
iavg                =  -1.73188e-04 from=  1.70000e-06 to=  3.40000e-06

ngspice-46 done


Error: measure  ta_asrt  when(WHEN) : out of interval
 .measure tran ta_asrt when v(locka)=    1.815000000000000e+00     rise=1 failed!


Error: measure  tc_asrt  when(WHEN) : out of interval
 .measure tran tc_asrt when v(lockc)=    1.815000000000000e+00     rise=1 failed!


Error: measure  td_asrt  when(WHEN) : out of interval
 .measure tran td_asrt when v(lockd)=    1.815000000000000e+00     rise=1 failed!

