
Note: No compatibility mode selected!


Circuit: * lock-detector @ ss_125c_2.97v_e2.04n -- generated by sim/harness, do not edit

Doing analysis at TEMP = 125.000000 and TNOM = 27.000000

Using SPARSE 1.3 as Direct Linear Solver

Initial Transient Solution
--------------------------

Node                                   Voltage
----                                   -------
vdd                                       2.97
upa                                          0
dna                                          0
xa.xerr.n1                                2.97
xa.xerr.xg1.nmid                     0.0693288
xa.xerr.n2                                2.97
xa.xerr.xg2.nmid                   4.16559e-08
xa.xerr.n3                                2.97
xa.xerr.xg3.nmid                   4.16559e-08
xa.err                             2.41557e-08
xa.xerr.xg4.nmid                   1.20778e-08
xa.xdly.d1                                2.97
xa.xdly.d2                         1.21794e-08
xa.xdly.d3                                2.97
xa.errd                            1.21794e-08
xa.wideb                                  2.97
xa.xnw.nmid                          0.0693288
xa.wide                            1.21794e-08
vwina                                        0
xa.xsch.p1                                2.97
xa.lockb                                  2.97
xa.xsch.n1                             2.47889
locka                              1.21794e-08
upb                                          0
dnb                                          0
xb.xerr.n1                                2.97
xb.xerr.xg1.nmid                     0.0693288
xb.xerr.n2                                2.97
xb.xerr.xg2.nmid                   4.16559e-08
xb.xerr.n3                                2.97
xb.xerr.xg3.nmid                   4.16559e-08
xb.err                             2.41557e-08
xb.xerr.xg4.nmid                   1.20778e-08
xb.xdly.d1                                2.97
xb.xdly.d2                         1.21794e-08
xb.xdly.d3                                2.97
xb.errd                            1.21794e-08
xb.wideb                                  2.97
xb.xnw.nmid                          0.0693288
xb.wide                            1.21794e-08
vwinb                                        0
xb.xsch.p1                                2.97
xb.lockb                                  2.97
xb.xsch.n1                             2.47889
lockb                              1.21794e-08
upc                                          0
dnc                                          0
xc.xerr.n1                                2.97
xc.xerr.xg1.nmid                     0.0693288
xc.xerr.n2                                2.97
xc.xerr.xg2.nmid                   4.16559e-08
xc.xerr.n3                                2.97
xc.xerr.xg3.nmid                   4.16559e-08
xc.err                             2.41557e-08
xc.xerr.xg4.nmid                   1.20778e-08
xc.xdly.d1                                2.97
xc.xdly.d2                         1.21794e-08
xc.xdly.d3                                2.97
xc.errd                            1.21794e-08
xc.wideb                                  2.97
xc.xnw.nmid                          0.0693288
xc.wide                            1.21794e-08
vwinc                                        0
xc.xsch.p1                                2.97
xc.lockb                                  2.97
xc.xsch.n1                             2.47889
lockc                              1.21794e-08
upd                                          0
dnd                                          0
xd.xerr.n1                                2.97
xd.xerr.xg1.nmid                     0.0693288
xd.xerr.n2                                2.97
xd.xerr.xg2.nmid                   4.16559e-08
xd.xerr.n3                                2.97
xd.xerr.xg3.nmid                   4.16559e-08
xd.err                             2.41557e-08
xd.xerr.xg4.nmid                   1.20778e-08
xd.xdly.d1                                2.97
xd.xdly.d2                         1.21794e-08
xd.xdly.d3                                2.97
xd.errd                            1.21794e-08
xd.wideb                                  2.97
xd.xnw.nmid                          0.0693288
xd.wide                            1.21794e-08
vwind                                        0
xd.xsch.p1                                2.97
xd.lockb                                  2.97
xd.xsch.n1                             2.47889
lockd                              1.21794e-08
upe1                                         0
upe2                                         0
upe1n                                     2.97
upe2n                                     2.97
upe                                2.41556e-08
xoe3.nmid                          1.20778e-08
dne                                          0
xe.xerr.n1                                2.97
xe.xerr.xg1.nmid                     0.0693288
xe.xerr.n2                                2.97
xe.xerr.xg2.nmid                    4.1656e-08
xe.xerr.n3                                2.97
xe.xerr.xg3.nmid                   4.16559e-08
xe.err                             2.41557e-08
xe.xerr.xg4.nmid                   1.20778e-08
xe.xdly.d1                                2.97
xe.xdly.d2                         1.21794e-08
xe.xdly.d3                                2.97
xe.errd                            1.21794e-08
xe.wideb                                  2.97
xe.xnw.nmid                          0.0693288
xe.wide                            1.21794e-08
vwine                                        0
xe.xsch.p1                                2.97
xe.lockb                                  2.97
xe.xsch.n1                             2.47889
locke                              1.21794e-08
wstep                                        0
xw.d1                                     2.97
xw.d2                              1.21794e-08
xw.d3                                     2.97
wout                               1.21794e-08
vwstep#branch                                0
vdne#branch                                  0
vupe2#branch                                 0
vupe1#branch                                 0
vdnd#branch                                  0
vupd#branch                                  0
vdnc#branch                                  0
vupc#branch                                  0
vdnb#branch                                  0
vupb#branch                                  0
vdna#branch                                  0
vupa#branch                                  0
vdd#branch                        -2.30039e-06

 Reference value :  1.52560e-08
 Reference value :  5.09027e-08
 Reference value :  8.32890e-08
 Reference value :  1.14092e-07
 Reference value :  1.40149e-07
 Reference value :  1.70503e-07
 Reference value :  2.01550e-07
 Reference value :  2.31260e-07
 Reference value :  2.59705e-07
 Reference value :  2.90903e-07
 Reference value :  3.21221e-07
 Reference value :  3.50294e-07
 Reference value :  3.79305e-07
 Reference value :  4.07360e-07
 Reference value :  4.41200e-07
 Reference value :  4.71429e-07
 Reference value :  5.00121e-07
 Reference value :  5.46494e-07
 Reference value :  6.00317e-07
 Reference value :  6.47945e-07
 Reference value :  7.00317e-07
 Reference value :  7.49694e-07
 Reference value :  8.00856e-07
 Reference value :  8.50030e-07
 Reference value :  9.01645e-07
 Reference value :  9.50094e-07
 Reference value :  1.00016e-06
 Reference value :  1.04655e-06
 Reference value :  1.10032e-06
 Reference value :  1.15209e-06
 Reference value :  1.20216e-06
 Reference value :  1.25171e-06
 Reference value :  1.30785e-06
 Reference value :  1.36020e-06
 Reference value :  1.40595e-06
 Reference value :  1.45651e-06
 Reference value :  1.50085e-06
 Reference value :  1.54849e-06
 Reference value :  1.60098e-06
 Reference value :  1.65015e-06
 Reference value :  1.70425e-06
 Reference value :  1.75889e-06
 Reference value :  1.80225e-06
 Reference value :  1.84615e-06
 Reference value :  1.88755e-06
 Reference value :  1.92359e-06
 Reference value :  1.97212e-06
 Reference value :  2.01793e-06
 Reference value :  2.05311e-06
 Reference value :  2.08615e-06
 Reference value :  2.12835e-06
 Reference value :  2.18010e-06
 Reference value :  2.23286e-06
 Reference value :  2.28342e-06
 Reference value :  2.33125e-06
 Reference value :  2.38366e-06
 Reference value :  2.43486e-06
 Reference value :  2.48324e-06
 Reference value :  2.52921e-06
 Reference value :  2.57631e-06
 Reference value :  2.62015e-06
 Reference value :  2.67604e-06
 Reference value :  2.72139e-06
 Reference value :  2.76875e-06
 Reference value :  2.81273e-06
 Reference value :  2.85271e-06
 Reference value :  2.90032e-06
 Reference value :  2.94829e-06
 Reference value :  3.00020e-06
 Reference value :  3.04321e-06
 Reference value :  3.09122e-06
 Reference value :  3.13851e-06
 Reference value :  3.19032e-06
 Reference value :  3.24111e-06
 Reference value :  3.28921e-06
 Reference value :  3.33211e-06
 Reference value :  3.37491e-06
No. of Data Rows : 22263

  Measurements for Transient Analysis

twin_r              =  1.96278e-09 targ=  4.20128e-08 trig=  4.00500e-08
twin_f              =  1.95867e-09 targ=  2.42109e-07 trig=  2.40150e-07
tb_asrt             =   1.91255e-06
te_asrt             =   1.91255e-06
la_lvl              =  8.76087e-09 from=  3.06000e-06 to=  3.40000e-06
lb_lvl              =  2.97000e+00 from=  3.06000e-06 to=  3.40000e-06
lc_lvl              =  1.03324e-08 from=  3.06000e-06 to=  3.40000e-06
ld_lvl              =  1.15923e-08 from=  3.06000e-06 to=  3.40000e-06
le_lvl              =  1.28884e-08 from=  3.06000e-06 to=  3.40000e-06
va_lvl              =  5.06306e-01 from=  3.06000e-06 to=  3.40000e-06
te_deas             =   2.40565e-06
le_pre              =  2.97000e+00 from=  2.16000e-06 to=  2.40001e-06
iavg                =  -1.67537e-04 from=  1.70000e-06 to=  3.40000e-06

ngspice-46 done


Error: measure  ta_asrt  when(WHEN) : out of interval
 .measure tran ta_asrt when v(locka)=    1.485000000000000e+00     rise=1 failed!


Error: measure  tc_asrt  when(WHEN) : out of interval
 .measure tran tc_asrt when v(lockc)=    1.485000000000000e+00     rise=1 failed!


Error: measure  td_asrt  when(WHEN) : out of interval
 .measure tran td_asrt when v(lockd)=    1.485000000000000e+00     rise=1 failed!

