
Note: No compatibility mode selected!


Circuit: * lock-detector @ typical_27c_3.30v_e1.2n -- generated by sim/harness, do not edit

Doing analysis at TEMP = 27.000000 and TNOM = 27.000000

Using SPARSE 1.3 as Direct Linear Solver

Initial Transient Solution
--------------------------

Node                                   Voltage
----                                   -------
vdd                                        3.3
upa                                          0
dna                                          0
xa.xerr.n1                                 3.3
xa.xerr.xg1.nmid                     0.0562551
xa.xerr.n2                                 3.3
xa.xerr.xg2.nmid                   1.08738e-09
xa.xerr.n3                                 3.3
xa.xerr.xg3.nmid                   1.08738e-09
xa.err                             1.09665e-08
xa.xerr.xg4.nmid                   5.48326e-09
xa.xdly.d1                                 3.3
xa.xdly.d2                         5.48835e-09
xa.xdly.d3                                 3.3
xa.errd                            5.48835e-09
xa.wideb                                   3.3
xa.xnw.nmid                          0.0562549
xa.wide                            5.48835e-09
vwina                                        0
xa.xsch.p1                                 3.3
xa.lockb                                   3.3
xa.xsch.n1                             2.75098
locka                              5.48835e-09
upb                                          0
dnb                                          0
xb.xerr.n1                                 3.3
xb.xerr.xg1.nmid                     0.0562551
xb.xerr.n2                                 3.3
xb.xerr.xg2.nmid                   1.08738e-09
xb.xerr.n3                                 3.3
xb.xerr.xg3.nmid                   1.08738e-09
xb.err                             1.09665e-08
xb.xerr.xg4.nmid                   5.48326e-09
xb.xdly.d1                                 3.3
xb.xdly.d2                         5.48835e-09
xb.xdly.d3                                 3.3
xb.errd                            5.48835e-09
xb.wideb                                   3.3
xb.xnw.nmid                          0.0562549
xb.wide                            5.48835e-09
vwinb                                        0
xb.xsch.p1                                 3.3
xb.lockb                                   3.3
xb.xsch.n1                             2.75098
lockb                              5.48835e-09
upc                                          0
dnc                                          0
xc.xerr.n1                                 3.3
xc.xerr.xg1.nmid                     0.0562551
xc.xerr.n2                                 3.3
xc.xerr.xg2.nmid                   1.08738e-09
xc.xerr.n3                                 3.3
xc.xerr.xg3.nmid                   1.08738e-09
xc.err                             1.09665e-08
xc.xerr.xg4.nmid                   5.48326e-09
xc.xdly.d1                                 3.3
xc.xdly.d2                         5.48835e-09
xc.xdly.d3                                 3.3
xc.errd                            5.48835e-09
xc.wideb                                   3.3
xc.xnw.nmid                          0.0562549
xc.wide                            5.48835e-09
vwinc                                        0
xc.xsch.p1                                 3.3
xc.lockb                                   3.3
xc.xsch.n1                             2.75099
lockc                              5.48835e-09
upd                                          0
dnd                                          0
xd.xerr.n1                                 3.3
xd.xerr.xg1.nmid                     0.0562551
xd.xerr.n2                                 3.3
xd.xerr.xg2.nmid                   1.08738e-09
xd.xerr.n3                                 3.3
xd.xerr.xg3.nmid                   1.08738e-09
xd.err                             1.09665e-08
xd.xerr.xg4.nmid                   5.48326e-09
xd.xdly.d1                                 3.3
xd.xdly.d2                         5.48835e-09
xd.xdly.d3                                 3.3
xd.errd                            5.48835e-09
xd.wideb                                   3.3
xd.xnw.nmid                          0.0562549
xd.wide                            5.48835e-09
vwind                                        0
xd.xsch.p1                                 3.3
xd.lockb                                   3.3
xd.xsch.n1                             2.75098
lockd                              5.48835e-09
upe1                                         0
upe2                                         0
upe1n                                      3.3
upe2n                                      3.3
upe                                1.09665e-08
xoe3.nmid                          5.48326e-09
dne                                          0
xe.xerr.n1                                 3.3
xe.xerr.xg1.nmid                     0.0562554
xe.xerr.n2                                 3.3
xe.xerr.xg2.nmid                   1.08738e-09
xe.xerr.n3                                 3.3
xe.xerr.xg3.nmid                   1.08738e-09
xe.err                             1.09665e-08
xe.xerr.xg4.nmid                   5.48326e-09
xe.xdly.d1                                 3.3
xe.xdly.d2                         5.48835e-09
xe.xdly.d3                                 3.3
xe.errd                            5.48835e-09
xe.wideb                                   3.3
xe.xnw.nmid                          0.0562549
xe.wide                            5.48835e-09
vwine                                        0
xe.xsch.p1                                 3.3
xe.lockb                                   3.3
xe.xsch.n1                             2.75099
locke                              5.48835e-09
wstep                                        0
xw.d1                                      3.3
xw.d2                              5.48835e-09
xw.d3                                      3.3
wout                               5.48835e-09
vwstep#branch                                0
vdne#branch                                  0
vupe2#branch                                 0
vupe1#branch                                 0
vdnd#branch                                  0
vupd#branch                                  0
vdnc#branch                                  0
vupc#branch                                  0
vdnb#branch                                  0
vupb#branch                                  0
vdna#branch                                  0
vupa#branch                                  0
vdd#branch                        -4.75166e-06

 Reference value :  1.50560e-08
 Reference value :  5.12490e-08
 Reference value :  8.35465e-08
 Reference value :  1.16154e-07
 Reference value :  1.54849e-07
 Reference value :  2.01165e-07
 Reference value :  2.42400e-07
 Reference value :  2.83147e-07
 Reference value :  3.20100e-07
 Reference value :  3.61339e-07
 Reference value :  4.02365e-07
 Reference value :  4.50913e-07
 Reference value :  4.96931e-07
 Reference value :  5.30314e-07
 Reference value :  5.81348e-07
 Reference value :  6.29348e-07
 Reference value :  6.82151e-07
 Reference value :  7.28147e-07
 Reference value :  7.70314e-07
 Reference value :  8.02747e-07
 Reference value :  8.34948e-07
 Reference value :  8.60289e-07
 Reference value :  8.91249e-07
 Reference value :  9.21130e-07
 Reference value :  9.52249e-07
 Reference value :  9.80121e-07
 Reference value :  1.00675e-06
 Reference value :  1.04010e-06
 Reference value :  1.06544e-06
 Reference value :  1.09513e-06
 Reference value :  1.12230e-06
 Reference value :  1.15885e-06
 Reference value :  1.18875e-06
 Reference value :  1.21194e-06
 Reference value :  1.24259e-06
 Reference value :  1.27964e-06
 Reference value :  1.30758e-06
 Reference value :  1.34465e-06
 Reference value :  1.39608e-06
 Reference value :  1.44215e-06
 Reference value :  1.49213e-06
 Reference value :  1.54001e-06
 Reference value :  1.59146e-06
 Reference value :  1.64086e-06
 Reference value :  1.69011e-06
 Reference value :  1.73091e-06
 Reference value :  1.77125e-06
 Reference value :  1.81714e-06
 Reference value :  1.85015e-06
 Reference value :  1.88200e-06
 Reference value :  1.91012e-06
 Reference value :  1.93613e-06
 Reference value :  1.97012e-06
 Reference value :  2.00011e-06
 Reference value :  2.02435e-06
 Reference value :  2.05253e-06
 Reference value :  2.08615e-06
 Reference value :  2.11555e-06
 Reference value :  2.14032e-06
 Reference value :  2.17253e-06
 Reference value :  2.20138e-06
 Reference value :  2.23015e-06
 Reference value :  2.25893e-06
 Reference value :  2.29058e-06
 Reference value :  2.32015e-06
 Reference value :  2.34865e-06
 Reference value :  2.38195e-06
 Reference value :  2.40833e-06
 Reference value :  2.43855e-06
 Reference value :  2.46012e-06
 Reference value :  2.49012e-06
 Reference value :  2.52000e-06
 Reference value :  2.54045e-06
 Reference value :  2.57513e-06
 Reference value :  2.61111e-06
 Reference value :  2.65125e-06
 Reference value :  2.68313e-06
 Reference value :  2.71015e-06
 Reference value :  2.73121e-06
 Reference value :  2.76916e-06
 Reference value :  2.79666e-06
 Reference value :  2.81794e-06
 Reference value :  2.84813e-06
 Reference value :  2.88020e-06
 Reference value :  2.90158e-06
 Reference value :  2.92813e-06
 Reference value :  2.96051e-06
 Reference value :  2.98235e-06
 Reference value :  3.00892e-06
 Reference value :  3.03975e-06
 Reference value :  3.06021e-06
 Reference value :  3.09010e-06
 Reference value :  3.11955e-06
 Reference value :  3.14425e-06
 Reference value :  3.17131e-06
 Reference value :  3.20110e-06
 Reference value :  3.22335e-06
 Reference value :  3.25043e-06
 Reference value :  3.28231e-06
 Reference value :  3.30838e-06
 Reference value :  3.33020e-06
 Reference value :  3.36240e-06
 Reference value :  3.38955e-06
No. of Data Rows : 22253

  Measurements for Transient Analysis

twin_r              =  1.36072e-09 targ=  4.14107e-08 trig=  4.00500e-08
twin_f              =  1.34085e-09 targ=  2.41491e-07 trig=  2.40150e-07
ta_asrt             =   1.08965e-06
tb_asrt             =   1.08965e-06
te_asrt             =   1.08965e-06
la_lvl              =  3.30000e+00 from=  3.06000e-06 to=  3.40000e-06
lb_lvl              =  3.30000e+00 from=  3.06000e-06 to=  3.40000e-06
lc_lvl              =  3.09714e-09 from=  3.06000e-06 to=  3.40000e-06
ld_lvl              =  4.10040e-09 from=  3.06000e-06 to=  3.40000e-06
le_lvl              =  6.07983e-09 from=  3.06000e-06 to=  3.40000e-06
va_lvl              =  3.16828e+00 from=  3.06000e-06 to=  3.40000e-06
te_deas             =   2.40485e-06
le_pre              =  3.30000e+00 from=  2.16000e-06 to=  2.40001e-06
iavg                =  -1.49262e-04 from=  1.70000e-06 to=  3.40000e-06

ngspice-46 done


Error: measure  tc_asrt  when(WHEN) : out of interval
 .measure tran tc_asrt when v(lockc)=    1.650000000000000e+00     rise=1 failed!


Error: measure  td_asrt  when(WHEN) : out of interval
 .measure tran td_asrt when v(lockd)=    1.650000000000000e+00     rise=1 failed!

