==== generated deck (sw_fs_27c_2.97v_vctrl2.4) ====
* GENERATED by simenv.sh -- do not edit; edit /Users/rwalters/GitHub/gf180-pll/.loom/worktrees/issue-24/sim/cp-compliance/testbench/tb_cp_switch.sp instead
* tag=sw_fs_T27_V2p97_X2p4 libs=fs temp=27C
.include "/Users/rwalters/.volare/gf180mcuD/libs.tech/ngspice/design.ngspice"
.lib "/Users/rwalters/.volare/gf180mcuD/libs.tech/ngspice/sm141064.ngspice" fs
.temp 27
.param sim_temp=27
.param vsup=2.97
.param vctrl=2.4
.param b0_code=0
.param b1_code=1
.include "/Users/rwalters/GitHub/gf180-pll/.loom/worktrees/issue-24/sim/cp-compliance/testbench/tb_cp_switch.sp"
.end

==== ngspice output ====

Note: Compatibility modes selected: hs a

Warning: m=xx on .subckt line will override multiplier m hierarchy!


Circuit: * generated by simenv.sh -- do not edit; edit /users/rwalters/github/gf180-pll/.loom/worktrees/issue-24/sim/cp-compliance/testbench/tb_cp_switch.sp instead

Doing analysis at TEMP = 27.000000 and TNOM = 27.000000

Using SPARSE 1.3 as Direct Linear Solver

Initial Transient Solution
--------------------------

Node                                   Voltage
----                                   -------
vdd                                       2.97
vss                                          0
hi                                        2.97
lo                                           0
b0                                           0
b1                                        2.97
ctl                                          0
ibn_u                                 0.638132
icn_u                                 0.742644
ibp_u                                  2.02814
icp_u                                  1.90701
xcpu.b0b                                  2.97
xcpu.b1b                           9.48209e-09
xcpu.upb                                  2.97
xcpu.dnb                                  2.97
xcpu.xn_base.bg                       0.638132
xcpu.xn_base.mid                      0.084583
xcpu.dnt                               2.09493
xcpu.xn_t0.bg                      5.32302e-10
xcpu.xn_t0.mid                         0.46714
xcpu.xn_t1a.bg                        0.638132
xcpu.xn_t1a.mid                       0.084583
xcpu.xn_t1b.bg                        0.638132
xcpu.xn_t1b.mid                       0.084583
xcpu.xp_base.bg                        2.02814
xcpu.xp_base.mid                       2.88204
xcpu.upt                               2.40493
xcpu.xp_t0.bg                             2.97
xcpu.xp_t0.mid                         1.19852
xcpu.xp_t1a.bg                         2.02814
xcpu.xp_t1a.mid                        2.88204
xcpu.xp_t1b.bg                         2.02814
xcpu.xp_t1b.mid                        2.88204
outu                                       2.4
xcpu.vdump                             2.39825
xcpu.xbuf.nsrc                         1.39627
xcpu.xbuf.nda                          2.02513
xcpu.xbuf.psrc                         2.96997
xcpu.xbuf.pda                         0.296592
ibn_d                                 0.638132
icn_d                                 0.742644
ibp_d                                  2.02814
icp_d                                  1.90701
xcpd.b0b                                  2.97
xcpd.b1b                           9.48209e-09
xcpd.upb                                  2.97
xcpd.dnb                                  2.97
xcpd.xn_base.bg                       0.638132
xcpd.xn_base.mid                      0.084583
xcpd.dnt                               2.09493
xcpd.xn_t0.bg                      5.32302e-10
xcpd.xn_t0.mid                        0.467139
xcpd.xn_t1a.bg                        0.638132
xcpd.xn_t1a.mid                       0.084583
xcpd.xn_t1b.bg                        0.638132
xcpd.xn_t1b.mid                       0.084583
xcpd.xp_base.bg                        2.02814
xcpd.xp_base.mid                       2.88204
xcpd.upt                               2.40493
xcpd.xp_t0.bg                             2.97
xcpd.xp_t0.mid                         1.19852
xcpd.xp_t1a.bg                         2.02814
xcpd.xp_t1a.mid                        2.88204
xcpd.xp_t1b.bg                         2.02814
xcpd.xp_t1b.mid                        2.88204
outd                                       2.4
xcpd.vdump                             2.39825
xcpd.xbuf.nsrc                         1.39627
xcpd.xbuf.nda                          2.02513
xcpd.xbuf.psrc                         2.96997
xcpd.xbuf.pda                         0.296592
vod#branch                        -2.22862e-11
vou#branch                        -2.22862e-11
vctl#branch                                  0
vb1#branch                           -2.97e-12
vb0#branch                                   0
vlo#branch                                   0
vhi#branch                           -2.97e-12
vss#branch                         5.90632e-05
vdd#branch                        -9.10637e-05


No. of Data Rows : 4029
iup_ss              =  5.31545e-06 from=  1.40000e-08 to=  1.50025e-08
idn_ss              =  -5.24587e-06 from=  1.40000e-08 to=  1.50025e-08
qup                 =  2.30778e-14 from=  9.50000e-09 to=  1.50000e-08
qdn                 =  -2.41807e-14 from=  9.50000e-09 to=  1.50000e-08
ton_up              =  -9.99855e-11 targ=  1.00000e-08 trig=  1.01000e-08
ton_dn              =  2.34094e-11 targ=  1.01234e-08 trig=  1.01000e-08
toff_up             =  -9.99306e-11 targ=  1.52001e-08 trig=  1.53000e-08
toff_dn             =  3.22902e-11 targ=  1.53323e-08 trig=  1.53000e-08
CPSW iup_ss=5.31545E-06 idn_ss=-5.24587E-06 qup=2.30778E-14 qdn=-2.41807E-14 wup=4.34165E-09 wdn=4.60948E-09 wskew=-2.67833E-10 ton_up=-9.99855E-11 ton_dn=2.34094E-11 toff_up=-9.99306E-11 toff_dn=3.22902E-11
Note: Simulation executed from .control section 
