==== generated deck (sw_fs_125c_3.30v_vctrl0.9) ====
* GENERATED by simenv.sh -- do not edit; edit /Users/rwalters/GitHub/gf180-pll/.loom/worktrees/issue-24/sim/cp-compliance/testbench/tb_cp_switch.sp instead
* tag=sw_fs_T125_V3p30_X0p9 libs=fs temp=125C
.include "/Users/rwalters/.volare/gf180mcuD/libs.tech/ngspice/design.ngspice"
.lib "/Users/rwalters/.volare/gf180mcuD/libs.tech/ngspice/sm141064.ngspice" fs
.temp 125
.param sim_temp=125
.param vsup=3.30
.param vctrl=0.9
.param b0_code=0
.param b1_code=1
.include "/Users/rwalters/GitHub/gf180-pll/.loom/worktrees/issue-24/sim/cp-compliance/testbench/tb_cp_switch.sp"
.end

==== ngspice output ====

Note: Compatibility modes selected: hs a

Warning: m=xx on .subckt line will override multiplier m hierarchy!


Circuit: * generated by simenv.sh -- do not edit; edit /users/rwalters/github/gf180-pll/.loom/worktrees/issue-24/sim/cp-compliance/testbench/tb_cp_switch.sp instead

Doing analysis at TEMP = 125.000000 and TNOM = 27.000000

Using SPARSE 1.3 as Direct Linear Solver

Initial Transient Solution
--------------------------

Node                                   Voltage
----                                   -------
vdd                                        3.3
vss                                          0
hi                                         3.3
lo                                           0
b0                                           0
b1                                         3.3
ctl                                          0
ibn_u                                 0.551726
icn_u                                 0.674056
ibp_u                                  2.45757
icp_u                                  2.31105
xcpu.b0b                                   3.3
xcpu.b1b                           1.88876e-08
xcpu.upb                                   3.3
xcpu.dnb                                   3.3
xcpu.xn_base.bg                       0.551725
xcpu.xn_base.mid                     0.0974567
xcpu.dnt                               0.89914
xcpu.xn_t0.bg                      1.97574e-07
xcpu.xn_t0.mid                        0.486323
xcpu.xn_t1a.bg                        0.551725
xcpu.xn_t1a.mid                      0.0974567
xcpu.xn_t1b.bg                        0.551725
xcpu.xn_t1b.mid                      0.0974567
xcpu.xp_base.bg                        2.45757
xcpu.xp_base.mid                       3.19289
xcpu.upt                               1.29826
xcpu.xp_t0.bg                              3.3
xcpu.xp_t0.mid                         1.76314
xcpu.xp_t1a.bg                         2.45757
xcpu.xp_t1a.mid                        3.19289
xcpu.xp_t1b.bg                         2.45757
xcpu.xp_t1b.mid                        3.19289
outu                                       0.9
xcpu.vdump                            0.901494
xcpu.xbuf.nsrc                        0.295426
xcpu.xbuf.nda                          2.45702
xcpu.xbuf.psrc                         1.68959
xcpu.xbuf.pda                         0.506744
ibn_d                                 0.551726
icn_d                                 0.674056
ibp_d                                  2.45757
icp_d                                  2.31105
xcpd.b0b                                   3.3
xcpd.b1b                           1.88876e-08
xcpd.upb                                   3.3
xcpd.dnb                                   3.3
xcpd.xn_base.bg                       0.551725
xcpd.xn_base.mid                     0.0974567
xcpd.dnt                               0.89914
xcpd.xn_t0.bg                      1.97574e-07
xcpd.xn_t0.mid                        0.486323
xcpd.xn_t1a.bg                        0.551725
xcpd.xn_t1a.mid                      0.0974567
xcpd.xn_t1b.bg                        0.551725
xcpd.xn_t1b.mid                      0.0974567
xcpd.xp_base.bg                        2.45757
xcpd.xp_base.mid                       3.19289
xcpd.upt                               1.29826
xcpd.xp_t0.bg                              3.3
xcpd.xp_t0.mid                         1.76314
xcpd.xp_t1a.bg                         2.45757
xcpd.xp_t1a.mid                        3.19289
xcpd.xp_t1b.bg                         2.45757
xcpd.xp_t1b.mid                        3.19289
outd                                       0.9
xcpd.vdump                            0.901494
xcpd.xbuf.nsrc                        0.295426
xcpd.xbuf.nda                          2.45702
xcpd.xbuf.psrc                         1.68959
xcpd.xbuf.pda                         0.506744
vod#branch                        -1.70707e-12
vou#branch                        -1.70707e-12
vctl#branch                                  0
vb1#branch                            -3.3e-12
vb0#branch                                   0
vlo#branch                                   0
vhi#branch                            -3.3e-12
vss#branch                         7.52438e-05
vdd#branch                        -0.000107244


No. of Data Rows : 4408
iup_ss              =  4.90084e-06 from=  1.40000e-08 to=  1.50025e-08
idn_ss              =  -5.14466e-06 from=  1.40000e-08 to=  1.50025e-08
qup                 =  2.15131e-14 from=  9.50000e-09 to=  1.50000e-08
qdn                 =  -2.48519e-14 from=  9.50000e-09 to=  1.50000e-08
ton_up              =  -9.99719e-11 targ=  1.00000e-08 trig=  1.01000e-08
ton_dn              =  8.94890e-11 targ=  1.01895e-08 trig=  1.01000e-08
toff_up             =  -9.99400e-11 targ=  1.52001e-08 trig=  1.53000e-08
toff_dn             =  4.18114e-11 targ=  1.53418e-08 trig=  1.53000e-08
CPSW iup_ss=4.90084E-06 idn_ss=-5.14466E-06 qup=2.15131E-14 qdn=-2.4852E-14 wup=4.38967E-09 wdn=4.83063E-09 wskew=-4.40965E-10 ton_up=-9.99719E-11 ton_dn=8.9489E-11 toff_up=-9.994E-11 toff_dn=4.18114E-11
Note: Simulation executed from .control section 
