==== generated deck (sw_sf_27c_3.30v_vctrl1.65) ====
* GENERATED by simenv.sh -- do not edit; edit /Users/rwalters/GitHub/gf180-pll/.loom/worktrees/issue-24/sim/cp-compliance/testbench/tb_cp_switch.sp instead
* tag=sw_sf_T27_V3p30_X1p65 libs=sf temp=27C
.include "/Users/rwalters/.volare/gf180mcuD/libs.tech/ngspice/design.ngspice"
.lib "/Users/rwalters/.volare/gf180mcuD/libs.tech/ngspice/sm141064.ngspice" sf
.temp 27
.param sim_temp=27
.param vsup=3.30
.param vctrl=1.65
.param b0_code=0
.param b1_code=1
.include "/Users/rwalters/GitHub/gf180-pll/.loom/worktrees/issue-24/sim/cp-compliance/testbench/tb_cp_switch.sp"
.end

==== ngspice output ====

Note: Compatibility modes selected: hs a

Warning: m=xx on .subckt line will override multiplier m hierarchy!


Circuit: * generated by simenv.sh -- do not edit; edit /users/rwalters/github/gf180-pll/.loom/worktrees/issue-24/sim/cp-compliance/testbench/tb_cp_switch.sp instead

Doing analysis at TEMP = 27.000000 and TNOM = 27.000000

Using SPARSE 1.3 as Direct Linear Solver

Initial Transient Solution
--------------------------

Node                                   Voltage
----                                   -------
vdd                                        3.3
vss                                          0
hi                                         3.3
lo                                           0
b0                                           0
b1                                         3.3
ctl                                          0
ibn_u                                 0.799915
icn_u                                 0.908402
ibp_u                                  2.54007
icp_u                                  2.42449
xcpu.b0b                                   3.3
xcpu.b1b                           1.18703e-08
xcpu.upb                                   3.3
xcpu.dnb                                   3.3
xcpu.xn_base.bg                       0.799915
xcpu.xn_base.mid                     0.0856659
xcpu.dnt                               1.64655
xcpu.xn_t0.bg                      1.05071e-11
xcpu.xn_t0.mid                        0.469971
xcpu.xn_t1a.bg                        0.799915
xcpu.xn_t1a.mid                      0.0856659
xcpu.xn_t1b.bg                        0.799915
xcpu.xn_t1b.mid                      0.0856659
xcpu.xp_base.bg                        2.54007
xcpu.xp_base.mid                       3.21349
xcpu.upt                               1.66211
xcpu.xp_t0.bg                              3.3
xcpu.xp_t0.mid                         1.32462
xcpu.xp_t1a.bg                         2.54007
xcpu.xp_t1a.mid                        3.21349
xcpu.xp_t1b.bg                         2.54007
xcpu.xp_t1b.mid                        3.21349
outu                                      1.65
xcpu.vdump                             1.65019
xcpu.xbuf.nsrc                        0.665716
xcpu.xbuf.nda                          2.53928
xcpu.xbuf.psrc                         2.36758
xcpu.xbuf.pda                         0.761205
ibn_d                                 0.799915
icn_d                                 0.908402
ibp_d                                  2.54007
icp_d                                  2.42449
xcpd.b0b                                   3.3
xcpd.b1b                           1.18703e-08
xcpd.upb                                   3.3
xcpd.dnb                                   3.3
xcpd.xn_base.bg                       0.799915
xcpd.xn_base.mid                     0.0856659
xcpd.dnt                               1.64655
xcpd.xn_t0.bg                      1.05071e-11
xcpd.xn_t0.mid                         0.46997
xcpd.xn_t1a.bg                        0.799915
xcpd.xn_t1a.mid                      0.0856659
xcpd.xn_t1b.bg                        0.799915
xcpd.xn_t1b.mid                      0.0856659
xcpd.xp_base.bg                        2.54007
xcpd.xp_base.mid                       3.21349
xcpd.upt                               1.66211
xcpd.xp_t0.bg                              3.3
xcpd.xp_t0.mid                         1.32462
xcpd.xp_t1a.bg                         2.54007
xcpd.xp_t1a.mid                        3.21349
xcpd.xp_t1b.bg                         2.54007
xcpd.xp_t1b.mid                        3.21349
outd                                      1.65
xcpd.vdump                             1.65019
xcpd.xbuf.nsrc                        0.665716
xcpd.xbuf.nda                          2.53928
xcpd.xbuf.psrc                         2.36758
xcpd.xbuf.pda                         0.761205
vod#branch                        -1.15459e-11
vou#branch                        -1.15459e-11
vctl#branch                                  0
vb1#branch                            -3.3e-12
vb0#branch                                   0
vlo#branch                                   0
vhi#branch                            -3.3e-12
vss#branch                          7.4926e-05
vdd#branch                        -0.000106926


No. of Data Rows : 4248
iup_ss              =  4.98126e-06 from=  1.40000e-08 to=  1.50025e-08
idn_ss              =  -5.08309e-06 from=  1.40000e-08 to=  1.50025e-08
qup                 =  2.17515e-14 from=  9.50000e-09 to=  1.50000e-08
qdn                 =  -2.33887e-14 from=  9.50000e-09 to=  1.50000e-08
ton_up              =  -9.99891e-11 targ=  1.00000e-08 trig=  1.01000e-08
ton_dn              =  2.04104e-11 targ=  1.01204e-08 trig=  1.01000e-08
toff_up             =  -9.99456e-11 targ=  1.52001e-08 trig=  1.53000e-08
toff_dn             =  1.67949e-11 targ=  1.53168e-08 trig=  1.53000e-08
CPSW iup_ss=4.98126E-06 idn_ss=-5.08309E-06 qup=2.17515E-14 qdn=-2.33887E-14 wup=4.36668E-09 wdn=4.60127E-09 wskew=-2.34593E-10 ton_up=-9.99891E-11 ton_dn=2.04104E-11 toff_up=-9.99456E-11 toff_dn=1.67949E-11
Note: Simulation executed from .control section 
