==== generated deck (sw_typical_125c_3.63v_vctrl0.9) ====
* GENERATED by simenv.sh -- do not edit; edit /Users/rwalters/GitHub/gf180-pll/.loom/worktrees/issue-24/sim/cp-compliance/testbench/tb_cp_switch.sp instead
* tag=sw_typical_T125_V3p63_X0p9 libs=typical temp=125C
.include "/Users/rwalters/.volare/gf180mcuD/libs.tech/ngspice/design.ngspice"
.lib "/Users/rwalters/.volare/gf180mcuD/libs.tech/ngspice/sm141064.ngspice" typical
.temp 125
.param sim_temp=125
.param vsup=3.63
.param vctrl=0.9
.param b0_code=0
.param b1_code=1
.include "/Users/rwalters/GitHub/gf180-pll/.loom/worktrees/issue-24/sim/cp-compliance/testbench/tb_cp_switch.sp"
.end

==== ngspice output ====

Note: Compatibility modes selected: hs a

Warning: m=xx on .subckt line will override multiplier m hierarchy!


Circuit: * generated by simenv.sh -- do not edit; edit /users/rwalters/github/gf180-pll/.loom/worktrees/issue-24/sim/cp-compliance/testbench/tb_cp_switch.sp instead

Doing analysis at TEMP = 125.000000 and TNOM = 27.000000

Using SPARSE 1.3 as Direct Linear Solver

Initial Transient Solution
--------------------------

Node                                   Voltage
----                                   -------
vdd                                       3.63
vss                                          0
hi                                        3.63
lo                                           0
b0                                           0
b1                                        3.63
ctl                                          0
ibn_u                                 0.633148
icn_u                                 0.757915
ibp_u                                  2.87935
icp_u                                  2.73601
xcpu.b0b                                  3.63
xcpu.b1b                             5.341e-08
xcpu.upb                                  3.63
xcpu.dnb                                  3.63
xcpu.xn_base.bg                       0.633148
xcpu.xn_base.mid                     0.0986377
xcpu.dnt                              0.900532
xcpu.xn_t0.bg                      4.30527e-08
xcpu.xn_t0.mid                        0.535056
xcpu.xn_t1a.bg                        0.633148
xcpu.xn_t1a.mid                      0.0986377
xcpu.xn_t1b.bg                        0.633148
xcpu.xn_t1b.mid                      0.0986377
xcpu.xp_base.bg                        2.87935
xcpu.xp_base.mid                       3.52407
xcpu.upt                               1.24618
xcpu.xp_t0.bg                             3.63
xcpu.xp_t0.mid                         2.23733
xcpu.xp_t1a.bg                         2.87935
xcpu.xp_t1a.mid                        3.52407
xcpu.xp_t1b.bg                         2.87935
xcpu.xp_t1b.mid                        3.52407
outu                                       0.9
xcpu.vdump                            0.902825
xcpu.xbuf.nsrc                        0.234526
xcpu.xbuf.nda                          2.87955
xcpu.xbuf.psrc                         1.59997
xcpu.xbuf.pda                         0.588677
ibn_d                                 0.633148
icn_d                                 0.757915
ibp_d                                  2.87935
icp_d                                  2.73601
xcpd.b0b                                  3.63
xcpd.b1b                             5.341e-08
xcpd.upb                                  3.63
xcpd.dnb                                  3.63
xcpd.xn_base.bg                       0.633148
xcpd.xn_base.mid                     0.0986377
xcpd.dnt                              0.900532
xcpd.xn_t0.bg                      4.30527e-08
xcpd.xn_t0.mid                        0.535056
xcpd.xn_t1a.bg                        0.633148
xcpd.xn_t1a.mid                      0.0986377
xcpd.xn_t1b.bg                        0.633148
xcpd.xn_t1b.mid                      0.0986377
xcpd.xp_base.bg                        2.87935
xcpd.xp_base.mid                       3.52407
xcpd.upt                               1.24618
xcpd.xp_t0.bg                             3.63
xcpd.xp_t0.mid                         2.23733
xcpd.xp_t1a.bg                         2.87935
xcpd.xp_t1a.mid                        3.52407
xcpd.xp_t1b.bg                         2.87935
xcpd.xp_t1b.mid                        3.52407
outd                                       0.9
xcpd.vdump                            0.902825
xcpd.xbuf.nsrc                        0.234526
xcpd.xbuf.nda                          2.87955
xcpd.xbuf.psrc                         1.59997
xcpd.xbuf.pda                         0.588677
vod#branch                         -6.8605e-13
vou#branch                         -6.8605e-13
vctl#branch                                  0
vb1#branch                           -3.63e-12
vb0#branch                                   0
vlo#branch                                   0
vhi#branch                           -3.63e-12
vss#branch                          7.5324e-05
vdd#branch                        -0.000107325


No. of Data Rows : 4591
iup_ss              =  4.90639e-06 from=  1.40000e-08 to=  1.50025e-08
idn_ss              =  -5.06453e-06 from=  1.40000e-08 to=  1.50025e-08
qup                 =  2.15943e-14 from=  9.50000e-09 to=  1.50000e-08
qdn                 =  -2.50549e-14 from=  9.50000e-09 to=  1.50000e-08
ton_up              =  -9.99760e-11 targ=  1.00000e-08 trig=  1.01000e-08
ton_dn              =  1.00003e-10 targ=  1.02000e-08 trig=  1.01000e-08
toff_up             =  -9.99434e-11 targ=  1.52001e-08 trig=  1.53000e-08
toff_dn             =  3.60442e-11 targ=  1.53360e-08 trig=  1.53000e-08
CPSW iup_ss=4.90639E-06 idn_ss=-5.06453E-06 qup=2.15943E-14 qdn=-2.50549E-14 wup=4.40125E-09 wdn=4.94714E-09 wskew=-5.45885E-10 ton_up=-9.9976E-11 ton_dn=1.00003E-10 toff_up=-9.99434E-11 toff_dn=3.60442E-11
Note: Simulation executed from .control section 
