==== generated deck (sw_typical_125c_2.97v_vctrl1.65) ====
* GENERATED by simenv.sh -- do not edit; edit /Users/rwalters/GitHub/gf180-pll/.loom/worktrees/issue-24/sim/cp-compliance/testbench/tb_cp_switch.sp instead
* tag=sw_typical_T125_V2p97_X1p65 libs=typical temp=125C
.include "/Users/rwalters/.volare/gf180mcuD/libs.tech/ngspice/design.ngspice"
.lib "/Users/rwalters/.volare/gf180mcuD/libs.tech/ngspice/sm141064.ngspice" typical
.temp 125
.param sim_temp=125
.param vsup=2.97
.param vctrl=1.65
.param b0_code=0
.param b1_code=1
.include "/Users/rwalters/GitHub/gf180-pll/.loom/worktrees/issue-24/sim/cp-compliance/testbench/tb_cp_switch.sp"
.end

==== ngspice output ====

Note: Compatibility modes selected: hs a

Warning: m=xx on .subckt line will override multiplier m hierarchy!


Circuit: * generated by simenv.sh -- do not edit; edit /users/rwalters/github/gf180-pll/.loom/worktrees/issue-24/sim/cp-compliance/testbench/tb_cp_switch.sp instead

Doing analysis at TEMP = 125.000000 and TNOM = 27.000000

Using SPARSE 1.3 as Direct Linear Solver

Initial Transient Solution
--------------------------

Node                                   Voltage
----                                   -------
vdd                                       2.97
vss                                          0
hi                                        2.97
lo                                           0
b0                                           0
b1                                        2.97
ctl                                          0
ibn_u                                 0.633148
icn_u                                 0.757915
ibp_u                                  2.21935
icp_u                                  2.07601
xcpu.b0b                                  2.97
xcpu.b1b                           5.00277e-08
xcpu.upb                                  2.97
xcpu.dnb                                  2.97
xcpu.xn_base.bg                       0.633148
xcpu.xn_base.mid                     0.0998872
xcpu.dnt                               1.64142
xcpu.xn_t0.bg                      4.86014e-08
xcpu.xn_t0.mid                        0.536738
xcpu.xn_t1a.bg                        0.633148
xcpu.xn_t1a.mid                      0.0998872
xcpu.xn_t1b.bg                        0.633148
xcpu.xn_t1b.mid                      0.0998872
xcpu.xp_base.bg                        2.21935
xcpu.xp_base.mid                       2.86491
xcpu.upt                               1.66348
xcpu.xp_t0.bg                             2.97
xcpu.xp_t0.mid                         1.96791
xcpu.xp_t1a.bg                         2.21935
xcpu.xp_t1a.mid                        2.86491
xcpu.xp_t1b.bg                         2.21935
xcpu.xp_t1b.mid                        2.86491
outu                                      1.65
xcpu.vdump                             1.64814
xcpu.xbuf.nsrc                        0.801688
xcpu.xbuf.nda                          2.21668
xcpu.xbuf.psrc                         2.34515
xcpu.xbuf.pda                         0.585317
ibn_d                                 0.633148
icn_d                                 0.757915
ibp_d                                  2.21935
icp_d                                  2.07601
xcpd.b0b                                  2.97
xcpd.b1b                           5.00277e-08
xcpd.upb                                  2.97
xcpd.dnb                                  2.97
xcpd.xn_base.bg                       0.633148
xcpd.xn_base.mid                     0.0998872
xcpd.dnt                               1.64142
xcpd.xn_t0.bg                      4.86014e-08
xcpd.xn_t0.mid                        0.536738
xcpd.xn_t1a.bg                        0.633148
xcpd.xn_t1a.mid                      0.0998872
xcpd.xn_t1b.bg                        0.633148
xcpd.xn_t1b.mid                      0.0998872
xcpd.xp_base.bg                        2.21935
xcpd.xp_base.mid                       2.86491
xcpd.upt                               1.66348
xcpd.xp_t0.bg                             2.97
xcpd.xp_t0.mid                         1.96791
xcpd.xp_t1a.bg                         2.21935
xcpd.xp_t1a.mid                        2.86491
xcpd.xp_t1b.bg                         2.21935
xcpd.xp_t1b.mid                        2.86491
outd                                      1.65
xcpd.vdump                             1.64814
xcpd.xbuf.nsrc                        0.801688
xcpd.xbuf.nda                          2.21668
xcpd.xbuf.psrc                         2.34515
xcpd.xbuf.pda                         0.585317
vod#branch                        -1.24617e-11
vou#branch                        -1.24617e-11
vctl#branch                                  0
vb1#branch                           -2.97e-12
vb0#branch                                   0
vlo#branch                                   0
vhi#branch                           -2.97e-12
vss#branch                         7.52463e-05
vdd#branch                        -0.000107247


No. of Data Rows : 4374
iup_ss              =  4.79371e-06 from=  1.40000e-08 to=  1.50025e-08
idn_ss              =  -5.10234e-06 from=  1.40000e-08 to=  1.50025e-08
qup                 =  2.15676e-14 from=  9.50000e-09 to=  1.50000e-08
qdn                 =  -2.34706e-14 from=  9.50000e-09 to=  1.50000e-08
ton_up              =  -9.99882e-11 targ=  1.00000e-08 trig=  1.01000e-08
ton_dn              =  2.30591e-11 targ=  1.01231e-08 trig=  1.01000e-08
toff_up             =  -9.99376e-11 targ=  1.52001e-08 trig=  1.53000e-08
toff_dn             =  2.79373e-11 targ=  1.53279e-08 trig=  1.53000e-08
CPSW iup_ss=4.79371E-06 idn_ss=-5.10234E-06 qup=2.15676E-14 qdn=-2.34706E-14 wup=4.49914E-09 wdn=4.59996E-09 wskew=-1.00823E-10 ton_up=-9.99882E-11 ton_dn=2.30591E-11 toff_up=-9.99376E-11 toff_dn=2.79373E-11
Note: Simulation executed from .control section 
