
Note: No compatibility mode selected!


Circuit: * generated by simenv.sh -- do not edit; edit sim/vco-tuning-range/testbench/tb_vco_mismatch.sp instead

Doing analysis at TEMP = 125.000000 and TNOM = 27.000000

Using SPARSE 1.3 as Direct Linear Solver

Initial Transient Solution
--------------------------

Node                                   Voltage
----                                   -------
vdd                                       3.63
vc                                         2.7
nb0                                          0
nb1                                          0
nb2                                          0
nvs                                       3.63
x1.xbias.na                            1.12779
x1.xbias.vbpc                          2.51859
x1.xbias.nc                           0.182733
x1.xbias.xrcg.11                      0.182444
x1.xbias.xrcg.21                    0.00028853
x1.xbias.nsu                         0.0103019
x1.xbias.vfix                          1.94849
x1.xbias.nmd                           0.83305
x1.xbias.vbp0                          2.66173
x1.xbias.noff                         0.861308
x1.xbias.xroff.11                      0.86107
x1.xbias.xroff.21                  0.000237747
x1.xbias.nvi                            1.4094
x1.xbias.xrdeg.11                      1.40901
x1.xbias.xrdeg.21                  0.000389037
x1.xbias.b0b                              3.63
x1.xbias.b1b                              3.63
x1.xbias.b2b                              3.63
x1.xbias.vbn1                         0.816938
x1.xbias.ga                               3.63
x1.xbias.vbp2                          2.69303
x1.xbias.gb                        1.82054e-09
x1.vbn                                0.750668
x1.xbias.gc                               3.63
x1.vbp                                 2.75194
x1.xs1.nh                              1.31147
x1.y1                                        0
x1.y5                                        0
x1.xs1.nt                         -4.56251e-18
x1.xs2.nh                                 3.63
x1.y2                                     3.63
x1.xs2.nt                          1.24625e-06
x1.xs3.nh                                 3.63
x1.y3                                        0
x1.xs3.nt                          -2.8503e-19
x1.xs4.nh                                 3.63
x1.y4                                     3.63
x1.xs4.nt                          1.00419e-06
x1.xs5.nh                                 3.63
x1.xs5.nt                            5.117e-18
x1.nb1                                    3.63
x1.nb2                             1.06749e-08
clk1                                      3.63
x1.xcdec1.c_moscap_int1                  -3.63
x1.xcdec2.c_moscap_int1                  -3.63
e.x1.xcdec2.ec_moscap#branch                 0
e.x1.xcdec1.ec_moscap#branch                 0
vs#branch                          8.15734e-05
vb2#branch                                   0
vb1#branch                                   0
vb0#branch                                   0
vc#branch                                    0
vdd#branch                        -8.15734e-05


No. of Data Rows : 2070

  Measurements for Transient Analysis

tp1                 =  4.67616e-07 targ=  1.28593e-06 trig=  8.18314e-07
f1                  =  8.55402e+06
i1                  =  9.84197e-05 from=  7.51690e-07 to=  2.06715e-06


Total analysis time (seconds) = 14.1021

Total elapsed time (seconds) = 15.298 

Total DRAM available = 31552.219 MB.
DRAM currently available = 7272.734 MB.
Maximum ngspice program size =   22.262 MB.
Current ngspice program size =   16.852 MB.

Shared ngspice pages =    9.449 MB.
Text (code) pages =    6.355 MB.
Stack = 0 bytes.
Library pages =    7.602 MB.

