
Note: No compatibility mode selected!


Circuit: * generated by simenv.sh -- do not edit; edit sim/vco-tuning-range/testbench/tb_vco_mismatch.sp instead

Doing analysis at TEMP = 125.000000 and TNOM = 27.000000

Using SPARSE 1.3 as Direct Linear Solver

Initial Transient Solution
--------------------------

Node                                   Voltage
----                                   -------
vdd                                       3.63
vc                                         2.7
nb0                                          0
nb1                                          0
nb2                                          0
nvs                                       3.63
x1.xbias.na                            1.09085
x1.xbias.vbpc                          2.53613
x1.xbias.nc                           0.164187
x1.xbias.xrcg.11                      0.163928
x1.xbias.xrcg.21                   0.000259247
x1.xbias.nsu                         0.0113247
x1.xbias.vfix                             1.92
x1.xbias.nmd                          0.820555
x1.xbias.vbp0                          2.66292
x1.xbias.noff                          0.83896
x1.xbias.xroff.11                     0.838728
x1.xbias.xroff.21                  0.000231579
x1.xbias.nvi                           1.41113
x1.xbias.xrdeg.11                      1.41074
x1.xbias.xrdeg.21                  0.000389514
x1.xbias.b0b                              3.63
x1.xbias.b1b                              3.63
x1.xbias.b2b                              3.63
x1.xbias.vbn1                         0.816097
x1.xbias.ga                               3.63
x1.xbias.vbp2                          2.69563
x1.xbias.gb                        1.58168e-09
x1.vbn                                0.751949
x1.xbias.gc                               3.63
x1.vbp                                  2.7278
x1.xs1.nh                               1.3278
x1.y1                                        0
x1.y5                                        0
x1.xs1.nt                         -2.33649e-23
x1.xs2.nh                                 3.63
x1.y2                                     3.63
x1.xs2.nt                          1.00115e-06
x1.xs3.nh                                 3.63
x1.y3                                        0
x1.xs3.nt                         -1.19158e-27
x1.xs4.nh                                 3.63
x1.y4                                     3.63
x1.xs4.nt                          1.03646e-06
x1.xs5.nh                                 3.63
x1.xs5.nt                          7.49099e-36
x1.nb1                                    3.63
x1.nb2                             1.04756e-08
clk1                                      3.63
x1.xcdec1.c_moscap_int1                  -3.63
x1.xcdec2.c_moscap_int1                  -3.63
e.x1.xcdec2.ec_moscap#branch                 0
e.x1.xcdec1.ec_moscap#branch                 0
vs#branch                          8.07951e-05
vb2#branch                                   0
vb1#branch                                   0
vb0#branch                                   0
vc#branch                                    0
vdd#branch                        -8.07951e-05


No. of Data Rows : 2104

  Measurements for Transient Analysis

tp1                 =  3.84175e-07 targ=  1.15455e-06 trig=  7.70372e-07
f1                  =  1.04119e+07
i1                  =  9.87139e-05 from=  7.51690e-07 to=  2.06715e-06


Total analysis time (seconds) = 9.98425

Total elapsed time (seconds) = 11.286 

Total DRAM available = 31552.219 MB.
DRAM currently available = 6775.215 MB.
Maximum ngspice program size =   22.262 MB.
Current ngspice program size =   16.973 MB.

Shared ngspice pages =    9.570 MB.
Text (code) pages =    6.355 MB.
Stack = 0 bytes.
Library pages =    7.602 MB.

