
Note: No compatibility mode selected!


Circuit: * generated by simenv.sh -- do not edit; edit sim/vco-tuning-range/testbench/tb_vco_mismatch.sp instead

Doing analysis at TEMP = 125.000000 and TNOM = 27.000000

Using SPARSE 1.3 as Direct Linear Solver

Initial Transient Solution
--------------------------

Node                                   Voltage
----                                   -------
vdd                                       3.63
vc                                         2.7
nb0                                          0
nb1                                          0
nb2                                          0
nvs                                       3.63
x1.xbias.na                            1.15242
x1.xbias.vbpc                          2.50553
x1.xbias.nc                           0.196085
x1.xbias.xrcg.11                      0.195776
x1.xbias.xrcg.21                   0.000309614
x1.xbias.nsu                        0.00986793
x1.xbias.vfix                          1.95782
x1.xbias.nmd                          0.832797
x1.xbias.vbp0                          2.66143
x1.xbias.noff                         0.867774
x1.xbias.xroff.11                     0.867535
x1.xbias.xroff.21                  0.000239532
x1.xbias.nvi                            1.4112
x1.xbias.xrdeg.11                      1.41081
x1.xbias.xrdeg.21                  0.000389534
x1.xbias.b0b                              3.63
x1.xbias.b1b                              3.63
x1.xbias.b2b                              3.63
x1.xbias.vbn1                         0.818172
x1.xbias.ga                               3.63
x1.xbias.vbp2                          2.69358
x1.xbias.gb                        1.93197e-09
x1.vbn                                0.750417
x1.xbias.gc                               3.63
x1.vbp                                   2.754
x1.xs1.nh                              1.31435
x1.y1                                        0
x1.y5                                        0
x1.xs1.nt                         -3.02809e-23
x1.xs2.nh                                 3.63
x1.y2                                     3.63
x1.xs2.nt                          9.58434e-07
x1.xs3.nh                                 3.63
x1.y3                                        0
x1.xs3.nt                           9.8513e-36
x1.xs4.nh                                 3.63
x1.y4                                     3.63
x1.xs4.nt                          8.78724e-07
x1.xs5.nh                                 3.63
x1.xs5.nt                          1.95052e-27
x1.nb1                                    3.63
x1.nb2                             1.02457e-08
clk1                                      3.63
x1.xcdec1.c_moscap_int1                  -3.63
x1.xcdec2.c_moscap_int1                  -3.63
e.x1.xcdec2.ec_moscap#branch                 0
e.x1.xcdec1.ec_moscap#branch                 0
vs#branch                          8.40148e-05
vb2#branch                                   0
vb1#branch                                   0
vb0#branch                                   0
vc#branch                                    0
vdd#branch                        -8.40148e-05


No. of Data Rows : 2081

  Measurements for Transient Analysis

tp1                 =  4.78758e-07 targ=  1.31520e-06 trig=  8.36439e-07
f1                  =  8.35495e+06
i1                  =  9.99689e-05 from=  7.51690e-07 to=  2.06715e-06


Total analysis time (seconds) = 12.0016

Total elapsed time (seconds) = 12.675 

Total DRAM available = 31552.219 MB.
DRAM currently available = 6498.941 MB.
Maximum ngspice program size =   22.262 MB.
Current ngspice program size =   16.797 MB.

Shared ngspice pages =    9.395 MB.
Text (code) pages =    6.355 MB.
Stack = 0 bytes.
Library pages =    7.602 MB.

