
Note: No compatibility mode selected!


Circuit: * generated by simenv.sh -- do not edit; edit sim/vco-tuning-range/testbench/tb_vco_mismatch.sp instead

Doing analysis at TEMP = 125.000000 and TNOM = 27.000000

Using SPARSE 1.3 as Direct Linear Solver

Initial Transient Solution
--------------------------

Node                                   Voltage
----                                   -------
vdd                                       3.63
vc                                         2.7
nb0                                          0
nb1                                          0
nb2                                          0
nvs                                       3.63
x1.xbias.na                            1.13329
x1.xbias.vbpc                          2.51692
x1.xbias.nc                           0.185666
x1.xbias.xrcg.11                      0.185373
x1.xbias.xrcg.21                   0.000293162
x1.xbias.nsu                         0.0102536
x1.xbias.vfix                           1.9393
x1.xbias.nmd                          0.827387
x1.xbias.vbp0                          2.66266
x1.xbias.noff                         0.855776
x1.xbias.xroff.11                      0.85554
x1.xbias.xroff.21                   0.00023622
x1.xbias.nvi                           1.41066
x1.xbias.xrdeg.11                      1.41027
x1.xbias.xrdeg.21                  0.000389385
x1.xbias.b0b                              3.63
x1.xbias.b1b                              3.63
x1.xbias.b2b                              3.63
x1.xbias.vbn1                         0.814115
x1.xbias.ga                               3.63
x1.xbias.vbp2                          2.69695
x1.xbias.gb                        1.25184e-09
x1.vbn                                 0.75828
x1.xbias.gc                               3.63
x1.vbp                                 2.74439
x1.xs1.nh                              1.31079
x1.y1                                        0
x1.y5                                        0
x1.xs1.nt                          1.88425e-25
x1.xs2.nh                                 3.63
x1.y2                                     3.63
x1.xs2.nt                          1.14354e-06
x1.xs3.nh                                 3.63
x1.y3                                        0
x1.xs3.nt                         -5.66041e-36
x1.xs4.nh                                 3.63
x1.y4                                     3.63
x1.xs4.nt                          1.04719e-06
x1.xs5.nh                                 3.63
x1.xs5.nt                          6.36332e-35
x1.nb1                                    3.63
x1.nb2                             1.13615e-08
clk1                                      3.63
x1.xcdec1.c_moscap_int1                  -3.63
x1.xcdec2.c_moscap_int1                  -3.63
e.x1.xcdec2.ec_moscap#branch                 0
e.x1.xcdec1.ec_moscap#branch                 0
vs#branch                          8.24435e-05
vb2#branch                                   0
vb1#branch                                   0
vb0#branch                                   0
vc#branch                                    0
vdd#branch                        -8.24435e-05


No. of Data Rows : 2108

  Measurements for Transient Analysis

tp1                 =  4.38018e-07 targ=  1.20499e-06 trig=  7.66973e-07
f1                  =  9.13204e+06
i1                  =  9.86497e-05 from=  7.51690e-07 to=  2.06715e-06


Total analysis time (seconds) = 8.8917

Total elapsed time (seconds) = 9.800 

Total DRAM available = 31552.219 MB.
DRAM currently available = 7024.945 MB.
Maximum ngspice program size =   22.262 MB.
Current ngspice program size =   16.730 MB.

Shared ngspice pages =    9.328 MB.
Text (code) pages =    6.355 MB.
Stack = 0 bytes.
Library pages =    7.602 MB.

