==== generated deck (sf_125c_3.30v_n16_cold) ====
* GENERATED by simenv.sh -- do not edit; edit /Users/rwalters/GitHub/gf180-pll/.loom/worktrees/issue-163/sim/lock-time/work/dut_lock_time.sp instead
* tag=lt_sf_125c_3p30v_n16_cold_tmax100p libs=sf,res_typical,moscap_typical,mimcap_typical temp=125C
.include "/Users/rwalters/.volare/gf180mcuD/libs.tech/ngspice/design.ngspice"
.lib "/Users/rwalters/.volare/gf180mcuD/libs.tech/ngspice/sm141064.ngspice" sf
.lib "/Users/rwalters/.volare/gf180mcuD/libs.tech/ngspice/sm141064.ngspice" res_typical
.lib "/Users/rwalters/.volare/gf180mcuD/libs.tech/ngspice/sm141064.ngspice" moscap_typical
.lib "/Users/rwalters/.volare/gf180mcuD/libs.tech/ngspice/sm141064.ngspice" mimcap_typical
.temp 125
.param sim_temp=125
.param vsup=3.30
.param fref=5000000
.param iunit=8u
.param vctrl_ic=0.9
.param t_force=4e-09
.param tstep=2.5e-10
.param tstop=1.6e-05
.param tmax=100p
.param lockthresh=0.5*vsup
.param sel0_code=0
.param sel1_code=0
.param sel2_code=0
.param sel3_code=1
.param sel4_code=0
.param sel5_code=0
.param p0_code=0
.param p1_code=0
.param p2_code=0
.param p3_code=0
.param p4_code=0
.param p5_code=0
.param b0_code=1
.param b1_code=0
.param b2_code=1
.param cpb0_code=0
.param cpb1_code=1
.include "/Users/rwalters/GitHub/gf180-pll/.loom/worktrees/issue-163/sim/lock-time/work/dut_lock_time.sp"
.end

==== ngspice output ====

Note: Compatibility modes selected: hs a

Warning: m=xx on .subckt line will override multiplier m hierarchy!


Circuit: * generated by simenv.sh -- do not edit; edit /users/rwalters/github/gf180-pll/.loom/worktrees/issue-163/sim/lock-time/work/dut_lock_time.sp instead

Doing analysis at TEMP = 125.000000 and TNOM = 27.000000

Using SPARSE 1.3 as Direct Linear Solver
Note: Starting dynamic gmin stepping
Warning: Dynamic gmin stepping failed
Note: Starting true gmin stepping
Note: True gmin stepping completed

Initial Transient Solution
--------------------------

Node                                   Voltage
----                                   -------
vdd                                        3.3
vdd_vco                                    3.3
vdd_div                                    3.3
gnd_vco                                      0
vss                                          0
ref                                          0
b0                                         3.3
b1                                           0
b2                                         3.3
cpb0                                         0
cpb1                                       3.3
p0                                           0
p1                                           0
p2                                           0
p3                                           0
p4                                           0
p5                                           0
sel0                                         0
sel1                                         0
sel2                                         0
sel3                                       3.3
sel4                                         0
sel5                                         0
ibn                                   0.714647
icn                                    0.84197
ibp                                     2.6412
icp                                    2.50092
xdut.xpfd.xpfd.xed_ref.d1                  3.3
xdut.xpfd.xpfd.xed_ref.d2           2.6556e-07
xdut.xpfd.xpfd.xed_ref.d3                  3.3
xdut.xpfd.xpfd.xed_ref.d4           2.6556e-07
xdut.xpfd.xpfd.xed_ref.d5                  3.3
xdut.xpfd.xpfd.xed_ref.nn                  3.3
xdut.xpfd.xpfd.xed_ref.xnd.ni      3.87141e-08
xdut.xpfd.xpfd.pr                  2.65561e-07
xdut.xpfd.xpfd.xed_fb.d1                   3.3
fb                                 3.30933e-07
xdut.xpfd.xpfd.xed_fb.d2            2.6556e-07
xdut.xpfd.xpfd.xed_fb.d3                   3.3
xdut.xpfd.xpfd.xed_fb.d4            2.6556e-07
xdut.xpfd.xpfd.xed_fb.d5                   3.3
xdut.xpfd.xpfd.xed_fb.nn                   3.3
xdut.xpfd.xpfd.xed_fb.xnd.ni       3.87144e-08
xdut.xpfd.xpfd.pf                  2.65561e-07
xdut.xpfd.xpfd.sbr                         3.3
xdut.xpfd.xpfd.sbf                         3.3
xdut.up                            5.55387e-07
xdut.xpfd.xpfd.upb                         3.3
xdut.xpfd.xpfd.xlat_ref.xn1.ni     2.77693e-07
xdut.xpfd.xpfd.rb                          3.3
xdut.xpfd.xpfd.xlat_ref.xn2.ni         2.75956
xdut.dn                            5.55387e-07
xdut.xpfd.xpfd.dnb                         3.3
xdut.xpfd.xpfd.xlat_fb.xn1.ni      2.77693e-07
xdut.xpfd.xpfd.xlat_fb.xn2.ni          2.75956
xdut.xpfd.xpfd.nrst                        3.3
xdut.xpfd.xpfd.xnand_rst.ni           0.061596
xdut.xpfd.xpfd.rst_raw              2.6556e-07
xdut.xpfd.xpfd.rd1                         3.3
xdut.xpfd.xpfd.rd2                  2.6556e-07
xdut.xpfd.xpfd.rd3                         3.3
xdut.xpfd.xpfd.rd4                  2.6556e-07
xdut.xpfd.xpfd.rd5                         3.3
xdut.xpfd.xpfd.rd6                  2.6556e-07
xdut.xpfd.xpfd.rd7                         3.3
xdut.xpfd.xpfd.rd8                  2.6556e-07
xdut.xpfd.xpfd.rd9                         3.3
xdut.xpfd.xpfd.rd10                 2.6556e-07
xdut.xpfd.xpfd.rd11                        3.3
xdut.xpfd.xpfd.rd12                 2.6556e-07
xdut.xpfd.xpfd.rd13                        3.3
xdut.xpfd.xpfd.rd14                 2.6556e-07
xdut.xpfd.xpfd.rd15                        3.3
xdut.xpfd.xpfd.rd16                 2.6556e-07
xdut.xpfd.xpfd.rd17                        3.3
xdut.xpfd.xpfd.rd18                 2.6556e-07
xdut.xpfd.xpfd.rd19                        3.3
xdut.xpfd.xpfd.rd20                 2.6556e-07
xdut.xpfd.xpfd.rd21                        3.3
xdut.xpfd.xpfd.rd22                 2.6556e-07
xdut.xpfd.xpfd.rd23                        3.3
xdut.xpfd.xpfd.rst_dly              2.6556e-07
xdut.xpfd.xcp.b0b                          3.3
xdut.xpfd.xcp.b1b                   2.6556e-07
xdut.xpfd.xcp.upb                          3.3
xdut.xpfd.xcp.dnb                          3.3
xdut.xpfd.xcp.xn_base.bg              0.714647
xdut.xpfd.xcp.xn_base.mid            0.0998829
xdut.xpfd.xcp.dnt                     0.900056
xdut.xpfd.xcp.xn_t0.bg              1.0613e-08
xdut.xpfd.xcp.xn_t0.mid               0.567618
xdut.xpfd.xcp.xn_t1a.bg               0.714647
xdut.xpfd.xcp.xn_t1a.mid             0.0998829
xdut.xpfd.xcp.xn_t1b.bg               0.714647
xdut.xpfd.xcp.xn_t1b.mid             0.0998829
xdut.xpfd.xcp.xp_base.bg                2.6412
xdut.xpfd.xcp.xp_base.mid              3.19556
xdut.xpfd.xcp.upt                      1.10916
xdut.xpfd.xcp.xp_t0.bg                     3.3
xdut.xpfd.xcp.xp_t0.mid                2.73445
xdut.xpfd.xcp.xp_t1a.bg                 2.6412
xdut.xpfd.xcp.xp_t1a.mid               3.19556
xdut.xpfd.xcp.xp_t1b.bg                 2.6412
xdut.xpfd.xcp.xp_t1b.mid               3.19556
vctrl                                      0.9
xdut.xpfd.xcp.vdump                   0.902822
xdut.xpfd.xcp.xbuf.nsrc               0.173934
xdut.xpfd.xcp.xbuf.nda                 2.64307
xdut.xpfd.xcp.xbuf.psrc                1.50892
xdut.xpfd.xcp.xbuf.pda                0.669477
xdut.xlf.nr1                               0.9
xdut.xlf.xrf1.11                           0.9
xdut.xlf.xrf1.21                           0.9
xdut.xlf.nr2                               0.9
xdut.xlf.xrf2.11                           0.9
xdut.xlf.xrf2.21                           0.9
xdut.xlf.nr3                               0.9
xdut.xlf.xrf3.11                           0.9
xdut.xlf.xrf3.21                           0.9
xdut.xlf.nz                                0.9
xdut.xlf.xrf4.11                           0.9
xdut.xlf.xrf4.21                           0.9
xdut.xlf.xcf1.c_moscap_int1               -0.9
xdut.xlf.xcf2.c_moscap_int1               -0.9
xdut.xlf.xcf3.c_moscap_int1               -0.9
xdut.xlf.xcf4.c_moscap_int1               -0.9
xdut.xvco.xbias.na                     1.09648
xdut.xvco.xbias.vbpc                   2.42077
xdut.xvco.xbias.nc                    0.183988
xdut.xvco.xbias.xrcg.11               0.183698
xdut.xvco.xbias.xrcg.21            0.000290513
xdut.xvco.xbias.nsu                  0.0110387
xdut.xvco.xbias.vfix                   1.87177
xdut.xvco.xbias.nmd                   0.802101
xdut.xvco.xbias.vbp0                     2.632
xdut.xvco.xbias.noff                  0.832698
xdut.xvco.xbias.xroff.11              0.832468
xdut.xvco.xbias.xroff.21            0.00022985
xdut.xvco.xbias.nvi                   0.182906
xdut.xvco.xbias.xrdeg.11              0.182855
xdut.xvco.xbias.xrdeg.21           5.04875e-05
xdut.xvco.xbias.b0b                2.82447e-07
xdut.xvco.xbias.b1b                        3.3
xdut.xvco.xbias.b2b                2.82447e-07
xdut.xvco.xbias.vbn1                  0.756548
xdut.xvco.xbias.ga                       2.632
xdut.xvco.xbias.vbp2                   2.61496
xdut.xvco.xbias.gb                 3.09613e-09
xdut.xvco.vbn                         0.890199
xdut.xvco.xbias.gc                     2.61496
xdut.xvco.vbp                          2.45283
xdut.xvco.xs1.nh                       1.19082
xdut.xvco.y1                                 0
xdut.xvco.y5                                 0
xdut.xvco.xs1.nt                             0
xdut.xvco.xs2.nh                           3.3
xdut.xvco.y2                               3.3
xdut.xvco.xs2.nt                   4.58152e-07
xdut.xvco.xs3.nh                           3.3
xdut.xvco.y3                                 0
xdut.xvco.xs3.nt                             0
xdut.xvco.xs4.nh                           3.3
xdut.xvco.y4                               3.3
xdut.xvco.xs4.nt                   4.58152e-07
xdut.xvco.xs5.nh                           3.3
xdut.xvco.xs5.nt                             0
xdut.xvco.nb1                              3.3
xdut.xvco.nb2                      3.03855e-07
clk                                        3.3
xdut.xvco.xcdec1.c_moscap_int1            -3.3
xdut.xvco.xcdec2.c_moscap_int1            -3.3
xdut.xdiv.xd0.sb                           3.3
xdut.xdiv.mi0                      3.30933e-07
xdut.xdiv.mo0                          1.76334
xdut.xdiv.xd0.xn3.nm1                0.0773285
xdut.xdiv.xd0.xn3.nm2              1.53726e-08
xdut.xdiv.xd0.dqn                     0.594625
xdut.xdiv.xd0.qb                       1.76338
xdut.xdiv.xd0.xn2q.nmid               0.161061
xdut.xdiv.xd0.dq                       3.29484
xdut.xdiv.xd0.xfq.ckb              3.30932e-07
xdut.xdiv.xd0.xfq.ckbb                     3.3
xdut.xdiv.xd0.xfq.nm                   1.76334
xdut.xdiv.xd0.xfq.nma                  1.76334
xdut.xdiv.xd0.xfq.nmb                  1.76333
xdut.xdiv.xd0.xfq.ns                   1.76334
xdut.xdiv.xd0.q                        1.76333
xdut.xdiv.ck1                          1.78437
xdut.xdiv.xd0.nmo                          3.3
xdut.xdiv.xd0.xn2m.nmid            1.28244e-07
xdut.xdiv.xd0.dmo                  3.66526e-07
xdut.xdiv.xd0.xfmo.ckb             3.30932e-07
xdut.xdiv.xd0.xfmo.ckbb                    3.3
xdut.xdiv.xd0.xfmo.nm                  1.76334
xdut.xdiv.xd0.xfmo.nma                 1.76333
xdut.xdiv.xd0.xfmo.nmb                 1.76334
xdut.xdiv.xd0.xfmo.ns                  1.76333
xdut.xdiv.xd0.mob                      1.76331
xdut.xdiv.xd1.sb                           3.3
xdut.xdiv.mi1                      3.30933e-07
xdut.xdiv.mo1                      3.30933e-07
xdut.xdiv.xd1.xn3.nm1                0.0982626
xdut.xdiv.xd1.xn3.nm2                0.0231308
xdut.xdiv.xd1.dqn                  6.61258e-07
xdut.xdiv.xd1.qb                           3.3
xdut.xdiv.xd1.xn2q.nmid            3.30629e-07
xdut.xdiv.xd1.dq                       3.20418
xdut.xdiv.xd1.xfq.ckb                  1.40466
xdut.xdiv.xd1.xfq.ckbb                 2.99983
xdut.xdiv.xd1.xfq.nm                  0.223978
xdut.xdiv.xd1.xfq.nma                  3.29999
xdut.xdiv.xd1.xfq.nmb                 0.105825
xdut.xdiv.xd1.xfq.ns                   3.29999
xdut.xdiv.xd1.q                    3.30979e-07
xdut.xdiv.ck2                      2.89256e-07
xdut.xdiv.xd1.nmo                          3.3
xdut.xdiv.xd1.xn2m.nmid              0.0768456
xdut.xdiv.xd1.dmo                  3.44526e-07
xdut.xdiv.xd1.xfmo.ckb                 1.40466
xdut.xdiv.xd1.xfmo.ckbb                2.99983
xdut.xdiv.xd1.xfmo.nm              3.57962e-07
xdut.xdiv.xd1.xfmo.nma                     3.3
xdut.xdiv.xd1.xfmo.nmb             3.47931e-07
xdut.xdiv.xd1.xfmo.ns                      3.3
xdut.xdiv.xd1.mob                          3.3
xdut.xdiv.xd2.sb                           3.3
xdut.xdiv.mi2                              3.3
xdut.xdiv.mo2                      3.30933e-07
xdut.xdiv.xd2.xn3.nm1                  2.85901
xdut.xdiv.xd2.xn3.nm2                0.0691757
xdut.xdiv.xd2.dqn                  6.61261e-07
xdut.xdiv.xd2.qb                           3.3
xdut.xdiv.xd2.xn2q.nmid             3.3063e-07
xdut.xdiv.xd2.dq                           3.3
xdut.xdiv.xd2.xfq.ckb                      3.3
xdut.xdiv.xd2.xfq.ckbb             3.30932e-07
xdut.xdiv.xd2.xfq.nm                       3.3
xdut.xdiv.xd2.xfq.nma              7.30882e-07
xdut.xdiv.xd2.xfq.nmb                      3.3
xdut.xdiv.xd2.xfq.ns                       3.3
xdut.xdiv.xd2.q                    3.30937e-07
xdut.xdiv.ck3                      2.89258e-07
xdut.xdiv.xd2.nmo                          3.3
xdut.xdiv.xd2.xn2m.nmid                2.80905
xdut.xdiv.xd2.dmo                  3.54101e-07
xdut.xdiv.xd2.xfmo.ckb                     3.3
xdut.xdiv.xd2.xfmo.ckbb            3.30932e-07
xdut.xdiv.xd2.xfmo.nm               3.6969e-07
xdut.xdiv.xd2.xfmo.nma                     3.3
xdut.xdiv.xd2.xfmo.nmb             3.38942e-07
xdut.xdiv.xd2.xfmo.ns                      3.3
xdut.xdiv.xd2.mob                          3.3
xdut.xdiv.xd3.sb                           3.3
xdut.xdiv.mi3                              3.3
xdut.xdiv.mo3                              3.3
xdut.xdiv.xd3.xn3.nm1                  2.81189
xdut.xdiv.xd3.xn3.nm2              6.16237e-08
xdut.xdiv.xd3.dqn                          3.3
xdut.xdiv.xd3.qb                   7.46044e-07
xdut.xdiv.xd3.xn2q.nmid             7.6484e-08
xdut.xdiv.xd3.dq                   3.54101e-07
xdut.xdiv.xd3.xfq.ckb                      3.3
xdut.xdiv.xd3.xfq.ckbb             3.30932e-07
xdut.xdiv.xd3.xfq.nm                3.6969e-07
xdut.xdiv.xd3.xfq.nma                      3.3
xdut.xdiv.xd3.xfq.nmb              3.38944e-07
xdut.xdiv.xd3.xfq.ns               1.15358e-06
xdut.xdiv.xd3.q                            3.3
xdut.xdiv.ck4                              3.3
xdut.xdiv.xd3.nmo                  6.61258e-07
xdut.xdiv.xd3.xn2m.nmid            3.30629e-07
xdut.xdiv.xd3.dmo                          3.3
xdut.xdiv.xd3.xfmo.ckb                     3.3
xdut.xdiv.xd3.xfmo.ckbb            3.30932e-07
xdut.xdiv.xd3.xfmo.nm                      3.3
xdut.xdiv.xd3.xfmo.nma             3.38942e-07
xdut.xdiv.xd3.xfmo.nmb                     3.3
xdut.xdiv.xd3.xfmo.ns               3.6969e-07
xdut.xdiv.xd3.mob                  3.54101e-07
xdut.xdiv.xd4.sb                           3.3
xdut.xdiv.mi4                              3.3
xdut.xdiv.mo4                      3.30933e-07
xdut.xdiv.xd4.xn3.nm1                  2.85901
xdut.xdiv.xd4.xn3.nm2                0.0691757
xdut.xdiv.xd4.dqn                  6.61258e-07
xdut.xdiv.xd4.qb                           3.3
xdut.xdiv.xd4.xn2q.nmid            3.30629e-07
xdut.xdiv.xd4.dq                           3.3
xdut.xdiv.xd4.xfq.ckb              3.30932e-07
xdut.xdiv.xd4.xfq.ckbb                     3.3
xdut.xdiv.xd4.xfq.nm               1.15358e-06
xdut.xdiv.xd4.xfq.nma                      3.3
xdut.xdiv.xd4.xfq.nmb              7.46044e-07
xdut.xdiv.xd4.xfq.ns                       3.3
xdut.xdiv.xd4.q                    3.30933e-07
xdut.xdiv.ck5                      2.89256e-07
xdut.xdiv.xd4.nmo                          3.3
xdut.xdiv.xd4.xn2m.nmid                2.80905
xdut.xdiv.xd4.dmo                  3.38942e-07
xdut.xdiv.xd4.xfmo.ckb             3.30932e-07
xdut.xdiv.xd4.xfmo.ckbb                    3.3
xdut.xdiv.xd4.xfmo.nm               3.6969e-07
xdut.xdiv.xd4.xfmo.nma                     3.3
xdut.xdiv.xd4.xfmo.nmb             3.54101e-07
xdut.xdiv.xd4.xfmo.ns                      3.3
xdut.xdiv.xd4.mob                          3.3
xdut.xdiv.xd5.sb                           3.3
xdut.xdiv.mo5                              3.3
xdut.xdiv.xd5.xn3.nm1                0.0773283
xdut.xdiv.xd5.xn3.nm2              9.22406e-09
xdut.xdiv.xd5.dqn                          3.3
xdut.xdiv.xd5.qb                   7.46044e-07
xdut.xdiv.xd5.xn2q.nmid             7.6484e-08
xdut.xdiv.xd5.dq                   3.54101e-07
xdut.xdiv.xd5.xfq.ckb                      3.3
xdut.xdiv.xd5.xfq.ckbb             3.30932e-07
xdut.xdiv.xd5.xfq.nm                3.6969e-07
xdut.xdiv.xd5.xfq.nma                      3.3
xdut.xdiv.xd5.xfq.nmb              3.38944e-07
xdut.xdiv.xd5.xfq.ns               1.15358e-06
xdut.xdiv.xd5.q                            3.3
xdut.xdiv.ck6                              3.3
xdut.xdiv.xd5.nmo                          3.3
xdut.xdiv.xd5.xn2m.nmid            7.64828e-08
xdut.xdiv.xd5.dmo                  3.54101e-07
xdut.xdiv.xd5.xfmo.ckb                     3.3
xdut.xdiv.xd5.xfmo.ckbb            3.30932e-07
xdut.xdiv.xd5.xfmo.nm               3.6969e-07
xdut.xdiv.xd5.xfmo.nma                     3.3
xdut.xdiv.xd5.xfmo.nmb             3.38944e-07
xdut.xdiv.xd5.xfmo.ns              1.15358e-06
xdut.xdiv.xd5.mob                  7.46044e-07
xdut.xdiv.xnr0.pmid                        3.3
xdut.xdiv.nmi0                             3.3
xdut.xdiv.xnr1.pmid                        3.3
xdut.xdiv.nmi1                             3.3
xdut.xdiv.xnr2.pmid                   0.587781
xdut.xdiv.nmi2                     4.83337e-07
xdut.xdiv.xnr3.pmid                        3.3
xdut.xdiv.nmi3                     5.79036e-07
xdut.xdiv.xnr4.pmid                   0.587781
xdut.xdiv.nmi4                     4.83337e-07
xdut.xdiv.t0                               3.3
xdut.xdiv.xm0.nmid                     1.50625
xdut.xdiv.t1                               3.3
xdut.xdiv.xm1.nmid                   0.0768458
xdut.xdiv.t2                               3.3
xdut.xdiv.xm2.nmid                   0.0768458
xdut.xdiv.t3                       6.61257e-07
xdut.xdiv.xm3.nmid                 3.30629e-07
xdut.xdiv.t4                               3.3
xdut.xdiv.xm4.nmid                   0.0768458
xdut.xdiv.t5                               3.3
xdut.xdiv.xm5.nmid                     2.80905
xdut.xdiv.ma                       9.87907e-07
xdut.xdiv.xma.nm1                  6.58605e-07
xdut.xdiv.xma.nm2                  3.29302e-07
xdut.xdiv.mb                               3.3
xdut.xdiv.xmb.nm1                  1.63992e-07
xdut.xdiv.xmb.nm2                   8.1996e-08
xdut.xdiv.xmno.pmid                        3.3
xdut.xdiv.divoutb                   5.7904e-07
divout                                     3.3
xdut.xdiv.xfrt.ckb                 3.30932e-07
xdut.xdiv.xfrt.ckbb                        3.3
xdut.xdiv.xfrt.nm                  1.15358e-06
xdut.xdiv.xfrt.nma                         3.3
xdut.xdiv.xfrt.nmb                 7.46046e-07
xdut.xdiv.xfrt.ns                          3.3
xdut.xdiv.fbb                              3.3
xdut.xld.xerr.n1                           3.3
xdut.xld.xerr.xg1.nmid               0.0768457
xdut.xld.xerr.n2                           3.3
xdut.xld.xerr.xg2.nmid             7.64837e-08
xdut.xld.xerr.n3                           3.3
xdut.xld.xerr.xg3.nmid             7.64837e-08
xdut.xld.err                       6.61259e-07
xdut.xld.xerr.xg4.nmid              3.3063e-07
xdut.xld.xdly.d1                           3.3
xdut.xld.xdly.d2                   3.30932e-07
xdut.xld.xdly.d3                           3.3
xdut.xld.errd                      3.30932e-07
xdut.xld.wideb                             3.3
xdut.xld.xnw.nmid                    0.0768459
xdut.xld.wide                      3.30932e-07
xdut.vwin                              3.29998
xdut.xld.xsch.p1                      0.598508
xdut.xld.lockb                     6.17525e-08
xdut.xld.xsch.n1                    5.3743e-08
lock                                       3.3
vsetnode                                   0.9
sctrl                                      3.3
e.xdut.xvco.xcdec2.ec_moscap#branch         3.3e-12
e.xdut.xvco.xcdec1.ec_moscap#branch         3.3e-12
e.xdut.xlf.xcf4.ec_moscap#branch           9e-13
e.xdut.xlf.xcf3.ec_moscap#branch           9e-13
e.xdut.xlf.xcf2.ec_moscap#branch           9e-13
e.xdut.xlf.xcf1.ec_moscap#branch           9e-13
vsctrl#branch                         -3.3e-12
vsetv#branch                      -1.34111e-11
vs5#branch                                   0
vs4#branch                                   0
vs3#branch                            -3.3e-12
vs2#branch                                   0
vs1#branch                                   0
vs0#branch                                   0
vp5#branch                                   0
vp4#branch                                   0
vp3#branch                                   0
vp2#branch                                   0
vp1#branch                                   0
vp0#branch                                   0
vcpb1#branch                          -3.3e-12
vcpb0#branch                                 0
vb2#branch                            -3.3e-12
vb1#branch                                   0
vb0#branch                            -3.3e-12
vref#branch                                  0
vvss#branch                         0.00193203
vgndvco#branch                     9.56493e-05
vvdddiv#branch                     -0.00189454
vvddvco#branch                    -0.000119742
vvdd#branch                       -5.34971e-05


No. of Data Rows : 161007

  Measurements for Transient Analysis


Error: measure  t_lock_last_rise  when(WHEN) : out of interval
 .measure tran t_lock_last_rise when v(lock)=    1.650000000000000e+00     rise=  last                       failed!

lock_at_end         =  3.30192e-07
vctrl_final         =  1.44044e+00
dn_lvl              =  3.79825e-02 from=  1.44000e-05 to=  1.60000e-05

Doing analysis at TEMP = 125.000000 and TNOM = 27.000000

Using SPARSE 1.3 as Direct Linear Solver

  Measurements for Transient Analysis


Error: measure  t_lock_last_rise  when(WHEN) : out of interval
 .measure tran t_lock_last_rise when v(lock)=    1.650000000000000e+00     rise=  last                       failed!

lock_at_end         =  3.30192e-07
vctrl_final         =  1.44044e+00
dn_lvl              =  3.79825e-02 from=  1.44000e-05 to=  1.60000e-05


Total analysis time (seconds) = 3884.18

Total elapsed time (seconds) = 3889.369 

Total DRAM available = 49152.000 MB.
DRAM currently available =  121.266 MB.
Maximum ngspice program size =   50.031 MB.
Current ngspice program size =   50.031 MB.

