==== generated deck (ss_125c_3.63v_n4_cold) ====
* GENERATED by simenv.sh -- do not edit; edit /Users/rwalters/GitHub/gf180-pll/.loom/worktrees/issue-163/sim/lock-time/work/dut_lock_time.sp instead
* tag=lt_ss_125c_3p63v_n4_cold_tmax100p libs=ss,res_typical,moscap_typical,mimcap_typical temp=125C
.include "/Users/rwalters/.volare/gf180mcuD/libs.tech/ngspice/design.ngspice"
.lib "/Users/rwalters/.volare/gf180mcuD/libs.tech/ngspice/sm141064.ngspice" ss
.lib "/Users/rwalters/.volare/gf180mcuD/libs.tech/ngspice/sm141064.ngspice" res_typical
.lib "/Users/rwalters/.volare/gf180mcuD/libs.tech/ngspice/sm141064.ngspice" moscap_typical
.lib "/Users/rwalters/.volare/gf180mcuD/libs.tech/ngspice/sm141064.ngspice" mimcap_typical
.temp 125
.param sim_temp=125
.param vsup=3.63
.param fref=20000000
.param iunit=8u
.param vctrl_ic=0.9
.param t_force=1e-09
.param tstep=2.5e-10
.param tstop=4e-06
.param tmax=100p
.param lockthresh=0.5*vsup
.param sel0_code=0
.param sel1_code=1
.param sel2_code=0
.param sel3_code=0
.param sel4_code=0
.param sel5_code=0
.param p0_code=0
.param p1_code=0
.param p2_code=0
.param p3_code=0
.param p4_code=0
.param p5_code=0
.param b0_code=1
.param b1_code=0
.param b2_code=1
.param cpb0_code=0
.param cpb1_code=1
.include "/Users/rwalters/GitHub/gf180-pll/.loom/worktrees/issue-163/sim/lock-time/work/dut_lock_time.sp"
.end

==== ngspice output ====

Note: Compatibility modes selected: hs a

Warning: m=xx on .subckt line will override multiplier m hierarchy!


Circuit: * generated by simenv.sh -- do not edit; edit /users/rwalters/github/gf180-pll/.loom/worktrees/issue-163/sim/lock-time/work/dut_lock_time.sp instead

Doing analysis at TEMP = 125.000000 and TNOM = 27.000000

Using SPARSE 1.3 as Direct Linear Solver
Note: Starting dynamic gmin stepping
Warning: Dynamic gmin stepping failed
Note: Starting true gmin stepping
Note: True gmin stepping completed

Initial Transient Solution
--------------------------

Node                                   Voltage
----                                   -------
vdd                                       3.63
vdd_vco                                   3.63
vdd_div                                   3.63
gnd_vco                                      0
vss                                          0
ref                                          0
b0                                        3.63
b1                                           0
b2                                        3.63
cpb0                                         0
cpb1                                      3.63
p0                                           0
p1                                           0
p2                                           0
p3                                           0
p4                                           0
p5                                           0
sel0                                         0
sel1                                      3.63
sel2                                         0
sel3                                         0
sel4                                         0
sel5                                         0
ibn                                   0.745522
icn                                   0.874805
ibp                                    2.75235
icp                                     2.6036
xdut.xpfd.xpfd.xed_ref.d1                 3.63
xdut.xpfd.xpfd.xed_ref.d2          2.05253e-08
xdut.xpfd.xpfd.xed_ref.d3                 3.63
xdut.xpfd.xpfd.xed_ref.d4          2.05253e-08
xdut.xpfd.xpfd.xed_ref.d5                 3.63
xdut.xpfd.xpfd.xed_ref.nn                 3.63
xdut.xpfd.xpfd.xed_ref.xnd.ni      2.64072e-08
xdut.xpfd.xpfd.pr                  2.05253e-08
xdut.xpfd.xpfd.xed_fb.d1               2.53905
fb                                     1.79269
xdut.xpfd.xpfd.xed_fb.d2             0.0666235
xdut.xpfd.xpfd.xed_fb.d3                  3.63
xdut.xpfd.xpfd.xed_fb.d4           2.05253e-08
xdut.xpfd.xpfd.xed_fb.d5                  3.63
xdut.xpfd.xpfd.xed_fb.nn                 0.722
xdut.xpfd.xpfd.xed_fb.xnd.ni          0.164743
xdut.xpfd.xpfd.pf                      3.61614
xdut.xpfd.xpfd.sbr                        3.63
xdut.xpfd.xpfd.sbf                 2.18057e-08
xdut.up                            4.29844e-08
xdut.xpfd.xpfd.upb                        3.63
xdut.xpfd.xpfd.xlat_ref.xn1.ni     2.14922e-08
xdut.xpfd.xpfd.rb                         3.63
xdut.xpfd.xpfd.xlat_ref.xn2.ni         3.03619
xdut.dn                                   3.63
xdut.xpfd.xpfd.dnb                 4.29844e-08
xdut.xpfd.xpfd.xlat_fb.xn1.ni        0.0626489
xdut.xpfd.xpfd.xlat_fb.xn2.ni      2.14922e-08
xdut.xpfd.xpfd.nrst                       3.63
xdut.xpfd.xpfd.xnand_rst.ni        2.64072e-08
xdut.xpfd.xpfd.rst_raw             2.05253e-08
xdut.xpfd.xpfd.rd1                        3.63
xdut.xpfd.xpfd.rd2                 2.05253e-08
xdut.xpfd.xpfd.rd3                        3.63
xdut.xpfd.xpfd.rd4                 2.05253e-08
xdut.xpfd.xpfd.rd5                        3.63
xdut.xpfd.xpfd.rd6                 2.05253e-08
xdut.xpfd.xpfd.rd7                        3.63
xdut.xpfd.xpfd.rd8                 2.05253e-08
xdut.xpfd.xpfd.rd9                        3.63
xdut.xpfd.xpfd.rd10                2.05253e-08
xdut.xpfd.xpfd.rd11                       3.63
xdut.xpfd.xpfd.rd12                2.05253e-08
xdut.xpfd.xpfd.rd13                       3.63
xdut.xpfd.xpfd.rd14                2.05253e-08
xdut.xpfd.xpfd.rd15                       3.63
xdut.xpfd.xpfd.rd16                2.05253e-08
xdut.xpfd.xpfd.rd17                       3.63
xdut.xpfd.xpfd.rd18                2.05253e-08
xdut.xpfd.xpfd.rd19                       3.63
xdut.xpfd.xpfd.rd20                2.05253e-08
xdut.xpfd.xpfd.rd21                       3.63
xdut.xpfd.xpfd.rd22                2.05253e-08
xdut.xpfd.xpfd.rd23                       3.63
xdut.xpfd.xpfd.rst_dly             2.05253e-08
xdut.xpfd.xcp.b0b                         3.63
xdut.xpfd.xcp.b1b                  2.05253e-08
xdut.xpfd.xcp.upb                         3.63
xdut.xpfd.xcp.dnb                  2.05253e-08
xdut.xpfd.xcp.xn_base.bg              0.745522
xdut.xpfd.xcp.xn_base.mid             0.100695
xdut.xpfd.xcp.dnt                     0.897396
xdut.xpfd.xcp.xn_t0.bg             6.43636e-09
xdut.xpfd.xcp.xn_t0.mid               0.574302
xdut.xpfd.xcp.xn_t1a.bg               0.745522
xdut.xpfd.xcp.xn_t1a.mid              0.100695
xdut.xpfd.xcp.xn_t1b.bg               0.745522
xdut.xpfd.xcp.xn_t1b.mid              0.100695
xdut.xpfd.xcp.xp_base.bg               2.75235
xdut.xpfd.xcp.xp_base.mid              3.52195
xdut.xpfd.xcp.upt                      1.38669
xdut.xpfd.xcp.xp_t0.bg                    3.63
xdut.xpfd.xcp.xp_t0.mid                1.86362
xdut.xpfd.xcp.xp_t1a.bg                2.75235
xdut.xpfd.xcp.xp_t1a.mid               3.52195
xdut.xpfd.xcp.xp_t1b.bg                2.75235
xdut.xpfd.xcp.xp_t1b.mid               3.52195
vctrl                                 0.899946
xdut.xpfd.xcp.vdump                   0.951121
xdut.xpfd.xcp.xbuf.nsrc               0.171045
xdut.xpfd.xcp.xbuf.nda                 2.78939
xdut.xpfd.xcp.xbuf.psrc                1.74577
xdut.xpfd.xcp.xbuf.pda                0.717715
xdut.xlf.nr1                          0.899946
xdut.xlf.xrf1.11                      0.899946
xdut.xlf.xrf1.21                      0.899946
xdut.xlf.nr2                          0.899946
xdut.xlf.xrf2.11                      0.899946
xdut.xlf.xrf2.21                      0.899946
xdut.xlf.nr3                          0.899946
xdut.xlf.xrf3.11                      0.899946
xdut.xlf.xrf3.21                      0.899946
xdut.xlf.nz                           0.899946
xdut.xlf.xrf4.11                      0.899946
xdut.xlf.xrf4.21                      0.899946
xdut.xlf.xcf1.c_moscap_int1          -0.899946
xdut.xlf.xcf2.c_moscap_int1          -0.899946
xdut.xlf.xcf3.c_moscap_int1          -0.899946
xdut.xlf.xcf4.c_moscap_int1          -0.899946
xdut.xvco.xbias.na                     1.14244
xdut.xvco.xbias.vbpc                   2.51205
xdut.xvco.xbias.nc                    0.189693
xdut.xvco.xbias.xrcg.11               0.189393
xdut.xvco.xbias.xrcg.21             0.00029952
xdut.xvco.xbias.nsu                  0.0101614
xdut.xvco.xbias.vfix                   1.95895
xdut.xvco.xbias.nmd                   0.837325
xdut.xvco.xbias.vbp0                   2.74117
xdut.xvco.xbias.noff                  0.867814
xdut.xvco.xbias.xroff.11              0.867574
xdut.xvco.xbias.xroff.21           0.000239543
xdut.xvco.xbias.nvi                    0.16468
xdut.xvco.xbias.xrdeg.11              0.164635
xdut.xvco.xbias.xrdeg.21           4.54568e-05
xdut.xvco.xbias.b0b                1.25658e-08
xdut.xvco.xbias.b1b                       3.63
xdut.xvco.xbias.b2b                1.25658e-08
xdut.xvco.xbias.vbn1                  0.789192
xdut.xvco.xbias.ga                     2.74117
xdut.xvco.xbias.vbp2                   2.72335
xdut.xvco.xbias.gb                 1.75036e-09
xdut.xvco.vbn                         0.926187
xdut.xvco.xbias.gc                     2.72335
xdut.xvco.vbp                          2.54775
xdut.xvco.xs1.nh                       1.48656
xdut.xvco.y1                                 0
xdut.xvco.y5                                 0
xdut.xvco.xs1.nt                             0
xdut.xvco.xs2.nh                          3.63
xdut.xvco.y2                              3.63
xdut.xvco.xs2.nt                   3.32685e-07
xdut.xvco.xs3.nh                          3.63
xdut.xvco.y3                                 0
xdut.xvco.xs3.nt                             0
xdut.xvco.xs4.nh                          3.63
xdut.xvco.y4                              3.63
xdut.xvco.xs4.nt                   3.32685e-07
xdut.xvco.xs5.nh                          3.63
xdut.xvco.xs5.nt                             0
xdut.xvco.nb1                             3.63
xdut.xvco.nb2                      1.06104e-08
clk                                       3.63
xdut.xvco.xcdec1.c_moscap_int1           -3.63
xdut.xvco.xcdec2.c_moscap_int1           -3.63
xdut.xdiv.xd0.sb                          3.63
xdut.xdiv.mi0                             3.63
xdut.xdiv.mo0                          1.79269
xdut.xdiv.xd0.xn3.nm1                  3.09969
xdut.xdiv.xd0.xn3.nm2              7.48435e-08
xdut.xdiv.xd0.dqn                     0.555692
xdut.xdiv.xd0.qb                       1.79267
xdut.xdiv.xd0.xn2q.nmid               0.147311
xdut.xdiv.xd0.dq                        3.6273
xdut.xdiv.xd0.xfq.ckb              1.35003e-08
xdut.xdiv.xd0.xfq.ckbb                    3.63
xdut.xdiv.xd0.xfq.nm                   1.79269
xdut.xdiv.xd0.xfq.nma                  1.79269
xdut.xdiv.xd0.xfq.nmb                  1.79269
xdut.xdiv.xd0.xfq.ns                   1.79269
xdut.xdiv.xd0.q                        1.79269
xdut.xdiv.ck1                          1.82053
xdut.xdiv.xd0.nmo                     0.480389
xdut.xdiv.xd0.xn2m.nmid               0.318322
xdut.xdiv.xd0.dmo                      3.62919
xdut.xdiv.xd0.xfmo.ckb             1.35003e-08
xdut.xdiv.xd0.xfmo.ckbb                   3.63
xdut.xdiv.xd0.xfmo.nm                  1.79269
xdut.xdiv.xd0.xfmo.nma                 1.79269
xdut.xdiv.xd0.xfmo.nmb                 1.79269
xdut.xdiv.xd0.xfmo.ns                  1.79269
xdut.xdiv.xd0.mob                      1.79267
xdut.xdiv.xd1.sb                          3.63
xdut.xdiv.mi1                             3.63
xdut.xdiv.mo1                             3.63
xdut.xdiv.xd1.xn3.nm1                  3.09969
xdut.xdiv.xd1.xn3.nm2              4.25146e-08
xdut.xdiv.xd1.dqn                  2.69954e-08
xdut.xdiv.xd1.qb                          3.63
xdut.xdiv.xd1.xn2q.nmid            1.34977e-08
xdut.xdiv.xd1.dq                       3.54288
xdut.xdiv.xd1.xfq.ckb                  1.28678
xdut.xdiv.xd1.xfq.ckbb                 3.40172
xdut.xdiv.xd1.xfq.nm                  0.167806
xdut.xdiv.xd1.xfq.nma                     3.63
xdut.xdiv.xd1.xfq.nmb                0.0810553
xdut.xdiv.xd1.xfq.ns                      3.63
xdut.xdiv.xd1.q                    1.35005e-08
xdut.xdiv.ck2                      9.11604e-09
xdut.xdiv.xd1.nmo                         3.63
xdut.xdiv.xd1.xn2m.nmid                3.09567
xdut.xdiv.xd1.dmo                     0.100828
xdut.xdiv.xd1.xfmo.ckb                 1.28678
xdut.xdiv.xd1.xfmo.ckbb                3.40172
xdut.xdiv.xd1.xfmo.nm                  3.34255
xdut.xdiv.xd1.xfmo.nma              1.2976e-06
xdut.xdiv.xd1.xfmo.nmb                 3.52256
xdut.xdiv.xd1.xfmo.ns              1.04182e-06
xdut.xdiv.xd1.mob                  2.84106e-07
xdut.xdiv.xd2.sb                          3.63
xdut.xdiv.mi2                             3.63
xdut.xdiv.mo2                      1.35004e-08
xdut.xdiv.xd2.xn3.nm1                  3.14155
xdut.xdiv.xd2.xn3.nm2                0.0719523
xdut.xdiv.xd2.dqn                         3.63
xdut.xdiv.xd2.qb                   9.18467e-08
xdut.xdiv.xd2.xn2q.nmid             5.3954e-08
xdut.xdiv.xd2.dq                   3.83818e-08
xdut.xdiv.xd2.xfq.ckb                     3.63
xdut.xdiv.xd2.xfq.ckbb             1.35003e-08
xdut.xdiv.xd2.xfq.nm               5.51566e-08
xdut.xdiv.xd2.xfq.nma                     3.63
xdut.xdiv.xd2.xfq.nmb              2.21685e-08
xdut.xdiv.xd2.xfq.ns               1.62086e-07
xdut.xdiv.xd2.q                           3.63
xdut.xdiv.ck3                             3.63
xdut.xdiv.xd2.nmo                  2.69953e-08
xdut.xdiv.xd2.xn2m.nmid            1.34977e-08
xdut.xdiv.xd2.dmo                         3.63
xdut.xdiv.xd2.xfmo.ckb                    3.63
xdut.xdiv.xd2.xfmo.ckbb            1.35003e-08
xdut.xdiv.xd2.xfmo.nm                     3.63
xdut.xdiv.xd2.xfmo.nma             7.56336e-08
xdut.xdiv.xd2.xfmo.nmb                    3.63
xdut.xdiv.xd2.xfmo.ns                     3.63
xdut.xdiv.xd2.mob                         3.63
xdut.xdiv.xd3.sb                          3.63
xdut.xdiv.mi3                      1.35003e-08
xdut.xdiv.mo3                             3.63
xdut.xdiv.xd3.xn3.nm1                0.0809731
xdut.xdiv.xd3.xn3.nm2              5.67909e-09
xdut.xdiv.xd3.dqn                  2.69953e-08
xdut.xdiv.xd3.qb                          3.63
xdut.xdiv.xd3.xn2q.nmid            1.34977e-08
xdut.xdiv.xd3.dq                          3.63
xdut.xdiv.xd3.xfq.ckb              1.35003e-08
xdut.xdiv.xd3.xfq.ckbb                    3.63
xdut.xdiv.xd3.xfq.nm               1.62086e-07
xdut.xdiv.xd3.xfq.nma                     3.63
xdut.xdiv.xd3.xfq.nmb              9.18467e-08
xdut.xdiv.xd3.xfq.ns                      3.63
xdut.xdiv.xd3.q                    1.35003e-08
xdut.xdiv.ck4                      9.11604e-09
xdut.xdiv.xd3.nmo                         3.63
xdut.xdiv.xd3.xn2m.nmid              0.0801032
xdut.xdiv.xd3.dmo                  7.56335e-08
xdut.xdiv.xd3.xfmo.ckb             1.35003e-08
xdut.xdiv.xd3.xfmo.ckbb                   3.63
xdut.xdiv.xd3.xfmo.nm                     3.63
xdut.xdiv.xd3.xfmo.nma             3.83818e-08
xdut.xdiv.xd3.xfmo.nmb                    3.63
xdut.xdiv.xd3.xfmo.ns              5.51566e-08
xdut.xdiv.xd3.mob                  2.21685e-08
xdut.xdiv.xd4.sb                          3.63
xdut.xdiv.mi4                             3.63
xdut.xdiv.mo4                      1.35004e-08
xdut.xdiv.xd4.xn3.nm1                  3.14155
xdut.xdiv.xd4.xn3.nm2                0.0719524
xdut.xdiv.xd4.dqn                         3.63
xdut.xdiv.xd4.qb                   9.18467e-08
xdut.xdiv.xd4.xn2q.nmid             5.3954e-08
xdut.xdiv.xd4.dq                   3.83818e-08
xdut.xdiv.xd4.xfq.ckb                     3.63
xdut.xdiv.xd4.xfq.ckbb             1.35003e-08
xdut.xdiv.xd4.xfq.nm               5.51566e-08
xdut.xdiv.xd4.xfq.nma                     3.63
xdut.xdiv.xd4.xfq.nmb              2.21685e-08
xdut.xdiv.xd4.xfq.ns               1.62086e-07
xdut.xdiv.xd4.q                           3.63
xdut.xdiv.ck5                             3.63
xdut.xdiv.xd4.nmo                  2.69953e-08
xdut.xdiv.xd4.xn2m.nmid            1.34977e-08
xdut.xdiv.xd4.dmo                         3.63
xdut.xdiv.xd4.xfmo.ckb                    3.63
xdut.xdiv.xd4.xfmo.ckbb            1.35003e-08
xdut.xdiv.xd4.xfmo.nm                     3.63
xdut.xdiv.xd4.xfmo.nma             7.56336e-08
xdut.xdiv.xd4.xfmo.nmb                    3.63
xdut.xdiv.xd4.xfmo.ns                     3.63
xdut.xdiv.xd4.mob                         3.63
xdut.xdiv.xd5.sb                          3.63
xdut.xdiv.mo5                             3.63
xdut.xdiv.xd5.xn3.nm1                0.0809731
xdut.xdiv.xd5.xn3.nm2               5.6791e-09
xdut.xdiv.xd5.dqn                         3.63
xdut.xdiv.xd5.qb                   2.21685e-08
xdut.xdiv.xd5.xn2q.nmid            5.39539e-08
xdut.xdiv.xd5.dq                   7.56335e-08
xdut.xdiv.xd5.xfq.ckb              1.35003e-08
xdut.xdiv.xd5.xfq.ckbb                    3.63
xdut.xdiv.xd5.xfq.nm                      3.63
xdut.xdiv.xd5.xfq.nma              3.83818e-08
xdut.xdiv.xd5.xfq.nmb                     3.63
xdut.xdiv.xd5.xfq.ns               5.51566e-08
xdut.xdiv.xd5.q                           3.63
xdut.xdiv.ck6                             3.63
xdut.xdiv.xd5.nmo                         3.63
xdut.xdiv.xd5.xn2m.nmid            5.39539e-08
xdut.xdiv.xd5.dmo                  7.56335e-08
xdut.xdiv.xd5.xfmo.ckb             1.35003e-08
xdut.xdiv.xd5.xfmo.ckbb                   3.63
xdut.xdiv.xd5.xfmo.nm                     3.63
xdut.xdiv.xd5.xfmo.nma             3.83818e-08
xdut.xdiv.xd5.xfmo.nmb                    3.63
xdut.xdiv.xd5.xfmo.ns              5.51566e-08
xdut.xdiv.xd5.mob                  2.21685e-08
xdut.xdiv.xnr0.pmid                   0.737429
xdut.xdiv.nmi0                     2.46293e-08
xdut.xdiv.xnr1.pmid                       3.63
xdut.xdiv.nmi1                     1.82356e-08
xdut.xdiv.xnr2.pmid                    0.73743
xdut.xdiv.nmi2                     2.46296e-08
xdut.xdiv.xnr3.pmid                       3.63
xdut.xdiv.nmi3                            3.63
xdut.xdiv.xnr4.pmid                   0.737431
xdut.xdiv.nmi4                     2.46302e-08
xdut.xdiv.t0                              3.63
xdut.xdiv.xm0.nmid                     1.53394
xdut.xdiv.t1                              3.63
xdut.xdiv.xm1.nmid                 5.39539e-08
xdut.xdiv.t2                              3.63
xdut.xdiv.xm2.nmid                     3.09567
xdut.xdiv.t3                              3.63
xdut.xdiv.xm3.nmid                   0.0801032
xdut.xdiv.t4                              3.63
xdut.xdiv.xm4.nmid                     3.09567
xdut.xdiv.t5                              3.63
xdut.xdiv.xm5.nmid                     3.09567
xdut.xdiv.ma                       4.03436e-08
xdut.xdiv.xma.nm1                  2.68957e-08
xdut.xdiv.xma.nm2                  1.34479e-08
xdut.xdiv.mb                       4.03436e-08
xdut.xdiv.xmb.nm1                  2.68957e-08
xdut.xdiv.xmb.nm2                  1.34479e-08
xdut.xdiv.xmno.pmid                       3.63
xdut.xdiv.divoutb                         3.63
divout                             2.17616e-08
xdut.xdiv.xfrt.ckb                 1.35003e-08
xdut.xdiv.xfrt.ckbb                       3.63
xdut.xdiv.xfrt.nm                      1.79269
xdut.xdiv.xfrt.nma                     1.79269
xdut.xdiv.xfrt.nmb                     1.79269
xdut.xdiv.xfrt.ns                      1.79269
xdut.xdiv.fbb                          1.79266
xdut.xld.xerr.n1                          3.63
xdut.xld.xerr.xg1.nmid              5.3954e-08
xdut.xld.xerr.n2                          3.63
xdut.xld.xerr.xg2.nmid              5.3954e-08
xdut.xld.xerr.n3                   2.69953e-08
xdut.xld.xerr.xg3.nmid             1.34977e-08
xdut.xld.err                              3.63
xdut.xld.xerr.xg4.nmid                 3.09567
xdut.xld.xdly.d1                   1.35003e-08
xdut.xld.xdly.d2                          3.63
xdut.xld.xdly.d3                   1.35003e-08
xdut.xld.errd                             3.63
xdut.xld.wideb                     2.69953e-08
xdut.xld.xnw.nmid                  1.34977e-08
xdut.xld.wide                             3.63
xdut.vwin                           0.00125969
xdut.xld.xsch.p1                          3.63
xdut.xld.lockb                            3.63
xdut.xld.xsch.n1                       3.06763
lock                               1.35003e-08
vsetnode                                   0.9
sctrl                                     3.63
e.xdut.xvco.xcdec2.ec_moscap#branch        3.63e-12
e.xdut.xvco.xcdec1.ec_moscap#branch        3.63e-12
e.xdut.xlf.xcf4.ec_moscap#branch     8.99946e-13
e.xdut.xlf.xcf3.ec_moscap#branch     8.99946e-13
e.xdut.xlf.xcf2.ec_moscap#branch     8.99946e-13
e.xdut.xlf.xcf1.ec_moscap#branch     8.99946e-13
vsctrl#branch                        -3.63e-12
vsetv#branch                      -5.35054e-06
vs5#branch                                   0
vs4#branch                                   0
vs3#branch                                   0
vs2#branch                                   0
vs1#branch                           -3.63e-12
vs0#branch                                   0
vp5#branch                                   0
vp4#branch                                   0
vp3#branch                                   0
vp2#branch                                   0
vp1#branch                                   0
vp0#branch                                   0
vcpb1#branch                         -3.63e-12
vcpb0#branch                                 0
vb2#branch                           -3.63e-12
vb1#branch                                   0
vb0#branch                           -3.63e-12
vref#branch                                  0
vvss#branch                         0.00261822
vgndvco#branch                     9.73067e-05
vvdddiv#branch                     -0.00243205
vvddvco#branch                    -0.000121441
vvdd#branch                       -0.000196829


No. of Data Rows : 41118

  Measurements for Transient Analysis


Error: measure  t_lock_last_rise  when(WHEN) : out of interval
 .measure tran t_lock_last_rise when v(lock)=    1.815000000000000e+00     rise=  last                       failed!

lock_at_end         =  1.36899e-08
vctrl_final         =  1.13622e+00
dn_lvl              =  1.56131e-01 from=  3.60000e-06 to=  4.00000e-06

Doing analysis at TEMP = 125.000000 and TNOM = 27.000000

Using SPARSE 1.3 as Direct Linear Solver

  Measurements for Transient Analysis


Error: measure  t_lock_last_rise  when(WHEN) : out of interval
 .measure tran t_lock_last_rise when v(lock)=    1.815000000000000e+00     rise=  last                       failed!

lock_at_end         =  1.36899e-08
vctrl_final         =  1.13622e+00
dn_lvl              =  1.56131e-01 from=  3.60000e-06 to=  4.00000e-06


Total analysis time (seconds) = 1018.4

Total elapsed time (seconds) = 1022.172 

Total DRAM available = 49152.000 MB.
DRAM currently available =  101.516 MB.
Maximum ngspice program size =   32.859 MB.
Current ngspice program size =   32.859 MB.

