
Note: No compatibility mode selected!


Circuit: * vco-supply-pushing-jitter @ jit_typical_-40c_2.97v_band5_r16_f100 -- generated by sim/harness, do not edit

Doing analysis at TEMP = -40.000000 and TNOM = 27.000000

Using SPARSE 1.3 as Direct Linear Solver

Initial Transient Solution
--------------------------

Node                                   Voltage
----                                   -------
vctl                                       1.8
nq                                        2.97
qa                                        2.97
qb                                           0
qc                                        2.97
xq.xbias.na                           0.933682
xq.xbias.vbpc                          1.98626
xq.xbias.nc                          0.0932211
xq.xbias.xrcg.11                     0.0930183
xq.xbias.xrcg.21                     0.0002028
xq.xbias.nsu                         0.0122898
xq.xbias.vfix                           1.8472
xq.xbias.nmd                          0.796245
xq.xbias.vbp0                          2.03658
xq.xbias.noff                         0.796054
xq.xbias.xroff.11                     0.795751
xq.xbias.xroff.21                  0.000303044
xq.xbias.nvi                          0.761138
xq.xbias.xrdeg.11                     0.760848
xq.xbias.xrdeg.21                  0.000289752
xq.xbias.b0b                       4.10044e-09
xq.xbias.b1b                              2.97
xq.xbias.b2b                       4.10044e-09
xq.xbias.vbn1                         0.819078
xq.xbias.ga                            2.03658
xq.xbias.vbp2                          2.02857
xq.xbias.gb                        5.19422e-15
xq.vbn                                0.920353
xq.xbias.gc                            2.02857
xq.vbp                                  1.8995
xq.xs1.nh                              1.35837
xq.y1                                        0
xq.y5                                        0
xq.xs1.nt                         -2.32902e-17
xq.xs2.nh                                 2.97
xq.y2                                     2.97
xq.xs2.nt                          5.42678e-12
xq.xs3.nh                                 2.97
xq.y3                                        0
xq.xs3.nt                          9.60993e-18
xq.xs4.nh                                 2.97
xq.y4                                     2.97
xq.xs4.nt                          5.42678e-12
xq.xs5.nh                                 2.97
xq.xs5.nt                          9.60993e-18
xq.nb1                                    2.97
xq.nb2                              2.7532e-09
clkq                                      2.97
xq.xcdec1.c_moscap_int1                  -2.97
xq.xcdec2.c_moscap_int1                  -2.97
nsd                                       2.97
nst                                       2.97
sa                                        2.97
sb                                           0
sc                                        2.97
xs.xbias.na                           0.933682
xs.xbias.vbpc                          1.98626
xs.xbias.nc                          0.0932211
xs.xbias.xrcg.11                     0.0930183
xs.xbias.xrcg.21                     0.0002028
xs.xbias.nsu                         0.0122898
xs.xbias.vfix                           1.8472
xs.xbias.nmd                          0.796245
xs.xbias.vbp0                          2.03658
xs.xbias.noff                         0.796054
xs.xbias.xroff.11                     0.795751
xs.xbias.xroff.21                  0.000303044
xs.xbias.nvi                          0.761138
xs.xbias.xrdeg.11                     0.760848
xs.xbias.xrdeg.21                  0.000289752
xs.xbias.b0b                       4.10044e-09
xs.xbias.b1b                              2.97
xs.xbias.b2b                       4.10044e-09
xs.xbias.vbn1                         0.819078
xs.xbias.ga                            2.03658
xs.xbias.vbp2                          2.02857
xs.xbias.gb                        5.19422e-15
xs.vbn                                0.920353
xs.xbias.gc                            2.02857
xs.vbp                                  1.8995
xs.xs1.nh                              1.35837
xs.y1                                        0
xs.y5                                        0
xs.xs1.nt                         -8.96457e-18
xs.xs2.nh                                 2.97
xs.y2                                     2.97
xs.xs2.nt                          5.42678e-12
xs.xs3.nh                                 2.97
xs.y3                                        0
xs.xs3.nt                          9.60993e-18
xs.xs4.nh                                 2.97
xs.y4                                     2.97
xs.xs4.nt                          5.42678e-12
xs.xs5.nh                                 2.97
xs.xs5.nt                          9.60993e-18
xs.nb1                                    2.97
xs.nb2                              2.7532e-09
clks                                      2.97
xs.xcdec1.c_moscap_int1                  -2.97
xs.xcdec2.c_moscap_int1                  -2.97
nrd                                       2.97
nrp                                       2.97
ra                                        2.97
rb                                           0
rc                                        2.97
xr.xbias.na                           0.933682
xr.xbias.vbpc                          1.98626
xr.xbias.nc                          0.0932211
xr.xbias.xrcg.11                     0.0930183
xr.xbias.xrcg.21                     0.0002028
xr.xbias.nsu                         0.0122898
xr.xbias.vfix                           1.8472
xr.xbias.nmd                          0.796245
xr.xbias.vbp0                          2.03658
xr.xbias.noff                         0.796054
xr.xbias.xroff.11                     0.795751
xr.xbias.xroff.21                  0.000303044
xr.xbias.nvi                          0.761138
xr.xbias.xrdeg.11                     0.760848
xr.xbias.xrdeg.21                  0.000289752
xr.xbias.b0b                       4.10044e-09
xr.xbias.b1b                              2.97
xr.xbias.b2b                       4.10044e-09
xr.xbias.vbn1                         0.819078
xr.xbias.ga                            2.03658
xr.xbias.vbp2                          2.02857
xr.xbias.gb                        5.19422e-15
xr.vbn                                0.920353
xr.xbias.gc                            2.02857
xr.vbp                                  1.8995
xr.xs1.nh                              1.35837
xr.y1                                        0
xr.y5                                        0
xr.xs1.nt                         -1.61293e-17
xr.xs2.nh                                 2.97
xr.y2                                     2.97
xr.xs2.nt                          5.42678e-12
xr.xs3.nh                                 2.97
xr.y3                                        0
xr.xs3.nt                          5.30733e-18
xr.xs4.nh                                 2.97
xr.y4                                     2.97
xr.xs4.nt                          5.42678e-12
xr.xs5.nh                                 2.97
xr.xs5.nt                          5.30733e-18
xr.nb1                                    2.97
xr.nb2                              2.7532e-09
clkr                                      2.97
xr.xcdec1.c_moscap_int1                  -2.97
xr.xcdec2.c_moscap_int1                  -2.97
e.xr.xcdec2.ec_moscap#branch                 0
e.xr.xcdec1.ec_moscap#branch                 0
e.xs.xcdec2.ec_moscap#branch                 0
e.xs.xcdec1.ec_moscap#branch                 0
e.xq.xcdec2.ec_moscap#branch                 0
e.xq.xcdec1.ec_moscap#branch                 0
erc#branch                                   0
erb#branch                                   0
era#branch                                   0
esc#branch                                   0
esb#branch                                   0
esa#branch                                   0
eqc#branch                                   0
eqb#branch                                   0
eqa#branch                                   0
vrp#branch                         -0.00011334
vrd#branch                         -0.00011334
vst#branch                         -0.00011334
vsd#branch                         -0.00011334
vq#branch                          -0.00011334
vc#branch                                    0

 Reference value :  2.01994e-09
 Reference value :  5.70756e-09
 Reference value :  1.05989e-08
 Reference value :  1.32618e-08
 Reference value :  1.67164e-08
 Reference value :  2.11850e-08
 Reference value :  2.32318e-08
 Reference value :  2.76400e-08
 Reference value :  3.08957e-08
 Reference value :  3.36181e-08
 Reference value :  3.86438e-08
 Reference value :  4.17634e-08
 Reference value :  4.46629e-08
 Reference value :  4.96625e-08
 Reference value :  5.18589e-08
 Reference value :  5.55944e-08
 Reference value :  5.84078e-08
 Reference value :  6.12714e-08
 Reference value :  6.55600e-08
 Reference value :  6.72883e-08
 Reference value :  6.96474e-08
 Reference value :  7.26451e-08
 Reference value :  7.67813e-08
 Reference value :  7.86899e-08
 Reference value :  8.28699e-08
 Reference value :  8.58793e-08
 Reference value :  8.87759e-08
 Reference value :  9.22059e-08
 Reference value :  9.53980e-08
 Reference value :  9.94883e-08
 Reference value :  1.01412e-07
 Reference value :  1.04967e-07
 Reference value :  1.08007e-07
 Reference value :  1.11395e-07
 Reference value :  1.14912e-07
 Reference value :  1.17626e-07
 Reference value :  1.21222e-07
 Reference value :  1.23711e-07
 Reference value :  1.26945e-07
 Reference value :  1.29075e-07
 Reference value :  1.32760e-07
 Reference value :  1.35120e-07
 Reference value :  1.38459e-07
 Reference value :  1.42093e-07
 Reference value :  1.45523e-07
 Reference value :  1.48544e-07
 Reference value :  1.50809e-07
 Reference value :  1.54816e-07
 Reference value :  1.57335e-07
 Reference value :  1.61100e-07
 Reference value :  1.64798e-07
 Reference value :  1.67111e-07
 Reference value :  1.71029e-07
 Reference value :  1.72354e-07
 Reference value :  1.76728e-07
 Reference value :  1.78113e-07
 Reference value :  1.82046e-07
 Reference value :  1.82497e-07
 Reference value :  1.83043e-07
 Reference value :  1.85793e-07
 Reference value :  1.87537e-07
 Reference value :  1.87900e-07
 Reference value :  1.88466e-07
 Reference value :  1.88893e-07
 Reference value :  1.90830e-07
 Reference value :  1.93073e-07
 Reference value :  1.93574e-07
 Reference value :  1.97655e-07
 Reference value :  1.99358e-07
 Reference value :  2.04122e-07
 Reference value :  2.06778e-07
 Reference value :  2.10099e-07
 Reference value :  2.15054e-07
 Reference value :  2.18141e-07
 Reference value :  2.20964e-07
 Reference value :  2.25336e-07
 Reference value :  2.27450e-07
 Reference value :  2.30743e-07
 Reference value :  2.31815e-07
 Reference value :  2.33127e-07
 Reference value :  2.35839e-07
 Reference value :  2.37116e-07
 Reference value :  2.38607e-07
 Reference value :  2.41577e-07
 Reference value :  2.42941e-07
 Reference value :  2.44087e-07
 Reference value :  2.47122e-07
 Reference value :  2.48263e-07
 Reference value :  2.48388e-07
 Reference value :  2.48523e-07
 Reference value :  2.48716e-07
 Reference value :  2.48846e-07
 Reference value :  2.48975e-07
 Reference value :  2.49168e-07
 Reference value :  2.49427e-07
 Reference value :  2.52785e-07
 Reference value :  2.54040e-07
 Reference value :  2.55161e-07
 Reference value :  2.57937e-07
 Reference value :  2.59314e-07
 Reference value :  2.60395e-07
 Reference value :  2.62139e-07
 Reference value :  2.64722e-07
 Reference value :  2.65094e-07
 Reference value :  2.65371e-07
 Reference value :  2.67259e-07
 Reference value :  2.70165e-07
 Reference value :  2.70287e-07
 Reference value :  2.70472e-07
 Reference value :  2.70875e-07
 Reference value :  2.72899e-07
 Reference value :  2.76096e-07
 Reference value :  2.76757e-07
 Reference value :  2.78848e-07
 Reference value :  2.82100e-07
 Reference value :  2.85291e-07
 Reference value :  2.87145e-07
 Reference value :  2.89917e-07
 Reference value :  2.92621e-07
 Reference value :  2.96325e-07
 Reference value :  2.99435e-07
 Reference value :  3.02387e-07
 Reference value :  3.04869e-07
 Reference value :  3.08794e-07
 Reference value :  3.10836e-07
 Reference value :  3.14403e-07
 Reference value :  3.16256e-07
 Reference value :  3.18203e-07
 Reference value :  3.18913e-07
 Reference value :  3.20159e-07
 Reference value :  3.21549e-07
 Reference value :  3.22105e-07
 Reference value :  3.23757e-07
 Reference value :  3.25341e-07
 Reference value :  3.25477e-07
 Reference value :  3.26987e-07
 Reference value :  3.27357e-07
 Reference value :  3.29491e-07
 Reference value :  3.31149e-07
 Reference value :  3.31262e-07
 Reference value :  3.33345e-07
 Reference value :  3.36705e-07
 Reference value :  3.38590e-07
 Reference value :  3.41496e-07
 Reference value :  3.42299e-07
 Reference value :  3.44875e-07
 Reference value :  3.48320e-07
 Reference value :  3.52029e-07
 Reference value :  3.54956e-07
 Reference value :  3.58383e-07
 Reference value :  3.60193e-07
 Reference value :  3.64314e-07
 Reference value :  3.66829e-07
 Reference value :  3.70391e-07
 Reference value :  3.74088e-07
 Reference value :  3.76455e-07
 Reference value :  3.80487e-07
 Reference value :  3.82632e-07
 Reference value :  3.86380e-07
 Reference value :  3.89565e-07
 Reference value :  3.92131e-07
 Reference value :  3.92471e-07
 Reference value :  3.94344e-07
 Reference value :  3.97120e-07
 Reference value :  3.97534e-07
 Reference value :  3.97899e-07
 Reference value :  4.00147e-07
 Reference value :  4.02509e-07
 Reference value :  4.02870e-07
 Reference value :  4.05317e-07
 Reference value :  4.08158e-07
 Reference value :  4.08865e-07
 Reference value :  4.12223e-07
 Reference value :  4.13655e-07
 Reference value :  4.18622e-07
 Reference value :  4.20724e-07
 Reference value :  4.24506e-07
 Reference value :  4.28464e-07
 Reference value :  4.30531e-07
 Reference value :  4.35312e-07
 Reference value :  4.37317e-07
 Reference value :  4.41200e-07
 Reference value :  4.41969e-07
 Reference value :  4.46334e-07
 Reference value :  4.48584e-07
 Reference value :  4.52313e-07
 Reference value :  4.55512e-07
 Reference value :  4.58085e-07
 Reference value :  4.63408e-07
 Reference value :  4.66844e-07
 Reference value :  4.69005e-07
 Reference value :  4.73754e-07
 Reference value :  4.75388e-07
 Reference value :  4.79782e-07
 Reference value :  4.82242e-07
 Reference value :  4.85581e-07
 Reference value :  4.86147e-07
 Reference value :  4.86406e-07
 Reference value :  4.89101e-07
 Reference value :  4.90792e-07
 Reference value :  4.91617e-07
 Reference value :  4.91777e-07
 Reference value :  4.92725e-07
 Reference value :  4.95373e-07
 Reference value :  4.96238e-07
 Reference value :  4.96718e-07
 Reference value :  4.98145e-07
 Reference value :  4.99242e-07
 Reference value :  5.00469e-07
 Reference value :  5.01273e-07
 Reference value :  5.01465e-07
 Reference value :  5.01860e-07
 Reference value :  5.02919e-07
 Reference value :  5.04115e-07
 Reference value :  5.05278e-07
 Reference value :  5.07255e-07
 Reference value :  5.07988e-07
 Reference value :  5.10929e-07
 Reference value :  5.12902e-07
 Reference value :  5.15645e-07
 Reference value :  5.18667e-07
 Reference value :  5.18791e-07
 Reference value :  5.20161e-07
 Reference value :  5.21112e-07
 Reference value :  5.23308e-07
 Reference value :  5.24022e-07
 Reference value :  5.24709e-07
 Reference value :  5.25594e-07
 Reference value :  5.27866e-07
 Reference value :  5.29749e-07
 Reference value :  5.30930e-07
 Reference value :  5.32014e-07
 Reference value :  5.34856e-07
 Reference value :  5.35185e-07
 Reference value :  5.36899e-07
 Reference value :  5.40729e-07
 Reference value :  5.42538e-07
 Reference value :  5.45994e-07
 Reference value :  5.47872e-07
 Reference value :  5.50778e-07
 Reference value :  5.53454e-07
 Reference value :  5.55749e-07
 Reference value :  5.58516e-07
 Reference value :  5.59264e-07
 Reference value :  5.60711e-07
 Reference value :  5.64087e-07
 Reference value :  5.65614e-07
 Reference value :  5.67810e-07
 Reference value :  5.67990e-07
 Reference value :  5.70784e-07
 Reference value :  5.73750e-07
 Reference value :  5.76016e-07
 Reference value :  5.78991e-07
 Reference value :  5.81757e-07
 Reference value :  5.84779e-07
 Reference value :  5.86339e-07
 Reference value :  5.88702e-07
 Reference value :  5.89825e-07
 Reference value :  5.90047e-07
 Reference value :  5.92909e-07
 Reference value :  5.95794e-07
 Reference value :  5.97957e-07
 Reference value :  6.00480e-07
 Reference value :  6.01448e-07
 Reference value :  6.03676e-07
 Reference value :  6.05946e-07
 Reference value :  6.06841e-07
 Reference value :  6.07088e-07
 Reference value :  6.07143e-07
 Reference value :  6.07909e-07
 Reference value :  6.09717e-07
 Reference value :  6.11590e-07
 Reference value :  6.12074e-07
 Reference value :  6.12199e-07
 Reference value :  6.13104e-07
 Reference value :  6.15106e-07
 Reference value :  6.17237e-07
 Reference value :  6.17791e-07
 Reference value :  6.17997e-07
 Reference value :  6.21668e-07
 Reference value :  6.23093e-07
 Reference value :  6.23924e-07
 Reference value :  6.28508e-07
 Reference value :  6.29280e-07
 Reference value :  6.32500e-07
 Reference value :  6.33888e-07
 Reference value :  6.35428e-07
 Reference value :  6.39542e-07
 Reference value :  6.40931e-07
 Reference value :  6.44693e-07
 Reference value :  6.46908e-07
 Reference value :  6.48916e-07
 Reference value :  6.50974e-07
 Reference value :  6.54299e-07
 Reference value :  6.56265e-07
 Reference value :  6.58810e-07
 Reference value :  6.61911e-07
 Reference value :  6.64320e-07
 Reference value :  6.67221e-07
 Reference value :  6.70467e-07
 Reference value :  6.73162e-07
 Reference value :  6.76545e-07
 Reference value :  6.79148e-07
 Reference value :  6.82817e-07
 Reference value :  6.84462e-07
 Reference value :  6.87670e-07
 Reference value :  6.89716e-07
 Reference value :  6.93706e-07
 Reference value :  6.95110e-07
 Reference value :  6.97745e-07
 Reference value :  7.00299e-07
 Reference value :  7.02904e-07
 Reference value :  7.06078e-07
 Reference value :  7.08736e-07
 Reference value :  7.11324e-07
 Reference value :  7.12571e-07
 Reference value :  7.13989e-07
 Reference value :  7.16055e-07
 Reference value :  7.17131e-07
 Reference value :  7.18408e-07
 Reference value :  7.19440e-07
 Reference value :  7.21313e-07
 Reference value :  7.22409e-07
 Reference value :  7.22806e-07
 Reference value :  7.24261e-07
 Reference value :  7.27296e-07
 Reference value :  7.28719e-07
 Reference value :  7.29668e-07
 Reference value :  7.30896e-07
 Reference value :  7.33355e-07
 Reference value :  7.33644e-07
 Reference value :  7.34998e-07
 Reference value :  7.37573e-07
 Reference value :  7.39193e-07
 Reference value :  7.40936e-07
 Reference value :  7.44447e-07
 Reference value :  7.46592e-07
 Reference value :  7.50228e-07
 Reference value :  7.52111e-07
 Reference value :  7.54855e-07
 Reference value :  7.55883e-07
 Reference value :  7.57120e-07
 Reference value :  7.57643e-07
 Reference value :  7.58797e-07
 Reference value :  7.61105e-07
 Reference value :  7.61771e-07
 Reference value :  7.62807e-07
 Reference value :  7.63674e-07
 Reference value :  7.64314e-07
 Reference value :  7.66468e-07
 Reference value :  7.68041e-07
 Reference value :  7.69559e-07
 Reference value :  7.72193e-07
 Reference value :  7.74394e-07
 Reference value :  7.77382e-07
 Reference value :  7.79233e-07
 Reference value :  7.82745e-07
 Reference value :  7.84670e-07
 Reference value :  7.87795e-07
 Reference value :  7.89997e-07
 Reference value :  7.93685e-07
 Reference value :  7.95475e-07
 Reference value :  7.99327e-07
 Reference value :  8.01100e-07
 Reference value :  8.04380e-07
 Reference value :  8.05737e-07
 Reference value :  8.10329e-07
 Reference value :  8.11235e-07
 Reference value :  8.15941e-07
 Reference value :  8.17219e-07
 Reference value :  8.21509e-07
 Reference value :  8.23448e-07
 Reference value :  8.27181e-07
 Reference value :  8.28659e-07
 Reference value :  8.32467e-07
 Reference value :  8.34617e-07
 Reference value :  8.38240e-07
 Reference value :  8.39661e-07
 Reference value :  8.41598e-07
 Reference value :  8.43177e-07
 Reference value :  8.44613e-07
 Reference value :  8.46737e-07
 Reference value :  8.49387e-07
 Reference value :  8.51801e-07
 Reference value :  8.54613e-07
 Reference value :  8.57175e-07
 Reference value :  8.60330e-07
 Reference value :  8.62649e-07
 Reference value :  8.65326e-07
 Reference value :  8.68746e-07
 Reference value :  8.71227e-07
 Reference value :  8.74288e-07
 Reference value :  8.76668e-07
 Reference value :  8.80439e-07
 Reference value :  8.82455e-07
 Reference value :  8.85986e-07
 Reference value :  8.87836e-07
 Reference value :  8.92125e-07
 Reference value :  8.93777e-07
 Reference value :  8.97631e-07
 Reference value :  8.99183e-07
 Reference value :  9.03524e-07
No. of Data Rows : 20210

  Measurements for Transient Analysis

jsettle             =  7.74911e-08
jstepon             =  4.90777e-07
jfrip               =  4.83926e+06

ngspice-46 done

