
Note: No compatibility mode selected!


Circuit: * vco-supply-pushing-jitter @ jit_ff_125c_3.30v_band7_r16_f100 -- generated by sim/harness, do not edit

Doing analysis at TEMP = 125.000000 and TNOM = 27.000000

Using SPARSE 1.3 as Direct Linear Solver

Initial Transient Solution
--------------------------

Node                                   Voltage
----                                   -------
vctl                                       1.8
nq                                         3.3
qa                                         3.3
qb                                         3.3
qc                                         3.3
xq.xbias.na                           0.853679
xq.xbias.vbpc                          2.47614
xq.xbias.nc                           0.165656
xq.xbias.xrcg.11                      0.165394
xq.xbias.xrcg.21                   0.000261566
xq.xbias.nsu                         0.0120166
xq.xbias.vfix                          1.37802
xq.xbias.nmd                          0.593845
xq.xbias.vbp0                          2.62903
xq.xbias.noff                         0.633277
xq.xbias.xroff.11                     0.633102
xq.xbias.xroff.21                  0.000174804
xq.xbias.nvi                          0.938942
xq.xbias.xrdeg.11                     0.938683
xq.xbias.xrdeg.21                  0.000259177
xq.xbias.b0b                       4.39397e-07
xq.xbias.b1b                       4.39397e-07
xq.xbias.b2b                       4.39397e-07
xq.xbias.vbn1                         0.599353
xq.xbias.ga                            2.62903
xq.xbias.vbp2                          2.49094
xq.xbias.gb                           0.599353
xq.vbn                                 0.94714
xq.xbias.gc                            2.49094
xq.vbp                                 2.19206
xq.xs1.nh                              1.41082
xq.y1                                        0
xq.y5                                        0
xq.xs1.nt                         -1.70158e-17
xq.xs2.nh                                  3.3
xq.y2                                      3.3
xq.xs2.nt                          1.03378e-05
xq.xs3.nh                                  3.3
xq.y3                                        0
xq.xs3.nt                          6.58171e-19
xq.xs4.nh                                  3.3
xq.y4                                      3.3
xq.xs4.nt                          1.03378e-05
xq.xs5.nh                                  3.3
xq.xs5.nt                          6.58171e-19
xq.nb1                                     3.3
xq.nb2                             4.76571e-07
clkq                                       3.3
xq.xcdec1.c_moscap_int1                   -3.3
xq.xcdec2.c_moscap_int1                   -3.3
nsd                                        3.3
nst                                        3.3
sa                                         3.3
sb                                         3.3
sc                                         3.3
xs.xbias.na                           0.853679
xs.xbias.vbpc                          2.47614
xs.xbias.nc                           0.165656
xs.xbias.xrcg.11                      0.165394
xs.xbias.xrcg.21                   0.000261566
xs.xbias.nsu                         0.0120166
xs.xbias.vfix                          1.37802
xs.xbias.nmd                          0.593845
xs.xbias.vbp0                          2.62903
xs.xbias.noff                         0.633277
xs.xbias.xroff.11                     0.633102
xs.xbias.xroff.21                  0.000174804
xs.xbias.nvi                          0.938942
xs.xbias.xrdeg.11                     0.938683
xs.xbias.xrdeg.21                  0.000259177
xs.xbias.b0b                       4.39397e-07
xs.xbias.b1b                       4.39397e-07
xs.xbias.b2b                       4.39397e-07
xs.xbias.vbn1                         0.599353
xs.xbias.ga                            2.62903
xs.xbias.vbp2                          2.49094
xs.xbias.gb                           0.599353
xs.vbn                                 0.94714
xs.xbias.gc                            2.49094
xs.vbp                                 2.19206
xs.xs1.nh                              1.41082
xs.y1                                        0
xs.y5                                        0
xs.xs1.nt                          -1.7016e-17
xs.xs2.nh                                  3.3
xs.y2                                      3.3
xs.xs2.nt                          1.03378e-05
xs.xs3.nh                                  3.3
xs.y3                                        0
xs.xs3.nt                          6.58171e-19
xs.xs4.nh                                  3.3
xs.y4                                      3.3
xs.xs4.nt                          1.03378e-05
xs.xs5.nh                                  3.3
xs.xs5.nt                          6.58171e-19
xs.nb1                                     3.3
xs.nb2                             4.76571e-07
clks                                       3.3
xs.xcdec1.c_moscap_int1                   -3.3
xs.xcdec2.c_moscap_int1                   -3.3
nrd                                        3.3
nrp                                        3.3
ra                                         3.3
rb                                         3.3
rc                                         3.3
xr.xbias.na                           0.853679
xr.xbias.vbpc                          2.47614
xr.xbias.nc                           0.165656
xr.xbias.xrcg.11                      0.165394
xr.xbias.xrcg.21                   0.000261566
xr.xbias.nsu                         0.0120166
xr.xbias.vfix                          1.37802
xr.xbias.nmd                          0.593845
xr.xbias.vbp0                          2.62903
xr.xbias.noff                         0.633277
xr.xbias.xroff.11                     0.633102
xr.xbias.xroff.21                  0.000174804
xr.xbias.nvi                          0.938942
xr.xbias.xrdeg.11                     0.938683
xr.xbias.xrdeg.21                  0.000259177
xr.xbias.b0b                       4.39397e-07
xr.xbias.b1b                       4.39397e-07
xr.xbias.b2b                       4.39397e-07
xr.xbias.vbn1                         0.599353
xr.xbias.ga                            2.62903
xr.xbias.vbp2                          2.49094
xr.xbias.gb                           0.599353
xr.vbn                                 0.94714
xr.xbias.gc                            2.49094
xr.vbp                                 2.19206
xr.xs1.nh                              1.41082
xr.y1                                        0
xr.y5                                        0
xr.xs1.nt                         -1.70164e-17
xr.xs2.nh                                  3.3
xr.y2                                      3.3
xr.xs2.nt                          1.03378e-05
xr.xs3.nh                                  3.3
xr.y3                                        0
xr.xs3.nt                          6.58171e-19
xr.xs4.nh                                  3.3
xr.y4                                      3.3
xr.xs4.nt                          1.03378e-05
xr.xs5.nh                                  3.3
xr.xs5.nt                          6.58171e-19
xr.nb1                                     3.3
xr.nb2                             4.76571e-07
clkr                                       3.3
xr.xcdec1.c_moscap_int1                   -3.3
xr.xcdec2.c_moscap_int1                   -3.3
e.xr.xcdec2.ec_moscap#branch                 0
e.xr.xcdec1.ec_moscap#branch                 0
e.xs.xcdec2.ec_moscap#branch                 0
e.xs.xcdec1.ec_moscap#branch                 0
e.xq.xcdec2.ec_moscap#branch                 0
e.xq.xcdec1.ec_moscap#branch                 0
erc#branch                                   0
erb#branch                                   0
era#branch                                   0
esc#branch                                   0
esb#branch                                   0
esa#branch                                   0
eqc#branch                                   0
eqb#branch                                   0
eqa#branch                                   0
vrp#branch                        -0.000349247
vrd#branch                        -0.000349247
vst#branch                        -0.000349247
vsd#branch                        -0.000349247
vq#branch                         -0.000349247
vc#branch                                    0

 Reference value :  5.64358e-10
 Reference value :  1.93545e-09
 Reference value :  3.13541e-09
 Reference value :  4.35957e-09
 Reference value :  5.58908e-09
 Reference value :  6.81093e-09
 Reference value :  7.88591e-09
 Reference value :  9.12771e-09
 Reference value :  1.02735e-08
 Reference value :  1.12961e-08
 Reference value :  1.25492e-08
 Reference value :  1.35821e-08
 Reference value :  1.46065e-08
 Reference value :  1.59716e-08
 Reference value :  1.70455e-08
 Reference value :  1.81845e-08
 Reference value :  1.96128e-08
 Reference value :  2.07937e-08
 Reference value :  2.18792e-08
 Reference value :  2.32355e-08
 Reference value :  2.42472e-08
 Reference value :  2.54055e-08
 Reference value :  2.66469e-08
 Reference value :  2.76814e-08
 Reference value :  2.88758e-08
 Reference value :  2.97086e-08
 Reference value :  3.07027e-08
 Reference value :  3.18234e-08
 Reference value :  3.28803e-08
 Reference value :  3.41306e-08
 Reference value :  3.51993e-08
 Reference value :  3.57743e-08
 Reference value :  3.64035e-08
 Reference value :  3.76796e-08
 Reference value :  3.86190e-08
 Reference value :  3.97961e-08
 Reference value :  4.09429e-08
 Reference value :  4.19302e-08
 Reference value :  4.31082e-08
 Reference value :  4.42676e-08
 Reference value :  4.51857e-08
 Reference value :  4.64830e-08
 Reference value :  4.74944e-08
 Reference value :  4.85756e-08
 Reference value :  4.98301e-08
 Reference value :  5.08863e-08
 Reference value :  5.20375e-08
 Reference value :  5.32334e-08
 Reference value :  5.43683e-08
 Reference value :  5.49138e-08
 Reference value :  5.54445e-08
 Reference value :  5.58204e-08
 Reference value :  5.64985e-08
 Reference value :  5.71325e-08
 Reference value :  5.74636e-08
 Reference value :  5.80533e-08
 Reference value :  5.87462e-08
 Reference value :  5.90866e-08
 Reference value :  5.97240e-08
 Reference value :  6.04169e-08
 Reference value :  6.09716e-08
 Reference value :  6.15891e-08
 Reference value :  6.23557e-08
 Reference value :  6.27880e-08
 Reference value :  6.38495e-08
 Reference value :  6.49550e-08
 Reference value :  6.62286e-08
 Reference value :  6.74633e-08
 Reference value :  6.85576e-08
 Reference value :  6.97984e-08
 Reference value :  7.08083e-08
 Reference value :  7.18484e-08
 Reference value :  7.32047e-08
 Reference value :  7.40756e-08
 Reference value :  7.52721e-08
 Reference value :  7.64638e-08
 Reference value :  7.74454e-08
 Reference value :  7.87259e-08
 Reference value :  7.97671e-08
 Reference value :  8.08279e-08
 Reference value :  8.19327e-08
 Reference value :  8.27555e-08
 Reference value :  8.40087e-08
 Reference value :  8.50238e-08
 Reference value :  8.61260e-08
 Reference value :  8.73065e-08
 Reference value :  8.82869e-08
 Reference value :  8.93337e-08
 Reference value :  9.01703e-08
 Reference value :  9.12736e-08
 Reference value :  9.24080e-08
 Reference value :  9.34508e-08
 Reference value :  9.47386e-08
 Reference value :  9.57805e-08
 Reference value :  9.67777e-08
 Reference value :  9.80865e-08
 Reference value :  9.91194e-08
 Reference value :  1.00211e-07
 Reference value :  1.01488e-07
 Reference value :  1.02566e-07
 Reference value :  1.03806e-07
 Reference value :  1.05118e-07
 Reference value :  1.06112e-07
 Reference value :  1.07283e-07
 Reference value :  1.08553e-07
 Reference value :  1.09619e-07
 Reference value :  1.10842e-07
 Reference value :  1.12112e-07
 Reference value :  1.13230e-07
 Reference value :  1.14408e-07
 Reference value :  1.15542e-07
 Reference value :  1.16410e-07
 Reference value :  1.17560e-07
 Reference value :  1.18414e-07
 Reference value :  1.19558e-07
 Reference value :  1.20515e-07
 Reference value :  1.21546e-07
 Reference value :  1.22621e-07
 Reference value :  1.23560e-07
 Reference value :  1.24815e-07
 Reference value :  1.25700e-07
 Reference value :  1.26763e-07
 Reference value :  1.27643e-07
 Reference value :  1.28699e-07
 Reference value :  1.29824e-07
 Reference value :  1.30791e-07
 Reference value :  1.32019e-07
 Reference value :  1.32875e-07
 Reference value :  1.33947e-07
 Reference value :  1.34863e-07
 Reference value :  1.36025e-07
 Reference value :  1.37030e-07
 Reference value :  1.38000e-07
 Reference value :  1.39180e-07
 Reference value :  1.40036e-07
 Reference value :  1.41204e-07
 Reference value :  1.42189e-07
 Reference value :  1.43199e-07
 Reference value :  1.44343e-07
 Reference value :  1.45290e-07
 Reference value :  1.46453e-07
 Reference value :  1.47224e-07
 Reference value :  1.48300e-07
 Reference value :  1.49374e-07
 Reference value :  1.50500e-07
 Reference value :  1.51689e-07
 Reference value :  1.52452e-07
 Reference value :  1.53600e-07
 Reference value :  1.54632e-07
 Reference value :  1.55621e-07
 Reference value :  1.56752e-07
 Reference value :  1.57342e-07
 Reference value :  1.58344e-07
 Reference value :  1.59349e-07
 Reference value :  1.60481e-07
 Reference value :  1.61562e-07
 Reference value :  1.62550e-07
 Reference value :  1.63751e-07
 Reference value :  1.64630e-07
 Reference value :  1.65825e-07
 Reference value :  1.66790e-07
 Reference value :  1.67899e-07
 Reference value :  1.68986e-07
 Reference value :  1.69882e-07
 Reference value :  1.71047e-07
 Reference value :  1.71906e-07
 Reference value :  1.73181e-07
 Reference value :  1.74075e-07
 Reference value :  1.75152e-07
 Reference value :  1.76314e-07
 Reference value :  1.77189e-07
 Reference value :  1.78442e-07
 Reference value :  1.79302e-07
 Reference value :  1.80435e-07
 Reference value :  1.81462e-07
 Reference value :  1.82478e-07
 Reference value :  1.83581e-07
 Reference value :  1.84404e-07
 Reference value :  1.85695e-07
 Reference value :  1.86580e-07
 Reference value :  1.87521e-07
 Reference value :  1.88055e-07
 Reference value :  1.88623e-07
 Reference value :  1.88918e-07
 Reference value :  1.88962e-07
 Reference value :  1.89006e-07
 Reference value :  1.89036e-07
 Reference value :  1.89065e-07
 Reference value :  1.89095e-07
 Reference value :  1.89139e-07
 Reference value :  1.89183e-07
 Reference value :  1.89227e-07
 Reference value :  1.89596e-07
 Reference value :  1.90108e-07
 Reference value :  1.90683e-07
 Reference value :  1.90904e-07
 Reference value :  1.91099e-07
 Reference value :  1.91644e-07
 Reference value :  1.92125e-07
 Reference value :  1.92774e-07
 Reference value :  1.93086e-07
 Reference value :  1.93145e-07
 Reference value :  1.93623e-07
 Reference value :  1.94310e-07
 Reference value :  1.94651e-07
 Reference value :  1.94676e-07
 Reference value :  1.95283e-07
 Reference value :  1.95873e-07
 Reference value :  1.96663e-07
 Reference value :  1.97397e-07
 Reference value :  1.98454e-07
 Reference value :  1.99465e-07
 Reference value :  2.00588e-07
 Reference value :  2.01545e-07
 Reference value :  2.02583e-07
 Reference value :  2.03553e-07
 Reference value :  2.04764e-07
 Reference value :  2.05616e-07
 Reference value :  2.06323e-07
No. of Data Rows : 15080

  Measurements for Transient Analysis

jsettle             =  1.76915e-08
jstepon             =  1.12046e-07
jfrip               =  2.11966e+07

ngspice-46 done

