
Note: No compatibility mode selected!


Circuit: * vco-supply-pushing-jitter @ jit_typical_27c_3.30v_band7_r16_f100 -- generated by sim/harness, do not edit

Doing analysis at TEMP = 27.000000 and TNOM = 27.000000

Using SPARSE 1.3 as Direct Linear Solver

Initial Transient Solution
--------------------------

Node                                   Voltage
----                                   -------
vctl                                       1.8
nq                                         3.3
qa                                         3.3
qb                                         3.3
qc                                         3.3
xq.xbias.na                           0.940667
xq.xbias.vbpc                          2.33139
xq.xbias.nc                           0.120618
xq.xbias.xrcg.11                      0.120389
xq.xbias.xrcg.21                   0.000228576
xq.xbias.nsu                         0.0130128
xq.xbias.vfix                          1.75603
xq.xbias.nmd                          0.755526
xq.xbias.vbp0                          2.42012
xq.xbias.noff                         0.765497
xq.xbias.xroff.11                     0.765243
xq.xbias.xroff.21                   0.00025373
xq.xbias.nvi                          0.797592
xq.xbias.xrdeg.11                     0.797328
xq.xbias.xrdeg.21                  0.000264368
xq.xbias.b0b                        5.4347e-09
xq.xbias.b1b                        5.4347e-09
xq.xbias.b2b                        5.4347e-09
xq.xbias.vbn1                         0.774493
xq.xbias.ga                            2.42012
xq.xbias.vbp2                          2.30906
xq.xbias.gb                           0.774493
xq.vbn                                 1.05771
xq.xbias.gc                            2.30906
xq.vbp                                 2.05902
xq.xs1.nh                              1.55475
xq.y1                                        0
xq.y5                                        0
xq.xs1.nt                         -3.14123e-27
xq.xs2.nh                                  3.3
xq.y2                                      3.3
xq.xs2.nt                           3.3813e-09
xq.xs3.nh                                  3.3
xq.y3                                        0
xq.xs3.nt                           3.3891e-47
xq.xs4.nh                                  3.3
xq.y4                                      3.3
xq.xs4.nt                           3.3813e-09
xq.xs5.nh                                  3.3
xq.xs5.nt                           3.3891e-47
xq.nb1                                     3.3
xq.nb2                             3.75871e-09
clkq                                       3.3
xq.xcdec1.c_moscap_int1                   -3.3
xq.xcdec2.c_moscap_int1                   -3.3
nsd                                        3.3
nst                                        3.3
sa                                         3.3
sb                                         3.3
sc                                         3.3
xs.xbias.na                           0.940667
xs.xbias.vbpc                          2.33139
xs.xbias.nc                           0.120618
xs.xbias.xrcg.11                      0.120389
xs.xbias.xrcg.21                   0.000228576
xs.xbias.nsu                         0.0130128
xs.xbias.vfix                          1.75603
xs.xbias.nmd                          0.755526
xs.xbias.vbp0                          2.42012
xs.xbias.noff                         0.765497
xs.xbias.xroff.11                     0.765243
xs.xbias.xroff.21                   0.00025373
xs.xbias.nvi                          0.797592
xs.xbias.xrdeg.11                     0.797328
xs.xbias.xrdeg.21                  0.000264368
xs.xbias.b0b                        5.4347e-09
xs.xbias.b1b                        5.4347e-09
xs.xbias.b2b                        5.4347e-09
xs.xbias.vbn1                         0.774493
xs.xbias.ga                            2.42012
xs.xbias.vbp2                          2.30906
xs.xbias.gb                           0.774493
xs.vbn                                 1.05771
xs.xbias.gc                            2.30906
xs.vbp                                 2.05902
xs.xs1.nh                              1.55475
xs.y1                                        0
xs.y5                                        0
xs.xs1.nt                         -4.92785e-27
xs.xs2.nh                                  3.3
xs.y2                                      3.3
xs.xs2.nt                           3.3813e-09
xs.xs3.nh                                  3.3
xs.y3                                        0
xs.xs3.nt                          3.61868e-47
xs.xs4.nh                                  3.3
xs.y4                                      3.3
xs.xs4.nt                           3.3813e-09
xs.xs5.nh                                  3.3
xs.xs5.nt                          3.61868e-47
xs.nb1                                     3.3
xs.nb2                             3.75871e-09
clks                                       3.3
xs.xcdec1.c_moscap_int1                   -3.3
xs.xcdec2.c_moscap_int1                   -3.3
nrd                                        3.3
nrp                                        3.3
ra                                         3.3
rb                                         3.3
rc                                         3.3
xr.xbias.na                           0.940667
xr.xbias.vbpc                          2.33139
xr.xbias.nc                           0.120618
xr.xbias.xrcg.11                      0.120389
xr.xbias.xrcg.21                   0.000228576
xr.xbias.nsu                         0.0130128
xr.xbias.vfix                          1.75603
xr.xbias.nmd                          0.755526
xr.xbias.vbp0                          2.42012
xr.xbias.noff                         0.765497
xr.xbias.xroff.11                     0.765243
xr.xbias.xroff.21                   0.00025373
xr.xbias.nvi                          0.797592
xr.xbias.xrdeg.11                     0.797328
xr.xbias.xrdeg.21                  0.000264368
xr.xbias.b0b                        5.4347e-09
xr.xbias.b1b                        5.4347e-09
xr.xbias.b2b                        5.4347e-09
xr.xbias.vbn1                         0.774493
xr.xbias.ga                            2.42012
xr.xbias.vbp2                          2.30906
xr.xbias.gb                           0.774493
xr.vbn                                 1.05771
xr.xbias.gc                            2.30906
xr.vbp                                 2.05902
xr.xs1.nh                              1.55475
xr.y1                                        0
xr.y5                                        0
xr.xs1.nt                         -4.30834e-27
xr.xs2.nh                                  3.3
xr.y2                                      3.3
xr.xs2.nt                           3.3813e-09
xr.xs3.nh                                  3.3
xr.y3                                        0
xr.xs3.nt                          -3.0808e-32
xr.xs4.nh                                  3.3
xr.y4                                      3.3
xr.xs4.nt                           3.3813e-09
xr.xs5.nh                                  3.3
xr.xs5.nt                          -3.0808e-32
xr.nb1                                     3.3
xr.nb2                             3.75871e-09
clkr                                       3.3
xr.xcdec1.c_moscap_int1                   -3.3
xr.xcdec2.c_moscap_int1                   -3.3
e.xr.xcdec2.ec_moscap#branch                 0
e.xr.xcdec1.ec_moscap#branch                 0
e.xs.xcdec2.ec_moscap#branch                 0
e.xs.xcdec1.ec_moscap#branch                 0
e.xq.xcdec2.ec_moscap#branch                 0
e.xq.xcdec1.ec_moscap#branch                 0
erc#branch                                   0
erb#branch                                   0
era#branch                                   0
esc#branch                                   0
esb#branch                                   0
esa#branch                                   0
eqc#branch                                   0
eqb#branch                                   0
eqa#branch                                   0
vrp#branch                        -0.000290115
vrd#branch                        -0.000290115
vst#branch                        -0.000290115
vsd#branch                        -0.000290115
vq#branch                         -0.000290115
vc#branch                                    0

 Reference value :  3.98058e-13
 Reference value :  7.02174e-10
 Reference value :  2.19982e-09
 Reference value :  3.89461e-09
 Reference value :  5.24004e-09
 Reference value :  6.55467e-09
 Reference value :  7.96885e-09
 Reference value :  9.48272e-09
 Reference value :  1.07009e-08
 Reference value :  1.18181e-08
 Reference value :  1.34514e-08
 Reference value :  1.46401e-08
 Reference value :  1.57350e-08
 Reference value :  1.73619e-08
 Reference value :  1.86289e-08
 Reference value :  1.98585e-08
 Reference value :  2.12792e-08
 Reference value :  2.29373e-08
 Reference value :  2.42602e-08
 Reference value :  2.55272e-08
 Reference value :  2.70670e-08
 Reference value :  2.84410e-08
 Reference value :  2.95888e-08
 Reference value :  3.10075e-08
 Reference value :  3.21548e-08
 Reference value :  3.33322e-08
 Reference value :  3.47544e-08
 Reference value :  3.61601e-08
 Reference value :  3.73539e-08
 Reference value :  3.85824e-08
 Reference value :  3.99569e-08
 Reference value :  4.11039e-08
 Reference value :  4.23897e-08
 Reference value :  4.37702e-08
 Reference value :  4.49468e-08
 Reference value :  4.63431e-08
 Reference value :  4.78152e-08
 Reference value :  4.89886e-08
 Reference value :  5.03789e-08
 Reference value :  5.17865e-08
 Reference value :  5.29464e-08
 Reference value :  5.42719e-08
 Reference value :  5.56406e-08
 Reference value :  5.69563e-08
 Reference value :  5.80519e-08
 Reference value :  5.94777e-08
 Reference value :  6.08723e-08
 Reference value :  6.18847e-08
 Reference value :  6.32719e-08
 Reference value :  6.45532e-08
 Reference value :  6.55645e-08
 Reference value :  6.70989e-08
 Reference value :  6.84111e-08
 Reference value :  6.96914e-08
 Reference value :  7.10261e-08
 Reference value :  7.27742e-08
 Reference value :  7.41165e-08
 Reference value :  7.53744e-08
 Reference value :  7.66978e-08
 Reference value :  7.82496e-08
 Reference value :  7.94361e-08
 Reference value :  8.05244e-08
 Reference value :  8.21659e-08
 Reference value :  8.33739e-08
 Reference value :  8.45419e-08
 Reference value :  8.61753e-08
 Reference value :  8.77614e-08
 Reference value :  8.89586e-08
 Reference value :  9.01199e-08
 Reference value :  9.18396e-08
 Reference value :  9.30196e-08
 Reference value :  9.41735e-08
 Reference value :  9.57608e-08
 Reference value :  9.70313e-08
 Reference value :  9.81701e-08
 Reference value :  9.96237e-08
 Reference value :  1.01016e-07
 Reference value :  1.02158e-07
 Reference value :  1.03592e-07
 Reference value :  1.04992e-07
 Reference value :  1.06157e-07
 Reference value :  1.07448e-07
 Reference value :  1.08846e-07
 Reference value :  1.10079e-07
 Reference value :  1.11478e-07
 Reference value :  1.12867e-07
 Reference value :  1.14008e-07
 Reference value :  1.15385e-07
 Reference value :  1.16728e-07
 Reference value :  1.18037e-07
 Reference value :  1.19180e-07
 Reference value :  1.20580e-07
 Reference value :  1.22024e-07
 Reference value :  1.23104e-07
 Reference value :  1.24528e-07
 Reference value :  1.25938e-07
 Reference value :  1.27047e-07
 Reference value :  1.28363e-07
 Reference value :  1.29933e-07
 Reference value :  1.31085e-07
 Reference value :  1.32277e-07
 Reference value :  1.33928e-07
 Reference value :  1.35275e-07
 Reference value :  1.36667e-07
 Reference value :  1.37977e-07
 Reference value :  1.39570e-07
 Reference value :  1.40898e-07
 Reference value :  1.42114e-07
 Reference value :  1.43446e-07
 Reference value :  1.45033e-07
 Reference value :  1.46233e-07
 Reference value :  1.47485e-07
 Reference value :  1.49115e-07
 Reference value :  1.50517e-07
 Reference value :  1.51750e-07
 Reference value :  1.53041e-07
 Reference value :  1.54341e-07
 Reference value :  1.55231e-07
 Reference value :  1.56691e-07
 Reference value :  1.57745e-07
 Reference value :  1.58907e-07
 Reference value :  1.60330e-07
 Reference value :  1.61147e-07
 Reference value :  1.62504e-07
 Reference value :  1.63740e-07
 Reference value :  1.64896e-07
 Reference value :  1.66225e-07
 Reference value :  1.67252e-07
 Reference value :  1.68383e-07
 Reference value :  1.69808e-07
 Reference value :  1.70900e-07
 Reference value :  1.72223e-07
 Reference value :  1.73399e-07
 Reference value :  1.74523e-07
 Reference value :  1.75912e-07
 Reference value :  1.76777e-07
 Reference value :  1.78139e-07
 Reference value :  1.79315e-07
 Reference value :  1.80300e-07
 Reference value :  1.81650e-07
 Reference value :  1.82910e-07
 Reference value :  1.84059e-07
 Reference value :  1.85402e-07
 Reference value :  1.86300e-07
 Reference value :  1.87576e-07
 Reference value :  1.88689e-07
 Reference value :  1.89853e-07
 Reference value :  1.91202e-07
 Reference value :  1.92203e-07
 Reference value :  1.93241e-07
 Reference value :  1.94467e-07
 Reference value :  1.95498e-07
 Reference value :  1.96856e-07
 Reference value :  1.98052e-07
 Reference value :  1.99060e-07
 Reference value :  2.00512e-07
 Reference value :  2.01876e-07
 Reference value :  2.02810e-07
 Reference value :  2.04231e-07
 Reference value :  2.05395e-07
 Reference value :  2.06489e-07
 Reference value :  2.07972e-07
 Reference value :  2.08917e-07
 Reference value :  2.10253e-07
 Reference value :  2.11562e-07
 Reference value :  2.12734e-07
 Reference value :  2.14127e-07
 Reference value :  2.15524e-07
 Reference value :  2.16439e-07
 Reference value :  2.17948e-07
 Reference value :  2.19043e-07
 Reference value :  2.20166e-07
 Reference value :  2.21614e-07
 Reference value :  2.22420e-07
 Reference value :  2.23616e-07
 Reference value :  2.24536e-07
 Reference value :  2.25920e-07
 Reference value :  2.27151e-07
 Reference value :  2.28195e-07
 Reference value :  2.29469e-07
 Reference value :  2.30619e-07
 Reference value :  2.31771e-07
 Reference value :  2.33127e-07
 Reference value :  2.34125e-07
 Reference value :  2.35398e-07
 Reference value :  2.36533e-07
 Reference value :  2.37674e-07
 Reference value :  2.38893e-07
 Reference value :  2.40166e-07
 Reference value :  2.41262e-07
 Reference value :  2.42415e-07
 Reference value :  2.43574e-07
 Reference value :  2.44709e-07
 Reference value :  2.46085e-07
 Reference value :  2.47007e-07
 Reference value :  2.48312e-07
 Reference value :  2.49400e-07
 Reference value :  2.50507e-07
 Reference value :  2.51971e-07
 Reference value :  2.52784e-07
 Reference value :  2.54162e-07
 Reference value :  2.55511e-07
 Reference value :  2.56439e-07
 Reference value :  2.57968e-07
 Reference value :  2.59147e-07
 Reference value :  2.60091e-07
 Reference value :  2.61398e-07
 Reference value :  2.62389e-07
 Reference value :  2.63802e-07
 Reference value :  2.65186e-07
 Reference value :  2.66211e-07
 Reference value :  2.67575e-07
 Reference value :  2.68788e-07
 Reference value :  2.70004e-07
 Reference value :  2.71325e-07
 Reference value :  2.72364e-07
 Reference value :  2.73636e-07
 Reference value :  2.75044e-07
 Reference value :  2.76149e-07
 Reference value :  2.77262e-07
 Reference value :  2.78565e-07
No. of Data Rows : 16355

  Measurements for Transient Analysis

jsettle             =  2.38835e-08
jstepon             =  1.51262e-07
jfrip               =  1.57012e+07

ngspice-46 done

