
Note: No compatibility mode selected!


Circuit: * vco-supply-pushing-jitter @ jit_fs_125c_3.30v_band4_r16_f100 -- generated by sim/harness, do not edit

Doing analysis at TEMP = 125.000000 and TNOM = 27.000000

Using SPARSE 1.3 as Direct Linear Solver

Initial Transient Solution
--------------------------

Node                                   Voltage
----                                   -------
vctl                                       1.8
nq                                         3.3
qa                                           0
qb                                           0
qc                                         3.3
xq.xbias.na                           0.892592
xq.xbias.vbpc                          2.24214
xq.xbias.nc                           0.167749
xq.xbias.xrcg.11                      0.167484
xq.xbias.xrcg.21                   0.000264871
xq.xbias.nsu                        0.00869386
xq.xbias.vfix                          1.45728
xq.xbias.nmd                          0.626285
xq.xbias.vbp0                          2.40744
xq.xbias.noff                         0.663164
xq.xbias.xroff.11                     0.662981
xq.xbias.xroff.21                  0.000183053
xq.xbias.nvi                          0.910026
xq.xbias.xrdeg.11                     0.909775
xq.xbias.xrdeg.21                  0.000251195
xq.xbias.b0b                               3.3
xq.xbias.b1b                               3.3
xq.xbias.b2b                       1.26041e-08
xq.xbias.vbn1                         0.586543
xq.xbias.ga                                3.3
xq.xbias.vbp2                          2.43615
xq.xbias.gb                        6.79848e-08
xq.vbn                                0.709879
xq.xbias.gc                            2.43615
xq.vbp                                 2.26688
xq.xs1.nh                              1.38963
xq.y1                                        0
xq.y5                                        0
xq.xs1.nt                         -1.63691e-15
xq.xs2.nh                                  3.3
xq.y2                                      3.3
xq.xs2.nt                          1.40094e-05
xq.xs3.nh                                  3.3
xq.y3                                        0
xq.xs3.nt                          4.06895e-17
xq.xs4.nh                                  3.3
xq.y4                                      3.3
xq.xs4.nt                          1.40094e-05
xq.xs5.nh                                  3.3
xq.xs5.nt                          4.06895e-17
xq.nb1                                     3.3
xq.nb2                              1.1196e-08
clkq                                       3.3
xq.xcdec1.c_moscap_int1                   -3.3
xq.xcdec2.c_moscap_int1                   -3.3
nsd                                        3.3
nst                                        3.3
sa                                           0
sb                                           0
sc                                         3.3
xs.xbias.na                           0.892592
xs.xbias.vbpc                          2.24214
xs.xbias.nc                           0.167749
xs.xbias.xrcg.11                      0.167484
xs.xbias.xrcg.21                   0.000264871
xs.xbias.nsu                        0.00869386
xs.xbias.vfix                          1.45728
xs.xbias.nmd                          0.626285
xs.xbias.vbp0                          2.40744
xs.xbias.noff                         0.663164
xs.xbias.xroff.11                     0.662981
xs.xbias.xroff.21                  0.000183053
xs.xbias.nvi                          0.910026
xs.xbias.xrdeg.11                     0.909775
xs.xbias.xrdeg.21                  0.000251195
xs.xbias.b0b                               3.3
xs.xbias.b1b                               3.3
xs.xbias.b2b                       1.26041e-08
xs.xbias.vbn1                         0.586543
xs.xbias.ga                                3.3
xs.xbias.vbp2                          2.43615
xs.xbias.gb                        6.79848e-08
xs.vbn                                0.709879
xs.xbias.gc                            2.43615
xs.vbp                                 2.26688
xs.xs1.nh                              1.38963
xs.y1                                        0
xs.y5                                        0
xs.xs1.nt                         -1.65196e-15
xs.xs2.nh                                  3.3
xs.y2                                      3.3
xs.xs2.nt                          1.40094e-05
xs.xs3.nh                                  3.3
xs.y3                                        0
xs.xs3.nt                          4.06895e-17
xs.xs4.nh                                  3.3
xs.y4                                      3.3
xs.xs4.nt                          1.40094e-05
xs.xs5.nh                                  3.3
xs.xs5.nt                          4.06895e-17
xs.nb1                                     3.3
xs.nb2                              1.1196e-08
clks                                       3.3
xs.xcdec1.c_moscap_int1                   -3.3
xs.xcdec2.c_moscap_int1                   -3.3
nrd                                        3.3
nrp                                        3.3
ra                                           0
rb                                           0
rc                                         3.3
xr.xbias.na                           0.892592
xr.xbias.vbpc                          2.24214
xr.xbias.nc                           0.167749
xr.xbias.xrcg.11                      0.167484
xr.xbias.xrcg.21                   0.000264871
xr.xbias.nsu                        0.00869386
xr.xbias.vfix                          1.45728
xr.xbias.nmd                          0.626285
xr.xbias.vbp0                          2.40744
xr.xbias.noff                         0.663164
xr.xbias.xroff.11                     0.662981
xr.xbias.xroff.21                  0.000183053
xr.xbias.nvi                          0.910026
xr.xbias.xrdeg.11                     0.909775
xr.xbias.xrdeg.21                  0.000251195
xr.xbias.b0b                               3.3
xr.xbias.b1b                               3.3
xr.xbias.b2b                       1.26041e-08
xr.xbias.vbn1                         0.586543
xr.xbias.ga                                3.3
xr.xbias.vbp2                          2.43615
xr.xbias.gb                        6.79848e-08
xr.vbn                                0.709879
xr.xbias.gc                            2.43615
xr.vbp                                 2.26688
xr.xs1.nh                              1.38963
xr.y1                                        0
xr.y5                                        0
xr.xs1.nt                         -1.67421e-15
xr.xs2.nh                                  3.3
xr.y2                                      3.3
xr.xs2.nt                          1.40094e-05
xr.xs3.nh                                  3.3
xr.y3                                        0
xr.xs3.nt                          3.69452e-17
xr.xs4.nh                                  3.3
xr.y4                                      3.3
xr.xs4.nt                          1.40094e-05
xr.xs5.nh                                  3.3
xr.xs5.nt                          3.69452e-17
xr.nb1                                     3.3
xr.nb2                              1.1196e-08
clkr                                       3.3
xr.xcdec1.c_moscap_int1                   -3.3
xr.xcdec2.c_moscap_int1                   -3.3
e.xr.xcdec2.ec_moscap#branch                 0
e.xr.xcdec1.ec_moscap#branch                 0
e.xs.xcdec2.ec_moscap#branch                 0
e.xs.xcdec1.ec_moscap#branch                 0
e.xq.xcdec2.ec_moscap#branch                 0
e.xq.xcdec1.ec_moscap#branch                 0
erc#branch                                   0
erb#branch                                   0
era#branch                                   0
esc#branch                                   0
esb#branch                                   0
esa#branch                                   0
eqc#branch                                   0
eqb#branch                                   0
eqa#branch                                   0
vrp#branch                        -0.000118206
vrd#branch                        -0.000118206
vst#branch                        -0.000118206
vsd#branch                        -0.000118206
vq#branch                         -0.000118206
vc#branch                                    0

 Reference value :  2.33649e-09
 Reference value :  8.16445e-09
 Reference value :  1.16816e-08
 Reference value :  1.73771e-08
 Reference value :  2.04032e-08
 Reference value :  2.58656e-08
 Reference value :  2.61925e-08
 Reference value :  2.71488e-08
 Reference value :  2.96654e-08
 Reference value :  3.26456e-08
 Reference value :  3.51294e-08
 Reference value :  3.54881e-08
 Reference value :  3.80366e-08
 Reference value :  4.08843e-08
 Reference value :  4.26725e-08
 Reference value :  4.36338e-08
 Reference value :  4.63730e-08
 Reference value :  4.96843e-08
 Reference value :  5.29284e-08
 Reference value :  5.56119e-08
 Reference value :  6.10838e-08
 Reference value :  6.40171e-08
 Reference value :  6.97126e-08
 Reference value :  7.19467e-08
 Reference value :  7.75097e-08
 Reference value :  7.97255e-08
 Reference value :  8.54210e-08
 Reference value :  8.87577e-08
 Reference value :  9.36052e-08
 Reference value :  9.70980e-08
 Reference value :  1.01896e-07
 Reference value :  1.05788e-07
 Reference value :  1.09592e-07
 Reference value :  1.13827e-07
 Reference value :  1.17500e-07
 Reference value :  1.22136e-07
 Reference value :  1.23791e-07
 Reference value :  1.24578e-07
 Reference value :  1.26686e-07
 Reference value :  1.31229e-07
 Reference value :  1.34052e-07
 Reference value :  1.39748e-07
 Reference value :  1.42228e-07
 Reference value :  1.47556e-07
 Reference value :  1.50313e-07
 Reference value :  1.55463e-07
 Reference value :  1.59347e-07
 Reference value :  1.63176e-07
 Reference value :  1.66970e-07
 Reference value :  1.70984e-07
 Reference value :  1.75710e-07
 Reference value :  1.78565e-07
 Reference value :  1.83796e-07
 Reference value :  1.86311e-07
 Reference value :  1.91014e-07
 Reference value :  1.93568e-07
 Reference value :  1.97534e-07
 Reference value :  2.01396e-07
 Reference value :  2.04531e-07
 Reference value :  2.09564e-07
 Reference value :  2.12287e-07
 Reference value :  2.18049e-07
 Reference value :  2.21660e-07
 Reference value :  2.27422e-07
 Reference value :  2.30537e-07
 Reference value :  2.36137e-07
 Reference value :  2.39015e-07
 Reference value :  2.44644e-07
 Reference value :  2.47285e-07
 Reference value :  2.52914e-07
 Reference value :  2.55634e-07
 Reference value :  2.61329e-07
 Reference value :  2.64292e-07
 Reference value :  2.70186e-07
 Reference value :  2.74098e-07
 Reference value :  2.79661e-07
 Reference value :  2.82265e-07
 Reference value :  2.87894e-07
 Reference value :  2.90192e-07
 Reference value :  2.95954e-07
 Reference value :  2.99031e-07
 Reference value :  3.04107e-07
 Reference value :  3.07310e-07
 Reference value :  3.11572e-07
 Reference value :  3.15956e-07
 Reference value :  3.19496e-07
 Reference value :  3.24097e-07
 Reference value :  3.27037e-07
 Reference value :  3.32733e-07
 Reference value :  3.35117e-07
 Reference value :  3.40746e-07
 Reference value :  3.43137e-07
 Reference value :  3.48624e-07
 Reference value :  3.52387e-07
 Reference value :  3.56662e-07
 Reference value :  3.60519e-07
 Reference value :  3.64660e-07
 Reference value :  3.68643e-07
 Reference value :  3.72568e-07
 Reference value :  3.76776e-07
 Reference value :  3.80635e-07
 Reference value :  3.85987e-07
 Reference value :  3.88656e-07
 Reference value :  3.94092e-07
 Reference value :  3.96512e-07
 Reference value :  4.02141e-07
 Reference value :  4.04371e-07
 Reference value :  4.09907e-07
 Reference value :  4.12241e-07
 Reference value :  4.17647e-07
 Reference value :  4.21272e-07
 Reference value :  4.26008e-07
 Reference value :  4.29424e-07
 Reference value :  4.35104e-07
 Reference value :  4.38614e-07
 Reference value :  4.43338e-07
 Reference value :  4.46778e-07
 Reference value :  4.51574e-07
 Reference value :  4.55920e-07
 Reference value :  4.59751e-07
 Reference value :  4.64084e-07
 Reference value :  4.68049e-07
 Reference value :  4.73398e-07
 Reference value :  4.76526e-07
 Reference value :  4.81732e-07
 Reference value :  4.85630e-07
 Reference value :  4.91138e-07
 Reference value :  4.94507e-07
 Reference value :  4.99354e-07
 Reference value :  5.02756e-07
 Reference value :  5.08000e-07
 Reference value :  5.09282e-07
 Reference value :  5.14298e-07
 Reference value :  5.16915e-07
 Reference value :  5.20393e-07
 Reference value :  5.25606e-07
 Reference value :  5.27248e-07
 Reference value :  5.32148e-07
 Reference value :  5.34625e-07
 Reference value :  5.38445e-07
 Reference value :  5.43632e-07
 Reference value :  5.45614e-07
 Reference value :  5.51244e-07
 Reference value :  5.53291e-07
 Reference value :  5.57649e-07
 Reference value :  5.61360e-07
 Reference value :  5.63310e-07
 Reference value :  5.68807e-07
 Reference value :  5.70807e-07
 Reference value :  5.74947e-07
 Reference value :  5.78953e-07
 Reference value :  5.82144e-07
 Reference value :  5.86997e-07
 Reference value :  5.88731e-07
 Reference value :  5.93316e-07
 Reference value :  5.97038e-07
 Reference value :  5.99217e-07
 Reference value :  6.04463e-07
 Reference value :  6.06885e-07
 Reference value :  6.11008e-07
 Reference value :  6.14484e-07
 Reference value :  6.17171e-07
 Reference value :  6.22038e-07
 Reference value :  6.25075e-07
 Reference value :  6.28946e-07
 Reference value :  6.31632e-07
 Reference value :  6.35003e-07
 Reference value :  6.39579e-07
 Reference value :  6.43375e-07
 Reference value :  6.47711e-07
 Reference value :  6.50597e-07
 Reference value :  6.54541e-07
 Reference value :  6.57183e-07
 Reference value :  6.61657e-07
 Reference value :  6.66090e-07
 Reference value :  6.68815e-07
 Reference value :  6.72296e-07
 Reference value :  6.74847e-07
 Reference value :  6.79858e-07
 Reference value :  6.83731e-07
 Reference value :  6.86855e-07
 Reference value :  6.90710e-07
 Reference value :  6.93609e-07
 Reference value :  6.98158e-07
 Reference value :  7.01611e-07
 Reference value :  7.06854e-07
 Reference value :  7.09705e-07
 Reference value :  7.13377e-07
 Reference value :  7.17131e-07
 Reference value :  7.19605e-07
 Reference value :  7.25015e-07
 Reference value :  7.27342e-07
 Reference value :  7.31183e-07
 Reference value :  7.35035e-07
 Reference value :  7.37473e-07
 Reference value :  7.42195e-07
 Reference value :  7.44785e-07
 Reference value :  7.48329e-07
 Reference value :  7.52851e-07
 Reference value :  7.55382e-07
 Reference value :  7.59491e-07
 Reference value :  7.62592e-07
 Reference value :  7.65872e-07
 Reference value :  7.70975e-07
 Reference value :  7.73017e-07
 Reference value :  7.77462e-07
 Reference value :  7.80794e-07
 Reference value :  7.83654e-07
 Reference value :  7.88997e-07
 Reference value :  7.90556e-07
 Reference value :  7.95690e-07
 Reference value :  7.98568e-07
 Reference value :  8.01772e-07
 Reference value :  8.06684e-07
 Reference value :  8.08116e-07
 Reference value :  8.13745e-07
 Reference value :  8.15900e-07
 Reference value :  8.19757e-07
 Reference value :  8.24246e-07
 Reference value :  8.25886e-07
 Reference value :  8.31384e-07
 Reference value :  8.33516e-07
 Reference value :  8.37385e-07
 Reference value :  8.41778e-07
 Reference value :  8.44073e-07
 Reference value :  8.49408e-07
 Reference value :  8.53293e-07
 Reference value :  8.57189e-07
 Reference value :  8.59171e-07
 Reference value :  8.59844e-07
 Reference value :  8.61963e-07
 Reference value :  8.62246e-07
 Reference value :  8.64001e-07
 Reference value :  8.66385e-07
 Reference value :  8.67288e-07
 Reference value :  8.69827e-07
 Reference value :  8.72035e-07
 Reference value :  8.75027e-07
 Reference value :  8.76691e-07
 Reference value :  8.78586e-07
 Reference value :  8.80413e-07
 Reference value :  8.84519e-07
 Reference value :  8.87216e-07
 Reference value :  8.91140e-07
 Reference value :  8.94360e-07
 Reference value :  8.98689e-07
 Reference value :  9.02291e-07
 Reference value :  9.05718e-07
 Reference value :  9.09195e-07
 Reference value :  9.11822e-07
 Reference value :  9.16049e-07
 Reference value :  9.19653e-07
 Reference value :  9.22328e-07
 Reference value :  9.26730e-07
No. of Data Rows : 17459

  Measurements for Transient Analysis

jsettle             =  7.94723e-08
jstepon             =  5.03325e-07
jfrip               =  4.71862e+06

ngspice-46 done

