
Note: No compatibility mode selected!


Circuit: * vco-supply-pushing-jitter @ push_fs_27c_3.30v_band4_r16_f100 -- generated by sim/harness, do not edit

Doing analysis at TEMP = 27.000000 and TNOM = 27.000000

Using SPARSE 1.3 as Direct Linear Solver

Initial Transient Solution
--------------------------

Node                                   Voltage
----                                   -------
vctl                                       1.8
n1                                        2.97
m1                                        2.97
q1a                                          0
q1b                                          0
q1c                                       2.97
x1.xbias.na                            0.84819
x1.xbias.vbpc                          1.91248
x1.xbias.nc                           0.115509
x1.xbias.xrcg.11                       0.11529
x1.xbias.xrcg.21                   0.000218893
x1.xbias.nsu                        0.00858777
x1.xbias.vfix                          1.55639
x1.xbias.nmd                           0.67066
x1.xbias.vbp0                           1.9994
x1.xbias.noff                         0.683265
x1.xbias.xroff.11                     0.683039
x1.xbias.xroff.21                  0.000226473
x1.xbias.nvi                          0.861964
x1.xbias.xrdeg.11                     0.861678
x1.xbias.xrdeg.21                  0.000285704
x1.xbias.b0b                              2.97
x1.xbias.b1b                              2.97
x1.xbias.b2b                       4.70114e-09
x1.xbias.vbn1                          0.65655
x1.xbias.ga                               2.97
x1.xbias.vbp2                          2.02444
x1.xbias.gb                        1.17521e-10
x1.vbn                                0.756748
x1.xbias.gc                            2.02444
x1.vbp                                 1.89148
x1.xs1.nh                              1.38149
x1.y1                                        0
x1.y5                                        0
x1.xs1.nt                          3.64796e-75
x1.xs2.nh                                 2.97
x1.y2                                     2.97
x1.xs2.nt                          5.74939e-08
x1.xs3.nh                                 2.97
x1.y3                                        0
x1.xs3.nt                        -7.24258e-142
x1.xs4.nh                                 2.97
x1.y4                                     2.97
x1.xs4.nt                          5.74939e-08
x1.xs5.nh                                 2.97
x1.xs5.nt                        -7.24258e-142
x1.nb1                                    2.97
x1.nb2                             3.16349e-09
clk1                                      2.97
x1.xcdec1.c_moscap_int1                  -2.97
x1.xcdec2.c_moscap_int1                  -2.97
n2                                        3.08
m2                                        3.08
q2a                                          0
q2b                                          0
q2c                                       3.08
x2.xbias.na                           0.849122
x2.xbias.vbpc                          2.02191
x2.xbias.nc                           0.116106
x2.xbias.xrcg.11                      0.115886
x2.xbias.xrcg.21                   0.000220025
x2.xbias.nsu                        0.00947365
x2.xbias.vfix                          1.55749
x2.xbias.nmd                          0.671141
x2.xbias.vbp0                          2.10935
x2.xbias.noff                          0.68425
x2.xbias.xroff.11                     0.684023
x2.xbias.xroff.21                    0.0002268
x2.xbias.nvi                          0.862155
x2.xbias.xrdeg.11                     0.861869
x2.xbias.xrdeg.21                  0.000285767
x2.xbias.b0b                              3.08
x2.xbias.b1b                              3.08
x2.xbias.b2b                         4.808e-09
x2.xbias.vbn1                         0.656697
x2.xbias.ga                               3.08
x2.xbias.vbp2                          2.13398
x2.xbias.gb                        1.15214e-10
x2.vbn                                 0.75752
x2.xbias.gc                            2.13398
x2.vbp                                 1.99976
x2.xs1.nh                              1.39819
x2.y1                                        0
x2.y5                                        0
x2.xs1.nt                         -1.93481e-74
x2.xs2.nh                                 3.08
x2.y2                                     3.08
x2.xs2.nt                          6.29673e-08
x2.xs3.nh                                 3.08
x2.y3                                        0
x2.xs3.nt                        -6.22254e-142
x2.xs4.nh                                 3.08
x2.y4                                     3.08
x2.xs4.nt                          6.29673e-08
x2.xs5.nh                                 3.08
x2.xs5.nt                        -6.22254e-142
x2.nb1                                    3.08
x2.nb2                             3.25105e-09
clk2                                      3.08
x2.xcdec1.c_moscap_int1                  -3.08
x2.xcdec2.c_moscap_int1                  -3.08
n3                                        3.19
m3                                        3.19
q3a                                          0
q3b                                          0
q3c                                       3.19
x3.xbias.na                           0.850045
x3.xbias.vbpc                          2.13133
x3.xbias.nc                           0.116698
x3.xbias.xrcg.11                      0.116477
x3.xbias.xrcg.21                   0.000221148
x3.xbias.nsu                         0.0104027
x3.xbias.vfix                          1.55857
x3.xbias.nmd                          0.671615
x3.xbias.vbp0                          2.21929
x3.xbias.noff                          0.68522
x3.xbias.xroff.11                     0.684993
x3.xbias.xroff.21                  0.000227121
x3.xbias.nvi                          0.862343
x3.xbias.xrdeg.11                     0.862057
x3.xbias.xrdeg.21                   0.00028583
x3.xbias.b0b                              3.19
x3.xbias.b1b                              3.19
x3.xbias.b2b                       4.92729e-09
x3.xbias.vbn1                         0.656842
x3.xbias.ga                               3.19
x3.xbias.vbp2                          2.24353
x3.xbias.gb                         1.1315e-10
x3.vbn                                0.758292
x3.xbias.gc                            2.24353
x3.vbp                                 2.10805
x3.xs1.nh                              1.41447
x3.y1                                        0
x3.y5                                        0
x3.xs1.nt                         -4.66478e-60
x3.xs2.nh                                 3.19
x3.y2                                     3.19
x3.xs2.nt                          6.89778e-08
x3.xs3.nh                                 3.19
x3.y3                                        0
x3.xs3.nt                        -6.12165e-101
x3.xs4.nh                                 3.19
x3.y4                                     3.19
x3.xs4.nt                          6.89778e-08
x3.xs5.nh                                 3.19
x3.xs5.nt                        -6.12165e-101
x3.nb1                                    3.19
x3.nb2                             3.35308e-09
clk3                                      3.19
x3.xcdec1.c_moscap_int1                  -3.19
x3.xcdec2.c_moscap_int1                  -3.19
n4                                         3.3
m4                                         3.3
q4a                                          0
q4b                                          0
q4c                                        3.3
x4.xbias.na                            0.85097
x4.xbias.vbpc                          2.24075
x4.xbias.nc                           0.117291
x4.xbias.xrcg.11                      0.117069
x4.xbias.xrcg.21                   0.000222272
x4.xbias.nsu                         0.0113745
x4.xbias.vfix                          1.55964
x4.xbias.nmd                          0.672087
x4.xbias.vbp0                          2.32923
x4.xbias.noff                         0.686183
x4.xbias.xroff.11                     0.685956
x4.xbias.xroff.21                   0.00022744
x4.xbias.nvi                          0.862528
x4.xbias.xrdeg.11                     0.862242
x4.xbias.xrdeg.21                  0.000285891
x4.xbias.b0b                               3.3
x4.xbias.b1b                               3.3
x4.xbias.b2b                       5.06226e-09
x4.xbias.vbn1                         0.656985
x4.xbias.ga                                3.3
x4.xbias.vbp2                          2.35307
x4.xbias.gb                        1.11299e-10
x4.vbn                                0.759072
x4.xbias.gc                            2.35307
x4.vbp                                 2.21632
x4.xs1.nh                              1.43038
x4.y1                                        0
x4.y5                                        0
x4.xs1.nt                          7.61555e-61
x4.xs2.nh                                  3.3
x4.y2                                      3.3
x4.xs2.nt                          7.55925e-08
x4.xs3.nh                                  3.3
x4.y3                                        0
x4.xs3.nt                         5.59794e-101
x4.xs4.nh                                  3.3
x4.y4                                      3.3
x4.xs4.nt                          7.55925e-08
x4.xs5.nh                                  3.3
x4.xs5.nt                         5.59794e-101
x4.nb1                                     3.3
x4.nb2                             3.47382e-09
clk4                                       3.3
x4.xcdec1.c_moscap_int1                   -3.3
x4.xcdec2.c_moscap_int1                   -3.3
n5                                        3.41
m5                                        3.41
q5a                                          0
q5b                                          0
q5c                                       3.41
x5.xbias.na                           0.851911
x5.xbias.vbpc                          2.35016
x5.xbias.nc                           0.117892
x5.xbias.xrcg.11                      0.117669
x5.xbias.xrcg.21                    0.00022341
x5.xbias.nsu                         0.0123886
x5.xbias.vfix                          1.56072
x5.xbias.nmd                          0.672561
x5.xbias.vbp0                          2.43917
x5.xbias.noff                         0.687151
x5.xbias.xroff.11                     0.686923
x5.xbias.xroff.21                  0.000227761
x5.xbias.nvi                           0.86271
x5.xbias.xrdeg.11                     0.862424
x5.xbias.xrdeg.21                  0.000285951
x5.xbias.b0b                              3.41
x5.xbias.b1b                              3.41
x5.xbias.b2b                       5.21695e-09
x5.xbias.vbn1                         0.657129
x5.xbias.ga                               3.41
x5.xbias.vbp2                          2.46259
x5.xbias.gb                        1.09635e-10
x5.vbn                                0.759868
x5.xbias.gc                            2.46259
x5.vbp                                 2.32457
x5.xs1.nh                              1.44593
x5.y1                                        0
x5.y5                                        0
x5.xs1.nt                          6.36993e-18
x5.xs2.nh                                 3.41
x5.y2                                     3.41
x5.xs2.nt                          8.28908e-08
x5.xs3.nh                                 3.41
x5.y3                                        0
x5.xs3.nt                         -1.92977e-16
x5.xs4.nh                                 3.41
x5.y4                                     3.41
x5.xs4.nt                          8.28908e-08
x5.xs5.nh                                 3.41
x5.xs5.nt                         -1.92977e-16
x5.nb1                                    3.41
x5.nb2                             3.61851e-09
clk5                                      3.41
x5.xcdec1.c_moscap_int1                  -3.41
x5.xcdec2.c_moscap_int1                  -3.41
n6                                        3.52
m6                                        3.52
q6a                                          0
q6b                                          0
q6c                                       3.52
x6.xbias.na                           0.852883
x6.xbias.vbpc                          2.45954
x6.xbias.nc                           0.118509
x6.xbias.xrcg.11                      0.118284
x6.xbias.xrcg.21                   0.000224578
x6.xbias.nsu                          0.013444
x6.xbias.vfix                          1.56183
x6.xbias.nmd                          0.673048
x6.xbias.vbp0                          2.54911
x6.xbias.noff                         0.688136
x6.xbias.xroff.11                     0.687908
x6.xbias.xroff.21                  0.000228088
x6.xbias.nvi                          0.862891
x6.xbias.xrdeg.11                     0.862605
x6.xbias.xrdeg.21                  0.000286011
x6.xbias.b0b                              3.52
x6.xbias.b1b                              3.52
x6.xbias.b2b                       5.39622e-09
x6.xbias.vbn1                         0.657276
x6.xbias.ga                               3.52
x6.xbias.vbp2                           2.5721
x6.xbias.gb                        1.08137e-10
x6.vbn                                0.760692
x6.xbias.gc                             2.5721
x6.vbp                                 2.43277
x6.xs1.nh                              1.46116
x6.y1                                        0
x6.y5                                        0
x6.xs1.nt                          4.48586e-60
x6.xs2.nh                                 3.52
x6.y2                                     3.52
x6.xs2.nt                          9.09665e-08
x6.xs3.nh                                 3.52
x6.y3                                        0
x6.xs3.nt                         4.77684e-101
x6.xs4.nh                                 3.52
x6.y4                                     3.52
x6.xs4.nt                          9.09665e-08
x6.xs5.nh                                 3.52
x6.xs5.nt                         4.77684e-101
x6.nb1                                    3.52
x6.nb2                             3.79342e-09
clk6                                      3.52
x6.xcdec1.c_moscap_int1                  -3.52
x6.xcdec2.c_moscap_int1                  -3.52
n7                                        3.63
m7                                        3.63
q7a                                          0
q7b                                          0
q7c                                       3.63
x7.xbias.na                           0.853911
x7.xbias.vbpc                          2.56888
x7.xbias.nc                           0.119153
x7.xbias.xrcg.11                      0.118927
x7.xbias.xrcg.21                   0.000225799
x7.xbias.nsu                          0.014539
x7.xbias.vfix                          1.56299
x7.xbias.nmd                          0.673556
x7.xbias.vbp0                          2.65905
x7.xbias.noff                         0.689155
x7.xbias.xroff.11                     0.688927
x7.xbias.xroff.21                  0.000228426
x7.xbias.nvi                          0.863069
x7.xbias.xrdeg.11                     0.862783
x7.xbias.xrdeg.21                   0.00028607
x7.xbias.b0b                              3.63
x7.xbias.b1b                              3.63
x7.xbias.b2b                       5.60578e-09
x7.xbias.vbn1                         0.657429
x7.xbias.ga                               3.63
x7.xbias.vbp2                          2.68158
x7.xbias.gb                        1.06787e-10
x7.vbn                                 0.76156
x7.xbias.gc                            2.68158
x7.vbp                                 2.54089
x7.xs1.nh                              1.47611
x7.y1                                        0
x7.y5                                        0
x7.xs1.nt                          5.05034e-47
x7.xs2.nh                                 3.63
x7.y2                                     3.63
x7.xs2.nt                          9.99301e-08
x7.xs3.nh                                 3.63
x7.y3                                        0
x7.xs3.nt                         -1.07212e-59
x7.xs4.nh                                 3.63
x7.y4                                     3.63
x7.xs4.nt                          9.99301e-08
x7.xs5.nh                                 3.63
x7.xs5.nt                         -1.07212e-59
x7.nb1                                    3.63
x7.nb2                             4.00589e-09
clk7                                      3.63
x7.xcdec1.c_moscap_int1                  -3.63
x7.xcdec2.c_moscap_int1                  -3.63
e.x7.xcdec2.ec_moscap#branch                 0
e.x7.xcdec1.ec_moscap#branch                 0
e.x6.xcdec2.ec_moscap#branch                 0
e.x6.xcdec1.ec_moscap#branch                 0
e.x5.xcdec2.ec_moscap#branch                 0
e.x5.xcdec1.ec_moscap#branch                 0
e.x4.xcdec2.ec_moscap#branch                 0
e.x4.xcdec1.ec_moscap#branch                 0
e.x3.xcdec2.ec_moscap#branch                 0
e.x3.xcdec1.ec_moscap#branch                 0
e.x2.xcdec2.ec_moscap#branch                 0
e.x2.xcdec1.ec_moscap#branch                 0
e.x1.xcdec2.ec_moscap#branch                 0
e.x1.xcdec1.ec_moscap#branch                 0
vq7c#branch                                  0
vq7b#branch                                  0
vq7a#branch                                  0
vam7#branch                        9.80861e-05
v7#branch                         -9.80861e-05
vq6c#branch                                  0
vq6b#branch                                  0
vq6a#branch                                  0
vam6#branch                        9.70558e-05
v6#branch                         -9.70558e-05
vq5c#branch                                  0
vq5b#branch                                  0
vq5a#branch                                  0
vam5#branch                        9.60736e-05
v5#branch                         -9.60736e-05
vq4c#branch                                  0
vq4b#branch                                  0
vq4a#branch                                  0
vam4#branch                        9.51247e-05
v4#branch                         -9.51247e-05
vq3c#branch                                  0
vq3b#branch                                  0
vq3a#branch                                  0
vam3#branch                        9.41978e-05
v3#branch                         -9.41978e-05
vq2c#branch                                  0
vq2b#branch                                  0
vq2a#branch                                  0
vam2#branch                        9.32842e-05
v2#branch                         -9.32842e-05
vq1c#branch                                  0
vq1b#branch                                  0
vq1a#branch                                  0
vam1#branch                        9.23776e-05
v1#branch                         -9.23776e-05
vc#branch                                    0

 Reference value :  0.00000e+00
 Reference value :  4.65092e-09
 Reference value :  8.84645e-09
 Reference value :  1.00024e-08
 Reference value :  1.22409e-08
 Reference value :  1.71897e-08
 Reference value :  1.92220e-08
 Reference value :  2.08890e-08
 Reference value :  2.23243e-08
 Reference value :  2.52708e-08
 Reference value :  2.81843e-08
 Reference value :  3.07759e-08
 Reference value :  3.28325e-08
 Reference value :  3.60304e-08
 Reference value :  3.94266e-08
 Reference value :  4.18766e-08
 Reference value :  4.45140e-08
 Reference value :  4.70980e-08
 Reference value :  5.06597e-08
 Reference value :  5.34414e-08
 Reference value :  5.63166e-08
 Reference value :  5.92312e-08
 Reference value :  6.23040e-08
 Reference value :  6.52774e-08
 Reference value :  6.81631e-08
 Reference value :  7.13636e-08
 Reference value :  7.43448e-08
 Reference value :  7.70211e-08
 Reference value :  8.00391e-08
 Reference value :  8.36571e-08
 Reference value :  8.63885e-08
 Reference value :  8.88723e-08
 Reference value :  9.18255e-08
 Reference value :  9.44494e-08
 Reference value :  9.73176e-08
 Reference value :  1.00786e-07
 Reference value :  1.03280e-07
 Reference value :  1.07147e-07
 Reference value :  1.10725e-07
 Reference value :  1.12832e-07
 Reference value :  1.16885e-07
 Reference value :  1.20402e-07
 Reference value :  1.23344e-07
 Reference value :  1.26657e-07
 Reference value :  1.28906e-07
 Reference value :  1.32598e-07
 Reference value :  1.36118e-07
 Reference value :  1.39464e-07
 Reference value :  1.42488e-07
 Reference value :  1.45335e-07
 Reference value :  1.48742e-07
 Reference value :  1.51073e-07
 Reference value :  1.54683e-07
 Reference value :  1.58322e-07
 Reference value :  1.59938e-07
 Reference value :  1.64082e-07
 Reference value :  1.66092e-07
 Reference value :  1.68556e-07
 Reference value :  1.73030e-07
 Reference value :  1.76376e-07
 Reference value :  1.77657e-07
 Reference value :  1.81403e-07
 Reference value :  1.85140e-07
 Reference value :  1.87038e-07
 Reference value :  1.91321e-07
 Reference value :  1.94379e-07
 Reference value :  1.96323e-07
 Reference value :  2.01237e-07
 Reference value :  2.04797e-07
 Reference value :  2.07160e-07
 Reference value :  2.11657e-07
 Reference value :  2.14747e-07
 Reference value :  2.18201e-07
 Reference value :  2.21591e-07
No. of Data Rows : 1569

  Measurements for Transient Analysis

tp1                 =  6.68894e-08 targ=  1.51029e-07 trig=  8.41399e-08
tp2                 =  7.08280e-08 targ=  1.59802e-07 trig=  8.89743e-08
tp3                 =  7.45968e-08 targ=  1.68292e-07 trig=  9.36950e-08
tp4                 =  7.82129e-08 targ=  1.76460e-07 trig=  9.82467e-08
tp5                 =  8.18028e-08 targ=  1.63892e-07 trig=  8.20887e-08
tp6                 =  8.51729e-08 targ=  1.70565e-07 trig=  8.53917e-08
tp7                 =  8.82578e-08 targ=  1.76862e-07 trig=  8.86038e-08
f1                  =  5.98002e+07
f2                  =  5.64748e+07
f3                  =  5.36216e+07
f4                  =  5.11424e+07
f5                  =  4.88981e+07
f6                  =  4.69633e+07
f7                  =  4.53218e+07
i1                  =  1.25756e-04 from=  8.11678e-08 to=  2.23212e-07
i2                  =  1.27054e-04 from=  8.11678e-08 to=  2.23212e-07
i3                  =  1.29008e-04 from=  8.11678e-08 to=  2.23212e-07
i4                  =  1.31540e-04 from=  8.11678e-08 to=  2.23212e-07
i5                  =  1.35449e-04 from=  8.11678e-08 to=  2.23212e-07
i6                  =  1.39616e-04 from=  8.11678e-08 to=  2.23212e-07
i7                  =  1.39980e-04 from=  8.11678e-08 to=  2.23212e-07

ngspice-46 done

