
Note: No compatibility mode selected!


Circuit: * vco-supply-pushing-jitter @ push_typical_-40c_3.30v_band7_r16_f100 -- generated by sim/harness, do not edit

Doing analysis at TEMP = -40.000000 and TNOM = 27.000000

Using SPARSE 1.3 as Direct Linear Solver

Initial Transient Solution
--------------------------

Node                                   Voltage
----                                   -------
vctl                                       1.8
n1                                        2.97
m1                                        2.97
q1a                                       2.97
q1b                                       2.97
q1c                                       2.97
x1.xbias.na                           0.933682
x1.xbias.vbpc                          1.98626
x1.xbias.nc                          0.0932211
x1.xbias.xrcg.11                     0.0930183
x1.xbias.xrcg.21                     0.0002028
x1.xbias.nsu                         0.0122898
x1.xbias.vfix                           1.8472
x1.xbias.nmd                          0.796245
x1.xbias.vbp0                          2.03658
x1.xbias.noff                         0.796054
x1.xbias.xroff.11                     0.795751
x1.xbias.xroff.21                  0.000303044
x1.xbias.nvi                          0.761138
x1.xbias.xrdeg.11                     0.760848
x1.xbias.xrdeg.21                  0.000289752
x1.xbias.b0b                       4.10044e-09
x1.xbias.b1b                       4.10044e-09
x1.xbias.b2b                       4.10044e-09
x1.xbias.vbn1                         0.819078
x1.xbias.ga                            2.03658
x1.xbias.vbp2                          1.94842
x1.xbias.gb                           0.819078
x1.vbn                                 1.04576
x1.xbias.gc                            1.94842
x1.vbp                                 1.74514
x1.xs1.nh                              1.49508
x1.y1                                        0
x1.y5                                        0
x1.xs1.nt                                    0
x1.xs2.nh                                 2.97
x1.y2                                     2.97
x1.xs2.nt                          2.99923e-12
x1.xs3.nh                                 2.97
x1.y3                                        0
x1.xs3.nt                                    0
x1.xs4.nh                                 2.97
x1.y4                                     2.97
x1.xs4.nt                          2.99923e-12
x1.xs5.nh                                 2.97
x1.xs5.nt                                    0
x1.nb1                                    2.97
x1.nb2                              2.7532e-09
clk1                                      2.97
x1.xcdec1.c_moscap_int1                  -2.97
x1.xcdec2.c_moscap_int1                  -2.97
n2                                        3.08
m2                                        3.08
q2a                                       3.08
q2b                                       3.08
q2c                                       3.08
x2.xbias.na                           0.934409
x2.xbias.vbpc                          2.09582
x2.xbias.nc                          0.0937238
x2.xbias.xrcg.11                     0.0935199
x2.xbias.xrcg.21                   0.000203893
x2.xbias.nsu                         0.0135363
x2.xbias.vfix                          1.84816
x2.xbias.nmd                          0.796669
x2.xbias.vbp0                          2.14654
x2.xbias.noff                         0.796961
x2.xbias.xroff.11                     0.796658
x2.xbias.xroff.21                   0.00030339
x2.xbias.nvi                          0.761334
x2.xbias.xrdeg.11                     0.761044
x2.xbias.xrdeg.21                  0.000289827
x2.xbias.b0b                       4.20359e-09
x2.xbias.b1b                       4.20359e-09
x2.xbias.b2b                       4.20359e-09
x2.xbias.vbn1                         0.819231
x2.xbias.ga                            2.14654
x2.xbias.vbp2                          2.05775
x2.xbias.gb                           0.819231
x2.vbn                                 1.04711
x2.xbias.gc                            2.05775
x2.vbp                                  1.8526
x2.xs1.nh                              1.51236
x2.y1                                        0
x2.y5                                        0
x2.xs1.nt                                    0
x2.xs2.nh                                 3.08
x2.y2                                     3.08
x2.xs2.nt                          3.33051e-12
x2.xs3.nh                                 3.08
x2.y3                                        0
x2.xs3.nt                                    0
x2.xs4.nh                                 3.08
x2.y4                                     3.08
x2.xs4.nt                          3.33051e-12
x2.xs5.nh                                 3.08
x2.xs5.nt                                    0
x2.nb1                                    3.08
x2.nb2                             2.83948e-09
clk2                                      3.08
x2.xcdec1.c_moscap_int1                  -3.08
x2.xcdec2.c_moscap_int1                  -3.08
n3                                        3.19
m3                                        3.19
q3a                                       3.19
q3b                                       3.19
q3c                                       3.19
x3.xbias.na                           0.935135
x3.xbias.vbpc                          2.20538
x3.xbias.nc                          0.0942257
x3.xbias.xrcg.11                     0.0940207
x3.xbias.xrcg.21                   0.000204985
x3.xbias.nsu                         0.0148402
x3.xbias.vfix                          1.84911
x3.xbias.nmd                          0.797087
x3.xbias.vbp0                          2.25649
x3.xbias.noff                         0.797856
x3.xbias.xroff.11                     0.797553
x3.xbias.xroff.21                  0.000303731
x3.xbias.nvi                          0.761527
x3.xbias.xrdeg.11                     0.761237
x3.xbias.xrdeg.21                  0.000289901
x3.xbias.b0b                       4.32073e-09
x3.xbias.b1b                       4.32073e-09
x3.xbias.b2b                       4.32073e-09
x3.xbias.vbn1                         0.819382
x3.xbias.ga                            2.25649
x3.xbias.vbp2                          2.16708
x3.xbias.gb                           0.819382
x3.vbn                                 1.04845
x3.xbias.gc                            2.16708
x3.vbp                                 1.96007
x3.xs1.nh                              1.52918
x3.y1                                        0
x3.y5                                        0
x3.xs1.nt                                    0
x3.xs2.nh                                 3.19
x3.y2                                     3.19
x3.xs2.nt                          3.69889e-12
x3.xs3.nh                                 3.19
x3.y3                                        0
x3.xs3.nt                                    0
x3.xs4.nh                                 3.19
x3.y4                                     3.19
x3.xs4.nt                          3.69889e-12
x3.xs5.nh                                 3.19
x3.xs5.nt                                    0
x3.nb1                                    3.19
x3.nb2                             2.94195e-09
clk3                                      3.19
x3.xcdec1.c_moscap_int1                  -3.19
x3.xcdec2.c_moscap_int1                  -3.19
n4                                         3.3
m4                                         3.3
q4a                                        3.3
q4b                                        3.3
q4c                                        3.3
x4.xbias.na                           0.935869
x4.xbias.vbpc                          2.31493
x4.xbias.nc                          0.0947311
x4.xbias.xrcg.11                      0.094525
x4.xbias.xrcg.21                   0.000206084
x4.xbias.nsu                         0.0162007
x4.xbias.vfix                          1.85005
x4.xbias.nmd                          0.797504
x4.xbias.vbp0                          2.36645
x4.xbias.noff                         0.798748
x4.xbias.xroff.11                     0.798444
x4.xbias.xroff.21                   0.00030407
x4.xbias.nvi                          0.761719
x4.xbias.xrdeg.11                     0.761429
x4.xbias.xrdeg.21                  0.000289974
x4.xbias.b0b                       4.45545e-09
x4.xbias.b1b                       4.45545e-09
x4.xbias.b2b                       4.45545e-09
x4.xbias.vbn1                         0.819531
x4.xbias.ga                            2.36645
x4.xbias.vbp2                          2.27641
x4.xbias.gb                           0.819531
x4.vbn                                  1.0498
x4.xbias.gc                            2.27641
x4.vbp                                 2.06755
x4.xs1.nh                              1.54557
x4.y1                                        0
x4.y5                                        0
x4.xs1.nt                                    0
x4.xs2.nh                                  3.3
x4.y2                                      3.3
x4.xs2.nt                           4.1092e-12
x4.xs3.nh                                  3.3
x4.y3                                        0
x4.xs3.nt                                    0
x4.xs4.nh                                  3.3
x4.y4                                      3.3
x4.xs4.nt                           4.1092e-12
x4.xs5.nh                                  3.3
x4.xs5.nt                                    0
x4.nb1                                     3.3
x4.nb2                             3.06524e-09
clk4                                       3.3
x4.xcdec1.c_moscap_int1                   -3.3
x4.xcdec2.c_moscap_int1                   -3.3
n5                                        3.41
m5                                        3.41
q5a                                       3.41
q5b                                       3.41
q5c                                       3.41
x5.xbias.na                           0.936622
x5.xbias.vbpc                          2.42446
x5.xbias.nc                          0.0952457
x5.xbias.xrcg.11                     0.0950385
x5.xbias.xrcg.21                   0.000207204
x5.xbias.nsu                         0.0176163
x5.xbias.vfix                          1.85101
x5.xbias.nmd                          0.797926
x5.xbias.vbp0                          2.47641
x5.xbias.noff                         0.799646
x5.xbias.xroff.11                     0.799341
x5.xbias.xroff.21                  0.000304412
x5.xbias.nvi                          0.761909
x5.xbias.xrdeg.11                     0.761619
x5.xbias.xrdeg.21                  0.000290046
x5.xbias.b0b                       4.61211e-09
x5.xbias.b1b                       4.61211e-09
x5.xbias.b2b                       4.61211e-09
x5.xbias.vbn1                         0.819679
x5.xbias.ga                            2.47641
x5.xbias.vbp2                          2.38572
x5.xbias.gb                           0.819679
x5.vbn                                 1.05117
x5.xbias.gc                            2.38572
x5.vbp                                 2.17501
x5.xs1.nh                              1.56158
x5.y1                                        0
x5.y5                                        0
x5.xs1.nt                        -1.04393e-120
x5.xs2.nh                                 3.41
x5.y2                                     3.41
x5.xs2.nt                          4.56723e-12
x5.xs3.nh                                 3.41
x5.y3                                        0
x5.xs3.nt                        -2.26866e-196
x5.xs4.nh                                 3.41
x5.y4                                     3.41
x5.xs4.nt                          4.56723e-12
x5.xs5.nh                                 3.41
x5.xs5.nt                        -2.26925e-196
x5.nb1                                    3.41
x5.nb2                               3.215e-09
clk5                                      3.41
x5.xcdec1.c_moscap_int1                  -3.41
x5.xcdec2.c_moscap_int1                  -3.41
n6                                        3.52
m6                                        3.52
q6a                                       3.52
q6b                                       3.52
q6c                                       3.52
x6.xbias.na                           0.937408
x6.xbias.vbpc                          2.53397
x6.xbias.nc                          0.0957767
x6.xbias.xrcg.11                     0.0955683
x6.xbias.xrcg.21                   0.000208359
x6.xbias.nsu                         0.0190847
x6.xbias.vfix                          1.85199
x6.xbias.nmd                          0.798361
x6.xbias.vbp0                          2.58636
x6.xbias.noff                         0.800563
x6.xbias.xroff.11                     0.800259
x6.xbias.xroff.21                  0.000304761
x6.xbias.nvi                          0.762097
x6.xbias.xrdeg.11                     0.761807
x6.xbias.xrdeg.21                  0.000290118
x6.xbias.b0b                       4.79596e-09
x6.xbias.b1b                       4.79596e-09
x6.xbias.b2b                       4.79596e-09
x6.xbias.vbn1                         0.819829
x6.xbias.ga                            2.58636
x6.xbias.vbp2                          2.49501
x6.xbias.gb                           0.819829
x6.vbn                                 1.05256
x6.xbias.gc                            2.49501
x6.vbp                                 2.28244
x6.xs1.nh                              1.57722
x6.y1                                        0
x6.y5                                        0
x6.xs1.nt                                    0
x6.xs2.nh                                 3.52
x6.y2                                     3.52
x6.xs2.nt                          5.07976e-12
x6.xs3.nh                                 3.52
x6.y3                                        0
x6.xs3.nt                                    0
x6.xs4.nh                                 3.52
x6.y4                                     3.52
x6.xs4.nt                          5.07976e-12
x6.xs5.nh                                 3.52
x6.xs5.nt                                    0
x6.nb1                                    3.52
x6.nb2                             3.39796e-09
clk6                                      3.52
x6.xcdec1.c_moscap_int1                  -3.52
x6.xcdec2.c_moscap_int1                  -3.52
n7                                        3.63
m7                                        3.63
q7a                                       3.63
q7b                                       3.63
q7c                                       3.63
x7.xbias.na                           0.938243
x7.xbias.vbpc                          2.64344
x7.xbias.nc                          0.0963327
x7.xbias.xrcg.11                     0.0961232
x7.xbias.xrcg.21                   0.000209569
x7.xbias.nsu                          0.020603
x7.xbias.vfix                          1.85303
x7.xbias.nmd                          0.798816
x7.xbias.vbp0                          2.69632
x7.xbias.noff                         0.801515
x7.xbias.xroff.11                      0.80121
x7.xbias.xroff.21                  0.000305123
x7.xbias.nvi                          0.762284
x7.xbias.xrdeg.11                     0.761994
x7.xbias.xrdeg.21                  0.000290189
x7.xbias.b0b                       5.01312e-09
x7.xbias.b1b                       5.01312e-09
x7.xbias.b2b                       5.01312e-09
x7.xbias.vbn1                         0.819983
x7.xbias.ga                            2.69632
x7.xbias.vbp2                          2.60427
x7.xbias.gb                           0.819983
x7.vbn                                 1.05401
x7.xbias.gc                            2.60427
x7.vbp                                 2.38978
x7.xs1.nh                              1.59255
x7.y1                                        0
x7.y5                                        0
x7.xs1.nt                                    0
x7.xs2.nh                                 3.63
x7.y2                                     3.63
x7.xs2.nt                          5.65492e-12
x7.xs3.nh                                 3.63
x7.y3                                        0
x7.xs3.nt                                    0
x7.xs4.nh                                 3.63
x7.y4                                     3.63
x7.xs4.nt                          5.65492e-12
x7.xs5.nh                                 3.63
x7.xs5.nt                                    0
x7.nb1                                    3.63
x7.nb2                             3.62198e-09
clk7                                      3.63
x7.xcdec1.c_moscap_int1                  -3.63
x7.xcdec2.c_moscap_int1                  -3.63
e.x7.xcdec2.ec_moscap#branch                 0
e.x7.xcdec1.ec_moscap#branch                 0
e.x6.xcdec2.ec_moscap#branch                 0
e.x6.xcdec1.ec_moscap#branch                 0
e.x5.xcdec2.ec_moscap#branch                 0
e.x5.xcdec1.ec_moscap#branch                 0
e.x4.xcdec2.ec_moscap#branch                 0
e.x4.xcdec1.ec_moscap#branch                 0
e.x3.xcdec2.ec_moscap#branch                 0
e.x3.xcdec1.ec_moscap#branch                 0
e.x2.xcdec2.ec_moscap#branch                 0
e.x2.xcdec1.ec_moscap#branch                 0
e.x1.xcdec2.ec_moscap#branch                 0
e.x1.xcdec1.ec_moscap#branch                 0
vq7c#branch                                  0
vq7b#branch                                  0
vq7a#branch                                  0
vam7#branch                        0.000263317
v7#branch                         -0.000263317
vq6c#branch                                  0
vq6b#branch                                  0
vq6a#branch                                  0
vam6#branch                        0.000260397
v6#branch                         -0.000260397
vq5c#branch                                  0
vq5b#branch                                  0
vq5a#branch                                  0
vam5#branch                        0.000257573
v5#branch                         -0.000257573
vq4c#branch                                  0
vq4b#branch                                  0
vq4a#branch                                  0
vam4#branch                        0.000254809
v4#branch                         -0.000254809
vq3c#branch                                  0
vq3b#branch                                  0
vq3a#branch                                  0
vam3#branch                        0.000252079
v3#branch                         -0.000252079
vq2c#branch                                  0
vq2b#branch                                  0
vq2a#branch                                  0
vam2#branch                        0.000249362
v2#branch                         -0.000249362
vq1c#branch                                  0
vq1b#branch                                  0
vq1a#branch                                  0
vam1#branch                        0.000246641
v1#branch                         -0.000246641
vc#branch                                    0

 Reference value :  0.00000e+00
 Reference value :  1.43977e-09
 Reference value :  2.40535e-09
 Reference value :  3.06339e-09
 Reference value :  4.17566e-09
 Reference value :  4.74970e-09
 Reference value :  5.63634e-09
 Reference value :  6.42776e-09
 Reference value :  7.30702e-09
 Reference value :  8.00274e-09
 Reference value :  8.93654e-09
 Reference value :  9.81696e-09
 Reference value :  1.07190e-08
 Reference value :  1.15403e-08
 Reference value :  1.24240e-08
 Reference value :  1.31059e-08
 Reference value :  1.40136e-08
 Reference value :  1.49896e-08
 Reference value :  1.59774e-08
 Reference value :  1.68139e-08
 Reference value :  1.76839e-08
 Reference value :  1.89793e-08
 Reference value :  2.00186e-08
 Reference value :  2.08399e-08
 Reference value :  2.16795e-08
 Reference value :  2.25377e-08
 Reference value :  2.36382e-08
 Reference value :  2.45446e-08
 Reference value :  2.55091e-08
 Reference value :  2.63927e-08
 Reference value :  2.73205e-08
 Reference value :  2.83720e-08
 Reference value :  2.93520e-08
 Reference value :  3.03014e-08
 Reference value :  3.14411e-08
 Reference value :  3.24753e-08
 Reference value :  3.34179e-08
 Reference value :  3.41212e-08
 Reference value :  3.46363e-08
 Reference value :  3.52215e-08
 Reference value :  3.62725e-08
 Reference value :  3.66298e-08
 Reference value :  3.78013e-08
 Reference value :  3.87218e-08
 Reference value :  4.01704e-08
 Reference value :  4.08293e-08
 Reference value :  4.23383e-08
 Reference value :  4.32166e-08
 Reference value :  4.44035e-08
 Reference value :  4.53164e-08
 Reference value :  4.67558e-08
 Reference value :  4.75425e-08
 Reference value :  4.87577e-08
 Reference value :  4.98591e-08
 Reference value :  5.10529e-08
 Reference value :  5.22512e-08
 Reference value :  5.35055e-08
 Reference value :  5.45738e-08
 Reference value :  5.56841e-08
 Reference value :  5.66781e-08
 Reference value :  5.71349e-08
 Reference value :  5.74698e-08
 Reference value :  5.78818e-08
 Reference value :  5.85759e-08
 Reference value :  5.93106e-08
 Reference value :  5.98343e-08
 Reference value :  6.03806e-08
 Reference value :  6.12108e-08
 Reference value :  6.18768e-08
 Reference value :  6.23235e-08
 Reference value :  6.30696e-08
 Reference value :  6.39265e-08
 Reference value :  6.43629e-08
 Reference value :  6.51707e-08
No. of Data Rows : 1447

  Measurements for Transient Analysis

tp1                 =  1.43298e-08 targ=  3.97750e-08 trig=  2.54452e-08
tp2                 =  1.51866e-08 targ=  4.21097e-08 trig=  2.69231e-08
tp3                 =  1.61076e-08 targ=  4.05581e-08 trig=  2.44505e-08
tp4                 =  1.70131e-08 targ=  4.28542e-08 trig=  2.58411e-08
tp5                 =  1.79663e-08 targ=  4.52126e-08 trig=  2.72464e-08
tp6                 =  1.88954e-08 targ=  4.75303e-08 trig=  2.86349e-08
tp7                 =  1.98163e-08 targ=  4.48583e-08 trig=  2.50420e-08
f1                  =  2.79138e+08
f2                  =  2.63390e+08
f3                  =  2.48329e+08
f4                  =  2.35113e+08
f5                  =  2.22639e+08
f6                  =  2.11692e+08
f7                  =  2.01854e+08
i1                  =  3.44124e-04 from=  2.40919e-08 to=  6.62527e-08
i2                  =  3.49526e-04 from=  2.40919e-08 to=  6.62527e-08
i3                  =  3.55880e-04 from=  2.40919e-08 to=  6.62527e-08
i4                  =  3.60785e-04 from=  2.40919e-08 to=  6.62527e-08
i5                  =  3.66327e-04 from=  2.40919e-08 to=  6.62527e-08
i6                  =  3.68166e-04 from=  2.40919e-08 to=  6.62527e-08
i7                  =  3.76096e-04 from=  2.40919e-08 to=  6.62527e-08

ngspice-46 done

