
Note: No compatibility mode selected!


Circuit: * vco-supply-pushing-jitter @ push_all-fast_-40c_3.30v_band7_r16_f125 -- generated by sim/harness, do not edit

Doing analysis at TEMP = -40.000000 and TNOM = 27.000000

Using SPARSE 1.3 as Direct Linear Solver

Initial Transient Solution
--------------------------

Node                                   Voltage
----                                   -------
vctl                                       1.8
n1                                        2.97
m1                                        2.97
q1a                                       2.97
q1b                                       2.97
q1c                                       2.97
x1.xbias.na                           0.865396
x1.xbias.vbpc                          2.07759
x1.xbias.nc                            0.10738
x1.xbias.xrcg.11                      0.107069
x1.xbias.xrcg.21                   0.000311019
x1.xbias.nsu                         0.0115951
x1.xbias.vfix                          1.63783
x1.xbias.nmd                          0.709665
x1.xbias.vbp0                          2.14398
x1.xbias.noff                         0.720958
x1.xbias.xroff.11                     0.720592
x1.xbias.xroff.21                   0.00036585
x1.xbias.nvi                          0.841919
x1.xbias.xrdeg.11                     0.841492
x1.xbias.xrdeg.21                  0.000427231
x1.xbias.b0b                       3.80466e-09
x1.xbias.b1b                       3.80466e-09
x1.xbias.b2b                       3.80466e-09
x1.xbias.vbn1                         0.726134
x1.xbias.ga                            2.14398
x1.xbias.vbp2                          2.04766
x1.xbias.gb                           0.726134
x1.vbn                                 0.97344
x1.xbias.gc                            2.04766
x1.vbp                                 1.82045
x1.xs1.nh                              1.40538
x1.y1                                        0
x1.y5                                        0
x1.xs1.nt                         3.28675e-119
x1.xs2.nh                                 2.97
x1.y2                                     2.97
x1.xs2.nt                          1.01015e-10
x1.xs3.nh                                 2.97
x1.y3                                        0
x1.xs3.nt                        -8.58722e-216
x1.xs4.nh                                 2.97
x1.y4                                     2.97
x1.xs4.nt                          1.01015e-10
x1.xs5.nh                                 2.97
x1.xs5.nt                        -8.58714e-216
x1.nb1                                    2.97
x1.nb2                             2.58531e-09
clk1                                      2.97
x1.xcdec1.c_moscap_int1                  -2.97
x1.xcdec2.c_moscap_int1                  -2.97
n2                                        3.08
m2                                        3.08
q2a                                       3.08
q2b                                       3.08
q2c                                       3.08
x2.xbias.na                           0.866211
x2.xbias.vbpc                           2.1871
x2.xbias.nc                           0.107936
x2.xbias.xrcg.11                      0.107624
x2.xbias.xrcg.21                   0.000312629
x2.xbias.nsu                         0.0126817
x2.xbias.vfix                          1.63881
x2.xbias.nmd                            0.7101
x2.xbias.vbp0                          2.25394
x2.xbias.noff                         0.721876
x2.xbias.xroff.11                      0.72151
x2.xbias.xroff.21                  0.000366315
x2.xbias.nvi                           0.84211
x2.xbias.xrdeg.11                     0.841682
x2.xbias.xrdeg.21                  0.000427328
x2.xbias.b0b                        3.9277e-09
x2.xbias.b1b                        3.9277e-09
x2.xbias.b2b                        3.9277e-09
x2.xbias.vbn1                          0.72629
x2.xbias.ga                            2.25394
x2.xbias.vbp2                          2.15697
x2.xbias.gb                            0.72629
x2.vbn                                0.974876
x2.xbias.gc                            2.15697
x2.vbp                                 1.92779
x2.xs1.nh                              1.42134
x2.y1                                        0
x2.y5                                        0
x2.xs1.nt                              -4e-119
x2.xs2.nh                                 3.08
x2.y2                                     3.08
x2.xs2.nt                          1.13633e-10
x2.xs3.nh                                 3.08
x2.y3                                        0
x2.xs3.nt                         6.97165e-236
x2.xs4.nh                                 3.08
x2.y4                                     3.08
x2.xs4.nt                          1.13633e-10
x2.xs5.nh                                 3.08
x2.xs5.nt                         6.97165e-236
x2.nb1                                    3.08
x2.nb2                             2.69449e-09
clk2                                      3.08
x2.xcdec1.c_moscap_int1                  -3.08
x2.xcdec2.c_moscap_int1                  -3.08
n3                                        3.19
m3                                        3.19
q3a                                       3.19
q3b                                       3.19
q3c                                       3.19
x3.xbias.na                           0.867032
x3.xbias.vbpc                          2.29661
x3.xbias.nc                           0.108495
x3.xbias.xrcg.11                      0.108181
x3.xbias.xrcg.21                   0.000314247
x3.xbias.nsu                         0.0138109
x3.xbias.vfix                          1.63979
x3.xbias.nmd                          0.710533
x3.xbias.vbp0                          2.36389
x3.xbias.noff                          0.72279
x3.xbias.xroff.11                     0.722423
x3.xbias.xroff.21                  0.000366779
x3.xbias.nvi                          0.842298
x3.xbias.xrdeg.11                     0.841871
x3.xbias.xrdeg.21                  0.000427423
x3.xbias.b0b                       4.07057e-09
x3.xbias.b1b                       4.07057e-09
x3.xbias.b2b                       4.07057e-09
x3.xbias.vbn1                         0.726445
x3.xbias.ga                            2.36389
x3.xbias.vbp2                          2.26627
x3.xbias.gb                           0.726445
x3.vbn                                0.976315
x3.xbias.gc                            2.26627
x3.vbp                                 2.03513
x3.xs1.nh                              1.43687
x3.y1                                        0
x3.y5                                        0
x3.xs1.nt                         2.31824e-108
x3.xs2.nh                                 3.19
x3.y2                                     3.19
x3.xs2.nt                          1.27858e-10
x3.xs3.nh                                 3.19
x3.y3                                        0
x3.xs3.nt                         9.30957e-237
x3.xs4.nh                                 3.19
x3.y4                                     3.19
x3.xs4.nt                          1.27858e-10
x3.xs5.nh                                 3.19
x3.xs5.nt                         9.30957e-237
x3.nb1                                    3.19
x3.nb2                             2.82758e-09
clk3                                      3.19
x3.xcdec1.c_moscap_int1                  -3.19
x3.xcdec2.c_moscap_int1                  -3.19
n4                                         3.3
m4                                         3.3
q4a                                        3.3
q4b                                        3.3
q4c                                        3.3
x4.xbias.na                           0.867872
x4.xbias.vbpc                          2.40609
x4.xbias.nc                           0.109063
x4.xbias.xrcg.11                      0.108747
x4.xbias.xrcg.21                   0.000315892
x4.xbias.nsu                         0.0149811
x4.xbias.vfix                          1.64078
x4.xbias.nmd                          0.710972
x4.xbias.vbp0                          2.47384
x4.xbias.noff                          0.72371
x4.xbias.xroff.11                     0.723342
x4.xbias.xroff.21                  0.000367246
x4.xbias.nvi                          0.842484
x4.xbias.xrdeg.11                     0.842057
x4.xbias.xrdeg.21                  0.000427518
x4.xbias.b0b                       4.23862e-09
x4.xbias.b1b                       4.23862e-09
x4.xbias.b2b                       4.23862e-09
x4.xbias.vbn1                         0.726599
x4.xbias.ga                            2.47384
x4.xbias.vbp2                          2.37556
x4.xbias.gb                           0.726599
x4.vbn                                0.977771
x4.xbias.gc                            2.37556
x4.vbp                                 2.14245
x4.xs1.nh                              1.45202
x4.y1                                        0
x4.y5                                        0
x4.xs1.nt                          1.36213e-28
x4.xs2.nh                                  3.3
x4.y2                                      3.3
x4.xs2.nt                          1.43929e-10
x4.xs3.nh                                  3.3
x4.y3                                        0
x4.xs3.nt                        -2.62636e-137
x4.xs4.nh                                  3.3
x4.y4                                      3.3
x4.xs4.nt                          1.43929e-10
x4.xs5.nh                                  3.3
x4.xs5.nt                        -2.62636e-137
x4.nb1                                     3.3
x4.nb2                             2.99142e-09
clk4                                       3.3
x4.xcdec1.c_moscap_int1                   -3.3
x4.xcdec2.c_moscap_int1                   -3.3
n5                                        3.41
m5                                        3.41
q5a                                       3.41
q5b                                       3.41
q5c                                       3.41
x5.xbias.na                           0.868746
x5.xbias.vbpc                          2.51555
x5.xbias.nc                           0.109649
x5.xbias.xrcg.11                      0.109331
x5.xbias.xrcg.21                   0.000317588
x5.xbias.nsu                         0.0161899
x5.xbias.vfix                          1.64179
x5.xbias.nmd                          0.711422
x5.xbias.vbp0                           2.5838
x5.xbias.noff                         0.724649
x5.xbias.xroff.11                     0.724281
x5.xbias.xroff.21                  0.000367722
x5.xbias.nvi                          0.842669
x5.xbias.xrdeg.11                     0.842241
x5.xbias.xrdeg.21                  0.000427612
x5.xbias.b0b                       4.43822e-09
x5.xbias.b1b                       4.43822e-09
x5.xbias.b2b                       4.43822e-09
x5.xbias.vbn1                         0.726755
x5.xbias.ga                             2.5838
x5.xbias.vbp2                          2.48482
x5.xbias.gb                           0.726755
x5.vbn                                0.979262
x5.xbias.gc                            2.48482
x5.vbp                                 2.24974
x5.xs1.nh                              1.46681
x5.y1                                        0
x5.y5                                        0
x5.xs1.nt                          3.74378e-38
x5.xs2.nh                                 3.41
x5.y2                                     3.41
x5.xs2.nt                           1.6213e-10
x5.xs3.nh                                 3.41
x5.y3                                        0
x5.xs3.nt                         -9.67994e-98
x5.xs4.nh                                 3.41
x5.y4                                     3.41
x5.xs4.nt                           1.6213e-10
x5.xs5.nh                                 3.41
x5.xs5.nt                         -9.67994e-98
x5.nb1                                    3.41
x5.nb2                             3.19418e-09
clk5                                      3.41
x5.xcdec1.c_moscap_int1                  -3.41
x5.xcdec2.c_moscap_int1                  -3.41
n6                                        3.52
m6                                        3.52
q6a                                       3.52
q6b                                       3.52
q6c                                       3.52
x6.xbias.na                           0.869674
x6.xbias.vbpc                          2.62497
x6.xbias.nc                           0.110262
x6.xbias.xrcg.11                      0.109943
x6.xbias.xrcg.21                   0.000319367
x6.xbias.nsu                         0.0174345
x6.xbias.vfix                          1.64286
x6.xbias.nmd                          0.711895
x6.xbias.vbp0                          2.69374
x6.xbias.noff                         0.725624
x6.xbias.xroff.11                     0.725256
x6.xbias.xroff.21                  0.000368217
x6.xbias.nvi                          0.842852
x6.xbias.xrdeg.11                     0.842424
x6.xbias.xrdeg.21                  0.000427704
x6.xbias.b0b                       4.67681e-09
x6.xbias.b1b                       4.67681e-09
x6.xbias.b2b                       4.67681e-09
x6.xbias.vbn1                         0.726915
x6.xbias.ga                            2.69374
x6.xbias.vbp2                          2.59405
x6.xbias.gb                           0.726915
x6.vbn                                0.980811
x6.xbias.gc                            2.59405
x6.vbp                                 2.35694
x6.xs1.nh                              1.48131
x6.y1                                        0
x6.y5                                        0
x6.xs1.nt                         -1.21822e-16
x6.xs2.nh                                 3.52
x6.y2                                     3.52
x6.xs2.nt                            1.828e-10
x6.xs3.nh                                 3.52
x6.y3                                        0
x6.xs3.nt                         -6.18624e-58
x6.xs4.nh                                 3.52
x6.y4                                     3.52
x6.xs4.nt                            1.828e-10
x6.xs5.nh                                 3.52
x6.xs5.nt                         -6.18624e-58
x6.nb1                                    3.52
x6.nb2                             3.44535e-09
clk6                                      3.52
x6.xcdec1.c_moscap_int1                  -3.52
x6.xcdec2.c_moscap_int1                  -3.52
n7                                        3.63
m7                                        3.63
q7a                                       3.63
q7b                                       3.63
q7c                                       3.63
x7.xbias.na                           0.870682
x7.xbias.vbpc                          2.73433
x7.xbias.nc                           0.110918
x7.xbias.xrcg.11                      0.110596
x7.xbias.xrcg.21                   0.000321265
x7.xbias.nsu                         0.0187109
x7.xbias.vfix                            1.644
x7.xbias.nmd                          0.712402
x7.xbias.vbp0                          2.80369
x7.xbias.noff                         0.726654
x7.xbias.xroff.11                     0.726285
x7.xbias.xroff.21                   0.00036874
x7.xbias.nvi                          0.843034
x7.xbias.xrdeg.11                     0.842606
x7.xbias.xrdeg.21                  0.000427797
x7.xbias.b0b                       4.96292e-09
x7.xbias.b1b                       4.96292e-09
x7.xbias.b2b                       4.96292e-09
x7.xbias.vbn1                         0.727084
x7.xbias.ga                            2.80369
x7.xbias.vbp2                          2.70323
x7.xbias.gb                           0.727084
x7.vbn                                0.982448
x7.xbias.gc                            2.70323
x7.vbp                                 2.46403
x7.xs1.nh                              1.49556
x7.y1                                        0
x7.y5                                        0
x7.xs1.nt                         -1.09216e-58
x7.xs2.nh                                 3.63
x7.y2                                     3.63
x7.xs2.nt                          2.06348e-10
x7.xs3.nh                                 3.63
x7.y3                                        0
x7.xs3.nt                         4.19055e-157
x7.xs4.nh                                 3.63
x7.y4                                     3.63
x7.xs4.nt                          2.06348e-10
x7.xs5.nh                                 3.63
x7.xs5.nt                         4.19055e-157
x7.nb1                                    3.63
x7.nb2                             3.75582e-09
clk7                                      3.63
x7.xcdec1.c_moscap_int1                  -3.63
x7.xcdec2.c_moscap_int1                  -3.63
e.x7.xcdec2.ec_moscap#branch                 0
e.x7.xcdec1.ec_moscap#branch                 0
e.x6.xcdec2.ec_moscap#branch                 0
e.x6.xcdec1.ec_moscap#branch                 0
e.x5.xcdec2.ec_moscap#branch                 0
e.x5.xcdec1.ec_moscap#branch                 0
e.x4.xcdec2.ec_moscap#branch                 0
e.x4.xcdec1.ec_moscap#branch                 0
e.x3.xcdec2.ec_moscap#branch                 0
e.x3.xcdec1.ec_moscap#branch                 0
e.x2.xcdec2.ec_moscap#branch                 0
e.x2.xcdec1.ec_moscap#branch                 0
e.x1.xcdec2.ec_moscap#branch                 0
e.x1.xcdec1.ec_moscap#branch                 0
vq7c#branch                                  0
vq7b#branch                                  0
vq7a#branch                                  0
vam7#branch                        0.000358531
v7#branch                         -0.000358531
vq6c#branch                                  0
vq6b#branch                                  0
vq6a#branch                                  0
vam6#branch                        0.000354633
v6#branch                         -0.000354633
vq5c#branch                                  0
vq5b#branch                                  0
vq5a#branch                                  0
vam5#branch                        0.000350917
v5#branch                         -0.000350917
vq4c#branch                                  0
vq4b#branch                                  0
vq4a#branch                                  0
vam4#branch                        0.000347322
v4#branch                         -0.000347322
vq3c#branch                                  0
vq3b#branch                                  0
vq3a#branch                                  0
vam3#branch                          0.0003438
v3#branch                           -0.0003438
vq2c#branch                                  0
vq2b#branch                                  0
vq2a#branch                                  0
vam2#branch                        0.000340316
v2#branch                         -0.000340316
vq1c#branch                                  0
vq1b#branch                                  0
vq1a#branch                                  0
vam1#branch                         0.00033684
v1#branch                          -0.00033684
vc#branch                                    0

 Reference value :  0.00000e+00
 Reference value :  1.19925e-09
 Reference value :  1.90236e-09
 Reference value :  2.48030e-09
 Reference value :  3.29955e-09
 Reference value :  3.74062e-09
 Reference value :  4.23008e-09
 Reference value :  4.91475e-09
 Reference value :  5.42532e-09
 Reference value :  6.07579e-09
 Reference value :  6.94613e-09
 Reference value :  7.63452e-09
 Reference value :  8.40749e-09
 Reference value :  8.99923e-09
 Reference value :  9.78580e-09
 Reference value :  1.05476e-08
 Reference value :  1.12936e-08
 Reference value :  1.18887e-08
 Reference value :  1.27552e-08
 Reference value :  1.35209e-08
 Reference value :  1.42922e-08
 Reference value :  1.51148e-08
 Reference value :  1.58583e-08
 Reference value :  1.66071e-08
 Reference value :  1.73583e-08
 Reference value :  1.80185e-08
 Reference value :  1.87373e-08
 Reference value :  1.95089e-08
 Reference value :  2.01990e-08
 Reference value :  2.10628e-08
 Reference value :  2.17581e-08
 Reference value :  2.25033e-08
 Reference value :  2.28105e-08
 Reference value :  2.34634e-08
 Reference value :  2.38718e-08
 Reference value :  2.40642e-08
 Reference value :  2.46919e-08
 Reference value :  2.54036e-08
 Reference value :  2.60185e-08
 Reference value :  2.67919e-08
 Reference value :  2.75583e-08
 Reference value :  2.83387e-08
 Reference value :  2.91226e-08
 Reference value :  2.99079e-08
 Reference value :  3.07491e-08
 Reference value :  3.14446e-08
 Reference value :  3.23253e-08
 Reference value :  3.29448e-08
 Reference value :  3.33315e-08
 Reference value :  3.44892e-08
 Reference value :  3.51692e-08
 Reference value :  3.59225e-08
 Reference value :  3.66353e-08
 Reference value :  3.73658e-08
 Reference value :  3.81529e-08
 Reference value :  3.89605e-08
 Reference value :  3.99148e-08
 Reference value :  4.07247e-08
 Reference value :  4.16609e-08
 Reference value :  4.23564e-08
 Reference value :  4.33474e-08
 Reference value :  4.41125e-08
 Reference value :  4.47478e-08
 Reference value :  4.52228e-08
 Reference value :  4.57105e-08
 Reference value :  4.64037e-08
 Reference value :  4.71433e-08
 Reference value :  4.76132e-08
 Reference value :  4.81484e-08
 Reference value :  4.88326e-08
 Reference value :  4.92500e-08
 Reference value :  4.96594e-08
 Reference value :  5.02020e-08
 Reference value :  5.05377e-08
 Reference value :  5.08045e-08
 Reference value :  5.14394e-08
 Reference value :  5.20381e-08
 Reference value :  5.26712e-08
No. of Data Rows : 1451

  Measurements for Transient Analysis

tp1                 =  1.11815e-08 targ=  3.10170e-08 trig=  1.98355e-08
tp2                 =  1.18452e-08 targ=  3.28279e-08 trig=  2.09827e-08
tp3                 =  1.25173e-08 targ=  3.46772e-08 trig=  2.21599e-08
tp4                 =  1.32129e-08 targ=  3.32525e-08 trig=  2.00395e-08
tp5                 =  1.38864e-08 targ=  3.49417e-08 trig=  2.10552e-08
tp6                 =  1.45435e-08 targ=  3.65922e-08 trig=  2.20487e-08
tp7                 =  1.51945e-08 targ=  3.81928e-08 trig=  2.29983e-08
f1                  =  3.57734e+08
f2                  =  3.37690e+08
f3                  =  3.19557e+08
f4                  =  3.02734e+08
f5                  =  2.88051e+08
f6                  =  2.75037e+08
f7                  =  2.63254e+08
i1                  =  4.73301e-04 from=  1.92735e-08 to=  5.30022e-08
i2                  =  4.81898e-04 from=  1.92735e-08 to=  5.30022e-08
i3                  =  4.85624e-04 from=  1.92735e-08 to=  5.30022e-08
i4                  =  4.94006e-04 from=  1.92735e-08 to=  5.30022e-08
i5                  =  4.99712e-04 from=  1.92735e-08 to=  5.30022e-08
i6                  =  5.11136e-04 from=  1.92735e-08 to=  5.30022e-08
i7                  =  5.12733e-04 from=  1.92735e-08 to=  5.30022e-08

ngspice-46 done

