
Note: No compatibility mode selected!


Circuit: * vco-supply-pushing-jitter @ push_typical_125c_3.63v_band5_r16_f100 -- generated by sim/harness, do not edit

Doing analysis at TEMP = 125.000000 and TNOM = 27.000000

Using SPARSE 1.3 as Direct Linear Solver

Initial Transient Solution
--------------------------

Node                                   Voltage
----                                   -------
vctl                                       1.8
n1                                        2.97
m1                                        2.97
q1a                                       2.97
q1b                                          0
q1c                                       2.97
x1.xbias.na                           0.988743
x1.xbias.vbpc                           2.0042
x1.xbias.nc                           0.172706
x1.xbias.xrcg.11                      0.172433
x1.xbias.xrcg.21                   0.000272698
x1.xbias.nsu                        0.00755025
x1.xbias.vfix                          1.65861
x1.xbias.nmd                          0.711738
x1.xbias.vbp0                          2.16927
x1.xbias.noff                         0.743257
x1.xbias.xroff.11                     0.743052
x1.xbias.xroff.21                  0.000205162
x1.xbias.nvi                          0.844585
x1.xbias.xrdeg.11                     0.844352
x1.xbias.xrdeg.21                  0.000233131
x1.xbias.b0b                       4.44889e-08
x1.xbias.b1b                              2.97
x1.xbias.b2b                       4.44889e-08
x1.xbias.vbn1                         0.714143
x1.xbias.ga                            2.16927
x1.xbias.vbp2                          2.15257
x1.xbias.gb                        1.55349e-08
x1.vbn                                0.863607
x1.xbias.gc                            2.15257
x1.vbp                                 1.95975
x1.xs1.nh                              1.30939
x1.y1                                        0
x1.y5                                        0
x1.xs1.nt                         -1.33133e-34
x1.xs2.nh                                 2.97
x1.y2                                     2.97
x1.xs2.nt                          1.55887e-06
x1.xs3.nh                                 2.97
x1.y3                                        0
x1.xs3.nt                           5.9246e-52
x1.xs4.nh                                 2.97
x1.y4                                     2.97
x1.xs4.nt                          1.55887e-06
x1.xs5.nh                                 2.97
x1.xs5.nt                           5.9246e-52
x1.nb1                                    2.97
x1.nb2                             4.56992e-08
clk1                                      2.97
x1.xcdec1.c_moscap_int1                  -2.97
x1.xcdec2.c_moscap_int1                  -2.97
n2                                        3.08
m2                                        3.08
q2a                                       3.08
q2b                                          0
q2c                                       3.08
x2.xbias.na                           0.990266
x2.xbias.vbpc                          2.11336
x2.xbias.nc                           0.173593
x2.xbias.xrcg.11                      0.173319
x2.xbias.xrcg.21                   0.000274099
x2.xbias.nsu                        0.00827274
x2.xbias.vfix                          1.66021
x2.xbias.nmd                          0.712434
x2.xbias.vbp0                          2.27917
x2.xbias.noff                          0.74457
x2.xbias.xroff.11                     0.744364
x2.xbias.xroff.21                  0.000205524
x2.xbias.nvi                          0.844765
x2.xbias.xrdeg.11                     0.844531
x2.xbias.xrdeg.21                  0.000233181
x2.xbias.b0b                       4.50902e-08
x2.xbias.b1b                              3.08
x2.xbias.b2b                       4.50902e-08
x2.xbias.vbn1                          0.71437
x2.xbias.ga                            2.27917
x2.xbias.vbp2                          2.26205
x2.xbias.gb                        1.51436e-08
x2.vbn                                0.864645
x2.xbias.gc                            2.26205
x2.vbp                                  2.0678
x2.xs1.nh                              1.32592
x2.y1                                        0
x2.y5                                        0
x2.xs1.nt                          1.83712e-17
x2.xs2.nh                                 3.08
x2.y2                                     3.08
x2.xs2.nt                          1.66484e-06
x2.xs3.nh                                 3.08
x2.y3                                        0
x2.xs3.nt                          -7.1155e-44
x2.xs4.nh                                 3.08
x2.y4                                     3.08
x2.xs4.nt                          1.66484e-06
x2.xs5.nh                                 3.08
x2.xs5.nt                          -7.1155e-44
x2.nb1                                    3.08
x2.nb2                             4.63613e-08
clk2                                      3.08
x2.xcdec1.c_moscap_int1                  -3.08
x2.xcdec2.c_moscap_int1                  -3.08
n3                                        3.19
m3                                        3.19
q3a                                       3.19
q3b                                          0
q3c                                       3.19
x3.xbias.na                           0.991766
x3.xbias.vbpc                          2.22253
x3.xbias.nc                           0.174468
x3.xbias.xrcg.11                      0.174192
x3.xbias.xrcg.21                    0.00027548
x3.xbias.nsu                        0.00903061
x3.xbias.vfix                          1.66176
x3.xbias.nmd                          0.713114
x3.xbias.vbp0                          2.38908
x3.xbias.noff                         0.745854
x3.xbias.xroff.11                     0.745648
x3.xbias.xroff.21                  0.000205878
x3.xbias.nvi                          0.844942
x3.xbias.xrdeg.11                     0.844708
x3.xbias.xrdeg.21                   0.00023323
x3.xbias.b0b                       4.57891e-08
x3.xbias.b1b                              3.19
x3.xbias.b2b                       4.57891e-08
x3.xbias.vbn1                         0.714591
x3.xbias.ga                            2.38908
x3.xbias.vbp2                          2.37152
x3.xbias.gb                        1.47887e-08
x3.vbn                                0.865686
x3.xbias.gc                            2.37152
x3.vbp                                 2.17584
x3.xs1.nh                              1.34206
x3.y1                                        0
x3.y5                                        0
x3.xs1.nt                          4.19567e-34
x3.xs2.nh                                 3.19
x3.y2                                     3.19
x3.xs2.nt                          1.77841e-06
x3.xs3.nh                                 3.19
x3.y3                                        0
x3.xs3.nt                          2.80888e-52
x3.xs4.nh                                 3.19
x3.y4                                     3.19
x3.xs4.nt                          1.77841e-06
x3.xs5.nh                                 3.19
x3.xs5.nt                          2.80888e-52
x3.nb1                                    3.19
x3.nb2                             4.71333e-08
clk3                                      3.19
x3.xcdec1.c_moscap_int1                  -3.19
x3.xcdec2.c_moscap_int1                  -3.19
n4                                         3.3
m4                                         3.3
q4a                                        3.3
q4b                                          0
q4c                                        3.3
x4.xbias.na                           0.993258
x4.xbias.vbpc                          2.33169
x4.xbias.nc                           0.175338
x4.xbias.xrcg.11                      0.175061
x4.xbias.xrcg.21                   0.000276854
x4.xbias.nsu                        0.00982414
x4.xbias.vfix                           1.6633
x4.xbias.nmd                          0.713786
x4.xbias.vbp0                            2.499
x4.xbias.noff                         0.747122
x4.xbias.xroff.11                     0.746916
x4.xbias.xroff.21                  0.000206229
x4.xbias.nvi                          0.845116
x4.xbias.xrdeg.11                     0.844882
x4.xbias.xrdeg.21                  0.000233278
x4.xbias.b0b                       4.65938e-08
x4.xbias.b1b                               3.3
x4.xbias.b2b                       4.65938e-08
x4.xbias.vbn1                         0.714811
x4.xbias.ga                              2.499
x4.xbias.vbp2                          2.48099
x4.xbias.gb                        1.44656e-08
x4.vbn                                0.866742
x4.xbias.gc                            2.48099
x4.vbp                                 2.28387
x4.xs1.nh                              1.35782
x4.y1                                        0
x4.y5                                        0
x4.xs1.nt                          1.37879e-33
x4.xs2.nh                                  3.3
x4.y2                                      3.3
x4.xs2.nt                          1.90041e-06
x4.xs3.nh                                  3.3
x4.y3                                        0
x4.xs3.nt                         -2.59409e-52
x4.xs4.nh                                  3.3
x4.y4                                      3.3
x4.xs4.nt                          1.90041e-06
x4.xs5.nh                                  3.3
x4.xs5.nt                         -2.59409e-52
x4.nb1                                     3.3
x4.nb2                             4.80255e-08
clk4                                       3.3
x4.xcdec1.c_moscap_int1                   -3.3
x4.xcdec2.c_moscap_int1                   -3.3
n5                                        3.41
m5                                        3.41
q5a                                       3.41
q5b                                          0
q5c                                       3.41
x5.xbias.na                           0.994764
x5.xbias.vbpc                          2.44085
x5.xbias.nc                           0.176215
x5.xbias.xrcg.11                      0.175936
x5.xbias.xrcg.21                   0.000278238
x5.xbias.nsu                         0.0106534
x5.xbias.vfix                          1.66484
x5.xbias.nmd                          0.714458
x5.xbias.vbp0                          2.60891
x5.xbias.noff                         0.748391
x5.xbias.xroff.11                     0.748184
x5.xbias.xroff.21                  0.000206579
x5.xbias.nvi                          0.845288
x5.xbias.xrdeg.11                     0.845054
x5.xbias.xrdeg.21                  0.000233325
x5.xbias.b0b                       4.75158e-08
x5.xbias.b1b                              3.41
x5.xbias.b2b                       4.75158e-08
x5.xbias.vbn1                          0.71503
x5.xbias.ga                            2.60891
x5.xbias.vbp2                          2.59043
x5.xbias.gb                        1.41706e-08
x5.vbn                                0.867828
x5.xbias.gc                            2.59043
x5.vbp                                 2.39185
x5.xs1.nh                              1.37326
x5.y1                                        0
x5.y5                                        0
x5.xs1.nt                          1.55873e-76
x5.xs2.nh                                 3.41
x5.y2                                     3.41
x5.xs2.nt                          2.03184e-06
x5.xs3.nh                                 3.41
x5.y3                                        0
x5.xs3.nt                         -2.0462e-119
x5.xs4.nh                                 3.41
x5.y4                                     3.41
x5.xs4.nt                          2.03184e-06
x5.xs5.nh                                 3.41
x5.xs5.nt                         -2.0462e-119
x5.nb1                                    3.41
x5.nb2                             4.90518e-08
clk5                                      3.41
x5.xcdec1.c_moscap_int1                  -3.41
x5.xcdec2.c_moscap_int1                  -3.41
n6                                        3.52
m6                                        3.52
q6a                                       3.52
q6b                                          0
q6c                                       3.52
x6.xbias.na                           0.996311
x6.xbias.vbpc                          2.54997
x6.xbias.nc                           0.177112
x6.xbias.xrcg.11                      0.176832
x6.xbias.xrcg.21                   0.000279655
x6.xbias.nsu                         0.0115182
x6.xbias.vfix                          1.66641
x6.xbias.nmd                          0.715144
x6.xbias.vbp0                          2.71881
x6.xbias.noff                         0.749679
x6.xbias.xroff.11                     0.749472
x6.xbias.xroff.21                  0.000206934
x6.xbias.nvi                          0.845457
x6.xbias.xrdeg.11                     0.845224
x6.xbias.xrdeg.21                  0.000233372
x6.xbias.b0b                       4.85698e-08
x6.xbias.b1b                              3.52
x6.xbias.b2b                       4.85698e-08
x6.xbias.vbn1                         0.715254
x6.xbias.ga                            2.71881
x6.xbias.vbp2                          2.69984
x6.xbias.gb                        1.39006e-08
x6.vbn                                0.868964
x6.xbias.gc                            2.69984
x6.vbp                                 2.49977
x6.xs1.nh                              1.38841
x6.y1                                        0
x6.y5                                        0
x6.xs1.nt                         -1.94162e-50
x6.xs2.nh                                 3.52
x6.y2                                     3.52
x6.xs2.nt                          2.17386e-06
x6.xs3.nh                                 3.52
x6.y3                                        0
x6.xs3.nt                         -5.04578e-79
x6.xs4.nh                                 3.52
x6.y4                                     3.52
x6.xs4.nt                          2.17386e-06
x6.xs5.nh                                 3.52
x6.xs5.nt                         -5.04578e-79
x6.nb1                                    3.52
x6.nb2                               5.023e-08
clk6                                      3.52
x6.xcdec1.c_moscap_int1                  -3.52
x6.xcdec2.c_moscap_int1                  -3.52
n7                                        3.63
m7                                        3.63
q7a                                       3.63
q7b                                          0
q7c                                       3.63
x7.xbias.na                           0.997935
x7.xbias.vbpc                          2.65903
x7.xbias.nc                           0.178047
x7.xbias.xrcg.11                      0.177766
x7.xbias.xrcg.21                   0.000281132
x7.xbias.nsu                         0.0124178
x7.xbias.vfix                          1.66805
x7.xbias.nmd                          0.715858
x7.xbias.vbp0                          2.82872
x7.xbias.noff                         0.751012
x7.xbias.xroff.11                     0.750804
x7.xbias.xroff.21                  0.000207302
x7.xbias.nvi                          0.845625
x7.xbias.xrdeg.11                     0.845392
x7.xbias.xrdeg.21                  0.000233418
x7.xbias.b0b                       4.97737e-08
x7.xbias.b1b                              3.63
x7.xbias.b2b                       4.97737e-08
x7.xbias.vbn1                         0.715486
x7.xbias.ga                            2.82872
x7.xbias.vbp2                          2.80921
x7.xbias.gb                        1.36527e-08
x7.vbn                                0.870176
x7.xbias.gc                            2.80921
x7.vbp                                 2.60758
x7.xs1.nh                              1.40331
x7.y1                                        0
x7.y5                                        0
x7.xs1.nt                         -1.01781e-71
x7.xs2.nh                                 3.63
x7.y2                                     3.63
x7.xs2.nt                          2.32785e-06
x7.xs3.nh                                 3.63
x7.y3                                        0
x7.xs3.nt                         6.02515e-111
x7.xs4.nh                                 3.63
x7.y4                                     3.63
x7.xs4.nt                          2.32785e-06
x7.xs5.nh                                 3.63
x7.xs5.nt                         6.02515e-111
x7.nb1                                    3.63
x7.nb2                              5.1582e-08
clk7                                      3.63
x7.xcdec1.c_moscap_int1                  -3.63
x7.xcdec2.c_moscap_int1                  -3.63
e.x7.xcdec2.ec_moscap#branch                 0
e.x7.xcdec1.ec_moscap#branch                 0
e.x6.xcdec2.ec_moscap#branch                 0
e.x6.xcdec1.ec_moscap#branch                 0
e.x5.xcdec2.ec_moscap#branch                 0
e.x5.xcdec1.ec_moscap#branch                 0
e.x4.xcdec2.ec_moscap#branch                 0
e.x4.xcdec1.ec_moscap#branch                 0
e.x3.xcdec2.ec_moscap#branch                 0
e.x3.xcdec1.ec_moscap#branch                 0
e.x2.xcdec2.ec_moscap#branch                 0
e.x2.xcdec1.ec_moscap#branch                 0
e.x1.xcdec2.ec_moscap#branch                 0
e.x1.xcdec1.ec_moscap#branch                 0
vq7c#branch                                  0
vq7b#branch                                  0
vq7a#branch                                  0
vam7#branch                        0.000171255
v7#branch                         -0.000171255
vq6c#branch                                  0
vq6b#branch                                  0
vq6a#branch                                  0
vam6#branch                        0.000169773
v6#branch                         -0.000169773
vq5c#branch                                  0
vq5b#branch                                  0
vq5a#branch                                  0
vam5#branch                        0.000168369
v5#branch                         -0.000168369
vq4c#branch                                  0
vq4b#branch                                  0
vq4a#branch                                  0
vam4#branch                        0.000167017
v4#branch                         -0.000167017
vq3c#branch                                  0
vq3b#branch                                  0
vq3a#branch                                  0
vam3#branch                        0.000165696
v3#branch                         -0.000165696
vq2c#branch                                  0
vq2b#branch                                  0
vq2a#branch                                  0
vam2#branch                         0.00016439
v2#branch                          -0.00016439
vq1c#branch                                  0
vq1b#branch                                  0
vq1a#branch                                  0
vam1#branch                        0.000163088
v1#branch                         -0.000163088
vc#branch                                    0

 Reference value :  0.00000e+00
 Reference value :  2.17764e-09
 Reference value :  4.84078e-09
 Reference value :  5.66503e-09
 Reference value :  6.72747e-09
 Reference value :  9.43789e-09
 Reference value :  1.08550e-08
 Reference value :  1.17415e-08
 Reference value :  1.23193e-08
 Reference value :  1.35484e-08
 Reference value :  1.45776e-08
 Reference value :  1.66095e-08
 Reference value :  1.81788e-08
 Reference value :  1.94031e-08
 Reference value :  2.14011e-08
 Reference value :  2.25624e-08
 Reference value :  2.37888e-08
 Reference value :  2.53859e-08
 Reference value :  2.64425e-08
 Reference value :  2.71050e-08
 Reference value :  2.83231e-08
 Reference value :  2.88057e-08
 Reference value :  3.00706e-08
 Reference value :  3.10939e-08
 Reference value :  3.17486e-08
 Reference value :  3.31818e-08
 Reference value :  3.46845e-08
 Reference value :  3.56522e-08
 Reference value :  3.64446e-08
 Reference value :  3.78215e-08
 Reference value :  3.87462e-08
 Reference value :  4.02016e-08
 Reference value :  4.22886e-08
 Reference value :  4.41380e-08
 Reference value :  4.58407e-08
 Reference value :  4.74549e-08
 Reference value :  4.91029e-08
 Reference value :  5.10676e-08
 Reference value :  5.26624e-08
 Reference value :  5.37588e-08
 Reference value :  5.48005e-08
 Reference value :  5.58135e-08
 Reference value :  5.61722e-08
 Reference value :  5.64413e-08
 Reference value :  5.66207e-08
 Reference value :  5.74725e-08
 Reference value :  5.78102e-08
 Reference value :  5.78528e-08
 Reference value :  5.79380e-08
 Reference value :  5.80782e-08
 Reference value :  5.92442e-08
 Reference value :  5.99790e-08
 Reference value :  6.03831e-08
 Reference value :  6.06975e-08
 Reference value :  6.16791e-08
 Reference value :  6.25277e-08
 Reference value :  6.31736e-08
 Reference value :  6.34419e-08
 Reference value :  6.37110e-08
 Reference value :  6.39801e-08
 Reference value :  6.43388e-08
 Reference value :  6.59643e-08
 Reference value :  6.74140e-08
 Reference value :  6.89458e-08
 Reference value :  7.07343e-08
 Reference value :  7.24495e-08
 Reference value :  7.44069e-08
 Reference value :  7.59886e-08
 Reference value :  7.74981e-08
 Reference value :  7.98037e-08
 Reference value :  8.09004e-08
 Reference value :  8.33261e-08
 Reference value :  8.44584e-08
 Reference value :  8.64877e-08
 Reference value :  8.87765e-08
 Reference value :  8.96132e-08
 Reference value :  9.18396e-08
 Reference value :  9.37739e-08
 Reference value :  9.54451e-08
 Reference value :  9.74465e-08
 Reference value :  9.92442e-08
No. of Data Rows : 1371

  Measurements for Transient Analysis

tp1                 =  3.53839e-08 targ=  8.00671e-08 trig=  4.46832e-08
tp2                 =  3.74945e-08 targ=  7.54557e-08 trig=  3.79612e-08
tp3                 =  3.95938e-08 targ=  7.96414e-08 trig=  4.00476e-08
tp4                 =  4.16664e-08 targ=  8.37602e-08 trig=  4.20938e-08
tp5                 =  4.37293e-08 targ=  8.77914e-08 trig=  4.40621e-08
tp6                 =  4.56632e-08 targ=  9.16637e-08 trig=  4.60005e-08
tp7                 =  4.75173e-08 targ=  9.54005e-08 trig=  4.78833e-08
f1                  =  1.13046e+08
f2                  =  1.06682e+08
f3                  =  1.01026e+08
f4                  =  9.60005e+07
f5                  =  9.14718e+07
f6                  =  8.75978e+07
f7                  =  8.41799e+07
i1                  =  2.17237e-04 from=  3.64390e-08 to=  1.00207e-07
i2                  =  2.22041e-04 from=  3.64390e-08 to=  1.00207e-07
i3                  =  2.24065e-04 from=  3.64390e-08 to=  1.00207e-07
i4                  =  2.28654e-04 from=  3.64390e-08 to=  1.00207e-07
i5                  =  2.30972e-04 from=  3.64390e-08 to=  1.00207e-07
i6                  =  2.32668e-04 from=  3.64390e-08 to=  1.00207e-07
i7                  =  2.33660e-04 from=  3.64390e-08 to=  1.00207e-07

ngspice-46 done

