
Note: No compatibility mode selected!


Circuit: * vco-supply-pushing-jitter @ push_ff_125c_2.97v_band5_r16_f100 -- generated by sim/harness, do not edit

Doing analysis at TEMP = 125.000000 and TNOM = 27.000000

Using SPARSE 1.3 as Direct Linear Solver

Initial Transient Solution
--------------------------

Node                                   Voltage
----                                   -------
vctl                                       1.8
n1                                        2.97
m1                                        2.97
q1a                                       2.97
q1b                                          0
q1c                                       2.97
x1.xbias.na                           0.849438
x1.xbias.vbpc                          2.14853
x1.xbias.nc                           0.163147
x1.xbias.xrcg.11                      0.162889
x1.xbias.xrcg.21                   0.000257604
x1.xbias.nsu                        0.00936194
x1.xbias.vfix                          1.37364
x1.xbias.nmd                          0.591929
x1.xbias.vbp0                          2.29928
x1.xbias.noff                         0.629652
x1.xbias.xroff.11                     0.629478
x1.xbias.xroff.21                  0.000173803
x1.xbias.nvi                          0.938414
x1.xbias.xrdeg.11                     0.938155
x1.xbias.xrdeg.21                  0.000259031
x1.xbias.b0b                       4.14167e-07
x1.xbias.b1b                              2.97
x1.xbias.b2b                       4.14167e-07
x1.xbias.vbn1                         0.598716
x1.xbias.ga                            2.29928
x1.xbias.vbp2                          2.28164
x1.xbias.gb                        1.25657e-07
x1.vbn                                0.742277
x1.xbias.gc                            2.28164
x1.vbp                                 2.09424
x1.xs1.nh                              1.16537
x1.y1                                        0
x1.y5                                        0
x1.xs1.nt                         -4.87165e-58
x1.xs2.nh                                 2.97
x1.y2                                     2.97
x1.xs2.nt                           1.4427e-05
x1.xs3.nh                                 2.97
x1.y3                                        0
x1.xs3.nt                          1.27395e-94
x1.xs4.nh                                 2.97
x1.y4                                     2.97
x1.xs4.nt                           1.4427e-05
x1.xs5.nh                                 2.97
x1.xs5.nt                          1.27395e-94
x1.nb1                                    2.97
x1.nb2                             4.47941e-07
clk1                                      2.97
x1.xcdec1.c_moscap_int1                  -2.97
x1.xcdec2.c_moscap_int1                  -2.97
n2                                        3.08
m2                                        3.08
q2a                                       3.08
q2b                                          0
q2c                                       3.08
x2.xbias.na                           0.850841
x2.xbias.vbpc                          2.25774
x2.xbias.nc                           0.163978
x2.xbias.xrcg.11                      0.163719
x2.xbias.xrcg.21                   0.000258917
x2.xbias.nsu                         0.0102082
x2.xbias.vfix                           1.3751
x2.xbias.nmd                          0.592567
x2.xbias.vbp0                           2.4092
x2.xbias.noff                          0.63086
x2.xbias.xroff.11                     0.630686
x2.xbias.xroff.21                  0.000174137
x2.xbias.nvi                          0.938593
x2.xbias.xrdeg.11                     0.938334
x2.xbias.xrdeg.21                   0.00025908
x2.xbias.b0b                       4.21654e-07
x2.xbias.b1b                              3.08
x2.xbias.b2b                       4.21654e-07
x2.xbias.vbn1                         0.598929
x2.xbias.ga                             2.4092
x2.xbias.vbp2                          2.39113
x2.xbias.gb                        1.22824e-07
x2.vbn                                0.743283
x2.xbias.gc                            2.39113
x2.vbp                                 2.20232
x2.xs1.nh                              1.18027
x2.y1                                        0
x2.y5                                        0
x2.xs1.nt                         -2.5201e-102
x2.xs2.nh                                 3.08
x2.y2                                     3.08
x2.xs2.nt                          1.55212e-05
x2.xs3.nh                                 3.08
x2.y3                                        0
x2.xs3.nt                        -2.50924e-179
x2.xs4.nh                                 3.08
x2.y4                                     3.08
x2.xs4.nt                          1.55212e-05
x2.xs5.nh                                 3.08
x2.xs5.nt                        -2.50924e-179
x2.nb1                                    3.08
x2.nb2                             4.56453e-07
clk2                                      3.08
x2.xcdec1.c_moscap_int1                  -3.08
x2.xcdec2.c_moscap_int1                  -3.08
n3                                        3.19
m3                                        3.19
q3a                                       3.19
q3b                                          0
q3c                                       3.19
x3.xbias.na                           0.852247
x3.xbias.vbpc                          2.36695
x3.xbias.nc                            0.16481
x3.xbias.xrcg.11                       0.16455
x3.xbias.xrcg.21                   0.000260231
x3.xbias.nsu                         0.0110931
x3.xbias.vfix                          1.37655
x3.xbias.nmd                          0.593202
x3.xbias.vbp0                          2.51912
x3.xbias.noff                         0.632063
x3.xbias.xroff.11                     0.631888
x3.xbias.xroff.21                  0.000174469
x3.xbias.nvi                          0.938769
x3.xbias.xrdeg.11                      0.93851
x3.xbias.xrdeg.21                  0.000259129
x3.xbias.b0b                        4.3004e-07
x3.xbias.b1b                              3.19
x3.xbias.b2b                        4.3004e-07
x3.xbias.vbn1                          0.59914
x3.xbias.ga                            2.51912
x3.xbias.vbp2                           2.5006
x3.xbias.gb                        1.20249e-07
x3.vbn                                0.744307
x3.xbias.gc                             2.5006
x3.vbp                                 2.31039
x3.xs1.nh                              1.19484
x3.y1                                        0
x3.y5                                        0
x3.xs1.nt                         4.41332e-103
x3.xs2.nh                                 3.19
x3.y2                                     3.19
x3.xs2.nt                          1.67032e-05
x3.xs3.nh                                 3.19
x3.y3                                        0
x3.xs3.nt                        -1.84291e-179
x3.xs4.nh                                 3.19
x3.y4                                     3.19
x3.xs4.nt                          1.67032e-05
x3.xs5.nh                                 3.19
x3.xs5.nt                        -1.84291e-179
x3.nb1                                    3.19
x3.nb2                             4.65969e-07
clk3                                      3.19
x3.xcdec1.c_moscap_int1                  -3.19
x3.xcdec2.c_moscap_int1                  -3.19
n4                                         3.3
m4                                         3.3
q4a                                        3.3
q4b                                          0
q4c                                        3.3
x4.xbias.na                           0.853679
x4.xbias.vbpc                          2.47614
x4.xbias.nc                           0.165656
x4.xbias.xrcg.11                      0.165394
x4.xbias.xrcg.21                   0.000261566
x4.xbias.nsu                         0.0120166
x4.xbias.vfix                          1.37802
x4.xbias.nmd                          0.593845
x4.xbias.vbp0                          2.62903
x4.xbias.noff                         0.633277
x4.xbias.xroff.11                     0.633102
x4.xbias.xroff.21                  0.000174804
x4.xbias.nvi                          0.938942
x4.xbias.xrdeg.11                     0.938683
x4.xbias.xrdeg.21                  0.000259177
x4.xbias.b0b                       4.39397e-07
x4.xbias.b1b                               3.3
x4.xbias.b2b                       4.39397e-07
x4.xbias.vbn1                         0.599353
x4.xbias.ga                            2.62903
x4.xbias.vbp2                          2.61004
x4.xbias.gb                        1.17901e-07
x4.vbn                                0.745368
x4.xbias.gc                            2.61004
x4.vbp                                  2.4184
x4.xs1.nh                               1.2091
x4.y1                                        0
x4.y5                                        0
x4.xs1.nt                         3.24859e-102
x4.xs2.nh                                  3.3
x4.y2                                      3.3
x4.xs2.nt                          1.79834e-05
x4.xs3.nh                                  3.3
x4.y3                                        0
x4.xs3.nt                         7.55841e-188
x4.xs4.nh                                  3.3
x4.y4                                      3.3
x4.xs4.nt                          1.79834e-05
x4.xs5.nh                                  3.3
x4.xs5.nt                         7.55841e-188
x4.nb1                                     3.3
x4.nb2                             4.76571e-07
clk4                                       3.3
x4.xcdec1.c_moscap_int1                   -3.3
x4.xcdec2.c_moscap_int1                   -3.3
n5                                        3.41
m5                                        3.41
q5a                                       3.41
q5b                                          0
q5c                                       3.41
x5.xbias.na                           0.855166
x5.xbias.vbpc                          2.58528
x5.xbias.nc                           0.166529
x5.xbias.xrcg.11                      0.166267
x5.xbias.xrcg.21                   0.000262946
x5.xbias.nsu                         0.0129782
x5.xbias.vfix                          1.37954
x5.xbias.nmd                          0.594509
x5.xbias.vbp0                          2.73894
x5.xbias.noff                         0.634523
x5.xbias.xroff.11                     0.634348
x5.xbias.xroff.21                  0.000175148
x5.xbias.nvi                          0.939113
x5.xbias.xrdeg.11                     0.938853
x5.xbias.xrdeg.21                  0.000259224
x5.xbias.b0b                        4.4982e-07
x5.xbias.b1b                              3.41
x5.xbias.b2b                        4.4982e-07
x5.xbias.vbn1                         0.599572
x5.xbias.ga                            2.73894
x5.xbias.vbp2                          2.71945
x5.xbias.gb                        1.15754e-07
x5.vbn                                0.746485
x5.xbias.gc                            2.71945
x5.vbp                                 2.52633
x5.xs1.nh                              1.22309
x5.y1                                        0
x5.y5                                        0
x5.xs1.nt                          -4.2097e-98
x5.xs2.nh                                 3.41
x5.y2                                     3.41
x5.xs2.nt                           1.9374e-05
x5.xs3.nh                                 3.41
x5.y3                                        0
x5.xs3.nt                         5.71174e-188
x5.xs4.nh                                 3.41
x5.y4                                     3.41
x5.xs4.nt                           1.9374e-05
x5.xs5.nh                                 3.41
x5.xs5.nt                         5.71174e-188
x5.nb1                                 3.40999
x5.nb2                              4.8837e-07
clk5                                      3.41
x5.xcdec1.c_moscap_int1                  -3.41
x5.xcdec2.c_moscap_int1                  -3.41
n6                                        3.52
m6                                        3.52
q6a                                       3.52
q6b                                          0
q6c                                       3.52
x6.xbias.na                           0.856748
x6.xbias.vbpc                          2.69436
x6.xbias.nc                           0.167451
x6.xbias.xrcg.11                      0.167186
x6.xbias.xrcg.21                     0.0002644
x6.xbias.nsu                         0.0139767
x6.xbias.vfix                          1.38114
x6.xbias.nmd                          0.595209
x6.xbias.vbp0                          2.84885
x6.xbias.noff                         0.635827
x6.xbias.xroff.11                     0.635651
x6.xbias.xroff.21                  0.000175508
x6.xbias.nvi                          0.939282
x6.xbias.xrdeg.11                     0.939022
x6.xbias.xrdeg.21                   0.00025927
x6.xbias.b0b                       4.61436e-07
x6.xbias.b1b                              3.52
x6.xbias.b2b                       4.61436e-07
x6.xbias.vbn1                         0.599803
x6.xbias.ga                            2.84885
x6.xbias.vbp2                          2.82881
x6.xbias.gb                        1.13786e-07
x6.vbn                                0.747685
x6.xbias.gc                            2.82881
x6.vbp                                 2.63414
x6.xs1.nh                              1.23688
x6.y1                                        0
x6.y5                                        0
x6.xs1.nt                         -3.46141e-36
x6.xs2.nh                                 3.52
x6.y2                                     3.52
x6.xs2.nt                          2.08896e-05
x6.xs3.nh                                 3.52
x6.y3                                        0
x6.xs3.nt                          4.28962e-61
x6.xs4.nh                                 3.52
x6.y4                                     3.52
x6.xs4.nt                          2.08896e-05
x6.xs5.nh                                 3.52
x6.xs5.nt                          4.28962e-61
x6.nb1                                 3.51999
x6.nb2                             5.01508e-07
clk6                                      3.52
x6.xcdec1.c_moscap_int1                  -3.52
x6.xcdec2.c_moscap_int1                  -3.52
n7                                        3.63
m7                                        3.63
q7a                                       3.63
q7b                                          0
q7c                                       3.63
x7.xbias.na                           0.858471
x7.xbias.vbpc                          2.80335
x7.xbias.nc                           0.168444
x7.xbias.xrcg.11                      0.168178
x7.xbias.xrcg.21                   0.000265969
x7.xbias.nsu                         0.0150104
x7.xbias.vfix                          1.38287
x7.xbias.nmd                          0.595965
x7.xbias.vbp0                          2.95874
x7.xbias.noff                         0.637221
x7.xbias.xroff.11                     0.637045
x7.xbias.xroff.21                  0.000175892
x7.xbias.nvi                          0.939449
x7.xbias.xrdeg.11                     0.939189
x7.xbias.xrdeg.21                  0.000259317
x7.xbias.b0b                       4.74399e-07
x7.xbias.b1b                           3.62999
x7.xbias.b2b                       4.74399e-07
x7.xbias.vbn1                         0.600052
x7.xbias.ga                            2.95874
x7.xbias.vbp2                           2.9381
x7.xbias.gb                        1.11979e-07
x7.vbn                                0.749002
x7.xbias.gc                             2.9381
x7.vbp                                 2.74178
x7.xs1.nh                              1.25052
x7.y1                                        0
x7.y5                                        0
x7.xs1.nt                         -3.01805e-22
x7.xs2.nh                                 3.63
x7.y2                                     3.63
x7.xs2.nt                           2.2547e-05
x7.xs3.nh                                 3.63
x7.y3                                        0
x7.xs3.nt                         -1.45565e-35
x7.xs4.nh                                 3.63
x7.y4                                     3.63
x7.xs4.nt                           2.2547e-05
x7.xs5.nh                                 3.63
x7.xs5.nt                         -1.45565e-35
x7.nb1                                 3.62999
x7.nb2                             5.16163e-07
clk7                                   3.62999
x7.xcdec1.c_moscap_int1                  -3.63
x7.xcdec2.c_moscap_int1                  -3.63
e.x7.xcdec2.ec_moscap#branch                 0
e.x7.xcdec1.ec_moscap#branch                 0
e.x6.xcdec2.ec_moscap#branch                 0
e.x6.xcdec1.ec_moscap#branch                 0
e.x5.xcdec2.ec_moscap#branch                 0
e.x5.xcdec1.ec_moscap#branch                 0
e.x4.xcdec2.ec_moscap#branch                 0
e.x4.xcdec1.ec_moscap#branch                 0
e.x3.xcdec2.ec_moscap#branch                 0
e.x3.xcdec1.ec_moscap#branch                 0
e.x2.xcdec2.ec_moscap#branch                 0
e.x2.xcdec1.ec_moscap#branch                 0
e.x1.xcdec2.ec_moscap#branch                 0
e.x1.xcdec1.ec_moscap#branch                 0
vq7c#branch                                  0
vq7b#branch                                  0
vq7a#branch                                  0
vam7#branch                        0.000172859
v7#branch                         -0.000172859
vq6c#branch                                  0
vq6b#branch                                  0
vq6a#branch                                  0
vam6#branch                        0.000171165
v6#branch                         -0.000171165
vq5c#branch                                  0
vq5b#branch                                  0
vq5a#branch                                  0
vam5#branch                        0.000169603
v5#branch                         -0.000169603
vq4c#branch                                  0
vq4b#branch                                  0
vq4a#branch                                  0
vam4#branch                        0.000168133
v4#branch                         -0.000168133
vq3c#branch                                  0
vq3b#branch                                  0
vq3a#branch                                  0
vam3#branch                        0.000166727
v3#branch                         -0.000166727
vq2c#branch                                  0
vq2b#branch                                  0
vq2a#branch                                  0
vam2#branch                        0.000165362
v2#branch                         -0.000165362
vq1c#branch                                  0
vq1b#branch                                  0
vq1a#branch                                  0
vam1#branch                        0.000164018
v1#branch                         -0.000164018
vc#branch                                    0

 Reference value :  0.00000e+00
 Reference value :  1.37044e-09
 Reference value :  3.07453e-09
 Reference value :  5.04769e-09
 Reference value :  5.91138e-09
 Reference value :  7.35983e-09
 Reference value :  1.00505e-08
 Reference value :  1.13224e-08
 Reference value :  1.23483e-08
 Reference value :  1.41868e-08
 Reference value :  1.60834e-08
 Reference value :  1.76266e-08
 Reference value :  1.92787e-08
 Reference value :  2.10056e-08
 Reference value :  2.32041e-08
 Reference value :  2.47064e-08
 Reference value :  2.64535e-08
 Reference value :  2.83325e-08
 Reference value :  3.01436e-08
 Reference value :  3.13704e-08
 Reference value :  3.37725e-08
 Reference value :  3.56173e-08
 Reference value :  3.74288e-08
 Reference value :  3.92197e-08
 Reference value :  4.10879e-08
 Reference value :  4.31291e-08
 Reference value :  4.48991e-08
 Reference value :  4.67461e-08
 Reference value :  4.86778e-08
 Reference value :  5.03652e-08
 Reference value :  5.22917e-08
 Reference value :  5.40069e-08
 Reference value :  5.60957e-08
 Reference value :  5.84443e-08
 Reference value :  6.07653e-08
 Reference value :  6.26022e-08
 Reference value :  6.43030e-08
 Reference value :  6.64789e-08
 Reference value :  6.82640e-08
 Reference value :  7.00064e-08
 Reference value :  7.21618e-08
 Reference value :  7.40691e-08
 Reference value :  7.61792e-08
 Reference value :  7.80571e-08
 Reference value :  8.00849e-08
 Reference value :  8.17157e-08
 Reference value :  8.36265e-08
 Reference value :  8.57123e-08
 Reference value :  8.74319e-08
 Reference value :  8.96895e-08
 Reference value :  9.16355e-08
 Reference value :  9.31518e-08
 Reference value :  9.53168e-08
 Reference value :  9.68081e-08
 Reference value :  9.87229e-08
No. of Data Rows : 1335

  Measurements for Transient Analysis

tp1                 =  3.86058e-08 targ=  7.76044e-08 trig=  3.89985e-08
tp2                 =  4.06496e-08 targ=  8.16245e-08 trig=  4.09748e-08
tp3                 =  4.25872e-08 targ=  8.55290e-08 trig=  4.29418e-08
tp4                 =  4.45261e-08 targ=  8.93343e-08 trig=  4.48082e-08
tp5                 =  4.63418e-08 targ=  9.29609e-08 trig=  4.66190e-08
tp6                 =  4.80761e-08 targ=  9.64410e-08 trig=  4.83649e-08
tp7                 =  4.97332e-08 targ=  8.73065e-08 trig=  3.75733e-08
f1                  =  1.03611e+08
f2                  =  9.84019e+07
f3                  =  9.39249e+07
f4                  =  8.98350e+07
f5                  =  8.63151e+07
f6                  =  8.32015e+07
f7                  =  8.04292e+07
i1                  =  2.25706e-04 from=  3.64390e-08 to=  1.00207e-07
i2                  =  2.27900e-04 from=  3.64390e-08 to=  1.00207e-07
i3                  =  2.33469e-04 from=  3.64390e-08 to=  1.00207e-07
i4                  =  2.35600e-04 from=  3.64390e-08 to=  1.00207e-07
i5                  =  2.41438e-04 from=  3.64390e-08 to=  1.00207e-07
i6                  =  2.42624e-04 from=  3.64390e-08 to=  1.00207e-07
i7                  =  2.52339e-04 from=  3.64390e-08 to=  1.00207e-07

ngspice-46 done

