
Note: No compatibility mode selected!


Circuit: * vco-supply-pushing-jitter @ push_all-fast_27c_3.30v_band1_r16_f125 -- generated by sim/harness, do not edit

Doing analysis at TEMP = 27.000000 and TNOM = 27.000000

Using SPARSE 1.3 as Direct Linear Solver

Initial Transient Solution
--------------------------

Node                                   Voltage
----                                   -------
vctl                                       1.8
n1                                        2.97
m1                                        2.97
q1a                                       2.97
q1b                                          0
q1c                                          0
x1.xbias.na                           0.894733
x1.xbias.vbpc                          2.07767
x1.xbias.nc                           0.143656
x1.xbias.xrcg.11                      0.143294
x1.xbias.xrcg.21                   0.000362521
x1.xbias.nsu                        0.00915759
x1.xbias.vfix                          1.56551
x1.xbias.nmd                          0.677176
x1.xbias.vbp0                          2.19401
x1.xbias.noff                         0.702802
x1.xbias.xroff.11                     0.702491
x1.xbias.xroff.21                   0.00031053
x1.xbias.nvi                          0.875236
x1.xbias.xrdeg.11                     0.874849
x1.xbias.xrdeg.21                  0.000386719
x1.xbias.b0b                       5.17554e-09
x1.xbias.b1b                              2.97
x1.xbias.b2b                              2.97
x1.xbias.vbn1                         0.684808
x1.xbias.ga                            2.19401
x1.xbias.vbp2                          2.18119
x1.xbias.gb                        2.40883e-10
x1.vbn                                0.633261
x1.xbias.gc                               2.97
x1.vbp                                 2.21728
x1.xs1.nh                               1.0553
x1.y1                                        0
x1.y5                                        0
x1.xs1.nt                         -6.27447e-18
x1.xs2.nh                                 2.97
x1.y2                                     2.97
x1.xs2.nt                          2.53185e-07
x1.xs3.nh                                 2.97
x1.y3                                        0
x1.xs3.nt                          4.89042e-46
x1.xs4.nh                                 2.97
x1.y4                                     2.97
x1.xs4.nt                          2.53185e-07
x1.xs5.nh                                 2.97
x1.xs5.nt                          4.89042e-46
x1.nb1                                    2.97
x1.nb2                              3.7395e-09
clk1                                      2.97
x1.xcdec1.c_moscap_int1                  -2.97
x1.xcdec2.c_moscap_int1                  -2.97
n2                                        3.08
m2                                        3.08
q2a                                       3.08
q2b                                          0
q2c                                          0
x2.xbias.na                           0.895877
x2.xbias.vbpc                          2.18701
x2.xbias.nc                           0.144374
x2.xbias.xrcg.11                       0.14401
x2.xbias.xrcg.21                   0.000364332
x2.xbias.nsu                        0.00999953
x2.xbias.vfix                          1.56675
x2.xbias.nmd                          0.677724
x2.xbias.vbp0                          2.30395
x2.xbias.noff                         0.703889
x2.xbias.xroff.11                     0.703578
x2.xbias.xroff.21                   0.00031101
x2.xbias.nvi                           0.87542
x2.xbias.xrdeg.11                     0.875033
x2.xbias.xrdeg.21                    0.0003868
x2.xbias.b0b                       5.33032e-09
x2.xbias.b1b                              3.08
x2.xbias.b2b                              3.08
x2.xbias.vbn1                         0.684996
x2.xbias.ga                            2.30395
x2.xbias.vbp2                          2.29071
x2.xbias.gb                          2.364e-10
x2.vbn                                0.633704
x2.xbias.gc                               3.08
x2.vbp                                 2.32613
x2.xs1.nh                              1.06857
x2.y1                                        0
x2.y5                                        0
x2.xs1.nt                         -3.26625e-18
x2.xs2.nh                                 3.08
x2.y2                                     3.08
x2.xs2.nt                          2.78014e-07
x2.xs3.nh                                 3.08
x2.y3                                        0
x2.xs3.nt                         -1.35741e-45
x2.xs4.nh                                 3.08
x2.y4                                     3.08
x2.xs4.nt                          2.78014e-07
x2.xs5.nh                                 3.08
x2.xs5.nt                         -1.35741e-45
x2.nb1                                    3.08
x2.nb2                             3.88347e-09
clk2                                      3.08
x2.xcdec1.c_moscap_int1                  -3.08
x2.xcdec2.c_moscap_int1                  -3.08
n3                                        3.19
m3                                        3.19
q3a                                       3.19
q3b                                          0
q3c                                          0
x3.xbias.na                           0.897021
x3.xbias.vbpc                          2.29635
x3.xbias.nc                           0.145091
x3.xbias.xrcg.11                      0.144725
x3.xbias.xrcg.21                   0.000366141
x3.xbias.nsu                         0.0108762
x3.xbias.vfix                          1.56798
x3.xbias.nmd                          0.678267
x3.xbias.vbp0                          2.41388
x3.xbias.noff                         0.704965
x3.xbias.xroff.11                     0.704654
x3.xbias.xroff.21                  0.000311486
x3.xbias.nvi                          0.875602
x3.xbias.xrdeg.11                     0.875215
x3.xbias.xrdeg.21                  0.000386881
x3.xbias.b0b                       5.51018e-09
x3.xbias.b1b                              3.19
x3.xbias.b2b                              3.19
x3.xbias.vbn1                         0.685182
x3.xbias.ga                            2.41388
x3.xbias.vbp2                          2.40022
x3.xbias.gb                        2.32391e-10
x3.vbn                                 0.63415
x3.xbias.gc                               3.19
x3.vbp                                 2.43497
x3.xs1.nh                              1.08152
x3.y1                                        0
x3.y5                                        0
x3.xs1.nt                         -7.95053e-19
x3.xs2.nh                                 3.19
x3.y2                                     3.19
x3.xs2.nt                          3.05358e-07
x3.xs3.nh                                 3.19
x3.y3                                        0
x3.xs3.nt                          6.77874e-46
x3.xs4.nh                                 3.19
x3.y4                                     3.19
x3.xs4.nt                          3.05358e-07
x3.xs5.nh                                 3.19
x3.xs5.nt                          6.77874e-46
x3.nb1                                    3.19
x3.nb2                             4.05766e-09
clk3                                      3.19
x3.xcdec1.c_moscap_int1                  -3.19
x3.xcdec2.c_moscap_int1                  -3.19
n4                                         3.3
m4                                         3.3
q4a                                        3.3
q4b                                          0
q4c                                          0
x4.xbias.na                            0.89818
x4.xbias.vbpc                          2.40567
x4.xbias.nc                           0.145816
x4.xbias.xrcg.11                      0.145448
x4.xbias.xrcg.21                    0.00036797
x4.xbias.nsu                         0.0117868
x4.xbias.vfix                          1.56922
x4.xbias.nmd                          0.678813
x4.xbias.vbp0                          2.52382
x4.xbias.noff                         0.706045
x4.xbias.xroff.11                     0.705733
x4.xbias.xroff.21                  0.000311963
x4.xbias.nvi                          0.875782
x4.xbias.xrdeg.11                     0.875395
x4.xbias.xrdeg.21                   0.00038696
x4.xbias.b0b                       5.72155e-09
x4.xbias.b1b                               3.3
x4.xbias.b2b                               3.3
x4.xbias.vbn1                         0.685367
x4.xbias.ga                            2.52382
x4.xbias.vbp2                          2.50971
x4.xbias.gb                        2.28799e-10
x4.vbn                                0.634608
x4.xbias.gc                                3.3
x4.vbp                                 2.54378
x4.xs1.nh                              1.09417
x4.y1                                        0
x4.y5                                        0
x4.xs1.nt                          4.45113e-18
x4.xs2.nh                                  3.3
x4.y2                                      3.3
x4.xs2.nt                          3.35539e-07
x4.xs3.nh                                  3.3
x4.y3                                        0
x4.xs3.nt                          6.19735e-46
x4.xs4.nh                                  3.3
x4.y4                                      3.3
x4.xs4.nt                          3.35539e-07
x4.xs5.nh                                  3.3
x4.xs5.nt                          6.19735e-46
x4.nb1                                     3.3
x4.nb2                              4.2703e-09
clk4                                       3.3
x4.xcdec1.c_moscap_int1                   -3.3
x4.xcdec2.c_moscap_int1                   -3.3
n5                                        3.41
m5                                        3.41
q5a                                       3.41
q5b                                          0
q5c                                          0
x5.xbias.na                           0.899379
x5.xbias.vbpc                          2.51496
x5.xbias.nc                            0.14656
x5.xbias.xrcg.11                       0.14619
x5.xbias.xrcg.21                   0.000369849
x5.xbias.nsu                         0.0127301
x5.xbias.vfix                          1.57048
x5.xbias.nmd                          0.679372
x5.xbias.vbp0                          2.63375
x5.xbias.noff                         0.707145
x5.xbias.xroff.11                     0.706832
x5.xbias.xroff.21                  0.000312449
x5.xbias.nvi                          0.875959
x5.xbias.xrdeg.11                     0.875572
x5.xbias.xrdeg.21                  0.000387038
x5.xbias.b0b                       5.97207e-09
x5.xbias.b1b                              3.41
x5.xbias.b2b                              3.41
x5.xbias.vbn1                         0.685555
x5.xbias.ga                            2.63375
x5.xbias.vbp2                          2.61918
x5.xbias.gb                        2.25574e-10
x5.vbn                                0.635083
x5.xbias.gc                               3.41
x5.vbp                                 2.65255
x5.xs1.nh                              1.10654
x5.y1                                        0
x5.y5                                        0
x5.xs1.nt                          -1.0234e-15
x5.xs2.nh                                 3.41
x5.y2                                     3.41
x5.xs2.nt                          3.68932e-07
x5.xs3.nh                                 3.41
x5.y3                                        0
x5.xs3.nt                          5.61705e-46
x5.xs4.nh                                 3.41
x5.y4                                     3.41
x5.xs4.nt                          3.68932e-07
x5.xs5.nh                                 3.41
x5.xs5.nt                          5.61705e-46
x5.nb1                                    3.41
x5.nb2                             4.53115e-09
clk5                                      3.41
x5.xcdec1.c_moscap_int1                  -3.41
x5.xcdec2.c_moscap_int1                  -3.41
n6                                        3.52
m6                                        3.52
q6a                                       3.52
q6b                                          0
q6c                                          0
x6.xbias.na                           0.900643
x6.xbias.vbpc                          2.62421
x6.xbias.nc                           0.147339
x6.xbias.xrcg.11                      0.146967
x6.xbias.xrcg.21                   0.000371815
x6.xbias.nsu                         0.0137045
x6.xbias.vfix                          1.57181
x6.xbias.nmd                          0.679956
x6.xbias.vbp0                          2.74368
x6.xbias.noff                         0.708284
x6.xbias.xroff.11                     0.707971
x6.xbias.xroff.21                  0.000312952
x6.xbias.nvi                          0.876135
x6.xbias.xrdeg.11                     0.875748
x6.xbias.xrdeg.21                  0.000387116
x6.xbias.b0b                       6.27064e-09
x6.xbias.b1b                              3.52
x6.xbias.b2b                              3.52
x6.xbias.vbn1                          0.68575
x6.xbias.ga                            2.74368
x6.xbias.vbp2                          2.72862
x6.xbias.gb                        2.22675e-10
x6.vbn                                0.635587
x6.xbias.gc                               3.52
x6.vbp                                 2.76126
x6.xs1.nh                              1.11867
x6.y1                                        0
x6.y5                                        0
x6.xs1.nt                         -8.76959e-16
x6.xs2.nh                                 3.52
x6.y2                                     3.52
x6.xs2.nt                           4.0598e-07
x6.xs3.nh                                 3.52
x6.y3                                        0
x6.xs3.nt                          1.05744e-46
x6.xs4.nh                                 3.52
x6.y4                                     3.52
x6.xs4.nt                           4.0598e-07
x6.xs5.nh                                 3.52
x6.xs5.nt                          1.05744e-46
x6.nb1                                    3.52
x6.nb2                             4.85156e-09
clk6                                      3.52
x6.xcdec1.c_moscap_int1                  -3.52
x6.xcdec2.c_moscap_int1                  -3.52
n7                                        3.63
m7                                        3.63
q7a                                       3.63
q7b                                          0
q7c                                          0
x7.xbias.na                            0.90201
x7.xbias.vbpc                          2.73337
x7.xbias.nc                           0.148171
x7.xbias.xrcg.11                      0.147797
x7.xbias.xrcg.21                   0.000373913
x7.xbias.nsu                         0.0147076
x7.xbias.vfix                          1.57322
x7.xbias.nmd                           0.68058
x7.xbias.vbp0                           2.8536
x7.xbias.noff                         0.709489
x7.xbias.xroff.11                     0.709175
x7.xbias.xroff.21                  0.000313484
x7.xbias.nvi                          0.876309
x7.xbias.xrdeg.11                     0.875921
x7.xbias.xrdeg.21                  0.000387193
x7.xbias.b0b                       6.62743e-09
x7.xbias.b1b                              3.63
x7.xbias.b2b                              3.63
x7.xbias.vbn1                         0.685955
x7.xbias.ga                             2.8536
x7.xbias.vbp2                          2.83801
x7.xbias.gb                        2.20066e-10
x7.vbn                                0.636131
x7.xbias.gc                               3.63
x7.vbp                                 2.86989
x7.xs1.nh                              1.13057
x7.y1                                        0
x7.y5                                        0
x7.xs1.nt                         -7.14012e-16
x7.xs2.nh                                 3.63
x7.y2                                     3.63
x7.xs2.nt                          4.47203e-07
x7.xs3.nh                                 3.63
x7.y3                                        0
x7.xs3.nt                          8.97006e-46
x7.xs4.nh                                 3.63
x7.y4                                     3.63
x7.xs4.nt                          4.47203e-07
x7.xs5.nh                                 3.63
x7.xs5.nt                          8.97006e-46
x7.nb1                                    3.63
x7.nb2                             5.24451e-09
clk7                                      3.63
x7.xcdec1.c_moscap_int1                  -3.63
x7.xcdec2.c_moscap_int1                  -3.63
e.x7.xcdec2.ec_moscap#branch                 0
e.x7.xcdec1.ec_moscap#branch                 0
e.x6.xcdec2.ec_moscap#branch                 0
e.x6.xcdec1.ec_moscap#branch                 0
e.x5.xcdec2.ec_moscap#branch                 0
e.x5.xcdec1.ec_moscap#branch                 0
e.x4.xcdec2.ec_moscap#branch                 0
e.x4.xcdec1.ec_moscap#branch                 0
e.x3.xcdec2.ec_moscap#branch                 0
e.x3.xcdec1.ec_moscap#branch                 0
e.x2.xcdec2.ec_moscap#branch                 0
e.x2.xcdec1.ec_moscap#branch                 0
e.x1.xcdec2.ec_moscap#branch                 0
e.x1.xcdec1.ec_moscap#branch                 0
vq7c#branch                                  0
vq7b#branch                                  0
vq7a#branch                                  0
vam7#branch                        8.85832e-05
v7#branch                         -8.85832e-05
vq6c#branch                                  0
vq6b#branch                                  0
vq6a#branch                                  0
vam6#branch                        8.78825e-05
v6#branch                         -8.78825e-05
vq5c#branch                                  0
vq5b#branch                                  0
vq5a#branch                                  0
vam5#branch                        8.72297e-05
v5#branch                         -8.72297e-05
vq4c#branch                                  0
vq4b#branch                                  0
vq4a#branch                                  0
vam4#branch                        8.66117e-05
v4#branch                         -8.66117e-05
vq3c#branch                                  0
vq3b#branch                                  0
vq3a#branch                                  0
vam3#branch                        8.60179e-05
v3#branch                         -8.60179e-05
vq2c#branch                                  0
vq2b#branch                                  0
vq2a#branch                                  0
vam2#branch                        8.54402e-05
v2#branch                         -8.54402e-05
vq1c#branch                                  0
vq1b#branch                                  0
vq1a#branch                                  0
vam1#branch                        8.48724e-05
v1#branch                         -8.48724e-05
vc#branch                                    0

 Reference value :  0.00000e+00
 Reference value :  1.59961e-08
 Reference value :  3.12428e-08
 Reference value :  3.42260e-08
 Reference value :  3.69160e-08
 Reference value :  5.09095e-08
 Reference value :  6.57104e-08
 Reference value :  7.04054e-08
 Reference value :  7.46978e-08
 Reference value :  7.82040e-08
 Reference value :  8.58073e-08
 Reference value :  9.81216e-08
 Reference value :  1.06802e-07
 Reference value :  1.12221e-07
 Reference value :  1.21170e-07
 Reference value :  1.33224e-07
 Reference value :  1.43055e-07
 Reference value :  1.51452e-07
 Reference value :  1.59849e-07
 Reference value :  1.70936e-07
 Reference value :  1.80414e-07
 Reference value :  1.89099e-07
 Reference value :  1.95523e-07
 Reference value :  2.07717e-07
 Reference value :  2.18357e-07
 Reference value :  2.26044e-07
 Reference value :  2.36492e-07
 Reference value :  2.45006e-07
 Reference value :  2.59031e-07
 Reference value :  2.67358e-07
 Reference value :  2.78755e-07
 Reference value :  2.90332e-07
 Reference value :  3.03826e-07
 Reference value :  3.15520e-07
 Reference value :  3.25630e-07
 Reference value :  3.38550e-07
 Reference value :  3.49457e-07
 Reference value :  3.57672e-07
 Reference value :  3.72250e-07
 Reference value :  3.83826e-07
 Reference value :  3.90963e-07
 Reference value :  3.96033e-07
 Reference value :  4.08232e-07
 Reference value :  4.19924e-07
 Reference value :  4.30699e-07
 Reference value :  4.43222e-07
 Reference value :  4.52433e-07
 Reference value :  4.60305e-07
 Reference value :  4.71881e-07
 Reference value :  4.83857e-07
 Reference value :  4.91807e-07
 Reference value :  5.04566e-07
 Reference value :  5.15917e-07
 Reference value :  5.23110e-07
 Reference value :  5.37530e-07
 Reference value :  5.50172e-07
 Reference value :  5.58832e-07
 Reference value :  5.72047e-07
 Reference value :  5.84168e-07
 Reference value :  5.93262e-07
 Reference value :  6.03126e-07
 Reference value :  6.15203e-07
 Reference value :  6.29823e-07
 Reference value :  6.38380e-07
 Reference value :  6.51964e-07
 Reference value :  6.66397e-07
 Reference value :  6.78295e-07
 Reference value :  6.91177e-07
 Reference value :  7.06531e-07
 Reference value :  7.14357e-07
 Reference value :  7.26768e-07
 Reference value :  7.41116e-07
 Reference value :  7.51116e-07
 Reference value :  7.67629e-07
 Reference value :  7.78830e-07
 Reference value :  7.84927e-07
 Reference value :  8.00474e-07
No. of Data Rows : 1544

  Measurements for Transient Analysis

tp1                 =  2.59716e-07 targ=  5.84340e-07 trig=  3.24624e-07
tp2                 =  2.69969e-07 targ=  6.07729e-07 trig=  3.37760e-07
tp3                 =  2.80194e-07 targ=  6.30043e-07 trig=  3.49849e-07
tp4                 =  2.89922e-07 targ=  6.51589e-07 trig=  3.61668e-07
tp5                 =  2.98119e-07 targ=  5.96901e-07 trig=  2.98782e-07
tp6                 =  3.06482e-07 targ=  6.13545e-07 trig=  3.07063e-07
tp7                 =  3.14114e-07 targ=  6.28929e-07 trig=  3.14816e-07
f1                  =  1.54015e+07
f2                  =  1.48165e+07
f3                  =  1.42758e+07
f4                  =  1.37968e+07
f5                  =  1.34174e+07
f6                  =  1.30513e+07
f7                  =  1.27342e+07
i1                  =  1.06124e-04 from=  2.91693e-07 to=  8.02155e-07
i2                  =  1.09165e-04 from=  2.91693e-07 to=  8.02155e-07
i3                  =  1.12325e-04 from=  2.91693e-07 to=  8.02155e-07
i4                  =  1.14215e-04 from=  2.91693e-07 to=  8.02155e-07
i5                  =  1.15029e-04 from=  2.91693e-07 to=  8.02155e-07
i6                  =  1.16832e-04 from=  2.91693e-07 to=  8.02155e-07
i7                  =  1.21510e-04 from=  2.91693e-07 to=  8.02155e-07

ngspice-46 done

