
Note: No compatibility mode selected!


Circuit: * vco-supply-pushing-jitter @ push_typical_27c_3.30v_band6_r16_f100 -- generated by sim/harness, do not edit

Doing analysis at TEMP = 27.000000 and TNOM = 27.000000

Using SPARSE 1.3 as Direct Linear Solver

Initial Transient Solution
--------------------------

Node                                   Voltage
----                                   -------
vctl                                       1.8
n1                                        2.97
m1                                        2.97
q1a                                          0
q1b                                       2.97
q1c                                       2.97
x1.xbias.na                           0.937711
x1.xbias.vbpc                          2.00314
x1.xbias.nc                           0.118758
x1.xbias.xrcg.11                      0.118533
x1.xbias.xrcg.21                    0.00022505
x1.xbias.nsu                        0.00993799
x1.xbias.vfix                          1.75256
x1.xbias.nmd                          0.754001
x1.xbias.vbp0                          2.09029
x1.xbias.noff                         0.762416
x1.xbias.xroff.11                     0.762163
x1.xbias.xroff.21                  0.000252708
x1.xbias.nvi                          0.797039
x1.xbias.xrdeg.11                     0.796774
x1.xbias.xrdeg.21                  0.000264184
x1.xbias.b0b                              2.97
x1.xbias.b1b                       5.04134e-09
x1.xbias.b2b                       5.04134e-09
x1.xbias.vbn1                         0.738372
x1.xbias.ga                               2.97
x1.xbias.vbp2                          2.03373
x1.xbias.gb                           0.738372
x1.vbn                                0.965207
x1.xbias.gc                            2.03373
x1.vbp                                 1.84045
x1.xs1.nh                              1.41172
x1.y1                                        0
x1.y5                                        0
x1.xs1.nt                         -1.21998e-34
x1.xs2.nh                                 2.97
x1.y2                                     2.97
x1.xs2.nt                          3.45489e-09
x1.xs3.nh                                 2.97
x1.y3                                        0
x1.xs3.nt                          3.66168e-46
x1.xs4.nh                                 2.97
x1.y4                                     2.97
x1.xs4.nt                          3.45489e-09
x1.xs5.nh                                 2.97
x1.xs5.nt                          3.66168e-46
x1.nb1                                    2.97
x1.nb2                             3.40312e-09
clk1                                      2.97
x1.xcdec1.c_moscap_int1                  -2.97
x1.xcdec2.c_moscap_int1                  -2.97
n2                                        3.08
m2                                        3.08
q2a                                          0
q2b                                       3.08
q2c                                       3.08
x2.xbias.na                           0.938696
x2.xbias.vbpc                          2.11256
x2.xbias.nc                           0.119378
x2.xbias.xrcg.11                      0.119152
x2.xbias.xrcg.21                   0.000226226
x2.xbias.nsu                         0.0109178
x2.xbias.vfix                          1.75373
x2.xbias.nmd                          0.754515
x2.xbias.vbp0                          2.20024
x2.xbias.noff                         0.763454
x2.xbias.xroff.11                     0.763201
x2.xbias.xroff.21                  0.000253052
x2.xbias.nvi                          0.797225
x2.xbias.xrdeg.11                     0.796961
x2.xbias.xrdeg.21                  0.000264246
x2.xbias.b0b                              3.08
x2.xbias.b1b                       5.15433e-09
x2.xbias.b2b                       5.15433e-09
x2.xbias.vbn1                         0.738525
x2.xbias.ga                               3.08
x2.xbias.vbp2                          2.14311
x2.xbias.gb                           0.738525
x2.vbn                                0.966458
x2.xbias.gc                            2.14311
x2.vbp                                 1.94814
x2.xs1.nh                              1.42862
x2.y1                                        0
x2.y5                                        0
x2.xs1.nt                          3.53627e-17
x2.xs2.nh                                 3.08
x2.y2                                     3.08
x2.xs2.nt                          3.75741e-09
x2.xs3.nh                                 3.08
x2.y3                                        0
x2.xs3.nt                         -4.60404e-32
x2.xs4.nh                                 3.08
x2.y4                                     3.08
x2.xs4.nt                          3.75741e-09
x2.xs5.nh                                 3.08
x2.xs5.nt                         -4.60404e-32
x2.nb1                                    3.08
x2.nb2                             3.50032e-09
clk2                                      3.08
x2.xcdec1.c_moscap_int1                  -3.08
x2.xcdec2.c_moscap_int1                  -3.08
n3                                        3.19
m3                                        3.19
q3a                                          0
q3b                                       3.19
q3c                                       3.19
x3.xbias.na                           0.939678
x3.xbias.vbpc                          2.22198
x3.xbias.nc                           0.119996
x3.xbias.xrcg.11                      0.119769
x3.xbias.xrcg.21                   0.000227397
x3.xbias.nsu                         0.0119429
x3.xbias.vfix                          1.75488
x3.xbias.nmd                          0.755021
x3.xbias.vbp0                          2.31018
x3.xbias.noff                         0.764478
x3.xbias.xroff.11                     0.764224
x3.xbias.xroff.21                  0.000253392
x3.xbias.nvi                           0.79741
x3.xbias.xrdeg.11                     0.797146
x3.xbias.xrdeg.21                  0.000264307
x3.xbias.b0b                              3.19
x3.xbias.b1b                       5.28404e-09
x3.xbias.b2b                       5.28404e-09
x3.xbias.vbn1                         0.738676
x3.xbias.ga                               3.19
x3.xbias.vbp2                          2.25248
x3.xbias.gb                           0.738676
x3.vbn                                0.967709
x3.xbias.gc                            2.25248
x3.vbp                                 2.05584
x3.xs1.nh                              1.44509
x3.y1                                        0
x3.y5                                        0
x3.xs1.nt                         -1.16091e-26
x3.xs2.nh                                 3.19
x3.y2                                     3.19
x3.xs2.nt                          4.08679e-09
x3.xs3.nh                                 3.19
x3.y3                                        0
x3.xs3.nt                          -6.8268e-33
x3.xs4.nh                                 3.19
x3.y4                                     3.19
x3.xs4.nt                          4.08679e-09
x3.xs5.nh                                 3.19
x3.xs5.nt                          -6.8268e-33
x3.nb1                                    3.19
x3.nb2                             3.61701e-09
clk3                                      3.19
x3.xcdec1.c_moscap_int1                  -3.19
x3.xcdec2.c_moscap_int1                  -3.19
n4                                         3.3
m4                                         3.3
q4a                                          0
q4b                                        3.3
q4c                                        3.3
x4.xbias.na                           0.940667
x4.xbias.vbpc                          2.33139
x4.xbias.nc                           0.120618
x4.xbias.xrcg.11                      0.120389
x4.xbias.xrcg.21                   0.000228576
x4.xbias.nsu                         0.0130128
x4.xbias.vfix                          1.75603
x4.xbias.nmd                          0.755526
x4.xbias.vbp0                          2.42012
x4.xbias.noff                         0.765497
x4.xbias.xroff.11                     0.765243
x4.xbias.xroff.21                   0.00025373
x4.xbias.nvi                          0.797592
x4.xbias.xrdeg.11                     0.797328
x4.xbias.xrdeg.21                  0.000264368
x4.xbias.b0b                               3.3
x4.xbias.b1b                        5.4347e-09
x4.xbias.b2b                        5.4347e-09
x4.xbias.vbn1                         0.738825
x4.xbias.ga                                3.3
x4.xbias.vbp2                          2.36184
x4.xbias.gb                           0.738825
x4.vbn                                0.968971
x4.xbias.gc                            2.36184
x4.vbp                                 2.16352
x4.xs1.nh                              1.46118
x4.y1                                        0
x4.y5                                        0
x4.xs1.nt                          9.49068e-27
x4.xs2.nh                                  3.3
x4.y2                                      3.3
x4.xs2.nt                           4.4465e-09
x4.xs3.nh                                  3.3
x4.y3                                        0
x4.xs3.nt                         -3.17742e-46
x4.xs4.nh                                  3.3
x4.y4                                      3.3
x4.xs4.nt                           4.4465e-09
x4.xs5.nh                                  3.3
x4.xs5.nt                         -3.17742e-46
x4.nb1                                     3.3
x4.nb2                             3.75871e-09
clk4                                       3.3
x4.xcdec1.c_moscap_int1                   -3.3
x4.xcdec2.c_moscap_int1                   -3.3
n5                                        3.41
m5                                        3.41
q5a                                          0
q5b                                       3.41
q5c                                       3.41
x5.xbias.na                            0.94168
x5.xbias.vbpc                          2.44078
x5.xbias.nc                           0.121252
x5.xbias.xrcg.11                      0.121022
x5.xbias.xrcg.21                   0.000229777
x5.xbias.nsu                         0.0141264
x5.xbias.vfix                          1.75719
x5.xbias.nmd                          0.756038
x5.xbias.vbp0                          2.53006
x5.xbias.noff                         0.766526
x5.xbias.xroff.11                     0.766272
x5.xbias.xroff.21                  0.000254071
x5.xbias.nvi                          0.797772
x5.xbias.xrdeg.11                     0.797508
x5.xbias.xrdeg.21                  0.000264427
x5.xbias.b0b                              3.41
x5.xbias.b1b                       5.61151e-09
x5.xbias.b2b                       5.61151e-09
x5.xbias.vbn1                         0.738975
x5.xbias.ga                               3.41
x5.xbias.vbp2                          2.47118
x5.xbias.gb                           0.738975
x5.vbn                                0.970257
x5.xbias.gc                            2.47118
x5.vbp                                 2.27118
x5.xs1.nh                               1.4769
x5.y1                                        0
x5.y5                                        0
x5.xs1.nt                         -4.01893e-27
x5.xs2.nh                                 3.41
x5.y2                                     3.41
x5.xs2.nt                          4.84031e-09
x5.xs3.nh                                 3.41
x5.y3                                        0
x5.xs3.nt                         -8.11589e-74
x5.xs4.nh                                 3.41
x5.y4                                     3.41
x5.xs4.nt                          4.84031e-09
x5.xs5.nh                                 3.41
x5.xs5.nt                         -8.11589e-74
x5.nb1                                    3.41
x5.nb2                             3.93212e-09
clk5                                      3.41
x5.xcdec1.c_moscap_int1                  -3.41
x5.xcdec2.c_moscap_int1                  -3.41
n6                                        3.52
m6                                        3.52
q6a                                          0
q6b                                       3.52
q6c                                       3.52
x6.xbias.na                           0.942738
x6.xbias.vbpc                          2.55014
x6.xbias.nc                           0.121907
x6.xbias.xrcg.11                      0.121676
x6.xbias.xrcg.21                   0.000231019
x6.xbias.nsu                         0.0152825
x6.xbias.vfix                          1.75839
x6.xbias.nmd                          0.756566
x6.xbias.vbp0                             2.64
x6.xbias.noff                         0.767581
x6.xbias.xroff.11                     0.767326
x6.xbias.xroff.21                   0.00025442
x6.xbias.nvi                           0.79795
x6.xbias.xrdeg.11                     0.797686
x6.xbias.xrdeg.21                  0.000264486
x6.xbias.b0b                              3.52
x6.xbias.b1b                       5.82061e-09
x6.xbias.b2b                       5.82061e-09
x6.xbias.vbn1                         0.739128
x6.xbias.ga                               3.52
x6.xbias.vbp2                          2.58049
x6.xbias.gb                           0.739128
x6.vbn                                0.971586
x6.xbias.gc                            2.58049
x6.vbp                                 2.37878
x6.xs1.nh                               1.4923
x6.y1                                        0
x6.y5                                        0
x6.xs1.nt                         -8.60814e-35
x6.xs2.nh                                 3.52
x6.y2                                     3.52
x6.xs2.nt                          5.27264e-09
x6.xs3.nh                                 3.52
x6.y3                                        0
x6.xs3.nt                          -4.7632e-74
x6.xs4.nh                                 3.52
x6.y4                                     3.52
x6.xs4.nt                          5.27264e-09
x6.xs5.nh                                 3.52
x6.xs5.nt                          -4.7632e-74
x6.nb1                                    3.52
x6.nb2                              4.1452e-09
clk6                                      3.52
x6.xcdec1.c_moscap_int1                  -3.52
x6.xcdec2.c_moscap_int1                  -3.52
n7                                        3.63
m7                                        3.63
q7a                                          0
q7b                                       3.63
q7c                                       3.63
x7.xbias.na                           0.943865
x7.xbias.vbpc                          2.65945
x7.xbias.nc                           0.122598
x7.xbias.xrcg.11                      0.122366
x7.xbias.xrcg.21                   0.000232328
x7.xbias.nsu                         0.0164788
x7.xbias.vfix                          1.75966
x7.xbias.nmd                          0.757122
x7.xbias.vbp0                          2.74993
x7.xbias.noff                          0.76868
x7.xbias.xroff.11                     0.768425
x7.xbias.xroff.21                  0.000254785
x7.xbias.nvi                          0.798127
x7.xbias.xrdeg.11                     0.797863
x7.xbias.xrdeg.21                  0.000264545
x7.xbias.b0b                              3.63
x7.xbias.b1b                        6.0692e-09
x7.xbias.b2b                        6.0692e-09
x7.xbias.vbn1                         0.739286
x7.xbias.ga                               3.63
x7.xbias.vbp2                          2.68977
x7.xbias.gb                           0.739286
x7.vbn                                 0.97298
x7.xbias.gc                            2.68977
x7.vbp                                 2.48629
x7.xs1.nh                              1.50742
x7.y1                                        0
x7.y5                                        0
x7.xs1.nt                         -1.65652e-13
x7.xs2.nh                                 3.63
x7.y2                                     3.63
x7.xs2.nt                          5.74852e-09
x7.xs3.nh                                 3.63
x7.y3                                        0
x7.xs3.nt                         -1.32503e-59
x7.xs4.nh                                 3.63
x7.y4                                     3.63
x7.xs4.nt                          5.74852e-09
x7.xs5.nh                                 3.63
x7.xs5.nt                         -1.32503e-59
x7.nb1                                    3.63
x7.nb2                             4.40717e-09
clk7                                      3.63
x7.xcdec1.c_moscap_int1                  -3.63
x7.xcdec2.c_moscap_int1                  -3.63
e.x7.xcdec2.ec_moscap#branch                 0
e.x7.xcdec1.ec_moscap#branch                 0
e.x6.xcdec2.ec_moscap#branch                 0
e.x6.xcdec1.ec_moscap#branch                 0
e.x5.xcdec2.ec_moscap#branch                 0
e.x5.xcdec1.ec_moscap#branch                 0
e.x4.xcdec2.ec_moscap#branch                 0
e.x4.xcdec1.ec_moscap#branch                 0
e.x3.xcdec2.ec_moscap#branch                 0
e.x3.xcdec1.ec_moscap#branch                 0
e.x2.xcdec2.ec_moscap#branch                 0
e.x2.xcdec1.ec_moscap#branch                 0
e.x1.xcdec2.ec_moscap#branch                 0
e.x1.xcdec1.ec_moscap#branch                 0
vq7c#branch                                  0
vq7b#branch                                  0
vq7a#branch                                  0
vam7#branch                        0.000198405
v7#branch                         -0.000198405
vq6c#branch                                  0
vq6b#branch                                  0
vq6a#branch                                  0
vam6#branch                        0.000196292
v6#branch                         -0.000196292
vq5c#branch                                  0
vq5b#branch                                  0
vq5a#branch                                  0
vam5#branch                        0.000194271
v5#branch                         -0.000194271
vq4c#branch                                  0
vq4b#branch                                  0
vq4a#branch                                  0
vam4#branch                        0.000192309
v4#branch                         -0.000192309
vq3c#branch                                  0
vq3b#branch                                  0
vq3a#branch                                  0
vam3#branch                        0.000190385
v3#branch                         -0.000190385
vq2c#branch                                  0
vq2b#branch                                  0
vq2a#branch                                  0
vam2#branch                        0.000188479
v2#branch                         -0.000188479
vq1c#branch                                  0
vq1b#branch                                  0
vq1a#branch                                  0
vam1#branch                        0.000186578
v1#branch                         -0.000186578
vc#branch                                    0

 Reference value :  0.00000e+00
 Reference value :  1.85509e-09
 Reference value :  3.38280e-09
 Reference value :  3.98000e-09
 Reference value :  5.69851e-09
 Reference value :  6.75891e-09
 Reference value :  7.57734e-09
 Reference value :  8.67957e-09
 Reference value :  9.86794e-09
 Reference value :  1.12533e-08
 Reference value :  1.22491e-08
 Reference value :  1.36557e-08
 Reference value :  1.50342e-08
 Reference value :  1.60504e-08
 Reference value :  1.75466e-08
 Reference value :  1.87629e-08
 Reference value :  2.00397e-08
 Reference value :  2.14072e-08
 Reference value :  2.24760e-08
 Reference value :  2.36301e-08
 Reference value :  2.50579e-08
 Reference value :  2.60633e-08
 Reference value :  2.77874e-08
 Reference value :  2.84626e-08
 Reference value :  2.87582e-08
 Reference value :  2.99174e-08
 Reference value :  3.09820e-08
 Reference value :  3.18604e-08
 Reference value :  3.30759e-08
 Reference value :  3.37092e-08
 Reference value :  3.47380e-08
 Reference value :  3.54598e-08
 Reference value :  3.66854e-08
 Reference value :  3.75230e-08
 Reference value :  3.83559e-08
 Reference value :  3.90181e-08
 Reference value :  4.00958e-08
 Reference value :  4.10477e-08
 Reference value :  4.16147e-08
 Reference value :  4.23249e-08
 Reference value :  4.36708e-08
 Reference value :  4.50946e-08
 Reference value :  4.64822e-08
 Reference value :  4.78420e-08
 Reference value :  4.94655e-08
 Reference value :  5.06128e-08
 Reference value :  5.14456e-08
 Reference value :  5.28620e-08
 Reference value :  5.39490e-08
 Reference value :  5.53456e-08
 Reference value :  5.68524e-08
 Reference value :  5.83611e-08
 Reference value :  5.97805e-08
 Reference value :  6.08166e-08
 Reference value :  6.23720e-08
 Reference value :  6.34997e-08
 Reference value :  6.53979e-08
 Reference value :  6.65456e-08
 Reference value :  6.78876e-08
 Reference value :  6.95458e-08
 Reference value :  7.02806e-08
 Reference value :  7.19152e-08
 Reference value :  7.33317e-08
 Reference value :  7.44992e-08
 Reference value :  7.59974e-08
 Reference value :  7.72587e-08
 Reference value :  7.87796e-08
 Reference value :  8.01754e-08
 Reference value :  8.12913e-08
No. of Data Rows : 1429

  Measurements for Transient Analysis

tp1                 =  2.23423e-08 targ=  5.62993e-08 trig=  3.39569e-08
tp2                 =  2.37683e-08 targ=  5.38560e-08 trig=  3.00877e-08
tp3                 =  2.51949e-08 targ=  5.70544e-08 trig=  3.18595e-08
tp4                 =  2.66224e-08 targ=  6.02249e-08 trig=  3.36025e-08
tp5                 =  2.79972e-08 targ=  6.33293e-08 trig=  3.53321e-08
tp6                 =  2.93743e-08 targ=  6.64034e-08 trig=  3.70291e-08
tp7                 =  3.06765e-08 targ=  6.16683e-08 trig=  3.09918e-08
f1                  =  1.79032e+08
f2                  =  1.68291e+08
f3                  =  1.58762e+08
f4                  =  1.50249e+08
f5                  =  1.42871e+08
f6                  =  1.36174e+08
f7                  =  1.30393e+08
i1                  =  2.60258e-04 from=  2.98137e-08 to=  8.19877e-08
i2                  =  2.63340e-04 from=  2.98137e-08 to=  8.19877e-08
i3                  =  2.64678e-04 from=  2.98137e-08 to=  8.19877e-08
i4                  =  2.70653e-04 from=  2.98137e-08 to=  8.19877e-08
i5                  =  2.74052e-04 from=  2.98137e-08 to=  8.19877e-08
i6                  =  2.76782e-04 from=  2.98137e-08 to=  8.19877e-08
i7                  =  2.83663e-04 from=  2.98137e-08 to=  8.19877e-08

ngspice-46 done

