
Note: No compatibility mode selected!


Circuit: * vco-supply-pushing-jitter @ push_sf_125c_2.97v_band5_r16_f100 -- generated by sim/harness, do not edit

Doing analysis at TEMP = 125.000000 and TNOM = 27.000000

Using SPARSE 1.3 as Direct Linear Solver

Initial Transient Solution
--------------------------

Node                                   Voltage
----                                   -------
vctl                                       1.8
n1                                        2.97
m1                                        2.97
q1a                                       2.97
q1b                                          0
q1c                                       2.97
x1.xbias.na                            1.09157
x1.xbias.vbpc                          2.09332
x1.xbias.nc                            0.18117
x1.xbias.xrcg.11                      0.180884
x1.xbias.xrcg.21                   0.000286063
x1.xbias.nsu                        0.00856944
x1.xbias.vfix                          1.86664
x1.xbias.nmd                          0.799861
x1.xbias.vbp0                          2.26079
x1.xbias.noff                         0.828443
x1.xbias.xroff.11                     0.828214
x1.xbias.xroff.21                  0.000228676
x1.xbias.nvi                          0.780923
x1.xbias.xrdeg.11                     0.780708
x1.xbias.xrdeg.21                  0.000215559
x1.xbias.b0b                       2.69861e-07
x1.xbias.b1b                              2.97
x1.xbias.b2b                       2.69861e-07
x1.xbias.vbn1                         0.798619
x1.xbias.ga                            2.26079
x1.xbias.vbp2                          2.24441
x1.xbias.gb                        3.36376e-09
x1.vbn                                0.954119
x1.xbias.gc                            2.24441
x1.vbp                                 2.05721
x1.xs1.nh                              1.20836
x1.y1                                        0
x1.y5                                        0
x1.xs1.nt                          6.63772e-66
x1.xs2.nh                                 2.97
x1.y2                                     2.97
x1.xs2.nt                          2.94169e-07
x1.xs3.nh                                 2.97
x1.y3                                        0
x1.xs3.nt                          4.12306e-95
x1.xs4.nh                                 2.97
x1.y4                                     2.97
x1.xs4.nt                          2.94169e-07
x1.xs5.nh                                 2.97
x1.xs5.nt                          4.12306e-95
x1.nb1                                    2.97
x1.nb2                             2.89506e-07
clk1                                      2.97
x1.xcdec1.c_moscap_int1                  -2.97
x1.xcdec2.c_moscap_int1                  -2.97
n2                                        3.08
m2                                        3.08
q2a                                       3.08
q2b                                          0
q2c                                       3.08
x2.xbias.na                            1.09322
x2.xbias.vbpc                          2.20247
x2.xbias.nc                           0.182117
x2.xbias.xrcg.11                      0.181829
x2.xbias.xrcg.21                   0.000287558
x2.xbias.nsu                        0.00935562
x2.xbias.vfix                          1.86838
x2.xbias.nmd                          0.800622
x2.xbias.vbp0                          2.37069
x2.xbias.noff                         0.829867
x2.xbias.xroff.11                     0.829638
x2.xbias.xroff.21                  0.000229069
x2.xbias.nvi                          0.781099
x2.xbias.xrdeg.11                     0.780883
x2.xbias.xrdeg.21                  0.000215607
x2.xbias.b0b                       2.73432e-07
x2.xbias.b1b                              3.08
x2.xbias.b2b                       2.73432e-07
x2.xbias.vbn1                          0.79886
x2.xbias.ga                            2.37069
x2.xbias.vbp2                          2.35389
x2.xbias.gb                        3.27285e-09
x2.vbn                                0.955224
x2.xbias.gc                            2.35389
x2.vbp                                 2.16532
x2.xs1.nh                              1.22384
x2.y1                                        0
x2.y5                                        0
x2.xs1.nt                           6.4193e-66
x2.xs2.nh                                 3.08
x2.y2                                     3.08
x2.xs2.nt                          3.12511e-07
x2.xs3.nh                                 3.08
x2.y3                                        0
x2.xs3.nt                         -1.21437e-93
x2.xs4.nh                                 3.08
x2.y4                                     3.08
x2.xs4.nt                          3.12511e-07
x2.xs5.nh                                 3.08
x2.xs5.nt                         -1.21437e-93
x2.nb1                                    3.08
x2.nb2                             2.93597e-07
clk2                                      3.08
x2.xcdec1.c_moscap_int1                  -3.08
x2.xcdec2.c_moscap_int1                  -3.08
n3                                        3.19
m3                                        3.19
q3a                                       3.19
q3b                                          0
q3c                                       3.19
x3.xbias.na                            1.09485
x3.xbias.vbpc                          2.31162
x3.xbias.nc                           0.183053
x3.xbias.xrcg.11                      0.182764
x3.xbias.xrcg.21                   0.000289036
x3.xbias.nsu                         0.0101787
x3.xbias.vfix                          1.87008
x3.xbias.nmd                          0.801365
x3.xbias.vbp0                           2.4806
x3.xbias.noff                         0.831258
x3.xbias.xroff.11                     0.831028
x3.xbias.xroff.21                  0.000229453
x3.xbias.nvi                          0.781272
x3.xbias.xrdeg.11                     0.781057
x3.xbias.xrdeg.21                  0.000215655
x3.xbias.b0b                       2.77618e-07
x3.xbias.b1b                              3.19
x3.xbias.b2b                       2.77618e-07
x3.xbias.vbn1                         0.799096
x3.xbias.ga                             2.4806
x3.xbias.vbp2                          2.46336
x3.xbias.gb                        3.19056e-09
x3.vbn                                0.956337
x3.xbias.gc                            2.46336
x3.vbp                                 2.27342
x3.xs1.nh                              1.23895
x3.y1                                        0
x3.y5                                        0
x3.xs1.nt                         -2.90076e-66
x3.xs2.nh                                 3.19
x3.y2                                     3.19
x3.xs2.nt                          3.32049e-07
x3.xs3.nh                                 3.19
x3.y3                                        0
x3.xs3.nt                         -1.35114e-85
x3.xs4.nh                                 3.19
x3.y4                                     3.19
x3.xs4.nt                          3.32049e-07
x3.xs5.nh                                 3.19
x3.xs5.nt                         -1.35114e-85
x3.nb1                                    3.19
x3.nb2                             2.98368e-07
clk3                                      3.19
x3.xcdec1.c_moscap_int1                  -3.19
x3.xcdec2.c_moscap_int1                  -3.19
n4                                         3.3
m4                                         3.3
q4a                                        3.3
q4b                                          0
q4c                                        3.3
x4.xbias.na                            1.09648
x4.xbias.vbpc                          2.42077
x4.xbias.nc                           0.183988
x4.xbias.xrcg.11                      0.183698
x4.xbias.xrcg.21                   0.000290513
x4.xbias.nsu                         0.0110388
x4.xbias.vfix                          1.87177
x4.xbias.nmd                          0.802101
x4.xbias.vbp0                          2.59051
x4.xbias.noff                         0.832634
x4.xbias.xroff.11                     0.832404
x4.xbias.xroff.21                  0.000229832
x4.xbias.nvi                          0.781443
x4.xbias.xrdeg.11                     0.781228
x4.xbias.xrdeg.21                  0.000215702
x4.xbias.b0b                       2.82447e-07
x4.xbias.b1b                               3.3
x4.xbias.b2b                       2.82447e-07
x4.xbias.vbn1                         0.799329
x4.xbias.ga                            2.59051
x4.xbias.vbp2                          2.57282
x4.xbias.gb                        3.11579e-09
x4.vbn                                0.957471
x4.xbias.gc                            2.57282
x4.vbp                                  2.3815
x4.xs1.nh                              1.25373
x4.y1                                        0
x4.y5                                        0
x4.xs1.nt                         -2.28023e-90
x4.xs2.nh                                  3.3
x4.y2                                      3.3
x4.xs2.nt                          3.52905e-07
x4.xs3.nh                                  3.3
x4.y3                                        0
x4.xs3.nt                        -3.09549e-154
x4.xs4.nh                                  3.3
x4.y4                                      3.3
x4.xs4.nt                          3.52905e-07
x4.xs5.nh                                  3.3
x4.xs5.nt                        -3.09549e-154
x4.nb1                                     3.3
x4.nb2                             3.03855e-07
clk4                                       3.3
x4.xcdec1.c_moscap_int1                   -3.3
x4.xcdec2.c_moscap_int1                   -3.3
n5                                        3.41
m5                                        3.41
q5a                                       3.41
q5b                                          0
q5c                                       3.41
x5.xbias.na                            1.09813
x5.xbias.vbpc                          2.52989
x5.xbias.nc                           0.184936
x5.xbias.xrcg.11                      0.184644
x5.xbias.xrcg.21                    0.00029201
x5.xbias.nsu                         0.0119357
x5.xbias.vfix                          1.87346
x5.xbias.nmd                           0.80284
x5.xbias.vbp0                          2.70041
x5.xbias.noff                         0.834014
x5.xbias.xroff.11                     0.833784
x5.xbias.xroff.21                  0.000230213
x5.xbias.nvi                          0.781612
x5.xbias.xrdeg.11                     0.781397
x5.xbias.xrdeg.21                  0.000215749
x5.xbias.b0b                       2.87969e-07
x5.xbias.b1b                              3.41
x5.xbias.b2b                       2.87969e-07
x5.xbias.vbn1                         0.799563
x5.xbias.ga                            2.70041
x5.xbias.vbp2                          2.68225
x5.xbias.gb                        3.04764e-09
x5.vbn                                0.958645
x5.xbias.gc                            2.68225
x5.vbp                                 2.48952
x5.xs1.nh                               1.2682
x5.y1                                        0
x5.y5                                        0
x5.xs1.nt                          -5.5944e-60
x5.xs2.nh                                 3.41
x5.y2                                     3.41
x5.xs2.nt                          3.75221e-07
x5.xs3.nh                                 3.41
x5.y3                                        0
x5.xs3.nt                         -4.11003e-86
x5.xs4.nh                                 3.41
x5.y4                                     3.41
x5.xs4.nt                          3.75221e-07
x5.xs5.nh                                 3.41
x5.xs5.nt                         -4.11003e-86
x5.nb1                                    3.41
x5.nb2                             3.10112e-07
clk5                                      3.41
x5.xcdec1.c_moscap_int1                  -3.41
x5.xcdec2.c_moscap_int1                  -3.41
n6                                        3.52
m6                                        3.52
q6a                                       3.52
q6b                                          0
q6c                                       3.52
x6.xbias.na                            1.09984
x6.xbias.vbpc                          2.63897
x6.xbias.nc                           0.185914
x6.xbias.xrcg.11                      0.185621
x6.xbias.xrcg.21                   0.000293554
x6.xbias.nsu                         0.0128692
x6.xbias.vfix                           1.8752
x6.xbias.nmd                          0.803598
x6.xbias.vbp0                          2.81031
x6.xbias.noff                         0.835424
x6.xbias.xroff.11                     0.835194
x6.xbias.xroff.21                  0.000230603
x6.xbias.nvi                           0.78178
x6.xbias.xrdeg.11                     0.781564
x6.xbias.xrdeg.21                  0.000215795
x6.xbias.b0b                       2.94247e-07
x6.xbias.b1b                              3.52
x6.xbias.b2b                       2.94247e-07
x6.xbias.vbn1                           0.7998
x6.xbias.ga                            2.81031
x6.xbias.vbp2                          2.79164
x6.xbias.gb                        2.98534e-09
x6.vbn                                 0.95988
x6.xbias.gc                            2.79164
x6.vbp                                 2.59745
x6.xs1.nh                              1.28242
x6.y1                                        0
x6.y5                                        0
x6.xs1.nt                        -5.23354e-102
x6.xs2.nh                                 3.52
x6.y2                                     3.52
x6.xs2.nt                          3.99166e-07
x6.xs3.nh                                 3.52
x6.y3                                        0
x6.xs3.nt                         9.76998e-145
x6.xs4.nh                                 3.52
x6.y4                                     3.52
x6.xs4.nt                          3.99166e-07
x6.xs5.nh                                 3.52
x6.xs5.nt                         9.76998e-145
x6.nb1                                    3.52
x6.nb2                             3.17216e-07
clk6                                      3.52
x6.xcdec1.c_moscap_int1                  -3.52
x6.xcdec2.c_moscap_int1                  -3.52
n7                                        3.63
m7                                        3.63
q7a                                       3.63
q7b                                          0
q7c                                       3.63
x7.xbias.na                            1.10166
x7.xbias.vbpc                          2.74798
x7.xbias.nc                           0.186943
x7.xbias.xrcg.11                      0.186647
x7.xbias.xrcg.21                   0.000295177
x7.xbias.nsu                         0.0138381
x7.xbias.vfix                          1.87701
x7.xbias.nmd                          0.804392
x7.xbias.vbp0                          2.92021
x7.xbias.noff                         0.836892
x7.xbias.xroff.11                     0.836661
x7.xbias.xroff.21                  0.000231008
x7.xbias.nvi                          0.781946
x7.xbias.xrdeg.11                      0.78173
x7.xbias.xrdeg.21                  0.000215841
x7.xbias.b0b                       3.01366e-07
x7.xbias.b1b                              3.63
x7.xbias.b2b                       3.01366e-07
x7.xbias.vbn1                         0.800047
x7.xbias.ga                            2.92021
x7.xbias.vbp2                          2.90098
x7.xbias.gb                        2.92822e-09
x7.vbn                                0.961205
x7.xbias.gc                            2.90098
x7.vbp                                 2.70526
x7.xs1.nh                              1.29643
x7.y1                                        0
x7.y5                                        0
x7.xs1.nt                         -6.21307e-17
x7.xs2.nh                                 3.63
x7.y2                                     3.63
x7.xs2.nt                          4.24936e-07
x7.xs3.nh                                 3.63
x7.y3                                        0
x7.xs3.nt                         -2.72569e-27
x7.xs4.nh                                 3.63
x7.y4                                     3.63
x7.xs4.nt                          4.24936e-07
x7.xs5.nh                                 3.63
x7.xs5.nt                         -2.72569e-27
x7.nb1                                    3.63
x7.nb2                             3.25262e-07
clk7                                      3.63
x7.xcdec1.c_moscap_int1                  -3.63
x7.xcdec2.c_moscap_int1                  -3.63
e.x7.xcdec2.ec_moscap#branch                 0
e.x7.xcdec1.ec_moscap#branch                 0
e.x6.xcdec2.ec_moscap#branch                 0
e.x6.xcdec1.ec_moscap#branch                 0
e.x5.xcdec2.ec_moscap#branch                 0
e.x5.xcdec1.ec_moscap#branch                 0
e.x4.xcdec2.ec_moscap#branch                 0
e.x4.xcdec1.ec_moscap#branch                 0
e.x3.xcdec2.ec_moscap#branch                 0
e.x3.xcdec1.ec_moscap#branch                 0
e.x2.xcdec2.ec_moscap#branch                 0
e.x2.xcdec1.ec_moscap#branch                 0
e.x1.xcdec2.ec_moscap#branch                 0
e.x1.xcdec1.ec_moscap#branch                 0
vq7c#branch                                  0
vq7b#branch                                  0
vq7a#branch                                  0
vam7#branch                        0.000174932
v7#branch                         -0.000174932
vq6c#branch                                  0
vq6b#branch                                  0
vq6a#branch                                  0
vam6#branch                        0.000173365
v6#branch                         -0.000173365
vq5c#branch                                  0
vq5b#branch                                  0
vq5a#branch                                  0
vam5#branch                        0.000171892
v5#branch                         -0.000171892
vq4c#branch                                  0
vq4b#branch                                  0
vq4a#branch                                  0
vam4#branch                        0.000170483
v4#branch                         -0.000170483
vq3c#branch                                  0
vq3b#branch                                  0
vq3a#branch                                  0
vam3#branch                        0.000169116
v3#branch                         -0.000169116
vq2c#branch                                  0
vq2b#branch                                  0
vq2a#branch                                  0
vam2#branch                        0.000167771
v2#branch                         -0.000167771
vq1c#branch                                  0
vq1b#branch                                  0
vq1a#branch                                  0
vam1#branch                        0.000166434
v1#branch                         -0.000166434
vc#branch                                    0

 Reference value :  0.00000e+00
 Reference value :  2.53640e-09
 Reference value :  5.13950e-09
 Reference value :  5.91684e-09
 Reference value :  7.62608e-09
 Reference value :  1.00186e-08
 Reference value :  1.12863e-08
 Reference value :  1.25234e-08
 Reference value :  1.47268e-08
 Reference value :  1.64764e-08
 Reference value :  1.83077e-08
 Reference value :  1.99801e-08
 Reference value :  2.17532e-08
 Reference value :  2.28382e-08
 Reference value :  2.39872e-08
 Reference value :  2.57721e-08
 Reference value :  2.75923e-08
 Reference value :  2.90166e-08
 Reference value :  3.04960e-08
 Reference value :  3.20468e-08
 Reference value :  3.36960e-08
 Reference value :  3.54454e-08
 Reference value :  3.72665e-08
 Reference value :  3.86660e-08
 Reference value :  3.92517e-08
 Reference value :  4.06709e-08
 Reference value :  4.20524e-08
 Reference value :  4.33105e-08
 Reference value :  4.48954e-08
 Reference value :  4.59000e-08
 Reference value :  4.66088e-08
 Reference value :  4.74472e-08
 Reference value :  4.79886e-08
 Reference value :  4.83161e-08
 Reference value :  4.87731e-08
 Reference value :  4.99854e-08
 Reference value :  5.08121e-08
 Reference value :  5.22240e-08
 Reference value :  5.32891e-08
 Reference value :  5.42950e-08
 Reference value :  5.55934e-08
 Reference value :  5.68574e-08
 Reference value :  5.80309e-08
 Reference value :  5.92825e-08
 Reference value :  6.08087e-08
 Reference value :  6.29221e-08
 Reference value :  6.46898e-08
 Reference value :  6.68042e-08
 Reference value :  6.87510e-08
 Reference value :  7.05999e-08
 Reference value :  7.21950e-08
 Reference value :  7.40163e-08
 Reference value :  7.57535e-08
 Reference value :  7.78462e-08
 Reference value :  7.99234e-08
 Reference value :  8.14673e-08
 Reference value :  8.39685e-08
 Reference value :  8.57959e-08
 Reference value :  8.77473e-08
 Reference value :  9.00805e-08
 Reference value :  9.16423e-08
 Reference value :  9.39287e-08
 Reference value :  9.54841e-08
 Reference value :  9.74422e-08
 Reference value :  9.94711e-08
No. of Data Rows : 1357

  Measurements for Transient Analysis

tp1                 =  3.58938e-08 targ=  8.12763e-08 trig=  4.53825e-08
tp2                 =  3.80382e-08 targ=  7.65158e-08 trig=  3.84777e-08
tp3                 =  4.01461e-08 targ=  8.06977e-08 trig=  4.05516e-08
tp4                 =  4.21719e-08 targ=  8.47666e-08 trig=  4.25947e-08
tp5                 =  4.41806e-08 targ=  8.87362e-08 trig=  4.45556e-08
tp6                 =  4.60944e-08 targ=  9.25551e-08 trig=  4.64607e-08
tp7                 =  4.79341e-08 targ=  9.62090e-08 trig=  4.82748e-08
f1                  =  1.11440e+08
f2                  =  1.05158e+08
f3                  =  9.96360e+07
f4                  =  9.48498e+07
f5                  =  9.05375e+07
f6                  =  8.67785e+07
f7                  =  8.34478e+07
i1                  =  2.21489e-04 from=  3.64390e-08 to=  1.00207e-07
i2                  =  2.25029e-04 from=  3.64390e-08 to=  1.00207e-07
i3                  =  2.25295e-04 from=  3.64390e-08 to=  1.00207e-07
i4                  =  2.30280e-04 from=  3.64390e-08 to=  1.00207e-07
i5                  =  2.34559e-04 from=  3.64390e-08 to=  1.00207e-07
i6                  =  2.36700e-04 from=  3.64390e-08 to=  1.00207e-07
i7                  =  2.37451e-04 from=  3.64390e-08 to=  1.00207e-07

ngspice-46 done

