
Note: Compatibility modes selected: hs a


Circuit: * lock-detector @ ff_125c_2.97v_e4.0n -- generated by sim/harness, do not edit

Doing analysis at TEMP = 125.000000 and TNOM = 27.000000

Using SPARSE 1.3 as Direct Linear Solver

Initial Transient Solution
--------------------------

Node                                   Voltage
----                                   -------
vdd                                       2.97
upa                                          0
dna                                          0
xa.xerr.n1                                2.97
xa.xerr.xg1.nmid                      0.086084
xa.xerr.n2                             2.96999
xa.xerr.xg2.nmid                   2.96213e-06
xa.xerr.n3                             2.96999
xa.xerr.xg3.nmid                   2.96213e-06
xa.err                             9.75055e-07
xa.xerr.xg4.nmid                   4.87527e-07
xa.xdly.d1                                2.97
xa.xdly.d2                         4.85698e-07
xa.xdly.d3                                2.97
xa.errd                            4.85698e-07
xa.wideb                                  2.97
xa.xnw.nmid                          0.0860843
xa.wide                            4.85673e-07
vwina                                        0
xa.xsch.p1                                2.97
xa.lockb                                  2.97
xa.xsch.n1                             2.54061
locka                              4.85673e-07
upb                                          0
dnb                                          0
xb.xerr.n1                                2.97
xb.xerr.xg1.nmid                      0.086084
xb.xerr.n2                             2.96999
xb.xerr.xg2.nmid                   2.96213e-06
xb.xerr.n3                             2.96999
xb.xerr.xg3.nmid                   2.96213e-06
xb.err                             9.75055e-07
xb.xerr.xg4.nmid                   4.87527e-07
xb.xdly.d1                                2.97
xb.xdly.d2                         4.85698e-07
xb.xdly.d3                                2.97
xb.errd                            4.85698e-07
xb.wideb                                  2.97
xb.xnw.nmid                          0.0860843
xb.wide                            4.85673e-07
vwinb                                        0
xb.xsch.p1                                2.97
xb.lockb                                  2.97
xb.xsch.n1                             2.54061
lockb                              4.85673e-07
upc                                          0
dnc                                          0
xc.xerr.n1                                2.97
xc.xerr.xg1.nmid                      0.086084
xc.xerr.n2                             2.96999
xc.xerr.xg2.nmid                   2.96213e-06
xc.xerr.n3                             2.96999
xc.xerr.xg3.nmid                   2.96213e-06
xc.err                             9.75055e-07
xc.xerr.xg4.nmid                   4.87527e-07
xc.xdly.d1                                2.97
xc.xdly.d2                         4.85698e-07
xc.xdly.d3                                2.97
xc.errd                            4.85698e-07
xc.wideb                                  2.97
xc.xnw.nmid                          0.0860843
xc.wide                            4.85673e-07
vwinc                                        0
xc.xsch.p1                                2.97
xc.lockb                                  2.97
xc.xsch.n1                             2.54061
lockc                              4.85673e-07
upd                                          0
dnd                                          0
xd.xerr.n1                                2.97
xd.xerr.xg1.nmid                      0.086084
xd.xerr.n2                             2.96999
xd.xerr.xg2.nmid                   2.96213e-06
xd.xerr.n3                             2.96999
xd.xerr.xg3.nmid                   2.96213e-06
xd.err                             9.75055e-07
xd.xerr.xg4.nmid                   4.87527e-07
xd.xdly.d1                                2.97
xd.xdly.d2                         4.85698e-07
xd.xdly.d3                                2.97
xd.errd                            4.85698e-07
xd.wideb                                  2.97
xd.xnw.nmid                          0.0860843
xd.wide                            4.85673e-07
vwind                                        0
xd.xsch.p1                                2.97
xd.lockb                                  2.97
xd.xsch.n1                             2.54061
lockd                              4.85673e-07
upe1                                         0
upe2                                         0
upe1n                                     2.97
upe2n                                     2.97
upe                                9.74986e-07
xoe3.nmid                          4.87493e-07
dne                                          0
xe.xerr.n1                                2.97
xe.xerr.xg1.nmid                     0.0860846
xe.xerr.n2                             2.96999
xe.xerr.xg2.nmid                   2.96219e-06
xe.xerr.n3                             2.96999
xe.xerr.xg3.nmid                   2.96213e-06
xe.err                             9.75055e-07
xe.xerr.xg4.nmid                   4.87527e-07
xe.xdly.d1                                2.97
xe.xdly.d2                         4.85698e-07
xe.xdly.d3                                2.97
xe.errd                            4.85698e-07
xe.wideb                                  2.97
xe.xnw.nmid                          0.0860843
xe.wide                            4.85673e-07
vwine                                        0
xe.xsch.p1                                2.97
xe.lockb                                  2.97
xe.xsch.n1                             2.54061
locke                              4.85673e-07
wstep                                        0
xw.d1                                     2.97
xw.d2                              4.85698e-07
xw.d3                                     2.97
wout                               4.85698e-07
vwstep#branch                                0
vdne#branch                                  0
vupe2#branch                                 0
vupe1#branch                                 0
vdnd#branch                                  0
vupd#branch                                  0
vdnc#branch                                  0
vupc#branch                                  0
vdnb#branch                                  0
vupb#branch                                  0
vdna#branch                                  0
vupa#branch                                  0
vdd#branch                        -3.62564e-06

 Reference value :  0.00000e+00
 Reference value :  2.90560e-08
 Reference value :  4.52490e-08
 Reference value :  6.10521e-08
 Reference value :  8.21531e-08
 Reference value :  9.33485e-08
 Reference value :  1.11006e-07
 Reference value :  1.24446e-07
 Reference value :  1.40000e-07
 Reference value :  1.61401e-07
 Reference value :  1.71402e-07
 Reference value :  1.90107e-07
 Reference value :  2.04149e-07
 Reference value :  2.17760e-07
 Reference value :  2.37615e-07
 Reference value :  2.48348e-07
 Reference value :  2.62456e-07
 Reference value :  2.82150e-07
 Reference value :  2.93349e-07
 Reference value :  3.10149e-07
 Reference value :  3.23153e-07
 Reference value :  3.35749e-07
 Reference value :  3.60000e-07
 Reference value :  3.69548e-07
 Reference value :  3.82215e-07
 Reference value :  3.98085e-07
 Reference value :  4.07141e-07
 Reference value :  4.20121e-07
 Reference value :  4.40205e-07
 Reference value :  4.50805e-07
 Reference value :  4.70456e-07
 Reference value :  4.85741e-07
 Reference value :  5.00635e-07
 Reference value :  5.18406e-07
 Reference value :  5.30030e-07
 Reference value :  5.47456e-07
 Reference value :  5.64205e-07
 Reference value :  5.79874e-07
 Reference value :  5.97285e-07
 Reference value :  6.08748e-07
 Reference value :  6.21415e-07
 Reference value :  6.41401e-07
 Reference value :  6.53949e-07
 Reference value :  6.79456e-07
 Reference value :  6.90100e-07
 Reference value :  7.06021e-07
 Reference value :  7.21200e-07
 Reference value :  7.31949e-07
 Reference value :  7.57456e-07
 Reference value :  7.69548e-07
 Reference value :  7.85215e-07
 Reference value :  8.00587e-07
 Reference value :  8.10930e-07
 Reference value :  8.28415e-07
 Reference value :  8.44317e-07
 Reference value :  8.57349e-07
 Reference value :  8.80121e-07
 Reference value :  8.91207e-07
 Reference value :  9.09021e-07
 Reference value :  9.22353e-07
 Reference value :  9.34149e-07
 Reference value :  9.58856e-07
 Reference value :  9.69874e-07
 Reference value :  9.85415e-07
 Reference value :  1.00111e-06
 Reference value :  1.01122e-06
 Reference value :  1.02842e-06
 Reference value :  1.04511e-06
 Reference value :  1.06010e-06
 Reference value :  1.08117e-06
 Reference value :  1.09155e-06
 Reference value :  1.11006e-06
 Reference value :  1.12412e-06
 Reference value :  1.13975e-06
 Reference value :  1.16117e-06
 Reference value :  1.17125e-06
 Reference value :  1.19000e-06
 Reference value :  1.20275e-06
 Reference value :  1.21396e-06
 Reference value :  1.23322e-06
 Reference value :  1.24675e-06
 Reference value :  1.26346e-06
 Reference value :  1.28375e-06
 Reference value :  1.29615e-06
 Reference value :  1.31361e-06
 Reference value :  1.32555e-06
 Reference value :  1.34066e-06
 Reference value :  1.36155e-06
 Reference value :  1.37255e-06
 Reference value :  1.39153e-06
 Reference value :  1.40513e-06
 Reference value :  1.41856e-06
 Reference value :  1.44001e-06
 Reference value :  1.45020e-06
 Reference value :  1.46506e-06
 Reference value :  1.48461e-06
 Reference value :  1.50001e-06
 Reference value :  1.51701e-06
 Reference value :  1.52875e-06
 Reference value :  1.54546e-06
 Reference value :  1.56411e-06
 Reference value :  1.57755e-06
 Reference value :  1.59389e-06
 Reference value :  1.60575e-06
 Reference value :  1.62012e-06
 Reference value :  1.64117e-06
 Reference value :  1.65295e-06
 Reference value :  1.67806e-06
 Reference value :  1.69010e-06
 Reference value :  1.70882e-06
 Reference value :  1.72375e-06
 Reference value :  1.73875e-06
 Reference value :  1.76215e-06
 Reference value :  1.77835e-06
 Reference value :  1.79909e-06
 Reference value :  1.81140e-06
 Reference value :  1.83342e-06
 Reference value :  1.85010e-06
 Reference value :  1.87126e-06
 Reference value :  1.88895e-06
 Reference value :  1.90682e-06
 Reference value :  1.92411e-06
 Reference value :  1.94066e-06
 Reference value :  1.96355e-06
 Reference value :  1.98000e-06
 Reference value :  1.99869e-06
 Reference value :  2.01044e-06
 Reference value :  2.02922e-06
 Reference value :  2.04855e-06
 Reference value :  2.07066e-06
 Reference value :  2.08895e-06
 Reference value :  2.11021e-06
 Reference value :  2.12555e-06
 Reference value :  2.14666e-06
 Reference value :  2.16695e-06
 Reference value :  2.18522e-06
 Reference value :  2.20195e-06
 Reference value :  2.21616e-06
 Reference value :  2.24045e-06
 Reference value :  2.25235e-06
 Reference value :  2.28000e-06
 Reference value :  2.29175e-06
 Reference value :  2.31201e-06
 Reference value :  2.32695e-06
 Reference value :  2.34266e-06
 Reference value :  2.36432e-06
 Reference value :  2.38003e-06
 Reference value :  2.39789e-06
 Reference value :  2.40987e-06
 Reference value :  2.42562e-06
 Reference value :  2.44402e-06
 Reference value :  2.45774e-06
 Reference value :  2.48111e-06
 Reference value :  2.49032e-06
 Reference value :  2.50802e-06
 Reference value :  2.52195e-06
 Reference value :  2.53255e-06
 Reference value :  2.55686e-06
 Reference value :  2.56920e-06
 Reference value :  2.58582e-06
 Reference value :  2.60055e-06
 Reference value :  2.61020e-06
 Reference value :  2.62442e-06
 Reference value :  2.64174e-06
 Reference value :  2.65131e-06
 Reference value :  2.67266e-06
 Reference value :  2.68755e-06
 Reference value :  2.70015e-06
 Reference value :  2.71761e-06
 Reference value :  2.72835e-06
 Reference value :  2.74126e-06
 Reference value :  2.76233e-06
 Reference value :  2.77131e-06
 Reference value :  2.79012e-06
 Reference value :  2.80353e-06
 Reference value :  2.81256e-06
 Reference value :  2.83002e-06
 Reference value :  2.84481e-06
 Reference value :  2.85895e-06
 Reference value :  2.88029e-06
 Reference value :  2.88925e-06
 Reference value :  2.90182e-06
 Reference value :  2.91821e-06
 Reference value :  2.92635e-06
 Reference value :  2.93875e-06
 Reference value :  2.96111e-06
 Reference value :  2.97006e-06
 Reference value :  2.98442e-06
 Reference value :  3.00003e-06
 Reference value :  3.00910e-06
 Reference value :  3.02003e-06
 Reference value :  3.04010e-06
 Reference value :  3.04931e-06
 Reference value :  3.06446e-06
 Reference value :  3.08312e-06
 Reference value :  3.09140e-06
 Reference value :  3.10922e-06
 Reference value :  3.12194e-06
 Reference value :  3.13113e-06
 Reference value :  3.15006e-06
 Reference value :  3.16420e-06
 Reference value :  3.17315e-06
 Reference value :  3.19012e-06
 Reference value :  3.20213e-06
 Reference value :  3.21076e-06
 Reference value :  3.22702e-06
 Reference value :  3.24333e-06
 Reference value :  3.25121e-06
 Reference value :  3.27006e-06
 Reference value :  3.28445e-06
 Reference value :  3.29455e-06
 Reference value :  3.31032e-06
 Reference value :  3.32400e-06
 Reference value :  3.33195e-06
 Reference value :  3.35426e-06
 Reference value :  3.36522e-06
 Reference value :  3.37615e-06
 Reference value :  3.39149e-06
No. of Data Rows : 22433

  Measurements for Transient Analysis

twin_r              =  1.28577e-09 targ=  4.13358e-08 trig=  4.00500e-08
twin_f              =  1.27185e-09 targ=  2.41422e-07 trig=  2.40150e-07
tb_asrt             =   1.45747e-06
te_asrt             =   1.45747e-06
la_lvl              =  4.85171e-07 from=  3.06000e-06 to=  3.40000e-06
lb_lvl              =  2.97000e+00 from=  3.06000e-06 to=  3.40000e-06
lc_lvl              =  4.85333e-07 from=  3.06000e-06 to=  3.40000e-06
ld_lvl              =  4.85032e-07 from=  3.06000e-06 to=  3.40000e-06
le_lvl              =  4.85530e-07 from=  3.06000e-06 to=  3.40000e-06
va_lvl              =  3.03608e-02 from=  3.06000e-06 to=  3.40000e-06
te_deas             =   2.40471e-06
le_pre              =  2.97000e+00 from=  2.16000e-06 to=  2.40001e-06
iavg                =  -1.60826e-04 from=  1.70000e-06 to=  3.40000e-06

ngspice-46 done

Warning: m=xx on .subckt line will override multiplier m hierarchy!


Error: measure  ta_asrt  when(WHEN) : out of interval
 .measure tran ta_asrt when v(locka)=    1.485000000000000e+00     rise=1 failed!


Error: measure  tc_asrt  when(WHEN) : out of interval
 .measure tran tc_asrt when v(lockc)=    1.485000000000000e+00     rise=1 failed!


Error: measure  td_asrt  when(WHEN) : out of interval
 .measure tran td_asrt when v(lockd)=    1.485000000000000e+00     rise=1 failed!

