
Note: Compatibility modes selected: hs a


Circuit: * lock-detector @ fs_-40c_3.63v_e4.0n -- generated by sim/harness, do not edit

Doing analysis at TEMP = -40.000000 and TNOM = 27.000000

Using SPARSE 1.3 as Direct Linear Solver

Initial Transient Solution
--------------------------

Node                                   Voltage
----                                   -------
vdd                                       3.63
upa                                          0
dna                                          0
xa.xerr.n1                                3.63
xa.xerr.xg1.nmid                      0.012988
xa.xerr.n2                                3.63
xa.xerr.xg2.nmid                   2.87587e-11
xa.xerr.n3                                3.63
xa.xerr.xg3.nmid                   2.87587e-11
xa.err                             9.56718e-09
xa.xerr.xg4.nmid                   4.78359e-09
xa.xdly.d1                                3.63
xa.xdly.d2                         4.76684e-09
xa.xdly.d3                                3.63
xa.errd                            4.76684e-09
xa.wideb                                  3.63
xa.xnw.nmid                          0.0129883
xa.wide                            4.76684e-09
vwina                                        0
xa.xsch.p1                                3.63
xa.lockb                                  3.63
xa.xsch.n1                             3.02278
locka                              4.76684e-09
upb                                          0
dnb                                          0
xb.xerr.n1                                3.63
xb.xerr.xg1.nmid                      0.012988
xb.xerr.n2                                3.63
xb.xerr.xg2.nmid                   2.87587e-11
xb.xerr.n3                                3.63
xb.xerr.xg3.nmid                   2.87587e-11
xb.err                             9.56718e-09
xb.xerr.xg4.nmid                   4.78359e-09
xb.xdly.d1                                3.63
xb.xdly.d2                         4.76684e-09
xb.xdly.d3                                3.63
xb.errd                            4.76684e-09
xb.wideb                                  3.63
xb.xnw.nmid                          0.0129883
xb.wide                            4.76684e-09
vwinb                                        0
xb.xsch.p1                                3.63
xb.lockb                                  3.63
xb.xsch.n1                             3.02278
lockb                              4.76684e-09
upc                                          0
dnc                                          0
xc.xerr.n1                                3.63
xc.xerr.xg1.nmid                      0.012988
xc.xerr.n2                                3.63
xc.xerr.xg2.nmid                   2.87587e-11
xc.xerr.n3                                3.63
xc.xerr.xg3.nmid                   2.87587e-11
xc.err                             9.56718e-09
xc.xerr.xg4.nmid                   4.78359e-09
xc.xdly.d1                                3.63
xc.xdly.d2                         4.76684e-09
xc.xdly.d3                                3.63
xc.errd                            4.76684e-09
xc.wideb                                  3.63
xc.xnw.nmid                          0.0129883
xc.wide                            4.76684e-09
vwinc                                        0
xc.xsch.p1                                3.63
xc.lockb                                  3.63
xc.xsch.n1                             3.02278
lockc                              4.76684e-09
upd                                          0
dnd                                          0
xd.xerr.n1                                3.63
xd.xerr.xg1.nmid                      0.012988
xd.xerr.n2                                3.63
xd.xerr.xg2.nmid                   2.87587e-11
xd.xerr.n3                                3.63
xd.xerr.xg3.nmid                   2.87587e-11
xd.err                             9.56718e-09
xd.xerr.xg4.nmid                   4.78359e-09
xd.xdly.d1                                3.63
xd.xdly.d2                         4.76684e-09
xd.xdly.d3                                3.63
xd.errd                            4.76684e-09
xd.wideb                                  3.63
xd.xnw.nmid                          0.0129883
xd.wide                            4.76684e-09
vwind                                        0
xd.xsch.p1                                3.63
xd.lockb                                  3.63
xd.xsch.n1                             3.02278
lockd                              4.76684e-09
upe1                                         0
upe2                                         0
upe1n                                     3.63
upe2n                                     3.63
upe                                9.56718e-09
xoe3.nmid                          4.78359e-09
dne                                          0
xe.xerr.n1                                3.63
xe.xerr.xg1.nmid                     0.0129879
xe.xerr.n2                                3.63
xe.xerr.xg2.nmid                   2.87587e-11
xe.xerr.n3                                3.63
xe.xerr.xg3.nmid                   2.87587e-11
xe.err                             9.56718e-09
xe.xerr.xg4.nmid                   4.78359e-09
xe.xdly.d1                                3.63
xe.xdly.d2                         4.76684e-09
xe.xdly.d3                                3.63
xe.errd                            4.76684e-09
xe.wideb                                  3.63
xe.xnw.nmid                          0.0129883
xe.wide                            4.76684e-09
vwine                                        0
xe.xsch.p1                                3.63
xe.lockb                                  3.63
xe.xsch.n1                             3.02278
locke                              4.76684e-09
wstep                                        0
xw.d1                                     3.63
xw.d2                              4.76684e-09
xw.d3                                     3.63
wout                               4.76684e-09
vwstep#branch                                0
vdne#branch                                  0
vupe2#branch                                 0
vupe1#branch                                 0
vdnd#branch                                  0
vupd#branch                                  0
vdnc#branch                                  0
vupc#branch                                  0
vdnb#branch                                  0
vupb#branch                                  0
vdna#branch                                  0
vupa#branch                                  0
vdd#branch                        -6.62742e-06

 Reference value :  0.00000e+00
 Reference value :  2.82560e-08
 Reference value :  4.41490e-08
 Reference value :  5.64086e-08
 Reference value :  7.90250e-08
 Reference value :  8.66086e-08
 Reference value :  1.00121e-07
 Reference value :  1.12670e-07
 Reference value :  1.24289e-07
 Reference value :  1.36409e-07
 Reference value :  1.57214e-07
 Reference value :  1.69215e-07
 Reference value :  1.81166e-07
 Reference value :  1.95925e-07
 Reference value :  2.05100e-07
 Reference value :  2.17732e-07
 Reference value :  2.33321e-07
 Reference value :  2.44205e-07
 Reference value :  2.56209e-07
 Reference value :  2.78826e-07
 Reference value :  2.87209e-07
 Reference value :  3.00549e-07
 Reference value :  3.14470e-07
 Reference value :  3.24511e-07
 Reference value :  3.36609e-07
 Reference value :  3.60010e-07
 Reference value :  3.67409e-07
 Reference value :  3.80280e-07
 Reference value :  3.93125e-07
 Reference value :  4.04108e-07
 Reference value :  4.13732e-07
 Reference value :  4.29121e-07
 Reference value :  4.41802e-07
 Reference value :  4.51657e-07
 Reference value :  4.75624e-07
 Reference value :  4.85524e-07
 Reference value :  5.00065e-07
 Reference value :  5.11870e-07
 Reference value :  5.24000e-07
 Reference value :  5.34409e-07
 Reference value :  5.55614e-07
 Reference value :  5.65221e-07
 Reference value :  5.80000e-07
 Reference value :  5.91542e-07
 Reference value :  6.04000e-07
 Reference value :  6.12532e-07
 Reference value :  6.29121e-07
 Reference value :  6.41802e-07
 Reference value :  6.51305e-07
 Reference value :  6.70424e-07
 Reference value :  6.84505e-07
 Reference value :  6.96809e-07
 Reference value :  7.10277e-07
 Reference value :  7.21472e-07
 Reference value :  7.31200e-07
 Reference value :  7.48414e-07
 Reference value :  7.64030e-07
 Reference value :  7.74009e-07
 Reference value :  7.90030e-07
 Reference value :  8.01130e-07
 Reference value :  8.10644e-07
 Reference value :  8.23121e-07
 Reference value :  8.40366e-07
 Reference value :  8.50065e-07
 Reference value :  8.64624e-07
 Reference value :  8.82995e-07
 Reference value :  8.93009e-07
 Reference value :  9.09675e-07
 Reference value :  9.21165e-07
 Reference value :  9.31100e-07
 Reference value :  9.48614e-07
 Reference value :  9.64100e-07
 Reference value :  9.74609e-07
 Reference value :  9.90065e-07
 Reference value :  1.00111e-06
 Reference value :  1.01040e-06
 Reference value :  1.02232e-06
 Reference value :  1.04012e-06
 Reference value :  1.04941e-06
 Reference value :  1.06322e-06
 Reference value :  1.08159e-06
 Reference value :  1.09121e-06
 Reference value :  1.10728e-06
 Reference value :  1.12039e-06
 Reference value :  1.13010e-06
 Reference value :  1.14561e-06
 Reference value :  1.16280e-06
 Reference value :  1.17361e-06
 Reference value :  1.19032e-06
 Reference value :  1.20212e-06
 Reference value :  1.21161e-06
 Reference value :  1.22792e-06
 Reference value :  1.24160e-06
 Reference value :  1.25130e-06
 Reference value :  1.27102e-06
 Reference value :  1.28429e-06
 Reference value :  1.29541e-06
 Reference value :  1.31010e-06
 Reference value :  1.32120e-06
 Reference value :  1.33065e-06
 Reference value :  1.34541e-06
 Reference value :  1.36131e-06
 Reference value :  1.37117e-06
 Reference value :  1.38592e-06
 Reference value :  1.40010e-06
 Reference value :  1.40781e-06
 Reference value :  1.42011e-06
 Reference value :  1.43712e-06
 Reference value :  1.44530e-06
 Reference value :  1.46001e-06
 Reference value :  1.48015e-06
 Reference value :  1.48901e-06
 Reference value :  1.50084e-06
 Reference value :  1.51487e-06
 Reference value :  1.52485e-06
 Reference value :  1.53701e-06
 Reference value :  1.55821e-06
 Reference value :  1.56566e-06
 Reference value :  1.58011e-06
 Reference value :  1.59252e-06
 Reference value :  1.60407e-06
 Reference value :  1.61273e-06
 Reference value :  1.62872e-06
 Reference value :  1.64180e-06
 Reference value :  1.65130e-06
 Reference value :  1.68029e-06
 Reference value :  1.68981e-06
 Reference value :  1.70133e-06
 Reference value :  1.71607e-06
 Reference value :  1.72520e-06
 Reference value :  1.73921e-06
 Reference value :  1.76010e-06
 Reference value :  1.76841e-06
 Reference value :  1.78099e-06
 Reference value :  1.79492e-06
 Reference value :  1.80450e-06
 Reference value :  1.81513e-06
 Reference value :  1.83072e-06
 Reference value :  1.84380e-06
 Reference value :  1.85301e-06
 Reference value :  1.87282e-06
 Reference value :  1.88497e-06
 Reference value :  1.89681e-06
 Reference value :  1.91020e-06
 Reference value :  1.92125e-06
 Reference value :  1.93111e-06
 Reference value :  1.94661e-06
 Reference value :  1.96280e-06
 Reference value :  1.97222e-06
 Reference value :  1.98892e-06
 Reference value :  2.00048e-06
 Reference value :  2.01003e-06
 Reference value :  2.02099e-06
 Reference value :  2.03932e-06
 Reference value :  2.04741e-06
 Reference value :  2.06082e-06
 Reference value :  2.08088e-06
 Reference value :  2.09029e-06
 Reference value :  2.10268e-06
 Reference value :  2.11827e-06
 Reference value :  2.12621e-06
 Reference value :  2.14006e-06
 Reference value :  2.16038e-06
 Reference value :  2.17003e-06
 Reference value :  2.18212e-06
 Reference value :  2.19812e-06
 Reference value :  2.20566e-06
 Reference value :  2.21833e-06
 Reference value :  2.23372e-06
 Reference value :  2.24440e-06
 Reference value :  2.25701e-06
 Reference value :  2.27803e-06
 Reference value :  2.28566e-06
 Reference value :  2.30000e-06
 Reference value :  2.31150e-06
 Reference value :  2.32339e-06
 Reference value :  2.33301e-06
 Reference value :  2.35161e-06
 Reference value :  2.36440e-06
 Reference value :  2.37641e-06
 Reference value :  2.39044e-06
 Reference value :  2.40148e-06
 Reference value :  2.41000e-06
 Reference value :  2.42081e-06
 Reference value :  2.43772e-06
 Reference value :  2.44441e-06
 Reference value :  2.45183e-06
 Reference value :  2.47002e-06
 Reference value :  2.48252e-06
 Reference value :  2.49020e-06
 Reference value :  2.50208e-06
 Reference value :  2.51647e-06
 Reference value :  2.52429e-06
 Reference value :  2.53152e-06
 Reference value :  2.54861e-06
 Reference value :  2.56235e-06
 Reference value :  2.57029e-06
 Reference value :  2.58312e-06
 Reference value :  2.59772e-06
 Reference value :  2.60513e-06
 Reference value :  2.61333e-06
 Reference value :  2.62832e-06
 Reference value :  2.64136e-06
 Reference value :  2.64986e-06
 Reference value :  2.66243e-06
 Reference value :  2.68110e-06
 Reference value :  2.68921e-06
 Reference value :  2.70021e-06
 Reference value :  2.71307e-06
 Reference value :  2.72366e-06
 Reference value :  2.73117e-06
 Reference value :  2.74761e-06
 Reference value :  2.76269e-06
 Reference value :  2.77102e-06
 Reference value :  2.78572e-06
 Reference value :  2.80006e-06
 Reference value :  2.80641e-06
 Reference value :  2.81673e-06
 Reference value :  2.83372e-06
 Reference value :  2.84383e-06
 Reference value :  2.85152e-06
 Reference value :  2.87022e-06
 Reference value :  2.88366e-06
 Reference value :  2.89116e-06
 Reference value :  2.90528e-06
 Reference value :  2.92001e-06
 Reference value :  2.92566e-06
 Reference value :  2.93621e-06
 Reference value :  2.95761e-06
 Reference value :  2.96517e-06
 Reference value :  2.97421e-06
 Reference value :  2.99011e-06
 Reference value :  3.00120e-06
 Reference value :  3.00972e-06
 Reference value :  3.02035e-06
 Reference value :  3.03812e-06
 Reference value :  3.04520e-06
 Reference value :  3.05461e-06
 Reference value :  3.07403e-06
 Reference value :  3.08450e-06
 Reference value :  3.09301e-06
 Reference value :  3.10928e-06
 Reference value :  3.12072e-06
 Reference value :  3.12911e-06
 Reference value :  3.14010e-06
 Reference value :  3.16027e-06
 Reference value :  3.16841e-06
 Reference value :  3.18010e-06
 Reference value :  3.19192e-06
 Reference value :  3.20252e-06
 Reference value :  3.21078e-06
 Reference value :  3.22332e-06
 Reference value :  3.24036e-06
 Reference value :  3.24895e-06
 Reference value :  3.26006e-06
 Reference value :  3.28027e-06
 Reference value :  3.28841e-06
 Reference value :  3.30007e-06
 Reference value :  3.31150e-06
 Reference value :  3.32235e-06
 Reference value :  3.33079e-06
 Reference value :  3.34781e-06
 Reference value :  3.36400e-06
 Reference value :  3.37121e-06
 Reference value :  3.38712e-06
No. of Data Rows : 23120

  Measurements for Transient Analysis

twin_r              =  9.95492e-10 targ=  4.10455e-08 trig=  4.00500e-08
twin_f              =  9.83508e-10 targ=  2.41134e-07 trig=  2.40150e-07
tb_asrt             =   8.45925e-07
te_asrt             =   8.45925e-07
la_lvl              =  8.41639e-09 from=  3.06000e-06 to=  3.40000e-06
lb_lvl              =  3.63000e+00 from=  3.06000e-06 to=  3.40000e-06
lc_lvl              =  2.26275e-09 from=  3.06000e-06 to=  3.40000e-06
ld_lvl              =  3.50183e-09 from=  3.06000e-06 to=  3.40000e-06
le_lvl              =  1.11234e-09 from=  3.06000e-06 to=  3.40000e-06
va_lvl              =  6.21086e-02 from=  3.06000e-06 to=  3.40000e-06
te_deas             =   2.40426e-06
le_pre              =  3.63000e+00 from=  2.16000e-06 to=  2.40001e-06
iavg                =  -1.56165e-04 from=  1.70000e-06 to=  3.40000e-06

ngspice-46 done

Warning: m=xx on .subckt line will override multiplier m hierarchy!


Error: measure  ta_asrt  when(WHEN) : out of interval
 .measure tran ta_asrt when v(locka)=    1.815000000000000e+00     rise=1 failed!


Error: measure  tc_asrt  when(WHEN) : out of interval
 .measure tran tc_asrt when v(lockc)=    1.815000000000000e+00     rise=1 failed!


Error: measure  td_asrt  when(WHEN) : out of interval
 .measure tran td_asrt when v(lockd)=    1.815000000000000e+00     rise=1 failed!

