
Note: Compatibility modes selected: hs a


Circuit: * lock-detector @ sf_27c_3.30v_e4.0n -- generated by sim/harness, do not edit

Doing analysis at TEMP = 27.000000 and TNOM = 27.000000

Using SPARSE 1.3 as Direct Linear Solver

Initial Transient Solution
--------------------------

Node                                   Voltage
----                                   -------
vdd                                        3.3
upa                                          0
dna                                          0
xa.xerr.n1                                 3.3
xa.xerr.xg1.nmid                     0.0261202
xa.xerr.n2                                 3.3
xa.xerr.xg2.nmid                    1.2631e-10
xa.xerr.n3                                 3.3
xa.xerr.xg3.nmid                    1.2631e-10
xa.err                             1.24725e-08
xa.xerr.xg4.nmid                   6.23624e-09
xa.xdly.d1                                 3.3
xa.xdly.d2                         6.25983e-09
xa.xdly.d3                                 3.3
xa.errd                            6.25983e-09
xa.wideb                                   3.3
xa.xnw.nmid                          0.0261172
xa.wide                            6.25983e-09
vwina                                        0
xa.xsch.p1                                 3.3
xa.lockb                                   3.3
xa.xsch.n1                             2.67729
locka                              6.25983e-09
upb                                          0
dnb                                          0
xb.xerr.n1                                 3.3
xb.xerr.xg1.nmid                     0.0261202
xb.xerr.n2                                 3.3
xb.xerr.xg2.nmid                    1.2631e-10
xb.xerr.n3                                 3.3
xb.xerr.xg3.nmid                    1.2631e-10
xb.err                             1.24725e-08
xb.xerr.xg4.nmid                   6.23624e-09
xb.xdly.d1                                 3.3
xb.xdly.d2                         6.25983e-09
xb.xdly.d3                                 3.3
xb.errd                            6.25983e-09
xb.wideb                                   3.3
xb.xnw.nmid                          0.0261172
xb.wide                            6.25983e-09
vwinb                                        0
xb.xsch.p1                                 3.3
xb.lockb                                   3.3
xb.xsch.n1                             2.67728
lockb                              6.25983e-09
upc                                          0
dnc                                          0
xc.xerr.n1                                 3.3
xc.xerr.xg1.nmid                     0.0261202
xc.xerr.n2                                 3.3
xc.xerr.xg2.nmid                    1.2631e-10
xc.xerr.n3                                 3.3
xc.xerr.xg3.nmid                    1.2631e-10
xc.err                             1.24725e-08
xc.xerr.xg4.nmid                   6.23624e-09
xc.xdly.d1                                 3.3
xc.xdly.d2                         6.25983e-09
xc.xdly.d3                                 3.3
xc.errd                            6.25983e-09
xc.wideb                                   3.3
xc.xnw.nmid                          0.0261172
xc.wide                            6.25983e-09
vwinc                                        0
xc.xsch.p1                                 3.3
xc.lockb                                   3.3
xc.xsch.n1                             2.67728
lockc                              6.25983e-09
upd                                          0
dnd                                          0
xd.xerr.n1                                 3.3
xd.xerr.xg1.nmid                     0.0261202
xd.xerr.n2                                 3.3
xd.xerr.xg2.nmid                    1.2631e-10
xd.xerr.n3                                 3.3
xd.xerr.xg3.nmid                    1.2631e-10
xd.err                             1.24725e-08
xd.xerr.xg4.nmid                   6.23624e-09
xd.xdly.d1                                 3.3
xd.xdly.d2                         6.25983e-09
xd.xdly.d3                                 3.3
xd.errd                            6.25983e-09
xd.wideb                                   3.3
xd.xnw.nmid                          0.0261172
xd.wide                            6.25983e-09
vwind                                        0
xd.xsch.p1                                 3.3
xd.lockb                                   3.3
xd.xsch.n1                             2.67729
lockd                              6.25983e-09
upe1                                         0
upe2                                         0
upe1n                                      3.3
upe2n                                      3.3
upe                                1.24725e-08
xoe3.nmid                          6.23624e-09
dne                                          0
xe.xerr.n1                                 3.3
xe.xerr.xg1.nmid                     0.0261175
xe.xerr.n2                                 3.3
xe.xerr.xg2.nmid                    1.2631e-10
xe.xerr.n3                                 3.3
xe.xerr.xg3.nmid                    1.2631e-10
xe.err                             1.24725e-08
xe.xerr.xg4.nmid                   6.23624e-09
xe.xdly.d1                                 3.3
xe.xdly.d2                         6.25983e-09
xe.xdly.d3                                 3.3
xe.errd                            6.25983e-09
xe.wideb                                   3.3
xe.xnw.nmid                          0.0261163
xe.wide                            6.25983e-09
vwine                                        0
xe.xsch.p1                                 3.3
xe.lockb                                   3.3
xe.xsch.n1                             2.67729
locke                              6.25983e-09
wstep                                        0
xw.d1                                      3.3
xw.d2                              6.25983e-09
xw.d3                                      3.3
wout                               6.25983e-09
vwstep#branch                                0
vdne#branch                                  0
vupe2#branch                                 0
vupe1#branch                                 0
vdnd#branch                                  0
vupd#branch                                  0
vdnc#branch                                  0
vupc#branch                                  0
vdnb#branch                                  0
vupb#branch                                  0
vdna#branch                                  0
vupa#branch                                  0
vdd#branch                        -5.39535e-06

 Reference value :  0.00000e+00
 Reference value :  2.68560e-08
 Reference value :  4.41070e-08
 Reference value :  5.41295e-08
 Reference value :  7.52429e-08
 Reference value :  8.53849e-08
 Reference value :  9.91295e-08
 Reference value :  1.12547e-07
 Reference value :  1.24149e-07
 Reference value :  1.34330e-07
 Reference value :  1.56245e-07
 Reference value :  1.65923e-07
 Reference value :  1.80030e-07
 Reference value :  1.94447e-07
 Reference value :  2.04996e-07
 Reference value :  2.16680e-07
 Reference value :  2.34110e-07
 Reference value :  2.45165e-07
 Reference value :  2.57730e-07
 Reference value :  2.80020e-07
 Reference value :  2.88330e-07
 Reference value :  3.00762e-07
 Reference value :  3.16947e-07
 Reference value :  3.25923e-07
 Reference value :  3.40030e-07
 Reference value :  3.60284e-07
 Reference value :  3.70010e-07
 Reference value :  3.82310e-07
 Reference value :  3.99047e-07
 Reference value :  4.08323e-07
 Reference value :  4.20418e-07
 Reference value :  4.40407e-07
 Reference value :  4.50030e-07
 Reference value :  4.63044e-07
 Reference value :  4.81850e-07
 Reference value :  4.91730e-07
 Reference value :  5.08349e-07
 Reference value :  5.21200e-07
 Reference value :  5.30893e-07
 Reference value :  5.45845e-07
 Reference value :  5.63822e-07
 Reference value :  5.83110e-07
 Reference value :  5.99824e-07
 Reference value :  6.07730e-07
 Reference value :  6.20121e-07
 Reference value :  6.40030e-07
 Reference value :  6.48330e-07
 Reference value :  6.60444e-07
 Reference value :  6.80843e-07
 Reference value :  6.90149e-07
 Reference value :  7.02549e-07
 Reference value :  7.19147e-07
 Reference value :  7.26730e-07
 Reference value :  7.40121e-07
 Reference value :  7.60535e-07
 Reference value :  7.70030e-07
 Reference value :  7.81910e-07
 Reference value :  7.98847e-07
 Reference value :  8.07130e-07
 Reference value :  8.20100e-07
 Reference value :  8.40010e-07
 Reference value :  8.48530e-07
 Reference value :  8.61844e-07
 Reference value :  8.81221e-07
 Reference value :  8.90996e-07
 Reference value :  9.05949e-07
 Reference value :  9.20284e-07
 Reference value :  9.30065e-07
 Reference value :  9.43045e-07
 Reference value :  9.61305e-07
 Reference value :  9.70996e-07
 Reference value :  9.85310e-07
 Reference value :  1.00016e-06
 Reference value :  1.01003e-06
 Reference value :  1.02191e-06
 Reference value :  1.04096e-06
 Reference value :  1.05020e-06
 Reference value :  1.06484e-06
 Reference value :  1.08245e-06
 Reference value :  1.09138e-06
 Reference value :  1.10775e-06
 Reference value :  1.12097e-06
 Reference value :  1.13020e-06
 Reference value :  1.14765e-06
 Reference value :  1.16853e-06
 Reference value :  1.19165e-06
 Reference value :  1.20521e-06
 Reference value :  1.21728e-06
 Reference value :  1.23511e-06
 Reference value :  1.24530e-06
 Reference value :  1.25873e-06
 Reference value :  1.28010e-06
 Reference value :  1.28973e-06
 Reference value :  1.30175e-06
 Reference value :  1.32010e-06
 Reference value :  1.32953e-06
 Reference value :  1.34265e-06
 Reference value :  1.36131e-06
 Reference value :  1.37100e-06
 Reference value :  1.38591e-06
 Reference value :  1.40028e-06
 Reference value :  1.41001e-06
 Reference value :  1.42151e-06
 Reference value :  1.44083e-06
 Reference value :  1.45010e-06
 Reference value :  1.46344e-06
 Reference value :  1.48151e-06
 Reference value :  1.49122e-06
 Reference value :  1.50655e-06
 Reference value :  1.52041e-06
 Reference value :  1.53003e-06
 Reference value :  1.54265e-06
 Reference value :  1.56131e-06
 Reference value :  1.57100e-06
 Reference value :  1.58551e-06
 Reference value :  1.60011e-06
 Reference value :  1.61007e-06
 Reference value :  1.62151e-06
 Reference value :  1.64083e-06
 Reference value :  1.65020e-06
 Reference value :  1.66444e-06
 Reference value :  1.68151e-06
 Reference value :  1.69120e-06
 Reference value :  1.70475e-06
 Reference value :  1.71955e-06
 Reference value :  1.72573e-06
 Reference value :  1.73853e-06
 Reference value :  1.75865e-06
 Reference value :  1.76573e-06
 Reference value :  1.77773e-06
 Reference value :  1.79125e-06
 Reference value :  1.80244e-06
 Reference value :  1.81111e-06
 Reference value :  1.82491e-06
 Reference value :  1.84120e-06
 Reference value :  1.85006e-06
 Reference value :  1.86144e-06
 Reference value :  1.88068e-06
 Reference value :  1.89007e-06
 Reference value :  1.90095e-06
 Reference value :  1.91575e-06
 Reference value :  1.92516e-06
 Reference value :  1.93672e-06
 Reference value :  1.95505e-06
 Reference value :  1.96520e-06
 Reference value :  1.97652e-06
 Reference value :  1.99020e-06
 Reference value :  2.00151e-06
 Reference value :  2.01096e-06
 Reference value :  2.02351e-06
 Reference value :  2.04110e-06
 Reference value :  2.05001e-06
 Reference value :  2.06104e-06
 Reference value :  2.08054e-06
 Reference value :  2.08873e-06
 Reference value :  2.10006e-06
 Reference value :  2.11195e-06
 Reference value :  2.12365e-06
 Reference value :  2.13121e-06
 Reference value :  2.14665e-06
 Reference value :  2.16264e-06
 Reference value :  2.17113e-06
 Reference value :  2.18491e-06
 Reference value :  2.19925e-06
 Reference value :  2.20538e-06
 Reference value :  2.21708e-06
 Reference value :  2.23191e-06
 Reference value :  2.24420e-06
 Reference value :  2.25273e-06
 Reference value :  2.27044e-06
 Reference value :  2.28403e-06
 Reference value :  2.29173e-06
 Reference value :  2.30655e-06
 Reference value :  2.32015e-06
 Reference value :  2.32793e-06
 Reference value :  2.34003e-06
 Reference value :  2.36003e-06
 Reference value :  2.36593e-06
 Reference value :  2.37933e-06
 Reference value :  2.39185e-06
 Reference value :  2.40282e-06
 Reference value :  2.41012e-06
 Reference value :  2.42055e-06
 Reference value :  2.44000e-06
 Reference value :  2.44612e-06
 Reference value :  2.45612e-06
 Reference value :  2.47405e-06
 Reference value :  2.48457e-06
 Reference value :  2.49173e-06
 Reference value :  2.50615e-06
 Reference value :  2.52006e-06
 Reference value :  2.52673e-06
 Reference value :  2.53553e-06
 Reference value :  2.55385e-06
 Reference value :  2.56443e-06
 Reference value :  2.57122e-06
 Reference value :  2.58511e-06
 Reference value :  2.59982e-06
 Reference value :  2.60531e-06
 Reference value :  2.61368e-06
 Reference value :  2.62891e-06
 Reference value :  2.64261e-06
 Reference value :  2.65015e-06
 Reference value :  2.66165e-06
 Reference value :  2.68087e-06
 Reference value :  2.68891e-06
 Reference value :  2.69792e-06
 Reference value :  2.71031e-06
 Reference value :  2.72139e-06
 Reference value :  2.72952e-06
 Reference value :  2.74011e-06
 Reference value :  2.76007e-06
 Reference value :  2.76653e-06
 Reference value :  2.77593e-06
 Reference value :  2.79020e-06
 Reference value :  2.80183e-06
 Reference value :  2.81003e-06
 Reference value :  2.82055e-06
 Reference value :  2.84000e-06
 Reference value :  2.84653e-06
 Reference value :  2.85573e-06
 Reference value :  2.87445e-06
 Reference value :  2.88473e-06
 Reference value :  2.89131e-06
 Reference value :  2.90555e-06
 Reference value :  2.92001e-06
 Reference value :  2.92633e-06
 Reference value :  2.93493e-06
 Reference value :  2.95225e-06
 Reference value :  2.96412e-06
 Reference value :  2.97110e-06
 Reference value :  2.98431e-06
 Reference value :  2.99865e-06
 Reference value :  3.00521e-06
 Reference value :  3.01328e-06
 Reference value :  3.02791e-06
 Reference value :  3.04165e-06
 Reference value :  3.05000e-06
 Reference value :  3.06045e-06
 Reference value :  3.08029e-06
 Reference value :  3.08793e-06
 Reference value :  3.09693e-06
 Reference value :  3.11007e-06
 Reference value :  3.12120e-06
 Reference value :  3.12925e-06
 Reference value :  3.14003e-06
 Reference value :  3.16001e-06
 Reference value :  3.16653e-06
 Reference value :  3.17573e-06
 Reference value :  3.19011e-06
 Reference value :  3.20125e-06
 Reference value :  3.20940e-06
 Reference value :  3.22010e-06
 Reference value :  3.23771e-06
 Reference value :  3.24522e-06
 Reference value :  3.25313e-06
 Reference value :  3.27005e-06
 Reference value :  3.28403e-06
 Reference value :  3.29089e-06
 Reference value :  3.30335e-06
 Reference value :  3.31815e-06
 Reference value :  3.32520e-06
 Reference value :  3.33253e-06
 Reference value :  3.34965e-06
 Reference value :  3.36400e-06
 Reference value :  3.37073e-06
 Reference value :  3.38351e-06
 Reference value :  3.39825e-06
No. of Data Rows : 22744

  Measurements for Transient Analysis

twin_r              =  1.16778e-09 targ=  4.12178e-08 trig=  4.00500e-08
twin_f              =  1.16162e-09 targ=  2.41312e-07 trig=  2.40150e-07
tb_asrt             =   9.80806e-07
te_asrt             =   9.80806e-07
la_lvl              =  6.94026e-09 from=  3.06000e-06 to=  3.40000e-06
lb_lvl              =  3.30000e+00 from=  3.06000e-06 to=  3.40000e-06
lc_lvl              =  6.79569e-09 from=  3.06000e-06 to=  3.40000e-06
ld_lvl              =  6.04361e-09 from=  3.06000e-06 to=  3.40000e-06
le_lvl              =  6.46808e-09 from=  3.06000e-06 to=  3.40000e-06
va_lvl              =  5.01906e-02 from=  3.06000e-06 to=  3.40000e-06
te_deas             =   2.40495e-06
le_pre              =  3.30000e+00 from=  2.16000e-06 to=  2.40001e-06
iavg                =  -1.37892e-04 from=  1.70000e-06 to=  3.40000e-06

ngspice-46 done

Warning: m=xx on .subckt line will override multiplier m hierarchy!


Error: measure  ta_asrt  when(WHEN) : out of interval
 .measure tran ta_asrt when v(locka)=    1.650000000000000e+00     rise=1 failed!


Error: measure  tc_asrt  when(WHEN) : out of interval
 .measure tran tc_asrt when v(lockc)=    1.650000000000000e+00     rise=1 failed!


Error: measure  td_asrt  when(WHEN) : out of interval
 .measure tran td_asrt when v(lockd)=    1.650000000000000e+00     rise=1 failed!

