
Note: Compatibility modes selected: hs a


Circuit: * lock-detector @ ss_125c_2.97v_e0.2n -- generated by sim/harness, do not edit

Doing analysis at TEMP = 125.000000 and TNOM = 27.000000

Using SPARSE 1.3 as Direct Linear Solver

Initial Transient Solution
--------------------------

Node                                   Voltage
----                                   -------
vdd                                       2.97
upa                                          0
dna                                          0
xa.xerr.n1                                2.97
xa.xerr.xg1.nmid                     0.0693288
xa.xerr.n2                                2.97
xa.xerr.xg2.nmid                   4.16559e-08
xa.xerr.n3                                2.97
xa.xerr.xg3.nmid                   4.16559e-08
xa.err                             2.41557e-08
xa.xerr.xg4.nmid                   1.20778e-08
xa.xdly.d1                                2.97
xa.xdly.d2                         1.21794e-08
xa.xdly.d3                                2.97
xa.errd                            1.21794e-08
xa.wideb                                  2.97
xa.xnw.nmid                          0.0693288
xa.wide                            1.21794e-08
vwina                                        0
xa.xsch.p1                                2.97
xa.lockb                                  2.97
xa.xsch.n1                             2.47889
locka                              1.21794e-08
upb                                          0
dnb                                          0
xb.xerr.n1                                2.97
xb.xerr.xg1.nmid                     0.0693288
xb.xerr.n2                                2.97
xb.xerr.xg2.nmid                   4.16559e-08
xb.xerr.n3                                2.97
xb.xerr.xg3.nmid                   4.16559e-08
xb.err                             2.41557e-08
xb.xerr.xg4.nmid                   1.20778e-08
xb.xdly.d1                                2.97
xb.xdly.d2                         1.21794e-08
xb.xdly.d3                                2.97
xb.errd                            1.21794e-08
xb.wideb                                  2.97
xb.xnw.nmid                          0.0693288
xb.wide                            1.21794e-08
vwinb                                        0
xb.xsch.p1                                2.97
xb.lockb                                  2.97
xb.xsch.n1                             2.47889
lockb                              1.21794e-08
upc                                          0
dnc                                          0
xc.xerr.n1                                2.97
xc.xerr.xg1.nmid                     0.0693288
xc.xerr.n2                                2.97
xc.xerr.xg2.nmid                   4.16559e-08
xc.xerr.n3                                2.97
xc.xerr.xg3.nmid                   4.16559e-08
xc.err                             2.41557e-08
xc.xerr.xg4.nmid                   1.20778e-08
xc.xdly.d1                                2.97
xc.xdly.d2                         1.21794e-08
xc.xdly.d3                                2.97
xc.errd                            1.21794e-08
xc.wideb                                  2.97
xc.xnw.nmid                          0.0693288
xc.wide                            1.21794e-08
vwinc                                        0
xc.xsch.p1                                2.97
xc.lockb                                  2.97
xc.xsch.n1                             2.47889
lockc                              1.21794e-08
upd                                          0
dnd                                          0
xd.xerr.n1                                2.97
xd.xerr.xg1.nmid                     0.0693288
xd.xerr.n2                                2.97
xd.xerr.xg2.nmid                   4.16559e-08
xd.xerr.n3                                2.97
xd.xerr.xg3.nmid                   4.16559e-08
xd.err                             2.41557e-08
xd.xerr.xg4.nmid                   1.20778e-08
xd.xdly.d1                                2.97
xd.xdly.d2                         1.21794e-08
xd.xdly.d3                                2.97
xd.errd                            1.21794e-08
xd.wideb                                  2.97
xd.xnw.nmid                          0.0693288
xd.wide                            1.21794e-08
vwind                                        0
xd.xsch.p1                                2.97
xd.lockb                                  2.97
xd.xsch.n1                             2.47889
lockd                              1.21794e-08
upe1                                         0
upe2                                         0
upe1n                                     2.97
upe2n                                     2.97
upe                                2.41556e-08
xoe3.nmid                          1.20778e-08
dne                                          0
xe.xerr.n1                                2.97
xe.xerr.xg1.nmid                     0.0693288
xe.xerr.n2                                2.97
xe.xerr.xg2.nmid                    4.1656e-08
xe.xerr.n3                                2.97
xe.xerr.xg3.nmid                   4.16559e-08
xe.err                             2.41557e-08
xe.xerr.xg4.nmid                   1.20778e-08
xe.xdly.d1                                2.97
xe.xdly.d2                         1.21794e-08
xe.xdly.d3                                2.97
xe.errd                            1.21794e-08
xe.wideb                                  2.97
xe.xnw.nmid                          0.0693288
xe.wide                            1.21794e-08
vwine                                        0
xe.xsch.p1                                2.97
xe.lockb                                  2.97
xe.xsch.n1                             2.47889
locke                              1.21794e-08
wstep                                        0
xw.d1                                     2.97
xw.d2                              1.21794e-08
xw.d3                                     2.97
wout                               1.21794e-08
vwstep#branch                                0
vdne#branch                                  0
vupe2#branch                                 0
vupe1#branch                                 0
vdnd#branch                                  0
vupd#branch                                  0
vdnc#branch                                  0
vupc#branch                                  0
vdnb#branch                                  0
vupb#branch                                  0
vdna#branch                                  0
vupa#branch                                  0
vdd#branch                        -2.30039e-06

 Reference value :  0.00000e+00
 Reference value :  2.34560e-08
 Reference value :  4.11000e-08
 Reference value :  5.12000e-08
 Reference value :  6.62444e-08
 Reference value :  8.13056e-08
 Reference value :  9.23050e-08
 Reference value :  1.07245e-07
 Reference value :  1.20306e-07
 Reference value :  1.30121e-07
 Reference value :  1.43094e-07
 Reference value :  1.60270e-07
 Reference value :  1.70121e-07
 Reference value :  1.83657e-07
 Reference value :  1.99858e-07
 Reference value :  2.08885e-07
 Reference value :  2.20100e-07
 Reference value :  2.40065e-07
 Reference value :  2.49084e-07
 Reference value :  2.61244e-07
 Reference value :  2.80245e-07
 Reference value :  2.90100e-07
 Reference value :  3.02445e-07
 Reference value :  3.17297e-07
 Reference value :  3.26484e-07
 Reference value :  3.40010e-07
 Reference value :  3.57894e-07
 Reference value :  3.66684e-07
 Reference value :  3.80010e-07
 Reference value :  3.94517e-07
 Reference value :  4.03485e-07
 Reference value :  4.16726e-07
 Reference value :  4.36057e-07
 Reference value :  4.45884e-07
 Reference value :  4.60065e-07
 Reference value :  4.80020e-07
 Reference value :  4.88684e-07
 Reference value :  5.00317e-07
 Reference value :  5.14097e-07
 Reference value :  5.24084e-07
 Reference value :  5.36505e-07
 Reference value :  5.53294e-07
 Reference value :  5.64484e-07
 Reference value :  5.80000e-07
 Reference value :  5.95117e-07
 Reference value :  6.04885e-07
 Reference value :  6.17526e-07
 Reference value :  6.35857e-07
 Reference value :  6.45084e-07
 Reference value :  6.58105e-07
 Reference value :  6.77444e-07
 Reference value :  6.86284e-07
 Reference value :  7.00000e-07
 Reference value :  7.12297e-07
 Reference value :  7.22684e-07
 Reference value :  7.36505e-07
 Reference value :  7.53894e-07
 Reference value :  7.65284e-07
 Reference value :  7.80100e-07
 Reference value :  7.96517e-07
 Reference value :  8.05885e-07
 Reference value :  8.18326e-07
 Reference value :  8.38257e-07
 Reference value :  8.47084e-07
 Reference value :  8.60107e-07
 Reference value :  8.80065e-07
 Reference value :  8.89684e-07
 Reference value :  9.02245e-07
 Reference value :  9.18897e-07
 Reference value :  9.27684e-07
 Reference value :  9.40205e-07
 Reference value :  9.59494e-07
 Reference value :  9.68284e-07
 Reference value :  9.80205e-07
 Reference value :  9.95917e-07
 Reference value :  1.00488e-06
 Reference value :  1.01813e-06
 Reference value :  1.03786e-06
 Reference value :  1.04808e-06
 Reference value :  1.06084e-06
 Reference value :  1.08030e-06
 Reference value :  1.09020e-06
 Reference value :  1.10305e-06
 Reference value :  1.11790e-06
 Reference value :  1.12688e-06
 Reference value :  1.14006e-06
 Reference value :  1.15849e-06
 Reference value :  1.16848e-06
 Reference value :  1.18126e-06
 Reference value :  1.19812e-06
 Reference value :  1.20929e-06
 Reference value :  1.22032e-06
 Reference value :  1.24015e-06
 Reference value :  1.25001e-06
 Reference value :  1.26224e-06
 Reference value :  1.28049e-06
 Reference value :  1.29090e-06
 Reference value :  1.30445e-06
 Reference value :  1.32001e-06
 Reference value :  1.32908e-06
 Reference value :  1.34109e-06
 Reference value :  1.36010e-06
 Reference value :  1.37000e-06
 Reference value :  1.38266e-06
 Reference value :  1.39975e-06
 Reference value :  1.40909e-06
 Reference value :  1.42011e-06
 Reference value :  1.44022e-06
 Reference value :  1.45010e-06
 Reference value :  1.46304e-06
 Reference value :  1.48096e-06
 Reference value :  1.49138e-06
 Reference value :  1.50645e-06
 Reference value :  1.52027e-06
 Reference value :  1.53010e-06
 Reference value :  1.54409e-06
 Reference value :  1.56049e-06
 Reference value :  1.57070e-06
 Reference value :  1.58486e-06
 Reference value :  1.60010e-06
 Reference value :  1.61000e-06
 Reference value :  1.62086e-06
 Reference value :  1.64030e-06
 Reference value :  1.65032e-06
 Reference value :  1.66484e-06
 Reference value :  1.68120e-06
 Reference value :  1.69154e-06
 Reference value :  1.70665e-06
 Reference value :  1.72020e-06
 Reference value :  1.73010e-06
 Reference value :  1.74309e-06
 Reference value :  1.76030e-06
 Reference value :  1.77012e-06
 Reference value :  1.78306e-06
 Reference value :  1.79972e-06
 Reference value :  1.80829e-06
 Reference value :  1.82003e-06
 Reference value :  1.84003e-06
 Reference value :  1.84984e-06
 Reference value :  1.86184e-06
 Reference value :  1.88039e-06
 Reference value :  1.89050e-06
 Reference value :  1.90345e-06
 Reference value :  1.91810e-06
 Reference value :  1.92688e-06
 Reference value :  1.94010e-06
 Reference value :  1.95809e-06
 Reference value :  1.96708e-06
 Reference value :  1.98012e-06
 Reference value :  1.99572e-06
 Reference value :  2.00429e-06
 Reference value :  2.01713e-06
 Reference value :  2.03686e-06
 Reference value :  2.04628e-06
 Reference value :  2.06003e-06
 Reference value :  2.08001e-06
 Reference value :  2.08808e-06
 Reference value :  2.10021e-06
 Reference value :  2.11390e-06
 Reference value :  2.12248e-06
 Reference value :  2.13551e-06
 Reference value :  2.15149e-06
 Reference value :  2.16228e-06
 Reference value :  2.17511e-06
 Reference value :  2.19132e-06
 Reference value :  2.20131e-06
 Reference value :  2.21193e-06
 Reference value :  2.22726e-06
 Reference value :  2.24137e-06
 Reference value :  2.25251e-06
 Reference value :  2.26964e-06
 Reference value :  2.28157e-06
 Reference value :  2.29471e-06
 Reference value :  2.30982e-06
 Reference value :  2.32064e-06
 Reference value :  2.33110e-06
 Reference value :  2.34569e-06
 Reference value :  2.36096e-06
 Reference value :  2.37120e-06
 Reference value :  2.38706e-06
 Reference value :  2.40022e-06
 Reference value :  2.40911e-06
 Reference value :  2.41986e-06
 Reference value :  2.44000e-06
 Reference value :  2.44868e-06
 Reference value :  2.46001e-06
 Reference value :  2.47964e-06
 Reference value :  2.48828e-06
 Reference value :  2.49951e-06
 Reference value :  2.51170e-06
 Reference value :  2.52188e-06
 Reference value :  2.53154e-06
 Reference value :  2.54729e-06
 Reference value :  2.56121e-06
 Reference value :  2.57032e-06
 Reference value :  2.58366e-06
 Reference value :  2.60001e-06
 Reference value :  2.60789e-06
 Reference value :  2.61733e-06
 Reference value :  2.63566e-06
 Reference value :  2.64548e-06
 Reference value :  2.65711e-06
 Reference value :  2.67744e-06
 Reference value :  2.68628e-06
 Reference value :  2.69912e-06
 Reference value :  2.71170e-06
 Reference value :  2.72173e-06
 Reference value :  2.73138e-06
 Reference value :  2.74789e-06
 Reference value :  2.76131e-06
 Reference value :  2.77110e-06
 Reference value :  2.78546e-06
 Reference value :  2.80015e-06
 Reference value :  2.80911e-06
 Reference value :  2.81913e-06
 Reference value :  2.83886e-06
 Reference value :  2.84768e-06
 Reference value :  2.85871e-06
 Reference value :  2.87884e-06
 Reference value :  2.88728e-06
 Reference value :  2.89851e-06
 Reference value :  2.91110e-06
 Reference value :  2.92144e-06
 Reference value :  2.93125e-06
 Reference value :  2.94709e-06
 Reference value :  2.96125e-06
 Reference value :  2.97070e-06
 Reference value :  2.98486e-06
 Reference value :  3.00020e-06
 Reference value :  3.00911e-06
 Reference value :  3.01973e-06
 Reference value :  3.03966e-06
 Reference value :  3.04768e-06
 Reference value :  3.05851e-06
 Reference value :  3.07764e-06
 Reference value :  3.08648e-06
 Reference value :  3.09691e-06
 Reference value :  3.11015e-06
 Reference value :  3.12125e-06
 Reference value :  3.13090e-06
 Reference value :  3.14549e-06
 Reference value :  3.16113e-06
 Reference value :  3.17020e-06
 Reference value :  3.18306e-06
 Reference value :  3.19932e-06
 Reference value :  3.20709e-06
 Reference value :  3.21673e-06
 Reference value :  3.23526e-06
 Reference value :  3.24488e-06
 Reference value :  3.25531e-06
 Reference value :  3.27424e-06
 Reference value :  3.28428e-06
 Reference value :  3.29531e-06
 Reference value :  3.31000e-06
 Reference value :  3.32113e-06
 Reference value :  3.33020e-06
 Reference value :  3.34389e-06
 Reference value :  3.36034e-06
 Reference value :  3.36989e-06
 Reference value :  3.38206e-06
 Reference value :  3.39892e-06
No. of Data Rows : 22292

  Measurements for Transient Analysis

twin_r              =  1.69944e-09 targ=  4.17494e-08 trig=  4.00500e-08
twin_f              =  1.68651e-09 targ=  2.41837e-07 trig=  2.40150e-07
ta_asrt             =   1.91255e-06
tb_asrt             =   1.91255e-06
te_asrt             =   1.91255e-06
la_lvl              =  2.97000e+00 from=  3.06000e-06 to=  3.40000e-06
lb_lvl              =  2.97000e+00 from=  3.06000e-06 to=  3.40000e-06
lc_lvl              =  9.55895e-09 from=  3.06000e-06 to=  3.40000e-06
ld_lvl              =  1.13819e-08 from=  3.06000e-06 to=  3.40000e-06
le_lvl              =  1.29204e-08 from=  3.06000e-06 to=  3.40000e-06
va_lvl              =  2.34821e+00 from=  3.06000e-06 to=  3.40000e-06
te_deas             =   2.40539e-06
le_pre              =  2.97000e+00 from=  2.16000e-06 to=  2.40001e-06
iavg                =  -1.55593e-04 from=  1.70000e-06 to=  3.40000e-06

ngspice-46 done

Warning: m=xx on .subckt line will override multiplier m hierarchy!


Error: measure  tc_asrt  when(WHEN) : out of interval
 .measure tran tc_asrt when v(lockc)=    1.485000000000000e+00     rise=1 failed!


Error: measure  td_asrt  when(WHEN) : out of interval
 .measure tran td_asrt when v(lockd)=    1.485000000000000e+00     rise=1 failed!

