
Note: Compatibility modes selected: hs a


Circuit: * lock-detector @ ss_125c_2.97v_e3.0n -- generated by sim/harness, do not edit

Doing analysis at TEMP = 125.000000 and TNOM = 27.000000

Using SPARSE 1.3 as Direct Linear Solver

Initial Transient Solution
--------------------------

Node                                   Voltage
----                                   -------
vdd                                       2.97
upa                                          0
dna                                          0
xa.xerr.n1                                2.97
xa.xerr.xg1.nmid                     0.0693288
xa.xerr.n2                                2.97
xa.xerr.xg2.nmid                   4.16559e-08
xa.xerr.n3                                2.97
xa.xerr.xg3.nmid                   4.16559e-08
xa.err                             2.41557e-08
xa.xerr.xg4.nmid                   1.20778e-08
xa.xdly.d1                                2.97
xa.xdly.d2                         1.21794e-08
xa.xdly.d3                                2.97
xa.errd                            1.21794e-08
xa.wideb                                  2.97
xa.xnw.nmid                          0.0693288
xa.wide                            1.21794e-08
vwina                                        0
xa.xsch.p1                                2.97
xa.lockb                                  2.97
xa.xsch.n1                             2.47889
locka                              1.21794e-08
upb                                          0
dnb                                          0
xb.xerr.n1                                2.97
xb.xerr.xg1.nmid                     0.0693288
xb.xerr.n2                                2.97
xb.xerr.xg2.nmid                   4.16559e-08
xb.xerr.n3                                2.97
xb.xerr.xg3.nmid                   4.16559e-08
xb.err                             2.41557e-08
xb.xerr.xg4.nmid                   1.20778e-08
xb.xdly.d1                                2.97
xb.xdly.d2                         1.21794e-08
xb.xdly.d3                                2.97
xb.errd                            1.21794e-08
xb.wideb                                  2.97
xb.xnw.nmid                          0.0693288
xb.wide                            1.21794e-08
vwinb                                        0
xb.xsch.p1                                2.97
xb.lockb                                  2.97
xb.xsch.n1                             2.47889
lockb                              1.21794e-08
upc                                          0
dnc                                          0
xc.xerr.n1                                2.97
xc.xerr.xg1.nmid                     0.0693288
xc.xerr.n2                                2.97
xc.xerr.xg2.nmid                   4.16559e-08
xc.xerr.n3                                2.97
xc.xerr.xg3.nmid                   4.16559e-08
xc.err                             2.41557e-08
xc.xerr.xg4.nmid                   1.20778e-08
xc.xdly.d1                                2.97
xc.xdly.d2                         1.21794e-08
xc.xdly.d3                                2.97
xc.errd                            1.21794e-08
xc.wideb                                  2.97
xc.xnw.nmid                          0.0693288
xc.wide                            1.21794e-08
vwinc                                        0
xc.xsch.p1                                2.97
xc.lockb                                  2.97
xc.xsch.n1                             2.47889
lockc                              1.21794e-08
upd                                          0
dnd                                          0
xd.xerr.n1                                2.97
xd.xerr.xg1.nmid                     0.0693288
xd.xerr.n2                                2.97
xd.xerr.xg2.nmid                   4.16559e-08
xd.xerr.n3                                2.97
xd.xerr.xg3.nmid                   4.16559e-08
xd.err                             2.41557e-08
xd.xerr.xg4.nmid                   1.20778e-08
xd.xdly.d1                                2.97
xd.xdly.d2                         1.21794e-08
xd.xdly.d3                                2.97
xd.errd                            1.21794e-08
xd.wideb                                  2.97
xd.xnw.nmid                          0.0693288
xd.wide                            1.21794e-08
vwind                                        0
xd.xsch.p1                                2.97
xd.lockb                                  2.97
xd.xsch.n1                             2.47889
lockd                              1.21794e-08
upe1                                         0
upe2                                         0
upe1n                                     2.97
upe2n                                     2.97
upe                                2.41556e-08
xoe3.nmid                          1.20778e-08
dne                                          0
xe.xerr.n1                                2.97
xe.xerr.xg1.nmid                     0.0693288
xe.xerr.n2                                2.97
xe.xerr.xg2.nmid                    4.1656e-08
xe.xerr.n3                                2.97
xe.xerr.xg3.nmid                   4.16559e-08
xe.err                             2.41557e-08
xe.xerr.xg4.nmid                   1.20778e-08
xe.xdly.d1                                2.97
xe.xdly.d2                         1.21794e-08
xe.xdly.d3                                2.97
xe.errd                            1.21794e-08
xe.wideb                                  2.97
xe.xnw.nmid                          0.0693288
xe.wide                            1.21794e-08
vwine                                        0
xe.xsch.p1                                2.97
xe.lockb                                  2.97
xe.xsch.n1                             2.47889
locke                              1.21794e-08
wstep                                        0
xw.d1                                     2.97
xw.d2                              1.21794e-08
xw.d3                                     2.97
wout                               1.21794e-08
vwstep#branch                                0
vdne#branch                                  0
vupe2#branch                                 0
vupe1#branch                                 0
vdnd#branch                                  0
vupd#branch                                  0
vdnc#branch                                  0
vupc#branch                                  0
vdnb#branch                                  0
vupb#branch                                  0
vdna#branch                                  0
vupa#branch                                  0
vdd#branch                        -2.30039e-06

 Reference value :  0.00000e+00
 Reference value :  2.32560e-08
 Reference value :  4.13890e-08
 Reference value :  5.12000e-08
 Reference value :  6.64376e-08
 Reference value :  8.23340e-08
 Reference value :  9.12490e-08
 Reference value :  1.05645e-07
 Reference value :  1.20205e-07
 Reference value :  1.29105e-07
 Reference value :  1.41294e-07
 Reference value :  1.60100e-07
 Reference value :  1.68905e-07
 Reference value :  1.81257e-07
 Reference value :  1.97317e-07
 Reference value :  2.04705e-07
 Reference value :  2.17128e-07
 Reference value :  2.35257e-07
 Reference value :  2.44165e-07
 Reference value :  2.56105e-07
 Reference value :  2.75044e-07
 Reference value :  2.84305e-07
 Reference value :  2.96905e-07
 Reference value :  3.10497e-07
 Reference value :  3.22734e-07
 Reference value :  3.31384e-07
 Reference value :  3.47894e-07
 Reference value :  3.62326e-07
 Reference value :  3.71305e-07
 Reference value :  3.87257e-07
 Reference value :  4.00456e-07
 Reference value :  4.10065e-07
 Reference value :  4.21457e-07
 Reference value :  4.40843e-07
 Reference value :  4.50107e-07
 Reference value :  4.63629e-07
 Reference value :  4.81249e-07
 Reference value :  4.91110e-07
 Reference value :  5.04845e-07
 Reference value :  5.20020e-07
 Reference value :  5.27305e-07
 Reference value :  5.40100e-07
 Reference value :  5.59294e-07
 Reference value :  5.67105e-07
 Reference value :  5.80100e-07
 Reference value :  5.94717e-07
 Reference value :  6.04100e-07
 Reference value :  6.14528e-07
 Reference value :  6.31457e-07
 Reference value :  6.43702e-07
 Reference value :  6.55105e-07
 Reference value :  6.73629e-07
 Reference value :  6.84207e-07
 Reference value :  6.96505e-07
 Reference value :  7.10308e-07
 Reference value :  7.22534e-07
 Reference value :  7.31249e-07
 Reference value :  7.47694e-07
 Reference value :  7.62863e-07
 Reference value :  7.72905e-07
 Reference value :  7.90030e-07
 Reference value :  8.01305e-07
 Reference value :  8.10859e-07
 Reference value :  8.23457e-07
 Reference value :  8.41390e-07
 Reference value :  8.51100e-07
 Reference value :  8.66029e-07
 Reference value :  8.82134e-07
 Reference value :  8.91249e-07
 Reference value :  9.05845e-07
 Reference value :  9.20149e-07
 Reference value :  9.28705e-07
 Reference value :  9.41094e-07
 Reference value :  9.60100e-07
 Reference value :  9.68919e-07
 Reference value :  9.80657e-07
 Reference value :  9.96917e-07
 Reference value :  1.00455e-06
 Reference value :  1.01693e-06
 Reference value :  1.03526e-06
 Reference value :  1.04454e-06
 Reference value :  1.05891e-06
 Reference value :  1.07943e-06
 Reference value :  1.08731e-06
 Reference value :  1.10012e-06
 Reference value :  1.11370e-06
 Reference value :  1.12410e-06
 Reference value :  1.13551e-06
 Reference value :  1.15209e-06
 Reference value :  1.16413e-06
 Reference value :  1.17591e-06
 Reference value :  1.19152e-06
 Reference value :  1.20310e-06
 Reference value :  1.21293e-06
 Reference value :  1.22946e-06
 Reference value :  1.24332e-06
 Reference value :  1.25431e-06
 Reference value :  1.27243e-06
 Reference value :  1.28413e-06
 Reference value :  1.29671e-06
 Reference value :  1.31031e-06
 Reference value :  1.32233e-06
 Reference value :  1.33130e-06
 Reference value :  1.34729e-06
 Reference value :  1.36253e-06
 Reference value :  1.37171e-06
 Reference value :  1.38886e-06
 Reference value :  1.40120e-06
 Reference value :  1.41046e-06
 Reference value :  1.42306e-06
 Reference value :  1.44122e-06
 Reference value :  1.45090e-06
 Reference value :  1.46563e-06
 Reference value :  1.48253e-06
 Reference value :  1.49171e-06
 Reference value :  1.50745e-06
 Reference value :  1.52110e-06
 Reference value :  1.53015e-06
 Reference value :  1.54349e-06
 Reference value :  1.56085e-06
 Reference value :  1.57015e-06
 Reference value :  1.58346e-06
 Reference value :  1.60011e-06
 Reference value :  1.60871e-06
 Reference value :  1.62011e-06
 Reference value :  1.64006e-06
 Reference value :  1.64851e-06
 Reference value :  1.66063e-06
 Reference value :  1.68046e-06
 Reference value :  1.68985e-06
 Reference value :  1.70145e-06
 Reference value :  1.71630e-06
 Reference value :  1.72531e-06
 Reference value :  1.73891e-06
 Reference value :  1.75629e-06
 Reference value :  1.76551e-06
 Reference value :  1.77985e-06
 Reference value :  1.79412e-06
 Reference value :  1.80390e-06
 Reference value :  1.81453e-06
 Reference value :  1.83206e-06
 Reference value :  1.84410e-06
 Reference value :  1.85511e-06
 Reference value :  1.87423e-06
 Reference value :  1.88425e-06
 Reference value :  1.89731e-06
 Reference value :  1.91110e-06
 Reference value :  1.92287e-06
 Reference value :  1.93192e-06
 Reference value :  1.94849e-06
 Reference value :  1.96303e-06
 Reference value :  1.97232e-06
 Reference value :  1.99001e-06
 Reference value :  2.00125e-06
 Reference value :  2.01066e-06
 Reference value :  2.02286e-06
 Reference value :  2.04120e-06
 Reference value :  2.05032e-06
 Reference value :  2.06443e-06
 Reference value :  2.08139e-06
 Reference value :  2.09110e-06
 Reference value :  2.10425e-06
 Reference value :  2.12003e-06
 Reference value :  2.12791e-06
 Reference value :  2.14020e-06
 Reference value :  2.15949e-06
 Reference value :  2.16691e-06
 Reference value :  2.18010e-06
 Reference value :  2.19492e-06
 Reference value :  2.20370e-06
 Reference value :  2.21473e-06
 Reference value :  2.23146e-06
 Reference value :  2.24416e-06
 Reference value :  2.25711e-06
 Reference value :  2.27884e-06
 Reference value :  2.28831e-06
 Reference value :  2.30125e-06
 Reference value :  2.31790e-06
 Reference value :  2.32731e-06
 Reference value :  2.34149e-06
 Reference value :  2.36097e-06
 Reference value :  2.37070e-06
 Reference value :  2.38666e-06
 Reference value :  2.40117e-06
 Reference value :  2.41006e-06
 Reference value :  2.42286e-06
 Reference value :  2.44174e-06
 Reference value :  2.45125e-06
 Reference value :  2.46984e-06
 Reference value :  2.48411e-06
 Reference value :  2.49571e-06
 Reference value :  2.51110e-06
 Reference value :  2.52332e-06
 Reference value :  2.53331e-06
 Reference value :  2.55209e-06
 Reference value :  2.56425e-06
 Reference value :  2.57571e-06
 Reference value :  2.59272e-06
 Reference value :  2.60350e-06
 Reference value :  2.61273e-06
 Reference value :  2.63166e-06
 Reference value :  2.64421e-06
 Reference value :  2.65551e-06
 Reference value :  2.67724e-06
 Reference value :  2.68851e-06
 Reference value :  2.70125e-06
 Reference value :  2.71730e-06
 Reference value :  2.72751e-06
 Reference value :  2.74011e-06
 Reference value :  2.76010e-06
 Reference value :  2.76916e-06
 Reference value :  2.78146e-06
 Reference value :  2.79952e-06
 Reference value :  2.80811e-06
 Reference value :  2.81973e-06
 Reference value :  2.84012e-06
 Reference value :  2.84925e-06
 Reference value :  2.86184e-06
 Reference value :  2.88174e-06
 Reference value :  2.89113e-06
 Reference value :  2.90625e-06
 Reference value :  2.92110e-06
 Reference value :  2.93011e-06
 Reference value :  2.94489e-06
 Reference value :  2.96154e-06
 Reference value :  2.97113e-06
 Reference value :  2.99000e-06
 Reference value :  3.00154e-06
 Reference value :  3.01086e-06
 Reference value :  3.02526e-06
 Reference value :  3.04310e-06
 Reference value :  3.05271e-06
 Reference value :  3.07364e-06
 Reference value :  3.08631e-06
 Reference value :  3.09985e-06
 Reference value :  3.11390e-06
 Reference value :  3.12454e-06
 Reference value :  3.13711e-06
 Reference value :  3.15629e-06
 Reference value :  3.16631e-06
 Reference value :  3.17985e-06
 Reference value :  3.19632e-06
 Reference value :  3.20591e-06
 Reference value :  3.21773e-06
 Reference value :  3.23966e-06
 Reference value :  3.24891e-06
 Reference value :  3.26046e-06
 Reference value :  3.28121e-06
 Reference value :  3.29020e-06
 Reference value :  3.30485e-06
 Reference value :  3.32061e-06
 Reference value :  3.33000e-06
 Reference value :  3.34469e-06
 Reference value :  3.36193e-06
 Reference value :  3.37121e-06
 Reference value :  3.38946e-06
No. of Data Rows : 22266

  Measurements for Transient Analysis

twin_r              =  1.70198e-09 targ=  4.17520e-08 trig=  4.00500e-08
twin_f              =  1.69104e-09 targ=  2.41841e-07 trig=  2.40150e-07
tb_asrt             =   1.91255e-06
te_asrt             =   1.91255e-06
la_lvl              =  9.21576e-09 from=  3.06000e-06 to=  3.40000e-06
lb_lvl              =  2.97000e+00 from=  3.06000e-06 to=  3.40000e-06
lc_lvl              =  9.68957e-09 from=  3.06000e-06 to=  3.40000e-06
ld_lvl              =  1.11393e-08 from=  3.06000e-06 to=  3.40000e-06
le_lvl              =  1.44044e-08 from=  3.06000e-06 to=  3.40000e-06
va_lvl              =  1.83401e-02 from=  3.06000e-06 to=  3.40000e-06
te_deas             =   2.40541e-06
le_pre              =  2.97000e+00 from=  2.16000e-06 to=  2.40001e-06
iavg                =  -1.56395e-04 from=  1.70000e-06 to=  3.40000e-06

ngspice-46 done

Warning: m=xx on .subckt line will override multiplier m hierarchy!


Error: measure  ta_asrt  when(WHEN) : out of interval
 .measure tran ta_asrt when v(locka)=    1.485000000000000e+00     rise=1 failed!


Error: measure  tc_asrt  when(WHEN) : out of interval
 .measure tran tc_asrt when v(lockc)=    1.485000000000000e+00     rise=1 failed!


Error: measure  td_asrt  when(WHEN) : out of interval
 .measure tran td_asrt when v(lockd)=    1.485000000000000e+00     rise=1 failed!

