
Note: Compatibility modes selected: hs a


Circuit: * lock-detector @ ss_125c_2.97v_e0.8n -- generated by sim/harness, do not edit

Doing analysis at TEMP = 125.000000 and TNOM = 27.000000

Using SPARSE 1.3 as Direct Linear Solver

Initial Transient Solution
--------------------------

Node                                   Voltage
----                                   -------
vdd                                       2.97
upa                                          0
dna                                          0
xa.xerr.n1                                2.97
xa.xerr.xg1.nmid                     0.0693288
xa.xerr.n2                                2.97
xa.xerr.xg2.nmid                   4.16559e-08
xa.xerr.n3                                2.97
xa.xerr.xg3.nmid                   4.16559e-08
xa.err                             2.41557e-08
xa.xerr.xg4.nmid                   1.20778e-08
xa.xdly.d1                                2.97
xa.xdly.d2                         1.21794e-08
xa.xdly.d3                                2.97
xa.errd                            1.21794e-08
xa.wideb                                  2.97
xa.xnw.nmid                          0.0693288
xa.wide                            1.21794e-08
vwina                                        0
xa.xsch.p1                                2.97
xa.lockb                                  2.97
xa.xsch.n1                             2.47889
locka                              1.21794e-08
upb                                          0
dnb                                          0
xb.xerr.n1                                2.97
xb.xerr.xg1.nmid                     0.0693288
xb.xerr.n2                                2.97
xb.xerr.xg2.nmid                   4.16559e-08
xb.xerr.n3                                2.97
xb.xerr.xg3.nmid                   4.16559e-08
xb.err                             2.41557e-08
xb.xerr.xg4.nmid                   1.20778e-08
xb.xdly.d1                                2.97
xb.xdly.d2                         1.21794e-08
xb.xdly.d3                                2.97
xb.errd                            1.21794e-08
xb.wideb                                  2.97
xb.xnw.nmid                          0.0693288
xb.wide                            1.21794e-08
vwinb                                        0
xb.xsch.p1                                2.97
xb.lockb                                  2.97
xb.xsch.n1                             2.47889
lockb                              1.21794e-08
upc                                          0
dnc                                          0
xc.xerr.n1                                2.97
xc.xerr.xg1.nmid                     0.0693288
xc.xerr.n2                                2.97
xc.xerr.xg2.nmid                   4.16559e-08
xc.xerr.n3                                2.97
xc.xerr.xg3.nmid                   4.16559e-08
xc.err                             2.41557e-08
xc.xerr.xg4.nmid                   1.20778e-08
xc.xdly.d1                                2.97
xc.xdly.d2                         1.21794e-08
xc.xdly.d3                                2.97
xc.errd                            1.21794e-08
xc.wideb                                  2.97
xc.xnw.nmid                          0.0693288
xc.wide                            1.21794e-08
vwinc                                        0
xc.xsch.p1                                2.97
xc.lockb                                  2.97
xc.xsch.n1                             2.47889
lockc                              1.21794e-08
upd                                          0
dnd                                          0
xd.xerr.n1                                2.97
xd.xerr.xg1.nmid                     0.0693288
xd.xerr.n2                                2.97
xd.xerr.xg2.nmid                   4.16559e-08
xd.xerr.n3                                2.97
xd.xerr.xg3.nmid                   4.16559e-08
xd.err                             2.41557e-08
xd.xerr.xg4.nmid                   1.20778e-08
xd.xdly.d1                                2.97
xd.xdly.d2                         1.21794e-08
xd.xdly.d3                                2.97
xd.errd                            1.21794e-08
xd.wideb                                  2.97
xd.xnw.nmid                          0.0693288
xd.wide                            1.21794e-08
vwind                                        0
xd.xsch.p1                                2.97
xd.lockb                                  2.97
xd.xsch.n1                             2.47889
lockd                              1.21794e-08
upe1                                         0
upe2                                         0
upe1n                                     2.97
upe2n                                     2.97
upe                                2.41556e-08
xoe3.nmid                          1.20778e-08
dne                                          0
xe.xerr.n1                                2.97
xe.xerr.xg1.nmid                     0.0693288
xe.xerr.n2                                2.97
xe.xerr.xg2.nmid                    4.1656e-08
xe.xerr.n3                                2.97
xe.xerr.xg3.nmid                   4.16559e-08
xe.err                             2.41557e-08
xe.xerr.xg4.nmid                   1.20778e-08
xe.xdly.d1                                2.97
xe.xdly.d2                         1.21794e-08
xe.xdly.d3                                2.97
xe.errd                            1.21794e-08
xe.wideb                                  2.97
xe.xnw.nmid                          0.0693288
xe.wide                            1.21794e-08
vwine                                        0
xe.xsch.p1                                2.97
xe.lockb                                  2.97
xe.xsch.n1                             2.47889
locke                              1.21794e-08
wstep                                        0
xw.d1                                     2.97
xw.d2                              1.21794e-08
xw.d3                                     2.97
wout                               1.21794e-08
vwstep#branch                                0
vdne#branch                                  0
vupe2#branch                                 0
vupe1#branch                                 0
vdnd#branch                                  0
vupd#branch                                  0
vdnc#branch                                  0
vupc#branch                                  0
vdnb#branch                                  0
vupb#branch                                  0
vdna#branch                                  0
vupa#branch                                  0
vdd#branch                        -2.30039e-06

 Reference value :  0.00000e+00
 Reference value :  2.32560e-08
 Reference value :  4.11650e-08
 Reference value :  5.12490e-08
 Reference value :  6.76376e-08
 Reference value :  8.19000e-08
 Reference value :  9.29050e-08
 Reference value :  1.08645e-07
 Reference value :  1.20921e-07
 Reference value :  1.30503e-07
 Reference value :  1.44894e-07
 Reference value :  1.61005e-07
 Reference value :  1.71100e-07
 Reference value :  1.85257e-07
 Reference value :  2.00149e-07
 Reference value :  2.10010e-07
 Reference value :  2.20857e-07
 Reference value :  2.40284e-07
 Reference value :  2.49853e-07
 Reference value :  2.61444e-07
 Reference value :  2.80900e-07
 Reference value :  2.90703e-07
 Reference value :  3.04045e-07
 Reference value :  3.19297e-07
 Reference value :  3.27509e-07
 Reference value :  3.40205e-07
 Reference value :  3.60000e-07
 Reference value :  3.68309e-07
 Reference value :  3.80317e-07
 Reference value :  3.96317e-07
 Reference value :  4.04523e-07
 Reference value :  4.17528e-07
 Reference value :  4.36657e-07
 Reference value :  4.46323e-07
 Reference value :  4.60030e-07
 Reference value :  4.80060e-07
 Reference value :  4.89125e-07
 Reference value :  5.00845e-07
 Reference value :  5.15097e-07
 Reference value :  5.24724e-07
 Reference value :  5.38105e-07
 Reference value :  5.55494e-07
 Reference value :  5.65309e-07
 Reference value :  5.78705e-07
 Reference value :  5.93317e-07
 Reference value :  6.02192e-07
 Reference value :  6.14528e-07
 Reference value :  6.31457e-07
 Reference value :  6.42523e-07
 Reference value :  6.55305e-07
 Reference value :  6.74029e-07
 Reference value :  6.84523e-07
 Reference value :  6.97705e-07
 Reference value :  7.10497e-07
 Reference value :  7.21682e-07
 Reference value :  7.31705e-07
 Reference value :  7.48294e-07
 Reference value :  7.61681e-07
 Reference value :  7.71905e-07
 Reference value :  7.89457e-07
 Reference value :  8.00900e-07
 Reference value :  8.10459e-07
 Reference value :  8.22857e-07
 Reference value :  8.41110e-07
 Reference value :  8.51221e-07
 Reference value :  8.66629e-07
 Reference value :  8.81791e-07
 Reference value :  8.92505e-07
 Reference value :  9.08245e-07
 Reference value :  9.20949e-07
 Reference value :  9.30903e-07
 Reference value :  9.44894e-07
 Reference value :  9.60921e-07
 Reference value :  9.70903e-07
 Reference value :  9.85457e-07
 Reference value :  1.00012e-06
 Reference value :  1.01001e-06
 Reference value :  1.02047e-06
 Reference value :  1.04032e-06
 Reference value :  1.05010e-06
 Reference value :  1.06263e-06
 Reference value :  1.08090e-06
 Reference value :  1.09032e-06
 Reference value :  1.10305e-06
 Reference value :  1.11910e-06
 Reference value :  1.12771e-06
 Reference value :  1.14021e-06
 Reference value :  1.16001e-06
 Reference value :  1.16831e-06
 Reference value :  1.18047e-06
 Reference value :  1.19652e-06
 Reference value :  1.20512e-06
 Reference value :  1.21733e-06
 Reference value :  1.23606e-06
 Reference value :  1.24552e-06
 Reference value :  1.25891e-06
 Reference value :  1.27981e-06
 Reference value :  1.28932e-06
 Reference value :  1.30125e-06
 Reference value :  1.31550e-06
 Reference value :  1.32471e-06
 Reference value :  1.33771e-06
 Reference value :  1.35509e-06
 Reference value :  1.36511e-06
 Reference value :  1.37811e-06
 Reference value :  1.39255e-06
 Reference value :  1.40200e-06
 Reference value :  1.41293e-06
 Reference value :  1.43006e-06
 Reference value :  1.44219e-06
 Reference value :  1.45491e-06
 Reference value :  1.47343e-06
 Reference value :  1.48392e-06
 Reference value :  1.49711e-06
 Reference value :  1.51070e-06
 Reference value :  1.52190e-06
 Reference value :  1.53311e-06
 Reference value :  1.55009e-06
 Reference value :  1.56205e-06
 Reference value :  1.57491e-06
 Reference value :  1.59072e-06
 Reference value :  1.60131e-06
 Reference value :  1.61193e-06
 Reference value :  1.62846e-06
 Reference value :  1.64200e-06
 Reference value :  1.65371e-06
 Reference value :  1.67183e-06
 Reference value :  1.68292e-06
 Reference value :  1.69611e-06
 Reference value :  1.71020e-06
 Reference value :  1.72179e-06
 Reference value :  1.73331e-06
 Reference value :  1.74969e-06
 Reference value :  1.76219e-06
 Reference value :  1.77451e-06
 Reference value :  1.79072e-06
 Reference value :  1.80139e-06
 Reference value :  1.81333e-06
 Reference value :  1.83086e-06
 Reference value :  1.84272e-06
 Reference value :  1.85591e-06
 Reference value :  1.87563e-06
 Reference value :  1.88572e-06
 Reference value :  1.89891e-06
 Reference value :  1.91130e-06
 Reference value :  1.92197e-06
 Reference value :  1.93372e-06
 Reference value :  1.94989e-06
 Reference value :  1.96201e-06
 Reference value :  1.97452e-06
 Reference value :  1.99052e-06
 Reference value :  2.00122e-06
 Reference value :  2.01139e-06
 Reference value :  2.02746e-06
 Reference value :  2.04193e-06
 Reference value :  2.05351e-06
 Reference value :  2.07123e-06
 Reference value :  2.08252e-06
 Reference value :  2.09571e-06
 Reference value :  2.11011e-06
 Reference value :  2.12139e-06
 Reference value :  2.13171e-06
 Reference value :  2.14809e-06
 Reference value :  2.16139e-06
 Reference value :  2.17154e-06
 Reference value :  2.18926e-06
 Reference value :  2.20092e-06
 Reference value :  2.21086e-06
 Reference value :  2.22346e-06
 Reference value :  2.24113e-06
 Reference value :  2.25116e-06
 Reference value :  2.26664e-06
 Reference value :  2.28139e-06
 Reference value :  2.29231e-06
 Reference value :  2.30785e-06
 Reference value :  2.32092e-06
 Reference value :  2.33090e-06
 Reference value :  2.34509e-06
 Reference value :  2.36100e-06
 Reference value :  2.37113e-06
 Reference value :  2.38586e-06
 Reference value :  2.40032e-06
 Reference value :  2.40910e-06
 Reference value :  2.41973e-06
 Reference value :  2.44003e-06
 Reference value :  2.44891e-06
 Reference value :  2.46011e-06
 Reference value :  2.48003e-06
 Reference value :  2.48812e-06
 Reference value :  2.49931e-06
 Reference value :  2.51150e-06
 Reference value :  2.52193e-06
 Reference value :  2.53120e-06
 Reference value :  2.54609e-06
 Reference value :  2.56110e-06
 Reference value :  2.57011e-06
 Reference value :  2.58306e-06
 Reference value :  2.59912e-06
 Reference value :  2.60652e-06
 Reference value :  2.61673e-06
 Reference value :  2.63466e-06
 Reference value :  2.64392e-06
 Reference value :  2.65431e-06
 Reference value :  2.67244e-06
 Reference value :  2.68292e-06
 Reference value :  2.69352e-06
 Reference value :  2.70865e-06
 Reference value :  2.72087e-06
 Reference value :  2.72958e-06
 Reference value :  2.74089e-06
 Reference value :  2.76030e-06
 Reference value :  2.76930e-06
 Reference value :  2.78226e-06
 Reference value :  2.80001e-06
 Reference value :  2.80913e-06
 Reference value :  2.82011e-06
 Reference value :  2.84071e-06
 Reference value :  2.85003e-06
 Reference value :  2.86464e-06
 Reference value :  2.88179e-06
 Reference value :  2.89171e-06
 Reference value :  2.90865e-06
 Reference value :  2.92111e-06
 Reference value :  2.93050e-06
 Reference value :  2.94609e-06
 Reference value :  2.96179e-06
 Reference value :  2.97191e-06
 Reference value :  2.99012e-06
 Reference value :  3.00139e-06
 Reference value :  3.01155e-06
 Reference value :  3.02946e-06
 Reference value :  3.04292e-06
 Reference value :  3.05591e-06
 Reference value :  3.07824e-06
 Reference value :  3.08852e-06
 Reference value :  3.10032e-06
 Reference value :  3.11570e-06
 Reference value :  3.12612e-06
 Reference value :  3.13971e-06
 Reference value :  3.15929e-06
 Reference value :  3.16851e-06
 Reference value :  3.18047e-06
 Reference value :  3.19892e-06
 Reference value :  3.20891e-06
 Reference value :  3.22015e-06
 Reference value :  3.24080e-06
 Reference value :  3.25010e-06
 Reference value :  3.26424e-06
 Reference value :  3.28139e-06
 Reference value :  3.29131e-06
 Reference value :  3.30845e-06
 Reference value :  3.32113e-06
 Reference value :  3.33090e-06
 Reference value :  3.34689e-06
 Reference value :  3.36179e-06
 Reference value :  3.37138e-06
 Reference value :  3.39015e-06
No. of Data Rows : 22285

  Measurements for Transient Analysis

twin_r              =  1.69505e-09 targ=  4.17450e-08 trig=  4.00500e-08
twin_f              =  1.68862e-09 targ=  2.41839e-07 trig=  2.40150e-07
ta_asrt             =   1.91255e-06
tb_asrt             =   1.91255e-06
te_asrt             =   1.91255e-06
la_lvl              =  2.97000e+00 from=  3.06000e-06 to=  3.40000e-06
lb_lvl              =  2.97000e+00 from=  3.06000e-06 to=  3.40000e-06
lc_lvl              =  9.57123e-09 from=  3.06000e-06 to=  3.40000e-06
ld_lvl              =  1.15228e-08 from=  3.06000e-06 to=  3.40000e-06
le_lvl              =  1.29228e-08 from=  3.06000e-06 to=  3.40000e-06
va_lvl              =  2.34821e+00 from=  3.06000e-06 to=  3.40000e-06
te_deas             =   2.40542e-06
le_pre              =  2.97000e+00 from=  2.16000e-06 to=  2.40001e-06
iavg                =  -1.69153e-04 from=  1.70000e-06 to=  3.40000e-06

ngspice-46 done

Warning: m=xx on .subckt line will override multiplier m hierarchy!


Error: measure  tc_asrt  when(WHEN) : out of interval
 .measure tran tc_asrt when v(lockc)=    1.485000000000000e+00     rise=1 failed!


Error: measure  td_asrt  when(WHEN) : out of interval
 .measure tran td_asrt when v(lockd)=    1.485000000000000e+00     rise=1 failed!

