======== supply transient, band 5, Vctrl 1.8 V, ripple f/16 (typical_-40c_3.63v) ========
* GENERATED by simenv.sh -- do not edit; edit /Users/rwalters/GitHub/gf180-pll/.loom/worktrees/issue-32/sim/vco-tuning-range/testbench/tb_vco_supply_jitter.sp instead
* tag=jit_typical_Tm40_V3p63_B5_C1p8_R16 libs=typical,res_typical,moscap_typical temp=-40C
.include "/Users/rwalters/.volare/gf180mcuD/libs.tech/ngspice/design.ngspice"
.lib "/Users/rwalters/.volare/gf180mcuD/libs.tech/ngspice/sm141064.ngspice" typical
.lib "/Users/rwalters/.volare/gf180mcuD/libs.tech/ngspice/sm141064.ngspice" res_typical
.lib "/Users/rwalters/.volare/gf180mcuD/libs.tech/ngspice/sm141064.ngspice" moscap_typical
.temp -40
.param sim_temp=-40
.param vsup=3.63
.param vctrl=1.8
.param b0=1
.param b1=0
.param b2=1
.param astep=0.1
.param tstepon=6.23107e-07
.param tedge=1n
.param arip=0.05
.param frip=3.81154e+06
.param tsettle=9.83853e-08
.param tstop=1.14783e-06
.param tstep=8.19878e-11
.param tmax=8.19878e-11
.include "/Users/rwalters/GitHub/gf180-pll/.loom/worktrees/issue-32/sim/vco-tuning-range/testbench/tb_vco_supply_jitter.sp"
.end

======== ngspice output ========

Note: Compatibility modes selected: hs a

Warning: m=xx on .subckt line will override multiplier m hierarchy!


Circuit: * generated by simenv.sh -- do not edit; edit /users/rwalters/github/gf180-pll/.loom/worktrees/issue-32/sim/vco-tuning-range/testbench/tb_vco_supply_jitter.sp instead

Doing analysis at TEMP = -40.000000 and TNOM = 27.000000

Using SPARSE 1.3 as Direct Linear Solver

Initial Transient Solution
--------------------------

Node                                   Voltage
----                                   -------
vctl                                       1.8
nq                                        3.63
qa                                        3.63
qb                                           0
qc                                        3.63
xq.xbias.na                           0.938243
xq.xbias.vbpc                          2.64344
xq.xbias.nc                          0.0963327
xq.xbias.xrcg.11                     0.0961232
xq.xbias.xrcg.21                   0.000209569
xq.xbias.nsu                          0.020603
xq.xbias.vfix                          1.85303
xq.xbias.nmd                          0.798816
xq.xbias.vbp0                          2.69632
xq.xbias.noff                         0.801515
xq.xbias.xroff.11                      0.80121
xq.xbias.xroff.21                  0.000305123
xq.xbias.nvi                          0.762284
xq.xbias.xrdeg.11                     0.761994
xq.xbias.xrdeg.21                  0.000290189
xq.xbias.b0b                       5.01312e-09
xq.xbias.b1b                              3.63
xq.xbias.b2b                       5.01312e-09
xq.xbias.vbn1                         0.819983
xq.xbias.ga                            2.69632
xq.xbias.vbp2                          2.68579
xq.xbias.gb                        4.76465e-15
xq.vbn                                0.925446
xq.xbias.gc                            2.68579
xq.vbp                                  2.5487
xq.xs1.nh                              1.44756
xq.y1                                        0
xq.y5                                        0
xq.xs1.nt                          4.00582e-18
xq.xs2.nh                                 3.63
xq.y2                                     3.63
xq.xs2.nt                           1.0197e-11
xq.xs3.nh                                 3.63
xq.y3                                        0
xq.xs3.nt                         -3.99457e-38
xq.xs4.nh                                 3.63
xq.y4                                     3.63
xq.xs4.nt                           1.0197e-11
xq.xs5.nh                                 3.63
xq.xs5.nt                         -3.99457e-38
xq.nb1                                    3.63
xq.nb2                             3.62198e-09
clkq                                      3.63
xq.xcdec1.c_moscap_int1                  -3.63
xq.xcdec2.c_moscap_int1                  -3.63
nsd                                       3.63
nst                                       3.63
sa                                        3.63
sb                                           0
sc                                        3.63
xs.xbias.na                           0.938243
xs.xbias.vbpc                          2.64344
xs.xbias.nc                          0.0963327
xs.xbias.xrcg.11                     0.0961232
xs.xbias.xrcg.21                   0.000209569
xs.xbias.nsu                          0.020603
xs.xbias.vfix                          1.85303
xs.xbias.nmd                          0.798816
xs.xbias.vbp0                          2.69632
xs.xbias.noff                         0.801515
xs.xbias.xroff.11                      0.80121
xs.xbias.xroff.21                  0.000305123
xs.xbias.nvi                          0.762284
xs.xbias.xrdeg.11                     0.761994
xs.xbias.xrdeg.21                  0.000290189
xs.xbias.b0b                       5.01312e-09
xs.xbias.b1b                              3.63
xs.xbias.b2b                       5.01312e-09
xs.xbias.vbn1                         0.819983
xs.xbias.ga                            2.69632
xs.xbias.vbp2                          2.68579
xs.xbias.gb                        4.76465e-15
xs.vbn                                0.925446
xs.xbias.gc                            2.68579
xs.vbp                                  2.5487
xs.xs1.nh                              1.44756
xs.y1                                        0
xs.y5                                        0
xs.xs1.nt                          2.65099e-17
xs.xs2.nh                                 3.63
xs.y2                                     3.63
xs.xs2.nt                           1.0197e-11
xs.xs3.nh                                 3.63
xs.y3                                        0
xs.xs3.nt                         -3.99458e-38
xs.xs4.nh                                 3.63
xs.y4                                     3.63
xs.xs4.nt                           1.0197e-11
xs.xs5.nh                                 3.63
xs.xs5.nt                         -3.99458e-38
xs.nb1                                    3.63
xs.nb2                             3.62198e-09
clks                                      3.63
xs.xcdec1.c_moscap_int1                  -3.63
xs.xcdec2.c_moscap_int1                  -3.63
nrd                                       3.63
nrp                                       3.63
ra                                        3.63
rb                                           0
rc                                        3.63
xr.xbias.na                           0.938243
xr.xbias.vbpc                          2.64344
xr.xbias.nc                          0.0963327
xr.xbias.xrcg.11                     0.0961232
xr.xbias.xrcg.21                   0.000209569
xr.xbias.nsu                          0.020603
xr.xbias.vfix                          1.85303
xr.xbias.nmd                          0.798816
xr.xbias.vbp0                          2.69632
xr.xbias.noff                         0.801515
xr.xbias.xroff.11                      0.80121
xr.xbias.xroff.21                  0.000305123
xr.xbias.nvi                          0.762284
xr.xbias.xrdeg.11                     0.761994
xr.xbias.xrdeg.21                  0.000290189
xr.xbias.b0b                       5.01312e-09
xr.xbias.b1b                              3.63
xr.xbias.b2b                       5.01312e-09
xr.xbias.vbn1                         0.819983
xr.xbias.ga                            2.69632
xr.xbias.vbp2                          2.68579
xr.xbias.gb                        4.76465e-15
xr.vbn                                0.925446
xr.xbias.gc                            2.68579
xr.vbp                                  2.5487
xr.xs1.nh                              1.44756
xr.y1                                        0
xr.y5                                        0
xr.xs1.nt                          4.00582e-18
xr.xs2.nh                                 3.63
xr.y2                                     3.63
xr.xs2.nt                           1.0197e-11
xr.xs3.nh                                 3.63
xr.y3                                        0
xr.xs3.nt                          2.69604e-38
xr.xs4.nh                                 3.63
xr.y4                                     3.63
xr.xs4.nt                           1.0197e-11
xr.xs5.nh                                 3.63
xr.xs5.nt                          2.69604e-38
xr.nb1                                    3.63
xr.nb2                             3.62198e-09
clkr                                      3.63
xr.xcdec1.c_moscap_int1                  -3.63
xr.xcdec2.c_moscap_int1                  -3.63
e.xr.xcdec2.ec_moscap#branch                 0
e.xr.xcdec1.ec_moscap#branch                 0
e.xs.xcdec2.ec_moscap#branch                 0
e.xs.xcdec1.ec_moscap#branch                 0
e.xq.xcdec2.ec_moscap#branch                 0
e.xq.xcdec1.ec_moscap#branch                 0
erc#branch                                   0
erb#branch                                   0
era#branch                                   0
esc#branch                                   0
esb#branch                                   0
esa#branch                                   0
eqc#branch                                   0
eqb#branch                                   0
eqa#branch                                   0
vrp#branch                        -0.000121217
vrd#branch                        -0.000121217
vst#branch                        -0.000121217
vsd#branch                        -0.000121217
vq#branch                         -0.000121217
vc#branch                                    0


No. of Data Rows : 20769
Note: Simulation executed from .control section 

