
Note: Compatibility modes selected: hs a


Circuit: * lock-detector @ all-fast_125c_3.63v_e4.0n_c11 -- generated by sim/harness, do not edit

Doing analysis at TEMP = 125.000000 and TNOM = 27.000000

Using SPARSE 1.3 as Direct Linear Solver

Initial Transient Solution
--------------------------

Node                                   Voltage
----                                   -------
vdd                                       3.63
ldt0                                      3.63
ldt1                                      3.63
ldt2                                         0
ldt3                                      3.63
upa                                          0
dna                                          0
xa.xerr.n1                                3.63
xa.xerr.xg1.nmid                      0.102382
xa.xerr.n2                             3.62999
xa.xerr.xg2.nmid                   4.30856e-06
xa.xerr.n3                             3.62999
xa.xerr.xg3.nmid                   4.30856e-06
xa.err                              1.1267e-06
xa.xerr.xg4.nmid                   5.63351e-07
xa.xdly.t0b                        5.56388e-07
xa.xdly.t1b                        5.56388e-07
xa.xdly.t2b                               3.63
xa.xdly.t3b                        5.56388e-07
xa.xdly.d1                             3.62999
xa.xdly.s10                            3.62999
xa.xdly.s11                            3.62999
xa.xdly.s12                        6.74938e-06
xa.xdly.s13                            3.62999
xa.xdly.d2                         6.02287e-07
xa.xdly.s20                        6.23916e-07
xa.xdly.s21                        6.15575e-07
xa.xdly.s22                        1.22702e-08
xa.xdly.s23                        6.06084e-07
xa.xdly.d3                             3.62999
xa.xdly.s30                            3.62999
xa.xdly.s31                            3.62999
xa.xdly.s32                        6.74938e-06
xa.xdly.s33                            3.62999
xa.errd                            6.02287e-07
xa.xdly.s40                        6.23916e-07
xa.xdly.s41                        6.15575e-07
xa.xdly.s42                        1.22702e-08
xa.xdly.s43                        6.06084e-07
xa.wideb                                  3.63
xa.xnw.nmid                           0.102382
xa.wide                            5.56392e-07
vwina                                        0
xa.xsch.p1                                3.63
xa.lockb                                  3.63
xa.xsch.n1                             3.14536
locka                              5.56392e-07
upb                                          0
dnb                                          0
xb.xerr.n1                                3.63
xb.xerr.xg1.nmid                      0.102382
xb.xerr.n2                             3.62999
xb.xerr.xg2.nmid                   4.30856e-06
xb.xerr.n3                             3.62999
xb.xerr.xg3.nmid                   4.30856e-06
xb.err                              1.1267e-06
xb.xerr.xg4.nmid                   5.63351e-07
xb.xdly.t0b                        5.56388e-07
xb.xdly.t1b                        5.56388e-07
xb.xdly.t2b                               3.63
xb.xdly.t3b                        5.56388e-07
xb.xdly.d1                             3.62999
xb.xdly.s10                            3.62999
xb.xdly.s11                            3.62999
xb.xdly.s12                        6.74938e-06
xb.xdly.s13                            3.62999
xb.xdly.d2                         6.02287e-07
xb.xdly.s20                        6.23916e-07
xb.xdly.s21                        6.15575e-07
xb.xdly.s22                        1.22702e-08
xb.xdly.s23                        6.06084e-07
xb.xdly.d3                             3.62999
xb.xdly.s30                            3.62999
xb.xdly.s31                            3.62999
xb.xdly.s32                        6.74938e-06
xb.xdly.s33                            3.62999
xb.errd                            6.02287e-07
xb.xdly.s40                        6.23916e-07
xb.xdly.s41                        6.15575e-07
xb.xdly.s42                        1.22702e-08
xb.xdly.s43                        6.06084e-07
xb.wideb                                  3.63
xb.xnw.nmid                           0.102382
xb.wide                            5.56392e-07
vwinb                                        0
xb.xsch.p1                                3.63
xb.lockb                                  3.63
xb.xsch.n1                             3.14536
lockb                              5.56392e-07
upc                                          0
dnc                                          0
xc.xerr.n1                                3.63
xc.xerr.xg1.nmid                      0.102382
xc.xerr.n2                             3.62999
xc.xerr.xg2.nmid                   4.30856e-06
xc.xerr.n3                             3.62999
xc.xerr.xg3.nmid                   4.30856e-06
xc.err                              1.1267e-06
xc.xerr.xg4.nmid                   5.63351e-07
xc.xdly.t0b                        5.56388e-07
xc.xdly.t1b                        5.56388e-07
xc.xdly.t2b                               3.63
xc.xdly.t3b                        5.56388e-07
xc.xdly.d1                             3.62999
xc.xdly.s10                            3.62999
xc.xdly.s11                            3.62999
xc.xdly.s12                        6.74938e-06
xc.xdly.s13                            3.62999
xc.xdly.d2                         6.02287e-07
xc.xdly.s20                        6.23916e-07
xc.xdly.s21                        6.15575e-07
xc.xdly.s22                        1.22702e-08
xc.xdly.s23                        6.06084e-07
xc.xdly.d3                             3.62999
xc.xdly.s30                            3.62999
xc.xdly.s31                            3.62999
xc.xdly.s32                        6.74938e-06
xc.xdly.s33                            3.62999
xc.errd                            6.02287e-07
xc.xdly.s40                        6.23916e-07
xc.xdly.s41                        6.15575e-07
xc.xdly.s42                        1.22702e-08
xc.xdly.s43                        6.06084e-07
xc.wideb                                  3.63
xc.xnw.nmid                           0.102382
xc.wide                            5.56392e-07
vwinc                                        0
xc.xsch.p1                                3.63
xc.lockb                                  3.63
xc.xsch.n1                             3.14536
lockc                              5.56392e-07
upd                                          0
dnd                                          0
xd.xerr.n1                                3.63
xd.xerr.xg1.nmid                      0.102382
xd.xerr.n2                             3.62999
xd.xerr.xg2.nmid                   4.30856e-06
xd.xerr.n3                             3.62999
xd.xerr.xg3.nmid                   4.30856e-06
xd.err                              1.1267e-06
xd.xerr.xg4.nmid                   5.63351e-07
xd.xdly.t0b                        5.56388e-07
xd.xdly.t1b                        5.56388e-07
xd.xdly.t2b                               3.63
xd.xdly.t3b                        5.56388e-07
xd.xdly.d1                             3.62999
xd.xdly.s10                            3.62999
xd.xdly.s11                            3.62999
xd.xdly.s12                        6.74938e-06
xd.xdly.s13                            3.62999
xd.xdly.d2                         6.02287e-07
xd.xdly.s20                        6.23916e-07
xd.xdly.s21                        6.15575e-07
xd.xdly.s22                        1.22702e-08
xd.xdly.s23                        6.06084e-07
xd.xdly.d3                             3.62999
xd.xdly.s30                            3.62999
xd.xdly.s31                            3.62999
xd.xdly.s32                        6.74938e-06
xd.xdly.s33                            3.62999
xd.errd                            6.02287e-07
xd.xdly.s40                        6.23916e-07
xd.xdly.s41                        6.15575e-07
xd.xdly.s42                        1.22702e-08
xd.xdly.s43                        6.06084e-07
xd.wideb                                  3.63
xd.xnw.nmid                           0.102382
xd.wide                            5.56392e-07
vwind                                        0
xd.xsch.p1                                3.63
xd.lockb                                  3.63
xd.xsch.n1                             3.14536
lockd                              5.56392e-07
upe1                                         0
upe2                                         0
upe1n                                     3.63
upe2n                                     3.63
upe                                1.12659e-06
xoe3.nmid                          5.63293e-07
dne                                          0
xe.xerr.n1                                3.63
xe.xerr.xg1.nmid                      0.102383
xe.xerr.n2                             3.62999
xe.xerr.xg2.nmid                   4.30866e-06
xe.xerr.n3                             3.62999
xe.xerr.xg3.nmid                   4.30856e-06
xe.err                              1.1267e-06
xe.xerr.xg4.nmid                   5.63351e-07
xe.xdly.t0b                        5.56388e-07
xe.xdly.t1b                        5.56388e-07
xe.xdly.t2b                               3.63
xe.xdly.t3b                        5.56388e-07
xe.xdly.d1                             3.62999
xe.xdly.s10                            3.62999
xe.xdly.s11                            3.62999
xe.xdly.s12                        6.74938e-06
xe.xdly.s13                            3.62999
xe.xdly.d2                         6.02287e-07
xe.xdly.s20                        6.23916e-07
xe.xdly.s21                        6.15575e-07
xe.xdly.s22                        1.22702e-08
xe.xdly.s23                        6.06084e-07
xe.xdly.d3                             3.62999
xe.xdly.s30                            3.62999
xe.xdly.s31                            3.62999
xe.xdly.s32                        6.74938e-06
xe.xdly.s33                            3.62999
xe.errd                            6.02287e-07
xe.xdly.s40                        6.23916e-07
xe.xdly.s41                        6.15575e-07
xe.xdly.s42                        1.22702e-08
xe.xdly.s43                        6.06084e-07
xe.wideb                                  3.63
xe.xnw.nmid                           0.102382
xe.wide                            5.56392e-07
vwine                                        0
xe.xsch.p1                                3.63
xe.lockb                                  3.63
xe.xsch.n1                             3.14536
locke                              5.56392e-07
wstep                                        0
xw.t0b                             5.56388e-07
xw.t1b                             5.56388e-07
xw.t2b                                    3.63
xw.t3b                             5.56388e-07
xw.d1                                  3.62999
xw.s10                                 3.62999
xw.s11                                 3.62999
xw.s12                             6.74938e-06
xw.s13                                 3.62999
xw.d2                              6.02287e-07
xw.s20                             6.23916e-07
xw.s21                             6.15575e-07
xw.s22                             1.22702e-08
xw.s23                             6.06084e-07
xw.d3                                  3.62999
xw.s30                                 3.62999
xw.s31                                 3.62999
xw.s32                             6.74938e-06
xw.s33                                 3.62999
wout                               6.02287e-07
xw.s40                             6.23916e-07
xw.s41                             6.15575e-07
xw.s42                             1.22702e-08
xw.s43                             6.06084e-07
vwstep#branch                                0
vdne#branch                                  0
vupe2#branch                                 0
vupe1#branch                                 0
vdnd#branch                                  0
vupd#branch                                  0
vdnc#branch                                  0
vupc#branch                                  0
vdnb#branch                                  0
vupb#branch                                  0
vdna#branch                                  0
vupa#branch                                  0
vt3#branch                                   0
vt2#branch                                   0
vt1#branch                                   0
vt0#branch                                   0
vdd#branch                        -5.94777e-06

 Reference value :  0.00000e+00
 Reference value :  6.45600e-09
 Reference value :  1.44560e-08
 Reference value :  2.24560e-08
 Reference value :  3.00560e-08
 Reference value :  3.78560e-08
 Reference value :  4.11100e-08
 Reference value :  4.40300e-08
 Reference value :  4.55236e-08
 Reference value :  5.01490e-08
 Reference value :  5.27236e-08
 Reference value :  5.93236e-08
 Reference value :  6.30367e-08
 Reference value :  7.08367e-08
 Reference value :  7.84367e-08
 Reference value :  8.11100e-08
 Reference value :  8.40300e-08
 Reference value :  8.55236e-08
 Reference value :  9.01000e-08
 Reference value :  9.17236e-08
 Reference value :  9.79236e-08
 Reference value :  1.01803e-07
 Reference value :  1.07203e-07
 Reference value :  1.10788e-07
 Reference value :  1.15788e-07
 Reference value :  1.20205e-07
 Reference value :  1.22911e-07
 Reference value :  1.25200e-07
 Reference value :  1.30107e-07
 Reference value :  1.31924e-07
 Reference value :  1.38324e-07
 Reference value :  1.42240e-07
 Reference value :  1.50040e-07
 Reference value :  1.57440e-07
 Reference value :  1.61100e-07
 Reference value :  1.64100e-07
 Reference value :  1.66725e-07
 Reference value :  1.71165e-07
 Reference value :  1.76324e-07
 Reference value :  1.81964e-07
 Reference value :  1.89364e-07
 Reference value :  1.92444e-07
 Reference value :  1.98244e-07
 Reference value :  2.01110e-07
 Reference value :  2.04030e-07
 Reference value :  2.05378e-07
 Reference value :  2.10065e-07
 Reference value :  2.11529e-07
 Reference value :  2.16929e-07
 Reference value :  2.21164e-07
 Reference value :  2.27964e-07
 Reference value :  2.36364e-07
 Reference value :  2.40284e-07
 Reference value :  2.42317e-07
 Reference value :  2.45100e-07
 Reference value :  2.48124e-07
 Reference value :  2.51130e-07
 Reference value :  2.54724e-07
 Reference value :  2.60442e-07
 Reference value :  2.66842e-07
 Reference value :  2.75042e-07
 Reference value :  2.80433e-07
 Reference value :  2.82712e-07
 Reference value :  2.85165e-07
 Reference value :  2.89324e-07
 Reference value :  2.91207e-07
 Reference value :  2.96124e-07
 Reference value :  3.00421e-07
 Reference value :  3.05203e-07
 Reference value :  3.10100e-07
 Reference value :  3.13588e-07
 Reference value :  3.19188e-07
 Reference value :  3.21207e-07
 Reference value :  3.24108e-07
 Reference value :  3.26125e-07
 Reference value :  3.30121e-07
 Reference value :  3.32124e-07
 Reference value :  3.38724e-07
 Reference value :  3.42640e-07
 Reference value :  3.50040e-07
 Reference value :  3.57640e-07
 Reference value :  3.61100e-07
 Reference value :  3.64149e-07
 Reference value :  3.67524e-07
 Reference value :  3.71130e-07
 Reference value :  3.74724e-07
 Reference value :  3.80149e-07
 Reference value :  3.84564e-07
 Reference value :  3.90100e-07
 Reference value :  3.93644e-07
 Reference value :  3.99244e-07
 Reference value :  4.01207e-07
 Reference value :  4.04108e-07
 Reference value :  4.05925e-07
 Reference value :  4.10121e-07
 Reference value :  4.12329e-07
 Reference value :  4.18129e-07
 Reference value :  4.20964e-07
 Reference value :  4.26164e-07
 Reference value :  4.34364e-07
 Reference value :  4.40121e-07
 Reference value :  4.41712e-07
 Reference value :  4.44427e-07
 Reference value :  4.47324e-07
 Reference value :  4.50773e-07
 Reference value :  4.53724e-07
 Reference value :  4.60065e-07
 Reference value :  4.64840e-07
 Reference value :  4.72440e-07
 Reference value :  4.80060e-07
 Reference value :  4.81712e-07
 Reference value :  4.84797e-07
 Reference value :  4.87725e-07
 Reference value :  4.91207e-07
 Reference value :  4.95524e-07
 Reference value :  5.00616e-07
 Reference value :  5.05603e-07
 Reference value :  5.10107e-07
 Reference value :  5.14188e-07
 Reference value :  5.20000e-07
 Reference value :  5.21305e-07
 Reference value :  5.24313e-07
 Reference value :  5.26724e-07
 Reference value :  5.30313e-07
 Reference value :  5.33324e-07
 Reference value :  5.40065e-07
 Reference value :  5.44840e-07
 Reference value :  5.52640e-07
 Reference value :  5.60010e-07
 Reference value :  5.61305e-07
 Reference value :  5.64205e-07
 Reference value :  5.67524e-07
 Reference value :  5.70773e-07
 Reference value :  5.73724e-07
 Reference value :  5.80100e-07
 Reference value :  5.84364e-07
 Reference value :  5.90317e-07
 Reference value :  5.95644e-07
 Reference value :  6.00287e-07
 Reference value :  6.03511e-07
 Reference value :  6.05221e-07
 Reference value :  6.09862e-07
 Reference value :  6.11249e-07
 Reference value :  6.15729e-07
 Reference value :  6.20149e-07
 Reference value :  6.24164e-07
 Reference value :  6.30964e-07
 Reference value :  6.39164e-07
 Reference value :  6.41200e-07
 Reference value :  6.44100e-07
 Reference value :  6.45724e-07
 Reference value :  6.50107e-07
 Reference value :  6.51724e-07
 Reference value :  6.57724e-07
 Reference value :  6.61640e-07
 Reference value :  6.68840e-07
 Reference value :  6.76840e-07
 Reference value :  6.80532e-07
 Reference value :  6.83311e-07
 Reference value :  6.85200e-07
 Reference value :  6.90107e-07
 Reference value :  6.92124e-07
 Reference value :  6.98124e-07
 Reference value :  7.01403e-07
 Reference value :  7.06403e-07
 Reference value :  7.10149e-07
 Reference value :  7.14188e-07
 Reference value :  7.19788e-07
 Reference value :  7.21221e-07
 Reference value :  7.24121e-07
 Reference value :  7.26124e-07
 Reference value :  7.30149e-07
 Reference value :  7.32724e-07
 Reference value :  7.39524e-07
 Reference value :  7.43040e-07
 Reference value :  7.50440e-07
 Reference value :  7.58440e-07
 Reference value :  7.61130e-07
 Reference value :  7.64010e-07
 Reference value :  7.65305e-07
 Reference value :  7.70030e-07
 Reference value :  7.71524e-07
 Reference value :  7.77324e-07
 Reference value :  7.81164e-07
 Reference value :  7.86164e-07
 Reference value :  7.90644e-07
 Reference value :  7.95444e-07
 Reference value :  8.00100e-07
 Reference value :  8.01528e-07
 Reference value :  8.04596e-07
 Reference value :  8.07724e-07
 Reference value :  8.10767e-07
 Reference value :  8.13529e-07
 Reference value :  8.19129e-07
 Reference value :  8.21964e-07
 Reference value :  8.27964e-07
 Reference value :  8.36164e-07
 Reference value :  8.40284e-07
 Reference value :  8.42512e-07
 Reference value :  8.45100e-07
 Reference value :  8.48324e-07
 Reference value :  8.51110e-07
 Reference value :  8.54524e-07
 Reference value :  8.60107e-07
 Reference value :  8.65040e-07
 Reference value :  8.72440e-07
 Reference value :  8.80000e-07
 Reference value :  8.81305e-07
 Reference value :  8.84205e-07
 Reference value :  8.86524e-07
 Reference value :  8.90313e-07
 Reference value :  8.93124e-07
 Reference value :  9.00000e-07
 Reference value :  9.02603e-07
 Reference value :  9.08403e-07
 Reference value :  9.11588e-07
 Reference value :  9.16588e-07
 Reference value :  9.20287e-07
 Reference value :  9.22711e-07
 Reference value :  9.25165e-07
 Reference value :  9.29124e-07
 Reference value :  9.31207e-07
 Reference value :  9.35524e-07
 Reference value :  9.40308e-07
 Reference value :  9.46840e-07
 Reference value :  9.54840e-07
 Reference value :  9.60149e-07
 Reference value :  9.62311e-07
 Reference value :  9.65110e-07
 Reference value :  9.68924e-07
 Reference value :  9.71165e-07
 Reference value :  9.75324e-07
 Reference value :  9.80308e-07
 Reference value :  9.84964e-07
 Reference value :  9.90121e-07
 Reference value :  9.94244e-07
 Reference value :  9.99644e-07
 Reference value :  1.00122e-06
 Reference value :  1.00420e-06
 Reference value :  1.00652e-06
 Reference value :  1.01031e-06
 Reference value :  1.01273e-06
 Reference value :  1.01793e-06
 Reference value :  1.02116e-06
 Reference value :  1.02656e-06
 Reference value :  1.03396e-06
 Reference value :  1.04028e-06
 Reference value :  1.04291e-06
 Reference value :  1.04530e-06
 Reference value :  1.05006e-06
 Reference value :  1.05172e-06
 Reference value :  1.05792e-06
 Reference value :  1.06224e-06
 Reference value :  1.07044e-06
 Reference value :  1.07804e-06
 Reference value :  1.08110e-06
 Reference value :  1.08386e-06
 Reference value :  1.08525e-06
 Reference value :  1.09001e-06
 Reference value :  1.09130e-06
 Reference value :  1.09672e-06
 Reference value :  1.10080e-06
 Reference value :  1.10580e-06
 Reference value :  1.11012e-06
 Reference value :  1.11419e-06
 Reference value :  1.11979e-06
 Reference value :  1.12125e-06
 Reference value :  1.12443e-06
 Reference value :  1.12832e-06
 Reference value :  1.13122e-06
 Reference value :  1.13732e-06
 Reference value :  1.14264e-06
 Reference value :  1.14864e-06
 Reference value :  1.15644e-06
 Reference value :  1.16110e-06
 Reference value :  1.16410e-06
 Reference value :  1.16652e-06
 Reference value :  1.17077e-06
 Reference value :  1.17452e-06
 Reference value :  1.18031e-06
 Reference value :  1.18596e-06
 Reference value :  1.19124e-06
 Reference value :  1.19704e-06
 Reference value :  1.20071e-06
 Reference value :  1.20401e-06
 Reference value :  1.20592e-06
 Reference value :  1.21031e-06
 Reference value :  1.21333e-06
 Reference value :  1.21953e-06
 Reference value :  1.22356e-06
 Reference value :  1.23196e-06
 Reference value :  1.24006e-06
 Reference value :  1.24211e-06
 Reference value :  1.24517e-06
 Reference value :  1.25001e-06
 Reference value :  1.25192e-06
 Reference value :  1.25952e-06
 Reference value :  1.26464e-06
 Reference value :  1.27384e-06
 Reference value :  1.28020e-06
 Reference value :  1.28311e-06
 Reference value :  1.28525e-06
 Reference value :  1.29012e-06
 Reference value :  1.29292e-06
 Reference value :  1.30010e-06
 Reference value :  1.30460e-06
 Reference value :  1.31010e-06
 Reference value :  1.31459e-06
 Reference value :  1.32011e-06
 Reference value :  1.32251e-06
 Reference value :  1.32521e-06
 Reference value :  1.33006e-06
 Reference value :  1.33232e-06
 Reference value :  1.34000e-06
 Reference value :  1.34484e-06
 Reference value :  1.35404e-06
 Reference value :  1.36029e-06
 Reference value :  1.36351e-06
 Reference value :  1.36538e-06
 Reference value :  1.37020e-06
 Reference value :  1.37352e-06
 Reference value :  1.38012e-06
 Reference value :  1.38516e-06
 Reference value :  1.39089e-06
 Reference value :  1.39669e-06
 Reference value :  1.40111e-06
 Reference value :  1.40412e-06
 Reference value :  1.40712e-06
 Reference value :  1.41110e-06
 Reference value :  1.41513e-06
 Reference value :  1.42015e-06
 Reference value :  1.42536e-06
 Reference value :  1.43456e-06
 Reference value :  1.44028e-06
 Reference value :  1.44351e-06
 Reference value :  1.44538e-06
 Reference value :  1.45015e-06
 Reference value :  1.45352e-06
 Reference value :  1.46012e-06
 Reference value :  1.46704e-06
 Reference value :  1.47664e-06
 Reference value :  1.48111e-06
 Reference value :  1.48411e-06
 Reference value :  1.48672e-06
 Reference value :  1.49094e-06
 Reference value :  1.49492e-06
 Reference value :  1.50062e-06
 Reference value :  1.50620e-06
 Reference value :  1.51045e-06
 Reference value :  1.51619e-06
 Reference value :  1.52053e-06
 Reference value :  1.52401e-06
 Reference value :  1.52592e-06
 Reference value :  1.53043e-06
 Reference value :  1.53432e-06
 Reference value :  1.54031e-06
 Reference value :  1.54824e-06
 Reference value :  1.55744e-06
 Reference value :  1.56117e-06
 Reference value :  1.56415e-06
 Reference value :  1.56732e-06
 Reference value :  1.57111e-06
 Reference value :  1.57572e-06
 Reference value :  1.58116e-06
 Reference value :  1.58816e-06
 Reference value :  1.59224e-06
 Reference value :  1.59864e-06
 Reference value :  1.60121e-06
 Reference value :  1.60431e-06
 Reference value :  1.60792e-06
 Reference value :  1.61117e-06
 Reference value :  1.61573e-06
 Reference value :  1.62031e-06
 Reference value :  1.62596e-06
 Reference value :  1.63516e-06
 Reference value :  1.64052e-06
 Reference value :  1.64401e-06
 Reference value :  1.64612e-06
 Reference value :  1.65043e-06
 Reference value :  1.65412e-06
 Reference value :  1.66020e-06
 Reference value :  1.66764e-06
 Reference value :  1.67684e-06
 Reference value :  1.68113e-06
 Reference value :  1.68411e-06
 Reference value :  1.68692e-06
 Reference value :  1.69110e-06
 Reference value :  1.69532e-06
 Reference value :  1.70080e-06
 Reference value :  1.70720e-06
 Reference value :  1.71179e-06
 Reference value :  1.71839e-06
 Reference value :  1.72125e-06
 Reference value :  1.72494e-06
 Reference value :  1.72986e-06
 Reference value :  1.73192e-06
 Reference value :  1.73952e-06
 Reference value :  1.74424e-06
 Reference value :  1.75344e-06
 Reference value :  1.76020e-06
 Reference value :  1.76351e-06
 Reference value :  1.76552e-06
 Reference value :  1.77031e-06
 Reference value :  1.77372e-06
 Reference value :  1.78021e-06
 Reference value :  1.78596e-06
 Reference value :  1.79144e-06
 Reference value :  1.79804e-06
 Reference value :  1.80121e-06
 Reference value :  1.80443e-06
 Reference value :  1.80872e-06
 Reference value :  1.81131e-06
 Reference value :  1.81713e-06
 Reference value :  1.82156e-06
 Reference value :  1.82876e-06
 Reference value :  1.83796e-06
 Reference value :  1.84120e-06
 Reference value :  1.84420e-06
 Reference value :  1.84752e-06
 Reference value :  1.85113e-06
 Reference value :  1.85572e-06
 Reference value :  1.86144e-06
 Reference value :  1.86984e-06
 Reference value :  1.87904e-06
 Reference value :  1.88131e-06
 Reference value :  1.88460e-06
 Reference value :  1.88852e-06
 Reference value :  1.89122e-06
 Reference value :  1.89772e-06
 Reference value :  1.90200e-06
 Reference value :  1.90820e-06
 Reference value :  1.91199e-06
 Reference value :  1.91819e-06
 Reference value :  1.92121e-06
 Reference value :  1.92445e-06
 Reference value :  1.92853e-06
 Reference value :  1.93125e-06
 Reference value :  1.93813e-06
 Reference value :  1.94304e-06
 Reference value :  1.95244e-06
 Reference value :  1.96011e-06
 Reference value :  1.96331e-06
 Reference value :  1.96553e-06
 Reference value :  1.97080e-06
 Reference value :  1.97533e-06
 Reference value :  1.98156e-06
 Reference value :  1.99000e-06
 Reference value :  1.99444e-06
 Reference value :  2.00010e-06
 Reference value :  2.00311e-06
 Reference value :  2.00552e-06
 Reference value :  2.01031e-06
 Reference value :  2.01393e-06
 Reference value :  2.02003e-06
 Reference value :  2.02416e-06
 Reference value :  2.03276e-06
 Reference value :  2.04011e-06
 Reference value :  2.04251e-06
 Reference value :  2.04521e-06
 Reference value :  2.05015e-06
 Reference value :  2.05332e-06
 Reference value :  2.06011e-06
 Reference value :  2.06664e-06
 Reference value :  2.07584e-06
 Reference value :  2.08091e-06
 Reference value :  2.08406e-06
 Reference value :  2.08652e-06
 Reference value :  2.09094e-06
 Reference value :  2.09492e-06
 Reference value :  2.10062e-06
 Reference value :  2.10620e-06
 Reference value :  2.11059e-06
 Reference value :  2.11639e-06
 Reference value :  2.12072e-06
 Reference value :  2.12403e-06
 Reference value :  2.12672e-06
 Reference value :  2.13094e-06
 Reference value :  2.13512e-06
 Reference value :  2.14084e-06
 Reference value :  2.14904e-06
 Reference value :  2.15824e-06
 Reference value :  2.16122e-06
 Reference value :  2.16443e-06
 Reference value :  2.16852e-06
 Reference value :  2.17122e-06
 Reference value :  2.17752e-06
 Reference value :  2.18216e-06
 Reference value :  2.18976e-06
 Reference value :  2.19304e-06
 Reference value :  2.19944e-06
 Reference value :  2.20131e-06
 Reference value :  2.20460e-06
 Reference value :  2.20852e-06
 Reference value :  2.21121e-06
 Reference value :  2.21633e-06
 Reference value :  2.22056e-06
 Reference value :  2.22676e-06
 Reference value :  2.23596e-06
 Reference value :  2.24072e-06
 Reference value :  2.24401e-06
 Reference value :  2.24612e-06
 Reference value :  2.25043e-06
 Reference value :  2.25412e-06
 Reference value :  2.26021e-06
 Reference value :  2.26764e-06
 Reference value :  2.27684e-06
 Reference value :  2.28111e-06
 Reference value :  2.28411e-06
 Reference value :  2.28692e-06
 Reference value :  2.29094e-06
 Reference value :  2.29492e-06
 Reference value :  2.30062e-06
 Reference value :  2.30620e-06
 Reference value :  2.31045e-06
 Reference value :  2.31619e-06
 Reference value :  2.32041e-06
 Reference value :  2.32386e-06
 Reference value :  2.32552e-06
 Reference value :  2.33020e-06
 Reference value :  2.33352e-06
 Reference value :  2.34012e-06
 Reference value :  2.34664e-06
 Reference value :  2.35564e-06
 Reference value :  2.36041e-06
 Reference value :  2.36386e-06
 Reference value :  2.36552e-06
 Reference value :  2.37015e-06
 Reference value :  2.37312e-06
 Reference value :  2.38010e-06
 Reference value :  2.38516e-06
 Reference value :  2.39064e-06
 Reference value :  2.39624e-06
 Reference value :  2.40039e-06
 Reference value :  2.40306e-06
 Reference value :  2.40522e-06
 Reference value :  2.40925e-06
 Reference value :  2.41120e-06
 Reference value :  2.41573e-06
 Reference value :  2.42021e-06
 Reference value :  2.42556e-06
 Reference value :  2.43456e-06
 Reference value :  2.44015e-06
 Reference value :  2.44246e-06
 Reference value :  2.44516e-06
 Reference value :  2.44920e-06
 Reference value :  2.45111e-06
 Reference value :  2.45573e-06
 Reference value :  2.46144e-06
 Reference value :  2.47004e-06
 Reference value :  2.47924e-06
 Reference value :  2.48125e-06
 Reference value :  2.48420e-06
 Reference value :  2.48812e-06
 Reference value :  2.49031e-06
 Reference value :  2.49292e-06
 Reference value :  2.49986e-06
 Reference value :  2.50240e-06
 Reference value :  2.50780e-06
 Reference value :  2.51079e-06
 Reference value :  2.51559e-06
 Reference value :  2.52010e-06
 Reference value :  2.52186e-06
 Reference value :  2.52510e-06
 Reference value :  2.52891e-06
 Reference value :  2.53020e-06
 Reference value :  2.53272e-06
 Reference value :  2.53932e-06
 Reference value :  2.54284e-06
 Reference value :  2.55064e-06
 Reference value :  2.55844e-06
 Reference value :  2.56111e-06
 Reference value :  2.56366e-06
 Reference value :  2.56531e-06
 Reference value :  2.56969e-06
 Reference value :  2.57122e-06
 Reference value :  2.57592e-06
 Reference value :  2.58043e-06
 Reference value :  2.58556e-06
 Reference value :  2.59032e-06
 Reference value :  2.59464e-06
 Reference value :  2.60003e-06
 Reference value :  2.60206e-06
 Reference value :  2.60510e-06
 Reference value :  2.60911e-06
 Reference value :  2.61059e-06
 Reference value :  2.61393e-06
 Reference value :  2.62001e-06
 Reference value :  2.62396e-06
 Reference value :  2.63236e-06
 Reference value :  2.64002e-06
 Reference value :  2.64151e-06
 Reference value :  2.64460e-06
 Reference value :  2.64872e-06
 Reference value :  2.65031e-06
 Reference value :  2.65392e-06
 Reference value :  2.66064e-06
 Reference value :  2.66764e-06
 Reference value :  2.67644e-06
 Reference value :  2.68086e-06
 Reference value :  2.68366e-06
 Reference value :  2.68538e-06
 Reference value :  2.68954e-06
 Reference value :  2.69138e-06
 Reference value :  2.69913e-06
 Reference value :  2.70321e-06
 Reference value :  2.70961e-06
 Reference value :  2.71319e-06
 Reference value :  2.71989e-06
 Reference value :  2.72131e-06
 Reference value :  2.72420e-06
 Reference value :  2.72772e-06
 Reference value :  2.73020e-06
 Reference value :  2.73412e-06
 Reference value :  2.74031e-06
 Reference value :  2.74844e-06
 Reference value :  2.75824e-06
 Reference value :  2.76117e-06
 Reference value :  2.76412e-06
 Reference value :  2.76712e-06
 Reference value :  2.77007e-06
 Reference value :  2.77232e-06
 Reference value :  2.78003e-06
 Reference value :  2.78396e-06
 Reference value :  2.79064e-06
 Reference value :  2.79664e-06
 Reference value :  2.80050e-06
 Reference value :  2.80346e-06
 Reference value :  2.80531e-06
 Reference value :  2.80954e-06
 Reference value :  2.81131e-06
 Reference value :  2.81773e-06
 Reference value :  2.82196e-06
 Reference value :  2.82916e-06
 Reference value :  2.83856e-06
 Reference value :  2.84125e-06
 Reference value :  2.84415e-06
 Reference value :  2.84732e-06
 Reference value :  2.85010e-06
 Reference value :  2.85332e-06
 Reference value :  2.86010e-06
 Reference value :  2.86604e-06
 Reference value :  2.87484e-06
 Reference value :  2.88039e-06
 Reference value :  2.88306e-06
 Reference value :  2.88520e-06
 Reference value :  2.88921e-06
 Reference value :  2.89111e-06
 Reference value :  2.89512e-06
 Reference value :  2.90062e-06
 Reference value :  2.90680e-06
 Reference value :  2.91159e-06
 Reference value :  2.91719e-06
 Reference value :  2.92067e-06
 Reference value :  2.92366e-06
 Reference value :  2.92552e-06
 Reference value :  2.92969e-06
 Reference value :  2.93212e-06
 Reference value :  2.93952e-06
 Reference value :  2.94464e-06
 Reference value :  2.95384e-06
 Reference value :  2.96020e-06
 Reference value :  2.96266e-06
 Reference value :  2.96520e-06
 Reference value :  2.96922e-06
 Reference value :  2.97116e-06
 Reference value :  2.97652e-06
 Reference value :  2.98236e-06
 Reference value :  2.98988e-06
 Reference value :  2.99304e-06
 Reference value :  2.99924e-06
 Reference value :  3.00122e-06
 Reference value :  3.00412e-06
 Reference value :  3.00692e-06
 Reference value :  3.01003e-06
 Reference value :  3.01193e-06
 Reference value :  3.01833e-06
 Reference value :  3.02356e-06
 Reference value :  3.03276e-06
 Reference value :  3.04012e-06
 Reference value :  3.04246e-06
 Reference value :  3.04520e-06
 Reference value :  3.04921e-06
 Reference value :  3.05116e-06
 Reference value :  3.05552e-06
 Reference value :  3.06124e-06
 Reference value :  3.06944e-06
 Reference value :  3.07804e-06
 Reference value :  3.08120e-06
 Reference value :  3.08410e-06
 Reference value :  3.08712e-06
 Reference value :  3.09010e-06
 Reference value :  3.09292e-06
 Reference value :  3.10007e-06
 Reference value :  3.10440e-06
 Reference value :  3.11012e-06
 Reference value :  3.11519e-06
 Reference value :  3.12016e-06
 Reference value :  3.12226e-06
 Reference value :  3.12521e-06
 Reference value :  3.12931e-06
 Reference value :  3.13121e-06
 Reference value :  3.13672e-06
 Reference value :  3.14224e-06
 Reference value :  3.15104e-06
 Reference value :  3.16003e-06
 Reference value :  3.16186e-06
 Reference value :  3.16521e-06
 Reference value :  3.16922e-06
 Reference value :  3.17121e-06
 Reference value :  3.17812e-06
 Reference value :  3.18456e-06
 Reference value :  3.19184e-06
 Reference value :  3.19864e-06
 Reference value :  3.20121e-06
 Reference value :  3.20420e-06
 Reference value :  3.20911e-06
 Reference value :  3.21138e-06
 Reference value :  3.21833e-06
 Reference value :  3.22236e-06
 Reference value :  3.23116e-06
 Reference value :  3.24006e-06
 Reference value :  3.24206e-06
 Reference value :  3.24521e-06
 Reference value :  3.24930e-06
 Reference value :  3.25138e-06
 Reference value :  3.26001e-06
 Reference value :  3.26704e-06
 Reference value :  3.27864e-06
 Reference value :  3.28186e-06
 Reference value :  3.28525e-06
 Reference value :  3.28984e-06
 Reference value :  3.29292e-06
 Reference value :  3.30012e-06
 Reference value :  3.30540e-06
 Reference value :  3.31099e-06
 Reference value :  3.31799e-06
 Reference value :  3.32120e-06
 Reference value :  3.32415e-06
 Reference value :  3.32752e-06
 Reference value :  3.33020e-06
 Reference value :  3.33412e-06
 Reference value :  3.34044e-06
 Reference value :  3.34964e-06
 Reference value :  3.35982e-06
 Reference value :  3.36152e-06
 Reference value :  3.36477e-06
 Reference value :  3.36911e-06
 Reference value :  3.37094e-06
 Reference value :  3.37552e-06
 Reference value :  3.38116e-06
 Reference value :  3.38916e-06
 Reference value :  3.39304e-06
 Reference value :  3.40000e-06
No. of Data Rows : 22501

  Measurements for Transient Analysis

twin_r              =  1.53420e-09 targ=  4.15842e-08 trig=  4.00500e-08
twin_f              =  1.49895e-09 targ=  2.41649e-07 trig=  2.40150e-07
tb_asrt             =   1.14417e-06
te_asrt             =   1.14417e-06
la_lvl              =  5.54608e-07 from=  3.06000e-06 to=  3.40000e-06
lb_lvl              =  3.63000e+00 from=  3.06000e-06 to=  3.40000e-06
lc_lvl              =  5.54665e-07 from=  3.06000e-06 to=  3.40000e-06
ld_lvl              =  5.55884e-07 from=  3.06000e-06 to=  3.40000e-06
le_lvl              =  5.59752e-07 from=  3.06000e-06 to=  3.40000e-06
va_lvl              =  5.62384e-02 from=  3.06000e-06 to=  3.40000e-06
te_deas             =   2.40489e-06
le_pre              =  3.63000e+00 from=  2.16000e-06 to=  2.40001e-06
iavg                =  -2.22346e-04 from=  1.70000e-06 to=  3.40000e-06

ngspice-46 done

Warning: m=xx on .subckt line will override multiplier m hierarchy!


Error: measure  ta_asrt  when(WHEN) : out of interval
 .measure tran ta_asrt when v(locka)=    1.815000000000000e+00     rise=1 failed!


Error: measure  tc_asrt  when(WHEN) : out of interval
 .measure tran tc_asrt when v(lockc)=    1.815000000000000e+00     rise=1 failed!


Error: measure  td_asrt  when(WHEN) : out of interval
 .measure tran td_asrt when v(lockd)=    1.815000000000000e+00     rise=1 failed!

