
Note: Compatibility modes selected: hs a


Circuit: * lock-detector @ ff_-40c_3.63v_e0.5n_c11 -- generated by sim/harness, do not edit

Doing analysis at TEMP = -40.000000 and TNOM = 27.000000

Using SPARSE 1.3 as Direct Linear Solver

Initial Transient Solution
--------------------------

Node                                   Voltage
----                                   -------
vdd                                       3.63
ldt0                                      3.63
ldt1                                      3.63
ldt2                                         0
ldt3                                      3.63
upa                                          0
dna                                          0
xa.xerr.n1                                3.63
xa.xerr.xg1.nmid                     0.0215416
xa.xerr.n2                                3.63
xa.xerr.xg2.nmid                   7.00356e-11
xa.xerr.n3                                3.63
xa.xerr.xg3.nmid                   7.00356e-11
xa.err                             1.03593e-08
xa.xerr.xg4.nmid                   5.17967e-09
xa.xdly.t0b                        5.14279e-09
xa.xdly.t1b                        5.14279e-09
xa.xdly.t2b                               3.63
xa.xdly.t3b                        5.14279e-09
xa.xdly.d1                                3.63
xa.xdly.s10                               3.63
xa.xdly.s11                               3.63
xa.xdly.s12                        7.62384e-09
xa.xdly.s13                               3.63
xa.xdly.d2                         3.51562e-08
xa.xdly.s20                        4.97715e-08
xa.xdly.s21                        4.41166e-08
xa.xdly.s22                        7.52713e-09
xa.xdly.s23                        3.75858e-08
xa.xdly.d3                                3.63
xa.xdly.s30                               3.63
xa.xdly.s31                               3.63
xa.xdly.s32                        7.62384e-09
xa.xdly.s33                               3.63
xa.errd                            3.51562e-08
xa.xdly.s40                        4.97715e-08
xa.xdly.s41                        4.41166e-08
xa.xdly.s42                        7.52713e-09
xa.xdly.s43                        3.75858e-08
xa.wideb                                  3.63
xa.xnw.nmid                          0.0215424
xa.wide                            5.14279e-09
vwina                                        0
xa.xsch.p1                                3.63
xa.lockb                                  3.63
xa.xsch.n1                             3.05348
locka                              5.14279e-09
upb                                          0
dnb                                          0
xb.xerr.n1                                3.63
xb.xerr.xg1.nmid                     0.0215416
xb.xerr.n2                                3.63
xb.xerr.xg2.nmid                   7.00356e-11
xb.xerr.n3                                3.63
xb.xerr.xg3.nmid                   7.00356e-11
xb.err                             1.03593e-08
xb.xerr.xg4.nmid                   5.17967e-09
xb.xdly.t0b                        5.14279e-09
xb.xdly.t1b                        5.14279e-09
xb.xdly.t2b                               3.63
xb.xdly.t3b                        5.14279e-09
xb.xdly.d1                                3.63
xb.xdly.s10                               3.63
xb.xdly.s11                               3.63
xb.xdly.s12                        7.62384e-09
xb.xdly.s13                               3.63
xb.xdly.d2                         3.51562e-08
xb.xdly.s20                        4.97715e-08
xb.xdly.s21                        4.41166e-08
xb.xdly.s22                        7.52713e-09
xb.xdly.s23                        3.75858e-08
xb.xdly.d3                                3.63
xb.xdly.s30                               3.63
xb.xdly.s31                               3.63
xb.xdly.s32                        7.62384e-09
xb.xdly.s33                               3.63
xb.errd                            3.51562e-08
xb.xdly.s40                        4.97715e-08
xb.xdly.s41                        4.41166e-08
xb.xdly.s42                        7.52713e-09
xb.xdly.s43                        3.75858e-08
xb.wideb                                  3.63
xb.xnw.nmid                          0.0215424
xb.wide                            5.14279e-09
vwinb                                        0
xb.xsch.p1                                3.63
xb.lockb                                  3.63
xb.xsch.n1                             3.05348
lockb                              5.14279e-09
upc                                          0
dnc                                          0
xc.xerr.n1                                3.63
xc.xerr.xg1.nmid                     0.0215416
xc.xerr.n2                                3.63
xc.xerr.xg2.nmid                   7.00356e-11
xc.xerr.n3                                3.63
xc.xerr.xg3.nmid                   7.00356e-11
xc.err                             1.03593e-08
xc.xerr.xg4.nmid                   5.17967e-09
xc.xdly.t0b                        5.14279e-09
xc.xdly.t1b                        5.14279e-09
xc.xdly.t2b                               3.63
xc.xdly.t3b                        5.14279e-09
xc.xdly.d1                                3.63
xc.xdly.s10                               3.63
xc.xdly.s11                               3.63
xc.xdly.s12                        7.62384e-09
xc.xdly.s13                               3.63
xc.xdly.d2                         3.51562e-08
xc.xdly.s20                        4.97715e-08
xc.xdly.s21                        4.41166e-08
xc.xdly.s22                        7.52713e-09
xc.xdly.s23                        3.75858e-08
xc.xdly.d3                                3.63
xc.xdly.s30                               3.63
xc.xdly.s31                               3.63
xc.xdly.s32                        7.62384e-09
xc.xdly.s33                               3.63
xc.errd                            3.51562e-08
xc.xdly.s40                        4.97715e-08
xc.xdly.s41                        4.41166e-08
xc.xdly.s42                        7.52713e-09
xc.xdly.s43                        3.75858e-08
xc.wideb                                  3.63
xc.xnw.nmid                          0.0215416
xc.wide                            5.14279e-09
vwinc                                        0
xc.xsch.p1                                3.63
xc.lockb                                  3.63
xc.xsch.n1                             3.05348
lockc                              5.14279e-09
upd                                          0
dnd                                          0
xd.xerr.n1                                3.63
xd.xerr.xg1.nmid                     0.0215416
xd.xerr.n2                                3.63
xd.xerr.xg2.nmid                   7.00356e-11
xd.xerr.n3                                3.63
xd.xerr.xg3.nmid                   7.00356e-11
xd.err                             1.03593e-08
xd.xerr.xg4.nmid                   5.17967e-09
xd.xdly.t0b                        5.14279e-09
xd.xdly.t1b                        5.14279e-09
xd.xdly.t2b                               3.63
xd.xdly.t3b                        5.14279e-09
xd.xdly.d1                                3.63
xd.xdly.s10                               3.63
xd.xdly.s11                               3.63
xd.xdly.s12                        7.62384e-09
xd.xdly.s13                               3.63
xd.xdly.d2                         3.51562e-08
xd.xdly.s20                        4.97715e-08
xd.xdly.s21                        4.41166e-08
xd.xdly.s22                        7.52713e-09
xd.xdly.s23                        3.75858e-08
xd.xdly.d3                                3.63
xd.xdly.s30                               3.63
xd.xdly.s31                               3.63
xd.xdly.s32                        7.62384e-09
xd.xdly.s33                               3.63
xd.errd                            3.51562e-08
xd.xdly.s40                        4.97715e-08
xd.xdly.s41                        4.41166e-08
xd.xdly.s42                        7.52713e-09
xd.xdly.s43                        3.75858e-08
xd.wideb                                  3.63
xd.xnw.nmid                          0.0215416
xd.wide                            5.14279e-09
vwind                                        0
xd.xsch.p1                                3.63
xd.lockb                                  3.63
xd.xsch.n1                             3.05348
lockd                              5.14279e-09
upe1                                         0
upe2                                         0
upe1n                                     3.63
upe2n                                     3.63
upe                                1.03593e-08
xoe3.nmid                          5.17967e-09
dne                                          0
xe.xerr.n1                                3.63
xe.xerr.xg1.nmid                     0.0215417
xe.xerr.n2                                3.63
xe.xerr.xg2.nmid                   7.00359e-11
xe.xerr.n3                                3.63
xe.xerr.xg3.nmid                   7.00359e-11
xe.err                             1.03593e-08
xe.xerr.xg4.nmid                   5.17967e-09
xe.xdly.t0b                        5.14279e-09
xe.xdly.t1b                        5.14279e-09
xe.xdly.t2b                               3.63
xe.xdly.t3b                        5.14279e-09
xe.xdly.d1                                3.63
xe.xdly.s10                               3.63
xe.xdly.s11                               3.63
xe.xdly.s12                        7.62384e-09
xe.xdly.s13                               3.63
xe.xdly.d2                         3.51562e-08
xe.xdly.s20                        4.97715e-08
xe.xdly.s21                        4.41166e-08
xe.xdly.s22                        7.52713e-09
xe.xdly.s23                        3.75858e-08
xe.xdly.d3                                3.63
xe.xdly.s30                               3.63
xe.xdly.s31                               3.63
xe.xdly.s32                        7.62384e-09
xe.xdly.s33                               3.63
xe.errd                            3.51562e-08
xe.xdly.s40                        4.97715e-08
xe.xdly.s41                        4.41166e-08
xe.xdly.s42                        7.52713e-09
xe.xdly.s43                        3.75858e-08
xe.wideb                                  3.63
xe.xnw.nmid                          0.0215424
xe.wide                            5.14279e-09
vwine                                        0
xe.xsch.p1                                3.63
xe.lockb                                  3.63
xe.xsch.n1                             3.05348
locke                              5.14279e-09
wstep                                        0
xw.t0b                             5.14279e-09
xw.t1b                             5.14279e-09
xw.t2b                                    3.63
xw.t3b                             5.14279e-09
xw.d1                                     3.63
xw.s10                                    3.63
xw.s11                                    3.63
xw.s12                             7.62384e-09
xw.s13                                    3.63
xw.d2                              3.51562e-08
xw.s20                             4.97715e-08
xw.s21                             4.41166e-08
xw.s22                             7.52713e-09
xw.s23                             3.75858e-08
xw.d3                                     3.63
xw.s30                                    3.63
xw.s31                                    3.63
xw.s32                             7.62384e-09
xw.s33                                    3.63
wout                               3.51562e-08
xw.s40                             4.97715e-08
xw.s41                             4.41166e-08
xw.s42                             7.52713e-09
xw.s43                             3.75858e-08
vwstep#branch                                0
vdne#branch                                  0
vupe2#branch                                 0
vupe1#branch                                 0
vdnd#branch                                  0
vupd#branch                                  0
vdnc#branch                                  0
vupc#branch                                  0
vdnb#branch                                  0
vupb#branch                                  0
vdna#branch                                  0
vupa#branch                                  0
vt3#branch                                   0
vt2#branch                                   0
vt1#branch                                   0
vt0#branch                                   0
vdd#branch                        -9.04374e-06

 Reference value :  0.00000e+00
 Reference value :  6.45600e-09
 Reference value :  1.44560e-08
 Reference value :  2.22560e-08
 Reference value :  3.00560e-08
 Reference value :  3.72560e-08
 Reference value :  4.05000e-08
 Reference value :  4.14937e-08
 Reference value :  4.46444e-08
 Reference value :  5.00000e-08
 Reference value :  5.11650e-08
 Reference value :  5.51444e-08
 Reference value :  6.00100e-08
 Reference value :  6.34444e-08
 Reference value :  6.90444e-08
 Reference value :  7.66444e-08
 Reference value :  8.04334e-08
 Reference value :  8.13050e-08
 Reference value :  8.44444e-08
 Reference value :  9.00000e-08
 Reference value :  9.12070e-08
 Reference value :  9.59444e-08
 Reference value :  1.00121e-07
 Reference value :  1.03716e-07
 Reference value :  1.08716e-07
 Reference value :  1.11430e-07
 Reference value :  1.16030e-07
 Reference value :  1.20107e-07
 Reference value :  1.21100e-07
 Reference value :  1.21805e-07
 Reference value :  1.26844e-07
 Reference value :  1.30386e-07
 Reference value :  1.33144e-07
 Reference value :  1.38544e-07
 Reference value :  1.41615e-07
 Reference value :  1.47015e-07
 Reference value :  1.54415e-07
 Reference value :  1.60121e-07
 Reference value :  1.61110e-07
 Reference value :  1.62644e-07
 Reference value :  1.68244e-07
 Reference value :  1.71165e-07
 Reference value :  1.75144e-07
 Reference value :  1.80289e-07
 Reference value :  1.85656e-07
 Reference value :  1.90305e-07
 Reference value :  1.95780e-07
 Reference value :  2.00205e-07
 Reference value :  2.01200e-07
 Reference value :  2.03444e-07
 Reference value :  2.08844e-07
 Reference value :  2.11100e-07
 Reference value :  2.13922e-07
 Reference value :  2.19322e-07
 Reference value :  2.22456e-07
 Reference value :  2.28856e-07
 Reference value :  2.34456e-07
 Reference value :  2.39828e-07
 Reference value :  2.40600e-07
 Reference value :  2.41630e-07
 Reference value :  2.46044e-07
 Reference value :  2.50121e-07
 Reference value :  2.52144e-07
 Reference value :  2.57544e-07
 Reference value :  2.61045e-07
 Reference value :  2.66645e-07
 Reference value :  2.73845e-07
 Reference value :  2.80124e-07
 Reference value :  2.81165e-07
 Reference value :  2.83044e-07
 Reference value :  2.88444e-07
 Reference value :  2.90824e-07
 Reference value :  2.94144e-07
 Reference value :  2.99544e-07
 Reference value :  3.01716e-07
 Reference value :  3.06916e-07
 Reference value :  3.10281e-07
 Reference value :  3.14430e-07
 Reference value :  3.19815e-07
 Reference value :  3.20764e-07
 Reference value :  3.21749e-07
 Reference value :  3.26844e-07
 Reference value :  3.30278e-07
 Reference value :  3.32944e-07
 Reference value :  3.38544e-07
 Reference value :  3.41815e-07
 Reference value :  3.47815e-07
 Reference value :  3.55215e-07
 Reference value :  3.60205e-07
 Reference value :  3.61221e-07
 Reference value :  3.64044e-07
 Reference value :  3.69644e-07
 Reference value :  3.71200e-07
 Reference value :  3.75544e-07
 Reference value :  3.80100e-07
 Reference value :  3.83656e-07
 Reference value :  3.89056e-07
 Reference value :  3.91580e-07
 Reference value :  3.96780e-07
 Reference value :  4.00279e-07
 Reference value :  4.01249e-07
 Reference value :  4.04244e-07
 Reference value :  4.09822e-07
 Reference value :  4.11200e-07
 Reference value :  4.15322e-07
 Reference value :  4.20065e-07
 Reference value :  4.23256e-07
 Reference value :  4.29056e-07
 Reference value :  4.34456e-07
 Reference value :  4.39828e-07
 Reference value :  4.40649e-07
 Reference value :  4.41700e-07
 Reference value :  4.46644e-07
 Reference value :  4.50205e-07
 Reference value :  4.52144e-07
 Reference value :  4.57544e-07
 Reference value :  4.61245e-07
 Reference value :  4.66645e-07
 Reference value :  4.74245e-07
 Reference value :  4.80108e-07
 Reference value :  4.81100e-07
 Reference value :  4.82444e-07
 Reference value :  4.88044e-07
 Reference value :  4.90624e-07
 Reference value :  4.93944e-07
 Reference value :  4.99744e-07
 Reference value :  5.02116e-07
 Reference value :  5.08316e-07
 Reference value :  5.11030e-07
 Reference value :  5.16030e-07
 Reference value :  5.20108e-07
 Reference value :  5.21130e-07
 Reference value :  5.22444e-07
 Reference value :  5.28044e-07
 Reference value :  5.30824e-07
 Reference value :  5.33944e-07
 Reference value :  5.39344e-07
 Reference value :  5.42815e-07
 Reference value :  5.48215e-07
 Reference value :  5.55615e-07
 Reference value :  5.60367e-07
 Reference value :  5.61249e-07
 Reference value :  5.63844e-07
 Reference value :  5.69244e-07
 Reference value :  5.71165e-07
 Reference value :  5.75344e-07
 Reference value :  5.80065e-07
 Reference value :  5.83456e-07
 Reference value :  5.89256e-07
 Reference value :  5.91980e-07
 Reference value :  5.97980e-07
 Reference value :  6.00500e-07
 Reference value :  6.01387e-07
 Reference value :  6.04844e-07
 Reference value :  6.10030e-07
 Reference value :  6.11221e-07
 Reference value :  6.15922e-07
 Reference value :  6.20149e-07
 Reference value :  6.23856e-07
 Reference value :  6.29256e-07
 Reference value :  6.34656e-07
 Reference value :  6.40010e-07
 Reference value :  6.40705e-07
 Reference value :  6.41721e-07
 Reference value :  6.46244e-07
 Reference value :  6.50205e-07
 Reference value :  6.52544e-07
 Reference value :  6.57944e-07
 Reference value :  6.61445e-07
 Reference value :  6.66845e-07
 Reference value :  6.74045e-07
 Reference value :  6.80065e-07
 Reference value :  6.80999e-07
 Reference value :  6.81892e-07
 Reference value :  6.87444e-07
 Reference value :  6.90495e-07
 Reference value :  6.93544e-07
 Reference value :  6.98944e-07
 Reference value :  7.01316e-07
 Reference value :  7.06516e-07
 Reference value :  7.10205e-07
 Reference value :  7.14230e-07
 Reference value :  7.19815e-07
 Reference value :  7.20999e-07
 Reference value :  7.23044e-07
 Reference value :  7.29444e-07
 Reference value :  7.31249e-07
 Reference value :  7.37344e-07
 Reference value :  7.41815e-07
 Reference value :  7.48415e-07
 Reference value :  7.57415e-07
 Reference value :  7.60607e-07
 Reference value :  7.61749e-07
 Reference value :  7.67844e-07
 Reference value :  7.71100e-07
 Reference value :  7.75744e-07
 Reference value :  7.80289e-07
 Reference value :  7.85456e-07
 Reference value :  7.90205e-07
 Reference value :  7.95580e-07
 Reference value :  8.00149e-07
 Reference value :  8.01249e-07
 Reference value :  8.05044e-07
 Reference value :  8.10121e-07
 Reference value :  8.12322e-07
 Reference value :  8.18722e-07
 Reference value :  8.22256e-07
 Reference value :  8.28856e-07
 Reference value :  8.35256e-07
 Reference value :  8.40149e-07
 Reference value :  8.41305e-07
 Reference value :  8.45244e-07
 Reference value :  8.50149e-07
 Reference value :  8.53144e-07
 Reference value :  8.60000e-07
 Reference value :  8.64845e-07
 Reference value :  8.73245e-07
 Reference value :  8.80205e-07
 Reference value :  8.81387e-07
 Reference value :  8.85644e-07
 Reference value :  8.90278e-07
 Reference value :  8.93544e-07
 Reference value :  9.00000e-07
 Reference value :  9.03316e-07
 Reference value :  9.09858e-07
 Reference value :  9.12830e-07
 Reference value :  9.19430e-07
 Reference value :  9.20898e-07
 Reference value :  9.22644e-07
 Reference value :  9.29244e-07
 Reference value :  9.31221e-07
 Reference value :  9.37144e-07
 Reference value :  9.41615e-07
 Reference value :  9.48015e-07
 Reference value :  9.57215e-07
 Reference value :  9.60600e-07
 Reference value :  9.61721e-07
 Reference value :  9.67844e-07
 Reference value :  9.71100e-07
 Reference value :  9.75744e-07
 Reference value :  9.80370e-07
 Reference value :  9.86056e-07
 Reference value :  9.90433e-07
 Reference value :  9.96580e-07
 Reference value :  1.00050e-06
 Reference value :  1.00167e-06
 Reference value :  1.00684e-06
 Reference value :  1.01050e-06
 Reference value :  1.01412e-06
 Reference value :  1.02007e-06
 Reference value :  1.02406e-06
 Reference value :  1.03066e-06
 Reference value :  1.03706e-06
 Reference value :  1.04051e-06
 Reference value :  1.04166e-06
 Reference value :  1.04684e-06
 Reference value :  1.05050e-06
 Reference value :  1.05454e-06
 Reference value :  1.06010e-06
 Reference value :  1.06564e-06
 Reference value :  1.07424e-06
 Reference value :  1.08037e-06
 Reference value :  1.08160e-06
 Reference value :  1.08624e-06
 Reference value :  1.09039e-06
 Reference value :  1.09454e-06
 Reference value :  1.10010e-06
 Reference value :  1.10412e-06
 Reference value :  1.11003e-06
 Reference value :  1.11363e-06
 Reference value :  1.12001e-06
 Reference value :  1.12111e-06
 Reference value :  1.12364e-06
 Reference value :  1.13000e-06
 Reference value :  1.13139e-06
 Reference value :  1.13774e-06
 Reference value :  1.14201e-06
 Reference value :  1.14861e-06
 Reference value :  1.15781e-06
 Reference value :  1.16071e-06
 Reference value :  1.16204e-06
 Reference value :  1.16864e-06
 Reference value :  1.17120e-06
 Reference value :  1.17674e-06
 Reference value :  1.18086e-06
 Reference value :  1.18666e-06
 Reference value :  1.19098e-06
 Reference value :  1.19678e-06
 Reference value :  1.20043e-06
 Reference value :  1.20163e-06
 Reference value :  1.20664e-06
 Reference value :  1.21062e-06
 Reference value :  1.21432e-06
 Reference value :  1.22010e-06
 Reference value :  1.22446e-06
 Reference value :  1.23106e-06
 Reference value :  1.23746e-06
 Reference value :  1.24053e-06
 Reference value :  1.24175e-06
 Reference value :  1.24904e-06
 Reference value :  1.25139e-06
 Reference value :  1.25814e-06
 Reference value :  1.26324e-06
 Reference value :  1.27004e-06
 Reference value :  1.27904e-06
 Reference value :  1.28090e-06
 Reference value :  1.28304e-06
 Reference value :  1.28964e-06
 Reference value :  1.29139e-06
 Reference value :  1.29834e-06
 Reference value :  1.30152e-06
 Reference value :  1.30792e-06
 Reference value :  1.31163e-06
 Reference value :  1.31823e-06
 Reference value :  1.32071e-06
 Reference value :  1.32264e-06
 Reference value :  1.32982e-06
 Reference value :  1.33194e-06
 Reference value :  1.33894e-06
 Reference value :  1.34401e-06
 Reference value :  1.35121e-06
 Reference value :  1.36003e-06
 Reference value :  1.36113e-06
 Reference value :  1.36364e-06
 Reference value :  1.37001e-06
 Reference value :  1.37154e-06
 Reference value :  1.37794e-06
 Reference value :  1.38166e-06
 Reference value :  1.38806e-06
 Reference value :  1.39181e-06
 Reference value :  1.39821e-06
 Reference value :  1.40065e-06
 Reference value :  1.40189e-06
 Reference value :  1.40824e-06
 Reference value :  1.41113e-06
 Reference value :  1.41572e-06
 Reference value :  1.42029e-06
 Reference value :  1.42566e-06
 Reference value :  1.43226e-06
 Reference value :  1.43886e-06
 Reference value :  1.44070e-06
 Reference value :  1.44224e-06
 Reference value :  1.44884e-06
 Reference value :  1.45121e-06
 Reference value :  1.45694e-06
 Reference value :  1.46144e-06
 Reference value :  1.46804e-06
 Reference value :  1.47584e-06
 Reference value :  1.48070e-06
 Reference value :  1.48544e-06
 Reference value :  1.49039e-06
 Reference value :  1.49434e-06
 Reference value :  1.50010e-06
 Reference value :  1.50432e-06
 Reference value :  1.51006e-06
 Reference value :  1.51383e-06
 Reference value :  1.52001e-06
 Reference value :  1.52111e-06
 Reference value :  1.52344e-06
 Reference value :  1.53000e-06
 Reference value :  1.53139e-06
 Reference value :  1.53794e-06
 Reference value :  1.54241e-06
 Reference value :  1.54901e-06
 Reference value :  1.55841e-06
 Reference value :  1.56078e-06
 Reference value :  1.56264e-06
 Reference value :  1.56904e-06
 Reference value :  1.57122e-06
 Reference value :  1.57734e-06
 Reference value :  1.58126e-06
 Reference value :  1.58786e-06
 Reference value :  1.59178e-06
 Reference value :  1.59878e-06
 Reference value :  1.60071e-06
 Reference value :  1.60224e-06
 Reference value :  1.60924e-06
 Reference value :  1.61122e-06
 Reference value :  1.61672e-06
 Reference value :  1.62086e-06
 Reference value :  1.62666e-06
 Reference value :  1.63326e-06
 Reference value :  1.63966e-06
 Reference value :  1.64090e-06
 Reference value :  1.64284e-06
 Reference value :  1.64924e-06
 Reference value :  1.65122e-06
 Reference value :  1.65734e-06
 Reference value :  1.66184e-06
 Reference value :  1.66824e-06
 Reference value :  1.67584e-06
 Reference value :  1.68051e-06
 Reference value :  1.68167e-06
 Reference value :  1.68684e-06
 Reference value :  1.69062e-06
 Reference value :  1.69534e-06
 Reference value :  1.70015e-06
 Reference value :  1.70512e-06
 Reference value :  1.71015e-06
 Reference value :  1.71483e-06
 Reference value :  1.72011e-06
 Reference value :  1.72121e-06
 Reference value :  1.72464e-06
 Reference value :  1.73011e-06
 Reference value :  1.73274e-06
 Reference value :  1.73914e-06
 Reference value :  1.74341e-06
 Reference value :  1.75061e-06
 Reference value :  1.75981e-06
 Reference value :  1.76100e-06
 Reference value :  1.76304e-06
 Reference value :  1.76964e-06
 Reference value :  1.77125e-06
 Reference value :  1.77734e-06
 Reference value :  1.78126e-06
 Reference value :  1.78706e-06
 Reference value :  1.79118e-06
 Reference value :  1.79718e-06
 Reference value :  1.80051e-06
 Reference value :  1.80167e-06
 Reference value :  1.80684e-06
 Reference value :  1.81050e-06
 Reference value :  1.81392e-06
 Reference value :  1.82007e-06
 Reference value :  1.82426e-06
 Reference value :  1.83086e-06
 Reference value :  1.83706e-06
 Reference value :  1.84050e-06
 Reference value :  1.84163e-06
 Reference value :  1.84644e-06
 Reference value :  1.85050e-06
 Reference value :  1.85454e-06
 Reference value :  1.86010e-06
 Reference value :  1.86544e-06
 Reference value :  1.87264e-06
 Reference value :  1.88007e-06
 Reference value :  1.88116e-06
 Reference value :  1.88344e-06
 Reference value :  1.89000e-06
 Reference value :  1.89139e-06
 Reference value :  1.89774e-06
 Reference value :  1.90132e-06
 Reference value :  1.90752e-06
 Reference value :  1.91103e-06
 Reference value :  1.91543e-06
 Reference value :  1.92006e-06
 Reference value :  1.92090e-06
 Reference value :  1.92181e-06
 Reference value :  1.92704e-06
 Reference value :  1.93042e-06
 Reference value :  1.93314e-06
 Reference value :  1.93874e-06
 Reference value :  1.94201e-06
 Reference value :  1.94741e-06
 Reference value :  1.95441e-06
 Reference value :  1.96015e-06
 Reference value :  1.96117e-06
 Reference value :  1.96284e-06
 Reference value :  1.96824e-06
 Reference value :  1.97113e-06
 Reference value :  1.97554e-06
 Reference value :  1.98015e-06
 Reference value :  1.98406e-06
 Reference value :  1.98966e-06
 Reference value :  1.99218e-06
 Reference value :  1.99758e-06
 Reference value :  2.00050e-06
 Reference value :  2.00149e-06
 Reference value :  2.00484e-06
 Reference value :  2.01003e-06
 Reference value :  2.01125e-06
 Reference value :  2.01612e-06
 Reference value :  2.02012e-06
 Reference value :  2.02366e-06
 Reference value :  2.02946e-06
 Reference value :  2.03486e-06
 Reference value :  2.04001e-06
 Reference value :  2.04090e-06
 Reference value :  2.04189e-06
 Reference value :  2.04764e-06
 Reference value :  2.05050e-06
 Reference value :  2.05394e-06
 Reference value :  2.05934e-06
 Reference value :  2.06304e-06
 Reference value :  2.06864e-06
 Reference value :  2.07504e-06
 Reference value :  2.08020e-06
 Reference value :  2.08120e-06
 Reference value :  2.08364e-06
 Reference value :  2.08904e-06
 Reference value :  2.09113e-06
 Reference value :  2.09474e-06
 Reference value :  2.10001e-06
 Reference value :  2.10252e-06
 Reference value :  2.10832e-06
 Reference value :  2.11123e-06
 Reference value :  2.11583e-06
 Reference value :  2.12010e-06
 Reference value :  2.12111e-06
 Reference value :  2.12244e-06
 Reference value :  2.12804e-06
 Reference value :  2.13082e-06
 Reference value :  2.13374e-06
 Reference value :  2.13914e-06
 Reference value :  2.14261e-06
 Reference value :  2.14821e-06
 Reference value :  2.15621e-06
 Reference value :  2.16051e-06
 Reference value :  2.16170e-06
 Reference value :  2.16744e-06
 Reference value :  2.17096e-06
 Reference value :  2.17554e-06
 Reference value :  2.18012e-06
 Reference value :  2.18366e-06
 Reference value :  2.18906e-06
 Reference value :  2.19178e-06
 Reference value :  2.19698e-06
 Reference value :  2.20028e-06
 Reference value :  2.20131e-06
 Reference value :  2.20524e-06
 Reference value :  2.21015e-06
 Reference value :  2.21192e-06
 Reference value :  2.21732e-06
 Reference value :  2.22049e-06
 Reference value :  2.22506e-06
 Reference value :  2.23046e-06
 Reference value :  2.23566e-06
 Reference value :  2.24011e-06
 Reference value :  2.24111e-06
 Reference value :  2.24244e-06
 Reference value :  2.24784e-06
 Reference value :  2.25062e-06
 Reference value :  2.25394e-06
 Reference value :  2.25954e-06
 Reference value :  2.26324e-06
 Reference value :  2.26884e-06
 Reference value :  2.27584e-06
 Reference value :  2.28037e-06
 Reference value :  2.28125e-06
 Reference value :  2.28404e-06
 Reference value :  2.28944e-06
 Reference value :  2.29117e-06
 Reference value :  2.29514e-06
 Reference value :  2.30003e-06
 Reference value :  2.30312e-06
 Reference value :  2.30892e-06
 Reference value :  2.31163e-06
 Reference value :  2.31643e-06
 Reference value :  2.32020e-06
 Reference value :  2.32120e-06
 Reference value :  2.32344e-06
 Reference value :  2.32904e-06
 Reference value :  2.33111e-06
 Reference value :  2.33474e-06
 Reference value :  2.34003e-06
 Reference value :  2.34481e-06
 Reference value :  2.35221e-06
 Reference value :  2.35961e-06
 Reference value :  2.36062e-06
 Reference value :  2.36170e-06
 Reference value :  2.36624e-06
 Reference value :  2.37028e-06
 Reference value :  2.37374e-06
 Reference value :  2.38000e-06
 Reference value :  2.38346e-06
 Reference value :  2.38983e-06
 Reference value :  2.39338e-06
 Reference value :  2.39978e-06
 Reference value :  2.40090e-06
 Reference value :  2.40241e-06
 Reference value :  2.40741e-06
 Reference value :  2.41006e-06
 Reference value :  2.41173e-06
 Reference value :  2.41812e-06
 Reference value :  2.42166e-06
 Reference value :  2.42786e-06
 Reference value :  2.43426e-06
 Reference value :  2.44006e-06
 Reference value :  2.44116e-06
 Reference value :  2.44321e-06
 Reference value :  2.44920e-06
 Reference value :  2.45099e-06
 Reference value :  2.45534e-06
 Reference value :  2.46021e-06
 Reference value :  2.46684e-06
 Reference value :  2.47424e-06
 Reference value :  2.48015e-06
 Reference value :  2.48131e-06
 Reference value :  2.48441e-06
 Reference value :  2.48925e-06
 Reference value :  2.49111e-06
 Reference value :  2.49574e-06
 Reference value :  2.50021e-06
 Reference value :  2.50532e-06
 Reference value :  2.51021e-06
 Reference value :  2.51503e-06
 Reference value :  2.52015e-06
 Reference value :  2.52131e-06
 Reference value :  2.52461e-06
 Reference value :  2.52925e-06
 Reference value :  2.53111e-06
 Reference value :  2.53594e-06
 Reference value :  2.54041e-06
 Reference value :  2.54681e-06
 Reference value :  2.55541e-06
 Reference value :  2.56050e-06
 Reference value :  2.56163e-06
 Reference value :  2.56621e-06
 Reference value :  2.56971e-06
 Reference value :  2.57125e-06
 Reference value :  2.57734e-06
 Reference value :  2.58146e-06
 Reference value :  2.58746e-06
 Reference value :  2.59138e-06
 Reference value :  2.59778e-06
 Reference value :  2.60053e-06
 Reference value :  2.60167e-06
 Reference value :  2.60621e-06
 Reference value :  2.60985e-06
 Reference value :  2.61139e-06
 Reference value :  2.61752e-06
 Reference value :  2.62146e-06
 Reference value :  2.62746e-06
 Reference value :  2.63406e-06
 Reference value :  2.64006e-06
 Reference value :  2.64120e-06
 Reference value :  2.64341e-06
 Reference value :  2.64920e-06
 Reference value :  2.65082e-06
 Reference value :  2.65534e-06
 Reference value :  2.66015e-06
 Reference value :  2.66704e-06
 Reference value :  2.67764e-06
 Reference value :  2.68070e-06
 Reference value :  2.68241e-06
 Reference value :  2.68896e-06
 Reference value :  2.69068e-06
 Reference value :  2.69694e-06
 Reference value :  2.70132e-06
 Reference value :  2.70772e-06
 Reference value :  2.71143e-06
 Reference value :  2.71723e-06
 Reference value :  2.72051e-06
 Reference value :  2.72163e-06
 Reference value :  2.72621e-06
 Reference value :  2.72971e-06
 Reference value :  2.73125e-06
 Reference value :  2.73754e-06
 Reference value :  2.74181e-06
 Reference value :  2.74841e-06
 Reference value :  2.75801e-06
 Reference value :  2.76062e-06
 Reference value :  2.76175e-06
 Reference value :  2.76721e-06
 Reference value :  2.77003e-06
 Reference value :  2.77194e-06
 Reference value :  2.77834e-06
 Reference value :  2.78186e-06
 Reference value :  2.78826e-06
 Reference value :  2.79178e-06
 Reference value :  2.79818e-06
 Reference value :  2.80062e-06
 Reference value :  2.80175e-06
 Reference value :  2.80721e-06
 Reference value :  2.81003e-06
 Reference value :  2.81173e-06
 Reference value :  2.81812e-06
 Reference value :  2.82186e-06
 Reference value :  2.82806e-06
 Reference value :  2.83446e-06
 Reference value :  2.84006e-06
 Reference value :  2.84117e-06
 Reference value :  2.84301e-06
 Reference value :  2.84913e-06
 Reference value :  2.85039e-06
 Reference value :  2.85434e-06
 Reference value :  2.86007e-06
 Reference value :  2.86524e-06
 Reference value :  2.87224e-06
 Reference value :  2.88000e-06
 Reference value :  2.88110e-06
 Reference value :  2.88261e-06
 Reference value :  2.88896e-06
 Reference value :  2.89028e-06
 Reference value :  2.89434e-06
 Reference value :  2.90011e-06
 Reference value :  2.90492e-06
 Reference value :  2.91015e-06
 Reference value :  2.91543e-06
 Reference value :  2.92026e-06
 Reference value :  2.92160e-06
 Reference value :  2.92581e-06
 Reference value :  2.92959e-06
 Reference value :  2.93122e-06
 Reference value :  2.93714e-06
 Reference value :  2.94161e-06
 Reference value :  2.94821e-06
 Reference value :  2.95781e-06
 Reference value :  2.96062e-06
 Reference value :  2.96175e-06
 Reference value :  2.96761e-06
 Reference value :  2.97011e-06
 Reference value :  2.97274e-06
 Reference value :  2.97987e-06
 Reference value :  2.98406e-06
 Reference value :  2.99010e-06
 Reference value :  2.99538e-06
 Reference value :  3.00012e-06
 Reference value :  3.00131e-06
 Reference value :  3.00441e-06
 Reference value :  3.00925e-06
 Reference value :  3.01111e-06
 Reference value :  3.01552e-06
 Reference value :  3.02029e-06
 Reference value :  3.02586e-06
 Reference value :  3.03226e-06
 Reference value :  3.03886e-06
 Reference value :  3.04070e-06
 Reference value :  3.04204e-06
 Reference value :  3.04801e-06
 Reference value :  3.05012e-06
 Reference value :  3.05274e-06
 Reference value :  3.05914e-06
 Reference value :  3.06364e-06
 Reference value :  3.07024e-06
 Reference value :  3.07784e-06
 Reference value :  3.08062e-06
 Reference value :  3.08181e-06
 Reference value :  3.08741e-06
 Reference value :  3.09006e-06
 Reference value :  3.09234e-06
 Reference value :  3.09894e-06
 Reference value :  3.10212e-06
 Reference value :  3.10852e-06
 Reference value :  3.11183e-06
 Reference value :  3.11803e-06
 Reference value :  3.12061e-06
 Reference value :  3.12172e-06
 Reference value :  3.12721e-06
 Reference value :  3.13003e-06
 Reference value :  3.13194e-06
 Reference value :  3.13854e-06
 Reference value :  3.14301e-06
 Reference value :  3.15001e-06
 Reference value :  3.15961e-06
 Reference value :  3.16100e-06
 Reference value :  3.16261e-06
 Reference value :  3.16881e-06
 Reference value :  3.17020e-06
 Reference value :  3.17334e-06
 Reference value :  3.17974e-06
 Reference value :  3.18326e-06
 Reference value :  3.18983e-06
 Reference value :  3.19338e-06
 Reference value :  3.19989e-06
 Reference value :  3.20111e-06
 Reference value :  3.20281e-06
 Reference value :  3.20911e-06
 Reference value :  3.21050e-06
 Reference value :  3.21452e-06
 Reference value :  3.22010e-06
 Reference value :  3.22466e-06
 Reference value :  3.23126e-06
 Reference value :  3.23806e-06
 Reference value :  3.24061e-06
 Reference value :  3.24175e-06
 Reference value :  3.24761e-06
 Reference value :  3.25010e-06
 Reference value :  3.25254e-06
 Reference value :  3.25894e-06
 Reference value :  3.26364e-06
 Reference value :  3.27064e-06
 Reference value :  3.27864e-06
 Reference value :  3.28070e-06
 Reference value :  3.28204e-06
 Reference value :  3.28801e-06
 Reference value :  3.29011e-06
 Reference value :  3.29254e-06
 Reference value :  3.29914e-06
 Reference value :  3.30272e-06
 Reference value :  3.30952e-06
 Reference value :  3.31263e-06
 Reference value :  3.31943e-06
 Reference value :  3.32078e-06
 Reference value :  3.32221e-06
 Reference value :  3.32821e-06
 Reference value :  3.33012e-06
 Reference value :  3.33274e-06
 Reference value :  3.33934e-06
 Reference value :  3.34361e-06
 Reference value :  3.35061e-06
 Reference value :  3.36001e-06
 Reference value :  3.36110e-06
 Reference value :  3.36261e-06
 Reference value :  3.36896e-06
 Reference value :  3.37028e-06
 Reference value :  3.37374e-06
 Reference value :  3.38003e-06
 Reference value :  3.38406e-06
 Reference value :  3.39006e-06
 Reference value :  3.39438e-06
No. of Data Rows : 22726

  Measurements for Transient Analysis

twin_r              =  1.15398e-09 targ=  4.12040e-08 trig=  4.00500e-08
twin_f              =  1.13631e-09 targ=  2.41286e-07 trig=  2.40150e-07
ta_asrt             =   6.79576e-07
tb_asrt             =   6.79576e-07
te_asrt             =   6.79576e-07
la_lvl              =  3.63000e+00 from=  3.06000e-06 to=  3.40000e-06
lb_lvl              =  3.63000e+00 from=  3.06000e-06 to=  3.40000e-06
lc_lvl              =  9.16291e-09 from=  3.06000e-06 to=  3.40000e-06
ld_lvl              =  5.62233e-09 from=  3.06000e-06 to=  3.40000e-06
le_lvl              =  -2.06847e-10 from=  3.06000e-06 to=  3.40000e-06
va_lvl              =  3.61732e+00 from=  3.06000e-06 to=  3.40000e-06
te_deas             =   2.40413e-06
le_pre              =  3.63000e+00 from=  2.16000e-06 to=  2.40001e-06
iavg                =  -1.78732e-04 from=  1.70000e-06 to=  3.40000e-06

ngspice-46 done

Warning: m=xx on .subckt line will override multiplier m hierarchy!


Error: measure  tc_asrt  when(WHEN) : out of interval
 .measure tran tc_asrt when v(lockc)=    1.815000000000000e+00     rise=1 failed!


Error: measure  td_asrt  when(WHEN) : out of interval
 .measure tran td_asrt when v(lockd)=    1.815000000000000e+00     rise=1 failed!

