
Note: Compatibility modes selected: hs a


Circuit: * lock-detector @ ff_125c_2.97v_e3.0n_c11 -- generated by sim/harness, do not edit

Doing analysis at TEMP = 125.000000 and TNOM = 27.000000

Using SPARSE 1.3 as Direct Linear Solver

Initial Transient Solution
--------------------------

Node                                   Voltage
----                                   -------
vdd                                       2.97
ldt0                                      2.97
ldt1                                      2.97
ldt2                                         0
ldt3                                      2.97
upa                                          0
dna                                          0
xa.xerr.n1                                2.97
xa.xerr.xg1.nmid                      0.086084
xa.xerr.n2                             2.96999
xa.xerr.xg2.nmid                   2.96213e-06
xa.xerr.n3                             2.96999
xa.xerr.xg3.nmid                   2.96213e-06
xa.err                             9.75055e-07
xa.xerr.xg4.nmid                   4.87527e-07
xa.xdly.t0b                         4.8567e-07
xa.xdly.t1b                         4.8567e-07
xa.xdly.t2b                               2.97
xa.xdly.t3b                         4.8567e-07
xa.xdly.d1                             2.96999
xa.xdly.s10                            2.96999
xa.xdly.s11                            2.96999
xa.xdly.s12                        4.86334e-06
xa.xdly.s13                            2.96999
xa.xdly.d2                         5.27184e-07
xa.xdly.s20                        5.47404e-07
xa.xdly.s21                        5.39524e-07
xa.xdly.s22                        1.07613e-08
xa.xdly.s23                         5.3064e-07
xa.xdly.d3                             2.96999
xa.xdly.s30                            2.96999
xa.xdly.s31                            2.96999
xa.xdly.s32                        4.86334e-06
xa.xdly.s33                            2.96999
xa.errd                            5.27184e-07
xa.xdly.s40                        5.47404e-07
xa.xdly.s41                        5.39524e-07
xa.xdly.s42                        1.07613e-08
xa.xdly.s43                         5.3064e-07
xa.wideb                                  2.97
xa.xnw.nmid                          0.0860843
xa.wide                            4.85673e-07
vwina                                        0
xa.xsch.p1                                2.97
xa.lockb                                  2.97
xa.xsch.n1                             2.54061
locka                              4.85673e-07
upb                                          0
dnb                                          0
xb.xerr.n1                                2.97
xb.xerr.xg1.nmid                      0.086084
xb.xerr.n2                             2.96999
xb.xerr.xg2.nmid                   2.96213e-06
xb.xerr.n3                             2.96999
xb.xerr.xg3.nmid                   2.96213e-06
xb.err                             9.75055e-07
xb.xerr.xg4.nmid                   4.87527e-07
xb.xdly.t0b                         4.8567e-07
xb.xdly.t1b                         4.8567e-07
xb.xdly.t2b                               2.97
xb.xdly.t3b                         4.8567e-07
xb.xdly.d1                             2.96999
xb.xdly.s10                            2.96999
xb.xdly.s11                            2.96999
xb.xdly.s12                        4.86334e-06
xb.xdly.s13                            2.96999
xb.xdly.d2                         5.27184e-07
xb.xdly.s20                        5.47404e-07
xb.xdly.s21                        5.39524e-07
xb.xdly.s22                        1.07613e-08
xb.xdly.s23                         5.3064e-07
xb.xdly.d3                             2.96999
xb.xdly.s30                            2.96999
xb.xdly.s31                            2.96999
xb.xdly.s32                        4.86334e-06
xb.xdly.s33                            2.96999
xb.errd                            5.27184e-07
xb.xdly.s40                        5.47404e-07
xb.xdly.s41                        5.39524e-07
xb.xdly.s42                        1.07613e-08
xb.xdly.s43                         5.3064e-07
xb.wideb                                  2.97
xb.xnw.nmid                          0.0860843
xb.wide                            4.85673e-07
vwinb                                        0
xb.xsch.p1                                2.97
xb.lockb                                  2.97
xb.xsch.n1                             2.54061
lockb                              4.85673e-07
upc                                          0
dnc                                          0
xc.xerr.n1                                2.97
xc.xerr.xg1.nmid                      0.086084
xc.xerr.n2                             2.96999
xc.xerr.xg2.nmid                   2.96213e-06
xc.xerr.n3                             2.96999
xc.xerr.xg3.nmid                   2.96213e-06
xc.err                             9.75055e-07
xc.xerr.xg4.nmid                   4.87527e-07
xc.xdly.t0b                         4.8567e-07
xc.xdly.t1b                         4.8567e-07
xc.xdly.t2b                               2.97
xc.xdly.t3b                         4.8567e-07
xc.xdly.d1                             2.96999
xc.xdly.s10                            2.96999
xc.xdly.s11                            2.96999
xc.xdly.s12                        4.86334e-06
xc.xdly.s13                            2.96999
xc.xdly.d2                         5.27184e-07
xc.xdly.s20                        5.47404e-07
xc.xdly.s21                        5.39524e-07
xc.xdly.s22                        1.07613e-08
xc.xdly.s23                         5.3064e-07
xc.xdly.d3                             2.96999
xc.xdly.s30                            2.96999
xc.xdly.s31                            2.96999
xc.xdly.s32                        4.86334e-06
xc.xdly.s33                            2.96999
xc.errd                            5.27184e-07
xc.xdly.s40                        5.47404e-07
xc.xdly.s41                        5.39524e-07
xc.xdly.s42                        1.07613e-08
xc.xdly.s43                         5.3064e-07
xc.wideb                                  2.97
xc.xnw.nmid                          0.0860843
xc.wide                            4.85673e-07
vwinc                                        0
xc.xsch.p1                                2.97
xc.lockb                                  2.97
xc.xsch.n1                             2.54061
lockc                              4.85673e-07
upd                                          0
dnd                                          0
xd.xerr.n1                                2.97
xd.xerr.xg1.nmid                      0.086084
xd.xerr.n2                             2.96999
xd.xerr.xg2.nmid                   2.96213e-06
xd.xerr.n3                             2.96999
xd.xerr.xg3.nmid                   2.96213e-06
xd.err                             9.75055e-07
xd.xerr.xg4.nmid                   4.87527e-07
xd.xdly.t0b                         4.8567e-07
xd.xdly.t1b                         4.8567e-07
xd.xdly.t2b                               2.97
xd.xdly.t3b                         4.8567e-07
xd.xdly.d1                             2.96999
xd.xdly.s10                            2.96999
xd.xdly.s11                            2.96999
xd.xdly.s12                        4.86334e-06
xd.xdly.s13                            2.96999
xd.xdly.d2                         5.27184e-07
xd.xdly.s20                        5.47404e-07
xd.xdly.s21                        5.39524e-07
xd.xdly.s22                        1.07613e-08
xd.xdly.s23                         5.3064e-07
xd.xdly.d3                             2.96999
xd.xdly.s30                            2.96999
xd.xdly.s31                            2.96999
xd.xdly.s32                        4.86334e-06
xd.xdly.s33                            2.96999
xd.errd                            5.27184e-07
xd.xdly.s40                        5.47404e-07
xd.xdly.s41                        5.39524e-07
xd.xdly.s42                        1.07613e-08
xd.xdly.s43                         5.3064e-07
xd.wideb                                  2.97
xd.xnw.nmid                          0.0860843
xd.wide                            4.85673e-07
vwind                                        0
xd.xsch.p1                                2.97
xd.lockb                                  2.97
xd.xsch.n1                             2.54061
lockd                              4.85673e-07
upe1                                         0
upe2                                         0
upe1n                                     2.97
upe2n                                     2.97
upe                                9.74986e-07
xoe3.nmid                          4.87493e-07
dne                                          0
xe.xerr.n1                                2.97
xe.xerr.xg1.nmid                     0.0860846
xe.xerr.n2                             2.96999
xe.xerr.xg2.nmid                   2.96219e-06
xe.xerr.n3                             2.96999
xe.xerr.xg3.nmid                   2.96213e-06
xe.err                             9.75055e-07
xe.xerr.xg4.nmid                   4.87527e-07
xe.xdly.t0b                         4.8567e-07
xe.xdly.t1b                         4.8567e-07
xe.xdly.t2b                               2.97
xe.xdly.t3b                         4.8567e-07
xe.xdly.d1                             2.96999
xe.xdly.s10                            2.96999
xe.xdly.s11                            2.96999
xe.xdly.s12                        4.86334e-06
xe.xdly.s13                            2.96999
xe.xdly.d2                         5.27184e-07
xe.xdly.s20                        5.47404e-07
xe.xdly.s21                        5.39524e-07
xe.xdly.s22                        1.07613e-08
xe.xdly.s23                         5.3064e-07
xe.xdly.d3                             2.96999
xe.xdly.s30                            2.96999
xe.xdly.s31                            2.96999
xe.xdly.s32                        4.86334e-06
xe.xdly.s33                            2.96999
xe.errd                            5.27184e-07
xe.xdly.s40                        5.47404e-07
xe.xdly.s41                        5.39524e-07
xe.xdly.s42                        1.07613e-08
xe.xdly.s43                         5.3064e-07
xe.wideb                                  2.97
xe.xnw.nmid                          0.0860843
xe.wide                            4.85673e-07
vwine                                        0
xe.xsch.p1                                2.97
xe.lockb                                  2.97
xe.xsch.n1                             2.54061
locke                              4.85673e-07
wstep                                        0
xw.t0b                              4.8567e-07
xw.t1b                              4.8567e-07
xw.t2b                                    2.97
xw.t3b                              4.8567e-07
xw.d1                                  2.96999
xw.s10                                 2.96999
xw.s11                                 2.96999
xw.s12                             4.86334e-06
xw.s13                                 2.96999
xw.d2                              5.27184e-07
xw.s20                             5.47404e-07
xw.s21                             5.39524e-07
xw.s22                             1.07613e-08
xw.s23                              5.3064e-07
xw.d3                                  2.96999
xw.s30                                 2.96999
xw.s31                                 2.96999
xw.s32                             4.86334e-06
xw.s33                                 2.96999
wout                               5.27184e-07
xw.s40                             5.47404e-07
xw.s41                             5.39524e-07
xw.s42                             1.07613e-08
xw.s43                              5.3064e-07
vwstep#branch                                0
vdne#branch                                  0
vupe2#branch                                 0
vupe1#branch                                 0
vdnd#branch                                  0
vupd#branch                                  0
vdnc#branch                                  0
vupc#branch                                  0
vdnb#branch                                  0
vupb#branch                                  0
vdna#branch                                  0
vupa#branch                                  0
vt3#branch                                   0
vt2#branch                                   0
vt1#branch                                   0
vt0#branch                                   0
vdd#branch                        -3.65869e-06

 Reference value :  0.00000e+00
 Reference value :  9.05600e-09
 Reference value :  1.88560e-08
 Reference value :  2.86560e-08
 Reference value :  3.86560e-08
 Reference value :  4.15512e-08
 Reference value :  4.42490e-08
 Reference value :  5.00300e-08
 Reference value :  5.23485e-08
 Reference value :  6.00300e-08
 Reference value :  6.50521e-08
 Reference value :  7.52521e-08
 Reference value :  8.11000e-08
 Reference value :  8.34463e-08
 Reference value :  8.77484e-08
 Reference value :  9.12210e-08
 Reference value :  9.75485e-08
 Reference value :  1.02635e-07
 Reference value :  1.09235e-07
 Reference value :  1.14033e-07
 Reference value :  1.20121e-07
 Reference value :  1.23121e-07
 Reference value :  1.26948e-07
 Reference value :  1.31130e-07
 Reference value :  1.36149e-07
 Reference value :  1.42856e-07
 Reference value :  1.52856e-07
 Reference value :  1.60149e-07
 Reference value :  1.63065e-07
 Reference value :  1.66548e-07
 Reference value :  1.71130e-07
 Reference value :  1.76349e-07
 Reference value :  1.82641e-07
 Reference value :  1.90000e-07
 Reference value :  1.97290e-07
 Reference value :  2.02553e-07
 Reference value :  2.05748e-07
 Reference value :  2.10966e-07
 Reference value :  2.15960e-07
 Reference value :  2.23441e-07
 Reference value :  2.33041e-07
 Reference value :  2.40206e-07
 Reference value :  2.43000e-07
 Reference value :  2.45948e-07
 Reference value :  2.51207e-07
 Reference value :  2.59874e-07
 Reference value :  2.66056e-07
 Reference value :  2.76656e-07
 Reference value :  2.81249e-07
 Reference value :  2.84249e-07
 Reference value :  2.90100e-07
 Reference value :  2.93749e-07
 Reference value :  3.00300e-07
 Reference value :  3.06835e-07
 Reference value :  3.11833e-07
 Reference value :  3.19033e-07
 Reference value :  3.21953e-07
 Reference value :  3.25348e-07
 Reference value :  3.30446e-07
 Reference value :  3.34949e-07
 Reference value :  3.40656e-07
 Reference value :  3.50656e-07
 Reference value :  3.60065e-07
 Reference value :  3.62877e-07
 Reference value :  3.65748e-07
 Reference value :  3.70646e-07
 Reference value :  3.75149e-07
 Reference value :  3.80641e-07
 Reference value :  3.87241e-07
 Reference value :  3.91690e-07
 Reference value :  3.98090e-07
 Reference value :  4.01221e-07
 Reference value :  4.04221e-07
 Reference value :  4.10205e-07
 Reference value :  4.14560e-07
 Reference value :  4.22041e-07
 Reference value :  4.31441e-07
 Reference value :  4.40121e-07
 Reference value :  4.43010e-07
 Reference value :  4.45548e-07
 Reference value :  4.51110e-07
 Reference value :  4.60030e-07
 Reference value :  4.66456e-07
 Reference value :  4.77056e-07
 Reference value :  4.81221e-07
 Reference value :  4.84165e-07
 Reference value :  4.89871e-07
 Reference value :  4.92349e-07
 Reference value :  5.00000e-07
 Reference value :  5.04235e-07
 Reference value :  5.10100e-07
 Reference value :  5.15633e-07
 Reference value :  5.20465e-07
 Reference value :  5.23317e-07
 Reference value :  5.27748e-07
 Reference value :  5.31200e-07
 Reference value :  5.36549e-07
 Reference value :  5.43256e-07
 Reference value :  5.53456e-07
 Reference value :  5.60205e-07
 Reference value :  5.63010e-07
 Reference value :  5.65748e-07
 Reference value :  5.70317e-07
 Reference value :  5.73949e-07
 Reference value :  5.80121e-07
 Reference value :  5.85641e-07
 Reference value :  5.90317e-07
 Reference value :  5.96090e-07
 Reference value :  6.00938e-07
 Reference value :  6.03317e-07
 Reference value :  6.06948e-07
 Reference value :  6.10966e-07
 Reference value :  6.15960e-07
 Reference value :  6.20841e-07
 Reference value :  6.26841e-07
 Reference value :  6.34241e-07
 Reference value :  6.40596e-07
 Reference value :  6.43149e-07
 Reference value :  6.46748e-07
 Reference value :  6.50973e-07
 Reference value :  6.54949e-07
 Reference value :  6.60856e-07
 Reference value :  6.68456e-07
 Reference value :  6.78256e-07
 Reference value :  6.81221e-07
 Reference value :  6.84200e-07
 Reference value :  6.89874e-07
 Reference value :  6.92149e-07
 Reference value :  6.99549e-07
 Reference value :  7.03235e-07
 Reference value :  7.09635e-07
 Reference value :  7.13433e-07
 Reference value :  7.19633e-07
 Reference value :  7.21953e-07
 Reference value :  7.24402e-07
 Reference value :  7.30107e-07
 Reference value :  7.33349e-07
 Reference value :  7.40107e-07
 Reference value :  7.47656e-07
 Reference value :  7.56856e-07
 Reference value :  7.61165e-07
 Reference value :  7.63446e-07
 Reference value :  7.67348e-07
 Reference value :  7.71130e-07
 Reference value :  7.76149e-07
 Reference value :  7.81441e-07
 Reference value :  7.87441e-07
 Reference value :  7.91890e-07
 Reference value :  7.98690e-07
 Reference value :  8.01305e-07
 Reference value :  8.04165e-07
 Reference value :  8.09148e-07
 Reference value :  8.11305e-07
 Reference value :  8.17160e-07
 Reference value :  8.22041e-07
 Reference value :  8.28241e-07
 Reference value :  8.36041e-07
 Reference value :  8.41110e-07
 Reference value :  8.43317e-07
 Reference value :  8.46948e-07
 Reference value :  8.51100e-07
 Reference value :  8.56149e-07
 Reference value :  8.61656e-07
 Reference value :  8.69656e-07
 Reference value :  8.79056e-07
 Reference value :  8.81305e-07
 Reference value :  8.84130e-07
 Reference value :  8.89348e-07
 Reference value :  8.91549e-07
 Reference value :  8.98349e-07
 Reference value :  9.02435e-07
 Reference value :  9.09035e-07
 Reference value :  9.13233e-07
 Reference value :  9.19433e-07
 Reference value :  9.21553e-07
 Reference value :  9.24221e-07
 Reference value :  9.29874e-07
 Reference value :  9.31949e-07
 Reference value :  9.38949e-07
 Reference value :  9.44456e-07
 Reference value :  9.53856e-07
 Reference value :  9.60302e-07
 Reference value :  9.63100e-07
 Reference value :  9.65741e-07
 Reference value :  9.70317e-07
 Reference value :  9.74349e-07
 Reference value :  9.80149e-07
 Reference value :  9.85641e-07
 Reference value :  9.90317e-07
 Reference value :  9.96090e-07
 Reference value :  1.00111e-06
 Reference value :  1.00348e-06
 Reference value :  1.00734e-06
 Reference value :  1.01110e-06
 Reference value :  1.01496e-06
 Reference value :  1.02015e-06
 Reference value :  1.02604e-06
 Reference value :  1.03304e-06
 Reference value :  1.04015e-06
 Reference value :  1.04301e-06
 Reference value :  1.04515e-06
 Reference value :  1.05015e-06
 Reference value :  1.05335e-06
 Reference value :  1.06010e-06
 Reference value :  1.06586e-06
 Reference value :  1.07526e-06
 Reference value :  1.08078e-06
 Reference value :  1.08315e-06
 Reference value :  1.08635e-06
 Reference value :  1.09045e-06
 Reference value :  1.09415e-06
 Reference value :  1.10015e-06
 Reference value :  1.10503e-06
 Reference value :  1.11011e-06
 Reference value :  1.11503e-06
 Reference value :  1.12015e-06
 Reference value :  1.12288e-06
 Reference value :  1.12455e-06
 Reference value :  1.13010e-06
 Reference value :  1.13295e-06
 Reference value :  1.14003e-06
 Reference value :  1.14626e-06
 Reference value :  1.15666e-06
 Reference value :  1.16110e-06
 Reference value :  1.16332e-06
 Reference value :  1.16715e-06
 Reference value :  1.17111e-06
 Reference value :  1.17575e-06
 Reference value :  1.18184e-06
 Reference value :  1.18804e-06
 Reference value :  1.19209e-06
 Reference value :  1.19929e-06
 Reference value :  1.20131e-06
 Reference value :  1.20420e-06
 Reference value :  1.20975e-06
 Reference value :  1.21176e-06
 Reference value :  1.21776e-06
 Reference value :  1.22244e-06
 Reference value :  1.22904e-06
 Reference value :  1.23982e-06
 Reference value :  1.24195e-06
 Reference value :  1.24425e-06
 Reference value :  1.25001e-06
 Reference value :  1.25215e-06
 Reference value :  1.25935e-06
 Reference value :  1.26446e-06
 Reference value :  1.27386e-06
 Reference value :  1.28044e-06
 Reference value :  1.28311e-06
 Reference value :  1.28615e-06
 Reference value :  1.29097e-06
 Reference value :  1.29515e-06
 Reference value :  1.30043e-06
 Reference value :  1.30603e-06
 Reference value :  1.31032e-06
 Reference value :  1.31703e-06
 Reference value :  1.32125e-06
 Reference value :  1.32411e-06
 Reference value :  1.32875e-06
 Reference value :  1.33130e-06
 Reference value :  1.33775e-06
 Reference value :  1.34466e-06
 Reference value :  1.35386e-06
 Reference value :  1.36030e-06
 Reference value :  1.36307e-06
 Reference value :  1.36575e-06
 Reference value :  1.37065e-06
 Reference value :  1.37475e-06
 Reference value :  1.38204e-06
 Reference value :  1.39000e-06
 Reference value :  1.39413e-06
 Reference value :  1.40030e-06
 Reference value :  1.40310e-06
 Reference value :  1.40595e-06
 Reference value :  1.41044e-06
 Reference value :  1.41396e-06
 Reference value :  1.42007e-06
 Reference value :  1.42564e-06
 Reference value :  1.43644e-06
 Reference value :  1.44131e-06
 Reference value :  1.44425e-06
 Reference value :  1.45010e-06
 Reference value :  1.45335e-06
 Reference value :  1.46010e-06
 Reference value :  1.46586e-06
 Reference value :  1.47546e-06
 Reference value :  1.48078e-06
 Reference value :  1.48315e-06
 Reference value :  1.48715e-06
 Reference value :  1.49110e-06
 Reference value :  1.49555e-06
 Reference value :  1.50103e-06
 Reference value :  1.50683e-06
 Reference value :  1.51083e-06
 Reference value :  1.51703e-06
 Reference value :  1.52094e-06
 Reference value :  1.52321e-06
 Reference value :  1.52695e-06
 Reference value :  1.53097e-06
 Reference value :  1.53515e-06
 Reference value :  1.54066e-06
 Reference value :  1.54946e-06
 Reference value :  1.56000e-06
 Reference value :  1.56175e-06
 Reference value :  1.56421e-06
 Reference value :  1.56955e-06
 Reference value :  1.57155e-06
 Reference value :  1.57855e-06
 Reference value :  1.58304e-06
 Reference value :  1.58944e-06
 Reference value :  1.59329e-06
 Reference value :  1.60007e-06
 Reference value :  1.60215e-06
 Reference value :  1.60425e-06
 Reference value :  1.61001e-06
 Reference value :  1.61196e-06
 Reference value :  1.61816e-06
 Reference value :  1.62264e-06
 Reference value :  1.62904e-06
 Reference value :  1.63764e-06
 Reference value :  1.64121e-06
 Reference value :  1.64397e-06
 Reference value :  1.64815e-06
 Reference value :  1.65121e-06
 Reference value :  1.65655e-06
 Reference value :  1.66206e-06
 Reference value :  1.67006e-06
 Reference value :  1.67926e-06
 Reference value :  1.68155e-06
 Reference value :  1.68422e-06
 Reference value :  1.69003e-06
 Reference value :  1.69275e-06
 Reference value :  1.70003e-06
 Reference value :  1.70463e-06
 Reference value :  1.71015e-06
 Reference value :  1.71623e-06
 Reference value :  1.72060e-06
 Reference value :  1.72315e-06
 Reference value :  1.72675e-06
 Reference value :  1.73110e-06
 Reference value :  1.73575e-06
 Reference value :  1.74166e-06
 Reference value :  1.75126e-06
 Reference value :  1.76006e-06
 Reference value :  1.76275e-06
 Reference value :  1.76495e-06
 Reference value :  1.77012e-06
 Reference value :  1.77375e-06
 Reference value :  1.78015e-06
 Reference value :  1.78604e-06
 Reference value :  1.79089e-06
 Reference value :  1.79709e-06
 Reference value :  1.80113e-06
 Reference value :  1.80345e-06
 Reference value :  1.80955e-06
 Reference value :  1.81131e-06
 Reference value :  1.81676e-06
 Reference value :  1.82124e-06
 Reference value :  1.82744e-06
 Reference value :  1.83484e-06
 Reference value :  1.84060e-06
 Reference value :  1.84312e-06
 Reference value :  1.84595e-06
 Reference value :  1.85085e-06
 Reference value :  1.85495e-06
 Reference value :  1.86046e-06
 Reference value :  1.86806e-06
 Reference value :  1.87766e-06
 Reference value :  1.88121e-06
 Reference value :  1.88410e-06
 Reference value :  1.88875e-06
 Reference value :  1.89130e-06
 Reference value :  1.89755e-06
 Reference value :  1.90203e-06
 Reference value :  1.90823e-06
 Reference value :  1.91203e-06
 Reference value :  1.91823e-06
 Reference value :  1.92120e-06
 Reference value :  1.92345e-06
 Reference value :  1.92735e-06
 Reference value :  1.93113e-06
 Reference value :  1.93594e-06
 Reference value :  1.94126e-06
 Reference value :  1.95066e-06
 Reference value :  1.96001e-06
 Reference value :  1.96255e-06
 Reference value :  1.96475e-06
 Reference value :  1.97022e-06
 Reference value :  1.97414e-06
 Reference value :  1.98032e-06
 Reference value :  1.98684e-06
 Reference value :  1.99129e-06
 Reference value :  1.99849e-06
 Reference value :  2.00125e-06
 Reference value :  2.00410e-06
 Reference value :  2.00835e-06
 Reference value :  2.01122e-06
 Reference value :  2.01676e-06
 Reference value :  2.02124e-06
 Reference value :  2.02804e-06
 Reference value :  2.03604e-06
 Reference value :  2.04110e-06
 Reference value :  2.04320e-06
 Reference value :  2.04695e-06
 Reference value :  2.05111e-06
 Reference value :  2.05635e-06
 Reference value :  2.06186e-06
 Reference value :  2.07026e-06
 Reference value :  2.07946e-06
 Reference value :  2.08140e-06
 Reference value :  2.08416e-06
 Reference value :  2.08895e-06
 Reference value :  2.09131e-06
 Reference value :  2.09815e-06
 Reference value :  2.10243e-06
 Reference value :  2.10883e-06
 Reference value :  2.11343e-06
 Reference value :  2.11982e-06
 Reference value :  2.12155e-06
 Reference value :  2.12420e-06
 Reference value :  2.12987e-06
 Reference value :  2.13195e-06
 Reference value :  2.13895e-06
 Reference value :  2.14606e-06
 Reference value :  2.15546e-06
 Reference value :  2.16075e-06
 Reference value :  2.16315e-06
 Reference value :  2.16655e-06
 Reference value :  2.17085e-06
 Reference value :  2.17495e-06
 Reference value :  2.18064e-06
 Reference value :  2.18684e-06
 Reference value :  2.19169e-06
 Reference value :  2.19869e-06
 Reference value :  2.20155e-06
 Reference value :  2.20425e-06
 Reference value :  2.21003e-06
 Reference value :  2.21236e-06
 Reference value :  2.21896e-06
 Reference value :  2.22364e-06
 Reference value :  2.23024e-06
 Reference value :  2.23944e-06
 Reference value :  2.24155e-06
 Reference value :  2.24420e-06
 Reference value :  2.24975e-06
 Reference value :  2.25175e-06
 Reference value :  2.25895e-06
 Reference value :  2.26365e-06
 Reference value :  2.27225e-06
 Reference value :  2.28011e-06
 Reference value :  2.28288e-06
 Reference value :  2.28475e-06
 Reference value :  2.29010e-06
 Reference value :  2.29315e-06
 Reference value :  2.30011e-06
 Reference value :  2.30463e-06
 Reference value :  2.31011e-06
 Reference value :  2.31523e-06
 Reference value :  2.32012e-06
 Reference value :  2.32300e-06
 Reference value :  2.32535e-06
 Reference value :  2.33097e-06
 Reference value :  2.33555e-06
 Reference value :  2.34086e-06
 Reference value :  2.34986e-06
 Reference value :  2.36003e-06
 Reference value :  2.36215e-06
 Reference value :  2.36425e-06
 Reference value :  2.37001e-06
 Reference value :  2.37215e-06
 Reference value :  2.37935e-06
 Reference value :  2.38404e-06
 Reference value :  2.39006e-06
 Reference value :  2.39509e-06
 Reference value :  2.40041e-06
 Reference value :  2.40303e-06
 Reference value :  2.40515e-06
 Reference value :  2.40958e-06
 Reference value :  2.41131e-06
 Reference value :  2.41736e-06
 Reference value :  2.42204e-06
 Reference value :  2.42844e-06
 Reference value :  2.43664e-06
 Reference value :  2.44113e-06
 Reference value :  2.44348e-06
 Reference value :  2.44754e-06
 Reference value :  2.45022e-06
 Reference value :  2.45354e-06
 Reference value :  2.46010e-06
 Reference value :  2.46606e-06
 Reference value :  2.47526e-06
 Reference value :  2.48110e-06
 Reference value :  2.48320e-06
 Reference value :  2.48675e-06
 Reference value :  2.49006e-06
 Reference value :  2.49295e-06
 Reference value :  2.50003e-06
 Reference value :  2.50443e-06
 Reference value :  2.51010e-06
 Reference value :  2.51483e-06
 Reference value :  2.52011e-06
 Reference value :  2.52255e-06
 Reference value :  2.52455e-06
 Reference value :  2.52925e-06
 Reference value :  2.53121e-06
 Reference value :  2.53675e-06
 Reference value :  2.54226e-06
 Reference value :  2.55186e-06
 Reference value :  2.56010e-06
 Reference value :  2.56215e-06
 Reference value :  2.56431e-06
 Reference value :  2.56925e-06
 Reference value :  2.57121e-06
 Reference value :  2.57655e-06
 Reference value :  2.58204e-06
 Reference value :  2.58904e-06
 Reference value :  2.59289e-06
 Reference value :  2.59984e-06
 Reference value :  2.60125e-06
 Reference value :  2.60345e-06
 Reference value :  2.60635e-06
 Reference value :  2.60988e-06
 Reference value :  2.61156e-06
 Reference value :  2.61756e-06
 Reference value :  2.62204e-06
 Reference value :  2.62844e-06
 Reference value :  2.63604e-06
 Reference value :  2.64121e-06
 Reference value :  2.64383e-06
 Reference value :  2.64835e-06
 Reference value :  2.65065e-06
 Reference value :  2.65675e-06
 Reference value :  2.66166e-06
 Reference value :  2.66766e-06
 Reference value :  2.67546e-06
 Reference value :  2.68030e-06
 Reference value :  2.68254e-06
 Reference value :  2.68416e-06
 Reference value :  2.68775e-06
 Reference value :  2.69006e-06
 Reference value :  2.69140e-06
 Reference value :  2.69654e-06
 Reference value :  2.70021e-06
 Reference value :  2.70443e-06
 Reference value :  2.70981e-06
 Reference value :  2.71243e-06
 Reference value :  2.71743e-06
 Reference value :  2.72044e-06
 Reference value :  2.72287e-06
 Reference value :  2.72425e-06
 Reference value :  2.72892e-06
 Reference value :  2.73015e-06
 Reference value :  2.73215e-06
 Reference value :  2.73835e-06
 Reference value :  2.74286e-06
 Reference value :  2.75026e-06
 Reference value :  2.75766e-06
 Reference value :  2.76075e-06
 Reference value :  2.76300e-06
 Reference value :  2.76425e-06
 Reference value :  2.76892e-06
 Reference value :  2.77015e-06
 Reference value :  2.77215e-06
 Reference value :  2.77755e-06
 Reference value :  2.78144e-06
 Reference value :  2.78724e-06
 Reference value :  2.79069e-06
 Reference value :  2.79509e-06
 Reference value :  2.80011e-06
 Reference value :  2.80155e-06
 Reference value :  2.80383e-06
 Reference value :  2.80835e-06
 Reference value :  2.81011e-06
 Reference value :  2.81216e-06
 Reference value :  2.81716e-06
 Reference value :  2.82064e-06
 Reference value :  2.82684e-06
 Reference value :  2.83304e-06
 Reference value :  2.84001e-06
 Reference value :  2.84125e-06
 Reference value :  2.84332e-06
 Reference value :  2.84615e-06
 Reference value :  2.84976e-06
 Reference value :  2.85121e-06
 Reference value :  2.85515e-06
 Reference value :  2.86011e-06
 Reference value :  2.86406e-06
 Reference value :  2.87066e-06
 Reference value :  2.87826e-06
 Reference value :  2.88110e-06
 Reference value :  2.88301e-06
 Reference value :  2.88430e-06
 Reference value :  2.88911e-06
 Reference value :  2.89032e-06
 Reference value :  2.89255e-06
 Reference value :  2.89875e-06
 Reference value :  2.90183e-06
 Reference value :  2.90663e-06
 Reference value :  2.91021e-06
 Reference value :  2.91483e-06
 Reference value :  2.92000e-06
 Reference value :  2.92122e-06
 Reference value :  2.92320e-06
 Reference value :  2.92575e-06
 Reference value :  2.92930e-06
 Reference value :  2.93111e-06
 Reference value :  2.93415e-06
 Reference value :  2.94006e-06
 Reference value :  2.94486e-06
 Reference value :  2.95226e-06
 Reference value :  2.96001e-06
 Reference value :  2.96125e-06
 Reference value :  2.96332e-06
 Reference value :  2.96615e-06
 Reference value :  2.96958e-06
 Reference value :  2.97116e-06
 Reference value :  2.97495e-06
 Reference value :  2.98010e-06
 Reference value :  2.98384e-06
 Reference value :  2.98924e-06
 Reference value :  2.99209e-06
 Reference value :  2.99709e-06
 Reference value :  3.00075e-06
 Reference value :  3.00310e-06
 Reference value :  3.00575e-06
 Reference value :  3.00988e-06
 Reference value :  3.01140e-06
 Reference value :  3.01736e-06
 Reference value :  3.02164e-06
 Reference value :  3.02924e-06
 Reference value :  3.04006e-06
 Reference value :  3.04214e-06
 Reference value :  3.04425e-06
 Reference value :  3.04916e-06
 Reference value :  3.05110e-06
 Reference value :  3.05535e-06
 Reference value :  3.06106e-06
 Reference value :  3.06826e-06
 Reference value :  3.07666e-06
 Reference value :  3.08044e-06
 Reference value :  3.08300e-06
 Reference value :  3.08431e-06
 Reference value :  3.08892e-06
 Reference value :  3.09015e-06
 Reference value :  3.09195e-06
 Reference value :  3.09755e-06
 Reference value :  3.10123e-06
 Reference value :  3.10583e-06
 Reference value :  3.11010e-06
 Reference value :  3.11383e-06
 Reference value :  3.11923e-06
 Reference value :  3.12120e-06
 Reference value :  3.12315e-06
 Reference value :  3.12535e-06
 Reference value :  3.12921e-06
 Reference value :  3.13085e-06
 Reference value :  3.13375e-06
 Reference value :  3.14001e-06
 Reference value :  3.14446e-06
 Reference value :  3.15306e-06
 Reference value :  3.16001e-06
 Reference value :  3.16125e-06
 Reference value :  3.16332e-06
 Reference value :  3.16575e-06
 Reference value :  3.16942e-06
 Reference value :  3.17111e-06
 Reference value :  3.17415e-06
 Reference value :  3.18003e-06
 Reference value :  3.18344e-06
 Reference value :  3.18924e-06
 Reference value :  3.19189e-06
 Reference value :  3.19749e-06
 Reference value :  3.20075e-06
 Reference value :  3.20300e-06
 Reference value :  3.20425e-06
 Reference value :  3.20892e-06
 Reference value :  3.21015e-06
 Reference value :  3.21196e-06
 Reference value :  3.21676e-06
 Reference value :  3.22047e-06
 Reference value :  3.22504e-06
 Reference value :  3.23084e-06
 Reference value :  3.23824e-06
 Reference value :  3.24111e-06
 Reference value :  3.24306e-06
 Reference value :  3.24475e-06
 Reference value :  3.24916e-06
 Reference value :  3.25045e-06
 Reference value :  3.25275e-06
 Reference value :  3.25855e-06
 Reference value :  3.26246e-06
 Reference value :  3.26846e-06
 Reference value :  3.27546e-06
 Reference value :  3.28029e-06
 Reference value :  3.28255e-06
 Reference value :  3.28421e-06
 Reference value :  3.28835e-06
 Reference value :  3.29012e-06
 Reference value :  3.29215e-06
 Reference value :  3.29735e-06
 Reference value :  3.30143e-06
 Reference value :  3.30643e-06
 Reference value :  3.31012e-06
 Reference value :  3.31423e-06
 Reference value :  3.31943e-06
 Reference value :  3.32116e-06
 Reference value :  3.32310e-06
 Reference value :  3.32455e-06
 Reference value :  3.32913e-06
 Reference value :  3.33032e-06
 Reference value :  3.33295e-06
 Reference value :  3.33875e-06
 Reference value :  3.34226e-06
 Reference value :  3.34966e-06
 Reference value :  3.35706e-06
 Reference value :  3.36092e-06
 Reference value :  3.36303e-06
 Reference value :  3.36431e-06
 Reference value :  3.36913e-06
 Reference value :  3.37065e-06
 Reference value :  3.37415e-06
 Reference value :  3.38010e-06
 Reference value :  3.38524e-06
 Reference value :  3.39020e-06
 Reference value :  3.39569e-06
No. of Data Rows : 22418

  Measurements for Transient Analysis

twin_r              =  1.70641e-09 targ=  4.17564e-08 trig=  4.00500e-08
twin_f              =  1.67910e-09 targ=  2.41829e-07 trig=  2.40150e-07
tb_asrt             =   1.45747e-06
te_asrt             =   1.45747e-06
la_lvl              =  4.86039e-07 from=  3.06000e-06 to=  3.40000e-06
lb_lvl              =  2.97000e+00 from=  3.06000e-06 to=  3.40000e-06
lc_lvl              =  4.86046e-07 from=  3.06000e-06 to=  3.40000e-06
ld_lvl              =  4.86098e-07 from=  3.06000e-06 to=  3.40000e-06
le_lvl              =  4.87426e-07 from=  3.06000e-06 to=  3.40000e-06
va_lvl              =  3.67364e-02 from=  3.06000e-06 to=  3.40000e-06
te_deas             =   2.40507e-06
le_pre              =  2.97000e+00 from=  2.16000e-06 to=  2.40001e-06
iavg                =  -1.90981e-04 from=  1.70000e-06 to=  3.40000e-06

ngspice-46 done

Warning: m=xx on .subckt line will override multiplier m hierarchy!


Error: measure  ta_asrt  when(WHEN) : out of interval
 .measure tran ta_asrt when v(locka)=    1.485000000000000e+00     rise=1 failed!


Error: measure  tc_asrt  when(WHEN) : out of interval
 .measure tran tc_asrt when v(lockc)=    1.485000000000000e+00     rise=1 failed!


Error: measure  td_asrt  when(WHEN) : out of interval
 .measure tran td_asrt when v(lockd)=    1.485000000000000e+00     rise=1 failed!

