
Note: Compatibility modes selected: hs a


Circuit: * lock-detector @ ff_125c_2.97v_e2.0n_c11 -- generated by sim/harness, do not edit

Doing analysis at TEMP = 125.000000 and TNOM = 27.000000

Using SPARSE 1.3 as Direct Linear Solver

Initial Transient Solution
--------------------------

Node                                   Voltage
----                                   -------
vdd                                       2.97
ldt0                                      2.97
ldt1                                      2.97
ldt2                                         0
ldt3                                      2.97
upa                                          0
dna                                          0
xa.xerr.n1                                2.97
xa.xerr.xg1.nmid                      0.086084
xa.xerr.n2                             2.96999
xa.xerr.xg2.nmid                   2.96213e-06
xa.xerr.n3                             2.96999
xa.xerr.xg3.nmid                   2.96213e-06
xa.err                             9.75055e-07
xa.xerr.xg4.nmid                   4.87527e-07
xa.xdly.t0b                         4.8567e-07
xa.xdly.t1b                         4.8567e-07
xa.xdly.t2b                               2.97
xa.xdly.t3b                         4.8567e-07
xa.xdly.d1                             2.96999
xa.xdly.s10                            2.96999
xa.xdly.s11                            2.96999
xa.xdly.s12                        4.86334e-06
xa.xdly.s13                            2.96999
xa.xdly.d2                         5.27184e-07
xa.xdly.s20                        5.47404e-07
xa.xdly.s21                        5.39524e-07
xa.xdly.s22                        1.07613e-08
xa.xdly.s23                         5.3064e-07
xa.xdly.d3                             2.96999
xa.xdly.s30                            2.96999
xa.xdly.s31                            2.96999
xa.xdly.s32                        4.86334e-06
xa.xdly.s33                            2.96999
xa.errd                            5.27184e-07
xa.xdly.s40                        5.47404e-07
xa.xdly.s41                        5.39524e-07
xa.xdly.s42                        1.07613e-08
xa.xdly.s43                         5.3064e-07
xa.wideb                                  2.97
xa.xnw.nmid                          0.0860843
xa.wide                            4.85673e-07
vwina                                        0
xa.xsch.p1                                2.97
xa.lockb                                  2.97
xa.xsch.n1                             2.54061
locka                              4.85673e-07
upb                                          0
dnb                                          0
xb.xerr.n1                                2.97
xb.xerr.xg1.nmid                      0.086084
xb.xerr.n2                             2.96999
xb.xerr.xg2.nmid                   2.96213e-06
xb.xerr.n3                             2.96999
xb.xerr.xg3.nmid                   2.96213e-06
xb.err                             9.75055e-07
xb.xerr.xg4.nmid                   4.87527e-07
xb.xdly.t0b                         4.8567e-07
xb.xdly.t1b                         4.8567e-07
xb.xdly.t2b                               2.97
xb.xdly.t3b                         4.8567e-07
xb.xdly.d1                             2.96999
xb.xdly.s10                            2.96999
xb.xdly.s11                            2.96999
xb.xdly.s12                        4.86334e-06
xb.xdly.s13                            2.96999
xb.xdly.d2                         5.27184e-07
xb.xdly.s20                        5.47404e-07
xb.xdly.s21                        5.39524e-07
xb.xdly.s22                        1.07613e-08
xb.xdly.s23                         5.3064e-07
xb.xdly.d3                             2.96999
xb.xdly.s30                            2.96999
xb.xdly.s31                            2.96999
xb.xdly.s32                        4.86334e-06
xb.xdly.s33                            2.96999
xb.errd                            5.27184e-07
xb.xdly.s40                        5.47404e-07
xb.xdly.s41                        5.39524e-07
xb.xdly.s42                        1.07613e-08
xb.xdly.s43                         5.3064e-07
xb.wideb                                  2.97
xb.xnw.nmid                          0.0860843
xb.wide                            4.85673e-07
vwinb                                        0
xb.xsch.p1                                2.97
xb.lockb                                  2.97
xb.xsch.n1                             2.54061
lockb                              4.85673e-07
upc                                          0
dnc                                          0
xc.xerr.n1                                2.97
xc.xerr.xg1.nmid                      0.086084
xc.xerr.n2                             2.96999
xc.xerr.xg2.nmid                   2.96213e-06
xc.xerr.n3                             2.96999
xc.xerr.xg3.nmid                   2.96213e-06
xc.err                             9.75055e-07
xc.xerr.xg4.nmid                   4.87527e-07
xc.xdly.t0b                         4.8567e-07
xc.xdly.t1b                         4.8567e-07
xc.xdly.t2b                               2.97
xc.xdly.t3b                         4.8567e-07
xc.xdly.d1                             2.96999
xc.xdly.s10                            2.96999
xc.xdly.s11                            2.96999
xc.xdly.s12                        4.86334e-06
xc.xdly.s13                            2.96999
xc.xdly.d2                         5.27184e-07
xc.xdly.s20                        5.47404e-07
xc.xdly.s21                        5.39524e-07
xc.xdly.s22                        1.07613e-08
xc.xdly.s23                         5.3064e-07
xc.xdly.d3                             2.96999
xc.xdly.s30                            2.96999
xc.xdly.s31                            2.96999
xc.xdly.s32                        4.86334e-06
xc.xdly.s33                            2.96999
xc.errd                            5.27184e-07
xc.xdly.s40                        5.47404e-07
xc.xdly.s41                        5.39524e-07
xc.xdly.s42                        1.07613e-08
xc.xdly.s43                         5.3064e-07
xc.wideb                                  2.97
xc.xnw.nmid                          0.0860843
xc.wide                            4.85673e-07
vwinc                                        0
xc.xsch.p1                                2.97
xc.lockb                                  2.97
xc.xsch.n1                             2.54061
lockc                              4.85673e-07
upd                                          0
dnd                                          0
xd.xerr.n1                                2.97
xd.xerr.xg1.nmid                      0.086084
xd.xerr.n2                             2.96999
xd.xerr.xg2.nmid                   2.96213e-06
xd.xerr.n3                             2.96999
xd.xerr.xg3.nmid                   2.96213e-06
xd.err                             9.75055e-07
xd.xerr.xg4.nmid                   4.87527e-07
xd.xdly.t0b                         4.8567e-07
xd.xdly.t1b                         4.8567e-07
xd.xdly.t2b                               2.97
xd.xdly.t3b                         4.8567e-07
xd.xdly.d1                             2.96999
xd.xdly.s10                            2.96999
xd.xdly.s11                            2.96999
xd.xdly.s12                        4.86334e-06
xd.xdly.s13                            2.96999
xd.xdly.d2                         5.27184e-07
xd.xdly.s20                        5.47404e-07
xd.xdly.s21                        5.39524e-07
xd.xdly.s22                        1.07613e-08
xd.xdly.s23                         5.3064e-07
xd.xdly.d3                             2.96999
xd.xdly.s30                            2.96999
xd.xdly.s31                            2.96999
xd.xdly.s32                        4.86334e-06
xd.xdly.s33                            2.96999
xd.errd                            5.27184e-07
xd.xdly.s40                        5.47404e-07
xd.xdly.s41                        5.39524e-07
xd.xdly.s42                        1.07613e-08
xd.xdly.s43                         5.3064e-07
xd.wideb                                  2.97
xd.xnw.nmid                          0.0860843
xd.wide                            4.85673e-07
vwind                                        0
xd.xsch.p1                                2.97
xd.lockb                                  2.97
xd.xsch.n1                             2.54061
lockd                              4.85673e-07
upe1                                         0
upe2                                         0
upe1n                                     2.97
upe2n                                     2.97
upe                                9.74986e-07
xoe3.nmid                          4.87493e-07
dne                                          0
xe.xerr.n1                                2.97
xe.xerr.xg1.nmid                     0.0860846
xe.xerr.n2                             2.96999
xe.xerr.xg2.nmid                   2.96219e-06
xe.xerr.n3                             2.96999
xe.xerr.xg3.nmid                   2.96213e-06
xe.err                             9.75055e-07
xe.xerr.xg4.nmid                   4.87527e-07
xe.xdly.t0b                         4.8567e-07
xe.xdly.t1b                         4.8567e-07
xe.xdly.t2b                               2.97
xe.xdly.t3b                         4.8567e-07
xe.xdly.d1                             2.96999
xe.xdly.s10                            2.96999
xe.xdly.s11                            2.96999
xe.xdly.s12                        4.86334e-06
xe.xdly.s13                            2.96999
xe.xdly.d2                         5.27184e-07
xe.xdly.s20                        5.47404e-07
xe.xdly.s21                        5.39524e-07
xe.xdly.s22                        1.07613e-08
xe.xdly.s23                         5.3064e-07
xe.xdly.d3                             2.96999
xe.xdly.s30                            2.96999
xe.xdly.s31                            2.96999
xe.xdly.s32                        4.86334e-06
xe.xdly.s33                            2.96999
xe.errd                            5.27184e-07
xe.xdly.s40                        5.47404e-07
xe.xdly.s41                        5.39524e-07
xe.xdly.s42                        1.07613e-08
xe.xdly.s43                         5.3064e-07
xe.wideb                                  2.97
xe.xnw.nmid                          0.0860843
xe.wide                            4.85673e-07
vwine                                        0
xe.xsch.p1                                2.97
xe.lockb                                  2.97
xe.xsch.n1                             2.54061
locke                              4.85673e-07
wstep                                        0
xw.t0b                              4.8567e-07
xw.t1b                              4.8567e-07
xw.t2b                                    2.97
xw.t3b                              4.8567e-07
xw.d1                                  2.96999
xw.s10                                 2.96999
xw.s11                                 2.96999
xw.s12                             4.86334e-06
xw.s13                                 2.96999
xw.d2                              5.27184e-07
xw.s20                             5.47404e-07
xw.s21                             5.39524e-07
xw.s22                             1.07613e-08
xw.s23                              5.3064e-07
xw.d3                                  2.96999
xw.s30                                 2.96999
xw.s31                                 2.96999
xw.s32                             4.86334e-06
xw.s33                                 2.96999
wout                               5.27184e-07
xw.s40                             5.47404e-07
xw.s41                             5.39524e-07
xw.s42                             1.07613e-08
xw.s43                              5.3064e-07
vwstep#branch                                0
vdne#branch                                  0
vupe2#branch                                 0
vupe1#branch                                 0
vdnd#branch                                  0
vupd#branch                                  0
vdnc#branch                                  0
vupc#branch                                  0
vdnb#branch                                  0
vupb#branch                                  0
vdna#branch                                  0
vupa#branch                                  0
vt3#branch                                   0
vt2#branch                                   0
vt1#branch                                   0
vt0#branch                                   0
vdd#branch                        -3.65869e-06

 Reference value :  0.00000e+00
 Reference value :  8.45600e-09
 Reference value :  1.82560e-08
 Reference value :  2.78560e-08
 Reference value :  3.82560e-08
 Reference value :  4.15512e-08
 Reference value :  4.35483e-08
 Reference value :  5.00650e-08
 Reference value :  5.25485e-08
 Reference value :  6.01000e-08
 Reference value :  6.60521e-08
 Reference value :  7.58521e-08
 Reference value :  8.11650e-08
 Reference value :  8.32000e-08
 Reference value :  8.89410e-08
 Reference value :  9.15485e-08
 Reference value :  9.95485e-08
 Reference value :  1.04435e-07
 Reference value :  1.10107e-07
 Reference value :  1.16033e-07
 Reference value :  1.20780e-07
 Reference value :  1.23165e-07
 Reference value :  1.28948e-07
 Reference value :  1.31549e-07
 Reference value :  1.39149e-07
 Reference value :  1.45856e-07
 Reference value :  1.56256e-07
 Reference value :  1.61110e-07
 Reference value :  1.63165e-07
 Reference value :  1.70010e-07
 Reference value :  1.73149e-07
 Reference value :  1.80149e-07
 Reference value :  1.86641e-07
 Reference value :  1.92090e-07
 Reference value :  2.00149e-07
 Reference value :  2.03207e-07
 Reference value :  2.10100e-07
 Reference value :  2.13360e-07
 Reference value :  2.20107e-07
 Reference value :  2.28041e-07
 Reference value :  2.40010e-07
 Reference value :  2.41877e-07
 Reference value :  2.44148e-07
 Reference value :  2.50205e-07
 Reference value :  2.55949e-07
 Reference value :  2.63656e-07
 Reference value :  2.74656e-07
 Reference value :  2.81130e-07
 Reference value :  2.83165e-07
 Reference value :  2.89348e-07
 Reference value :  2.92549e-07
 Reference value :  3.00100e-07
 Reference value :  3.05435e-07
 Reference value :  3.10462e-07
 Reference value :  3.17833e-07
 Reference value :  3.21305e-07
 Reference value :  3.23548e-07
 Reference value :  3.30121e-07
 Reference value :  3.34749e-07
 Reference value :  3.40456e-07
 Reference value :  3.50256e-07
 Reference value :  3.59828e-07
 Reference value :  3.62010e-07
 Reference value :  3.64748e-07
 Reference value :  3.70446e-07
 Reference value :  3.74749e-07
 Reference value :  3.80841e-07
 Reference value :  3.87641e-07
 Reference value :  3.91890e-07
 Reference value :  3.98890e-07
 Reference value :  4.01249e-07
 Reference value :  4.03207e-07
 Reference value :  4.10010e-07
 Reference value :  4.13160e-07
 Reference value :  4.20467e-07
 Reference value :  4.28041e-07
 Reference value :  4.40100e-07
 Reference value :  4.42446e-07
 Reference value :  4.47148e-07
 Reference value :  4.51200e-07
 Reference value :  4.57149e-07
 Reference value :  4.66856e-07
 Reference value :  4.79056e-07
 Reference value :  4.82000e-07
 Reference value :  4.84748e-07
 Reference value :  4.90317e-07
 Reference value :  4.95149e-07
 Reference value :  5.00835e-07
 Reference value :  5.07035e-07
 Reference value :  5.11833e-07
 Reference value :  5.18633e-07
 Reference value :  5.21402e-07
 Reference value :  5.23548e-07
 Reference value :  5.30121e-07
 Reference value :  5.33749e-07
 Reference value :  5.40107e-07
 Reference value :  5.47856e-07
 Reference value :  5.58056e-07
 Reference value :  5.61249e-07
 Reference value :  5.63221e-07
 Reference value :  5.69148e-07
 Reference value :  5.71749e-07
 Reference value :  5.78749e-07
 Reference value :  5.83441e-07
 Reference value :  5.89821e-07
 Reference value :  5.93490e-07
 Reference value :  6.00107e-07
 Reference value :  6.02065e-07
 Reference value :  6.04948e-07
 Reference value :  6.10205e-07
 Reference value :  6.13160e-07
 Reference value :  6.19880e-07
 Reference value :  6.25241e-07
 Reference value :  6.32641e-07
 Reference value :  6.40107e-07
 Reference value :  6.42065e-07
 Reference value :  6.44948e-07
 Reference value :  6.50317e-07
 Reference value :  6.54349e-07
 Reference value :  6.60205e-07
 Reference value :  6.66656e-07
 Reference value :  6.76056e-07
 Reference value :  6.81100e-07
 Reference value :  6.83100e-07
 Reference value :  6.87548e-07
 Reference value :  6.91249e-07
 Reference value :  6.97949e-07
 Reference value :  7.02435e-07
 Reference value :  7.08835e-07
 Reference value :  7.12633e-07
 Reference value :  7.19233e-07
 Reference value :  7.21249e-07
 Reference value :  7.23221e-07
 Reference value :  7.30010e-07
 Reference value :  7.32549e-07
 Reference value :  7.40030e-07
 Reference value :  7.47056e-07
 Reference value :  7.56656e-07
 Reference value :  7.61110e-07
 Reference value :  7.62973e-07
 Reference value :  7.67148e-07
 Reference value :  7.71110e-07
 Reference value :  7.75549e-07
 Reference value :  7.81041e-07
 Reference value :  7.87441e-07
 Reference value :  7.91690e-07
 Reference value :  7.97890e-07
 Reference value :  8.01221e-07
 Reference value :  8.03200e-07
 Reference value :  8.08348e-07
 Reference value :  8.11305e-07
 Reference value :  8.16960e-07
 Reference value :  8.21241e-07
 Reference value :  8.27841e-07
 Reference value :  8.36041e-07
 Reference value :  8.40934e-07
 Reference value :  8.42646e-07
 Reference value :  8.46548e-07
 Reference value :  8.51100e-07
 Reference value :  8.55149e-07
 Reference value :  8.60856e-07
 Reference value :  8.69456e-07
 Reference value :  8.78456e-07
 Reference value :  8.81249e-07
 Reference value :  8.83221e-07
 Reference value :  8.88548e-07
 Reference value :  8.91249e-07
 Reference value :  8.98149e-07
 Reference value :  9.02435e-07
 Reference value :  9.08635e-07
 Reference value :  9.12433e-07
 Reference value :  9.19233e-07
 Reference value :  9.21401e-07
 Reference value :  9.23249e-07
 Reference value :  9.29548e-07
 Reference value :  9.31749e-07
 Reference value :  9.38749e-07
 Reference value :  9.44856e-07
 Reference value :  9.54056e-07
 Reference value :  9.60302e-07
 Reference value :  9.62149e-07
 Reference value :  9.65548e-07
 Reference value :  9.70446e-07
 Reference value :  9.74149e-07
 Reference value :  9.80205e-07
 Reference value :  9.86241e-07
 Reference value :  9.90494e-07
 Reference value :  9.96290e-07
 Reference value :  1.00111e-06
 Reference value :  1.00310e-06
 Reference value :  1.00794e-06
 Reference value :  1.01120e-06
 Reference value :  1.01616e-06
 Reference value :  1.02084e-06
 Reference value :  1.02724e-06
 Reference value :  1.03504e-06
 Reference value :  1.04077e-06
 Reference value :  1.04245e-06
 Reference value :  1.04635e-06
 Reference value :  1.05097e-06
 Reference value :  1.05535e-06
 Reference value :  1.06086e-06
 Reference value :  1.06846e-06
 Reference value :  1.07766e-06
 Reference value :  1.08120e-06
 Reference value :  1.08317e-06
 Reference value :  1.08795e-06
 Reference value :  1.09121e-06
 Reference value :  1.09655e-06
 Reference value :  1.10143e-06
 Reference value :  1.10723e-06
 Reference value :  1.11123e-06
 Reference value :  1.11763e-06
 Reference value :  1.12111e-06
 Reference value :  1.12297e-06
 Reference value :  1.12695e-06
 Reference value :  1.13110e-06
 Reference value :  1.13535e-06
 Reference value :  1.14066e-06
 Reference value :  1.14966e-06
 Reference value :  1.15886e-06
 Reference value :  1.16125e-06
 Reference value :  1.16331e-06
 Reference value :  1.16975e-06
 Reference value :  1.17175e-06
 Reference value :  1.17895e-06
 Reference value :  1.18344e-06
 Reference value :  1.18982e-06
 Reference value :  1.19409e-06
 Reference value :  1.20012e-06
 Reference value :  1.20206e-06
 Reference value :  1.20475e-06
 Reference value :  1.21012e-06
 Reference value :  1.21316e-06
 Reference value :  1.22001e-06
 Reference value :  1.22464e-06
 Reference value :  1.23124e-06
 Reference value :  1.24003e-06
 Reference value :  1.24200e-06
 Reference value :  1.24535e-06
 Reference value :  1.25045e-06
 Reference value :  1.25435e-06
 Reference value :  1.26015e-06
 Reference value :  1.26666e-06
 Reference value :  1.27666e-06
 Reference value :  1.28117e-06
 Reference value :  1.28311e-06
 Reference value :  1.28795e-06
 Reference value :  1.29122e-06
 Reference value :  1.29715e-06
 Reference value :  1.30263e-06
 Reference value :  1.30903e-06
 Reference value :  1.31263e-06
 Reference value :  1.31903e-06
 Reference value :  1.32125e-06
 Reference value :  1.32435e-06
 Reference value :  1.33015e-06
 Reference value :  1.33375e-06
 Reference value :  1.34020e-06
 Reference value :  1.34846e-06
 Reference value :  1.35786e-06
 Reference value :  1.36125e-06
 Reference value :  1.36321e-06
 Reference value :  1.36895e-06
 Reference value :  1.37155e-06
 Reference value :  1.37895e-06
 Reference value :  1.38344e-06
 Reference value :  1.39006e-06
 Reference value :  1.39593e-06
 Reference value :  1.40120e-06
 Reference value :  1.40320e-06
 Reference value :  1.40875e-06
 Reference value :  1.41131e-06
 Reference value :  1.41716e-06
 Reference value :  1.42144e-06
 Reference value :  1.42784e-06
 Reference value :  1.43624e-06
 Reference value :  1.44131e-06
 Reference value :  1.44495e-06
 Reference value :  1.45085e-06
 Reference value :  1.45595e-06
 Reference value :  1.46066e-06
 Reference value :  1.46946e-06
 Reference value :  1.48007e-06
 Reference value :  1.48203e-06
 Reference value :  1.48495e-06
 Reference value :  1.49020e-06
 Reference value :  1.49395e-06
 Reference value :  1.50020e-06
 Reference value :  1.50543e-06
 Reference value :  1.51020e-06
 Reference value :  1.51603e-06
 Reference value :  1.52044e-06
 Reference value :  1.52232e-06
 Reference value :  1.52615e-06
 Reference value :  1.53065e-06
 Reference value :  1.53495e-06
 Reference value :  1.54066e-06
 Reference value :  1.54986e-06
 Reference value :  1.55906e-06
 Reference value :  1.56131e-06
 Reference value :  1.56331e-06
 Reference value :  1.57001e-06
 Reference value :  1.57215e-06
 Reference value :  1.57935e-06
 Reference value :  1.58384e-06
 Reference value :  1.59001e-06
 Reference value :  1.59409e-06
 Reference value :  1.60015e-06
 Reference value :  1.60210e-06
 Reference value :  1.60495e-06
 Reference value :  1.61020e-06
 Reference value :  1.61316e-06
 Reference value :  1.61988e-06
 Reference value :  1.62424e-06
 Reference value :  1.63084e-06
 Reference value :  1.63982e-06
 Reference value :  1.64175e-06
 Reference value :  1.64340e-06
 Reference value :  1.65001e-06
 Reference value :  1.65215e-06
 Reference value :  1.65935e-06
 Reference value :  1.66406e-06
 Reference value :  1.67266e-06
 Reference value :  1.68011e-06
 Reference value :  1.68203e-06
 Reference value :  1.68435e-06
 Reference value :  1.69011e-06
 Reference value :  1.69335e-06
 Reference value :  1.70011e-06
 Reference value :  1.70563e-06
 Reference value :  1.71032e-06
 Reference value :  1.71683e-06
 Reference value :  1.72110e-06
 Reference value :  1.72310e-06
 Reference value :  1.72795e-06
 Reference value :  1.73122e-06
 Reference value :  1.73755e-06
 Reference value :  1.74406e-06
 Reference value :  1.75366e-06
 Reference value :  1.76030e-06
 Reference value :  1.76220e-06
 Reference value :  1.76615e-06
 Reference value :  1.77097e-06
 Reference value :  1.77555e-06
 Reference value :  1.78144e-06
 Reference value :  1.78824e-06
 Reference value :  1.79229e-06
 Reference value :  1.79969e-06
 Reference value :  1.80175e-06
 Reference value :  1.80395e-06
 Reference value :  1.81006e-06
 Reference value :  1.81216e-06
 Reference value :  1.81876e-06
 Reference value :  1.82504e-06
 Reference value :  1.83144e-06
 Reference value :  1.84001e-06
 Reference value :  1.84188e-06
 Reference value :  1.84355e-06
 Reference value :  1.85001e-06
 Reference value :  1.85235e-06
 Reference value :  1.85987e-06
 Reference value :  1.86426e-06
 Reference value :  1.87426e-06
 Reference value :  1.88044e-06
 Reference value :  1.88220e-06
 Reference value :  1.88595e-06
 Reference value :  1.89065e-06
 Reference value :  1.89495e-06
 Reference value :  1.90103e-06
 Reference value :  1.90703e-06
 Reference value :  1.91123e-06
 Reference value :  1.91723e-06
 Reference value :  1.92111e-06
 Reference value :  1.92297e-06
 Reference value :  1.92695e-06
 Reference value :  1.93111e-06
 Reference value :  1.93554e-06
 Reference value :  1.94086e-06
 Reference value :  1.95006e-06
 Reference value :  1.95946e-06
 Reference value :  1.96140e-06
 Reference value :  1.96330e-06
 Reference value :  1.96987e-06
 Reference value :  1.97254e-06
 Reference value :  1.98003e-06
 Reference value :  1.98524e-06
 Reference value :  1.99032e-06
 Reference value :  1.99649e-06
 Reference value :  2.00120e-06
 Reference value :  2.00316e-06
 Reference value :  2.00835e-06
 Reference value :  2.01125e-06
 Reference value :  2.01716e-06
 Reference value :  2.02164e-06
 Reference value :  2.02784e-06
 Reference value :  2.03564e-06
 Reference value :  2.04093e-06
 Reference value :  2.04265e-06
 Reference value :  2.04735e-06
 Reference value :  2.05113e-06
 Reference value :  2.05575e-06
 Reference value :  2.06126e-06
 Reference value :  2.06926e-06
 Reference value :  2.07946e-06
 Reference value :  2.08140e-06
 Reference value :  2.08330e-06
 Reference value :  2.08975e-06
 Reference value :  2.09175e-06
 Reference value :  2.09875e-06
 Reference value :  2.10263e-06
 Reference value :  2.10903e-06
 Reference value :  2.11323e-06
 Reference value :  2.11982e-06
 Reference value :  2.12155e-06
 Reference value :  2.12330e-06
 Reference value :  2.13001e-06
 Reference value :  2.13215e-06
 Reference value :  2.13935e-06
 Reference value :  2.14506e-06
 Reference value :  2.15466e-06
 Reference value :  2.16042e-06
 Reference value :  2.16232e-06
 Reference value :  2.16695e-06
 Reference value :  2.17111e-06
 Reference value :  2.17575e-06
 Reference value :  2.18144e-06
 Reference value :  2.18784e-06
 Reference value :  2.19189e-06
 Reference value :  2.19869e-06
 Reference value :  2.20122e-06
 Reference value :  2.20320e-06
 Reference value :  2.20875e-06
 Reference value :  2.21156e-06
 Reference value :  2.21796e-06
 Reference value :  2.22304e-06
 Reference value :  2.23004e-06
 Reference value :  2.23944e-06
 Reference value :  2.24155e-06
 Reference value :  2.24340e-06
 Reference value :  2.25001e-06
 Reference value :  2.25215e-06
 Reference value :  2.25935e-06
 Reference value :  2.26405e-06
 Reference value :  2.27305e-06
 Reference value :  2.28015e-06
 Reference value :  2.28210e-06
 Reference value :  2.28495e-06
 Reference value :  2.29015e-06
 Reference value :  2.29415e-06
 Reference value :  2.30015e-06
 Reference value :  2.30503e-06
 Reference value :  2.31011e-06
 Reference value :  2.31583e-06
 Reference value :  2.32044e-06
 Reference value :  2.32220e-06
 Reference value :  2.32595e-06
 Reference value :  2.33045e-06
 Reference value :  2.33455e-06
 Reference value :  2.34020e-06
 Reference value :  2.34926e-06
 Reference value :  2.36001e-06
 Reference value :  2.36200e-06
 Reference value :  2.36395e-06
 Reference value :  2.37010e-06
 Reference value :  2.37395e-06
 Reference value :  2.38012e-06
 Reference value :  2.38584e-06
 Reference value :  2.39049e-06
 Reference value :  2.39629e-06
 Reference value :  2.40075e-06
 Reference value :  2.40265e-06
 Reference value :  2.40675e-06
 Reference value :  2.41011e-06
 Reference value :  2.41256e-06
 Reference value :  2.41856e-06
 Reference value :  2.42304e-06
 Reference value :  2.42944e-06
 Reference value :  2.43784e-06
 Reference value :  2.44125e-06
 Reference value :  2.44321e-06
 Reference value :  2.44891e-06
 Reference value :  2.45088e-06
 Reference value :  2.45494e-06
 Reference value :  2.46030e-06
 Reference value :  2.46766e-06
 Reference value :  2.47666e-06
 Reference value :  2.48111e-06
 Reference value :  2.48297e-06
 Reference value :  2.48714e-06
 Reference value :  2.49015e-06
 Reference value :  2.49355e-06
 Reference value :  2.50011e-06
 Reference value :  2.50483e-06
 Reference value :  2.51012e-06
 Reference value :  2.51523e-06
 Reference value :  2.52015e-06
 Reference value :  2.52210e-06
 Reference value :  2.52474e-06
 Reference value :  2.52958e-06
 Reference value :  2.53140e-06
 Reference value :  2.53855e-06
 Reference value :  2.54426e-06
 Reference value :  2.55326e-06
 Reference value :  2.56015e-06
 Reference value :  2.56207e-06
 Reference value :  2.56474e-06
 Reference value :  2.56942e-06
 Reference value :  2.57125e-06
 Reference value :  2.57695e-06
 Reference value :  2.58224e-06
 Reference value :  2.58884e-06
 Reference value :  2.59289e-06
 Reference value :  2.60001e-06
 Reference value :  2.60175e-06
 Reference value :  2.60374e-06
 Reference value :  2.60925e-06
 Reference value :  2.61111e-06
 Reference value :  2.61456e-06
 Reference value :  2.62001e-06
 Reference value :  2.62364e-06
 Reference value :  2.62964e-06
 Reference value :  2.63804e-06
 Reference value :  2.64125e-06
 Reference value :  2.64321e-06
 Reference value :  2.64854e-06
 Reference value :  2.65097e-06
 Reference value :  2.65535e-06
 Reference value :  2.66166e-06
 Reference value :  2.66966e-06
 Reference value :  2.67966e-06
 Reference value :  2.68215e-06
 Reference value :  2.68434e-06
 Reference value :  2.68920e-06
 Reference value :  2.69068e-06
 Reference value :  2.69334e-06
 Reference value :  2.69894e-06
 Reference value :  2.70183e-06
 Reference value :  2.70643e-06
 Reference value :  2.71015e-06
 Reference value :  2.71423e-06
 Reference value :  2.71923e-06
 Reference value :  2.72120e-06
 Reference value :  2.72265e-06
 Reference value :  2.72554e-06
 Reference value :  2.72931e-06
 Reference value :  2.73110e-06
 Reference value :  2.73415e-06
 Reference value :  2.74003e-06
 Reference value :  2.74486e-06
 Reference value :  2.75206e-06
 Reference value :  2.75983e-06
 Reference value :  2.76125e-06
 Reference value :  2.76297e-06
 Reference value :  2.76634e-06
 Reference value :  2.76976e-06
 Reference value :  2.77121e-06
 Reference value :  2.77535e-06
 Reference value :  2.78015e-06
 Reference value :  2.78464e-06
 Reference value :  2.78964e-06
 Reference value :  2.79229e-06
 Reference value :  2.79749e-06
 Reference value :  2.80092e-06
 Reference value :  2.80215e-06
 Reference value :  2.80534e-06
 Reference value :  2.80922e-06
 Reference value :  2.81083e-06
 Reference value :  2.81336e-06
 Reference value :  2.81876e-06
 Reference value :  2.82244e-06
 Reference value :  2.82864e-06
 Reference value :  2.83564e-06
 Reference value :  2.84029e-06
 Reference value :  2.84201e-06
 Reference value :  2.84374e-06
 Reference value :  2.84921e-06
 Reference value :  2.85110e-06
 Reference value :  2.85395e-06
 Reference value :  2.86001e-06
 Reference value :  2.86346e-06
 Reference value :  2.87026e-06
 Reference value :  2.87886e-06
 Reference value :  2.88116e-06
 Reference value :  2.88232e-06
 Reference value :  2.88434e-06
 Reference value :  2.88916e-06
 Reference value :  2.89032e-06
 Reference value :  2.89275e-06
 Reference value :  2.89835e-06
 Reference value :  2.90143e-06
 Reference value :  2.90643e-06
 Reference value :  2.91011e-06
 Reference value :  2.91443e-06
 Reference value :  2.91982e-06
 Reference value :  2.92122e-06
 Reference value :  2.92285e-06
 Reference value :  2.92554e-06
 Reference value :  2.92942e-06
 Reference value :  2.93120e-06
 Reference value :  2.93475e-06
 Reference value :  2.94006e-06
 Reference value :  2.94506e-06
 Reference value :  2.95286e-06
 Reference value :  2.96000e-06
 Reference value :  2.96122e-06
 Reference value :  2.96265e-06
 Reference value :  2.96554e-06
 Reference value :  2.96925e-06
 Reference value :  2.97110e-06
 Reference value :  2.97415e-06
 Reference value :  2.98003e-06
 Reference value :  2.98344e-06
 Reference value :  2.98904e-06
 Reference value :  2.99209e-06
 Reference value :  2.99729e-06
 Reference value :  3.00075e-06
 Reference value :  3.00210e-06
 Reference value :  3.00355e-06
 Reference value :  3.00874e-06
 Reference value :  3.01012e-06
 Reference value :  3.01156e-06
 Reference value :  3.01716e-06
 Reference value :  3.02144e-06
 Reference value :  3.02764e-06
 Reference value :  3.03524e-06
 Reference value :  3.04094e-06
 Reference value :  3.04265e-06
 Reference value :  3.04654e-06
 Reference value :  3.05045e-06
 Reference value :  3.05695e-06
 Reference value :  3.06206e-06
 Reference value :  3.06986e-06
 Reference value :  3.07866e-06
 Reference value :  3.08131e-06
 Reference value :  3.08322e-06
 Reference value :  3.08892e-06
 Reference value :  3.09065e-06
 Reference value :  3.09375e-06
 Reference value :  3.09975e-06
 Reference value :  3.10263e-06
 Reference value :  3.10803e-06
 Reference value :  3.11083e-06
 Reference value :  3.11583e-06
 Reference value :  3.12010e-06
 Reference value :  3.12155e-06
 Reference value :  3.12317e-06
 Reference value :  3.12654e-06
 Reference value :  3.12988e-06
 Reference value :  3.13125e-06
 Reference value :  3.13555e-06
 Reference value :  3.14015e-06
 Reference value :  3.14666e-06
 Reference value :  3.15406e-06
 Reference value :  3.16006e-06
 Reference value :  3.16140e-06
 Reference value :  3.16313e-06
 Reference value :  3.16694e-06
 Reference value :  3.17000e-06
 Reference value :  3.17155e-06
 Reference value :  3.17655e-06
 Reference value :  3.18064e-06
 Reference value :  3.18564e-06
 Reference value :  3.19010e-06
 Reference value :  3.19369e-06
 Reference value :  3.19949e-06
 Reference value :  3.20120e-06
 Reference value :  3.20265e-06
 Reference value :  3.20534e-06
 Reference value :  3.20942e-06
 Reference value :  3.21110e-06
 Reference value :  3.21436e-06
 Reference value :  3.21988e-06
 Reference value :  3.22284e-06
 Reference value :  3.22784e-06
 Reference value :  3.23384e-06
 Reference value :  3.24006e-06
 Reference value :  3.24140e-06
 Reference value :  3.24313e-06
 Reference value :  3.24714e-06
 Reference value :  3.25000e-06
 Reference value :  3.25155e-06
 Reference value :  3.25675e-06
 Reference value :  3.26086e-06
 Reference value :  3.26646e-06
 Reference value :  3.27426e-06
 Reference value :  3.28011e-06
 Reference value :  3.28155e-06
 Reference value :  3.28313e-06
 Reference value :  3.28634e-06
 Reference value :  3.28976e-06
 Reference value :  3.29120e-06
 Reference value :  3.29475e-06
 Reference value :  3.30015e-06
 Reference value :  3.30403e-06
 Reference value :  3.30943e-06
 Reference value :  3.31203e-06
 Reference value :  3.31743e-06
 Reference value :  3.32041e-06
 Reference value :  3.32203e-06
 Reference value :  3.32355e-06
 Reference value :  3.32910e-06
 Reference value :  3.33020e-06
 Reference value :  3.33275e-06
 Reference value :  3.33875e-06
 Reference value :  3.34266e-06
 Reference value :  3.34986e-06
 Reference value :  3.35726e-06
 Reference value :  3.36056e-06
 Reference value :  3.36210e-06
 Reference value :  3.36374e-06
 Reference value :  3.36892e-06
 Reference value :  3.37015e-06
 Reference value :  3.37215e-06
 Reference value :  3.37755e-06
 Reference value :  3.38184e-06
 Reference value :  3.38704e-06
 Reference value :  3.39049e-06
 Reference value :  3.39529e-06
No. of Data Rows : 22418

  Measurements for Transient Analysis

twin_r              =  1.70604e-09 targ=  4.17560e-08 trig=  4.00500e-08
twin_f              =  1.67686e-09 targ=  2.41827e-07 trig=  2.40150e-07
tb_asrt             =   1.45747e-06
te_asrt             =   1.45747e-06
la_lvl              =  4.82305e-07 from=  3.06000e-06 to=  3.40000e-06
lb_lvl              =  2.97000e+00 from=  3.06000e-06 to=  3.40000e-06
lc_lvl              =  4.82253e-07 from=  3.06000e-06 to=  3.40000e-06
ld_lvl              =  4.84278e-07 from=  3.06000e-06 to=  3.40000e-06
le_lvl              =  4.86349e-07 from=  3.06000e-06 to=  3.40000e-06
va_lvl              =  8.70658e-02 from=  3.06000e-06 to=  3.40000e-06
te_deas             =   2.40506e-06
le_pre              =  2.97000e+00 from=  2.16000e-06 to=  2.40001e-06
iavg                =  -1.90222e-04 from=  1.70000e-06 to=  3.40000e-06

ngspice-46 done

Warning: m=xx on .subckt line will override multiplier m hierarchy!


Error: measure  ta_asrt  when(WHEN) : out of interval
 .measure tran ta_asrt when v(locka)=    1.485000000000000e+00     rise=1 failed!


Error: measure  tc_asrt  when(WHEN) : out of interval
 .measure tran tc_asrt when v(lockc)=    1.485000000000000e+00     rise=1 failed!


Error: measure  td_asrt  when(WHEN) : out of interval
 .measure tran td_asrt when v(lockd)=    1.485000000000000e+00     rise=1 failed!

