
Note: Compatibility modes selected: hs a


Circuit: * lock-detector @ fs_-40c_3.63v_e0.8n_c6 -- generated by sim/harness, do not edit

Doing analysis at TEMP = -40.000000 and TNOM = 27.000000

Using SPARSE 1.3 as Direct Linear Solver

Initial Transient Solution
--------------------------

Node                                   Voltage
----                                   -------
vdd                                       3.63
ldt0                                         0
ldt1                                      3.63
ldt2                                      3.63
ldt3                                         0
upa                                          0
dna                                          0
xa.xerr.n1                                3.63
xa.xerr.xg1.nmid                      0.012988
xa.xerr.n2                                3.63
xa.xerr.xg2.nmid                   2.87587e-11
xa.xerr.n3                                3.63
xa.xerr.xg3.nmid                   2.87587e-11
xa.err                             9.56718e-09
xa.xerr.xg4.nmid                   4.78359e-09
xa.xdly.t0b                               3.63
xa.xdly.t1b                        4.76684e-09
xa.xdly.t2b                        4.76684e-09
xa.xdly.t3b                               3.63
xa.xdly.d1                                3.63
xa.xdly.s10                        2.28261e-08
xa.xdly.s11                               3.63
xa.xdly.s12                               3.63
xa.xdly.s13                        3.87081e-09
xa.xdly.d2                         3.11706e-08
xa.xdly.s20                        2.25503e-08
xa.xdly.s21                        4.04174e-08
xa.xdly.s22                        3.60831e-08
xa.xdly.s23                        3.83108e-09
xa.xdly.d3                                3.63
xa.xdly.s30                        2.28261e-08
xa.xdly.s31                               3.63
xa.xdly.s32                               3.63
xa.xdly.s33                        3.87081e-09
xa.errd                            3.11706e-08
xa.xdly.s40                        2.25503e-08
xa.xdly.s41                        4.04174e-08
xa.xdly.s42                        3.60831e-08
xa.xdly.s43                        3.83108e-09
xa.wideb                                  3.63
xa.xnw.nmid                           0.012988
xa.wide                            4.76684e-09
vwina                                        0
xa.xsch.p1                                3.63
xa.lockb                                  3.63
xa.xsch.n1                             3.02278
locka                              4.76684e-09
upb                                          0
dnb                                          0
xb.xerr.n1                                3.63
xb.xerr.xg1.nmid                      0.012988
xb.xerr.n2                                3.63
xb.xerr.xg2.nmid                   2.87587e-11
xb.xerr.n3                                3.63
xb.xerr.xg3.nmid                   2.87587e-11
xb.err                             9.56718e-09
xb.xerr.xg4.nmid                   4.78359e-09
xb.xdly.t0b                               3.63
xb.xdly.t1b                        4.76684e-09
xb.xdly.t2b                        4.76684e-09
xb.xdly.t3b                               3.63
xb.xdly.d1                                3.63
xb.xdly.s10                        2.28261e-08
xb.xdly.s11                               3.63
xb.xdly.s12                               3.63
xb.xdly.s13                        3.87081e-09
xb.xdly.d2                         3.11706e-08
xb.xdly.s20                        2.25503e-08
xb.xdly.s21                        4.04174e-08
xb.xdly.s22                        3.60831e-08
xb.xdly.s23                        3.83108e-09
xb.xdly.d3                                3.63
xb.xdly.s30                        2.28261e-08
xb.xdly.s31                               3.63
xb.xdly.s32                               3.63
xb.xdly.s33                        3.87081e-09
xb.errd                            3.11706e-08
xb.xdly.s40                        2.25503e-08
xb.xdly.s41                        4.04174e-08
xb.xdly.s42                        3.60831e-08
xb.xdly.s43                        3.83108e-09
xb.wideb                                  3.63
xb.xnw.nmid                           0.012988
xb.wide                            4.76684e-09
vwinb                                        0
xb.xsch.p1                                3.63
xb.lockb                                  3.63
xb.xsch.n1                             3.02278
lockb                              4.76684e-09
upc                                          0
dnc                                          0
xc.xerr.n1                                3.63
xc.xerr.xg1.nmid                      0.012988
xc.xerr.n2                                3.63
xc.xerr.xg2.nmid                   2.87587e-11
xc.xerr.n3                                3.63
xc.xerr.xg3.nmid                   2.87587e-11
xc.err                             9.56718e-09
xc.xerr.xg4.nmid                   4.78359e-09
xc.xdly.t0b                               3.63
xc.xdly.t1b                        4.76684e-09
xc.xdly.t2b                        4.76684e-09
xc.xdly.t3b                               3.63
xc.xdly.d1                                3.63
xc.xdly.s10                        2.28261e-08
xc.xdly.s11                               3.63
xc.xdly.s12                               3.63
xc.xdly.s13                        3.87081e-09
xc.xdly.d2                         3.11706e-08
xc.xdly.s20                        2.25503e-08
xc.xdly.s21                        4.04174e-08
xc.xdly.s22                        3.60831e-08
xc.xdly.s23                        3.83108e-09
xc.xdly.d3                                3.63
xc.xdly.s30                        2.28261e-08
xc.xdly.s31                               3.63
xc.xdly.s32                               3.63
xc.xdly.s33                        3.87081e-09
xc.errd                            3.11706e-08
xc.xdly.s40                        2.25503e-08
xc.xdly.s41                        4.04174e-08
xc.xdly.s42                        3.60831e-08
xc.xdly.s43                        3.83108e-09
xc.wideb                                  3.63
xc.xnw.nmid                          0.0129883
xc.wide                            4.76684e-09
vwinc                                        0
xc.xsch.p1                                3.63
xc.lockb                                  3.63
xc.xsch.n1                             3.02279
lockc                              4.76684e-09
upd                                          0
dnd                                          0
xd.xerr.n1                                3.63
xd.xerr.xg1.nmid                      0.012988
xd.xerr.n2                                3.63
xd.xerr.xg2.nmid                   2.87587e-11
xd.xerr.n3                                3.63
xd.xerr.xg3.nmid                   2.87587e-11
xd.err                             9.56718e-09
xd.xerr.xg4.nmid                   4.78359e-09
xd.xdly.t0b                               3.63
xd.xdly.t1b                        4.76684e-09
xd.xdly.t2b                        4.76684e-09
xd.xdly.t3b                               3.63
xd.xdly.d1                                3.63
xd.xdly.s10                        2.28261e-08
xd.xdly.s11                               3.63
xd.xdly.s12                               3.63
xd.xdly.s13                        3.87081e-09
xd.xdly.d2                         3.11706e-08
xd.xdly.s20                        2.25503e-08
xd.xdly.s21                        4.04174e-08
xd.xdly.s22                        3.60831e-08
xd.xdly.s23                        3.83108e-09
xd.xdly.d3                                3.63
xd.xdly.s30                        2.28261e-08
xd.xdly.s31                               3.63
xd.xdly.s32                               3.63
xd.xdly.s33                        3.87081e-09
xd.errd                            3.11706e-08
xd.xdly.s40                        2.25503e-08
xd.xdly.s41                        4.04174e-08
xd.xdly.s42                        3.60831e-08
xd.xdly.s43                        3.83108e-09
xd.wideb                                  3.63
xd.xnw.nmid                          0.0129883
xd.wide                            4.76684e-09
vwind                                        0
xd.xsch.p1                                3.63
xd.lockb                                  3.63
xd.xsch.n1                             3.02278
lockd                              4.76684e-09
upe1                                         0
upe2                                         0
upe1n                                     3.63
upe2n                                     3.63
upe                                9.56718e-09
xoe3.nmid                          4.78359e-09
dne                                          0
xe.xerr.n1                                3.63
xe.xerr.xg1.nmid                     0.0129879
xe.xerr.n2                                3.63
xe.xerr.xg2.nmid                   2.87587e-11
xe.xerr.n3                                3.63
xe.xerr.xg3.nmid                   2.87587e-11
xe.err                             9.56718e-09
xe.xerr.xg4.nmid                   4.78359e-09
xe.xdly.t0b                               3.63
xe.xdly.t1b                        4.76684e-09
xe.xdly.t2b                        4.76684e-09
xe.xdly.t3b                               3.63
xe.xdly.d1                                3.63
xe.xdly.s10                        2.28261e-08
xe.xdly.s11                               3.63
xe.xdly.s12                               3.63
xe.xdly.s13                        3.87081e-09
xe.xdly.d2                         3.11706e-08
xe.xdly.s20                        2.25503e-08
xe.xdly.s21                        4.04174e-08
xe.xdly.s22                        3.60831e-08
xe.xdly.s23                        3.83108e-09
xe.xdly.d3                                3.63
xe.xdly.s30                        2.28261e-08
xe.xdly.s31                               3.63
xe.xdly.s32                               3.63
xe.xdly.s33                        3.87081e-09
xe.errd                            3.11706e-08
xe.xdly.s40                        2.25503e-08
xe.xdly.s41                        4.04174e-08
xe.xdly.s42                        3.60831e-08
xe.xdly.s43                        3.83108e-09
xe.wideb                                  3.63
xe.xnw.nmid                          0.0129883
xe.wide                            4.76684e-09
vwine                                        0
xe.xsch.p1                                3.63
xe.lockb                                  3.63
xe.xsch.n1                             3.02278
locke                              4.76684e-09
wstep                                        0
xw.t0b                                    3.63
xw.t1b                             4.76684e-09
xw.t2b                             4.76684e-09
xw.t3b                                    3.63
xw.d1                                     3.63
xw.s10                             2.28261e-08
xw.s11                                    3.63
xw.s12                                    3.63
xw.s13                             3.87081e-09
xw.d2                              3.11706e-08
xw.s20                             2.25503e-08
xw.s21                             4.04174e-08
xw.s22                             3.60831e-08
xw.s23                             3.83108e-09
xw.d3                                     3.63
xw.s30                             2.28261e-08
xw.s31                                    3.63
xw.s32                                    3.63
xw.s33                             3.87081e-09
wout                               3.11706e-08
xw.s40                             2.25503e-08
xw.s41                             4.04174e-08
xw.s42                             3.60831e-08
xw.s43                             3.83108e-09
vwstep#branch                                0
vdne#branch                                  0
vupe2#branch                                 0
vupe1#branch                                 0
vdnd#branch                                  0
vupd#branch                                  0
vdnc#branch                                  0
vupc#branch                                  0
vdnb#branch                                  0
vupb#branch                                  0
vdna#branch                                  0
vupa#branch                                  0
vt3#branch                                   0
vt2#branch                                   0
vt1#branch                                   0
vt0#branch                                   0
vdd#branch                         -6.6283e-06

 Reference value :  0.00000e+00
 Reference value :  6.25600e-09
 Reference value :  1.36560e-08
 Reference value :  2.20560e-08
 Reference value :  2.92560e-08
 Reference value :  3.68560e-08
 Reference value :  4.06041e-08
 Reference value :  4.14815e-08
 Reference value :  4.47229e-08
 Reference value :  5.01210e-08
 Reference value :  5.31072e-08
 Reference value :  5.98536e-08
 Reference value :  6.44250e-08
 Reference value :  7.22250e-08
 Reference value :  8.00300e-08
 Reference value :  8.09490e-08
 Reference value :  8.20000e-08
 Reference value :  8.61230e-08
 Reference value :  9.01210e-08
 Reference value :  9.17211e-08
 Reference value :  9.77072e-08
 Reference value :  1.01492e-07
 Reference value :  1.07492e-07
 Reference value :  1.10390e-07
 Reference value :  1.14502e-07
 Reference value :  1.19702e-07
 Reference value :  1.20949e-07
 Reference value :  1.22000e-07
 Reference value :  1.26323e-07
 Reference value :  1.30205e-07
 Reference value :  1.32507e-07
 Reference value :  1.37907e-07
 Reference value :  1.41614e-07
 Reference value :  1.47614e-07
 Reference value :  1.55814e-07
 Reference value :  1.60375e-07
 Reference value :  1.61221e-07
 Reference value :  1.63123e-07
 Reference value :  1.68523e-07
 Reference value :  1.71110e-07
 Reference value :  1.74707e-07
 Reference value :  1.80065e-07
 Reference value :  1.83093e-07
 Reference value :  1.88693e-07
 Reference value :  1.91378e-07
 Reference value :  1.96778e-07
 Reference value :  2.00205e-07
 Reference value :  2.01200e-07
 Reference value :  2.02523e-07
 Reference value :  2.08123e-07
 Reference value :  2.10985e-07
 Reference value :  2.13666e-07
 Reference value :  2.19666e-07
 Reference value :  2.22293e-07
 Reference value :  2.27493e-07
 Reference value :  2.32893e-07
 Reference value :  2.38893e-07
 Reference value :  2.40686e-07
 Reference value :  2.41480e-07
 Reference value :  2.44323e-07
 Reference value :  2.50000e-07
 Reference value :  2.51221e-07
 Reference value :  2.56107e-07
 Reference value :  2.60149e-07
 Reference value :  2.65626e-07
 Reference value :  2.72626e-07
 Reference value :  2.80020e-07
 Reference value :  2.80948e-07
 Reference value :  2.82021e-07
 Reference value :  2.86727e-07
 Reference value :  2.90289e-07
 Reference value :  2.92707e-07
 Reference value :  2.98507e-07
 Reference value :  3.01492e-07
 Reference value :  3.06892e-07
 Reference value :  3.10205e-07
 Reference value :  3.14302e-07
 Reference value :  3.19702e-07
 Reference value :  3.20907e-07
 Reference value :  3.21910e-07
 Reference value :  3.25323e-07
 Reference value :  3.30100e-07
 Reference value :  3.31721e-07
 Reference value :  3.37107e-07
 Reference value :  3.41414e-07
 Reference value :  3.46814e-07
 Reference value :  3.54014e-07
 Reference value :  3.60121e-07
 Reference value :  3.61100e-07
 Reference value :  3.62049e-07
 Reference value :  3.66923e-07
 Reference value :  3.70410e-07
 Reference value :  3.73307e-07
 Reference value :  3.79507e-07
 Reference value :  3.82293e-07
 Reference value :  3.87493e-07
 Reference value :  3.90440e-07
 Reference value :  3.95178e-07
 Reference value :  4.00030e-07
 Reference value :  4.00949e-07
 Reference value :  4.02000e-07
 Reference value :  4.06123e-07
 Reference value :  4.10149e-07
 Reference value :  4.11866e-07
 Reference value :  4.17466e-07
 Reference value :  4.20493e-07
 Reference value :  4.25293e-07
 Reference value :  4.30693e-07
 Reference value :  4.36093e-07
 Reference value :  4.40121e-07
 Reference value :  4.41128e-07
 Reference value :  4.42190e-07
 Reference value :  4.47123e-07
 Reference value :  4.50689e-07
 Reference value :  4.53907e-07
 Reference value :  4.59854e-07
 Reference value :  4.64024e-07
 Reference value :  4.70424e-07
 Reference value :  4.78224e-07
 Reference value :  4.80810e-07
 Reference value :  4.81596e-07
 Reference value :  4.84523e-07
 Reference value :  4.90010e-07
 Reference value :  4.91249e-07
 Reference value :  4.96107e-07
 Reference value :  5.00205e-07
 Reference value :  5.04092e-07
 Reference value :  5.09492e-07
 Reference value :  5.11702e-07
 Reference value :  5.16702e-07
 Reference value :  5.20156e-07
 Reference value :  5.21164e-07
 Reference value :  5.22326e-07
 Reference value :  5.27723e-07
 Reference value :  5.30889e-07
 Reference value :  5.33907e-07
 Reference value :  5.39707e-07
 Reference value :  5.43414e-07
 Reference value :  5.49614e-07
 Reference value :  5.57014e-07
 Reference value :  5.60470e-07
 Reference value :  5.61375e-07
 Reference value :  5.63923e-07
 Reference value :  5.69323e-07
 Reference value :  5.71165e-07
 Reference value :  5.75107e-07
 Reference value :  5.80121e-07
 Reference value :  5.83693e-07
 Reference value :  5.89293e-07
 Reference value :  5.92378e-07
 Reference value :  5.98778e-07
 Reference value :  6.00865e-07
 Reference value :  6.02000e-07
 Reference value :  6.07123e-07
 Reference value :  6.10985e-07
 Reference value :  6.14866e-07
 Reference value :  6.20107e-07
 Reference value :  6.24493e-07
 Reference value :  6.31293e-07
 Reference value :  6.37693e-07
 Reference value :  6.40695e-07
 Reference value :  6.41910e-07
 Reference value :  6.46523e-07
 Reference value :  6.50689e-07
 Reference value :  6.54507e-07
 Reference value :  6.60121e-07
 Reference value :  6.65824e-07
 Reference value :  6.74224e-07
 Reference value :  6.80291e-07
 Reference value :  6.81375e-07
 Reference value :  6.84923e-07
 Reference value :  6.90149e-07
 Reference value :  6.93307e-07
 Reference value :  7.00010e-07
 Reference value :  7.03292e-07
 Reference value :  7.09692e-07
 Reference value :  7.12902e-07
 Reference value :  7.19302e-07
 Reference value :  7.20921e-07
 Reference value :  7.22021e-07
 Reference value :  7.28323e-07
 Reference value :  7.31200e-07
 Reference value :  7.36507e-07
 Reference value :  7.41614e-07
 Reference value :  7.48414e-07
 Reference value :  7.57814e-07
 Reference value :  7.60810e-07
 Reference value :  7.61965e-07
 Reference value :  7.66923e-07
 Reference value :  7.70995e-07
 Reference value :  7.75307e-07
 Reference value :  7.80292e-07
 Reference value :  7.85493e-07
 Reference value :  7.90205e-07
 Reference value :  7.95178e-07
 Reference value :  8.00205e-07
 Reference value :  8.01307e-07
 Reference value :  8.04723e-07
 Reference value :  8.10149e-07
 Reference value :  8.12666e-07
 Reference value :  8.19266e-07
 Reference value :  8.22893e-07
 Reference value :  8.29493e-07
 Reference value :  8.36293e-07
 Reference value :  8.40284e-07
 Reference value :  8.41375e-07
 Reference value :  8.45123e-07
 Reference value :  8.50107e-07
 Reference value :  8.52707e-07
 Reference value :  8.59854e-07
 Reference value :  8.64624e-07
 Reference value :  8.73024e-07
 Reference value :  8.80149e-07
 Reference value :  8.81221e-07
 Reference value :  8.83923e-07
 Reference value :  8.90065e-07
 Reference value :  8.92307e-07
 Reference value :  8.99107e-07
 Reference value :  9.02492e-07
 Reference value :  9.09092e-07
 Reference value :  9.12302e-07
 Reference value :  9.18502e-07
 Reference value :  9.20865e-07
 Reference value :  9.22000e-07
 Reference value :  9.27323e-07
 Reference value :  9.31100e-07
 Reference value :  9.35707e-07
 Reference value :  9.41014e-07
 Reference value :  9.47614e-07
 Reference value :  9.57014e-07
 Reference value :  9.60696e-07
 Reference value :  9.61910e-07
 Reference value :  9.66523e-07
 Reference value :  9.70689e-07
 Reference value :  9.74707e-07
 Reference value :  9.80292e-07
 Reference value :  9.85493e-07
 Reference value :  9.90205e-07
 Reference value :  9.95178e-07
 Reference value :  1.00012e-06
 Reference value :  1.00120e-06
 Reference value :  1.00373e-06
 Reference value :  1.01003e-06
 Reference value :  1.01152e-06
 Reference value :  1.01767e-06
 Reference value :  1.02149e-06
 Reference value :  1.02749e-06
 Reference value :  1.03429e-06
 Reference value :  1.04007e-06
 Reference value :  1.04116e-06
 Reference value :  1.04332e-06
 Reference value :  1.05000e-06
 Reference value :  1.05172e-06
 Reference value :  1.05811e-06
 Reference value :  1.06302e-06
 Reference value :  1.07082e-06
 Reference value :  1.08001e-06
 Reference value :  1.08110e-06
 Reference value :  1.08252e-06
 Reference value :  1.08932e-06
 Reference value :  1.09138e-06
 Reference value :  1.09771e-06
 Reference value :  1.10149e-06
 Reference value :  1.10789e-06
 Reference value :  1.11190e-06
 Reference value :  1.11890e-06
 Reference value :  1.12095e-06
 Reference value :  1.12233e-06
 Reference value :  1.12932e-06
 Reference value :  1.13131e-06
 Reference value :  1.13751e-06
 Reference value :  1.14261e-06
 Reference value :  1.15021e-06
 Reference value :  1.15941e-06
 Reference value :  1.16095e-06
 Reference value :  1.16252e-06
 Reference value :  1.16892e-06
 Reference value :  1.17122e-06
 Reference value :  1.17711e-06
 Reference value :  1.18189e-06
 Reference value :  1.18849e-06
 Reference value :  1.19238e-06
 Reference value :  1.19938e-06
 Reference value :  1.20105e-06
 Reference value :  1.20292e-06
 Reference value :  1.21000e-06
 Reference value :  1.21152e-06
 Reference value :  1.21767e-06
 Reference value :  1.22149e-06
 Reference value :  1.22749e-06
 Reference value :  1.23409e-06
 Reference value :  1.24003e-06
 Reference value :  1.24110e-06
 Reference value :  1.24272e-06
 Reference value :  1.24952e-06
 Reference value :  1.25130e-06
 Reference value :  1.25751e-06
 Reference value :  1.26282e-06
 Reference value :  1.27022e-06
 Reference value :  1.27962e-06
 Reference value :  1.28101e-06
 Reference value :  1.28219e-06
 Reference value :  1.28852e-06
 Reference value :  1.29121e-06
 Reference value :  1.29671e-06
 Reference value :  1.30089e-06
 Reference value :  1.30669e-06
 Reference value :  1.31070e-06
 Reference value :  1.31650e-06
 Reference value :  1.32039e-06
 Reference value :  1.32148e-06
 Reference value :  1.32552e-06
 Reference value :  1.33020e-06
 Reference value :  1.33351e-06
 Reference value :  1.34061e-06
 Reference value :  1.35061e-06
 Reference value :  1.36001e-06
 Reference value :  1.36101e-06
 Reference value :  1.36219e-06
 Reference value :  1.36872e-06
 Reference value :  1.37121e-06
 Reference value :  1.37671e-06
 Reference value :  1.38089e-06
 Reference value :  1.38669e-06
 Reference value :  1.39081e-06
 Reference value :  1.39681e-06
 Reference value :  1.40048e-06
 Reference value :  1.40148e-06
 Reference value :  1.40552e-06
 Reference value :  1.41020e-06
 Reference value :  1.41307e-06
 Reference value :  1.41967e-06
 Reference value :  1.42309e-06
 Reference value :  1.42949e-06
 Reference value :  1.43609e-06
 Reference value :  1.44037e-06
 Reference value :  1.44148e-06
 Reference value :  1.44592e-06
 Reference value :  1.45055e-06
 Reference value :  1.45491e-06
 Reference value :  1.46015e-06
 Reference value :  1.46642e-06
 Reference value :  1.47602e-06
 Reference value :  1.48061e-06
 Reference value :  1.48175e-06
 Reference value :  1.48592e-06
 Reference value :  1.49055e-06
 Reference value :  1.49451e-06
 Reference value :  1.50012e-06
 Reference value :  1.50449e-06
 Reference value :  1.51010e-06
 Reference value :  1.51410e-06
 Reference value :  1.52003e-06
 Reference value :  1.52111e-06
 Reference value :  1.52272e-06
 Reference value :  1.52932e-06
 Reference value :  1.53125e-06
 Reference value :  1.53731e-06
 Reference value :  1.54181e-06
 Reference value :  1.54861e-06
 Reference value :  1.55801e-06
 Reference value :  1.56087e-06
 Reference value :  1.56200e-06
 Reference value :  1.56732e-06
 Reference value :  1.57111e-06
 Reference value :  1.57571e-06
 Reference value :  1.58038e-06
 Reference value :  1.58589e-06
 Reference value :  1.59044e-06
 Reference value :  1.59618e-06
 Reference value :  1.60028e-06
 Reference value :  1.60138e-06
 Reference value :  1.60492e-06
 Reference value :  1.61015e-06
 Reference value :  1.61267e-06
 Reference value :  1.61907e-06
 Reference value :  1.62249e-06
 Reference value :  1.62889e-06
 Reference value :  1.63529e-06
 Reference value :  1.64012e-06
 Reference value :  1.64120e-06
 Reference value :  1.64352e-06
 Reference value :  1.65001e-06
 Reference value :  1.65172e-06
 Reference value :  1.65791e-06
 Reference value :  1.66242e-06
 Reference value :  1.66982e-06
 Reference value :  1.67882e-06
 Reference value :  1.68091e-06
 Reference value :  1.68202e-06
 Reference value :  1.68812e-06
 Reference value :  1.69120e-06
 Reference value :  1.69631e-06
 Reference value :  1.70055e-06
 Reference value :  1.70609e-06
 Reference value :  1.71039e-06
 Reference value :  1.71570e-06
 Reference value :  1.72020e-06
 Reference value :  1.72125e-06
 Reference value :  1.72432e-06
 Reference value :  1.73010e-06
 Reference value :  1.73251e-06
 Reference value :  1.73871e-06
 Reference value :  1.74301e-06
 Reference value :  1.75001e-06
 Reference value :  1.75921e-06
 Reference value :  1.76091e-06
 Reference value :  1.76202e-06
 Reference value :  1.76772e-06
 Reference value :  1.77111e-06
 Reference value :  1.77431e-06
 Reference value :  1.77971e-06
 Reference value :  1.78209e-06
 Reference value :  1.78729e-06
 Reference value :  1.79044e-06
 Reference value :  1.79518e-06
 Reference value :  1.80001e-06
 Reference value :  1.80101e-06
 Reference value :  1.80201e-06
 Reference value :  1.80672e-06
 Reference value :  1.81029e-06
 Reference value :  1.81267e-06
 Reference value :  1.81787e-06
 Reference value :  1.82069e-06
 Reference value :  1.82529e-06
 Reference value :  1.83109e-06
 Reference value :  1.83689e-06
 Reference value :  1.84037e-06
 Reference value :  1.84125e-06
 Reference value :  1.84332e-06
 Reference value :  1.84892e-06
 Reference value :  1.85117e-06
 Reference value :  1.85551e-06
 Reference value :  1.86012e-06
 Reference value :  1.86522e-06
 Reference value :  1.87222e-06
 Reference value :  1.87981e-06
 Reference value :  1.88090e-06
 Reference value :  1.88190e-06
 Reference value :  1.88532e-06
 Reference value :  1.89010e-06
 Reference value :  1.89152e-06
 Reference value :  1.89691e-06
 Reference value :  1.90055e-06
 Reference value :  1.90549e-06
 Reference value :  1.91010e-06
 Reference value :  1.91310e-06
 Reference value :  1.91890e-06
 Reference value :  1.92080e-06
 Reference value :  1.92159e-06
 Reference value :  1.92493e-06
 Reference value :  1.93006e-06
 Reference value :  1.93125e-06
 Reference value :  1.93631e-06
 Reference value :  1.94061e-06
 Reference value :  1.94601e-06
 Reference value :  1.95341e-06
 Reference value :  1.96007e-06
 Reference value :  1.96096e-06
 Reference value :  1.96201e-06
 Reference value :  1.96692e-06
 Reference value :  1.97042e-06
 Reference value :  1.97311e-06
 Reference value :  1.97811e-06
 Reference value :  1.98149e-06
 Reference value :  1.98669e-06
 Reference value :  1.99032e-06
 Reference value :  1.99438e-06
 Reference value :  1.99958e-06
 Reference value :  2.00090e-06
 Reference value :  2.00191e-06
 Reference value :  2.00552e-06
 Reference value :  2.01011e-06
 Reference value :  2.01207e-06
 Reference value :  2.01887e-06
 Reference value :  2.02249e-06
 Reference value :  2.02869e-06
 Reference value :  2.03509e-06
 Reference value :  2.04010e-06
 Reference value :  2.04100e-06
 Reference value :  2.04201e-06
 Reference value :  2.04692e-06
 Reference value :  2.05029e-06
 Reference value :  2.05271e-06
 Reference value :  2.05891e-06
 Reference value :  2.06382e-06
 Reference value :  2.07162e-06
 Reference value :  2.07942e-06
 Reference value :  2.08086e-06
 Reference value :  2.08190e-06
 Reference value :  2.08512e-06
 Reference value :  2.09006e-06
 Reference value :  2.09131e-06
 Reference value :  2.09651e-06
 Reference value :  2.10041e-06
 Reference value :  2.10469e-06
 Reference value :  2.11000e-06
 Reference value :  2.11250e-06
 Reference value :  2.11790e-06
 Reference value :  2.12061e-06
 Reference value :  2.12148e-06
 Reference value :  2.12432e-06
 Reference value :  2.13000e-06
 Reference value :  2.13125e-06
 Reference value :  2.13611e-06
 Reference value :  2.14020e-06
 Reference value :  2.14521e-06
 Reference value :  2.15201e-06
 Reference value :  2.15961e-06
 Reference value :  2.16083e-06
 Reference value :  2.16191e-06
 Reference value :  2.16572e-06
 Reference value :  2.17012e-06
 Reference value :  2.17191e-06
 Reference value :  2.17751e-06
 Reference value :  2.18089e-06
 Reference value :  2.18569e-06
 Reference value :  2.19010e-06
 Reference value :  2.19338e-06
 Reference value :  2.19898e-06
 Reference value :  2.20083e-06
 Reference value :  2.20191e-06
 Reference value :  2.20632e-06
 Reference value :  2.21015e-06
 Reference value :  2.21152e-06
 Reference value :  2.21667e-06
 Reference value :  2.22029e-06
 Reference value :  2.22529e-06
 Reference value :  2.23169e-06
 Reference value :  2.23829e-06
 Reference value :  2.24081e-06
 Reference value :  2.24196e-06
 Reference value :  2.24692e-06
 Reference value :  2.25099e-06
 Reference value :  2.25511e-06
 Reference value :  2.26015e-06
 Reference value :  2.26623e-06
 Reference value :  2.27483e-06
 Reference value :  2.28039e-06
 Reference value :  2.28148e-06
 Reference value :  2.28552e-06
 Reference value :  2.29029e-06
 Reference value :  2.29371e-06
 Reference value :  2.30007e-06
 Reference value :  2.30389e-06
 Reference value :  2.31001e-06
 Reference value :  2.31370e-06
 Reference value :  2.32000e-06
 Reference value :  2.32105e-06
 Reference value :  2.32252e-06
 Reference value :  2.32912e-06
 Reference value :  2.33125e-06
 Reference value :  2.33731e-06
 Reference value :  2.34241e-06
 Reference value :  2.34961e-06
 Reference value :  2.35901e-06
 Reference value :  2.36095e-06
 Reference value :  2.36219e-06
 Reference value :  2.36832e-06
 Reference value :  2.37121e-06
 Reference value :  2.37671e-06
 Reference value :  2.38129e-06
 Reference value :  2.38749e-06
 Reference value :  2.39118e-06
 Reference value :  2.39758e-06
 Reference value :  2.40069e-06
 Reference value :  2.40191e-06
 Reference value :  2.40530e-06
 Reference value :  2.40961e-06
 Reference value :  2.41122e-06
 Reference value :  2.41667e-06
 Reference value :  2.42089e-06
 Reference value :  2.42669e-06
 Reference value :  2.43349e-06
 Reference value :  2.44001e-06
 Reference value :  2.44110e-06
 Reference value :  2.44252e-06
 Reference value :  2.44891e-06
 Reference value :  2.45042e-06
 Reference value :  2.45411e-06
 Reference value :  2.46010e-06
 Reference value :  2.46562e-06
 Reference value :  2.47442e-06
 Reference value :  2.48027e-06
 Reference value :  2.48131e-06
 Reference value :  2.48470e-06
 Reference value :  2.48938e-06
 Reference value :  2.49120e-06
 Reference value :  2.49651e-06
 Reference value :  2.50089e-06
 Reference value :  2.50689e-06
 Reference value :  2.51110e-06
 Reference value :  2.51690e-06
 Reference value :  2.52036e-06
 Reference value :  2.52150e-06
 Reference value :  2.52530e-06
 Reference value :  2.52961e-06
 Reference value :  2.53131e-06
 Reference value :  2.54003e-06
 Reference value :  2.54561e-06
 Reference value :  2.55541e-06
 Reference value :  2.56057e-06
 Reference value :  2.56200e-06
 Reference value :  2.56870e-06
 Reference value :  2.57069e-06
 Reference value :  2.57471e-06
 Reference value :  2.58012e-06
 Reference value :  2.58449e-06
 Reference value :  2.59010e-06
 Reference value :  2.59438e-06
 Reference value :  2.60010e-06
 Reference value :  2.60116e-06
 Reference value :  2.60290e-06
 Reference value :  2.60916e-06
 Reference value :  2.61087e-06
 Reference value :  2.61467e-06
 Reference value :  2.62012e-06
 Reference value :  2.62469e-06
 Reference value :  2.63109e-06
 Reference value :  2.63769e-06
 Reference value :  2.64070e-06
 Reference value :  2.64190e-06
 Reference value :  2.64590e-06
 Reference value :  2.64975e-06
 Reference value :  2.65131e-06
 Reference value :  2.65751e-06
 Reference value :  2.66223e-06
 Reference value :  2.66963e-06
 Reference value :  2.67883e-06
 Reference value :  2.68090e-06
 Reference value :  2.68202e-06
 Reference value :  2.68750e-06
 Reference value :  2.69012e-06
 Reference value :  2.69251e-06
 Reference value :  2.69911e-06
 Reference value :  2.70250e-06
 Reference value :  2.70910e-06
 Reference value :  2.71230e-06
 Reference value :  2.71870e-06
 Reference value :  2.72083e-06
 Reference value :  2.72200e-06
 Reference value :  2.72710e-06
 Reference value :  2.73007e-06
 Reference value :  2.73211e-06
 Reference value :  2.73851e-06
 Reference value :  2.74321e-06
 Reference value :  2.75081e-06
 Reference value :  2.76000e-06
 Reference value :  2.76095e-06
 Reference value :  2.76211e-06
 Reference value :  2.76830e-06
 Reference value :  2.77029e-06
 Reference value :  2.77411e-06
 Reference value :  2.78012e-06
 Reference value :  2.78509e-06
 Reference value :  2.79032e-06
 Reference value :  2.79638e-06
 Reference value :  2.80027e-06
 Reference value :  2.80139e-06
 Reference value :  2.80490e-06
 Reference value :  2.80938e-06
 Reference value :  2.81120e-06
 Reference value :  2.81647e-06
 Reference value :  2.82089e-06
 Reference value :  2.82669e-06
 Reference value :  2.83329e-06
 Reference value :  2.83985e-06
 Reference value :  2.84110e-06
 Reference value :  2.84290e-06
 Reference value :  2.84920e-06
 Reference value :  2.85110e-06
 Reference value :  2.85571e-06
 Reference value :  2.86102e-06
 Reference value :  2.86822e-06
 Reference value :  2.87802e-06
 Reference value :  2.88083e-06
 Reference value :  2.88196e-06
 Reference value :  2.88690e-06
 Reference value :  2.89006e-06
 Reference value :  2.89211e-06
 Reference value :  2.89891e-06
 Reference value :  2.90229e-06
 Reference value :  2.90889e-06
 Reference value :  2.91230e-06
 Reference value :  2.91850e-06
 Reference value :  2.92081e-06
 Reference value :  2.92197e-06
 Reference value :  2.92670e-06
 Reference value :  2.93003e-06
 Reference value :  2.93191e-06
 Reference value :  2.93831e-06
 Reference value :  2.94301e-06
 Reference value :  2.95061e-06
 Reference value :  2.96001e-06
 Reference value :  2.96105e-06
 Reference value :  2.96233e-06
 Reference value :  2.96870e-06
 Reference value :  2.97041e-06
 Reference value :  2.97391e-06
 Reference value :  2.98010e-06
 Reference value :  2.98429e-06
 Reference value :  2.99006e-06
 Reference value :  2.99418e-06
 Reference value :  3.00006e-06
 Reference value :  3.00113e-06
 Reference value :  3.00270e-06
 Reference value :  3.00910e-06
 Reference value :  3.01054e-06
 Reference value :  3.01407e-06
 Reference value :  3.02007e-06
 Reference value :  3.02389e-06
 Reference value :  3.03049e-06
 Reference value :  3.03709e-06
 Reference value :  3.04048e-06
 Reference value :  3.04162e-06
 Reference value :  3.04530e-06
 Reference value :  3.04948e-06
 Reference value :  3.05121e-06
 Reference value :  3.05671e-06
 Reference value :  3.06143e-06
 Reference value :  3.06823e-06
 Reference value :  3.07803e-06
 Reference value :  3.08083e-06
 Reference value :  3.08200e-06
 Reference value :  3.08750e-06
 Reference value :  3.09011e-06
 Reference value :  3.09271e-06
 Reference value :  3.09985e-06
 Reference value :  3.10309e-06
 Reference value :  3.10985e-06
 Reference value :  3.11310e-06
 Reference value :  3.11970e-06
 Reference value :  3.12095e-06
 Reference value :  3.12219e-06
 Reference value :  3.12830e-06
 Reference value :  3.13020e-06
 Reference value :  3.13371e-06
 Reference value :  3.14006e-06
 Reference value :  3.14521e-06
 Reference value :  3.15381e-06
 Reference value :  3.16021e-06
 Reference value :  3.16122e-06
 Reference value :  3.16390e-06
 Reference value :  3.16922e-06
 Reference value :  3.17111e-06
 Reference value :  3.17591e-06
 Reference value :  3.18089e-06
 Reference value :  3.18669e-06
 Reference value :  3.19078e-06
 Reference value :  3.19678e-06
 Reference value :  3.20036e-06
 Reference value :  3.20150e-06
 Reference value :  3.20510e-06
 Reference value :  3.20948e-06
 Reference value :  3.21122e-06
 Reference value :  3.21667e-06
 Reference value :  3.22089e-06
 Reference value :  3.22669e-06
 Reference value :  3.23329e-06
 Reference value :  3.23985e-06
 Reference value :  3.24100e-06
 Reference value :  3.24219e-06
 Reference value :  3.24810e-06
 Reference value :  3.25020e-06
 Reference value :  3.25371e-06
 Reference value :  3.26006e-06
 Reference value :  3.26522e-06
 Reference value :  3.27402e-06
 Reference value :  3.28027e-06
 Reference value :  3.28131e-06
 Reference value :  3.28490e-06
 Reference value :  3.28948e-06
 Reference value :  3.29122e-06
 Reference value :  3.29711e-06
 Reference value :  3.30129e-06
 Reference value :  3.30769e-06
 Reference value :  3.31130e-06
 Reference value :  3.31750e-06
 Reference value :  3.32057e-06
 Reference value :  3.32190e-06
 Reference value :  3.32590e-06
 Reference value :  3.32975e-06
 Reference value :  3.33125e-06
 Reference value :  3.33731e-06
 Reference value :  3.34201e-06
 Reference value :  3.34901e-06
 Reference value :  3.35701e-06
 Reference value :  3.36057e-06
 Reference value :  3.36190e-06
 Reference value :  3.36610e-06
 Reference value :  3.37000e-06
 Reference value :  3.37152e-06
 Reference value :  3.37791e-06
 Reference value :  3.38209e-06
 Reference value :  3.38809e-06
 Reference value :  3.39138e-06
 Reference value :  3.39758e-06
No. of Data Rows : 22775

  Measurements for Transient Analysis

twin_r              =  1.11080e-09 targ=  4.11608e-08 trig=  4.00500e-08
twin_f              =  1.08488e-09 targ=  2.41235e-07 trig=  2.40150e-07
ta_asrt             =   8.45841e-07
tb_asrt             =   8.45841e-07
te_asrt             =   8.45841e-07
la_lvl              =  3.63000e+00 from=  3.06000e-06 to=  3.40000e-06
lb_lvl              =  3.63000e+00 from=  3.06000e-06 to=  3.40000e-06
lc_lvl              =  7.99976e-09 from=  3.06000e-06 to=  3.40000e-06
ld_lvl              =  4.88589e-09 from=  3.06000e-06 to=  3.40000e-06
le_lvl              =  1.53893e-09 from=  3.06000e-06 to=  3.40000e-06
va_lvl              =  3.58218e+00 from=  3.06000e-06 to=  3.40000e-06
te_deas             =   2.40438e-06
le_pre              =  3.63000e+00 from=  2.16000e-06 to=  2.40001e-06
iavg                =  -1.64627e-04 from=  1.70000e-06 to=  3.40000e-06

ngspice-46 done

Warning: m=xx on .subckt line will override multiplier m hierarchy!


Error: measure  tc_asrt  when(WHEN) : out of interval
 .measure tran tc_asrt when v(lockc)=    1.815000000000000e+00     rise=1 failed!


Error: measure  td_asrt  when(WHEN) : out of interval
 .measure tran td_asrt when v(lockd)=    1.815000000000000e+00     rise=1 failed!

