
Note: Compatibility modes selected: hs a


Circuit: * lock-detector @ sf_-40c_2.97v_e4.0n_c7 -- generated by sim/harness, do not edit

Doing analysis at TEMP = -40.000000 and TNOM = 27.000000

Using SPARSE 1.3 as Direct Linear Solver

Initial Transient Solution
--------------------------

Node                                   Voltage
----                                   -------
vdd                                       2.97
ldt0                                      2.97
ldt1                                      2.97
ldt2                                      2.97
ldt3                                         0
upa                                          0
dna                                          0
xa.xerr.n1                                2.97
xa.xerr.xg1.nmid                   4.25372e-05
xa.xerr.n2                                2.97
xa.xerr.xg2.nmid                   6.09792e-14
xa.xerr.n3                                2.97
xa.xerr.xg3.nmid                   6.09792e-14
xa.err                             8.64539e-09
xa.xerr.xg4.nmid                    4.3227e-09
xa.xdly.t0b                        4.37622e-09
xa.xdly.t1b                        4.37622e-09
xa.xdly.t2b                        4.37622e-09
xa.xdly.t3b                               2.97
xa.xdly.d1                                2.97
xa.xdly.s10                               2.97
xa.xdly.s11                               2.97
xa.xdly.s12                               2.97
xa.xdly.s13                        3.61885e-09
xa.xdly.d2                         3.45018e-08
xa.xdly.s20                        4.98986e-08
xa.xdly.s21                        4.38324e-08
xa.xdly.s22                        3.93701e-08
xa.xdly.s23                        3.61866e-09
xa.xdly.d3                                2.97
xa.xdly.s30                               2.97
xa.xdly.s31                               2.97
xa.xdly.s32                               2.97
xa.xdly.s33                        3.61885e-09
xa.errd                            3.45018e-08
xa.xdly.s40                        4.98986e-08
xa.xdly.s41                        4.38324e-08
xa.xdly.s42                        3.93701e-08
xa.xdly.s43                        3.61866e-09
xa.wideb                                  2.97
xa.xnw.nmid                        4.25372e-05
xa.wide                            4.37622e-09
vwina                                        0
xa.xsch.p1                                2.97
xa.lockb                                  2.97
xa.xsch.n1                             2.25447
locka                              4.37622e-09
upb                                          0
dnb                                          0
xb.xerr.n1                                2.97
xb.xerr.xg1.nmid                   4.25372e-05
xb.xerr.n2                                2.97
xb.xerr.xg2.nmid                   6.09792e-14
xb.xerr.n3                                2.97
xb.xerr.xg3.nmid                   6.09792e-14
xb.err                             8.64539e-09
xb.xerr.xg4.nmid                    4.3227e-09
xb.xdly.t0b                        4.37622e-09
xb.xdly.t1b                        4.37622e-09
xb.xdly.t2b                        4.37622e-09
xb.xdly.t3b                               2.97
xb.xdly.d1                                2.97
xb.xdly.s10                               2.97
xb.xdly.s11                               2.97
xb.xdly.s12                               2.97
xb.xdly.s13                        3.61885e-09
xb.xdly.d2                         3.45018e-08
xb.xdly.s20                        4.98986e-08
xb.xdly.s21                        4.38324e-08
xb.xdly.s22                        3.93701e-08
xb.xdly.s23                        3.61866e-09
xb.xdly.d3                                2.97
xb.xdly.s30                               2.97
xb.xdly.s31                               2.97
xb.xdly.s32                               2.97
xb.xdly.s33                        3.61885e-09
xb.errd                            3.45018e-08
xb.xdly.s40                        4.98986e-08
xb.xdly.s41                        4.38324e-08
xb.xdly.s42                        3.93701e-08
xb.xdly.s43                        3.61866e-09
xb.wideb                                  2.97
xb.xnw.nmid                        4.25372e-05
xb.wide                            4.37622e-09
vwinb                                        0
xb.xsch.p1                                2.97
xb.lockb                                  2.97
xb.xsch.n1                             2.25447
lockb                              4.37622e-09
upc                                          0
dnc                                          0
xc.xerr.n1                                2.97
xc.xerr.xg1.nmid                   4.25372e-05
xc.xerr.n2                                2.97
xc.xerr.xg2.nmid                   6.09792e-14
xc.xerr.n3                                2.97
xc.xerr.xg3.nmid                   6.09792e-14
xc.err                             8.64539e-09
xc.xerr.xg4.nmid                    4.3227e-09
xc.xdly.t0b                        4.37622e-09
xc.xdly.t1b                        4.37622e-09
xc.xdly.t2b                        4.37622e-09
xc.xdly.t3b                               2.97
xc.xdly.d1                                2.97
xc.xdly.s10                               2.97
xc.xdly.s11                               2.97
xc.xdly.s12                               2.97
xc.xdly.s13                        3.61885e-09
xc.xdly.d2                         3.45018e-08
xc.xdly.s20                        4.98986e-08
xc.xdly.s21                        4.38324e-08
xc.xdly.s22                        3.93701e-08
xc.xdly.s23                        3.61866e-09
xc.xdly.d3                                2.97
xc.xdly.s30                               2.97
xc.xdly.s31                               2.97
xc.xdly.s32                               2.97
xc.xdly.s33                        3.61885e-09
xc.errd                            3.45018e-08
xc.xdly.s40                        4.98986e-08
xc.xdly.s41                        4.38324e-08
xc.xdly.s42                        3.93701e-08
xc.xdly.s43                        3.61866e-09
xc.wideb                                  2.97
xc.xnw.nmid                        4.25372e-05
xc.wide                            4.37622e-09
vwinc                                        0
xc.xsch.p1                                2.97
xc.lockb                                  2.97
xc.xsch.n1                             2.25447
lockc                              4.37622e-09
upd                                          0
dnd                                          0
xd.xerr.n1                                2.97
xd.xerr.xg1.nmid                   4.25372e-05
xd.xerr.n2                                2.97
xd.xerr.xg2.nmid                   6.09792e-14
xd.xerr.n3                                2.97
xd.xerr.xg3.nmid                   6.09792e-14
xd.err                             8.64539e-09
xd.xerr.xg4.nmid                    4.3227e-09
xd.xdly.t0b                        4.37622e-09
xd.xdly.t1b                        4.37622e-09
xd.xdly.t2b                        4.37622e-09
xd.xdly.t3b                               2.97
xd.xdly.d1                                2.97
xd.xdly.s10                               2.97
xd.xdly.s11                               2.97
xd.xdly.s12                               2.97
xd.xdly.s13                        3.61885e-09
xd.xdly.d2                         3.45018e-08
xd.xdly.s20                        4.98986e-08
xd.xdly.s21                        4.38324e-08
xd.xdly.s22                        3.93701e-08
xd.xdly.s23                        3.61866e-09
xd.xdly.d3                                2.97
xd.xdly.s30                               2.97
xd.xdly.s31                               2.97
xd.xdly.s32                               2.97
xd.xdly.s33                        3.61885e-09
xd.errd                            3.45018e-08
xd.xdly.s40                        4.98986e-08
xd.xdly.s41                        4.38324e-08
xd.xdly.s42                        3.93701e-08
xd.xdly.s43                        3.61866e-09
xd.wideb                                  2.97
xd.xnw.nmid                        4.25372e-05
xd.wide                            4.37622e-09
vwind                                        0
xd.xsch.p1                                2.97
xd.lockb                                  2.97
xd.xsch.n1                             2.25447
lockd                              4.37622e-09
upe1                                         0
upe2                                         0
upe1n                                     2.97
upe2n                                     2.97
upe                                8.64539e-09
xoe3.nmid                           4.3227e-09
dne                                          0
xe.xerr.n1                                2.97
xe.xerr.xg1.nmid                   4.25372e-05
xe.xerr.n2                                2.97
xe.xerr.xg2.nmid                   6.09792e-14
xe.xerr.n3                                2.97
xe.xerr.xg3.nmid                   6.09792e-14
xe.err                             8.64539e-09
xe.xerr.xg4.nmid                    4.3227e-09
xe.xdly.t0b                        4.37622e-09
xe.xdly.t1b                        4.37622e-09
xe.xdly.t2b                        4.37622e-09
xe.xdly.t3b                               2.97
xe.xdly.d1                                2.97
xe.xdly.s10                               2.97
xe.xdly.s11                               2.97
xe.xdly.s12                               2.97
xe.xdly.s13                        3.61885e-09
xe.xdly.d2                         3.45018e-08
xe.xdly.s20                        4.98986e-08
xe.xdly.s21                        4.38324e-08
xe.xdly.s22                        3.93701e-08
xe.xdly.s23                        3.61866e-09
xe.xdly.d3                                2.97
xe.xdly.s30                               2.97
xe.xdly.s31                               2.97
xe.xdly.s32                               2.97
xe.xdly.s33                        3.61885e-09
xe.errd                            3.45018e-08
xe.xdly.s40                        4.98986e-08
xe.xdly.s41                        4.38324e-08
xe.xdly.s42                        3.93701e-08
xe.xdly.s43                        3.61866e-09
xe.wideb                                  2.97
xe.xnw.nmid                        4.25372e-05
xe.wide                            4.37622e-09
vwine                                        0
xe.xsch.p1                                2.97
xe.lockb                                  2.97
xe.xsch.n1                             2.25447
locke                              4.37622e-09
wstep                                        0
xw.t0b                             4.37622e-09
xw.t1b                             4.37622e-09
xw.t2b                             4.37622e-09
xw.t3b                                    2.97
xw.d1                                     2.97
xw.s10                                    2.97
xw.s11                                    2.97
xw.s12                                    2.97
xw.s13                             3.61885e-09
xw.d2                              3.45018e-08
xw.s20                             4.98986e-08
xw.s21                             4.38324e-08
xw.s22                             3.93701e-08
xw.s23                             3.61866e-09
xw.d3                                     2.97
xw.s30                                    2.97
xw.s31                                    2.97
xw.s32                                    2.97
xw.s33                             3.61885e-09
wout                               3.45018e-08
xw.s40                             4.98986e-08
xw.s41                             4.38324e-08
xw.s42                             3.93701e-08
xw.s43                             3.61866e-09
vwstep#branch                                0
vdne#branch                                  0
vupe2#branch                                 0
vupe1#branch                                 0
vdnd#branch                                  0
vupd#branch                                  0
vdnc#branch                                  0
vupc#branch                                  0
vdnb#branch                                  0
vupb#branch                                  0
vdna#branch                                  0
vupa#branch                                  0
vt3#branch                                   0
vt2#branch                                   0
vt1#branch                                   0
vt0#branch                                   0
vdd#branch                        -5.14325e-06

 Reference value :  0.00000e+00
 Reference value :  1.22560e-08
 Reference value :  2.44560e-08
 Reference value :  3.44560e-08
 Reference value :  4.05270e-08
 Reference value :  4.40100e-08
 Reference value :  4.61361e-08
 Reference value :  5.04220e-08
 Reference value :  5.49360e-08
 Reference value :  6.02050e-08
 Reference value :  6.80474e-08
 Reference value :  7.80474e-08
 Reference value :  8.12070e-08
 Reference value :  8.42050e-08
 Reference value :  8.79361e-08
 Reference value :  9.11650e-08
 Reference value :  9.63360e-08
 Reference value :  1.00763e-07
 Reference value :  1.06363e-07
 Reference value :  1.10994e-07
 Reference value :  1.16594e-07
 Reference value :  1.20282e-07
 Reference value :  1.23297e-07
 Reference value :  1.25536e-07
 Reference value :  1.30947e-07
 Reference value :  1.36936e-07
 Reference value :  1.43234e-07
 Reference value :  1.53234e-07
 Reference value :  1.60879e-07
 Reference value :  1.63849e-07
 Reference value :  1.65940e-07
 Reference value :  1.70205e-07
 Reference value :  1.73736e-07
 Reference value :  1.80010e-07
 Reference value :  1.84777e-07
 Reference value :  1.90149e-07
 Reference value :  1.95421e-07
 Reference value :  2.00205e-07
 Reference value :  2.04149e-07
 Reference value :  2.10107e-07
 Reference value :  2.15947e-07
 Reference value :  2.23777e-07
 Reference value :  2.31777e-07
 Reference value :  2.39377e-07
 Reference value :  2.41207e-07
 Reference value :  2.45165e-07
 Reference value :  2.51249e-07
 Reference value :  2.60030e-07
 Reference value :  2.64848e-07
 Reference value :  2.74048e-07
 Reference value :  2.80304e-07
 Reference value :  2.82520e-07
 Reference value :  2.85249e-07
 Reference value :  2.91110e-07
 Reference value :  2.99136e-07
 Reference value :  3.04963e-07
 Reference value :  3.10121e-07
 Reference value :  3.14994e-07
 Reference value :  3.20121e-07
 Reference value :  3.22097e-07
 Reference value :  3.25110e-07
 Reference value :  3.30107e-07
 Reference value :  3.36336e-07
 Reference value :  3.44234e-07
 Reference value :  3.52434e-07
 Reference value :  3.60107e-07
 Reference value :  3.62497e-07
 Reference value :  3.67736e-07
 Reference value :  3.71536e-07
 Reference value :  3.80977e-07
 Reference value :  3.90121e-07
 Reference value :  3.98820e-07
 Reference value :  4.02697e-07
 Reference value :  4.05207e-07
 Reference value :  4.10030e-07
 Reference value :  4.13147e-07
 Reference value :  4.20577e-07
 Reference value :  4.31577e-07
 Reference value :  4.41200e-07
 Reference value :  4.44947e-07
 Reference value :  4.50149e-07
 Reference value :  4.55536e-07
 Reference value :  4.60205e-07
 Reference value :  4.69247e-07
 Reference value :  4.80682e-07
 Reference value :  4.85100e-07
 Reference value :  4.90422e-07
 Reference value :  4.97736e-07
 Reference value :  5.03963e-07
 Reference value :  5.10453e-07
 Reference value :  5.15994e-07
 Reference value :  5.20220e-07
 Reference value :  5.24149e-07
 Reference value :  5.30205e-07
 Reference value :  5.37936e-07
 Reference value :  5.43034e-07
 Reference value :  5.49234e-07
 Reference value :  5.58434e-07
 Reference value :  5.61200e-07
 Reference value :  5.64313e-07
 Reference value :  5.70149e-07
 Reference value :  5.78736e-07
 Reference value :  5.86777e-07
 Reference value :  5.90205e-07
 Reference value :  5.97420e-07
 Reference value :  6.01305e-07
 Reference value :  6.05165e-07
 Reference value :  6.10121e-07
 Reference value :  6.13147e-07
 Reference value :  6.20030e-07
 Reference value :  6.25577e-07
 Reference value :  6.33177e-07
 Reference value :  6.40065e-07
 Reference value :  6.41249e-07
 Reference value :  6.44107e-07
 Reference value :  6.45736e-07
 Reference value :  6.50100e-07
 Reference value :  6.51384e-07
 Reference value :  6.56536e-07
 Reference value :  6.60149e-07
 Reference value :  6.65247e-07
 Reference value :  6.72247e-07
 Reference value :  6.79824e-07
 Reference value :  6.81200e-07
 Reference value :  6.84030e-07
 Reference value :  6.85536e-07
 Reference value :  6.90121e-07
 Reference value :  6.92936e-07
 Reference value :  6.99336e-07
 Reference value :  7.01763e-07
 Reference value :  7.07363e-07
 Reference value :  7.10794e-07
 Reference value :  7.15794e-07
 Reference value :  7.20065e-07
 Reference value :  7.21221e-07
 Reference value :  7.24121e-07
 Reference value :  7.25936e-07
 Reference value :  7.30121e-07
 Reference value :  7.31936e-07
 Reference value :  7.37336e-07
 Reference value :  7.40834e-07
 Reference value :  7.46234e-07
 Reference value :  7.52434e-07
 Reference value :  7.60010e-07
 Reference value :  7.61207e-07
 Reference value :  7.64107e-07
 Reference value :  7.66536e-07
 Reference value :  7.70422e-07
 Reference value :  7.74336e-07
 Reference value :  7.80577e-07
 Reference value :  7.85177e-07
 Reference value :  7.90030e-07
 Reference value :  7.92820e-07
 Reference value :  7.99620e-07
 Reference value :  8.01249e-07
 Reference value :  8.04205e-07
 Reference value :  8.07136e-07
 Reference value :  8.10283e-07
 Reference value :  8.13147e-07
 Reference value :  8.19147e-07
 Reference value :  8.22577e-07
 Reference value :  8.27977e-07
 Reference value :  8.33177e-07
 Reference value :  8.39888e-07
 Reference value :  8.41200e-07
 Reference value :  8.44065e-07
 Reference value :  8.45536e-07
 Reference value :  8.50065e-07
 Reference value :  8.51536e-07
 Reference value :  8.58736e-07
 Reference value :  8.68047e-07
 Reference value :  8.79647e-07
 Reference value :  8.81200e-07
 Reference value :  8.84030e-07
 Reference value :  8.85249e-07
 Reference value :  8.90010e-07
 Reference value :  8.91384e-07
 Reference value :  8.99868e-07
 Reference value :  9.06963e-07
 Reference value :  9.12394e-07
 Reference value :  9.17394e-07
 Reference value :  9.20405e-07
 Reference value :  9.22697e-07
 Reference value :  9.25110e-07
 Reference value :  9.28936e-07
 Reference value :  9.33536e-07
 Reference value :  9.43034e-07
 Reference value :  9.52434e-07
 Reference value :  9.60065e-07
 Reference value :  9.61249e-07
 Reference value :  9.64205e-07
 Reference value :  9.66936e-07
 Reference value :  9.70422e-07
 Reference value :  9.78736e-07
 Reference value :  9.88777e-07
 Reference value :  9.96420e-07
 Reference value :  1.00022e-06
 Reference value :  1.00172e-06
 Reference value :  1.00442e-06
 Reference value :  1.00734e-06
 Reference value :  1.01056e-06
 Reference value :  1.01335e-06
 Reference value :  1.02001e-06
 Reference value :  1.02798e-06
 Reference value :  1.03978e-06
 Reference value :  1.04121e-06
 Reference value :  1.04412e-06
 Reference value :  1.04614e-06
 Reference value :  1.05031e-06
 Reference value :  1.05334e-06
 Reference value :  1.05914e-06
 Reference value :  1.06785e-06
 Reference value :  1.08015e-06
 Reference value :  1.08310e-06
 Reference value :  1.08516e-06
 Reference value :  1.08974e-06
 Reference value :  1.09121e-06
 Reference value :  1.09614e-06
 Reference value :  1.10020e-06
 Reference value :  1.10636e-06
 Reference value :  1.11439e-06
 Reference value :  1.12113e-06
 Reference value :  1.12412e-06
 Reference value :  1.12654e-06
 Reference value :  1.13031e-06
 Reference value :  1.13334e-06
 Reference value :  1.13914e-06
 Reference value :  1.14303e-06
 Reference value :  1.14923e-06
 Reference value :  1.15743e-06
 Reference value :  1.16099e-06
 Reference value :  1.16330e-06
 Reference value :  1.16521e-06
 Reference value :  1.17001e-06
 Reference value :  1.17138e-06
 Reference value :  1.17654e-06
 Reference value :  1.18044e-06
 Reference value :  1.18738e-06
 Reference value :  1.19582e-06
 Reference value :  1.20121e-06
 Reference value :  1.20412e-06
 Reference value :  1.20634e-06
 Reference value :  1.21028e-06
 Reference value :  1.21275e-06
 Reference value :  1.21835e-06
 Reference value :  1.22138e-06
 Reference value :  1.22698e-06
 Reference value :  1.23278e-06
 Reference value :  1.24003e-06
 Reference value :  1.24131e-06
 Reference value :  1.24420e-06
 Reference value :  1.24834e-06
 Reference value :  1.25095e-06
 Reference value :  1.25454e-06
 Reference value :  1.26000e-06
 Reference value :  1.26405e-06
 Reference value :  1.27125e-06
 Reference value :  1.28003e-06
 Reference value :  1.28154e-06
 Reference value :  1.28511e-06
 Reference value :  1.29130e-06
 Reference value :  1.30040e-06
 Reference value :  1.30816e-06
 Reference value :  1.31159e-06
 Reference value :  1.31739e-06
 Reference value :  1.32028e-06
 Reference value :  1.32270e-06
 Reference value :  1.32511e-06
 Reference value :  1.32874e-06
 Reference value :  1.33110e-06
 Reference value :  1.33454e-06
 Reference value :  1.33974e-06
 Reference value :  1.34283e-06
 Reference value :  1.34823e-06
 Reference value :  1.35703e-06
 Reference value :  1.36070e-06
 Reference value :  1.36310e-06
 Reference value :  1.36521e-06
 Reference value :  1.36987e-06
 Reference value :  1.37125e-06
 Reference value :  1.37614e-06
 Reference value :  1.38030e-06
 Reference value :  1.38518e-06
 Reference value :  1.39012e-06
 Reference value :  1.39483e-06
 Reference value :  1.40170e-06
 Reference value :  1.40694e-06
 Reference value :  1.41088e-06
 Reference value :  1.41395e-06
 Reference value :  1.41955e-06
 Reference value :  1.42258e-06
 Reference value :  1.42838e-06
 Reference value :  1.43418e-06
 Reference value :  1.44010e-06
 Reference value :  1.44154e-06
 Reference value :  1.44431e-06
 Reference value :  1.44774e-06
 Reference value :  1.45095e-06
 Reference value :  1.45454e-06
 Reference value :  1.46006e-06
 Reference value :  1.46445e-06
 Reference value :  1.47325e-06
 Reference value :  1.48020e-06
 Reference value :  1.48290e-06
 Reference value :  1.48521e-06
 Reference value :  1.48987e-06
 Reference value :  1.49125e-06
 Reference value :  1.50015e-06
 Reference value :  1.50988e-06
 Reference value :  1.51579e-06
 Reference value :  1.52007e-06
 Reference value :  1.52131e-06
 Reference value :  1.52420e-06
 Reference value :  1.52694e-06
 Reference value :  1.53031e-06
 Reference value :  1.53294e-06
 Reference value :  1.53894e-06
 Reference value :  1.54263e-06
 Reference value :  1.54843e-06
 Reference value :  1.55543e-06
 Reference value :  1.56041e-06
 Reference value :  1.56250e-06
 Reference value :  1.56510e-06
 Reference value :  1.56894e-06
 Reference value :  1.57110e-06
 Reference value :  1.57434e-06
 Reference value :  1.57974e-06
 Reference value :  1.58238e-06
 Reference value :  1.58738e-06
 Reference value :  1.59082e-06
 Reference value :  1.59542e-06
 Reference value :  1.60122e-06
 Reference value :  1.60634e-06
 Reference value :  1.61122e-06
 Reference value :  1.61715e-06
 Reference value :  1.62158e-06
 Reference value :  1.62778e-06
 Reference value :  1.63418e-06
 Reference value :  1.64020e-06
 Reference value :  1.64230e-06
 Reference value :  1.64479e-06
 Reference value :  1.64834e-06
 Reference value :  1.65117e-06
 Reference value :  1.65614e-06
 Reference value :  1.66065e-06
 Reference value :  1.66585e-06
 Reference value :  1.67245e-06
 Reference value :  1.68000e-06
 Reference value :  1.68120e-06
 Reference value :  1.68410e-06
 Reference value :  1.68554e-06
 Reference value :  1.69006e-06
 Reference value :  1.69154e-06
 Reference value :  1.70040e-06
 Reference value :  1.71001e-06
 Reference value :  1.71639e-06
 Reference value :  1.72015e-06
 Reference value :  1.72170e-06
 Reference value :  1.72431e-06
 Reference value :  1.72734e-06
 Reference value :  1.73095e-06
 Reference value :  1.73514e-06
 Reference value :  1.74012e-06
 Reference value :  1.74563e-06
 Reference value :  1.75303e-06
 Reference value :  1.76012e-06
 Reference value :  1.76210e-06
 Reference value :  1.76513e-06
 Reference value :  1.76974e-06
 Reference value :  1.77138e-06
 Reference value :  1.77754e-06
 Reference value :  1.78158e-06
 Reference value :  1.78758e-06
 Reference value :  1.79142e-06
 Reference value :  1.79722e-06
 Reference value :  1.80083e-06
 Reference value :  1.80400e-06
 Reference value :  1.80574e-06
 Reference value :  1.81020e-06
 Reference value :  1.81295e-06
 Reference value :  1.81955e-06
 Reference value :  1.82338e-06
 Reference value :  1.82978e-06
 Reference value :  1.83638e-06
 Reference value :  1.84098e-06
 Reference value :  1.84406e-06
 Reference value :  1.84634e-06
 Reference value :  1.85042e-06
 Reference value :  1.85454e-06
 Reference value :  1.86010e-06
 Reference value :  1.86545e-06
 Reference value :  1.87385e-06
 Reference value :  1.88020e-06
 Reference value :  1.88290e-06
 Reference value :  1.88525e-06
 Reference value :  1.89011e-06
 Reference value :  1.89274e-06
 Reference value :  1.89914e-06
 Reference value :  1.90216e-06
 Reference value :  1.90836e-06
 Reference value :  1.91199e-06
 Reference value :  1.91859e-06
 Reference value :  1.92111e-06
 Reference value :  1.92494e-06
 Reference value :  1.93094e-06
 Reference value :  1.94001e-06
 Reference value :  1.94443e-06
 Reference value :  1.95123e-06
 Reference value :  1.96001e-06
 Reference value :  1.96138e-06
 Reference value :  1.96521e-06
 Reference value :  1.97079e-06
 Reference value :  1.97494e-06
 Reference value :  1.98015e-06
 Reference value :  1.98518e-06
 Reference value :  1.99012e-06
 Reference value :  1.99482e-06
 Reference value :  2.00011e-06
 Reference value :  2.00190e-06
 Reference value :  2.00510e-06
 Reference value :  2.00954e-06
 Reference value :  2.01125e-06
 Reference value :  2.01655e-06
 Reference value :  2.02078e-06
 Reference value :  2.02678e-06
 Reference value :  2.03318e-06
 Reference value :  2.04010e-06
 Reference value :  2.04230e-06
 Reference value :  2.04520e-06
 Reference value :  2.05125e-06
 Reference value :  2.06065e-06
 Reference value :  2.07245e-06
 Reference value :  2.08011e-06
 Reference value :  2.08190e-06
 Reference value :  2.08513e-06
 Reference value :  2.09000e-06
 Reference value :  2.09194e-06
 Reference value :  2.09814e-06
 Reference value :  2.10316e-06
 Reference value :  2.10988e-06
 Reference value :  2.11359e-06
 Reference value :  2.12000e-06
 Reference value :  2.12131e-06
 Reference value :  2.12461e-06
 Reference value :  2.12854e-06
 Reference value :  2.13120e-06
 Reference value :  2.13634e-06
 Reference value :  2.14043e-06
 Reference value :  2.14723e-06
 Reference value :  2.15643e-06
 Reference value :  2.16088e-06
 Reference value :  2.16406e-06
 Reference value :  2.17000e-06
 Reference value :  2.17714e-06
 Reference value :  2.18458e-06
 Reference value :  2.19006e-06
 Reference value :  2.19402e-06
 Reference value :  2.20003e-06
 Reference value :  2.20154e-06
 Reference value :  2.20495e-06
 Reference value :  2.20934e-06
 Reference value :  2.21125e-06
 Reference value :  2.21695e-06
 Reference value :  2.22118e-06
 Reference value :  2.22738e-06
 Reference value :  2.23418e-06
 Reference value :  2.24030e-06
 Reference value :  2.24386e-06
 Reference value :  2.24594e-06
 Reference value :  2.25031e-06
 Reference value :  2.25374e-06
 Reference value :  2.26000e-06
 Reference value :  2.26465e-06
 Reference value :  2.27365e-06
 Reference value :  2.28028e-06
 Reference value :  2.28310e-06
 Reference value :  2.28814e-06
 Reference value :  2.29394e-06
 Reference value :  2.30136e-06
 Reference value :  2.30756e-06
 Reference value :  2.31179e-06
 Reference value :  2.31839e-06
 Reference value :  2.32116e-06
 Reference value :  2.32420e-06
 Reference value :  2.32774e-06
 Reference value :  2.33116e-06
 Reference value :  2.33634e-06
 Reference value :  2.34083e-06
 Reference value :  2.34743e-06
 Reference value :  2.35583e-06
 Reference value :  2.36070e-06
 Reference value :  2.36400e-06
 Reference value :  2.36574e-06
 Reference value :  2.37020e-06
 Reference value :  2.37374e-06
 Reference value :  2.38000e-06
 Reference value :  2.38378e-06
 Reference value :  2.39000e-06
 Reference value :  2.39422e-06
 Reference value :  2.40010e-06
 Reference value :  2.40167e-06
 Reference value :  2.40461e-06
 Reference value :  2.40873e-06
 Reference value :  2.41056e-06
 Reference value :  2.41735e-06
 Reference value :  2.42618e-06
 Reference value :  2.44003e-06
 Reference value :  2.44206e-06
 Reference value :  2.44510e-06
 Reference value :  2.44916e-06
 Reference value :  2.45110e-06
 Reference value :  2.45574e-06
 Reference value :  2.46065e-06
 Reference value :  2.46765e-06
 Reference value :  2.47705e-06
 Reference value :  2.48110e-06
 Reference value :  2.48406e-06
 Reference value :  2.48654e-06
 Reference value :  2.49003e-06
 Reference value :  2.49214e-06
 Reference value :  2.49854e-06
 Reference value :  2.50216e-06
 Reference value :  2.50916e-06
 Reference value :  2.51299e-06
 Reference value :  2.51959e-06
 Reference value :  2.52125e-06
 Reference value :  2.52420e-06
 Reference value :  2.52814e-06
 Reference value :  2.53031e-06
 Reference value :  2.53414e-06
 Reference value :  2.54063e-06
 Reference value :  2.55123e-06
 Reference value :  2.56037e-06
 Reference value :  2.56326e-06
 Reference value :  2.56525e-06
 Reference value :  2.56930e-06
 Reference value :  2.57120e-06
 Reference value :  2.57654e-06
 Reference value :  2.58098e-06
 Reference value :  2.58698e-06
 Reference value :  2.59102e-06
 Reference value :  2.59682e-06
 Reference value :  2.60037e-06
 Reference value :  2.60346e-06
 Reference value :  2.60538e-06
 Reference value :  2.60955e-06
 Reference value :  2.61125e-06
 Reference value :  2.61695e-06
 Reference value :  2.62118e-06
 Reference value :  2.62718e-06
 Reference value :  2.63558e-06
 Reference value :  2.64065e-06
 Reference value :  2.64383e-06
 Reference value :  2.64554e-06
 Reference value :  2.64972e-06
 Reference value :  2.65154e-06
 Reference value :  2.66020e-06
 Reference value :  2.67405e-06
 Reference value :  2.68206e-06
 Reference value :  2.68794e-06
 Reference value :  2.69032e-06
 Reference value :  2.69394e-06
 Reference value :  2.70006e-06
 Reference value :  2.70416e-06
 Reference value :  2.71003e-06
 Reference value :  2.71419e-06
 Reference value :  2.72006e-06
 Reference value :  2.72138e-06
 Reference value :  2.72461e-06
 Reference value :  2.72874e-06
 Reference value :  2.73042e-06
 Reference value :  2.73434e-06
 Reference value :  2.74006e-06
 Reference value :  2.74503e-06
 Reference value :  2.75223e-06
 Reference value :  2.76010e-06
 Reference value :  2.76167e-06
 Reference value :  2.76479e-06
 Reference value :  2.76892e-06
 Reference value :  2.77042e-06
 Reference value :  2.77414e-06
 Reference value :  2.78010e-06
 Reference value :  2.78478e-06
 Reference value :  2.79012e-06
 Reference value :  2.79902e-06
 Reference value :  2.80266e-06
 Reference value :  2.80913e-06
 Reference value :  2.81056e-06
 Reference value :  2.81375e-06
 Reference value :  2.82001e-06
 Reference value :  2.82398e-06
 Reference value :  2.83038e-06
 Reference value :  2.83758e-06
 Reference value :  2.84110e-06
 Reference value :  2.84401e-06
 Reference value :  2.84594e-06
 Reference value :  2.84986e-06
 Reference value :  2.85138e-06
 Reference value :  2.85754e-06
 Reference value :  2.86205e-06
 Reference value :  2.86965e-06
 Reference value :  2.87885e-06
 Reference value :  2.88120e-06
 Reference value :  2.88411e-06
 Reference value :  2.88714e-06
 Reference value :  2.89010e-06
 Reference value :  2.89234e-06
 Reference value :  2.89874e-06
 Reference value :  2.90216e-06
 Reference value :  2.90856e-06
 Reference value :  2.91239e-06
 Reference value :  2.91899e-06
 Reference value :  2.92151e-06
 Reference value :  2.92574e-06
 Reference value :  2.93111e-06
 Reference value :  2.93674e-06
 Reference value :  2.94029e-06
 Reference value :  2.94543e-06
 Reference value :  2.95143e-06
 Reference value :  2.95943e-06
 Reference value :  2.96116e-06
 Reference value :  2.96401e-06
 Reference value :  2.96531e-06
 Reference value :  2.96922e-06
 Reference value :  2.97110e-06
 Reference value :  2.97434e-06
 Reference value :  2.97974e-06
 Reference value :  2.98278e-06
 Reference value :  2.98838e-06
 Reference value :  2.99122e-06
 Reference value :  2.99622e-06
 Reference value :  3.00020e-06
 Reference value :  3.00167e-06
 Reference value :  3.00431e-06
 Reference value :  3.00694e-06
 Reference value :  3.00986e-06
 Reference value :  3.01120e-06
 Reference value :  3.01535e-06
 Reference value :  3.02010e-06
 Reference value :  3.02418e-06
 Reference value :  3.02938e-06
 Reference value :  3.03478e-06
 Reference value :  3.04016e-06
 Reference value :  3.04166e-06
 Reference value :  3.04420e-06
 Reference value :  3.04674e-06
 Reference value :  3.04972e-06
 Reference value :  3.05120e-06
 Reference value :  3.05554e-06
 Reference value :  3.06011e-06
 Reference value :  3.06465e-06
 Reference value :  3.07245e-06
 Reference value :  3.08002e-06
 Reference value :  3.08120e-06
 Reference value :  3.08406e-06
 Reference value :  3.08554e-06
 Reference value :  3.08931e-06
 Reference value :  3.09110e-06
 Reference value :  3.09494e-06
 Reference value :  3.10007e-06
 Reference value :  3.10276e-06
 Reference value :  3.10796e-06
 Reference value :  3.11099e-06
 Reference value :  3.11579e-06
 Reference value :  3.12012e-06
 Reference value :  3.12410e-06
 Reference value :  3.12925e-06
 Reference value :  3.13214e-06
 Reference value :  3.13754e-06
 Reference value :  3.14083e-06
 Reference value :  3.14603e-06
 Reference value :  3.15243e-06
 Reference value :  3.16001e-06
 Reference value :  3.16122e-06
 Reference value :  3.16407e-06
 Reference value :  3.16554e-06
 Reference value :  3.16931e-06
 Reference value :  3.17110e-06
 Reference value :  3.17454e-06
 Reference value :  3.17987e-06
 Reference value :  3.18258e-06
 Reference value :  3.18798e-06
 Reference value :  3.19102e-06
 Reference value :  3.19582e-06
 Reference value :  3.20012e-06
 Reference value :  3.20131e-06
 Reference value :  3.20411e-06
 Reference value :  3.20594e-06
 Reference value :  3.20940e-06
 Reference value :  3.21111e-06
 Reference value :  3.21455e-06
 Reference value :  3.21975e-06
 Reference value :  3.22258e-06
 Reference value :  3.22818e-06
 Reference value :  3.23378e-06
 Reference value :  3.24006e-06
 Reference value :  3.24125e-06
 Reference value :  3.24410e-06
 Reference value :  3.24594e-06
 Reference value :  3.24930e-06
 Reference value :  3.25110e-06
 Reference value :  3.25434e-06
 Reference value :  3.25954e-06
 Reference value :  3.26345e-06
 Reference value :  3.27045e-06
 Reference value :  3.27845e-06
 Reference value :  3.28096e-06
 Reference value :  3.28326e-06
 Reference value :  3.28520e-06
 Reference value :  3.28913e-06
 Reference value :  3.29031e-06
 Reference value :  3.29314e-06
 Reference value :  3.29854e-06
 Reference value :  3.30156e-06
 Reference value :  3.30716e-06
 Reference value :  3.31139e-06
 Reference value :  3.31679e-06
 Reference value :  3.32020e-06
 Reference value :  3.32186e-06
 Reference value :  3.32442e-06
 Reference value :  3.32754e-06
 Reference value :  3.33003e-06
 Reference value :  3.33138e-06
 Reference value :  3.33674e-06
 Reference value :  3.34063e-06
 Reference value :  3.34723e-06
 Reference value :  3.35563e-06
 Reference value :  3.36049e-06
 Reference value :  3.36346e-06
 Reference value :  3.36531e-06
 Reference value :  3.36940e-06
 Reference value :  3.37122e-06
 Reference value :  3.37714e-06
 Reference value :  3.38138e-06
 Reference value :  3.38758e-06
 Reference value :  3.39162e-06
 Reference value :  3.39842e-06
No. of Data Rows : 22582

  Measurements for Transient Analysis

twin_r              =  1.28739e-09 targ=  4.13374e-08 trig=  4.00500e-08
twin_f              =  1.27441e-09 targ=  2.41424e-07 trig=  2.40150e-07
tb_asrt             =   8.71565e-07
te_asrt             =   8.71565e-07
la_lvl              =  2.18089e-10 from=  3.06000e-06 to=  3.40000e-06
lb_lvl              =  2.97000e+00 from=  3.06000e-06 to=  3.40000e-06
lc_lvl              =  6.35698e-10 from=  3.06000e-06 to=  3.40000e-06
ld_lvl              =  2.62472e-09 from=  3.06000e-06 to=  3.40000e-06
le_lvl              =  6.78071e-09 from=  3.06000e-06 to=  3.40000e-06
va_lvl              =  4.83099e-02 from=  3.06000e-06 to=  3.40000e-06
te_deas             =   2.40502e-06
le_pre              =  2.97000e+00 from=  2.16000e-06 to=  2.40001e-06
iavg                =  -1.31299e-04 from=  1.70000e-06 to=  3.40000e-06

ngspice-46 done

Warning: m=xx on .subckt line will override multiplier m hierarchy!


Error: measure  ta_asrt  when(WHEN) : out of interval
 .measure tran ta_asrt when v(locka)=    1.485000000000000e+00     rise=1 failed!


Error: measure  tc_asrt  when(WHEN) : out of interval
 .measure tran tc_asrt when v(lockc)=    1.485000000000000e+00     rise=1 failed!


Error: measure  td_asrt  when(WHEN) : out of interval
 .measure tran td_asrt when v(lockd)=    1.485000000000000e+00     rise=1 failed!

