
Note: Compatibility modes selected: hs a


Circuit: * lock-detector @ sf_-40c_3.63v_e4.0n_c7 -- generated by sim/harness, do not edit

Doing analysis at TEMP = -40.000000 and TNOM = 27.000000

Using SPARSE 1.3 as Direct Linear Solver

Initial Transient Solution
--------------------------

Node                                   Voltage
----                                   -------
vdd                                       3.63
ldt0                                      3.63
ldt1                                      3.63
ldt2                                      3.63
ldt3                                         0
upa                                          0
dna                                          0
xa.xerr.n1                                3.63
xa.xerr.xg1.nmid                   7.82029e-05
xa.xerr.n2                                3.63
xa.xerr.xg2.nmid                   1.02982e-13
xa.xerr.n3                                3.63
xa.xerr.xg3.nmid                   1.02982e-13
xa.err                              1.1099e-08
xa.xerr.xg4.nmid                    5.5495e-09
xa.xdly.t0b                        5.56212e-09
xa.xdly.t1b                        5.56212e-09
xa.xdly.t2b                        5.56212e-09
xa.xdly.t3b                               3.63
xa.xdly.d1                                3.63
xa.xdly.s10                               3.63
xa.xdly.s11                               3.63
xa.xdly.s12                               3.63
xa.xdly.s13                        4.40134e-09
xa.xdly.d2                         3.95775e-08
xa.xdly.s20                        5.65994e-08
xa.xdly.s21                        4.98539e-08
xa.xdly.s22                         4.4989e-08
xa.xdly.s23                        4.40106e-09
xa.xdly.d3                                3.63
xa.xdly.s30                               3.63
xa.xdly.s31                               3.63
xa.xdly.s32                               3.63
xa.xdly.s33                        4.40134e-09
xa.errd                            3.95775e-08
xa.xdly.s40                        5.65994e-08
xa.xdly.s41                        4.98539e-08
xa.xdly.s42                         4.4989e-08
xa.xdly.s43                        4.40106e-09
xa.wideb                                  3.63
xa.xnw.nmid                        7.82029e-05
xa.wide                            5.56212e-09
vwina                                        0
xa.xsch.p1                                3.63
xa.lockb                                  3.63
xa.xsch.n1                             2.86972
locka                              5.56212e-09
upb                                          0
dnb                                          0
xb.xerr.n1                                3.63
xb.xerr.xg1.nmid                   7.82029e-05
xb.xerr.n2                                3.63
xb.xerr.xg2.nmid                   1.02982e-13
xb.xerr.n3                                3.63
xb.xerr.xg3.nmid                   1.02982e-13
xb.err                              1.1099e-08
xb.xerr.xg4.nmid                    5.5495e-09
xb.xdly.t0b                        5.56212e-09
xb.xdly.t1b                        5.56212e-09
xb.xdly.t2b                        5.56212e-09
xb.xdly.t3b                               3.63
xb.xdly.d1                                3.63
xb.xdly.s10                               3.63
xb.xdly.s11                               3.63
xb.xdly.s12                               3.63
xb.xdly.s13                        4.40134e-09
xb.xdly.d2                         3.95775e-08
xb.xdly.s20                        5.65994e-08
xb.xdly.s21                        4.98539e-08
xb.xdly.s22                         4.4989e-08
xb.xdly.s23                        4.40106e-09
xb.xdly.d3                                3.63
xb.xdly.s30                               3.63
xb.xdly.s31                               3.63
xb.xdly.s32                               3.63
xb.xdly.s33                        4.40134e-09
xb.errd                            3.95775e-08
xb.xdly.s40                        5.65994e-08
xb.xdly.s41                        4.98539e-08
xb.xdly.s42                         4.4989e-08
xb.xdly.s43                        4.40106e-09
xb.wideb                                  3.63
xb.xnw.nmid                        7.82029e-05
xb.wide                            5.56212e-09
vwinb                                        0
xb.xsch.p1                                3.63
xb.lockb                                  3.63
xb.xsch.n1                             2.86972
lockb                              5.56212e-09
upc                                          0
dnc                                          0
xc.xerr.n1                                3.63
xc.xerr.xg1.nmid                   7.82029e-05
xc.xerr.n2                                3.63
xc.xerr.xg2.nmid                   1.02982e-13
xc.xerr.n3                                3.63
xc.xerr.xg3.nmid                   1.02982e-13
xc.err                              1.1099e-08
xc.xerr.xg4.nmid                    5.5495e-09
xc.xdly.t0b                        5.56212e-09
xc.xdly.t1b                        5.56212e-09
xc.xdly.t2b                        5.56212e-09
xc.xdly.t3b                               3.63
xc.xdly.d1                                3.63
xc.xdly.s10                               3.63
xc.xdly.s11                               3.63
xc.xdly.s12                               3.63
xc.xdly.s13                        4.40134e-09
xc.xdly.d2                         3.95775e-08
xc.xdly.s20                        5.65994e-08
xc.xdly.s21                        4.98539e-08
xc.xdly.s22                         4.4989e-08
xc.xdly.s23                        4.40106e-09
xc.xdly.d3                                3.63
xc.xdly.s30                               3.63
xc.xdly.s31                               3.63
xc.xdly.s32                               3.63
xc.xdly.s33                        4.40134e-09
xc.errd                            3.95775e-08
xc.xdly.s40                        5.65994e-08
xc.xdly.s41                        4.98539e-08
xc.xdly.s42                         4.4989e-08
xc.xdly.s43                        4.40106e-09
xc.wideb                                  3.63
xc.xnw.nmid                        7.82029e-05
xc.wide                            5.56212e-09
vwinc                                        0
xc.xsch.p1                                3.63
xc.lockb                                  3.63
xc.xsch.n1                             2.86972
lockc                              5.56212e-09
upd                                          0
dnd                                          0
xd.xerr.n1                                3.63
xd.xerr.xg1.nmid                   7.82029e-05
xd.xerr.n2                                3.63
xd.xerr.xg2.nmid                   1.02982e-13
xd.xerr.n3                                3.63
xd.xerr.xg3.nmid                   1.02982e-13
xd.err                              1.1099e-08
xd.xerr.xg4.nmid                    5.5495e-09
xd.xdly.t0b                        5.56212e-09
xd.xdly.t1b                        5.56212e-09
xd.xdly.t2b                        5.56212e-09
xd.xdly.t3b                               3.63
xd.xdly.d1                                3.63
xd.xdly.s10                               3.63
xd.xdly.s11                               3.63
xd.xdly.s12                               3.63
xd.xdly.s13                        4.40134e-09
xd.xdly.d2                         3.95775e-08
xd.xdly.s20                        5.65994e-08
xd.xdly.s21                        4.98539e-08
xd.xdly.s22                         4.4989e-08
xd.xdly.s23                        4.40106e-09
xd.xdly.d3                                3.63
xd.xdly.s30                               3.63
xd.xdly.s31                               3.63
xd.xdly.s32                               3.63
xd.xdly.s33                        4.40134e-09
xd.errd                            3.95775e-08
xd.xdly.s40                        5.65994e-08
xd.xdly.s41                        4.98539e-08
xd.xdly.s42                         4.4989e-08
xd.xdly.s43                        4.40106e-09
xd.wideb                                  3.63
xd.xnw.nmid                        7.82029e-05
xd.wide                            5.56212e-09
vwind                                        0
xd.xsch.p1                                3.63
xd.lockb                                  3.63
xd.xsch.n1                             2.86972
lockd                              5.56212e-09
upe1                                         0
upe2                                         0
upe1n                                     3.63
upe2n                                     3.63
upe                                 1.1099e-08
xoe3.nmid                           5.5495e-09
dne                                          0
xe.xerr.n1                                3.63
xe.xerr.xg1.nmid                   7.82029e-05
xe.xerr.n2                                3.63
xe.xerr.xg2.nmid                   1.02987e-13
xe.xerr.n3                                3.63
xe.xerr.xg3.nmid                   1.02987e-13
xe.err                              1.1099e-08
xe.xerr.xg4.nmid                    5.5495e-09
xe.xdly.t0b                        5.56212e-09
xe.xdly.t1b                        5.56212e-09
xe.xdly.t2b                        5.56212e-09
xe.xdly.t3b                               3.63
xe.xdly.d1                                3.63
xe.xdly.s10                               3.63
xe.xdly.s11                               3.63
xe.xdly.s12                               3.63
xe.xdly.s13                        4.40134e-09
xe.xdly.d2                         3.95775e-08
xe.xdly.s20                        5.65994e-08
xe.xdly.s21                        4.98539e-08
xe.xdly.s22                         4.4989e-08
xe.xdly.s23                        4.40106e-09
xe.xdly.d3                                3.63
xe.xdly.s30                               3.63
xe.xdly.s31                               3.63
xe.xdly.s32                               3.63
xe.xdly.s33                        4.40134e-09
xe.errd                            3.95775e-08
xe.xdly.s40                        5.65994e-08
xe.xdly.s41                        4.98539e-08
xe.xdly.s42                         4.4989e-08
xe.xdly.s43                        4.40106e-09
xe.wideb                                  3.63
xe.xnw.nmid                        7.82029e-05
xe.wide                            5.56212e-09
vwine                                        0
xe.xsch.p1                                3.63
xe.lockb                                  3.63
xe.xsch.n1                             2.86972
locke                              5.56212e-09
wstep                                        0
xw.t0b                             5.56212e-09
xw.t1b                             5.56212e-09
xw.t2b                             5.56212e-09
xw.t3b                                    3.63
xw.d1                                     3.63
xw.s10                                    3.63
xw.s11                                    3.63
xw.s12                                    3.63
xw.s13                             4.40134e-09
xw.d2                              3.95775e-08
xw.s20                             5.65994e-08
xw.s21                             4.98539e-08
xw.s22                              4.4989e-08
xw.s23                             4.40106e-09
xw.d3                                     3.63
xw.s30                                    3.63
xw.s31                                    3.63
xw.s32                                    3.63
xw.s33                             4.40134e-09
wout                               3.95775e-08
xw.s40                             5.65994e-08
xw.s41                             4.98539e-08
xw.s42                              4.4989e-08
xw.s43                             4.40106e-09
vwstep#branch                                0
vdne#branch                                  0
vupe2#branch                                 0
vupe1#branch                                 0
vdnd#branch                                  0
vupd#branch                                  0
vdnc#branch                                  0
vupc#branch                                  0
vdnb#branch                                  0
vupb#branch                                  0
vdna#branch                                  0
vupa#branch                                  0
vt3#branch                                   0
vt2#branch                                   0
vt1#branch                                   0
vt0#branch                                   0
vdd#branch                        -8.43373e-06

 Reference value :  0.00000e+00
 Reference value :  1.26560e-08
 Reference value :  2.46560e-08
 Reference value :  3.48560e-08
 Reference value :  4.06256e-08
 Reference value :  4.41000e-08
 Reference value :  4.65352e-08
 Reference value :  5.06815e-08
 Reference value :  5.51352e-08
 Reference value :  6.04390e-08
 Reference value :  6.80390e-08
 Reference value :  7.76390e-08
 Reference value :  8.12000e-08
 Reference value :  8.42875e-08
 Reference value :  8.81352e-08
 Reference value :  9.12000e-08
 Reference value :  9.69352e-08
 Reference value :  1.01309e-07
 Reference value :  1.07709e-07
 Reference value :  1.11872e-07
 Reference value :  1.17872e-07
 Reference value :  1.20931e-07
 Reference value :  1.24121e-07
 Reference value :  1.26935e-07
 Reference value :  1.31100e-07
 Reference value :  1.37135e-07
 Reference value :  1.45611e-07
 Reference value :  1.58011e-07
 Reference value :  1.61381e-07
 Reference value :  1.64699e-07
 Reference value :  1.69339e-07
 Reference value :  1.71221e-07
 Reference value :  1.76935e-07
 Reference value :  1.81267e-07
 Reference value :  1.87867e-07
 Reference value :  1.91566e-07
 Reference value :  1.98166e-07
 Reference value :  2.01110e-07
 Reference value :  2.05100e-07
 Reference value :  2.10877e-07
 Reference value :  2.18103e-07
 Reference value :  2.25867e-07
 Reference value :  2.33467e-07
 Reference value :  2.40065e-07
 Reference value :  2.41305e-07
 Reference value :  2.45535e-07
 Reference value :  2.52535e-07
 Reference value :  2.60439e-07
 Reference value :  2.67039e-07
 Reference value :  2.76439e-07
 Reference value :  2.80632e-07
 Reference value :  2.84000e-07
 Reference value :  2.86135e-07
 Reference value :  2.91249e-07
 Reference value :  3.00107e-07
 Reference value :  3.06509e-07
 Reference value :  3.10672e-07
 Reference value :  3.16472e-07
 Reference value :  3.20372e-07
 Reference value :  3.24000e-07
 Reference value :  3.25739e-07
 Reference value :  3.31110e-07
 Reference value :  3.39868e-07
 Reference value :  3.50011e-07
 Reference value :  3.59411e-07
 Reference value :  3.61221e-07
 Reference value :  3.65200e-07
 Reference value :  3.70882e-07
 Reference value :  3.77535e-07
 Reference value :  3.87467e-07
 Reference value :  3.96166e-07
 Reference value :  4.01207e-07
 Reference value :  4.05110e-07
 Reference value :  4.09539e-07
 Reference value :  4.11221e-07
 Reference value :  4.19703e-07
 Reference value :  4.27267e-07
 Reference value :  4.40100e-07
 Reference value :  4.44149e-07
 Reference value :  4.49135e-07
 Reference value :  4.53335e-07
 Reference value :  4.60149e-07
 Reference value :  4.67239e-07
 Reference value :  4.80060e-07
 Reference value :  4.84220e-07
 Reference value :  4.90100e-07
 Reference value :  4.95735e-07
 Reference value :  5.02509e-07
 Reference value :  5.10205e-07
 Reference value :  5.16472e-07
 Reference value :  5.20413e-07
 Reference value :  5.23815e-07
 Reference value :  5.29135e-07
 Reference value :  5.35535e-07
 Reference value :  5.42611e-07
 Reference value :  5.52411e-07
 Reference value :  5.60107e-07
 Reference value :  5.62045e-07
 Reference value :  5.65110e-07
 Reference value :  5.70100e-07
 Reference value :  5.76735e-07
 Reference value :  5.86067e-07
 Reference value :  5.92166e-07
 Reference value :  5.97566e-07
 Reference value :  6.01512e-07
 Reference value :  6.05221e-07
 Reference value :  6.10205e-07
 Reference value :  6.14303e-07
 Reference value :  6.20149e-07
 Reference value :  6.26267e-07
 Reference value :  6.33867e-07
 Reference value :  6.40205e-07
 Reference value :  6.42044e-07
 Reference value :  6.44544e-07
 Reference value :  6.47335e-07
 Reference value :  6.50398e-07
 Reference value :  6.52735e-07
 Reference value :  6.57735e-07
 Reference value :  6.61639e-07
 Reference value :  6.67439e-07
 Reference value :  6.75039e-07
 Reference value :  6.80205e-07
 Reference value :  6.82045e-07
 Reference value :  6.84882e-07
 Reference value :  6.87935e-07
 Reference value :  6.90882e-07
 Reference value :  6.94335e-07
 Reference value :  7.00205e-07
 Reference value :  7.04109e-07
 Reference value :  7.09854e-07
 Reference value :  7.12472e-07
 Reference value :  7.17872e-07
 Reference value :  7.20473e-07
 Reference value :  7.22844e-07
 Reference value :  7.25110e-07
 Reference value :  7.28535e-07
 Reference value :  7.30991e-07
 Reference value :  7.34335e-07
 Reference value :  7.40030e-07
 Reference value :  7.44011e-07
 Reference value :  7.51811e-07
 Reference value :  7.59211e-07
 Reference value :  7.61165e-07
 Reference value :  7.64030e-07
 Reference value :  7.65249e-07
 Reference value :  7.70100e-07
 Reference value :  7.72335e-07
 Reference value :  7.79135e-07
 Reference value :  7.84267e-07
 Reference value :  7.89667e-07
 Reference value :  7.91966e-07
 Reference value :  7.97366e-07
 Reference value :  8.00761e-07
 Reference value :  8.04030e-07
 Reference value :  8.05735e-07
 Reference value :  8.10107e-07
 Reference value :  8.11535e-07
 Reference value :  8.17103e-07
 Reference value :  8.20867e-07
 Reference value :  8.26667e-07
 Reference value :  8.32467e-07
 Reference value :  8.38667e-07
 Reference value :  8.41110e-07
 Reference value :  8.44010e-07
 Reference value :  8.45221e-07
 Reference value :  8.50010e-07
 Reference value :  8.51221e-07
 Reference value :  8.55935e-07
 Reference value :  8.60639e-07
 Reference value :  8.73439e-07
 Reference value :  8.81381e-07
 Reference value :  8.85110e-07
 Reference value :  8.88535e-07
 Reference value :  8.90991e-07
 Reference value :  8.94335e-07
 Reference value :  9.00100e-07
 Reference value :  9.05509e-07
 Reference value :  9.12672e-07
 Reference value :  9.20205e-07
 Reference value :  9.21844e-07
 Reference value :  9.24544e-07
 Reference value :  9.27735e-07
 Reference value :  9.30544e-07
 Reference value :  9.33535e-07
 Reference value :  9.40611e-07
 Reference value :  9.56011e-07
 Reference value :  9.61512e-07
 Reference value :  9.64544e-07
 Reference value :  9.67135e-07
 Reference value :  9.70682e-07
 Reference value :  9.74135e-07
 Reference value :  9.80010e-07
 Reference value :  9.87467e-07
 Reference value :  9.97366e-07
 Reference value :  1.00284e-06
 Reference value :  1.00517e-06
 Reference value :  1.00954e-06
 Reference value :  1.01117e-06
 Reference value :  1.01490e-06
 Reference value :  1.02007e-06
 Reference value :  1.02387e-06
 Reference value :  1.03007e-06
 Reference value :  1.04011e-06
 Reference value :  1.04454e-06
 Reference value :  1.04854e-06
 Reference value :  1.05111e-06
 Reference value :  1.05474e-06
 Reference value :  1.06012e-06
 Reference value :  1.06524e-06
 Reference value :  1.07324e-06
 Reference value :  1.08120e-06
 Reference value :  1.08525e-06
 Reference value :  1.09040e-06
 Reference value :  1.09314e-06
 Reference value :  1.09914e-06
 Reference value :  1.10151e-06
 Reference value :  1.10671e-06
 Reference value :  1.11049e-06
 Reference value :  1.11587e-06
 Reference value :  1.12167e-06
 Reference value :  1.12634e-06
 Reference value :  1.13111e-06
 Reference value :  1.13534e-06
 Reference value :  1.14015e-06
 Reference value :  1.14581e-06
 Reference value :  1.15361e-06
 Reference value :  1.16028e-06
 Reference value :  1.16305e-06
 Reference value :  1.16516e-06
 Reference value :  1.16987e-06
 Reference value :  1.17120e-06
 Reference value :  1.17574e-06
 Reference value :  1.18029e-06
 Reference value :  1.18507e-06
 Reference value :  1.19003e-06
 Reference value :  1.19297e-06
 Reference value :  1.19988e-06
 Reference value :  1.20420e-06
 Reference value :  1.21012e-06
 Reference value :  1.21210e-06
 Reference value :  1.21790e-06
 Reference value :  1.22127e-06
 Reference value :  1.22707e-06
 Reference value :  1.23267e-06
 Reference value :  1.23947e-06
 Reference value :  1.24120e-06
 Reference value :  1.24415e-06
 Reference value :  1.24694e-06
 Reference value :  1.25040e-06
 Reference value :  1.25354e-06
 Reference value :  1.25987e-06
 Reference value :  1.26424e-06
 Reference value :  1.27044e-06
 Reference value :  1.27804e-06
 Reference value :  1.28117e-06
 Reference value :  1.28410e-06
 Reference value :  1.28614e-06
 Reference value :  1.29015e-06
 Reference value :  1.29294e-06
 Reference value :  1.30151e-06
 Reference value :  1.31067e-06
 Reference value :  1.32006e-06
 Reference value :  1.32184e-06
 Reference value :  1.32488e-06
 Reference value :  1.32814e-06
 Reference value :  1.33110e-06
 Reference value :  1.33454e-06
 Reference value :  1.34003e-06
 Reference value :  1.34361e-06
 Reference value :  1.35141e-06
 Reference value :  1.35881e-06
 Reference value :  1.36110e-06
 Reference value :  1.36400e-06
 Reference value :  1.36554e-06
 Reference value :  1.37006e-06
 Reference value :  1.37131e-06
 Reference value :  1.37674e-06
 Reference value :  1.38067e-06
 Reference value :  1.38547e-06
 Reference value :  1.39011e-06
 Reference value :  1.39400e-06
 Reference value :  1.39960e-06
 Reference value :  1.40120e-06
 Reference value :  1.40410e-06
 Reference value :  1.41010e-06
 Reference value :  1.41670e-06
 Reference value :  1.42267e-06
 Reference value :  1.42827e-06
 Reference value :  1.43407e-06
 Reference value :  1.44010e-06
 Reference value :  1.44138e-06
 Reference value :  1.44454e-06
 Reference value :  1.44794e-06
 Reference value :  1.45068e-06
 Reference value :  1.45394e-06
 Reference value :  1.46001e-06
 Reference value :  1.46384e-06
 Reference value :  1.47024e-06
 Reference value :  1.47744e-06
 Reference value :  1.48110e-06
 Reference value :  1.48400e-06
 Reference value :  1.48674e-06
 Reference value :  1.49088e-06
 Reference value :  1.49494e-06
 Reference value :  1.50010e-06
 Reference value :  1.50331e-06
 Reference value :  1.51038e-06
 Reference value :  1.52011e-06
 Reference value :  1.52420e-06
 Reference value :  1.52654e-06
 Reference value :  1.53020e-06
 Reference value :  1.53254e-06
 Reference value :  1.53814e-06
 Reference value :  1.54181e-06
 Reference value :  1.54921e-06
 Reference value :  1.55801e-06
 Reference value :  1.56110e-06
 Reference value :  1.56403e-06
 Reference value :  1.56522e-06
 Reference value :  1.57003e-06
 Reference value :  1.57131e-06
 Reference value :  1.57674e-06
 Reference value :  1.58048e-06
 Reference value :  1.58507e-06
 Reference value :  1.59001e-06
 Reference value :  1.59297e-06
 Reference value :  1.59817e-06
 Reference value :  1.60062e-06
 Reference value :  1.60364e-06
 Reference value :  1.60520e-06
 Reference value :  1.61029e-06
 Reference value :  1.61910e-06
 Reference value :  1.62687e-06
 Reference value :  1.63387e-06
 Reference value :  1.64020e-06
 Reference value :  1.64284e-06
 Reference value :  1.64520e-06
 Reference value :  1.65006e-06
 Reference value :  1.65138e-06
 Reference value :  1.65614e-06
 Reference value :  1.66064e-06
 Reference value :  1.66704e-06
 Reference value :  1.67464e-06
 Reference value :  1.68028e-06
 Reference value :  1.68224e-06
 Reference value :  1.68468e-06
 Reference value :  1.68754e-06
 Reference value :  1.69040e-06
 Reference value :  1.69334e-06
 Reference value :  1.69874e-06
 Reference value :  1.70151e-06
 Reference value :  1.70691e-06
 Reference value :  1.71507e-06
 Reference value :  1.72138e-06
 Reference value :  1.72530e-06
 Reference value :  1.73003e-06
 Reference value :  1.73125e-06
 Reference value :  1.73594e-06
 Reference value :  1.74015e-06
 Reference value :  1.74721e-06
 Reference value :  1.75641e-06
 Reference value :  1.76076e-06
 Reference value :  1.76403e-06
 Reference value :  1.76594e-06
 Reference value :  1.77029e-06
 Reference value :  1.77374e-06
 Reference value :  1.78007e-06
 Reference value :  1.78427e-06
 Reference value :  1.79007e-06
 Reference value :  1.79397e-06
 Reference value :  1.80003e-06
 Reference value :  1.80138e-06
 Reference value :  1.80468e-06
 Reference value :  1.80874e-06
 Reference value :  1.81117e-06
 Reference value :  1.81590e-06
 Reference value :  1.82029e-06
 Reference value :  1.82587e-06
 Reference value :  1.83227e-06
 Reference value :  1.84003e-06
 Reference value :  1.84167e-06
 Reference value :  1.84499e-06
 Reference value :  1.84934e-06
 Reference value :  1.85122e-06
 Reference value :  1.85714e-06
 Reference value :  1.86204e-06
 Reference value :  1.86904e-06
 Reference value :  1.87664e-06
 Reference value :  1.88063e-06
 Reference value :  1.88401e-06
 Reference value :  1.88554e-06
 Reference value :  1.89020e-06
 Reference value :  1.89354e-06
 Reference value :  1.90010e-06
 Reference value :  1.90431e-06
 Reference value :  1.91006e-06
 Reference value :  1.91387e-06
 Reference value :  1.92000e-06
 Reference value :  1.92130e-06
 Reference value :  1.92443e-06
 Reference value :  1.92814e-06
 Reference value :  1.93116e-06
 Reference value :  1.93814e-06
 Reference value :  1.94921e-06
 Reference value :  1.96063e-06
 Reference value :  1.96410e-06
 Reference value :  1.96634e-06
 Reference value :  1.97056e-06
 Reference value :  1.97434e-06
 Reference value :  1.98048e-06
 Reference value :  1.98927e-06
 Reference value :  1.99257e-06
 Reference value :  1.99897e-06
 Reference value :  2.00120e-06
 Reference value :  2.00420e-06
 Reference value :  2.00734e-06
 Reference value :  2.01068e-06
 Reference value :  2.01410e-06
 Reference value :  2.02003e-06
 Reference value :  2.02387e-06
 Reference value :  2.03027e-06
 Reference value :  2.03747e-06
 Reference value :  2.04110e-06
 Reference value :  2.04411e-06
 Reference value :  2.04654e-06
 Reference value :  2.05054e-06
 Reference value :  2.05474e-06
 Reference value :  2.06012e-06
 Reference value :  2.07064e-06
 Reference value :  2.08111e-06
 Reference value :  2.08554e-06
 Reference value :  2.09020e-06
 Reference value :  2.09354e-06
 Reference value :  2.10006e-06
 Reference value :  2.10391e-06
 Reference value :  2.11006e-06
 Reference value :  2.11407e-06
 Reference value :  2.12028e-06
 Reference value :  2.12364e-06
 Reference value :  2.12531e-06
 Reference value :  2.13015e-06
 Reference value :  2.13294e-06
 Reference value :  2.13987e-06
 Reference value :  2.14461e-06
 Reference value :  2.15361e-06
 Reference value :  2.16021e-06
 Reference value :  2.16285e-06
 Reference value :  2.16520e-06
 Reference value :  2.17015e-06
 Reference value :  2.17314e-06
 Reference value :  2.18000e-06
 Reference value :  2.18587e-06
 Reference value :  2.19477e-06
 Reference value :  2.20138e-06
 Reference value :  2.20488e-06
 Reference value :  2.20894e-06
 Reference value :  2.21120e-06
 Reference value :  2.21630e-06
 Reference value :  2.22067e-06
 Reference value :  2.22707e-06
 Reference value :  2.23367e-06
 Reference value :  2.24016e-06
 Reference value :  2.24244e-06
 Reference value :  2.24520e-06
 Reference value :  2.25006e-06
 Reference value :  2.25254e-06
 Reference value :  2.25954e-06
 Reference value :  2.26464e-06
 Reference value :  2.27244e-06
 Reference value :  2.28001e-06
 Reference value :  2.28138e-06
 Reference value :  2.28468e-06
 Reference value :  2.28914e-06
 Reference value :  2.29122e-06
 Reference value :  2.29754e-06
 Reference value :  2.30371e-06
 Reference value :  2.31167e-06
 Reference value :  2.32028e-06
 Reference value :  2.32382e-06
 Reference value :  2.32574e-06
 Reference value :  2.33040e-06
 Reference value :  2.33474e-06
 Reference value :  2.34041e-06
 Reference value :  2.34901e-06
 Reference value :  2.35861e-06
 Reference value :  2.36121e-06
 Reference value :  2.36429e-06
 Reference value :  2.36774e-06
 Reference value :  2.37110e-06
 Reference value :  2.37574e-06
 Reference value :  2.38037e-06
 Reference value :  2.38607e-06
 Reference value :  2.39057e-06
 Reference value :  2.39657e-06
 Reference value :  2.40036e-06
 Reference value :  2.40278e-06
 Reference value :  2.40516e-06
 Reference value :  2.40925e-06
 Reference value :  2.41111e-06
 Reference value :  2.41590e-06
 Reference value :  2.42029e-06
 Reference value :  2.42587e-06
 Reference value :  2.43247e-06
 Reference value :  2.44015e-06
 Reference value :  2.44430e-06
 Reference value :  2.45012e-06
 Reference value :  2.45734e-06
 Reference value :  2.46244e-06
 Reference value :  2.46944e-06
 Reference value :  2.47844e-06
 Reference value :  2.48120e-06
 Reference value :  2.48412e-06
 Reference value :  2.48694e-06
 Reference value :  2.49006e-06
 Reference value :  2.49214e-06
 Reference value :  2.49914e-06
 Reference value :  2.50251e-06
 Reference value :  2.50891e-06
 Reference value :  2.51227e-06
 Reference value :  2.51867e-06
 Reference value :  2.52116e-06
 Reference value :  2.52410e-06
 Reference value :  2.52694e-06
 Reference value :  2.53010e-06
 Reference value :  2.53254e-06
 Reference value :  2.53954e-06
 Reference value :  2.54421e-06
 Reference value :  2.55401e-06
 Reference value :  2.56036e-06
 Reference value :  2.56258e-06
 Reference value :  2.56522e-06
 Reference value :  2.57029e-06
 Reference value :  2.57714e-06
 Reference value :  2.58207e-06
 Reference value :  2.58827e-06
 Reference value :  2.59177e-06
 Reference value :  2.59817e-06
 Reference value :  2.60110e-06
 Reference value :  2.60400e-06
 Reference value :  2.60538e-06
 Reference value :  2.60961e-06
 Reference value :  2.61121e-06
 Reference value :  2.61670e-06
 Reference value :  2.62107e-06
 Reference value :  2.62707e-06
 Reference value :  2.63367e-06
 Reference value :  2.64016e-06
 Reference value :  2.64238e-06
 Reference value :  2.64511e-06
 Reference value :  2.64917e-06
 Reference value :  2.65120e-06
 Reference value :  2.65694e-06
 Reference value :  2.66184e-06
 Reference value :  2.66884e-06
 Reference value :  2.67744e-06
 Reference value :  2.68113e-06
 Reference value :  2.68488e-06
 Reference value :  2.69022e-06
 Reference value :  2.69974e-06
 Reference value :  2.70773e-06
 Reference value :  2.71147e-06
 Reference value :  2.71787e-06
 Reference value :  2.72092e-06
 Reference value :  2.72400e-06
 Reference value :  2.72554e-06
 Reference value :  2.72961e-06
 Reference value :  2.73122e-06
 Reference value :  2.73714e-06
 Reference value :  2.74181e-06
 Reference value :  2.75001e-06
 Reference value :  2.75961e-06
 Reference value :  2.76122e-06
 Reference value :  2.76415e-06
 Reference value :  2.76714e-06
 Reference value :  2.77010e-06
 Reference value :  2.77234e-06
 Reference value :  2.77894e-06
 Reference value :  2.78247e-06
 Reference value :  2.78887e-06
 Reference value :  2.79217e-06
 Reference value :  2.79837e-06
 Reference value :  2.80113e-06
 Reference value :  2.80401e-06
 Reference value :  2.80674e-06
 Reference value :  2.81111e-06
 Reference value :  2.81950e-06
 Reference value :  2.82727e-06
 Reference value :  2.83307e-06
 Reference value :  2.84010e-06
 Reference value :  2.84178e-06
 Reference value :  2.84488e-06
 Reference value :  2.84910e-06
 Reference value :  2.85040e-06
 Reference value :  2.85414e-06
 Reference value :  2.86010e-06
 Reference value :  2.86544e-06
 Reference value :  2.87304e-06
 Reference value :  2.88015e-06
 Reference value :  2.88198e-06
 Reference value :  2.88488e-06
 Reference value :  2.88910e-06
 Reference value :  2.89040e-06
 Reference value :  2.89414e-06
 Reference value :  2.90010e-06
 Reference value :  2.90411e-06
 Reference value :  2.91003e-06
 Reference value :  2.91367e-06
 Reference value :  2.92001e-06
 Reference value :  2.92138e-06
 Reference value :  2.92429e-06
 Reference value :  2.92794e-06
 Reference value :  2.93011e-06
 Reference value :  2.93694e-06
 Reference value :  2.94581e-06
 Reference value :  2.96000e-06
 Reference value :  2.96120e-06
 Reference value :  2.96400e-06
 Reference value :  2.96522e-06
 Reference value :  2.96920e-06
 Reference value :  2.97054e-06
 Reference value :  2.97354e-06
 Reference value :  2.97914e-06
 Reference value :  2.98207e-06
 Reference value :  2.98747e-06
 Reference value :  2.99057e-06
 Reference value :  2.99517e-06
 Reference value :  3.00006e-06
 Reference value :  3.00125e-06
 Reference value :  3.00410e-06
 Reference value :  3.00538e-06
 Reference value :  3.00922e-06
 Reference value :  3.01110e-06
 Reference value :  3.01410e-06
 Reference value :  3.01950e-06
 Reference value :  3.02207e-06
 Reference value :  3.02747e-06
 Reference value :  3.03287e-06
 Reference value :  3.04002e-06
 Reference value :  3.04125e-06
 Reference value :  3.04406e-06
 Reference value :  3.04531e-06
 Reference value :  3.04925e-06
 Reference value :  3.05088e-06
 Reference value :  3.05394e-06
 Reference value :  3.05954e-06
 Reference value :  3.06304e-06
 Reference value :  3.06864e-06
 Reference value :  3.07584e-06
 Reference value :  3.08038e-06
 Reference value :  3.08218e-06
 Reference value :  3.08468e-06
 Reference value :  3.08774e-06
 Reference value :  3.09001e-06
 Reference value :  3.09125e-06
 Reference value :  3.09654e-06
 Reference value :  3.10041e-06
 Reference value :  3.10451e-06
 Reference value :  3.11001e-06
 Reference value :  3.11327e-06
 Reference value :  3.11887e-06
 Reference value :  3.12092e-06
 Reference value :  3.12298e-06
 Reference value :  3.12511e-06
 Reference value :  3.12892e-06
 Reference value :  3.13120e-06
 Reference value :  3.14015e-06
 Reference value :  3.15161e-06
 Reference value :  3.15921e-06
 Reference value :  3.16113e-06
 Reference value :  3.16338e-06
 Reference value :  3.16513e-06
 Reference value :  3.16910e-06
 Reference value :  3.17020e-06
 Reference value :  3.17234e-06
 Reference value :  3.17794e-06
 Reference value :  3.18127e-06
 Reference value :  3.18627e-06
 Reference value :  3.19020e-06
 Reference value :  3.19437e-06
 Reference value :  3.19957e-06
 Reference value :  3.20113e-06
 Reference value :  3.20338e-06
 Reference value :  3.20513e-06
 Reference value :  3.20892e-06
 Reference value :  3.21012e-06
 Reference value :  3.21154e-06
 Reference value :  3.21670e-06
 Reference value :  3.22029e-06
 Reference value :  3.22467e-06
 Reference value :  3.23067e-06
 Reference value :  3.23647e-06
 Reference value :  3.24035e-06
 Reference value :  3.24238e-06
 Reference value :  3.24468e-06
 Reference value :  3.24774e-06
 Reference value :  3.25003e-06
 Reference value :  3.25122e-06
 Reference value :  3.25614e-06
 Reference value :  3.26015e-06
 Reference value :  3.26544e-06
 Reference value :  3.27144e-06
 Reference value :  3.27884e-06
 Reference value :  3.28113e-06
 Reference value :  3.28378e-06
 Reference value :  3.28520e-06
 Reference value :  3.28913e-06
 Reference value :  3.29029e-06
 Reference value :  3.29274e-06
 Reference value :  3.29834e-06
 Reference value :  3.30131e-06
 Reference value :  3.30631e-06
 Reference value :  3.31015e-06
 Reference value :  3.31447e-06
 Reference value :  3.32003e-06
 Reference value :  3.32150e-06
 Reference value :  3.32429e-06
 Reference value :  3.32714e-06
 Reference value :  3.33000e-06
 Reference value :  3.33125e-06
 Reference value :  3.33654e-06
 Reference value :  3.34028e-06
 Reference value :  3.34681e-06
 Reference value :  3.35481e-06
 Reference value :  3.36020e-06
 Reference value :  3.36238e-06
 Reference value :  3.36511e-06
 Reference value :  3.36916e-06
 Reference value :  3.37068e-06
 Reference value :  3.37474e-06
 Reference value :  3.38012e-06
 Reference value :  3.38487e-06
 Reference value :  3.39011e-06
 Reference value :  3.39477e-06
No. of Data Rows : 22801

  Measurements for Transient Analysis

twin_r              =  1.14497e-09 targ=  4.11950e-08 trig=  4.00500e-08
twin_f              =  1.13486e-09 targ=  2.41285e-07 trig=  2.40150e-07
tb_asrt             =   6.88608e-07
te_asrt             =   6.88608e-07
la_lvl              =  9.12619e-09 from=  3.06000e-06 to=  3.40000e-06
lb_lvl              =  3.63000e+00 from=  3.06000e-06 to=  3.40000e-06
lc_lvl              =  9.07183e-09 from=  3.06000e-06 to=  3.40000e-06
ld_lvl              =  6.32634e-09 from=  3.06000e-06 to=  3.40000e-06
le_lvl              =  3.35676e-09 from=  3.06000e-06 to=  3.40000e-06
va_lvl              =  8.26332e-02 from=  3.06000e-06 to=  3.40000e-06
te_deas             =   2.40461e-06
le_pre              =  3.63000e+00 from=  2.16000e-06 to=  2.40001e-06
iavg                =  -1.72413e-04 from=  1.70000e-06 to=  3.40000e-06

ngspice-46 done

Warning: m=xx on .subckt line will override multiplier m hierarchy!


Error: measure  ta_asrt  when(WHEN) : out of interval
 .measure tran ta_asrt when v(locka)=    1.815000000000000e+00     rise=1 failed!


Error: measure  tc_asrt  when(WHEN) : out of interval
 .measure tran tc_asrt when v(lockc)=    1.815000000000000e+00     rise=1 failed!


Error: measure  td_asrt  when(WHEN) : out of interval
 .measure tran td_asrt when v(lockd)=    1.815000000000000e+00     rise=1 failed!

