
Note: Compatibility modes selected: hs a


Circuit: * lock-detector @ ss_125c_2.97v_e1.78n_c3 -- generated by sim/harness, do not edit

Doing analysis at TEMP = 125.000000 and TNOM = 27.000000

Using SPARSE 1.3 as Direct Linear Solver

Initial Transient Solution
--------------------------

Node                                   Voltage
----                                   -------
vdd                                       2.97
ldt0                                      2.97
ldt1                                      2.97
ldt2                                         0
ldt3                                         0
upa                                          0
dna                                          0
xa.xerr.n1                                2.97
xa.xerr.xg1.nmid                     0.0693288
xa.xerr.n2                                2.97
xa.xerr.xg2.nmid                   4.16559e-08
xa.xerr.n3                                2.97
xa.xerr.xg3.nmid                   4.16559e-08
xa.err                             2.41557e-08
xa.xerr.xg4.nmid                   1.20778e-08
xa.xdly.t0b                        1.21794e-08
xa.xdly.t1b                        1.21794e-08
xa.xdly.t2b                               2.97
xa.xdly.t3b                               2.97
xa.xdly.d1                                2.97
xa.xdly.s10                               2.97
xa.xdly.s11                               2.97
xa.xdly.s12                        7.93917e-08
xa.xdly.s13                        7.26857e-08
xa.xdly.d2                         5.60942e-08
xa.xdly.s20                        8.28424e-08
xa.xdly.s21                        7.18255e-08
xa.xdly.s22                        1.32643e-08
xa.xdly.s23                        6.62912e-09
xa.xdly.d3                                2.97
xa.xdly.s30                               2.97
xa.xdly.s31                               2.97
xa.xdly.s32                        7.93917e-08
xa.xdly.s33                        7.26857e-08
xa.errd                            5.60942e-08
xa.xdly.s40                        8.28424e-08
xa.xdly.s41                        7.18255e-08
xa.xdly.s42                        1.32643e-08
xa.xdly.s43                        6.62912e-09
xa.wideb                                  2.97
xa.xnw.nmid                          0.0693287
xa.wide                            1.21794e-08
vwina                                        0
xa.xsch.p1                                2.97
xa.lockb                                  2.97
xa.xsch.n1                             2.47889
locka                              1.21794e-08
upb                                          0
dnb                                          0
xb.xerr.n1                                2.97
xb.xerr.xg1.nmid                     0.0693288
xb.xerr.n2                                2.97
xb.xerr.xg2.nmid                   4.16559e-08
xb.xerr.n3                                2.97
xb.xerr.xg3.nmid                   4.16559e-08
xb.err                             2.41557e-08
xb.xerr.xg4.nmid                   1.20778e-08
xb.xdly.t0b                        1.21794e-08
xb.xdly.t1b                        1.21794e-08
xb.xdly.t2b                               2.97
xb.xdly.t3b                               2.97
xb.xdly.d1                                2.97
xb.xdly.s10                               2.97
xb.xdly.s11                               2.97
xb.xdly.s12                        7.93917e-08
xb.xdly.s13                        7.26857e-08
xb.xdly.d2                         5.60942e-08
xb.xdly.s20                        8.28424e-08
xb.xdly.s21                        7.18255e-08
xb.xdly.s22                        1.32643e-08
xb.xdly.s23                        6.62912e-09
xb.xdly.d3                                2.97
xb.xdly.s30                               2.97
xb.xdly.s31                               2.97
xb.xdly.s32                        7.93917e-08
xb.xdly.s33                        7.26857e-08
xb.errd                            5.60942e-08
xb.xdly.s40                        8.28424e-08
xb.xdly.s41                        7.18255e-08
xb.xdly.s42                        1.32643e-08
xb.xdly.s43                        6.62912e-09
xb.wideb                                  2.97
xb.xnw.nmid                          0.0693287
xb.wide                            1.21794e-08
vwinb                                        0
xb.xsch.p1                                2.97
xb.lockb                                  2.97
xb.xsch.n1                             2.47889
lockb                              1.21794e-08
upc                                          0
dnc                                          0
xc.xerr.n1                                2.97
xc.xerr.xg1.nmid                     0.0693288
xc.xerr.n2                                2.97
xc.xerr.xg2.nmid                   4.16559e-08
xc.xerr.n3                                2.97
xc.xerr.xg3.nmid                   4.16559e-08
xc.err                             2.41557e-08
xc.xerr.xg4.nmid                   1.20778e-08
xc.xdly.t0b                        1.21794e-08
xc.xdly.t1b                        1.21794e-08
xc.xdly.t2b                               2.97
xc.xdly.t3b                               2.97
xc.xdly.d1                                2.97
xc.xdly.s10                               2.97
xc.xdly.s11                               2.97
xc.xdly.s12                        7.93917e-08
xc.xdly.s13                        7.26857e-08
xc.xdly.d2                         5.60942e-08
xc.xdly.s20                        8.28424e-08
xc.xdly.s21                        7.18255e-08
xc.xdly.s22                        1.32643e-08
xc.xdly.s23                        6.62912e-09
xc.xdly.d3                                2.97
xc.xdly.s30                               2.97
xc.xdly.s31                               2.97
xc.xdly.s32                        7.93917e-08
xc.xdly.s33                        7.26857e-08
xc.errd                            5.60942e-08
xc.xdly.s40                        8.28424e-08
xc.xdly.s41                        7.18255e-08
xc.xdly.s42                        1.32643e-08
xc.xdly.s43                        6.62912e-09
xc.wideb                                  2.97
xc.xnw.nmid                          0.0693288
xc.wide                            1.21794e-08
vwinc                                        0
xc.xsch.p1                                2.97
xc.lockb                                  2.97
xc.xsch.n1                             2.47889
lockc                              1.21794e-08
upd                                          0
dnd                                          0
xd.xerr.n1                                2.97
xd.xerr.xg1.nmid                     0.0693288
xd.xerr.n2                                2.97
xd.xerr.xg2.nmid                   4.16559e-08
xd.xerr.n3                                2.97
xd.xerr.xg3.nmid                   4.16559e-08
xd.err                             2.41557e-08
xd.xerr.xg4.nmid                   1.20778e-08
xd.xdly.t0b                        1.21794e-08
xd.xdly.t1b                        1.21794e-08
xd.xdly.t2b                               2.97
xd.xdly.t3b                               2.97
xd.xdly.d1                                2.97
xd.xdly.s10                               2.97
xd.xdly.s11                               2.97
xd.xdly.s12                        7.93917e-08
xd.xdly.s13                        7.26857e-08
xd.xdly.d2                         5.60942e-08
xd.xdly.s20                        8.28424e-08
xd.xdly.s21                        7.18255e-08
xd.xdly.s22                        1.32643e-08
xd.xdly.s23                        6.62912e-09
xd.xdly.d3                                2.97
xd.xdly.s30                               2.97
xd.xdly.s31                               2.97
xd.xdly.s32                        7.93917e-08
xd.xdly.s33                        7.26857e-08
xd.errd                            5.60942e-08
xd.xdly.s40                        8.28424e-08
xd.xdly.s41                        7.18255e-08
xd.xdly.s42                        1.32643e-08
xd.xdly.s43                        6.62912e-09
xd.wideb                                  2.97
xd.xnw.nmid                          0.0693288
xd.wide                            1.21794e-08
vwind                                        0
xd.xsch.p1                                2.97
xd.lockb                                  2.97
xd.xsch.n1                             2.47889
lockd                              1.21794e-08
upe1                                         0
upe2                                         0
upe1n                                     2.97
upe2n                                     2.97
upe                                2.41556e-08
xoe3.nmid                          1.20778e-08
dne                                          0
xe.xerr.n1                                2.97
xe.xerr.xg1.nmid                     0.0693288
xe.xerr.n2                                2.97
xe.xerr.xg2.nmid                    4.1656e-08
xe.xerr.n3                                2.97
xe.xerr.xg3.nmid                   4.16559e-08
xe.err                             2.41557e-08
xe.xerr.xg4.nmid                   1.20778e-08
xe.xdly.t0b                        1.21794e-08
xe.xdly.t1b                        1.21794e-08
xe.xdly.t2b                               2.97
xe.xdly.t3b                               2.97
xe.xdly.d1                                2.97
xe.xdly.s10                               2.97
xe.xdly.s11                               2.97
xe.xdly.s12                        7.93917e-08
xe.xdly.s13                        7.26857e-08
xe.xdly.d2                         5.60942e-08
xe.xdly.s20                        8.28424e-08
xe.xdly.s21                        7.18255e-08
xe.xdly.s22                        1.32643e-08
xe.xdly.s23                        6.62912e-09
xe.xdly.d3                                2.97
xe.xdly.s30                               2.97
xe.xdly.s31                               2.97
xe.xdly.s32                        7.93917e-08
xe.xdly.s33                        7.26857e-08
xe.errd                            5.60942e-08
xe.xdly.s40                        8.28424e-08
xe.xdly.s41                        7.18255e-08
xe.xdly.s42                        1.32643e-08
xe.xdly.s43                        6.62912e-09
xe.wideb                                  2.97
xe.xnw.nmid                          0.0693288
xe.wide                            1.21794e-08
vwine                                        0
xe.xsch.p1                                2.97
xe.lockb                                  2.97
xe.xsch.n1                             2.47889
locke                              1.21794e-08
wstep                                        0
xw.t0b                             1.21794e-08
xw.t1b                             1.21794e-08
xw.t2b                                    2.97
xw.t3b                                    2.97
xw.d1                                     2.97
xw.s10                                    2.97
xw.s11                                    2.97
xw.s12                             7.93917e-08
xw.s13                             7.26857e-08
xw.d2                              5.60942e-08
xw.s20                             8.28424e-08
xw.s21                             7.18255e-08
xw.s22                             1.32643e-08
xw.s23                             6.62912e-09
xw.d3                                     2.97
xw.s30                                    2.97
xw.s31                                    2.97
xw.s32                             7.93917e-08
xw.s33                             7.26857e-08
wout                               5.60942e-08
xw.s40                             8.28424e-08
xw.s41                             7.18255e-08
xw.s42                             1.32643e-08
xw.s43                             6.62912e-09
vwstep#branch                                0
vdne#branch                                  0
vupe2#branch                                 0
vupe1#branch                                 0
vdnd#branch                                  0
vupd#branch                                  0
vdnc#branch                                  0
vupc#branch                                  0
vdnb#branch                                  0
vupb#branch                                  0
vdna#branch                                  0
vupa#branch                                  0
vt3#branch                                   0
vt2#branch                                   0
vt1#branch                                   0
vt0#branch                                   0
vdd#branch                        -2.30192e-06

 Reference value :  0.00000e+00
 Reference value :  6.25600e-09
 Reference value :  1.40560e-08
 Reference value :  2.22560e-08
 Reference value :  2.96560e-08
 Reference value :  3.72560e-08
 Reference value :  4.11000e-08
 Reference value :  4.22840e-08
 Reference value :  4.54853e-08
 Reference value :  5.01490e-08
 Reference value :  5.25050e-08
 Reference value :  5.79050e-08
 Reference value :  6.18376e-08
 Reference value :  6.80376e-08
 Reference value :  7.54376e-08
 Reference value :  8.04562e-08
 Reference value :  8.19010e-08
 Reference value :  8.44853e-08
 Reference value :  9.00650e-08
 Reference value :  9.19050e-08
 Reference value :  9.77050e-08
 Reference value :  1.01245e-07
 Reference value :  1.06045e-07
 Reference value :  1.10121e-07
 Reference value :  1.14108e-07
 Reference value :  1.20010e-07
 Reference value :  1.21249e-07
 Reference value :  1.22945e-07
 Reference value :  1.26885e-07
 Reference value :  1.30703e-07
 Reference value :  1.33905e-07
 Reference value :  1.40030e-07
 Reference value :  1.43894e-07
 Reference value :  1.49494e-07
 Reference value :  1.56094e-07
 Reference value :  1.60647e-07
 Reference value :  1.61985e-07
 Reference value :  1.64485e-07
 Reference value :  1.70065e-07
 Reference value :  1.72505e-07
 Reference value :  1.78105e-07
 Reference value :  1.82507e-07
 Reference value :  1.89307e-07
 Reference value :  1.92317e-07
 Reference value :  1.97917e-07
 Reference value :  2.01110e-07
 Reference value :  2.02482e-07
 Reference value :  2.05685e-07
 Reference value :  2.10149e-07
 Reference value :  2.12128e-07
 Reference value :  2.16928e-07
 Reference value :  2.20507e-07
 Reference value :  2.25907e-07
 Reference value :  2.33107e-07
 Reference value :  2.40065e-07
 Reference value :  2.41207e-07
 Reference value :  2.42890e-07
 Reference value :  2.46485e-07
 Reference value :  2.50317e-07
 Reference value :  2.53305e-07
 Reference value :  2.58905e-07
 Reference value :  2.62844e-07
 Reference value :  2.69244e-07
 Reference value :  2.76844e-07
 Reference value :  2.80668e-07
 Reference value :  2.82128e-07
 Reference value :  2.85099e-07
 Reference value :  2.90100e-07
 Reference value :  2.91905e-07
 Reference value :  2.97105e-07
 Reference value :  3.01045e-07
 Reference value :  3.06245e-07
 Reference value :  3.10205e-07
 Reference value :  3.15108e-07
 Reference value :  3.20456e-07
 Reference value :  3.22097e-07
 Reference value :  3.25885e-07
 Reference value :  3.30503e-07
 Reference value :  3.34705e-07
 Reference value :  3.40317e-07
 Reference value :  3.46694e-07
 Reference value :  3.53294e-07
 Reference value :  3.60304e-07
 Reference value :  3.61985e-07
 Reference value :  3.65485e-07
 Reference value :  3.70317e-07
 Reference value :  3.74305e-07
 Reference value :  3.80149e-07
 Reference value :  3.85907e-07
 Reference value :  3.91517e-07
 Reference value :  3.97317e-07
 Reference value :  4.01130e-07
 Reference value :  4.02910e-07
 Reference value :  4.07485e-07
 Reference value :  4.11165e-07
 Reference value :  4.15528e-07
 Reference value :  4.20205e-07
 Reference value :  4.26707e-07
 Reference value :  4.36107e-07
 Reference value :  4.40967e-07
 Reference value :  4.42682e-07
 Reference value :  4.46885e-07
 Reference value :  4.51110e-07
 Reference value :  4.55705e-07
 Reference value :  4.61229e-07
 Reference value :  4.68829e-07
 Reference value :  4.77829e-07
 Reference value :  4.81207e-07
 Reference value :  4.83029e-07
 Reference value :  4.88699e-07
 Reference value :  4.91543e-07
 Reference value :  4.97905e-07
 Reference value :  5.02445e-07
 Reference value :  5.08645e-07
 Reference value :  5.12508e-07
 Reference value :  5.19708e-07
 Reference value :  5.21392e-07
 Reference value :  5.23499e-07
 Reference value :  5.30000e-07
 Reference value :  5.32305e-07
 Reference value :  5.39505e-07
 Reference value :  5.44294e-07
 Reference value :  5.50894e-07
 Reference value :  5.59847e-07
 Reference value :  5.61663e-07
 Reference value :  5.64085e-07
 Reference value :  5.70065e-07
 Reference value :  5.72905e-07
 Reference value :  5.80010e-07
 Reference value :  5.84307e-07
 Reference value :  5.90717e-07
 Reference value :  5.96717e-07
 Reference value :  6.01100e-07
 Reference value :  6.02890e-07
 Reference value :  6.07485e-07
 Reference value :  6.11165e-07
 Reference value :  6.15528e-07
 Reference value :  6.20205e-07
 Reference value :  6.26507e-07
 Reference value :  6.35907e-07
 Reference value :  6.40835e-07
 Reference value :  6.42482e-07
 Reference value :  6.46885e-07
 Reference value :  6.51100e-07
 Reference value :  6.55505e-07
 Reference value :  6.60629e-07
 Reference value :  6.67229e-07
 Reference value :  6.76429e-07
 Reference value :  6.81110e-07
 Reference value :  6.82880e-07
 Reference value :  6.87685e-07
 Reference value :  6.91221e-07
 Reference value :  6.96705e-07
 Reference value :  7.01845e-07
 Reference value :  7.07645e-07
 Reference value :  7.11908e-07
 Reference value :  7.18708e-07
 Reference value :  7.21249e-07
 Reference value :  7.23029e-07
 Reference value :  7.28885e-07
 Reference value :  7.31543e-07
 Reference value :  7.37905e-07
 Reference value :  7.43094e-07
 Reference value :  7.49494e-07
 Reference value :  7.57694e-07
 Reference value :  7.61207e-07
 Reference value :  7.62987e-07
 Reference value :  7.68285e-07
 Reference value :  7.71249e-07
 Reference value :  7.76905e-07
 Reference value :  7.82107e-07
 Reference value :  7.90010e-07
 Reference value :  7.94117e-07
 Reference value :  8.00149e-07
 Reference value :  8.01901e-07
 Reference value :  8.05085e-07
 Reference value :  8.10317e-07
 Reference value :  8.13528e-07
 Reference value :  8.19864e-07
 Reference value :  8.24107e-07
 Reference value :  8.33307e-07
 Reference value :  8.40205e-07
 Reference value :  8.41929e-07
 Reference value :  8.45285e-07
 Reference value :  8.50317e-07
 Reference value :  8.54105e-07
 Reference value :  8.60121e-07
 Reference value :  8.65629e-07
 Reference value :  8.75429e-07
 Reference value :  8.81100e-07
 Reference value :  8.82910e-07
 Reference value :  8.88085e-07
 Reference value :  8.91384e-07
 Reference value :  8.97905e-07
 Reference value :  9.02445e-07
 Reference value :  9.08645e-07
 Reference value :  9.12908e-07
 Reference value :  9.20010e-07
 Reference value :  9.21780e-07
 Reference value :  9.24485e-07
 Reference value :  9.30107e-07
 Reference value :  9.33105e-07
 Reference value :  9.40030e-07
 Reference value :  9.45694e-07
 Reference value :  9.52894e-07
 Reference value :  9.60205e-07
 Reference value :  9.62284e-07
 Reference value :  9.67285e-07
 Reference value :  9.71207e-07
 Reference value :  9.76705e-07
 Reference value :  9.82107e-07
 Reference value :  9.90000e-07
 Reference value :  9.93717e-07
 Reference value :  1.00011e-06
 Reference value :  1.00180e-06
 Reference value :  1.00430e-06
 Reference value :  1.01010e-06
 Reference value :  1.01253e-06
 Reference value :  1.01873e-06
 Reference value :  1.02291e-06
 Reference value :  1.03151e-06
 Reference value :  1.04007e-06
 Reference value :  1.04185e-06
 Reference value :  1.04449e-06
 Reference value :  1.05011e-06
 Reference value :  1.05311e-06
 Reference value :  1.06003e-06
 Reference value :  1.06483e-06
 Reference value :  1.07363e-06
 Reference value :  1.08020e-06
 Reference value :  1.08193e-06
 Reference value :  1.08529e-06
 Reference value :  1.09032e-06
 Reference value :  1.09451e-06
 Reference value :  1.10020e-06
 Reference value :  1.10565e-06
 Reference value :  1.11031e-06
 Reference value :  1.11591e-06
 Reference value :  1.12120e-06
 Reference value :  1.12529e-06
 Reference value :  1.13090e-06
 Reference value :  1.13531e-06
 Reference value :  1.14069e-06
 Reference value :  1.14749e-06
 Reference value :  1.15489e-06
 Reference value :  1.16065e-06
 Reference value :  1.16248e-06
 Reference value :  1.16689e-06
 Reference value :  1.17111e-06
 Reference value :  1.17571e-06
 Reference value :  1.18111e-06
 Reference value :  1.18831e-06
 Reference value :  1.19252e-06
 Reference value :  1.19972e-06
 Reference value :  1.20155e-06
 Reference value :  1.20349e-06
 Reference value :  1.21001e-06
 Reference value :  1.21213e-06
 Reference value :  1.21793e-06
 Reference value :  1.22251e-06
 Reference value :  1.23091e-06
 Reference value :  1.24001e-06
 Reference value :  1.24179e-06
 Reference value :  1.24429e-06
 Reference value :  1.25015e-06
 Reference value :  1.25351e-06
 Reference value :  1.26012e-06
 Reference value :  1.26563e-06
 Reference value :  1.27503e-06
 Reference value :  1.28066e-06
 Reference value :  1.28248e-06
 Reference value :  1.28669e-06
 Reference value :  1.29110e-06
 Reference value :  1.29551e-06
 Reference value :  1.30065e-06
 Reference value :  1.30645e-06
 Reference value :  1.31091e-06
 Reference value :  1.31691e-06
 Reference value :  1.32111e-06
 Reference value :  1.32289e-06
 Reference value :  1.32729e-06
 Reference value :  1.33117e-06
 Reference value :  1.33611e-06
 Reference value :  1.34169e-06
 Reference value :  1.34829e-06
 Reference value :  1.35629e-06
 Reference value :  1.36111e-06
 Reference value :  1.36289e-06
 Reference value :  1.36749e-06
 Reference value :  1.37120e-06
 Reference value :  1.37631e-06
 Reference value :  1.38171e-06
 Reference value :  1.38951e-06
 Reference value :  1.39395e-06
 Reference value :  1.40001e-06
 Reference value :  1.40166e-06
 Reference value :  1.40369e-06
 Reference value :  1.41001e-06
 Reference value :  1.41213e-06
 Reference value :  1.41813e-06
 Reference value :  1.42231e-06
 Reference value :  1.43071e-06
 Reference value :  1.43985e-06
 Reference value :  1.44155e-06
 Reference value :  1.44349e-06
 Reference value :  1.44969e-06
 Reference value :  1.45191e-06
 Reference value :  1.45851e-06
 Reference value :  1.46343e-06
 Reference value :  1.47163e-06
 Reference value :  1.48003e-06
 Reference value :  1.48178e-06
 Reference value :  1.48369e-06
 Reference value :  1.49001e-06
 Reference value :  1.49231e-06
 Reference value :  1.49951e-06
 Reference value :  1.50305e-06
 Reference value :  1.50925e-06
 Reference value :  1.51291e-06
 Reference value :  1.52001e-06
 Reference value :  1.52166e-06
 Reference value :  1.52369e-06
 Reference value :  1.53003e-06
 Reference value :  1.53251e-06
 Reference value :  1.53951e-06
 Reference value :  1.54409e-06
 Reference value :  1.55029e-06
 Reference value :  1.55849e-06
 Reference value :  1.56120e-06
 Reference value :  1.56298e-06
 Reference value :  1.56789e-06
 Reference value :  1.57121e-06
 Reference value :  1.57671e-06
 Reference value :  1.58191e-06
 Reference value :  1.58851e-06
 Reference value :  1.59192e-06
 Reference value :  1.59672e-06
 Reference value :  1.60066e-06
 Reference value :  1.60199e-06
 Reference value :  1.60449e-06
 Reference value :  1.60984e-06
 Reference value :  1.61125e-06
 Reference value :  1.61553e-06
 Reference value :  1.62011e-06
 Reference value :  1.62391e-06
 Reference value :  1.63131e-06
 Reference value :  1.63911e-06
 Reference value :  1.64120e-06
 Reference value :  1.64268e-06
 Reference value :  1.64629e-06
 Reference value :  1.65032e-06
 Reference value :  1.65391e-06
 Reference value :  1.66003e-06
 Reference value :  1.66423e-06
 Reference value :  1.67103e-06
 Reference value :  1.67883e-06
 Reference value :  1.68120e-06
 Reference value :  1.68288e-06
 Reference value :  1.68649e-06
 Reference value :  1.69032e-06
 Reference value :  1.69351e-06
 Reference value :  1.69971e-06
 Reference value :  1.70245e-06
 Reference value :  1.70745e-06
 Reference value :  1.71091e-06
 Reference value :  1.71591e-06
 Reference value :  1.72032e-06
 Reference value :  1.72188e-06
 Reference value :  1.72389e-06
 Reference value :  1.72929e-06
 Reference value :  1.73130e-06
 Reference value :  1.73631e-06
 Reference value :  1.74109e-06
 Reference value :  1.74649e-06
 Reference value :  1.75189e-06
 Reference value :  1.75969e-06
 Reference value :  1.76125e-06
 Reference value :  1.76295e-06
 Reference value :  1.76689e-06
 Reference value :  1.77070e-06
 Reference value :  1.77391e-06
 Reference value :  1.78001e-06
 Reference value :  1.78351e-06
 Reference value :  1.79007e-06
 Reference value :  1.79332e-06
 Reference value :  1.79972e-06
 Reference value :  1.80125e-06
 Reference value :  1.80291e-06
 Reference value :  1.80649e-06
 Reference value :  1.81032e-06
 Reference value :  1.81293e-06
 Reference value :  1.81813e-06
 Reference value :  1.82171e-06
 Reference value :  1.82751e-06
 Reference value :  1.83531e-06
 Reference value :  1.84032e-06
 Reference value :  1.84188e-06
 Reference value :  1.84409e-06
 Reference value :  1.85010e-06
 Reference value :  1.85311e-06
 Reference value :  1.86003e-06
 Reference value :  1.86483e-06
 Reference value :  1.87383e-06
 Reference value :  1.88011e-06
 Reference value :  1.88166e-06
 Reference value :  1.88309e-06
 Reference value :  1.88829e-06
 Reference value :  1.89111e-06
 Reference value :  1.89471e-06
 Reference value :  1.90020e-06
 Reference value :  1.90525e-06
 Reference value :  1.91015e-06
 Reference value :  1.91451e-06
 Reference value :  1.91951e-06
 Reference value :  1.92117e-06
 Reference value :  1.92269e-06
 Reference value :  1.92610e-06
 Reference value :  1.93022e-06
 Reference value :  1.93332e-06
 Reference value :  1.93932e-06
 Reference value :  1.94309e-06
 Reference value :  1.94869e-06
 Reference value :  1.95509e-06
 Reference value :  1.96021e-06
 Reference value :  1.96194e-06
 Reference value :  1.96450e-06
 Reference value :  1.97000e-06
 Reference value :  1.97172e-06
 Reference value :  1.97712e-06
 Reference value :  1.98151e-06
 Reference value :  1.98751e-06
 Reference value :  1.99152e-06
 Reference value :  1.99632e-06
 Reference value :  2.00046e-06
 Reference value :  2.00189e-06
 Reference value :  2.00449e-06
 Reference value :  2.01003e-06
 Reference value :  2.01155e-06
 Reference value :  2.01613e-06
 Reference value :  2.02021e-06
 Reference value :  2.02511e-06
 Reference value :  2.03311e-06
 Reference value :  2.04003e-06
 Reference value :  2.04131e-06
 Reference value :  2.04299e-06
 Reference value :  2.04729e-06
 Reference value :  2.05113e-06
 Reference value :  2.05551e-06
 Reference value :  2.06015e-06
 Reference value :  2.06483e-06
 Reference value :  2.07203e-06
 Reference value :  2.07963e-06
 Reference value :  2.08139e-06
 Reference value :  2.08316e-06
 Reference value :  2.08929e-06
 Reference value :  2.09154e-06
 Reference value :  2.09791e-06
 Reference value :  2.10245e-06
 Reference value :  2.10865e-06
 Reference value :  2.11231e-06
 Reference value :  2.11931e-06
 Reference value :  2.12131e-06
 Reference value :  2.12309e-06
 Reference value :  2.12889e-06
 Reference value :  2.13154e-06
 Reference value :  2.13791e-06
 Reference value :  2.14309e-06
 Reference value :  2.14949e-06
 Reference value :  2.15769e-06
 Reference value :  2.16121e-06
 Reference value :  2.16299e-06
 Reference value :  2.16869e-06
 Reference value :  2.17138e-06
 Reference value :  2.17751e-06
 Reference value :  2.18271e-06
 Reference value :  2.19010e-06
 Reference value :  2.19452e-06
 Reference value :  2.20020e-06
 Reference value :  2.20198e-06
 Reference value :  2.20549e-06
 Reference value :  2.21032e-06
 Reference value :  2.21393e-06
 Reference value :  2.22001e-06
 Reference value :  2.22451e-06
 Reference value :  2.23391e-06
 Reference value :  2.24035e-06
 Reference value :  2.24193e-06
 Reference value :  2.24549e-06
 Reference value :  2.25032e-06
 Reference value :  2.25451e-06
 Reference value :  2.26021e-06
 Reference value :  2.26664e-06
 Reference value :  2.27604e-06
 Reference value :  2.28097e-06
 Reference value :  2.28268e-06
 Reference value :  2.28709e-06
 Reference value :  2.29117e-06
 Reference value :  2.29611e-06
 Reference value :  2.30145e-06
 Reference value :  2.30725e-06
 Reference value :  2.31131e-06
 Reference value :  2.31751e-06
 Reference value :  2.32120e-06
 Reference value :  2.32298e-06
 Reference value :  2.32809e-06
 Reference value :  2.33125e-06
 Reference value :  2.33691e-06
 Reference value :  2.34249e-06
 Reference value :  2.34889e-06
 Reference value :  2.35689e-06
 Reference value :  2.36117e-06
 Reference value :  2.36291e-06
 Reference value :  2.36769e-06
 Reference value :  2.37121e-06
 Reference value :  2.37651e-06
 Reference value :  2.38191e-06
 Reference value :  2.39001e-06
 Reference value :  2.39392e-06
 Reference value :  2.40011e-06
 Reference value :  2.40184e-06
 Reference value :  2.40449e-06
 Reference value :  2.40921e-06
 Reference value :  2.41122e-06
 Reference value :  2.41873e-06
 Reference value :  2.42371e-06
 Reference value :  2.43391e-06
 Reference value :  2.44060e-06
 Reference value :  2.44294e-06
 Reference value :  2.44916e-06
 Reference value :  2.45121e-06
 Reference value :  2.45652e-06
 Reference value :  2.46144e-06
 Reference value :  2.46824e-06
 Reference value :  2.47744e-06
 Reference value :  2.48117e-06
 Reference value :  2.48298e-06
 Reference value :  2.48789e-06
 Reference value :  2.49020e-06
 Reference value :  2.49391e-06
 Reference value :  2.50012e-06
 Reference value :  2.50485e-06
 Reference value :  2.51015e-06
 Reference value :  2.51551e-06
 Reference value :  2.52060e-06
 Reference value :  2.52228e-06
 Reference value :  2.52629e-06
 Reference value :  2.53001e-06
 Reference value :  2.53231e-06
 Reference value :  2.53911e-06
 Reference value :  2.54409e-06
 Reference value :  2.55049e-06
 Reference value :  2.55909e-06
 Reference value :  2.56125e-06
 Reference value :  2.56303e-06
 Reference value :  2.56849e-06
 Reference value :  2.57050e-06
 Reference value :  2.57471e-06
 Reference value :  2.58051e-06
 Reference value :  2.58711e-06
 Reference value :  2.59212e-06
 Reference value :  2.59872e-06
 Reference value :  2.60122e-06
 Reference value :  2.60300e-06
 Reference value :  2.60829e-06
 Reference value :  2.61032e-06
 Reference value :  2.61353e-06
 Reference value :  2.62000e-06
 Reference value :  2.62431e-06
 Reference value :  2.63371e-06
 Reference value :  2.64035e-06
 Reference value :  2.64198e-06
 Reference value :  2.64529e-06
 Reference value :  2.64958e-06
 Reference value :  2.65154e-06
 Reference value :  2.65791e-06
 Reference value :  2.66344e-06
 Reference value :  2.67184e-06
 Reference value :  2.68016e-06
 Reference value :  2.68190e-06
 Reference value :  2.68529e-06
 Reference value :  2.68989e-06
 Reference value :  2.69272e-06
 Reference value :  2.69986e-06
 Reference value :  2.70365e-06
 Reference value :  2.71001e-06
 Reference value :  2.71411e-06
 Reference value :  2.72012e-06
 Reference value :  2.72190e-06
 Reference value :  2.72509e-06
 Reference value :  2.72958e-06
 Reference value :  2.73154e-06
 Reference value :  2.73831e-06
 Reference value :  2.74369e-06
 Reference value :  2.75029e-06
 Reference value :  2.75929e-06
 Reference value :  2.76131e-06
 Reference value :  2.76332e-06
 Reference value :  2.76916e-06
 Reference value :  2.77116e-06
 Reference value :  2.77651e-06
 Reference value :  2.78171e-06
 Reference value :  2.78951e-06
 Reference value :  2.79352e-06
 Reference value :  2.80010e-06
 Reference value :  2.80179e-06
 Reference value :  2.80409e-06
 Reference value :  2.80921e-06
 Reference value :  2.81120e-06
 Reference value :  2.81573e-06
 Reference value :  2.82051e-06
 Reference value :  2.82731e-06
 Reference value :  2.83671e-06
 Reference value :  2.84110e-06
 Reference value :  2.84288e-06
 Reference value :  2.84729e-06
 Reference value :  2.85011e-06
 Reference value :  2.85311e-06
 Reference value :  2.86003e-06
 Reference value :  2.86524e-06
 Reference value :  2.87444e-06
 Reference value :  2.88043e-06
 Reference value :  2.88228e-06
 Reference value :  2.88629e-06
 Reference value :  2.89001e-06
 Reference value :  2.89231e-06
 Reference value :  2.89931e-06
 Reference value :  2.90305e-06
 Reference value :  2.90945e-06
 Reference value :  2.91331e-06
 Reference value :  2.92006e-06
 Reference value :  2.92178e-06
 Reference value :  2.92369e-06
 Reference value :  2.92916e-06
 Reference value :  2.93113e-06
 Reference value :  2.93591e-06
 Reference value :  2.94149e-06
 Reference value :  2.94789e-06
 Reference value :  2.95549e-06
 Reference value :  2.96059e-06
 Reference value :  2.96228e-06
 Reference value :  2.96629e-06
 Reference value :  2.97001e-06
 Reference value :  2.97231e-06
 Reference value :  2.97931e-06
 Reference value :  2.98371e-06
 Reference value :  2.99020e-06
 Reference value :  2.99572e-06
 Reference value :  3.00060e-06
 Reference value :  3.00248e-06
 Reference value :  3.00689e-06
 Reference value :  3.01010e-06
 Reference value :  3.01253e-06
 Reference value :  3.01893e-06
 Reference value :  3.02331e-06
 Reference value :  3.03211e-06
 Reference value :  3.04011e-06
 Reference value :  3.04185e-06
 Reference value :  3.04469e-06
 Reference value :  3.04942e-06
 Reference value :  3.05131e-06
 Reference value :  3.05731e-06
 Reference value :  3.06304e-06
 Reference value :  3.07124e-06
 Reference value :  3.08006e-06
 Reference value :  3.08181e-06
 Reference value :  3.08409e-06
 Reference value :  3.08922e-06
 Reference value :  3.09122e-06
 Reference value :  3.09671e-06
 Reference value :  3.10165e-06
 Reference value :  3.10785e-06
 Reference value :  3.11211e-06
 Reference value :  3.11871e-06
 Reference value :  3.12125e-06
 Reference value :  3.12303e-06
 Reference value :  3.12869e-06
 Reference value :  3.13050e-06
 Reference value :  3.13451e-06
 Reference value :  3.14020e-06
 Reference value :  3.14649e-06
 Reference value :  3.15329e-06
 Reference value :  3.16021e-06
 Reference value :  3.16189e-06
 Reference value :  3.16469e-06
 Reference value :  3.16931e-06
 Reference value :  3.17125e-06
 Reference value :  3.17691e-06
 Reference value :  3.18211e-06
 Reference value :  3.19001e-06
 Reference value :  3.19412e-06
 Reference value :  3.20012e-06
 Reference value :  3.20185e-06
 Reference value :  3.20449e-06
 Reference value :  3.20930e-06
 Reference value :  3.21125e-06
 Reference value :  3.21673e-06
 Reference value :  3.22131e-06
 Reference value :  3.22871e-06
 Reference value :  3.23791e-06
 Reference value :  3.24120e-06
 Reference value :  3.24298e-06
 Reference value :  3.24849e-06
 Reference value :  3.25050e-06
 Reference value :  3.25471e-06
 Reference value :  3.26029e-06
 Reference value :  3.26684e-06
 Reference value :  3.27604e-06
 Reference value :  3.28078e-06
 Reference value :  3.28248e-06
 Reference value :  3.28649e-06
 Reference value :  3.29003e-06
 Reference value :  3.29191e-06
 Reference value :  3.29811e-06
 Reference value :  3.30245e-06
 Reference value :  3.30885e-06
 Reference value :  3.31271e-06
 Reference value :  3.31951e-06
 Reference value :  3.32131e-06
 Reference value :  3.32316e-06
 Reference value :  3.32899e-06
 Reference value :  3.33090e-06
 Reference value :  3.33511e-06
 Reference value :  3.34049e-06
 Reference value :  3.34709e-06
 Reference value :  3.35429e-06
 Reference value :  3.36042e-06
 Reference value :  3.36210e-06
 Reference value :  3.36589e-06
 Reference value :  3.37000e-06
 Reference value :  3.37231e-06
 Reference value :  3.37931e-06
 Reference value :  3.38391e-06
 Reference value :  3.39052e-06
 Reference value :  3.39632e-06
No. of Data Rows : 22289

  Measurements for Transient Analysis

twin_r              =  1.73339e-09 targ=  4.17834e-08 trig=  4.00500e-08
twin_f              =  1.71455e-09 targ=  2.41865e-07 trig=  2.40150e-07
ta_asrt             =   1.91625e-06
tb_asrt             =   1.91254e-06
te_asrt             =   1.91254e-06
la_lvl              =  2.97000e+00 from=  3.06000e-06 to=  3.40000e-06
lb_lvl              =  2.97000e+00 from=  3.06000e-06 to=  3.40000e-06
lc_lvl              =  1.08967e-08 from=  3.06000e-06 to=  3.40000e-06
ld_lvl              =  1.16740e-08 from=  3.06000e-06 to=  3.40000e-06
le_lvl              =  1.29479e-08 from=  3.06000e-06 to=  3.40000e-06
va_lvl              =  2.34664e+00 from=  3.06000e-06 to=  3.40000e-06
te_deas             =   2.40540e-06
le_pre              =  2.97000e+00 from=  2.16000e-06 to=  2.40001e-06
iavg                =  -1.77668e-04 from=  1.70000e-06 to=  3.40000e-06

ngspice-46 done

Warning: m=xx on .subckt line will override multiplier m hierarchy!


Error: measure  tc_asrt  when(WHEN) : out of interval
 .measure tran tc_asrt when v(lockc)=    1.485000000000000e+00     rise=1 failed!


Error: measure  td_asrt  when(WHEN) : out of interval
 .measure tran td_asrt when v(lockd)=    1.485000000000000e+00     rise=1 failed!

