
Note: Compatibility modes selected: hs a


Circuit: * lock-detector @ ss_125c_2.97v_e1.88n_c3 -- generated by sim/harness, do not edit

Doing analysis at TEMP = 125.000000 and TNOM = 27.000000

Using SPARSE 1.3 as Direct Linear Solver

Initial Transient Solution
--------------------------

Node                                   Voltage
----                                   -------
vdd                                       2.97
ldt0                                      2.97
ldt1                                      2.97
ldt2                                         0
ldt3                                         0
upa                                          0
dna                                          0
xa.xerr.n1                                2.97
xa.xerr.xg1.nmid                     0.0693288
xa.xerr.n2                                2.97
xa.xerr.xg2.nmid                   4.16559e-08
xa.xerr.n3                                2.97
xa.xerr.xg3.nmid                   4.16559e-08
xa.err                             2.41557e-08
xa.xerr.xg4.nmid                   1.20778e-08
xa.xdly.t0b                        1.21794e-08
xa.xdly.t1b                        1.21794e-08
xa.xdly.t2b                               2.97
xa.xdly.t3b                               2.97
xa.xdly.d1                                2.97
xa.xdly.s10                               2.97
xa.xdly.s11                               2.97
xa.xdly.s12                        7.93917e-08
xa.xdly.s13                        7.26857e-08
xa.xdly.d2                         5.60942e-08
xa.xdly.s20                        8.28424e-08
xa.xdly.s21                        7.18255e-08
xa.xdly.s22                        1.32643e-08
xa.xdly.s23                        6.62912e-09
xa.xdly.d3                                2.97
xa.xdly.s30                               2.97
xa.xdly.s31                               2.97
xa.xdly.s32                        7.93917e-08
xa.xdly.s33                        7.26857e-08
xa.errd                            5.60942e-08
xa.xdly.s40                        8.28424e-08
xa.xdly.s41                        7.18255e-08
xa.xdly.s42                        1.32643e-08
xa.xdly.s43                        6.62912e-09
xa.wideb                                  2.97
xa.xnw.nmid                          0.0693287
xa.wide                            1.21794e-08
vwina                                        0
xa.xsch.p1                                2.97
xa.lockb                                  2.97
xa.xsch.n1                             2.47889
locka                              1.21794e-08
upb                                          0
dnb                                          0
xb.xerr.n1                                2.97
xb.xerr.xg1.nmid                     0.0693288
xb.xerr.n2                                2.97
xb.xerr.xg2.nmid                   4.16559e-08
xb.xerr.n3                                2.97
xb.xerr.xg3.nmid                   4.16559e-08
xb.err                             2.41557e-08
xb.xerr.xg4.nmid                   1.20778e-08
xb.xdly.t0b                        1.21794e-08
xb.xdly.t1b                        1.21794e-08
xb.xdly.t2b                               2.97
xb.xdly.t3b                               2.97
xb.xdly.d1                                2.97
xb.xdly.s10                               2.97
xb.xdly.s11                               2.97
xb.xdly.s12                        7.93917e-08
xb.xdly.s13                        7.26857e-08
xb.xdly.d2                         5.60942e-08
xb.xdly.s20                        8.28424e-08
xb.xdly.s21                        7.18255e-08
xb.xdly.s22                        1.32643e-08
xb.xdly.s23                        6.62912e-09
xb.xdly.d3                                2.97
xb.xdly.s30                               2.97
xb.xdly.s31                               2.97
xb.xdly.s32                        7.93917e-08
xb.xdly.s33                        7.26857e-08
xb.errd                            5.60942e-08
xb.xdly.s40                        8.28424e-08
xb.xdly.s41                        7.18255e-08
xb.xdly.s42                        1.32643e-08
xb.xdly.s43                        6.62912e-09
xb.wideb                                  2.97
xb.xnw.nmid                          0.0693287
xb.wide                            1.21794e-08
vwinb                                        0
xb.xsch.p1                                2.97
xb.lockb                                  2.97
xb.xsch.n1                             2.47889
lockb                              1.21794e-08
upc                                          0
dnc                                          0
xc.xerr.n1                                2.97
xc.xerr.xg1.nmid                     0.0693288
xc.xerr.n2                                2.97
xc.xerr.xg2.nmid                   4.16559e-08
xc.xerr.n3                                2.97
xc.xerr.xg3.nmid                   4.16559e-08
xc.err                             2.41557e-08
xc.xerr.xg4.nmid                   1.20778e-08
xc.xdly.t0b                        1.21794e-08
xc.xdly.t1b                        1.21794e-08
xc.xdly.t2b                               2.97
xc.xdly.t3b                               2.97
xc.xdly.d1                                2.97
xc.xdly.s10                               2.97
xc.xdly.s11                               2.97
xc.xdly.s12                        7.93917e-08
xc.xdly.s13                        7.26857e-08
xc.xdly.d2                         5.60942e-08
xc.xdly.s20                        8.28424e-08
xc.xdly.s21                        7.18255e-08
xc.xdly.s22                        1.32643e-08
xc.xdly.s23                        6.62912e-09
xc.xdly.d3                                2.97
xc.xdly.s30                               2.97
xc.xdly.s31                               2.97
xc.xdly.s32                        7.93917e-08
xc.xdly.s33                        7.26857e-08
xc.errd                            5.60942e-08
xc.xdly.s40                        8.28424e-08
xc.xdly.s41                        7.18255e-08
xc.xdly.s42                        1.32643e-08
xc.xdly.s43                        6.62912e-09
xc.wideb                                  2.97
xc.xnw.nmid                          0.0693288
xc.wide                            1.21794e-08
vwinc                                        0
xc.xsch.p1                                2.97
xc.lockb                                  2.97
xc.xsch.n1                             2.47889
lockc                              1.21794e-08
upd                                          0
dnd                                          0
xd.xerr.n1                                2.97
xd.xerr.xg1.nmid                     0.0693288
xd.xerr.n2                                2.97
xd.xerr.xg2.nmid                   4.16559e-08
xd.xerr.n3                                2.97
xd.xerr.xg3.nmid                   4.16559e-08
xd.err                             2.41557e-08
xd.xerr.xg4.nmid                   1.20778e-08
xd.xdly.t0b                        1.21794e-08
xd.xdly.t1b                        1.21794e-08
xd.xdly.t2b                               2.97
xd.xdly.t3b                               2.97
xd.xdly.d1                                2.97
xd.xdly.s10                               2.97
xd.xdly.s11                               2.97
xd.xdly.s12                        7.93917e-08
xd.xdly.s13                        7.26857e-08
xd.xdly.d2                         5.60942e-08
xd.xdly.s20                        8.28424e-08
xd.xdly.s21                        7.18255e-08
xd.xdly.s22                        1.32643e-08
xd.xdly.s23                        6.62912e-09
xd.xdly.d3                                2.97
xd.xdly.s30                               2.97
xd.xdly.s31                               2.97
xd.xdly.s32                        7.93917e-08
xd.xdly.s33                        7.26857e-08
xd.errd                            5.60942e-08
xd.xdly.s40                        8.28424e-08
xd.xdly.s41                        7.18255e-08
xd.xdly.s42                        1.32643e-08
xd.xdly.s43                        6.62912e-09
xd.wideb                                  2.97
xd.xnw.nmid                          0.0693288
xd.wide                            1.21794e-08
vwind                                        0
xd.xsch.p1                                2.97
xd.lockb                                  2.97
xd.xsch.n1                             2.47889
lockd                              1.21794e-08
upe1                                         0
upe2                                         0
upe1n                                     2.97
upe2n                                     2.97
upe                                2.41556e-08
xoe3.nmid                          1.20778e-08
dne                                          0
xe.xerr.n1                                2.97
xe.xerr.xg1.nmid                     0.0693288
xe.xerr.n2                                2.97
xe.xerr.xg2.nmid                    4.1656e-08
xe.xerr.n3                                2.97
xe.xerr.xg3.nmid                   4.16559e-08
xe.err                             2.41557e-08
xe.xerr.xg4.nmid                   1.20778e-08
xe.xdly.t0b                        1.21794e-08
xe.xdly.t1b                        1.21794e-08
xe.xdly.t2b                               2.97
xe.xdly.t3b                               2.97
xe.xdly.d1                                2.97
xe.xdly.s10                               2.97
xe.xdly.s11                               2.97
xe.xdly.s12                        7.93917e-08
xe.xdly.s13                        7.26857e-08
xe.xdly.d2                         5.60942e-08
xe.xdly.s20                        8.28424e-08
xe.xdly.s21                        7.18255e-08
xe.xdly.s22                        1.32643e-08
xe.xdly.s23                        6.62912e-09
xe.xdly.d3                                2.97
xe.xdly.s30                               2.97
xe.xdly.s31                               2.97
xe.xdly.s32                        7.93917e-08
xe.xdly.s33                        7.26857e-08
xe.errd                            5.60942e-08
xe.xdly.s40                        8.28424e-08
xe.xdly.s41                        7.18255e-08
xe.xdly.s42                        1.32643e-08
xe.xdly.s43                        6.62912e-09
xe.wideb                                  2.97
xe.xnw.nmid                          0.0693288
xe.wide                            1.21794e-08
vwine                                        0
xe.xsch.p1                                2.97
xe.lockb                                  2.97
xe.xsch.n1                             2.47889
locke                              1.21794e-08
wstep                                        0
xw.t0b                             1.21794e-08
xw.t1b                             1.21794e-08
xw.t2b                                    2.97
xw.t3b                                    2.97
xw.d1                                     2.97
xw.s10                                    2.97
xw.s11                                    2.97
xw.s12                             7.93917e-08
xw.s13                             7.26857e-08
xw.d2                              5.60942e-08
xw.s20                             8.28424e-08
xw.s21                             7.18255e-08
xw.s22                             1.32643e-08
xw.s23                             6.62912e-09
xw.d3                                     2.97
xw.s30                                    2.97
xw.s31                                    2.97
xw.s32                             7.93917e-08
xw.s33                             7.26857e-08
wout                               5.60942e-08
xw.s40                             8.28424e-08
xw.s41                             7.18255e-08
xw.s42                             1.32643e-08
xw.s43                             6.62912e-09
vwstep#branch                                0
vdne#branch                                  0
vupe2#branch                                 0
vupe1#branch                                 0
vdnd#branch                                  0
vupd#branch                                  0
vdnc#branch                                  0
vupc#branch                                  0
vdnb#branch                                  0
vupb#branch                                  0
vdna#branch                                  0
vupa#branch                                  0
vt3#branch                                   0
vt2#branch                                   0
vt1#branch                                   0
vt0#branch                                   0
vdd#branch                        -2.30192e-06

 Reference value :  0.00000e+00
 Reference value :  7.85600e-09
 Reference value :  1.70560e-08
 Reference value :  2.66560e-08
 Reference value :  3.58560e-08
 Reference value :  4.09705e-08
 Reference value :  4.29800e-08
 Reference value :  4.73856e-08
 Reference value :  5.12070e-08
 Reference value :  5.65050e-08
 Reference value :  6.18376e-08
 Reference value :  6.94376e-08
 Reference value :  7.86376e-08
 Reference value :  8.12490e-08
 Reference value :  8.32664e-08
 Reference value :  8.97996e-08
 Reference value :  9.19050e-08
 Reference value :  9.87050e-08
 Reference value :  1.02845e-07
 Reference value :  1.09245e-07
 Reference value :  1.13108e-07
 Reference value :  1.20010e-07
 Reference value :  1.21715e-07
 Reference value :  1.23786e-07
 Reference value :  1.30010e-07
 Reference value :  1.32505e-07
 Reference value :  1.39853e-07
 Reference value :  1.44494e-07
 Reference value :  1.51094e-07
 Reference value :  1.60010e-07
 Reference value :  1.61880e-07
 Reference value :  1.63986e-07
 Reference value :  1.70065e-07
 Reference value :  1.72905e-07
 Reference value :  1.80010e-07
 Reference value :  1.84707e-07
 Reference value :  1.90917e-07
 Reference value :  1.97317e-07
 Reference value :  2.01165e-07
 Reference value :  2.03080e-07
 Reference value :  2.08386e-07
 Reference value :  2.11249e-07
 Reference value :  2.16528e-07
 Reference value :  2.21107e-07
 Reference value :  2.28307e-07
 Reference value :  2.37507e-07
 Reference value :  2.40823e-07
 Reference value :  2.42581e-07
 Reference value :  2.45786e-07
 Reference value :  2.50503e-07
 Reference value :  2.54705e-07
 Reference value :  2.60644e-07
 Reference value :  2.67644e-07
 Reference value :  2.76844e-07
 Reference value :  2.81110e-07
 Reference value :  2.83045e-07
 Reference value :  2.88000e-07
 Reference value :  2.91221e-07
 Reference value :  2.96705e-07
 Reference value :  3.01645e-07
 Reference value :  3.07645e-07
 Reference value :  3.11908e-07
 Reference value :  3.18508e-07
 Reference value :  3.21249e-07
 Reference value :  3.23185e-07
 Reference value :  3.29386e-07
 Reference value :  3.31705e-07
 Reference value :  3.38505e-07
 Reference value :  3.43494e-07
 Reference value :  3.50294e-07
 Reference value :  3.59294e-07
 Reference value :  3.61388e-07
 Reference value :  3.63423e-07
 Reference value :  3.69186e-07
 Reference value :  3.71705e-07
 Reference value :  3.78505e-07
 Reference value :  3.83107e-07
 Reference value :  3.90121e-07
 Reference value :  3.95117e-07
 Reference value :  4.00656e-07
 Reference value :  4.02581e-07
 Reference value :  4.06786e-07
 Reference value :  4.10979e-07
 Reference value :  4.14728e-07
 Reference value :  4.20205e-07
 Reference value :  4.27307e-07
 Reference value :  4.36907e-07
 Reference value :  4.41165e-07
 Reference value :  4.43045e-07
 Reference value :  4.47986e-07
 Reference value :  4.51249e-07
 Reference value :  4.57305e-07
 Reference value :  4.62829e-07
 Reference value :  4.71229e-07
 Reference value :  4.80060e-07
 Reference value :  4.81880e-07
 Reference value :  4.84600e-07
 Reference value :  4.90205e-07
 Reference value :  4.94305e-07
 Reference value :  5.00205e-07
 Reference value :  5.05845e-07
 Reference value :  5.10708e-07
 Reference value :  5.16708e-07
 Reference value :  5.21110e-07
 Reference value :  5.23010e-07
 Reference value :  5.27986e-07
 Reference value :  5.31384e-07
 Reference value :  5.39853e-07
 Reference value :  5.44494e-07
 Reference value :  5.51294e-07
 Reference value :  5.60030e-07
 Reference value :  5.61890e-07
 Reference value :  5.64186e-07
 Reference value :  5.70065e-07
 Reference value :  5.74105e-07
 Reference value :  5.80707e-07
 Reference value :  5.87907e-07
 Reference value :  5.92717e-07
 Reference value :  6.00010e-07
 Reference value :  6.01890e-07
 Reference value :  6.04586e-07
 Reference value :  6.10121e-07
 Reference value :  6.12928e-07
 Reference value :  6.19528e-07
 Reference value :  6.24107e-07
 Reference value :  6.32907e-07
 Reference value :  6.40205e-07
 Reference value :  6.42085e-07
 Reference value :  6.45786e-07
 Reference value :  6.50503e-07
 Reference value :  6.54905e-07
 Reference value :  6.60453e-07
 Reference value :  6.69229e-07
 Reference value :  6.78429e-07
 Reference value :  6.81550e-07
 Reference value :  6.83786e-07
 Reference value :  6.90030e-07
 Reference value :  6.92705e-07
 Reference value :  7.00000e-07
 Reference value :  7.03645e-07
 Reference value :  7.10010e-07
 Reference value :  7.14308e-07
 Reference value :  7.20205e-07
 Reference value :  7.22085e-07
 Reference value :  7.25586e-07
 Reference value :  7.30317e-07
 Reference value :  7.34305e-07
 Reference value :  7.40149e-07
 Reference value :  7.46494e-07
 Reference value :  7.53494e-07
 Reference value :  7.60205e-07
 Reference value :  7.62197e-07
 Reference value :  7.66186e-07
 Reference value :  7.70703e-07
 Reference value :  7.75105e-07
 Reference value :  7.80707e-07
 Reference value :  7.87707e-07
 Reference value :  7.92717e-07
 Reference value :  8.00010e-07
 Reference value :  8.01880e-07
 Reference value :  8.04186e-07
 Reference value :  8.10065e-07
 Reference value :  8.12528e-07
 Reference value :  8.19128e-07
 Reference value :  8.23507e-07
 Reference value :  8.32707e-07
 Reference value :  8.40121e-07
 Reference value :  8.42001e-07
 Reference value :  8.45186e-07
 Reference value :  8.50317e-07
 Reference value :  8.54305e-07
 Reference value :  8.60288e-07
 Reference value :  8.67229e-07
 Reference value :  8.77429e-07
 Reference value :  8.81221e-07
 Reference value :  8.83264e-07
 Reference value :  8.90065e-07
 Reference value :  8.92905e-07
 Reference value :  9.00030e-07
 Reference value :  9.04245e-07
 Reference value :  9.10100e-07
 Reference value :  9.14708e-07
 Reference value :  9.20317e-07
 Reference value :  9.22197e-07
 Reference value :  9.26186e-07
 Reference value :  9.30703e-07
 Reference value :  9.35105e-07
 Reference value :  9.41094e-07
 Reference value :  9.47694e-07
 Reference value :  9.55294e-07
 Reference value :  9.60839e-07
 Reference value :  9.62781e-07
 Reference value :  9.67386e-07
 Reference value :  9.71130e-07
 Reference value :  9.75905e-07
 Reference value :  9.81507e-07
 Reference value :  9.89507e-07
 Reference value :  9.93517e-07
 Reference value :  1.00011e-06
 Reference value :  1.00194e-06
 Reference value :  1.00500e-06
 Reference value :  1.01021e-06
 Reference value :  1.01333e-06
 Reference value :  1.02000e-06
 Reference value :  1.02451e-06
 Reference value :  1.03431e-06
 Reference value :  1.04125e-06
 Reference value :  1.04479e-06
 Reference value :  1.05032e-06
 Reference value :  1.06006e-06
 Reference value :  1.06703e-06
 Reference value :  1.08011e-06
 Reference value :  1.08298e-06
 Reference value :  1.08839e-06
 Reference value :  1.09351e-06
 Reference value :  1.10032e-06
 Reference value :  1.10685e-06
 Reference value :  1.11371e-06
 Reference value :  1.12110e-06
 Reference value :  1.12342e-06
 Reference value :  1.13121e-06
 Reference value :  1.14012e-06
 Reference value :  1.14849e-06
 Reference value :  1.15929e-06
 Reference value :  1.16220e-06
 Reference value :  1.16879e-06
 Reference value :  1.17411e-06
 Reference value :  1.18032e-06
 Reference value :  1.18711e-06
 Reference value :  1.19232e-06
 Reference value :  1.20007e-06
 Reference value :  1.20220e-06
 Reference value :  1.21000e-06
 Reference value :  1.21533e-06
 Reference value :  1.22071e-06
 Reference value :  1.22811e-06
 Reference value :  1.23791e-06
 Reference value :  1.24122e-06
 Reference value :  1.24313e-06
 Reference value :  1.24899e-06
 Reference value :  1.25171e-06
 Reference value :  1.25871e-06
 Reference value :  1.26383e-06
 Reference value :  1.27243e-06
 Reference value :  1.28012e-06
 Reference value :  1.28199e-06
 Reference value :  1.28499e-06
 Reference value :  1.29020e-06
 Reference value :  1.29411e-06
 Reference value :  1.30020e-06
 Reference value :  1.30565e-06
 Reference value :  1.31051e-06
 Reference value :  1.31671e-06
 Reference value :  1.32111e-06
 Reference value :  1.32299e-06
 Reference value :  1.32779e-06
 Reference value :  1.33122e-06
 Reference value :  1.33671e-06
 Reference value :  1.34229e-06
 Reference value :  1.34889e-06
 Reference value :  1.35689e-06
 Reference value :  1.36117e-06
 Reference value :  1.36305e-06
 Reference value :  1.36819e-06
 Reference value :  1.37131e-06
 Reference value :  1.37751e-06
 Reference value :  1.38271e-06
 Reference value :  1.39011e-06
 Reference value :  1.39535e-06
 Reference value :  1.40021e-06
 Reference value :  1.40399e-06
 Reference value :  1.41011e-06
 Reference value :  1.41293e-06
 Reference value :  1.41973e-06
 Reference value :  1.42391e-06
 Reference value :  1.43371e-06
 Reference value :  1.44032e-06
 Reference value :  1.44220e-06
 Reference value :  1.44619e-06
 Reference value :  1.45090e-06
 Reference value :  1.45731e-06
 Reference value :  1.46283e-06
 Reference value :  1.47223e-06
 Reference value :  1.48010e-06
 Reference value :  1.48198e-06
 Reference value :  1.48519e-06
 Reference value :  1.49032e-06
 Reference value :  1.49451e-06
 Reference value :  1.50032e-06
 Reference value :  1.50585e-06
 Reference value :  1.51091e-06
 Reference value :  1.51985e-06
 Reference value :  1.52188e-06
 Reference value :  1.52399e-06
 Reference value :  1.53003e-06
 Reference value :  1.53271e-06
 Reference value :  1.53985e-06
 Reference value :  1.54589e-06
 Reference value :  1.55329e-06
 Reference value :  1.56084e-06
 Reference value :  1.56305e-06
 Reference value :  1.56919e-06
 Reference value :  1.57231e-06
 Reference value :  1.57971e-06
 Reference value :  1.58531e-06
 Reference value :  1.59192e-06
 Reference value :  1.59852e-06
 Reference value :  1.60125e-06
 Reference value :  1.60313e-06
 Reference value :  1.60879e-06
 Reference value :  1.61213e-06
 Reference value :  1.61853e-06
 Reference value :  1.62291e-06
 Reference value :  1.63191e-06
 Reference value :  1.64012e-06
 Reference value :  1.64299e-06
 Reference value :  1.64759e-06
 Reference value :  1.65121e-06
 Reference value :  1.65711e-06
 Reference value :  1.66283e-06
 Reference value :  1.67103e-06
 Reference value :  1.68003e-06
 Reference value :  1.68198e-06
 Reference value :  1.68499e-06
 Reference value :  1.69020e-06
 Reference value :  1.69411e-06
 Reference value :  1.70032e-06
 Reference value :  1.70605e-06
 Reference value :  1.71071e-06
 Reference value :  1.71691e-06
 Reference value :  1.72120e-06
 Reference value :  1.72359e-06
 Reference value :  1.73020e-06
 Reference value :  1.73751e-06
 Reference value :  1.74469e-06
 Reference value :  1.75189e-06
 Reference value :  1.76030e-06
 Reference value :  1.76305e-06
 Reference value :  1.76799e-06
 Reference value :  1.77231e-06
 Reference value :  1.78051e-06
 Reference value :  1.78791e-06
 Reference value :  1.79272e-06
 Reference value :  1.80001e-06
 Reference value :  1.80188e-06
 Reference value :  1.80419e-06
 Reference value :  1.81011e-06
 Reference value :  1.81293e-06
 Reference value :  1.82007e-06
 Reference value :  1.82531e-06
 Reference value :  1.83511e-06
 Reference value :  1.84083e-06
 Reference value :  1.84299e-06
 Reference value :  1.84779e-06
 Reference value :  1.85131e-06
 Reference value :  1.85771e-06
 Reference value :  1.86363e-06
 Reference value :  1.87243e-06
 Reference value :  1.88020e-06
 Reference value :  1.88220e-06
 Reference value :  1.88679e-06
 Reference value :  1.89120e-06
 Reference value :  1.89711e-06
 Reference value :  1.90245e-06
 Reference value :  1.91000e-06
 Reference value :  1.91431e-06
 Reference value :  1.92035e-06
 Reference value :  1.92238e-06
 Reference value :  1.92719e-06
 Reference value :  1.93130e-06
 Reference value :  1.93852e-06
 Reference value :  1.94429e-06
 Reference value :  1.95109e-06
 Reference value :  1.96000e-06
 Reference value :  1.96194e-06
 Reference value :  1.96519e-06
 Reference value :  1.97073e-06
 Reference value :  1.97572e-06
 Reference value :  1.98171e-06
 Reference value :  1.99011e-06
 Reference value :  1.99592e-06
 Reference value :  2.00110e-06
 Reference value :  2.00308e-06
 Reference value :  2.00919e-06
 Reference value :  2.01233e-06
 Reference value :  2.01953e-06
 Reference value :  2.02511e-06
 Reference value :  2.03591e-06
 Reference value :  2.04117e-06
 Reference value :  2.04313e-06
 Reference value :  2.05006e-06
 Reference value :  2.05351e-06
 Reference value :  2.06015e-06
 Reference value :  2.06723e-06
 Reference value :  2.07723e-06
 Reference value :  2.08131e-06
 Reference value :  2.08326e-06
 Reference value :  2.09001e-06
 Reference value :  2.09311e-06
 Reference value :  2.10012e-06
 Reference value :  2.10525e-06
 Reference value :  2.11031e-06
 Reference value :  2.11871e-06
 Reference value :  2.12139e-06
 Reference value :  2.12359e-06
 Reference value :  2.13001e-06
 Reference value :  2.13251e-06
 Reference value :  2.13985e-06
 Reference value :  2.14449e-06
 Reference value :  2.15089e-06
 Reference value :  2.16001e-06
 Reference value :  2.16189e-06
 Reference value :  2.16419e-06
 Reference value :  2.17006e-06
 Reference value :  2.17291e-06
 Reference value :  2.18003e-06
 Reference value :  2.18491e-06
 Reference value :  2.19112e-06
 Reference value :  2.19712e-06
 Reference value :  2.20117e-06
 Reference value :  2.20304e-06
 Reference value :  2.20799e-06
 Reference value :  2.21121e-06
 Reference value :  2.21633e-06
 Reference value :  2.22131e-06
 Reference value :  2.22911e-06
 Reference value :  2.23871e-06
 Reference value :  2.24125e-06
 Reference value :  2.24310e-06
 Reference value :  2.24839e-06
 Reference value :  2.25131e-06
 Reference value :  2.25751e-06
 Reference value :  2.26304e-06
 Reference value :  2.27124e-06
 Reference value :  2.28007e-06
 Reference value :  2.28191e-06
 Reference value :  2.28439e-06
 Reference value :  2.29011e-06
 Reference value :  2.29331e-06
 Reference value :  2.30010e-06
 Reference value :  2.30485e-06
 Reference value :  2.31021e-06
 Reference value :  2.31611e-06
 Reference value :  2.32097e-06
 Reference value :  2.32298e-06
 Reference value :  2.32799e-06
 Reference value :  2.33125e-06
 Reference value :  2.33711e-06
 Reference value :  2.34329e-06
 Reference value :  2.34989e-06
 Reference value :  2.35849e-06
 Reference value :  2.36131e-06
 Reference value :  2.36342e-06
 Reference value :  2.36989e-06
 Reference value :  2.37231e-06
 Reference value :  2.37891e-06
 Reference value :  2.38351e-06
 Reference value :  2.39032e-06
 Reference value :  2.39612e-06
 Reference value :  2.40078e-06
 Reference value :  2.40278e-06
 Reference value :  2.40699e-06
 Reference value :  2.41011e-06
 Reference value :  2.41273e-06
 Reference value :  2.41973e-06
 Reference value :  2.42431e-06
 Reference value :  2.43451e-06
 Reference value :  2.44078e-06
 Reference value :  2.44298e-06
 Reference value :  2.44800e-06
 Reference value :  2.45073e-06
 Reference value :  2.45512e-06
 Reference value :  2.46124e-06
 Reference value :  2.46884e-06
 Reference value :  2.47844e-06
 Reference value :  2.48131e-06
 Reference value :  2.48326e-06
 Reference value :  2.48911e-06
 Reference value :  2.49113e-06
 Reference value :  2.49611e-06
 Reference value :  2.50205e-06
 Reference value :  2.50805e-06
 Reference value :  2.51231e-06
 Reference value :  2.52003e-06
 Reference value :  2.52191e-06
 Reference value :  2.52479e-06
 Reference value :  2.52958e-06
 Reference value :  2.53171e-06
 Reference value :  2.53891e-06
 Reference value :  2.54389e-06
 Reference value :  2.55109e-06
 Reference value :  2.56001e-06
 Reference value :  2.56188e-06
 Reference value :  2.56419e-06
 Reference value :  2.56922e-06
 Reference value :  2.57122e-06
 Reference value :  2.57691e-06
 Reference value :  2.58251e-06
 Reference value :  2.59092e-06
 Reference value :  2.60006e-06
 Reference value :  2.60189e-06
 Reference value :  2.60419e-06
 Reference value :  2.60925e-06
 Reference value :  2.61125e-06
 Reference value :  2.61673e-06
 Reference value :  2.62171e-06
 Reference value :  2.62971e-06
 Reference value :  2.63931e-06
 Reference value :  2.64139e-06
 Reference value :  2.64359e-06
 Reference value :  2.64920e-06
 Reference value :  2.65120e-06
 Reference value :  2.65651e-06
 Reference value :  2.66224e-06
 Reference value :  2.67024e-06
 Reference value :  2.67964e-06
 Reference value :  2.68171e-06
 Reference value :  2.68359e-06
 Reference value :  2.68916e-06
 Reference value :  2.69121e-06
 Reference value :  2.69672e-06
 Reference value :  2.70205e-06
 Reference value :  2.70865e-06
 Reference value :  2.71271e-06
 Reference value :  2.72000e-06
 Reference value :  2.72171e-06
 Reference value :  2.72359e-06
 Reference value :  2.72920e-06
 Reference value :  2.73120e-06
 Reference value :  2.73651e-06
 Reference value :  2.74209e-06
 Reference value :  2.74929e-06
 Reference value :  2.75769e-06
 Reference value :  2.76120e-06
 Reference value :  2.76359e-06
 Reference value :  2.76978e-06
 Reference value :  2.77211e-06
 Reference value :  2.77971e-06
 Reference value :  2.78411e-06
 Reference value :  2.79072e-06
 Reference value :  2.79672e-06
 Reference value :  2.80110e-06
 Reference value :  2.80298e-06
 Reference value :  2.80739e-06
 Reference value :  2.81021e-06
 Reference value :  2.81333e-06
 Reference value :  2.81986e-06
 Reference value :  2.82431e-06
 Reference value :  2.83391e-06
 Reference value :  2.84043e-06
 Reference value :  2.84220e-06
 Reference value :  2.84619e-06
 Reference value :  2.85001e-06
 Reference value :  2.85291e-06
 Reference value :  2.86001e-06
 Reference value :  2.86504e-06
 Reference value :  2.87424e-06
 Reference value :  2.88043e-06
 Reference value :  2.88220e-06
 Reference value :  2.88579e-06
 Reference value :  2.89001e-06
 Reference value :  2.89291e-06
 Reference value :  2.90006e-06
 Reference value :  2.90445e-06
 Reference value :  2.91012e-06
 Reference value :  2.91551e-06
 Reference value :  2.92060e-06
 Reference value :  2.92258e-06
 Reference value :  2.92659e-06
 Reference value :  2.93006e-06
 Reference value :  2.93291e-06
 Reference value :  2.94003e-06
 Reference value :  2.94529e-06
 Reference value :  2.95189e-06
 Reference value :  2.96010e-06
 Reference value :  2.96189e-06
 Reference value :  2.96419e-06
 Reference value :  2.96930e-06
 Reference value :  2.97131e-06
 Reference value :  2.97751e-06
 Reference value :  2.98271e-06
 Reference value :  2.99010e-06
 Reference value :  2.99472e-06
 Reference value :  3.00043e-06
 Reference value :  3.00220e-06
 Reference value :  3.00599e-06
 Reference value :  3.01003e-06
 Reference value :  3.01233e-06
 Reference value :  3.01853e-06
 Reference value :  3.02291e-06
 Reference value :  3.03251e-06
 Reference value :  3.04022e-06
 Reference value :  3.04208e-06
 Reference value :  3.04579e-06
 Reference value :  3.05011e-06
 Reference value :  3.05391e-06
 Reference value :  3.06021e-06
 Reference value :  3.06684e-06
 Reference value :  3.07644e-06
 Reference value :  3.08113e-06
 Reference value :  3.08301e-06
 Reference value :  3.08759e-06
 Reference value :  3.09020e-06
 Reference value :  3.09431e-06
 Reference value :  3.10045e-06
 Reference value :  3.10605e-06
 Reference value :  3.11091e-06
 Reference value :  3.11691e-06
 Reference value :  3.12111e-06
 Reference value :  3.12309e-06
 Reference value :  3.12879e-06
 Reference value :  3.13070e-06
 Reference value :  3.13511e-06
 Reference value :  3.14069e-06
 Reference value :  3.14729e-06
 Reference value :  3.15549e-06
 Reference value :  3.16077e-06
 Reference value :  3.16258e-06
 Reference value :  3.16639e-06
 Reference value :  3.17007e-06
 Reference value :  3.17271e-06
 Reference value :  3.18000e-06
 Reference value :  3.18531e-06
 Reference value :  3.19152e-06
 Reference value :  3.19772e-06
 Reference value :  3.20117e-06
 Reference value :  3.20301e-06
 Reference value :  3.20779e-06
 Reference value :  3.21032e-06
 Reference value :  3.21373e-06
 Reference value :  3.22000e-06
 Reference value :  3.22431e-06
 Reference value :  3.23371e-06
 Reference value :  3.24032e-06
 Reference value :  3.24203e-06
 Reference value :  3.24499e-06
 Reference value :  3.24958e-06
 Reference value :  3.25171e-06
 Reference value :  3.25811e-06
 Reference value :  3.26324e-06
 Reference value :  3.27164e-06
 Reference value :  3.28011e-06
 Reference value :  3.28194e-06
 Reference value :  3.28459e-06
 Reference value :  3.28958e-06
 Reference value :  3.29171e-06
 Reference value :  3.29831e-06
 Reference value :  3.30265e-06
 Reference value :  3.30925e-06
 Reference value :  3.31331e-06
 Reference value :  3.32006e-06
 Reference value :  3.32188e-06
 Reference value :  3.32399e-06
 Reference value :  3.32920e-06
 Reference value :  3.33120e-06
 Reference value :  3.33731e-06
 Reference value :  3.34269e-06
 Reference value :  3.34929e-06
 Reference value :  3.35789e-06
 Reference value :  3.36122e-06
 Reference value :  3.36319e-06
 Reference value :  3.36894e-06
 Reference value :  3.37090e-06
 Reference value :  3.37531e-06
 Reference value :  3.38091e-06
 Reference value :  3.38791e-06
 Reference value :  3.39252e-06
No. of Data Rows : 22266

  Measurements for Transient Analysis

twin_r              =  1.73681e-09 targ=  4.17868e-08 trig=  4.00500e-08
twin_f              =  1.71678e-09 targ=  2.41867e-07 trig=  2.40150e-07
tb_asrt             =   1.91254e-06
te_asrt             =   1.91254e-06
la_lvl              =  5.83545e-09 from=  3.06000e-06 to=  3.40000e-06
lb_lvl              =  2.97000e+00 from=  3.06000e-06 to=  3.40000e-06
lc_lvl              =  7.65096e-09 from=  3.06000e-06 to=  3.40000e-06
ld_lvl              =  1.00496e-08 from=  3.06000e-06 to=  3.40000e-06
le_lvl              =  1.28807e-08 from=  3.06000e-06 to=  3.40000e-06
va_lvl              =  1.23889e-01 from=  3.06000e-06 to=  3.40000e-06
te_deas             =   2.40548e-06
le_pre              =  2.97000e+00 from=  2.16000e-06 to=  2.40001e-06
iavg                =  -1.58766e-04 from=  1.70000e-06 to=  3.40000e-06

ngspice-46 done

Warning: m=xx on .subckt line will override multiplier m hierarchy!


Error: measure  ta_asrt  when(WHEN) : out of interval
 .measure tran ta_asrt when v(locka)=    1.485000000000000e+00     rise=1 failed!


Error: measure  tc_asrt  when(WHEN) : out of interval
 .measure tran tc_asrt when v(lockc)=    1.485000000000000e+00     rise=1 failed!


Error: measure  td_asrt  when(WHEN) : out of interval
 .measure tran td_asrt when v(lockd)=    1.485000000000000e+00     rise=1 failed!

