
Note: Compatibility modes selected: hs a


Circuit: * divider-ratio-cell @ fs_-40c_2.97v_f200 -- generated by sim/harness, do not edit

Doing analysis at TEMP = -40.000000 and TNOM = 27.000000

Using SPARSE 1.3 as Direct Linear Solver

Initial Transient Solution
--------------------------

Node                                   Voltage
----                                   -------
vdd                                       2.97
hi                                        2.97
lo                                           0
ck50                                         0
ck33                                         0
ck67                                         0
cke                                          0
ckf                                          0
xa.sb                                     2.97
moa                                3.87571e-09
xa.xn3.nm1                             2.44017
xa.xn3.nm2                          0.00758073
xa.dqn                             7.70379e-09
xa.qb                                     2.97
xa.xn2q.nmid                       3.85189e-09
xa.dq                                     2.97
xa.xfq.ckb                                2.97
xa.xfq.ckbb                        3.87571e-09
xa.xfq.nm                                 2.97
xa.xfq.nma                         7.76458e-09
xa.xfq.nmb                                2.97
xa.xfq.ns                                 2.97
xa.q                               3.87571e-09
ckoa                               1.94613e-09
xa.nmo                                    2.97
xa.xn2m.nmid                           2.42982
xa.dmo                             1.54304e-08
xa.xfmo.ckb                               2.97
xa.xfmo.ckbb                       3.87571e-09
xa.xfmo.nm                         2.31456e-08
xa.xfmo.nma                               2.97
xa.xfmo.nmb                        7.75141e-09
xa.xfmo.ns                                2.97
xa.mob                                    2.97
xb.sb                               1.1493e-08
mob                                       2.97
xb.xn3.nm1                         7.66199e-09
xb.xn3.nm2                           3.831e-09
xb.dqn                                    2.97
xb.qb                              1.54436e-08
xb.xn2q.nmid                        0.00795326
xb.dq                              1.54304e-08
xb.xfq.ckb                                2.97
xb.xfq.ckbb                        3.87571e-09
xb.xfq.nm                          2.31456e-08
xb.xfq.nma                                2.97
xb.xfq.nmb                         7.75141e-09
xb.xfq.ns                          2.31719e-08
xb.q                                      2.97
ckob                                      2.97
xb.nmo                             7.70379e-09
xb.xn2m.nmid                       3.85189e-09
xb.dmo                                    2.97
xb.xfmo.ckb                               2.97
xb.xfmo.ckbb                       3.87571e-09
xb.xfmo.nm                                2.97
xb.xfmo.nma                        7.75141e-09
xb.xfmo.nmb                               2.97
xb.xfmo.ns                         2.31456e-08
xb.mob                             1.54304e-08
xc.sb                                     2.97
moc                                3.87571e-09
xc.xn3.nm1                             2.44016
xc.xn3.nm2                           0.0075807
xc.dqn                             7.70379e-09
xc.qb                                     2.97
xc.xn2q.nmid                       3.85189e-09
xc.dq                                     2.97
xc.xfq.ckb                                2.97
xc.xfq.ckbb                        3.87571e-09
xc.xfq.nm                                 2.97
xc.xfq.nma                         7.76458e-09
xc.xfq.nmb                                2.97
xc.xfq.ns                                 2.97
xc.q                               3.87571e-09
ckoc                               1.94613e-09
xc.nmo                                    2.97
xc.xn2m.nmid                           2.42982
xc.dmo                             1.54304e-08
xc.xfmo.ckb                               2.97
xc.xfmo.ckbb                       3.87571e-09
xc.xfmo.nm                         2.31456e-08
xc.xfmo.nma                               2.97
xc.xfmo.nmb                        7.75141e-09
xc.xfmo.ns                                2.97
xc.mob                                    2.97
xd.sb                               1.1493e-08
mdd                                       2.97
xd.xn3.nm1                         7.66199e-09
xd.xn3.nm2                           3.831e-09
xd.dqn                                    2.97
xd.qb                              1.54436e-08
xd.xn2q.nmid                        0.00795326
xd.dq                              1.54304e-08
xd.xfq.ckb                                2.97
xd.xfq.ckbb                        3.87571e-09
xd.xfq.nm                          2.31456e-08
xd.xfq.nma                                2.97
xd.xfq.nmb                         7.75141e-09
xd.xfq.ns                          2.31719e-08
xd.q                                      2.97
ckod                                      2.97
xd.nmo                             7.70379e-09
xd.xn2m.nmid                       3.85189e-09
xd.dmo                                    2.97
xd.xfmo.ckb                               2.97
xd.xfmo.ckbb                       3.87571e-09
xd.xfmo.nm                                2.97
xd.xfmo.nma                        7.75141e-09
xd.xfmo.nmb                               2.97
xd.xfmo.ns                         2.31456e-08
xd.mob                             1.54304e-08
xe.sb                               1.1493e-08
moe                                       2.97
xe.xn3.nm1                         7.66199e-09
xe.xn3.nm2                           3.831e-09
xe.dqn                                    2.97
xe.qb                              1.54436e-08
xe.xn2q.nmid                        0.00795326
xe.dq                              1.54304e-08
xe.xfq.ckb                                2.97
xe.xfq.ckbb                        3.87571e-09
xe.xfq.nm                          2.31456e-08
xe.xfq.nma                                2.97
xe.xfq.nmb                         7.75141e-09
xe.xfq.ns                          2.31719e-08
xe.q                                      2.97
ckoe                                      2.97
xe.nmo                             7.70379e-09
xe.xn2m.nmid                       3.85189e-09
xe.dmo                                    2.97
xe.xfmo.ckb                               2.97
xe.xfmo.ckbb                       3.87571e-09
xe.xfmo.nm                                2.97
xe.xfmo.nma                        7.75141e-09
xe.xfmo.nmb                               2.97
xe.xfmo.ns                         2.31456e-08
xe.mob                             1.54304e-08
xf.sb                               1.1493e-08
mof                                       2.97
xf.xn3.nm1                         7.66199e-09
xf.xn3.nm2                           3.831e-09
xf.dqn                                    2.97
xf.qb                              1.54436e-08
xf.xn2q.nmid                        0.00795326
xf.dq                              1.54304e-08
xf.xfq.ckb                                2.97
xf.xfq.ckbb                        3.87571e-09
xf.xfq.nm                          2.31456e-08
xf.xfq.nma                                2.97
xf.xfq.nmb                         7.75141e-09
xf.xfq.ns                          2.31719e-08
xf.q                                      2.97
ckof                                      2.97
xf.nmo                             7.70379e-09
xf.xn2m.nmid                       3.85189e-09
xf.dmo                                    2.97
xf.xfmo.ckb                               2.97
xf.xfmo.ckbb                       3.87571e-09
xf.xfmo.nm                                2.97
xf.xfmo.nma                        7.75141e-09
xf.xfmo.nmb                               2.97
xf.xfmo.ns                         2.31456e-08
xf.mob                             1.54304e-08
vckf#branch                                  0
vcke#branch                                  0
vck67#branch                                 0
vck33#branch                                 0
vck50#branch                                 0
vlo#branch                                   0
vhi#branch                                   0
vdd#branch                        -6.71682e-10

 Reference value :  0.00000e+00
 Reference value :  1.68560e-09
 Reference value :  3.44560e-09
 Reference value :  5.06083e-09
 Reference value :  6.25600e-09
 Reference value :  7.33567e-09
 Reference value :  8.42367e-09
 Reference value :  9.55000e-09
 Reference value :  1.06280e-08
 Reference value :  1.17686e-08
 Reference value :  1.27500e-08
 Reference value :  1.37900e-08
 Reference value :  1.51019e-08
 Reference value :  1.63060e-08
 Reference value :  1.74157e-08
 Reference value :  1.84060e-08
 Reference value :  1.95100e-08
 Reference value :  2.05680e-08
 Reference value :  2.17570e-08
 Reference value :  2.27700e-08
 Reference value :  2.38000e-08
 Reference value :  2.50702e-08
 Reference value :  2.62520e-08
 Reference value :  2.72157e-08
 Reference value :  2.83473e-08
 Reference value :  2.94700e-08
 Reference value :  3.05680e-08
 Reference value :  3.17353e-08
 Reference value :  3.26900e-08
 Reference value :  3.37500e-08
 Reference value :  3.50500e-08
 Reference value :  3.61880e-08
 Reference value :  3.72157e-08
 Reference value :  3.83817e-08
 Reference value :  3.96100e-08
 Reference value :  4.08080e-08
 Reference value :  4.19957e-08
 Reference value :  4.31700e-08
 Reference value :  4.42100e-08
 Reference value :  4.54080e-08
 Reference value :  4.66687e-08
 Reference value :  4.77300e-08
 Reference value :  4.87520e-08
 Reference value :  5.00667e-08
 Reference value :  5.12560e-08
 Reference value :  5.23357e-08
 Reference value :  5.36823e-08
 Reference value :  5.51280e-08
 Reference value :  5.65900e-08
 Reference value :  5.76700e-08
 Reference value :  5.88000e-08
No. of Data Rows : 3586

  Measurements for Transient Analysis

ta1                 =   5.42731e-09
ta3                 =   2.54273e-08
na                  =  2.00000e+00
tb1                 =   1.54273e-08
tb3                 =   4.54273e-08
nb                  =  3.00000e+00
tc1                 =   5.42731e-09
tc3                 =   2.54273e-08
nc                  =  2.00000e+00
td1                 =   1.54273e-08
td3                 =   4.54273e-08
nd                  =  3.00000e+00
te1                 =   1.20717e-08
te3                 =   3.20717e-08
ne                  =  3.00000e+00
tf1                 =   1.03958e-08
tf3                 =   2.53958e-08
nf                  =  3.00000e+00
tcq                 =  3.77312e-10
fa3                 =   3.03883e-08
pwa                 =  4.96103e-09
fb3                 =   3.53880e-08
pwb                 =  -1.00393e-08
rmb2                =   3.53068e-08
fmb2                =   2.52674e-08
pw_modout_s         =  -1.00394e-08
iavg                =  -6.48794e-04 from=  1.50000e-08 to=  6.00000e-08
i_cell_a            =  1.08132e-04

Doing analysis at TEMP = -40.000000 and TNOM = 27.000000

Using SPARSE 1.3 as Direct Linear Solver

  Measurements for Transient Analysis

ta1                 =   5.42731e-09
ta3                 =   2.54273e-08
na                  =   failed
tb1                 =   1.54273e-08
tb3                 =   4.54273e-08
nb                  =   failed
tc1                 =   5.42731e-09
tc3                 =   2.54273e-08
nc                  =   failed
td1                 =   1.54273e-08
td3                 =   4.54273e-08
nd                  =   failed
te1                 =   1.20717e-08
te3                 =   3.20717e-08
ne                  =   failed
tf1                 =   1.03958e-08
tf3                 =   2.53958e-08
nf                  =   failed
tcq                 =   failed
fa3                 =   3.03883e-08
pwa                 =   failed
fb3                 =   3.53880e-08
pwb                 =   failed
rmb2                =   3.53068e-08
fmb2                =   2.52674e-08
pw_modout_s         =   failed
iavg                =  -6.48794e-04 from=  1.50000e-08 to=  6.00000e-08
i_cell_a            =   failed


Total analysis time (seconds) = 150.424

Total elapsed time (seconds) = 157.435 

Total DRAM available = 98304.000 MB.
DRAM currently available =   95.141 MB.
Maximum ngspice program size =   32.438 MB.
Current ngspice program size =   32.438 MB.


Warning: m=xx on .subckt line will override multiplier m hierarchy!

Error in netlist line no. 1294, new internal line no. 37:

insertnumber: fails.
  s = ".measure tran na param=    1.999996555323714e+00   " u="  1.999996555323714e+00  " id=0
Error in netlist line no. 1297, new internal line no. 40:

insertnumber: fails.
  s = ".measure tran nb param=    2.999999999997631e+00   " u="  2.999999999997631e+00  " id=0
Error in netlist line no. 1300, new internal line no. 43:

insertnumber: fails.
  s = ".measure tran nc param=    1.999996555323278e+00   " u="  1.999996555323278e+00  " id=0
Error in netlist line no. 1303, new internal line no. 46:

insertnumber: fails.
  s = ".measure tran nd param=    2.999999999997574e+00   " u="  2.999999999997574e+00  " id=0
Error in netlist line no. 1306, new internal line no. 49:

insertnumber: fails.
  s = ".measure tran ne param=    2.999999999820416e+00   " u="  2.999999999820416e+00  " id=0
Error in netlist line no. 1309, new internal line no. 52:

insertnumber: fails.
  s = ".measure tran nf param=    2.999999707181074e+00   " u="  2.999999707181074e+00  " id=0
Error in netlist line no. 1310, new internal line no. 53:

insertnumber: fails.
  s = ".measure tran tcq param=    3.773117405828771e-10   " u="  3.773117405828771e-10  " id=0
Error in netlist line no. 1312, new internal line no. 55:

insertnumber: fails.
  s = ".measure tran pwa param=    4.961026779246074e-09   " u="  4.961026779246074e-09  " id=0
Error in netlist line no. 1314, new internal line no. 57:

insertnumber: fails.
  s = ".measure tran pwb param=   -1.003930421885642e-08   " u=" -1.003930421885642e-08  " id=0
Error in netlist line no. 1317, new internal line no. 60:

insertnumber: fails.
  s = ".measure tran pw_modout_s param=   -1.003943026830868e-08   " u=" -1.003943026830868e-08  " id=0
Error in netlist line no. 1319, new internal line no. 62:

insertnumber: fails.
  s = ".measure tran i_cell_a param=    1.081322907848037e-04   " u="  1.081322907848037e-04  " id=0
