
Note: Compatibility modes selected: hs a


Circuit: * divider-ratio-cell @ ss_-40c_3.30v_f200 -- generated by sim/harness, do not edit

Doing analysis at TEMP = -40.000000 and TNOM = 27.000000

Using SPARSE 1.3 as Direct Linear Solver

Initial Transient Solution
--------------------------

Node                                   Voltage
----                                   -------
vdd                                        3.3
hi                                         3.3
lo                                           0
ck50                                         0
ck33                                         0
ck67                                         0
cke                                          0
ckf                                          0
xa.sb                                      3.3
moa                                        3.3
xa.xn3.nm1                              2.5689
xa.xn3.nm2                         2.01311e-14
xa.dqn                                     3.3
xa.qb                              1.88742e-08
xa.xn2q.nmid                       3.52294e-14
xa.dq                              1.88741e-08
xa.xfq.ckb                                 3.3
xa.xfq.ckbb                        4.77784e-09
xa.xfq.nm                          2.83112e-08
xa.xfq.nma                                 3.3
xa.xfq.nmb                         9.55568e-09
xa.xfq.ns                          2.83113e-08
xa.q                                       3.3
ckoa                                       3.3
xa.nmo                             9.45236e-09
xa.xn2m.nmid                       4.72618e-09
xa.dmo                                     3.3
xa.xfmo.ckb                                3.3
xa.xfmo.ckbb                       4.77784e-09
xa.xfmo.nm                                 3.3
xa.xfmo.nma                        9.55568e-09
xa.xfmo.nmb                                3.3
xa.xfmo.ns                         2.83112e-08
xa.mob                             1.88741e-08
xb.sb                              1.40805e-08
mob                                        3.3
xb.xn3.nm1                         9.38699e-09
xb.xn3.nm2                         4.69349e-09
xb.dqn                                     3.3
xb.qb                                  1.57952
xb.xn2q.nmid                           1.05897
xb.dq                              1.88741e-08
xb.xfq.ckb                                 3.3
xb.xfq.ckbb                        4.77784e-09
xb.xfq.nm                          2.83112e-08
xb.xfq.nma                                 3.3
xb.xfq.nmb                         9.55568e-09
xb.xfq.ns                              1.57952
xb.q                                   1.57952
ckob                                   1.53875
xb.nmo                                0.299291
xb.xn2m.nmid                          0.206304
xb.dmo                                     3.3
xb.xfmo.ckb                                3.3
xb.xfmo.ckbb                       4.77784e-09
xb.xfmo.nm                                 3.3
xb.xfmo.nma                        9.55568e-09
xb.xfmo.nmb                                3.3
xb.xfmo.ns                         2.83112e-08
xb.mob                             1.88741e-08
xc.sb                                      3.3
moc                                        3.3
xc.xn3.nm1                             2.56891
xc.xn3.nm2                         2.03501e-14
xc.dqn                                     3.3
xc.qb                              1.88742e-08
xc.xn2q.nmid                       3.54545e-14
xc.dq                              1.88741e-08
xc.xfq.ckb                                 3.3
xc.xfq.ckbb                        4.77784e-09
xc.xfq.nm                          2.83112e-08
xc.xfq.nma                                 3.3
xc.xfq.nmb                         9.55568e-09
xc.xfq.ns                          2.83113e-08
xc.q                                       3.3
ckoc                                       3.3
xc.nmo                             9.45236e-09
xc.xn2m.nmid                       4.72618e-09
xc.dmo                                     3.3
xc.xfmo.ckb                                3.3
xc.xfmo.ckbb                       4.77784e-09
xc.xfmo.nm                                 3.3
xc.xfmo.nma                        9.55568e-09
xc.xfmo.nmb                                3.3
xc.xfmo.ns                         2.83112e-08
xc.mob                             1.88741e-08
xd.sb                              1.40805e-08
mdd                                        3.3
xd.xn3.nm1                         9.38699e-09
xd.xn3.nm2                         4.69349e-09
xd.dqn                                     3.3
xd.qb                                  1.57952
xd.xn2q.nmid                           1.05897
xd.dq                              1.88741e-08
xd.xfq.ckb                                 3.3
xd.xfq.ckbb                        4.77784e-09
xd.xfq.nm                          2.83112e-08
xd.xfq.nma                                 3.3
xd.xfq.nmb                         9.55568e-09
xd.xfq.ns                              1.57952
xd.q                                   1.57952
ckod                                   1.53875
xd.nmo                                0.299291
xd.xn2m.nmid                          0.206304
xd.dmo                                     3.3
xd.xfmo.ckb                                3.3
xd.xfmo.ckbb                       4.77784e-09
xd.xfmo.nm                                 3.3
xd.xfmo.nma                        9.55568e-09
xd.xfmo.nmb                                3.3
xd.xfmo.ns                         2.83112e-08
xd.mob                             1.88741e-08
xe.sb                              1.40805e-08
moe                                        3.3
xe.xn3.nm1                         9.38699e-09
xe.xn3.nm2                         4.69349e-09
xe.dqn                                     3.3
xe.qb                                  1.57952
xe.xn2q.nmid                           1.05897
xe.dq                              1.88741e-08
xe.xfq.ckb                                 3.3
xe.xfq.ckbb                        4.77784e-09
xe.xfq.nm                          2.83112e-08
xe.xfq.nma                                 3.3
xe.xfq.nmb                         9.55568e-09
xe.xfq.ns                              1.57952
xe.q                                   1.57952
ckoe                                   1.53875
xe.nmo                                0.299291
xe.xn2m.nmid                          0.206304
xe.dmo                                     3.3
xe.xfmo.ckb                                3.3
xe.xfmo.ckbb                       4.77784e-09
xe.xfmo.nm                                 3.3
xe.xfmo.nma                        9.55568e-09
xe.xfmo.nmb                                3.3
xe.xfmo.ns                         2.83112e-08
xe.mob                             1.88741e-08
xf.sb                              1.40805e-08
mof                                        3.3
xf.xn3.nm1                         9.38699e-09
xf.xn3.nm2                         4.69349e-09
xf.dqn                                     3.3
xf.qb                                  1.57952
xf.xn2q.nmid                           1.05897
xf.dq                              1.88741e-08
xf.xfq.ckb                                 3.3
xf.xfq.ckbb                        4.77784e-09
xf.xfq.nm                          2.83112e-08
xf.xfq.nma                                 3.3
xf.xfq.nmb                         9.55568e-09
xf.xfq.ns                              1.57952
xf.q                                   1.57952
ckof                                   1.53875
xf.nmo                                0.299291
xf.xn2m.nmid                          0.206304
xf.dmo                                     3.3
xf.xfmo.ckb                                3.3
xf.xfmo.ckbb                       4.77784e-09
xf.xfmo.nm                                 3.3
xf.xfmo.nma                        9.55568e-09
xf.xfmo.nmb                                3.3
xf.xfmo.ns                         2.83112e-08
xf.mob                             1.88741e-08
vckf#branch                                  0
vcke#branch                                  0
vck67#branch                                 0
vck33#branch                                 0
vck50#branch                                 0
vlo#branch                                   0
vhi#branch                                   0
vdd#branch                         -0.00225862

 Reference value :  0.00000e+00
 Reference value :  1.34560e-09
 Reference value :  2.52560e-09
 Reference value :  4.00560e-09
 Reference value :  5.14800e-09
 Reference value :  6.28000e-09
 Reference value :  7.11567e-09
 Reference value :  8.11000e-09
 Reference value :  8.89000e-09
 Reference value :  1.00550e-08
 Reference value :  1.10680e-08
 Reference value :  1.18557e-08
 Reference value :  1.27100e-08
 Reference value :  1.36023e-08
 Reference value :  1.46900e-08
 Reference value :  1.55280e-08
 Reference value :  1.66300e-08
 Reference value :  1.75500e-08
 Reference value :  1.84353e-08
 Reference value :  1.93900e-08
 Reference value :  2.03680e-08
 Reference value :  2.14500e-08
 Reference value :  2.22557e-08
 Reference value :  2.33100e-08
 Reference value :  2.42100e-08
 Reference value :  2.52680e-08
 Reference value :  2.63300e-08
 Reference value :  2.72557e-08
 Reference value :  2.81700e-08
 Reference value :  2.89700e-08
 Reference value :  3.00748e-08
 Reference value :  3.11680e-08
 Reference value :  3.19757e-08
 Reference value :  3.29500e-08
 Reference value :  3.39300e-08
 Reference value :  3.50667e-08
 Reference value :  3.59480e-08
 Reference value :  3.68357e-08
 Reference value :  3.77900e-08
 Reference value :  3.87023e-08
 Reference value :  3.97900e-08
 Reference value :  4.06080e-08
 Reference value :  4.17150e-08
 Reference value :  4.25520e-08
 Reference value :  4.34237e-08
 Reference value :  4.43700e-08
 Reference value :  4.53680e-08
 Reference value :  4.64100e-08
 Reference value :  4.73357e-08
 Reference value :  4.82700e-08
 Reference value :  4.90100e-08
 Reference value :  5.01019e-08
 Reference value :  5.12080e-08
 Reference value :  5.19957e-08
 Reference value :  5.28900e-08
 Reference value :  5.37560e-08
 Reference value :  5.49850e-08
 Reference value :  5.57280e-08
 Reference value :  5.67473e-08
 Reference value :  5.76500e-08
 Reference value :  5.85423e-08
 Reference value :  5.96100e-08
No. of Data Rows : 3586

  Measurements for Transient Analysis

ta1                 =   1.04717e-08
ta3                 =   3.04717e-08
na                  =  2.00000e+00
tb1                 =   1.04717e-08
tb3                 =   4.04718e-08
nb                  =  3.00000e+00
tc1                 =   1.04717e-08
tc3                 =   3.04717e-08
nc                  =  2.00000e+00
td1                 =   1.54718e-08
td3                 =   4.54718e-08
nd                  =  3.00000e+00
te1                 =   8.78283e-09
te3                 =   2.87834e-08
ne                  =  3.00009e+00
tf1                 =   1.04385e-08
tf3                 =   2.54385e-08
nf                  =  3.00000e+00
tcq                 =  4.21750e-10
fa3                 =   2.54326e-08
pwa                 =  -5.03913e-09
fb3                 =   4.54324e-08
pwb                 =  4.96066e-09
rmb2                =   3.03298e-08
fmb2                =   2.03031e-08
pw_modout_s         =  -1.00267e-08
iavg                =  -7.31643e-04 from=  1.50000e-08 to=  6.00000e-08
i_cell_a            =  1.21940e-04

Doing analysis at TEMP = -40.000000 and TNOM = 27.000000

Using SPARSE 1.3 as Direct Linear Solver

  Measurements for Transient Analysis

ta1                 =   1.04717e-08
ta3                 =   3.04717e-08
na                  =   failed
tb1                 =   1.04717e-08
tb3                 =   4.04718e-08
nb                  =   failed
tc1                 =   1.04717e-08
tc3                 =   3.04717e-08
nc                  =   failed
td1                 =   1.54718e-08
td3                 =   4.54718e-08
nd                  =   failed
te1                 =   8.78283e-09
te3                 =   2.87834e-08
ne                  =   failed
tf1                 =   1.04385e-08
tf3                 =   2.54385e-08
nf                  =   failed
tcq                 =   failed
fa3                 =   2.54326e-08
pwa                 =   failed
fb3                 =   4.54324e-08
pwb                 =   failed
rmb2                =   3.03298e-08
fmb2                =   2.03031e-08
pw_modout_s         =   failed
iavg                =  -7.31643e-04 from=  1.50000e-08 to=  6.00000e-08
i_cell_a            =   failed


Total analysis time (seconds) = 212.268

Total elapsed time (seconds) = 220.678 

Total DRAM available = 98304.000 MB.
DRAM currently available =   82.047 MB.
Maximum ngspice program size =   32.422 MB.
Current ngspice program size =   32.422 MB.


Warning: m=xx on .subckt line will override multiplier m hierarchy!

Error in netlist line no. 1294, new internal line no. 37:

insertnumber: fails.
  s = ".measure tran na param=    1.999999971251769e+00   " u="  1.999999971251769e+00  " id=0
Error in netlist line no. 1297, new internal line no. 40:

insertnumber: fails.
  s = ".measure tran nb param=    3.000000492187465e+00   " u="  3.000000492187465e+00  " id=0
Error in netlist line no. 1300, new internal line no. 43:

insertnumber: fails.
  s = ".measure tran nc param=    1.999999971251690e+00   " u="  1.999999971251690e+00  " id=0
Error in netlist line no. 1303, new internal line no. 46:

insertnumber: fails.
  s = ".measure tran nd param=    2.999999999998630e+00   " u="  2.999999999998630e+00  " id=0
Error in netlist line no. 1306, new internal line no. 49:

insertnumber: fails.
  s = ".measure tran ne param=    3.000089476227276e+00   " u="  3.000089476227276e+00  " id=0
Error in netlist line no. 1309, new internal line no. 52:

insertnumber: fails.
  s = ".measure tran nf param=    2.999999060477776e+00   " u="  2.999999060477776e+00  " id=0
Error in netlist line no. 1310, new internal line no. 53:

insertnumber: fails.
  s = ".measure tran tcq param=    4.217497316830780e-10   " u="  4.217497316830780e-10  " id=0
Error in netlist line no. 1312, new internal line no. 55:

insertnumber: fails.
  s = ".measure tran pwa param=   -5.039128017059519e-09   " u=" -5.039128017059519e-09  " id=0
Error in netlist line no. 1314, new internal line no. 57:

insertnumber: fails.
  s = ".measure tran pwb param=    4.960663533323657e-09   " u="  4.960663533323657e-09  " id=0
Error in netlist line no. 1317, new internal line no. 60:

insertnumber: fails.
  s = ".measure tran pw_modout_s param=   -1.002673573827100e-08   " u=" -1.002673573827100e-08  " id=0
Error in netlist line no. 1319, new internal line no. 62:

insertnumber: fails.
  s = ".measure tran i_cell_a param=    1.219404858516000e-04   " u="  1.219404858516000e-04  " id=0
