
Note: Compatibility modes selected: hs a


Circuit: * divider-ratio-cell @ ss_27c_3.63v_f010 -- generated by sim/harness, do not edit

Doing analysis at TEMP = 27.000000 and TNOM = 27.000000

Using SPARSE 1.3 as Direct Linear Solver

Initial Transient Solution
--------------------------

Node                                   Voltage
----                                   -------
vdd                                       3.63
hi                                        3.63
lo                                           0
ck50                                         0
ck33                                         0
ck67                                         0
cke                                          0
ckf                                          0
xa.sb                                     3.63
moa                                6.41897e-09
xa.xn3.nm1                             3.00587
xa.xn3.nm2                           0.0213977
xa.dqn                                    3.63
xa.qb                              2.48688e-08
xa.xn2q.nmid                       8.19589e-11
xa.dq                              2.47943e-08
xa.xfq.ckb                                3.63
xa.xfq.ckbb                        6.41897e-09
xa.xfq.nm                          3.71906e-08
xa.xfq.nma                                3.63
xa.xfq.nmb                         1.28362e-08
xa.xfq.ns                          3.73396e-08
xa.q                                      3.63
ckoa                                      3.63
xa.nmo                             1.28048e-08
xa.xn2m.nmid                       6.40241e-09
xa.dmo                                    3.63
xa.xfmo.ckb                               3.63
xa.xfmo.ckbb                       6.41897e-09
xa.xfmo.nm                                3.63
xa.xfmo.nma                        1.29108e-08
xa.xfmo.nmb                               3.63
xa.xfmo.ns                                3.63
xa.mob                                    3.63
xb.sb                                     3.63
mob                                6.41897e-09
xb.xn3.nm1                             2.98676
xb.xn3.nm2                             2.96048
xb.dqn                                    3.63
xb.qb                              2.48688e-08
xb.xn2q.nmid                       8.19589e-11
xb.dq                              2.47943e-08
xb.xfq.ckb                                3.63
xb.xfq.ckbb                        6.41897e-09
xb.xfq.nm                          3.71906e-08
xb.xfq.nma                                3.63
xb.xfq.nmb                         1.28362e-08
xb.xfq.ns                          3.73396e-08
xb.q                                      3.63
ckob                                      3.63
xb.nmo                             1.28048e-08
xb.xn2m.nmid                       6.40241e-09
xb.dmo                                    3.63
xb.xfmo.ckb                               3.63
xb.xfmo.ckbb                       6.41897e-09
xb.xfmo.nm                                3.63
xb.xfmo.nma                        1.29108e-08
xb.xfmo.nmb                               3.63
xb.xfmo.ns                                3.63
xb.mob                                    3.63
xc.sb                                     3.63
moc                                6.41897e-09
xc.xn3.nm1                             3.00586
xc.xn3.nm2                           0.0213977
xc.dqn                                    3.63
xc.qb                              2.48688e-08
xc.xn2q.nmid                       8.19589e-11
xc.dq                              2.47943e-08
xc.xfq.ckb                                3.63
xc.xfq.ckbb                        6.41897e-09
xc.xfq.nm                          3.71906e-08
xc.xfq.nma                                3.63
xc.xfq.nmb                         1.28362e-08
xc.xfq.ns                          3.73396e-08
xc.q                                      3.63
ckoc                                      3.63
xc.nmo                             1.28048e-08
xc.xn2m.nmid                       6.40241e-09
xc.dmo                                    3.63
xc.xfmo.ckb                               3.63
xc.xfmo.ckbb                       6.41897e-09
xc.xfmo.nm                                3.63
xc.xfmo.nma                        1.29108e-08
xc.xfmo.nmb                               3.63
xc.xfmo.ns                                3.63
xc.mob                                    3.63
xd.sb                                     3.63
mdd                                6.41897e-09
xd.xn3.nm1                             2.98677
xd.xn3.nm2                             2.96048
xd.dqn                                    3.63
xd.qb                              2.48688e-08
xd.xn2q.nmid                       8.19589e-11
xd.dq                              2.47943e-08
xd.xfq.ckb                                3.63
xd.xfq.ckbb                        6.41897e-09
xd.xfq.nm                          3.71906e-08
xd.xfq.nma                                3.63
xd.xfq.nmb                         1.28362e-08
xd.xfq.ns                          3.73396e-08
xd.q                                      3.63
ckod                                      3.63
xd.nmo                             1.28048e-08
xd.xn2m.nmid                       6.40241e-09
xd.dmo                                    3.63
xd.xfmo.ckb                               3.63
xd.xfmo.ckbb                       6.41897e-09
xd.xfmo.nm                                3.63
xd.xfmo.nma                        1.29108e-08
xd.xfmo.nmb                               3.63
xd.xfmo.ns                                3.63
xd.mob                                    3.63
xe.sb                                     3.63
moe                                6.41897e-09
xe.xn3.nm1                             2.98676
xe.xn3.nm2                             2.96048
xe.dqn                                    3.63
xe.qb                              2.48688e-08
xe.xn2q.nmid                       8.19589e-11
xe.dq                              2.47943e-08
xe.xfq.ckb                                3.63
xe.xfq.ckbb                        6.41897e-09
xe.xfq.nm                          3.71906e-08
xe.xfq.nma                                3.63
xe.xfq.nmb                         1.28362e-08
xe.xfq.ns                          3.73396e-08
xe.q                                      3.63
ckoe                                      3.63
xe.nmo                             1.28048e-08
xe.xn2m.nmid                       6.40241e-09
xe.dmo                                    3.63
xe.xfmo.ckb                               3.63
xe.xfmo.ckbb                       6.41897e-09
xe.xfmo.nm                                3.63
xe.xfmo.nma                        1.29108e-08
xe.xfmo.nmb                               3.63
xe.xfmo.ns                                3.63
xe.mob                                    3.63
xf.sb                                     3.63
mof                                6.41897e-09
xf.xn3.nm1                             2.98677
xf.xn3.nm2                             2.96048
xf.dqn                                    3.63
xf.qb                              2.48688e-08
xf.xn2q.nmid                       8.19589e-11
xf.dq                              2.47943e-08
xf.xfq.ckb                                3.63
xf.xfq.ckbb                        6.41897e-09
xf.xfq.nm                          3.71906e-08
xf.xfq.nma                                3.63
xf.xfq.nmb                         1.28362e-08
xf.xfq.ns                          3.73396e-08
xf.q                                      3.63
ckof                                      3.63
xf.nmo                             1.28048e-08
xf.xn2m.nmid                       6.40241e-09
xf.dmo                                    3.63
xf.xfmo.ckb                               3.63
xf.xfmo.ckbb                       6.41897e-09
xf.xfmo.nm                                3.63
xf.xfmo.nma                        1.29108e-08
xf.xfmo.nmb                               3.63
xf.xfmo.ns                                3.63
xf.mob                                    3.63
vckf#branch                                  0
vcke#branch                                  0
vck67#branch                                 0
vck33#branch                                 0
vck50#branch                                 0
vlo#branch                                   0
vhi#branch                                   0
vdd#branch                        -8.45762e-10

 Reference value :  0.00000e+00
 Reference value :  3.29120e-08
 Reference value :  6.85120e-08
 Reference value :  1.01000e-07
 Reference value :  1.17797e-07
 Reference value :  1.34787e-07
 Reference value :  1.51721e-07
 Reference value :  1.68930e-07
 Reference value :  1.89751e-07
 Reference value :  2.06116e-07
 Reference value :  2.27800e-07
 Reference value :  2.47097e-07
 Reference value :  2.62927e-07
 Reference value :  2.77400e-07
 Reference value :  3.01349e-07
 Reference value :  3.21353e-07
 Reference value :  3.38297e-07
 Reference value :  3.53209e-07
 Reference value :  3.72430e-07
 Reference value :  3.94951e-07
 Reference value :  4.10201e-07
 Reference value :  4.31000e-07
 Reference value :  4.49748e-07
 Reference value :  4.66947e-07
 Reference value :  4.82951e-07
 Reference value :  5.01903e-07
 Reference value :  5.24799e-07
 Reference value :  5.40297e-07
 Reference value :  5.58600e-07
 Reference value :  5.76000e-07
 Reference value :  6.01000e-07
 Reference value :  6.17753e-07
 Reference value :  6.34707e-07
 Reference value :  6.51350e-07
 Reference value :  6.68473e-07
 Reference value :  6.88151e-07
 Reference value :  7.05399e-07
 Reference value :  7.26280e-07
 Reference value :  7.45097e-07
 Reference value :  7.61794e-07
 Reference value :  7.77351e-07
 Reference value :  8.01357e-07
 Reference value :  8.20556e-07
 Reference value :  8.35897e-07
 Reference value :  8.52927e-07
 Reference value :  8.72447e-07
 Reference value :  8.95000e-07
 Reference value :  9.10599e-07
 Reference value :  9.30951e-07
 Reference value :  9.49748e-07
 Reference value :  9.66707e-07
 Reference value :  9.83400e-07
 Reference value :  1.00200e-06
 Reference value :  1.02500e-06
 Reference value :  1.03990e-06
 Reference value :  1.05682e-06
 Reference value :  1.07512e-06
 Reference value :  1.10000e-06
 Reference value :  1.11261e-06
 Reference value :  1.13295e-06
 Reference value :  1.15060e-06
 Reference value :  1.16695e-06
 Reference value :  1.18380e-06
No. of Data Rows : 3646

  Measurements for Transient Analysis

ta1                 =   2.01625e-07
ta3                 =   6.01588e-07
na                  =  1.99982e+00
tb1                 =   3.01644e-07
tb3                 =   9.01585e-07
nb                  =  2.99971e+00
tc1                 =   2.01625e-07
tc3                 =   6.01588e-07
nc                  =  1.99982e+00
td1                 =   3.01644e-07
td3                 =   9.01585e-07
nd                  =  2.99971e+00
te1                 =   2.34378e-07
te3                 =   6.34378e-07
ne                  =  3.00000e+00
tf1                 =   2.01068e-07
tf3                 =   5.00825e-07
nf                  =  2.99757e+00
tcq                 =  6.25092e-10
fa3                 =   5.01579e-07
pwa                 =  -1.00009e-07
fb3                 =   7.01579e-07
pwb                 =  -2.00006e-07
rmb2                =   4.01456e-07
fmb2                =   5.01419e-07
pw_modout_s         =  9.99633e-08
iavg                =  -6.24166e-05 from=  3.00000e-07 to=  1.20000e-06
i_cell_a            =  1.04028e-05

Doing analysis at TEMP = 27.000000 and TNOM = 27.000000

Using SPARSE 1.3 as Direct Linear Solver

  Measurements for Transient Analysis

ta1                 =   2.01625e-07
ta3                 =   6.01588e-07
na                  =   failed
tb1                 =   3.01644e-07
tb3                 =   9.01585e-07
nb                  =   failed
tc1                 =   2.01625e-07
tc3                 =   6.01588e-07
nc                  =   failed
td1                 =   3.01644e-07
td3                 =   9.01585e-07
nd                  =   failed
te1                 =   2.34378e-07
te3                 =   6.34378e-07
ne                  =   failed
tf1                 =   2.01068e-07
tf3                 =   5.00825e-07
nf                  =   failed
tcq                 =   failed
fa3                 =   5.01579e-07
pwa                 =   failed
fb3                 =   7.01579e-07
pwb                 =   failed
rmb2                =   4.01456e-07
fmb2                =   5.01419e-07
pw_modout_s         =   failed
iavg                =  -6.24166e-05 from=  3.00000e-07 to=  1.20000e-06
i_cell_a            =   failed


Total analysis time (seconds) = 197.471

Total elapsed time (seconds) = 205.005 

Total DRAM available = 98304.000 MB.
DRAM currently available =  231.688 MB.
Maximum ngspice program size =   32.469 MB.
Current ngspice program size =   32.469 MB.


Warning: m=xx on .subckt line will override multiplier m hierarchy!

Error in netlist line no. 1294, new internal line no. 37:

insertnumber: fails.
  s = ".measure tran na param=    1.999816190793458e+00   " u="  1.999816190793458e+00  " id=0
Error in netlist line no. 1297, new internal line no. 40:

insertnumber: fails.
  s = ".measure tran nb param=    2.999707732466936e+00   " u="  2.999707732466936e+00  " id=0
Error in netlist line no. 1300, new internal line no. 43:

insertnumber: fails.
  s = ".measure tran nc param=    1.999816190793458e+00   " u="  1.999816190793458e+00  " id=0
Error in netlist line no. 1303, new internal line no. 46:

insertnumber: fails.
  s = ".measure tran nd param=    2.999707732466936e+00   " u="  2.999707732466936e+00  " id=0
Error in netlist line no. 1306, new internal line no. 49:

insertnumber: fails.
  s = ".measure tran ne param=    2.999999999999444e+00   " u="  2.999999999999444e+00  " id=0
Error in netlist line no. 1309, new internal line no. 52:

insertnumber: fails.
  s = ".measure tran nf param=    2.997565739192095e+00   " u="  2.997565739192095e+00  " id=0
Error in netlist line no. 1310, new internal line no. 53:

insertnumber: fails.
  s = ".measure tran tcq param=    6.250920537283158e-10   " u="  6.250920537283158e-10  " id=0
Error in netlist line no. 1312, new internal line no. 55:

insertnumber: fails.
  s = ".measure tran pwa param=   -1.000091045129370e-07   " u=" -1.000091045129370e-07  " id=0
Error in netlist line no. 1314, new internal line no. 57:

insertnumber: fails.
  s = ".measure tran pwb param=   -2.000062927263248e-07   " u=" -2.000062927263248e-07  " id=0
Error in netlist line no. 1317, new internal line no. 60:

insertnumber: fails.
  s = ".measure tran pw_modout_s param=    9.996325393356414e-08   " u="  9.996325393356414e-08  " id=0
Error in netlist line no. 1319, new internal line no. 62:

insertnumber: fails.
  s = ".measure tran i_cell_a param=    1.040276433180963e-05   " u="  1.040276433180963e-05  " id=0
