==== generated deck (f100_typical_125c_3.63v) ====
* GENERATED by simenv.sh -- do not edit; edit sim/supply-sensitivity/work/dut_lock.sp instead
* tag=f100_typical_T125_V3p63 libs=typical,res_typical,moscap_typical,mimcap_typical temp=125C
.include "/Users/rwalters/.volare/gf180mcuD/libs.tech/ngspice/design.ngspice"
.lib "/Users/rwalters/.volare/gf180mcuD/libs.tech/ngspice/sm141064.ngspice" typical
.lib "/Users/rwalters/.volare/gf180mcuD/libs.tech/ngspice/sm141064.ngspice" res_typical
.lib "/Users/rwalters/.volare/gf180mcuD/libs.tech/ngspice/sm141064.ngspice" moscap_typical
.lib "/Users/rwalters/.volare/gf180mcuD/libs.tech/ngspice/sm141064.ngspice" mimcap_typical
.temp 125
.param sim_temp=125
.param vsup=3.63
.param fref=12.5e6
.param nratio=8
.param vctrl0=2.1827
.param rforce=1e15
.param tstop=12.0u
.param tstep=20n
.param tmax=100p
.param ta=6.4u
.param tb=9.6u
.param b0_code=1
.param b1_code=0
.param b2_code=1
.param cpb0_code=0
.param cpb1_code=1
.param sel0_code=0
.param sel1_code=0
.param sel2_code=1
.param sel3_code=0
.param sel4_code=0
.param sel5_code=0
.param p0_code=0
.param p1_code=0
.param p2_code=0
.param p3_code=0
.param p4_code=0
.param p5_code=0
.include "/Users/rwalters/GitHub/gf180-pll/.loom/worktrees/issue-257/sim/supply-sensitivity/work/dut_lock.sp"
.end

==== ngspice output ====

Note: Compatibility modes selected: hs a

Warning: m=xx on .subckt line will override multiplier m hierarchy!


Circuit: * generated by simenv.sh -- do not edit; edit sim/supply-sensitivity/work/dut_lock.sp instead

Doing analysis at TEMP = 125.000000 and TNOM = 27.000000

Using SPARSE 1.3 as Direct Linear Solver
Note: Starting dynamic gmin stepping
Warning: Dynamic gmin stepping failed
Note: Starting true gmin stepping
Note: True gmin stepping completed

Initial Transient Solution
--------------------------

Node                                   Voltage
----                                   -------
vdd                                       3.63
vdd_vco                                   3.63
vdd_div                                   3.63
gnd_vco                                      0
vss                                          0
ref                                          0
b0                                        3.63
b1                                           0
b2                                        3.63
cpb0                                         0
cpb1                                      3.63
p0                                           0
p1                                           0
p2                                           0
p3                                           0
p4                                           0
p5                                           0
sel0                                         0
sel1                                         0
sel2                                      3.63
sel3                                         0
sel4                                         0
sel5                                         0
ibn                                   0.633148
icn                                   0.757915
ibp                                    2.87935
icp                                    2.73601
vforce                                  2.1827
vctrl                                   2.1827
xdut.xpfd.xpfd.xed_ref.d1                 3.63
xdut.xpfd.xpfd.xed_ref.d2          5.34103e-08
xdut.xpfd.xpfd.xed_ref.d3                 3.63
xdut.xpfd.xpfd.xed_ref.d4          5.34103e-08
xdut.xpfd.xpfd.xed_ref.d5                 3.63
xdut.xpfd.xpfd.xed_ref.nn                 3.63
xdut.xpfd.xpfd.xed_ref.xnd.ni      2.16234e-07
xdut.xpfd.xpfd.pr                  5.34104e-08
xdut.xpfd.xpfd.xed_fb.d1               2.48288
fb                                      1.8061
xdut.xpfd.xpfd.xed_fb.d2               0.13448
xdut.xpfd.xpfd.xed_fb.d3                  3.63
xdut.xpfd.xpfd.xed_fb.d4           5.34138e-08
xdut.xpfd.xpfd.xed_fb.d5                  3.63
xdut.xpfd.xpfd.xed_fb.nn              0.818235
xdut.xpfd.xpfd.xed_fb.xnd.ni          0.196432
xdut.xpfd.xpfd.pf                      3.57839
xdut.xpfd.xpfd.sbr                        3.63
xdut.xpfd.xpfd.sbf                 1.24499e-07
xdut.up                            1.13106e-07
xdut.xpfd.xpfd.upb                        3.63
xdut.xpfd.xpfd.xlat_ref.xn1.ni     5.65532e-08
xdut.xpfd.xpfd.rb                         3.63
xdut.xpfd.xpfd.xlat_ref.xn2.ni         3.09296
xdut.dn                                   3.63
xdut.xpfd.xpfd.dnb                 1.13106e-07
xdut.xpfd.xpfd.xlat_fb.xn1.ni        0.0747704
xdut.xpfd.xpfd.xlat_fb.xn2.ni       5.6553e-08
xdut.xpfd.xpfd.nrst                       3.63
xdut.xpfd.xpfd.xnand_rst.ni        2.16235e-07
xdut.xpfd.xpfd.rst_raw             5.34104e-08
xdut.xpfd.xpfd.rd1                        3.63
xdut.xpfd.xpfd.rd2                 5.34103e-08
xdut.xpfd.xpfd.rd3                        3.63
xdut.xpfd.xpfd.rd4                 5.34103e-08
xdut.xpfd.xpfd.rd5                        3.63
xdut.xpfd.xpfd.rd6                 5.34103e-08
xdut.xpfd.xpfd.rd7                        3.63
xdut.xpfd.xpfd.rd8                 5.34103e-08
xdut.xpfd.xpfd.rd9                        3.63
xdut.xpfd.xpfd.rd10                5.34103e-08
xdut.xpfd.xpfd.rd11                       3.63
xdut.xpfd.xpfd.rd12                5.34103e-08
xdut.xpfd.xpfd.rd13                       3.63
xdut.xpfd.xpfd.rd14                5.34103e-08
xdut.xpfd.xpfd.rd15                       3.63
xdut.xpfd.xpfd.rd16                5.34103e-08
xdut.xpfd.xpfd.rd17                       3.63
xdut.xpfd.xpfd.rd18                5.34103e-08
xdut.xpfd.xpfd.rd19                       3.63
xdut.xpfd.xpfd.rd20                5.34103e-08
xdut.xpfd.xpfd.rd21                       3.63
xdut.xpfd.xpfd.rd22                5.34103e-08
xdut.xpfd.xpfd.rd23                       3.63
xdut.xpfd.xpfd.rst_dly             5.34103e-08
xdut.xpfd.xcp.b0b                         3.63
xdut.xpfd.xcp.b1b                    5.341e-08
xdut.xpfd.xcp.upb                         3.63
xdut.xpfd.xcp.dnb                    5.341e-08
xdut.xpfd.xcp.xn_base.bg              0.633148
xdut.xpfd.xcp.xn_base.mid             0.100718
xdut.xpfd.xcp.dnt                       2.1766
xdut.xpfd.xcp.xn_t0.bg             4.30527e-08
xdut.xpfd.xcp.xn_t0.mid               0.537803
xdut.xpfd.xcp.xn_t1a.bg               0.633148
xdut.xpfd.xcp.xn_t1a.mid              0.100718
xdut.xpfd.xcp.xn_t1b.bg               0.633148
xdut.xpfd.xcp.xn_t1b.mid              0.100718
xdut.xpfd.xcp.xp_base.bg               2.87935
xdut.xpfd.xcp.xp_base.mid              3.52483
xdut.xpfd.xcp.upt                      2.23485
xdut.xpfd.xcp.xp_t0.bg                    3.63
xdut.xpfd.xcp.xp_t0.mid                2.23733
xdut.xpfd.xcp.xp_t1a.bg                2.87935
xdut.xpfd.xcp.xp_t1a.mid               3.52483
xdut.xpfd.xcp.xp_t1b.bg                2.87935
xdut.xpfd.xcp.xp_t1b.mid               3.52483
xdut.xpfd.xcp.vdump                    2.22552
xdut.xpfd.xcp.xbuf.nsrc                1.24093
xdut.xpfd.xcp.xbuf.nda                 2.90784
xdut.xpfd.xcp.xbuf.psrc                2.89719
xdut.xpfd.xcp.xbuf.pda                0.603106
xdut.xlf.nr1                            2.1827
xdut.xlf.xrf1.11                        2.1827
xdut.xlf.xrf1.21                        2.1827
xdut.xlf.nr2                            2.1827
xdut.xlf.xrf2.11                        2.1827
xdut.xlf.xrf2.21                        2.1827
xdut.xlf.nr3                            2.1827
xdut.xlf.xrf3.11                        2.1827
xdut.xlf.xrf3.21                        2.1827
xdut.xlf.nz                             2.1827
xdut.xlf.xrf4.11                        2.1827
xdut.xlf.xrf4.21                        2.1827
xdut.xlf.xcf1.c_moscap_int1            -2.1827
xdut.xlf.xcf2.c_moscap_int1            -2.1827
xdut.xlf.xcf3.c_moscap_int1            -2.1827
xdut.xlf.xcf4.c_moscap_int1            -2.1827
xdut.xvco.xbias.na                    0.997936
xdut.xvco.xbias.vbpc                   2.65903
xdut.xvco.xbias.nc                    0.178048
xdut.xvco.xbias.xrcg.11               0.177766
xdut.xvco.xbias.xrcg.21            0.000281132
xdut.xvco.xbias.nsu                  0.0124178
xdut.xvco.xbias.vfix                   1.66805
xdut.xvco.xbias.nmd                   0.715858
xdut.xvco.xbias.vbp0                   2.81257
xdut.xvco.xbias.noff                  0.750987
xdut.xvco.xbias.xroff.11               0.75078
xdut.xvco.xbias.xroff.21           0.000207295
xdut.xvco.xbias.nvi                    1.12568
xdut.xvco.xbias.xrdeg.11               1.12537
xdut.xvco.xbias.xrdeg.21           0.000310721
xdut.xvco.xbias.b0b                4.97737e-08
xdut.xvco.xbias.b1b                       3.63
xdut.xvco.xbias.b2b                4.97737e-08
xdut.xvco.xbias.vbn1                  0.731757
xdut.xvco.xbias.ga                     2.81256
xdut.xvco.xbias.vbp2                    2.7927
xdut.xvco.xbias.gb                 1.36867e-08
xdut.xvco.vbn                         0.896559
xdut.xvco.xbias.gc                      2.7927
xdut.xvco.vbp                          2.57774
xdut.xvco.xs1.nh                       1.42991
xdut.xvco.y1                                 0
xdut.xvco.y5                                 0
xdut.xvco.xs1.nt                             0
xdut.xvco.xs2.nh                          3.63
xdut.xvco.y2                              3.63
xdut.xvco.xs2.nt                   2.12988e-06
xdut.xvco.xs3.nh                          3.63
xdut.xvco.y3                                 0
xdut.xvco.xs3.nt                             0
xdut.xvco.xs4.nh                          3.63
xdut.xvco.y4                              3.63
xdut.xvco.xs4.nt                   2.12988e-06
xdut.xvco.xs5.nh                          3.63
xdut.xvco.xs5.nt                             0
xdut.xvco.nb1                             3.63
xdut.xvco.nb2                      5.15821e-08
clk                                       3.63
xdut.xvco.xcdec1.c_moscap_int1           -3.63
xdut.xvco.xcdec2.c_moscap_int1           -3.63
xdut.xdiv.xd0.sb                          3.63
xdut.xdiv.mi0                             3.63
xdut.xdiv.mo0                          1.80611
xdut.xdiv.xd0.xn3.nm1                  3.13196
xdut.xdiv.xd0.xn3.nm2              5.89087e-07
xdut.xdiv.xd0.dqn                  1.15487e-07
xdut.xdiv.xd0.qb                          3.63
xdut.xdiv.xd0.xn2q.nmid            5.77434e-08
xdut.xdiv.xd0.dq                          3.63
xdut.xdiv.xd0.xfq.ckb              5.73945e-08
xdut.xdiv.xd0.xfq.ckbb                    3.63
xdut.xdiv.xd0.xfq.nm               1.02665e-06
xdut.xdiv.xd0.xfq.nma                     3.63
xdut.xdiv.xd0.xfq.nmb              5.45707e-07
xdut.xdiv.xd0.xfq.ns                      3.63
xdut.xdiv.xd0.q                    5.73945e-08
xdut.xdiv.ck1                       4.8476e-08
xdut.xdiv.xd0.nmo                         3.63
xdut.xdiv.xd0.xn2m.nmid                3.13147
xdut.xdiv.xd0.dmo                  1.93795e-07
xdut.xdiv.xd0.xfmo.ckb             5.73945e-08
xdut.xdiv.xd0.xfmo.ckbb                   3.63
xdut.xdiv.xd0.xfmo.nm                   1.8061
xdut.xdiv.xd0.xfmo.nma                  1.8061
xdut.xdiv.xd0.xfmo.nmb                  1.8061
xdut.xdiv.xd0.xfmo.ns                   1.8061
xdut.xdiv.xd0.mob                      1.80604
xdut.xdiv.xd1.sb                          3.63
xdut.xdiv.mi1                             3.63
xdut.xdiv.mo1                             3.63
xdut.xdiv.xd1.xn3.nm1                  3.13196
xdut.xdiv.xd1.xn3.nm2              3.60397e-07
xdut.xdiv.xd1.dqn                         3.63
xdut.xdiv.xd1.qb                   5.45707e-07
xdut.xdiv.xd1.xn2q.nmid             4.6295e-07
xdut.xdiv.xd1.dq                   8.03638e-08
xdut.xdiv.xd1.xfq.ckb                     3.63
xdut.xdiv.xd1.xfq.ckbb             5.73944e-08
xdut.xdiv.xd1.xfq.nm               9.59644e-08
xdut.xdiv.xd1.xfq.nma                     3.63
xdut.xdiv.xd1.xfq.nmb              6.56272e-08
xdut.xdiv.xd1.xfq.ns               1.02665e-06
xdut.xdiv.xd1.q                           3.63
xdut.xdiv.ck2                             3.63
xdut.xdiv.xd1.nmo                  1.15486e-07
xdut.xdiv.xd1.xn2m.nmid            5.77432e-08
xdut.xdiv.xd1.dmo                         3.63
xdut.xdiv.xd1.xfmo.ckb                    3.63
xdut.xdiv.xd1.xfmo.ckbb            5.73944e-08
xdut.xdiv.xd1.xfmo.nm                     3.63
xdut.xdiv.xd1.xfmo.nma             6.56268e-08
xdut.xdiv.xd1.xfmo.nmb                    3.63
xdut.xdiv.xd1.xfmo.ns              9.59638e-08
xdut.xdiv.xd1.mob                  8.03633e-08
xdut.xdiv.xd2.sb                          3.63
xdut.xdiv.mi2                             3.63
xdut.xdiv.mo2                             3.63
xdut.xdiv.xd2.xn3.nm1                  3.13196
xdut.xdiv.xd2.xn3.nm2              3.60397e-07
xdut.xdiv.xd2.dqn                         3.63
xdut.xdiv.xd2.qb                   6.56266e-08
xdut.xdiv.xd2.xn2q.nmid            4.62946e-07
xdut.xdiv.xd2.dq                   5.30975e-07
xdut.xdiv.xd2.xfq.ckb              5.73944e-08
xdut.xdiv.xd2.xfq.ckbb                    3.63
xdut.xdiv.xd2.xfq.nm                      3.63
xdut.xdiv.xd2.xfq.nma              8.03644e-08
xdut.xdiv.xd2.xfq.nmb                     3.63
xdut.xdiv.xd2.xfq.ns                9.5965e-08
xdut.xdiv.xd2.q                           3.63
xdut.xdiv.ck3                             3.63
xdut.xdiv.xd2.nmo                  1.15486e-07
xdut.xdiv.xd2.xn2m.nmid            5.77432e-08
xdut.xdiv.xd2.dmo                         3.63
xdut.xdiv.xd2.xfmo.ckb             5.73944e-08
xdut.xdiv.xd2.xfmo.ckbb                   3.63
xdut.xdiv.xd2.xfmo.nm                     3.63
xdut.xdiv.xd2.xfmo.nma             8.03634e-08
xdut.xdiv.xd2.xfmo.nmb                    3.63
xdut.xdiv.xd2.xfmo.ns              9.59639e-08
xdut.xdiv.xd2.mob                  6.56266e-08
xdut.xdiv.xd3.sb                          3.63
xdut.xdiv.mi3                      5.73949e-08
xdut.xdiv.mo3                             3.63
xdut.xdiv.xd3.xn3.nm1                0.0918909
xdut.xdiv.xd3.xn3.nm2              4.02886e-08
xdut.xdiv.xd3.dqn                  1.15486e-07
xdut.xdiv.xd3.qb                          3.63
xdut.xdiv.xd3.xn2q.nmid             5.7743e-08
xdut.xdiv.xd3.dq                          3.63
xdut.xdiv.xd3.xfq.ckb              5.73944e-08
xdut.xdiv.xd3.xfq.ckbb                    3.63
xdut.xdiv.xd3.xfq.nm               1.02665e-06
xdut.xdiv.xd3.xfq.nma                     3.63
xdut.xdiv.xd3.xfq.nmb              5.45707e-07
xdut.xdiv.xd3.xfq.ns                      3.63
xdut.xdiv.xd3.q                    5.73945e-08
xdut.xdiv.ck4                       4.8476e-08
xdut.xdiv.xd3.nmo                         3.63
xdut.xdiv.xd3.xn2m.nmid              0.0919153
xdut.xdiv.xd3.dmo                  5.30974e-07
xdut.xdiv.xd3.xfmo.ckb             5.73944e-08
xdut.xdiv.xd3.xfmo.ckbb                   3.63
xdut.xdiv.xd3.xfmo.nm                     3.63
xdut.xdiv.xd3.xfmo.nma             8.03644e-08
xdut.xdiv.xd3.xfmo.nmb                    3.63
xdut.xdiv.xd3.xfmo.ns               9.5965e-08
xdut.xdiv.xd3.mob                  6.56266e-08
xdut.xdiv.xd4.sb                          3.63
xdut.xdiv.mi4                      5.73949e-08
xdut.xdiv.mo4                      5.73945e-08
xdut.xdiv.xd4.xn3.nm1                 0.116138
xdut.xdiv.xd4.xn3.nm2                0.0249087
xdut.xdiv.xd4.dqn                         3.63
xdut.xdiv.xd4.qb                   5.45707e-07
xdut.xdiv.xd4.xn2q.nmid             4.6295e-07
xdut.xdiv.xd4.dq                   8.03638e-08
xdut.xdiv.xd4.xfq.ckb                     3.63
xdut.xdiv.xd4.xfq.ckbb             5.73944e-08
xdut.xdiv.xd4.xfq.nm               9.59644e-08
xdut.xdiv.xd4.xfq.nma                     3.63
xdut.xdiv.xd4.xfq.nmb              6.56272e-08
xdut.xdiv.xd4.xfq.ns               1.02665e-06
xdut.xdiv.xd4.q                           3.63
xdut.xdiv.ck5                             3.63
xdut.xdiv.xd4.nmo                         3.63
xdut.xdiv.xd4.xn2m.nmid            4.62945e-07
xdut.xdiv.xd4.dmo                  8.03638e-08
xdut.xdiv.xd4.xfmo.ckb                    3.63
xdut.xdiv.xd4.xfmo.ckbb            5.73944e-08
xdut.xdiv.xd4.xfmo.nm              9.59644e-08
xdut.xdiv.xd4.xfmo.nma                    3.63
xdut.xdiv.xd4.xfmo.nmb             6.56267e-08
xdut.xdiv.xd4.xfmo.ns                     3.63
xdut.xdiv.xd4.mob                         3.63
xdut.xdiv.xd5.sb                          3.63
xdut.xdiv.mo5                      5.73945e-08
xdut.xdiv.xd5.xn3.nm1                 0.116138
xdut.xdiv.xd5.xn3.nm2                0.0249087
xdut.xdiv.xd5.dqn                  1.15486e-07
xdut.xdiv.xd5.qb                          3.63
xdut.xdiv.xd5.xn2q.nmid             5.7743e-08
xdut.xdiv.xd5.dq                          3.63
xdut.xdiv.xd5.xfq.ckb              5.73944e-08
xdut.xdiv.xd5.xfq.ckbb                    3.63
xdut.xdiv.xd5.xfq.nm               1.02665e-06
xdut.xdiv.xd5.xfq.nma                     3.63
xdut.xdiv.xd5.xfq.nmb              5.45707e-07
xdut.xdiv.xd5.xfq.ns                      3.63
xdut.xdiv.xd5.q                    5.73945e-08
xdut.xdiv.ck6                       4.8476e-08
xdut.xdiv.xd5.nmo                         3.63
xdut.xdiv.xd5.xn2m.nmid              0.0919153
xdut.xdiv.xd5.dmo                  6.56262e-08
xdut.xdiv.xd5.xfmo.ckb             5.73944e-08
xdut.xdiv.xd5.xfmo.ckbb                   3.63
xdut.xdiv.xd5.xfmo.nm              9.59639e-08
xdut.xdiv.xd5.xfmo.nma                    3.63
xdut.xdiv.xd5.xfmo.nmb             8.03633e-08
xdut.xdiv.xd5.xfmo.ns                     3.63
xdut.xdiv.xd5.mob                         3.63
xdut.xdiv.xnr0.pmid                   0.659164
xdut.xdiv.nmi0                     8.66085e-08
xdut.xdiv.xnr1.pmid                   0.659164
xdut.xdiv.nmi1                     8.66085e-08
xdut.xdiv.xnr2.pmid                    3.53576
xdut.xdiv.nmi2                     7.64624e-09
xdut.xdiv.xnr3.pmid                       3.63
xdut.xdiv.nmi3                            3.63
xdut.xdiv.xnr4.pmid                       3.63
xdut.xdiv.nmi4                            3.63
xdut.xdiv.t0                              3.63
xdut.xdiv.xm0.nmid                   0.0919153
xdut.xdiv.t1                              3.63
xdut.xdiv.xm1.nmid                     3.13147
xdut.xdiv.t2                       1.15486e-07
xdut.xdiv.xm2.nmid                  5.7743e-08
xdut.xdiv.t3                              3.63
xdut.xdiv.xm3.nmid                   0.0919153
xdut.xdiv.t4                              3.63
xdut.xdiv.xm4.nmid                     3.13147
xdut.xdiv.t5                              3.63
xdut.xdiv.xm5.nmid                   0.0919153
xdut.xdiv.ma                              3.63
xdut.xdiv.xma.nm1                      3.13194
xdut.xdiv.xma.nm2                      3.09142
xdut.xdiv.mb                       1.72959e-07
xdut.xdiv.xmb.nm1                  1.15306e-07
xdut.xdiv.xmb.nm2                   5.7653e-08
xdut.xdiv.xmno.pmid                   0.659165
xdut.xdiv.divoutb                  8.66096e-08
divout                                    3.63
xdut.xdiv.xfrt.ckb                 5.73945e-08
xdut.xdiv.xfrt.ckbb                       3.63
xdut.xdiv.xfrt.nm                       1.8061
xdut.xdiv.xfrt.nma                      1.8061
xdut.xdiv.xfrt.nmb                      1.8061
xdut.xdiv.xfrt.ns                       1.8061
xdut.xdiv.fbb                           1.8061
xdut.xld.xerr.n1                          3.63
xdut.xld.xerr.xg1.nmid             4.62946e-07
xdut.xld.xerr.n2                          3.63
xdut.xld.xerr.xg2.nmid             4.62946e-07
xdut.xld.xerr.n3                   1.15487e-07
xdut.xld.xerr.xg3.nmid             5.77433e-08
xdut.xld.err                              3.63
xdut.xld.xerr.xg4.nmid                 3.13146
xdut.xld.xdly.d1                   5.73947e-08
xdut.xld.xdly.d2                          3.63
xdut.xld.xdly.d3                   5.73944e-08
xdut.xld.errd                             3.63
xdut.xld.wideb                     1.15487e-07
xdut.xld.xnw.nmid                  5.77434e-08
xdut.xld.wide                             3.63
xdut.vwin                           0.00140319
xdut.xld.xsch.p1                          3.63
xdut.xld.lockb                            3.63
xdut.xld.xsch.n1                       3.11729
lock                                5.7394e-08
e.xdut.xvco.xcdec2.ec_moscap#branch        3.63e-12
e.xdut.xvco.xcdec1.ec_moscap#branch        3.63e-12
e.xdut.xlf.xcf4.ec_moscap#branch      2.1827e-12
e.xdut.xlf.xcf3.ec_moscap#branch      2.1827e-12
e.xdut.xlf.xcf2.ec_moscap#branch      2.1827e-12
e.xdut.xlf.xcf1.ec_moscap#branch      2.1827e-12
vforce#branch                      -2.1827e-12
vs5#branch                                   0
vs4#branch                                   0
vs3#branch                                   0
vs2#branch                           -3.63e-12
vs1#branch                                   0
vs0#branch                                   0
vp5#branch                                   0
vp4#branch                                   0
vp3#branch                                   0
vp2#branch                                   0
vp1#branch                                   0
vp0#branch                                   0
vcpb1#branch                         -3.63e-12
vcpb0#branch                                 0
vb2#branch                           -3.63e-12
vb1#branch                                   0
vb0#branch                           -3.63e-12
vref#branch                                  0
vvss#branch                         0.00152942
vgndvco#branch                     0.000151689
vvdddiv#branch                     -0.00127981
vvddvco#branch                    -0.000194994
vvdd#branch                       -0.000260182


No. of Data Rows : 145904

  Measurements for Transient Analysis

phi_a               =  1.39992e-09 targ=  6.44150e-06 trig=  6.44010e-06
phi_b               =  1.01935e-09 targ=  9.64112e-06 trig=  9.64010e-06
dphi                =  -3.80575e-10
ferr                =  1.18930e-04
tup_r1              =   9.64053e-06
tup_f1              =   9.64348e-06
tdn_r1              =   9.64152e-06
tdn_f1              =   9.64347e-06
wup1                =  2.94950e-09
wdn1                =  1.94965e-09
skew1               =  9.99845e-10
tup_r2              =   9.80053e-06
tup_f2              =   9.80345e-06
tdn_r2              =   9.80150e-06
tdn_f2              =   9.80344e-06
skew2               =  9.79359e-10
tup_r3              =   9.96053e-06
tup_f3              =   9.96342e-06
tdn_r3              =   9.96147e-06
tdn_f3              =   9.96341e-06
skew3               =  9.53166e-10
tclkn               =  9.99872e-07 targ=  1.06007e-05 trig=  9.60083e-06
fout                =  1.00013e+08
tfb20               =  7.99893e-07 targ=  1.04410e-05 trig=  9.64112e-06
ffb                 =  1.25017e+07
nmeas               =  7.99995e+00
vctrl_avg           =  2.18289e+00 from=  6.40000e-06 to=  1.20000e-05
vctrl_min           =  2.18034e+00 at=  1.18832e-05
vctrl_max           =  2.18644e+00 at=  1.14006e-05
vctrl_a             =  2.18293e+00
vctrl_b             =  2.18301e+00
lock_lvl            =  3.63000e+00 from=  9.60000e-06 to=  1.20000e-05
i_core              =  -1.16050e-04 from=  6.40000e-06 to=  1.20000e-05
i_vco               =  -2.74016e-04 from=  6.40000e-06 to=  1.20000e-05
i_div               =  -1.44466e-04 from=  6.40000e-06 to=  1.20000e-05
i_gvco              =  2.74016e-04 from=  6.40000e-06 to=  1.20000e-05
i_vss               =  2.44509e-04 from=  6.40000e-06 to=  1.20000e-05
i_core_pk           =  -2.13178e-03 at=  6.44199e-06
i_vco_pk            =  -2.18041e-03 at=  6.59117e-06
i_div_pk            =  -2.60372e-03 at=  1.16321e-05

Doing analysis at TEMP = 125.000000 and TNOM = 27.000000

Using SPARSE 1.3 as Direct Linear Solver

  Measurements for Transient Analysis

phi_a               =  1.39992e-09 targ=  6.44150e-06 trig=  6.44010e-06
phi_b               =  1.01935e-09 targ=  9.64112e-06 trig=  9.64010e-06
Error in netlist line no. 1972, new internal line no. 955:

insertnumber: fails.
  s = ".meas tran dphi param=   -3.805746529311901e-10   " u=" -3.805746529311901e-10  " id=0
dphi                =   failed
Error in netlist line no. 1973, new internal line no. 956:

insertnumber: fails.
  s = ".meas tran ferr param=    1.189295790409969e-04   " u="  1.189295790409969e-04  " id=0
ferr                =   failed
tup_r1              =   9.64053e-06
tup_f1              =   9.64348e-06
tdn_r1              =   9.64152e-06
tdn_f1              =   9.64347e-06
Error in netlist line no. 2002, new internal line no. 986:

insertnumber: fails.
  s = ".meas tran wup1 param=    2.949496224316752e-09   " u="  2.949496224316752e-09  " id=0
wup1                =   failed
Error in netlist line no. 2003, new internal line no. 987:

insertnumber: fails.
  s = ".meas tran wdn1 param=    1.949651304595316e-09   " u="  1.949651304595316e-09  " id=0
wdn1                =   failed
Error in netlist line no. 2004, new internal line no. 988:

insertnumber: fails.
  s = ".meas tran skew1 param=    9.998449197214359e-10   " u="  9.998449197214359e-10  " id=0
skew1               =   failed
tup_r2              =   9.80053e-06
tup_f2              =   9.80345e-06
tdn_r2              =   9.80150e-06
tdn_f2              =   9.80344e-06
Error in netlist line no. 2009, new internal line no. 994:

insertnumber: fails.
  s = ".meas tran skew2 param=    9.793594517072690e-10   " u="  9.793594517072690e-10  " id=0
skew2               =   failed
tup_r3              =   9.96053e-06
tup_f3              =   9.96342e-06
tdn_r3              =   9.96147e-06
tdn_f3              =   9.96341e-06
Error in netlist line no. 2014, new internal line no. 1000:

insertnumber: fails.
  s = ".meas tran skew3 param=    9.531655590696030e-10   " u="  9.531655590696030e-10  " id=0
skew3               =   failed
tclkn               =  9.99872e-07 targ=  1.06007e-05 trig=  9.60083e-06
Error in netlist line no. 2022, new internal line no. 1009:

insertnumber: fails.
  s = ".meas tran fout param=    1.000127566429463e+08   " u="  1.000127566429463e+08  " id=0
fout                =   failed
tfb20               =  7.99893e-07 targ=  1.04410e-05 trig=  9.64112e-06
Error in netlist line no. 2027, new internal line no. 1015:

insertnumber: fails.
  s = ".meas tran ffb param=    1.250167792100682e+07   " u="  1.250167792100682e+07  " id=0
ffb                 =   failed
Error in netlist line no. 2028, new internal line no. 1016:

insertnumber: fails.
  s = ".meas tran nmeas param=    7.999946669150135e+00   " u="  7.999946669150135e+00  " id=0
nmeas               =   failed
vctrl_avg           =  2.18289e+00 from=  6.40000e-06 to=  1.20000e-05
vctrl_min           =  2.18034e+00 at=  1.18832e-05
vctrl_max           =  2.18644e+00 at=  1.14006e-05
vctrl_a             =  2.18293e+00
vctrl_b             =  2.18301e+00
lock_lvl            =  3.63000e+00 from=  9.60000e-06 to=  1.20000e-05
i_core              =  -1.16050e-04 from=  6.40000e-06 to=  1.20000e-05
i_vco               =  -2.74016e-04 from=  6.40000e-06 to=  1.20000e-05
i_div               =  -1.44466e-04 from=  6.40000e-06 to=  1.20000e-05
i_gvco              =  2.74016e-04 from=  6.40000e-06 to=  1.20000e-05
i_vss               =  2.44509e-04 from=  6.40000e-06 to=  1.20000e-05
i_core_pk           =  -2.13178e-03 at=  6.44199e-06
i_vco_pk            =  -2.18041e-03 at=  6.59117e-06
i_div_pk            =  -2.60372e-03 at=  1.16321e-05


Total analysis time (seconds) = 11464.7

Total elapsed time (seconds) = 11470.709 

Total DRAM available = 98304.000 MB.
DRAM currently available = 36404.562 MB.
Maximum ngspice program size =  540.797 MB.
Current ngspice program size =  540.797 MB.

